npm warn "Graph3D" is being parsed as a normal command line argument.
npm warn Unknown cli config "--run". This will stop working in the next major version of npm.

> frontend@0.0.1 test:unit
> vitest run Graph3D

5:55:50 PM [vite-plugin-svelte] WARNING: The following packages have a svelte field in their package.json but no exports condition for svelte.

svelte-virtual-list@3.0.1

Please see https://github.com/sveltejs/vite-plugin-svelte/blob/main/docs/faq.md#missing-exports-condition for details.

[1m[46m RUN [49m[22m [36mv3.2.4 [39m[90mD:/knowledge-graph/frontend[39m

[90mstdout[2m | src/lib/components/Graph3D.spec.ts[2m > [22m[2mGraph3D[2m > [22m[2mrenders canvas element
[22m[39m[Graph3D] Data changed: {
  nodesLen: [33m3[39m,
  linksLen: [33m1[39m,
  key: [33m1776869755652[39m,
  timestamp: [33m1776869754649[39m
}
[Graph3D] Initializing scene...
[Graph3D] Animation loop started
[Graph3D] Scene initialized, isInitialized = true
[Graph3D] Initial data available, creating simulation: [33m3[39m nodes
[Graph3D] createGraphSimulation called: { hasObjectManager: [33mtrue[39m, hasScene: [33mtrue[39m, nodeCount: [33m3[39m, linkCount: [33m1[39m }
[Graph3D] Clearing existing objects...
[Graph3D] Calling createSimulation...
[Graph3D] Simulation created, setting up event handlers...
[Graph3D] Data changed: {
  nodesLen: [33m3[39m,
  linksLen: [33m1[39m,
  key: [33m1776869755656[39m,
  timestamp: [33m1776869754653[39m
}
[Graph3D] Creating simulation: [33m3[39m nodes
[Graph3D] createGraphSimulation called: { hasObjectManager: [33mtrue[39m, hasScene: [33mtrue[39m, nodeCount: [33m3[39m, linkCount: [33m1[39m }
[Graph3D] Clearing existing objects...
[Graph3D] Calling createSimulation...
[Graph3D] Simulation created, setting up event handlers...
[Graph3D] Data changed: {
  nodesLen: [33m3[39m,
  linksLen: [33m1[39m,
  key: [33m1776869755657[39m,
  timestamp: [33m1776869754654[39m
}
[Graph3D] Creating simulation: [33m3[39m nodes
[Graph3D] createGraphSimulation called: { hasObjectManager: [33mtrue[39m, hasScene: [33mtrue[39m, nodeCount: [33m3[39m, linkCount: [33m1[39m }
[Graph3D] Clearing existing objects...
[Graph3D] Calling createSimulation...
[Graph3D] Simulation created, setting up event handlers...
[Graph3D] Data changed: {
  nodesLen: [33m3[39m,
  linksLen: [33m1[39m,
  key: [33m1776869755684[39m,
  timestamp: [33m1776869754681[39m
}
[Graph3D] Creating simulation: [33m3[39m nodes
[Graph3D] createGraphSimulation called: { hasObjectManager: [33mtrue[39m, hasScene: [33mtrue[39m, nodeCount: [33m3[39m, linkCount: [33m1[39m }
[Graph3D] Clearing existing objects...
[Graph3D] Calling createSimulation...
[Graph3D] Simulation created, setting up event handlers...
[Graph3D] Data changed: {
  nodesLen: [33m3[39m,
  linksLen: [33m1[39m,
  key: [33m1776869755685[39m,
  timestamp: [33m1776869754682[39m
}
[Graph3D] Creating simulation: [33m3[39m nodes
[Graph3D] createGraphSimulation called: { hasObjectManager: [33mtrue[39m, hasScene: [33mtrue[39m, nodeCount: [33m3[39m, linkCount: [33m1[39m }
[Graph3D] Clearing existing objects...
[Graph3D] Calling createSimulation...
[Graph3D] Simulation created, setting up event handlers...
[Graph3D] Data changed: {
  nodesLen: [33m3[39m,
  linksLen: [33m1[39m,
  key: [33m1776869755686[39m,
  timestamp: [33m1776869754683[39m
}
[Graph3D] Creating simulation: [33m3[39m nodes
[Graph3D] createGraphSimulation called: { hasObjectManager: [33mtrue[39m, hasScene: [33mtrue[39m, nodeCount: [33m3[39m, linkCount: [33m1[39m }
[Graph3D] Clearing existing objects...
[Graph3D] Calling createSimulation...
[Graph3D] Simulation created, setting up event handlers...
[Graph3D] Data changed: {
  nodesLen: [33m3[39m,
  linksLen: [33m1[39m,
  key: [33m1776869755692[39m,
  timestamp: [33m1776869754689[39m
}
[Graph3D] Creating simulation: [33m3[39m nodes
[Graph3D] createGraphSimulation called: { hasObjectManager: [33mtrue[39m, hasScene: [33mtrue[39m, nodeCount: [33m3[39m, linkCount: [33m1[39m }
[Graph3D] Clearing existing objects...
[Graph3D] Calling createSimulation...
[Graph3D] Simulation created, setting up event handlers...
[Graph3D] Data changed: {
  nodesLen: [33m3[39m,
  linksLen: [33m1[39m,
  key: [33m1776869755697[39m,
  timestamp: [33m1776869754694[39m
}
[Graph3D] Creating simulation: [33m3[39m nodes
[Graph3D] createGraphSimulation called: { hasObjectManager: [33mtrue[39m, hasScene: [33mtrue[39m, nodeCount: [33m3[39m, linkCount: [33m1[39m }
[Graph3D] Clearing existing objects...
[Graph3D] Calling createSimulation...
[Graph3D] Simulation created, setting up event handlers...
[Graph3D] Data changed: {
  nodesLen: [33m3[39m,
  linksLen: [33m1[39m,
  key: [33m1776869755707[39m,
  timestamp: [33m1776869754704[39m
}
[Graph3D] Creating simulation: [33m3[39m nodes
[Graph3D] createGraphSimulation called: { hasObjectManager: [33mtrue[39m, hasScene: [33mtrue[39m, nodeCount: [33m3[39m, linkCount: [33m1[39m }
[Graph3D] Clearing existing objects...
[Graph3D] Calling createSimulation...
[Graph3D] Simulation created, setting up event handlers...
[Graph3D] Data changed: {
  nodesLen: [33m3[39m,
  linksLen: [33m1[39m,
  key: [33m1776869755712[39m,
  timestamp: [33m1776869754709[39m
}
[Graph3D] Creating simulation: [33m3[39m nodes
[Graph3D] createGraphSimulation called: { hasObjectManager: [33mtrue[39m, hasScene: [33mtrue[39m, nodeCount: [33m3[39m, linkCount: [33m1[39m }
[Graph3D] Clearing existing objects...
[Graph3D] Calling createSimulation...
[Graph3D] Simulation created, setting up event handlers...
[Graph3D] Data changed: {
  nodesLen: [33m3[39m,
  linksLen: [33m1[39m,
  key: [33m1776869755716[39m,
  timestamp: [33m1776869754713[39m
}
[Graph3D] Creating simulation: [33m3[39m nodes
[Graph3D] createGraphSimulation called: { hasObjectManager: [33mtrue[39m, hasScene: [33mtrue[39m, nodeCount: [33m3[39m, linkCount: [33m1[39m }
[Graph3D] Clearing existing objects...
[Graph3D] Calling createSimulation...
[Graph3D] Simulation created, setting up event handlers...
[Graph3D] Data changed: {
  nodesLen: [33m3[39m,
  linksLen: [33m1[39m,
  key: [33m1776869755720[39m,
  timestamp: [33m1776869754717[39m
}
[Graph3D] Creating simulation: [33m3[39m nodes
[Graph3D] createGraphSimulation called: { hasObjectManager: [33mtrue[39m, hasScene: [33mtrue[39m, nodeCount: [33m3[39m, linkCount: [33m1[39m }
[Graph3D] Clearing existing objects...
[Graph3D] Calling createSimulation...
[Graph3D] Simulation created, setting up event handlers...
[Graph3D] Data changed: {
  nodesLen: [33m3[39m,
  linksLen: [33m1[39m,
  key: [33m1776869755724[39m,
  timestamp: [33m1776869754721[39m
}
[Graph3D] Creating simulation: [33m3[39m nodes
[Graph3D] createGraphSimulation called: { hasObjectManager: [33mtrue[39m, hasScene: [33mtrue[39m, nodeCount: [33m3[39m, linkCount: [33m1[39m }
[Graph3D] Clearing existing objects...
[Graph3D] Calling createSimulation...
[Graph3D] Simulation created, setting up event handlers...
[Graph3D] Data changed: {
  nodesLen: [33m3[39m,
  linksLen: [33m1[39m,
  key: [33m1776869755734[39m,
  timestamp: [33m1776869754731[39m
}
[Graph3D] Creating simulation: [33m3[39m nodes
[Graph3D] createGraphSimulation called: { hasObjectManager: [33mtrue[39m, hasScene: [33mtrue[39m, nodeCount: [33m3[39m, linkCount: [33m1[39m }
[Graph3D] Clearing existing objects...
[Graph3D] Calling createSimulation...
[Graph3D] Simulation created, setting up event handlers...
[Graph3D] Data changed: {
  nodesLen: [33m3[39m,
  linksLen: [33m1[39m,
  key: [33m1776869755739[39m,
  timestamp: [33m1776869754736[39m
}
[Graph3D] Creating simulation: [33m3[39m nodes
[Graph3D] createGraphSimulation called: { hasObjectManager: [33mtrue[39m, hasScene: [33mtrue[39m, nodeCount: [33m3[39m, linkCount: [33m1[39m }
[Graph3D] Clearing existing objects...
[Graph3D] Calling createSimulation...
[Graph3D] Simulation created, setting up event handlers...
[Graph3D] Data changed: {
  nodesLen: [33m3[39m,
  linksLen: [33m1[39m,
  key: [33m1776869755744[39m,
  timestamp: [33m1776869754741[39m
}
[Graph3D] Creating simulation: [33m3[39m nodes
[Graph3D] createGraphSimulation called: { hasObjectManager: [33mtrue[39m, hasScene: [33mtrue[39m, nodeCount: [33m3[39m, linkCount: [33m1[39m }
[Graph3D] Clearing existing objects...
[Graph3D] Calling createSimulation...
[Graph3D] Simulation created, setting up event handlers...
[Graph3D] Data changed: {
  nodesLen: [33m3[39m,
  linksLen: [33m1[39m,
  key: [33m1776869755748[39m,
  timestamp: [33m1776869754745[39m
}
[Graph3D] Creating simulation: [33m3[39m nodes
[Graph3D] createGraphSimulation called: { hasObjectManager: [33mtrue[39m, hasScene: [33mtrue[39m, nodeCount: [33m3[39m, linkCount: [33m1[39m }
[Graph3D] Clearing existing objects...
[Graph3D] Calling createSimulation...
[Graph3D] Simulation created, setting up event handlers...
[Graph3D] Data changed: {
  nodesLen: [33m3[39m,
  linksLen: [33m1[39m,
  key: [33m1776869755761[39m,
  timestamp: [33m1776869754758[39m
}
[Graph3D] Creating simulation: [33m3[39m nodes
[Graph3D] createGraphSimulation called: { hasObjectManager: [33mtrue[39m, hasScene: [33mtrue[39m, nodeCount: [33m3[39m, linkCount: [33m1[39m }
[Graph3D] Clearing existing objects...
[Graph3D] Calling createSimulation...
[Graph3D] Simulation created, setting up event handlers...
[Graph3D] Data changed: {
  nodesLen: [33m3[39m,
  linksLen: [33m1[39m,
  key: [33m1776869755769[39m,
  timestamp: [33m1776869754766[39m
}
[Graph3D] Creating simulation: [33m3[39m nodes
[Graph3D] createGraphSimulation called: { hasObjectManager: [33mtrue[39m, hasScene: [33mtrue[39m, nodeCount: [33m3[39m, linkCount: [33m1[39m }
[Graph3D] Clearing existing objects...
[Graph3D] Calling createSimulation...
[Graph3D] Simulation created, setting up event handlers...
[Graph3D] Data changed: {
  nodesLen: [33m3[39m,
  linksLen: [33m1[39m,
  key: [33m1776869755775[39m,
  timestamp: [33m1776869754772[39m
}
[Graph3D] Creating simulation: [33m3[39m nodes
[Graph3D] createGraphSimulation called: { hasObjectManager: [33mtrue[39m, hasScene: [33mtrue[39m, nodeCount: [33m3[39m, linkCount: [33m1[39m }
[Graph3D] Clearing existing objects...
[Graph3D] Calling createSimulation...
[Graph3D] Simulation created, setting up event handlers...
[Graph3D] Data changed: {
  nodesLen: [33m3[39m,
  linksLen: [33m1[39m,
  key: [33m1776869755785[39m,
  timestamp: [33m1776869754782[39m
}
[Graph3D] Creating simulation: [33m3[39m nodes
[Graph3D] createGraphSimulation called: { hasObjectManager: [33mtrue[39m, hasScene: [33mtrue[39m, nodeCount: [33m3[39m, linkCount: [33m1[39m }
[Graph3D] Clearing existing objects...
[Graph3D] Calling createSimulation...
[Graph3D] Simulation created, setting up event handlers...
[Graph3D] Data changed: {
  nodesLen: [33m3[39m,
  linksLen: [33m1[39m,
  key: [33m1776869755795[39m,
  timestamp: [33m1776869754792[39m
}
[Graph3D] Creating simulation: [33m3[39m nodes
[Graph3D] createGraphSimulation called: { hasObjectManager: [33mtrue[39m, hasScene: [33mtrue[39m, nodeCount: [33m3[39m, linkCount: [33m1[39m }
[Graph3D] Clearing existing objects...
[Graph3D] Calling createSimulation...
[Graph3D] Simulation created, setting up event handlers...
[Graph3D] Data changed: {
  nodesLen: [33m3[39m,
  linksLen: [33m1[39m,
  key: [33m1776869755799[39m,
  timestamp: [33m1776869754796[39m
}
[Graph3D] Creating simulation: [33m3[39m nodes
[Graph3D] createGraphSimulation called: { hasObjectManager: [33mtrue[39m, hasScene: [33mtrue[39m, nodeCount: [33m3[39m, linkCount: [33m1[39m }
[Graph3D] Clearing existing objects...
[Graph3D] Calling createSimulation...
[Graph3D] Simulation created, setting up event handlers...
[Graph3D] Data changed: {
  nodesLen: [33m3[39m,
  linksLen: [33m1[39m,
  key: [33m1776869755804[39m,
  timestamp: [33m1776869754801[39m
}
[Graph3D] Creating simulation: [33m3[39m nodes
[Graph3D] createGraphSimulation called: { hasObjectManager: [33mtrue[39m, hasScene: [33mtrue[39m, nodeCount: [33m3[39m, linkCount: [33m1[39m }
[Graph3D] Clearing existing objects...
[Graph3D] Calling createSimulation...
[Graph3D] Simulation created, setting up event handlers...
[Graph3D] Data changed: {
  nodesLen: [33m3[39m,
  linksLen: [33m1[39m,
  key: [33m1776869755815[39m,
  timestamp: [33m1776869754812[39m
}
[Graph3D] Creating simulation: [33m3[39m nodes
[Graph3D] createGraphSimulation called: { hasObjectManager: [33mtrue[39m, hasScene: [33mtrue[39m, nodeCount: [33m3[39m, linkCount: [33m1[39m }
[Graph3D] Clearing existing objects...
[Graph3D] Calling createSimulation...
[Graph3D] Simulation created, setting up event handlers...
[Graph3D] Data changed: {
  nodesLen: [33m3[39m,
  linksLen: [33m1[39m,
  key: [33m1776869755825[39m,
  timestamp: [33m1776869754822[39m
}
[Graph3D] Creating simulation: [33m3[39m nodes
[Graph3D] createGraphSimulation called: { hasObjectManager: [33mtrue[39m, hasScene: [33mtrue[39m, nodeCount: [33m3[39m, linkCount: [33m1[39m }
[Graph3D] Clearing existing objects...
[Graph3D] Calling createSimulation...
[Graph3D] Simulation created, setting up event handlers...
[Graph3D] Data changed: {
  nodesLen: [33m3[39m,
  linksLen: [33m1[39m,
  key: [33m1776869755832[39m,
  timestamp: [33m1776869754829[39m
}
[Graph3D] Creating simulation: [33m3[39m nodes
[Graph3D] createGraphSimulation called: { hasObjectManager: [33mtrue[39m, hasScene: [33mtrue[39m, nodeCount: [33m3[39m, linkCount: [33m1[39m }
[Graph3D] Clearing existing objects...
[Graph3D] Calling createSimulation...
[Graph3D] Simulation created, setting up event handlers...
[Graph3D] Data changed: {
  nodesLen: [33m3[39m,
  linksLen: [33m1[39m,
  key: [33m1776869755847[39m,
  timestamp: [33m1776869754844[39m
}
[Graph3D] Creating simulation: [33m3[39m nodes
[Graph3D] createGraphSimulation called: { hasObjectManager: [33mtrue[39m, hasScene: [33mtrue[39m, nodeCount: [33m3[39m, linkCount: [33m1[39m }
[Graph3D] Clearing existing objects...
[Graph3D] Calling createSimulation...
[Graph3D] Simulation created, setting up event handlers...
[Graph3D] Data changed: {
  nodesLen: [33m3[39m,
  linksLen: [33m1[39m,
  key: [33m1776869755852[39m,
  timestamp: [33m1776869754849[39m
}
[Graph3D] Creating simulation: [33m3[39m nodes
[Graph3D] createGraphSimulation called: { hasObjectManager: [33mtrue[39m, hasScene: [33mtrue[39m, nodeCount: [33m3[39m, linkCount: [33m1[39m }
[Graph3D] Clearing existing objects...
[Graph3D] Calling createSimulation...
[Graph3D] Simulation created, setting up event handlers...
[Graph3D] Data changed: {
  nodesLen: [33m3[39m,
  linksLen: [33m1[39m,
  key: [33m1776869755857[39m,
  timestamp: [33m1776869754854[39m
}
[Graph3D] Creating simulation: [33m3[39m nodes
[Graph3D] createGraphSimulation called: { hasObjectManager: [33mtrue[39m, hasScene: [33mtrue[39m, nodeCount: [33m3[39m, linkCount: [33m1[39m }
[Graph3D] Clearing existing objects...
[Graph3D] Calling createSimulation...
[Graph3D] Simulation created, setting up event handlers...
[Graph3D] Data changed: {
  nodesLen: [33m3[39m,
  linksLen: [33m1[39m,
  key: [33m1776869755861[39m,
  timestamp: [33m1776869754858[39m
}
[Graph3D] Creating simulation: [33m3[39m nodes
[Graph3D] createGraphSimulation called: { hasObjectManager: [33mtrue[39m, hasScene: [33mtrue[39m, nodeCount: [33m3[39m, linkCount: [33m1[39m }
[Graph3D] Clearing existing objects...
[Graph3D] Calling createSimulation...
[Graph3D] Simulation created, setting up event handlers...
[Graph3D] Data changed: {
  nodesLen: [33m3[39m,
  linksLen: [33m1[39m,
  key: [33m1776869755868[39m,
  timestamp: [33m1776869754865[39m
}
[Graph3D] Creating simulation: [33m3[39m nodes
[Graph3D] createGraphSimulation called: { hasObjectManager: [33mtrue[39m, hasScene: [33mtrue[39m, nodeCount: [33m3[39m, linkCount: [33m1[39m }
[Graph3D] Clearing existing objects...
[Graph3D] Calling createSimulation...
[Graph3D] Simulation created, setting up event handlers...
[Graph3D] Data changed: {
  nodesLen: [33m3[39m,
  linksLen: [33m1[39m,
  key: [33m1776869755873[39m,
  timestamp: [33m1776869754870[39m
}
[Graph3D] Creating simulation: [33m3[39m nodes
[Graph3D] createGraphSimulation called: { hasObjectManager: [33mtrue[39m, hasScene: [33mtrue[39m, nodeCount: [33m3[39m, linkCount: [33m1[39m }
[Graph3D] Clearing existing objects...
[Graph3D] Calling createSimulation...
[Graph3D] Simulation created, setting up event handlers...
[Graph3D] Data changed: {
  nodesLen: [33m3[39m,
  linksLen: [33m1[39m,
  key: [33m1776869755879[39m,
  timestamp: [33m1776869754876[39m
}
[Graph3D] Creating simulation: [33m3[39m nodes
[Graph3D] createGraphSimulation called: { hasObjectManager: [33mtrue[39m, hasScene: [33mtrue[39m, nodeCount: [33m3[39m, linkCount: [33m1[39m }
[Graph3D] Clearing existing objects...
[Graph3D] Calling createSimulation...
[Graph3D] Simulation created, setting up event handlers...
[Graph3D] Data changed: {
  nodesLen: [33m3[39m,
  linksLen: [33m1[39m,
  key: [33m1776869755885[39m,
  timestamp: [33m1776869754882[39m
}
[Graph3D] Creating simulation: [33m3[39m nodes
[Graph3D] createGraphSimulation called: { hasObjectManager: [33mtrue[39m, hasScene: [33mtrue[39m, nodeCount: [33m3[39m, linkCount: [33m1[39m }
[Graph3D] Clearing existing objects...
[Graph3D] Calling createSimulation...
[Graph3D] Simulation created, setting up event handlers...
[Graph3D] Data changed: {
  nodesLen: [33m3[39m,
  linksLen: [33m1[39m,
  key: [33m1776869755893[39m,
  timestamp: [33m1776869754890[39m
}
[Graph3D] Creating simulation: [33m3[39m nodes
[Graph3D] createGraphSimulation called: { hasObjectManager: [33mtrue[39m, hasScene: [33mtrue[39m, nodeCount: [33m3[39m, linkCount: [33m1[39m }
[Graph3D] Clearing existing objects...
[Graph3D] Calling createSimulation...
[Graph3D] Simulation created, setting up event handlers...
[Graph3D] Data changed: {
  nodesLen: [33m3[39m,
  linksLen: [33m1[39m,
  key: [33m1776869755899[39m,
  timestamp: [33m1776869754896[39m
}
[Graph3D] Creating simulation: [33m3[39m nodes
[Graph3D] createGraphSimulation called: { hasObjectManager: [33mtrue[39m, hasScene: [33mtrue[39m, nodeCount: [33m3[39m, linkCount: [33m1[39m }
[Graph3D] Clearing existing objects...
[Graph3D] Calling createSimulation...
[Graph3D] Simulation created, setting up event handlers...
[Graph3D] Data changed: {
  nodesLen: [33m3[39m,
  linksLen: [33m1[39m,
  key: [33m1776869755904[39m,
  timestamp: [33m1776869754901[39m
}
[Graph3D] Creating simulation: [33m3[39m nodes
[Graph3D] createGraphSimulation called: { hasObjectManager: [33mtrue[39m, hasScene: [33mtrue[39m, nodeCount: [33m3[39m, linkCount: [33m1[39m }
[Graph3D] Clearing existing objects...
[Graph3D] Calling createSimulation...
[Graph3D] Simulation created, setting up event handlers...
[Graph3D] Data changed: {
  nodesLen: [33m3[39m,
  linksLen: [33m1[39m,
  key: [33m1776869755910[39m,
  timestamp: [33m1776869754907[39m
}
[Graph3D] Creating simulation: [33m3[39m nodes
[Graph3D] createGraphSimulation called: { hasObjectManager: [33mtrue[39m, hasScene: [33mtrue[39m, nodeCount: [33m3[39m, linkCount: [33m1[39m }
[Graph3D] Clearing existing objects...
[Graph3D] Calling createSimulation...
[Graph3D] Simulation created, setting up event handlers...
[Graph3D] Data changed: {
  nodesLen: [33m3[39m,
  linksLen: [33m1[39m,
  key: [33m1776869755919[39m,
  timestamp: [33m1776869754916[39m
}
[Graph3D] Creating simulation: [33m3[39m nodes
[Graph3D] createGraphSimulation called: { hasObjectManager: [33mtrue[39m, hasScene: [33mtrue[39m, nodeCount: [33m3[39m, linkCount: [33m1[39m }
[Graph3D] Clearing existing objects...
[Graph3D] Calling createSimulation...
[Graph3D] Simulation created, setting up event handlers...
[Graph3D] Data changed: {
  nodesLen: [33m3[39m,
  linksLen: [33m1[39m,
  key: [33m1776869755924[39m,
  timestamp: [33m1776869754921[39m
}
[Graph3D] Creating simulation: [33m3[39m nodes
[Graph3D] createGraphSimulation called: { hasObjectManager: [33mtrue[39m, hasScene: [33mtrue[39m, nodeCount: [33m3[39m, linkCount: [33m1[39m }
[Graph3D] Clearing existing objects...
[Graph3D] Calling createSimulation...
[Graph3D] Simulation created, setting up event handlers...
[Graph3D] Data changed: {
  nodesLen: [33m3[39m,
  linksLen: [33m1[39m,
  key: [33m1776869755931[39m,
  timestamp: [33m1776869754928[39m
}
[Graph3D] Creating simulation: [33m3[39m nodes
[Graph3D] createGraphSimulation called: { hasObjectManager: [33mtrue[39m, hasScene: [33mtrue[39m, nodeCount: [33m3[39m, linkCount: [33m1[39m }
[Graph3D] Clearing existing objects...
[Graph3D] Calling createSimulation...
[Graph3D] Simulation created, setting up event handlers...
[Graph3D] Data changed: {
  nodesLen: [33m3[39m,
  linksLen: [33m1[39m,
  key: [33m1776869755936[39m,
  timestamp: [33m1776869754933[39m
}
[Graph3D] Creating simulation: [33m3[39m nodes
[Graph3D] createGraphSimulation called: { hasObjectManager: [33mtrue[39m, hasScene: [33mtrue[39m, nodeCount: [33m3[39m, linkCount: [33m1[39m }
[Graph3D] Clearing existing objects...
[Graph3D] Calling createSimulation...
[Graph3D] Simulation created, setting up event handlers...
[Graph3D] Data changed: {
  nodesLen: [33m3[39m,
  linksLen: [33m1[39m,
  key: [33m1776869755943[39m,
  timestamp: [33m1776869754940[39m
}
[Graph3D] Creating simulation: [33m3[39m nodes
[Graph3D] createGraphSimulation called: { hasObjectManager: [33mtrue[39m, hasScene: [33mtrue[39m, nodeCount: [33m3[39m, linkCount: [33m1[39m }
[Graph3D] Clearing existing objects...
[Graph3D] Calling createSimulation...
[Graph3D] Simulation created, setting up event handlers...
[Graph3D] Data changed: {
  nodesLen: [33m3[39m,
  linksLen: [33m1[39m,
  key: [33m1776869755949[39m,
  timestamp: [33m1776869754946[39m
}
[Graph3D] Creating simulation: [33m3[39m nodes
[Graph3D] createGraphSimulation called: { hasObjectManager: [33mtrue[39m, hasScene: [33mtrue[39m, nodeCount: [33m3[39m, linkCount: [33m1[39m }
[Graph3D] Clearing existing objects...
[Graph3D] Calling createSimulation...
[Graph3D] Simulation created, setting up event handlers...
[Graph3D] Data changed: {
  nodesLen: [33m3[39m,
  linksLen: [33m1[39m,
  key: [33m1776869755955[39m,
  timestamp: [33m1776869754952[39m
}
[Graph3D] Creating simulation: [33m3[39m nodes
[Graph3D] createGraphSimulation called: { hasObjectManager: [33mtrue[39m, hasScene: [33mtrue[39m, nodeCount: [33m3[39m, linkCount: [33m1[39m }
[Graph3D] Clearing existing objects...
[Graph3D] Calling createSimulation...
[Graph3D] Simulation created, setting up event handlers...
[Graph3D] Data changed: {
  nodesLen: [33m3[39m,
  linksLen: [33m1[39m,
  key: [33m1776869755963[39m,
  timestamp: [33m1776869754960[39m
}
[Graph3D] Creating simulation: [33m3[39m nodes
[Graph3D] createGraphSimulation called: { hasObjectManager: [33mtrue[39m, hasScene: [33mtrue[39m, nodeCount: [33m3[39m, linkCount: [33m1[39m }
[Graph3D] Clearing existing objects...
[Graph3D] Calling createSimulation...
[Graph3D] Simulation created, setting up event handlers...
[Graph3D] Data changed: {
  nodesLen: [33m3[39m,
  linksLen: [33m1[39m,
  key: [33m1776869755969[39m,
  timestamp: [33m1776869754966[39m
}
[Graph3D] Creating simulation: [33m3[39m nodes
[Graph3D] createGraphSimulation called: { hasObjectManager: [33mtrue[39m, hasScene: [33mtrue[39m, nodeCount: [33m3[39m, linkCount: [33m1[39m }
[Graph3D] Clearing existing objects...
[Graph3D] Calling createSimulation...
[Graph3D] Simulation created, setting up event handlers...
[Graph3D] Data changed: {
  nodesLen: [33m3[39m,
  linksLen: [33m1[39m,
  key: [33m1776869755975[39m,
  timestamp: [33m1776869754972[39m
}
[Graph3D] Creating simulation: [33m3[39m nodes
[Graph3D] createGraphSimulation called: { hasObjectManager: [33mtrue[39m, hasScene: [33mtrue[39m, nodeCount: [33m3[39m, linkCount: [33m1[39m }
[Graph3D] Clearing existing objects...
[Graph3D] Calling createSimulation...
[Graph3D] Simulation created, setting up event handlers...
[Graph3D] Data changed: {
  nodesLen: [33m3[39m,
  linksLen: [33m1[39m,
  key: [33m1776869755981[39m,
  timestamp: [33m1776869754978[39m
}
[Graph3D] Creating simulation: [33m3[39m nodes
[Graph3D] createGraphSimulation called: { hasObjectManager: [33mtrue[39m, hasScene: [33mtrue[39m, nodeCount: [33m3[39m, linkCount: [33m1[39m }
[Graph3D] Clearing existing objects...
[Graph3D] Calling createSimulation...
[Graph3D] Simulation created, setting up event handlers...
[Graph3D] Data changed: {
  nodesLen: [33m3[39m,
  linksLen: [33m1[39m,
  key: [33m1776869755990[39m,
  timestamp: [33m1776869754987[39m
}
[Graph3D] Creating simulation: [33m3[39m nodes
[Graph3D] createGraphSimulation called: { hasObjectManager: [33mtrue[39m, hasScene: [33mtrue[39m, nodeCount: [33m3[39m, linkCount: [33m1[39m }
[Graph3D] Clearing existing objects...
[Graph3D] Calling createSimulation...
[Graph3D] Simulation created, setting up event handlers...
[Graph3D] Data changed: {
  nodesLen: [33m3[39m,
  linksLen: [33m1[39m,
  key: [33m1776869755996[39m,
  timestamp: [33m1776869754993[39m
}
[Graph3D] Creating simulation: [33m3[39m nodes
[Graph3D] createGraphSimulation called: { hasObjectManager: [33mtrue[39m, hasScene: [33mtrue[39m, nodeCount: [33m3[39m, linkCount: [33m1[39m }
[Graph3D] Clearing existing objects...
[Graph3D] Calling createSimulation...
[Graph3D] Simulation created, setting up event handlers...
[Graph3D] Data changed: {
  nodesLen: [33m3[39m,
  linksLen: [33m1[39m,
  key: [33m1776869756003[39m,
  timestamp: [33m1776869755000[39m
}
[Graph3D] Creating simulation: [33m3[39m nodes
[Graph3D] createGraphSimulation called: { hasObjectManager: [33mtrue[39m, hasScene: [33mtrue[39m, nodeCount: [33m3[39m, linkCount: [33m1[39m }
[Graph3D] Clearing existing objects...
[Graph3D] Calling createSimulation...
[Graph3D] Simulation created, setting up event handlers...
[Graph3D] Data changed: {
  nodesLen: [33m3[39m,
  linksLen: [33m1[39m,
  key: [33m1776869756011[39m,
  timestamp: [33m1776869755008[39m
}
[Graph3D] Creating simulation: [33m3[39m nodes
[Graph3D] createGraphSimulation called: { hasObjectManager: [33mtrue[39m, hasScene: [33mtrue[39m, nodeCount: [33m3[39m, linkCount: [33m1[39m }
[Graph3D] Clearing existing objects...
[Graph3D] Calling createSimulation...
[Graph3D] Simulation created, setting up event handlers...
[Graph3D] Data changed: {
  nodesLen: [33m3[39m,
  linksLen: [33m1[39m,
  key: [33m1776869756018[39m,
  timestamp: [33m1776869755015[39m
}
[Graph3D] Creating simulation: [33m3[39m nodes
[Graph3D] createGraphSimulation called: { hasObjectManager: [33mtrue[39m, hasScene: [33mtrue[39m, nodeCount: [33m3[39m, linkCount: [33m1[39m }
[Graph3D] Clearing existing objects...
[Graph3D] Calling createSimulation...
[Graph3D] Simulation created, setting up event handlers...
[Graph3D] Data changed: {
  nodesLen: [33m3[39m,
  linksLen: [33m1[39m,
  key: [33m1776869756024[39m,
  timestamp: [33m1776869755021[39m
}
[Graph3D] Creating simulation: [33m3[39m nodes
[Graph3D] createGraphSimulation called: { hasObjectManager: [33mtrue[39m, hasScene: [33mtrue[39m, nodeCount: [33m3[39m, linkCount: [33m1[39m }
[Graph3D] Clearing existing objects...
[Graph3D] Calling createSimulation...
[Graph3D] Simulation created, setting up event handlers...
[Graph3D] Data changed: {
  nodesLen: [33m3[39m,
  linksLen: [33m1[39m,
  key: [33m1776869756032[39m,
  timestamp: [33m1776869755029[39m
}
[Graph3D] Creating simulation: [33m3[39m nodes
[Graph3D] createGraphSimulation called: { hasObjectManager: [33mtrue[39m, hasScene: [33mtrue[39m, nodeCount: [33m3[39m, linkCount: [33m1[39m }
[Graph3D] Clearing existing objects...
[Graph3D] Calling createSimulation...
[Graph3D] Simulation created, setting up event handlers...
[Graph3D] Data changed: {
  nodesLen: [33m3[39m,
  linksLen: [33m1[39m,
  key: [33m1776869756038[39m,
  timestamp: [33m1776869755035[39m
}
[Graph3D] Creating simulation: [33m3[39m nodes
[Graph3D] createGraphSimulation called: { hasObjectManager: [33mtrue[39m, hasScene: [33mtrue[39m, nodeCount: [33m3[39m, linkCount: [33m1[39m }
[Graph3D] Clearing existing objects...
[Graph3D] Calling createSimulation...
[Graph3D] Simulation created, setting up event handlers...
[Graph3D] Data changed: {
  nodesLen: [33m3[39m,
  linksLen: [33m1[39m,
  key: [33m1776869756044[39m,
  timestamp: [33m1776869755041[39m
}
[Graph3D] Creating simulation: [33m3[39m nodes
[Graph3D] createGraphSimulation called: { hasObjectManager: [33mtrue[39m, hasScene: [33mtrue[39m, nodeCount: [33m3[39m, linkCount: [33m1[39m }
[Graph3D] Clearing existing objects...
[Graph3D] Calling createSimulation...
[Graph3D] Simulation created, setting up event handlers...
[Graph3D] Data changed: {
  nodesLen: [33m3[39m,
  linksLen: [33m1[39m,
  key: [33m1776869756053[39m,
  timestamp: [33m1776869755050[39m
}
[Graph3D] Creating simulation: [33m3[39m nodes
[Graph3D] createGraphSimulation called: { hasObjectManager: [33mtrue[39m, hasScene: [33mtrue[39m, nodeCount: [33m3[39m, linkCount: [33m1[39m }
[Graph3D] Clearing existing objects...
[Graph3D] Calling createSimulation...
[Graph3D] Simulation created, setting up event handlers...
[Graph3D] Data changed: {
  nodesLen: [33m3[39m,
  linksLen: [33m1[39m,
  key: [33m1776869756059[39m,
  timestamp: [33m1776869755056[39m
}
[Graph3D] Creating simulation: [33m3[39m nodes
[Graph3D] createGraphSimulation called: { hasObjectManager: [33mtrue[39m, hasScene: [33mtrue[39m, nodeCount: [33m3[39m, linkCount: [33m1[39m }
[Graph3D] Clearing existing objects...
[Graph3D] Calling createSimulation...
[Graph3D] Simulation created, setting up event handlers...
[Graph3D] Data changed: {
  nodesLen: [33m3[39m,
  linksLen: [33m1[39m,
  key: [33m1776869756066[39m,
  timestamp: [33m1776869755063[39m
}
[Graph3D] Creating simulation: [33m3[39m nodes
[Graph3D] createGraphSimulation called: { hasObjectManager: [33mtrue[39m, hasScene: [33mtrue[39m, nodeCount: [33m3[39m, linkCount: [33m1[39m }
[Graph3D] Clearing existing objects...
[Graph3D] Calling createSimulation...
[Graph3D] Simulation created, setting up event handlers...
[Graph3D] Data changed: {
  nodesLen: [33m3[39m,
  linksLen: [33m1[39m,
  key: [33m1776869756076[39m,
  timestamp: [33m1776869755073[39m
}
[Graph3D] Creating simulation: [33m3[39m nodes
[Graph3D] createGraphSimulation called: { hasObjectManager: [33mtrue[39m, hasScene: [33mtrue[39m, nodeCount: [33m3[39m, linkCount: [33m1[39m }
[Graph3D] Clearing existing objects...
[Graph3D] Calling createSimulation...
[Graph3D] Simulation created, setting up event handlers...
[Graph3D] Data changed: {
  nodesLen: [33m3[39m,
  linksLen: [33m1[39m,
  key: [33m1776869756083[39m,
  timestamp: [33m1776869755080[39m
}
[Graph3D] Creating simulation: [33m3[39m nodes
[Graph3D] createGraphSimulation called: { hasObjectManager: [33mtrue[39m, hasScene: [33mtrue[39m, nodeCount: [33m3[39m, linkCount: [33m1[39m }
[Graph3D] Clearing existing objects...
[Graph3D] Calling createSimulation...
[Graph3D] Simulation created, setting up event handlers...
[Graph3D] Data changed: {
  nodesLen: [33m3[39m,
  linksLen: [33m1[39m,
  key: [33m1776869756092[39m,
  timestamp: [33m1776869755089[39m
}
[Graph3D] Creating simulation: [33m3[39m nodes
[Graph3D] createGraphSimulation called: { hasObjectManager: [33mtrue[39m, hasScene: [33mtrue[39m, nodeCount: [33m3[39m, linkCount: [33m1[39m }
[Graph3D] Clearing existing objects...
[Graph3D] Calling createSimulation...
[Graph3D] Simulation created, setting up event handlers...
[Graph3D] Data changed: {
  nodesLen: [33m3[39m,
  linksLen: [33m1[39m,
  key: [33m1776869756099[39m,
  timestamp: [33m1776869755096[39m
}
[Graph3D] Creating simulation: [33m3[39m nodes
[Graph3D] createGraphSimulation called: { hasObjectManager: [33mtrue[39m, hasScene: [33mtrue[39m, nodeCount: [33m3[39m, linkCount: [33m1[39m }
[Graph3D] Clearing existing objects...
[Graph3D] Calling createSimulation...
[Graph3D] Simulation created, setting up event handlers...
[Graph3D] Data changed: {
  nodesLen: [33m3[39m,
  linksLen: [33m1[39m,
  key: [33m1776869756106[39m,
  timestamp: [33m1776869755103[39m
}
[Graph3D] Creating simulation: [33m3[39m nodes
[Graph3D] createGraphSimulation called: { hasObjectManager: [33mtrue[39m, hasScene: [33mtrue[39m, nodeCount: [33m3[39m, linkCount: [33m1[39m }
[Graph3D] Clearing existing objects...
[Graph3D] Calling createSimulation...
[Graph3D] Simulation created, setting up event handlers...
[Graph3D] Data changed: {
  nodesLen: [33m3[39m,
  linksLen: [33m1[39m,
  key: [33m1776869756116[39m,
  timestamp: [33m1776869755113[39m
}
[Graph3D] Creating simulation: [33m3[39m nodes
[Graph3D] createGraphSimulation called: { hasObjectManager: [33mtrue[39m, hasScene: [33mtrue[39m, nodeCount: [33m3[39m, linkCount: [33m1[39m }
[Graph3D] Clearing existing objects...
[Graph3D] Calling createSimulation...
[Graph3D] Simulation created, setting up event handlers...
[Graph3D] Data changed: {
  nodesLen: [33m3[39m,
  linksLen: [33m1[39m,
  key: [33m1776869756124[39m,
  timestamp: [33m1776869755121[39m
}
[Graph3D] Creating simulation: [33m3[39m nodes
[Graph3D] createGraphSimulation called: { hasObjectManager: [33mtrue[39m, hasScene: [33mtrue[39m, nodeCount: [33m3[39m, linkCount: [33m1[39m }
[Graph3D] Clearing existing objects...
[Graph3D] Calling createSimulation...
[Graph3D] Simulation created, setting up event handlers...
[Graph3D] Data changed: {
  nodesLen: [33m3[39m,
  linksLen: [33m1[39m,
  key: [33m1776869756131[39m,
  timestamp: [33m1776869755128[39m
}
[Graph3D] Creating simulation: [33m3[39m nodes
[Graph3D] createGraphSimulation called: { hasObjectManager: [33mtrue[39m, hasScene: [33mtrue[39m, nodeCount: [33m3[39m, linkCount: [33m1[39m }
[Graph3D] Clearing existing objects...
[Graph3D] Calling createSimulation...
[Graph3D] Simulation created, setting up event handlers...
[Graph3D] Data changed: {
  nodesLen: [33m3[39m,
  linksLen: [33m1[39m,
  key: [33m1776869756140[39m,
  timestamp: [33m1776869755137[39m
}
[Graph3D] Creating simulation: [33m3[39m nodes
[Graph3D] createGraphSimulation called: { hasObjectManager: [33mtrue[39m, hasScene: [33mtrue[39m, nodeCount: [33m3[39m, linkCount: [33m1[39m }
[Graph3D] Clearing existing objects...
[Graph3D] Calling createSimulation...
[Graph3D] Simulation created, setting up event handlers...
[Graph3D] Data changed: {
  nodesLen: [33m3[39m,
  linksLen: [33m1[39m,
  key: [33m1776869756148[39m,
  timestamp: [33m1776869755145[39m
}
[Graph3D] Creating simulation: [33m3[39m nodes
[Graph3D] createGraphSimulation called: { hasObjectManager: [33mtrue[39m, hasScene: [33mtrue[39m, nodeCount: [33m3[39m, linkCount: [33m1[39m }
[Graph3D] Clearing existing objects...
[Graph3D] Calling createSimulation...
[Graph3D] Simulation created, setting up event handlers...
[Graph3D] Data changed: {
  nodesLen: [33m3[39m,
  linksLen: [33m1[39m,
  key: [33m1776869756158[39m,
  timestamp: [33m1776869755155[39m
}
[Graph3D] Creating simulation: [33m3[39m nodes
[Graph3D] createGraphSimulation called: { hasObjectManager: [33mtrue[39m, hasScene: [33mtrue[39m, nodeCount: [33m3[39m, linkCount: [33m1[39m }
[Graph3D] Clearing existing objects...
[Graph3D] Calling createSimulation...
[Graph3D] Simulation created, setting up event handlers...
[Graph3D] Data changed: {
  nodesLen: [33m3[39m,
  linksLen: [33m1[39m,
  key: [33m1776869756166[39m,
  timestamp: [33m1776869755163[39m
}
[Graph3D] Creating simulation: [33m3[39m nodes
[Graph3D] createGraphSimulation called: { hasObjectManager: [33mtrue[39m, hasScene: [33mtrue[39m, nodeCount: [33m3[39m, linkCount: [33m1[39m }
[Graph3D] Clearing existing objects...
[Graph3D] Calling createSimulation...
[Graph3D] Simulation created, setting up event handlers...
[Graph3D] Data changed: {
  nodesLen: [33m3[39m,
  linksLen: [33m1[39m,
  key: [33m1776869756174[39m,
  timestamp: [33m1776869755171[39m
}
[Graph3D] Creating simulation: [33m3[39m nodes
[Graph3D] createGraphSimulation called: { hasObjectManager: [33mtrue[39m, hasScene: [33mtrue[39m, nodeCount: [33m3[39m, linkCount: [33m1[39m }
[Graph3D] Clearing existing objects...
[Graph3D] Calling createSimulation...
[Graph3D] Simulation created, setting up event handlers...
[Graph3D] Data changed: {
  nodesLen: [33m3[39m,
  linksLen: [33m1[39m,
  key: [33m1776869756184[39m,
  timestamp: [33m1776869755181[39m
}
[Graph3D] Creating simulation: [33m3[39m nodes
[Graph3D] createGraphSimulation called: { hasObjectManager: [33mtrue[39m, hasScene: [33mtrue[39m, nodeCount: [33m3[39m, linkCount: [33m1[39m }
[Graph3D] Clearing existing objects...
[Graph3D] Calling createSimulation...
[Graph3D] Simulation created, setting up event handlers...
[Graph3D] Data changed: {
  nodesLen: [33m3[39m,
  linksLen: [33m1[39m,
  key: [33m1776869756192[39m,
  timestamp: [33m1776869755189[39m
}
[Graph3D] Creating simulation: [33m3[39m nodes
[Graph3D] createGraphSimulation called: { hasObjectManager: [33mtrue[39m, hasScene: [33mtrue[39m, nodeCount: [33m3[39m, linkCount: [33m1[39m }
[Graph3D] Clearing existing objects...
[Graph3D] Calling createSimulation...
[Graph3D] Simulation created, setting up event handlers...
[Graph3D] Data changed: {
  nodesLen: [33m3[39m,
  linksLen: [33m1[39m,
  key: [33m1776869756203[39m,
  timestamp: [33m1776869755200[39m
}
[Graph3D] Creating simulation: [33m3[39m nodes
[Graph3D] createGraphSimulation called: { hasObjectManager: [33mtrue[39m, hasScene: [33mtrue[39m, nodeCount: [33m3[39m, linkCount: [33m1[39m }
[Graph3D] Clearing existing objects...
[Graph3D] Calling createSimulation...
[Graph3D] Simulation created, setting up event handlers...
[Graph3D] Data changed: {
  nodesLen: [33m3[39m,
  linksLen: [33m1[39m,
  key: [33m1776869756211[39m,
  timestamp: [33m1776869755208[39m
}
[Graph3D] Creating simulation: [33m3[39m nodes
[Graph3D] createGraphSimulation called: { hasObjectManager: [33mtrue[39m, hasScene: [33mtrue[39m, nodeCount: [33m3[39m, linkCount: [33m1[39m }
[Graph3D] Clearing existing objects...
[Graph3D] Calling createSimulation...
[Graph3D] Simulation created, setting up event handlers...
[Graph3D] Data changed: {
  nodesLen: [33m3[39m,
  linksLen: [33m1[39m,
  key: [33m1776869756219[39m,
  timestamp: [33m1776869755216[39m
}
[Graph3D] Creating simulation: [33m3[39m nodes
[Graph3D] createGraphSimulation called: { hasObjectManager: [33mtrue[39m, hasScene: [33mtrue[39m, nodeCount: [33m3[39m, linkCount: [33m1[39m }
[Graph3D] Clearing existing objects...
[Graph3D] Calling createSimulation...
[Graph3D] Simulation created, setting up event handlers...
[Graph3D] Data changed: {
  nodesLen: [33m3[39m,
  linksLen: [33m1[39m,
  key: [33m1776869756229[39m,
  timestamp: [33m1776869755226[39m
}
[Graph3D] Creating simulation: [33m3[39m nodes
[Graph3D] createGraphSimulation called: { hasObjectManager: [33mtrue[39m, hasScene: [33mtrue[39m, nodeCount: [33m3[39m, linkCount: [33m1[39m }
[Graph3D] Clearing existing objects...
[Graph3D] Calling createSimulation...
[Graph3D] Simulation created, setting up event handlers...
[Graph3D] Data changed: {
  nodesLen: [33m3[39m,
  linksLen: [33m1[39m,
  key: [33m1776869756238[39m,
  timestamp: [33m1776869755235[39m
}
[Graph3D] Creating simulation: [33m3[39m nodes
[Graph3D] createGraphSimulation called: { hasObjectManager: [33mtrue[39m, hasScene: [33mtrue[39m, nodeCount: [33m3[39m, linkCount: [33m1[39m }
[Graph3D] Clearing existing objects...
[Graph3D] Calling createSimulation...
[Graph3D] Simulation created, setting up event handlers...
[Graph3D] Data changed: {
  nodesLen: [33m3[39m,
  linksLen: [33m1[39m,
  key: [33m1776869756254[39m,
  timestamp: [33m1776869755251[39m
}
[Graph3D] Creating simulation: [33m3[39m nodes
[Graph3D] createGraphSimulation called: { hasObjectManager: [33mtrue[39m, hasScene: [33mtrue[39m, nodeCount: [33m3[39m, linkCount: [33m1[39m }
[Graph3D] Clearing existing objects...
[Graph3D] Calling createSimulation...
[Graph3D] Simulation created, setting up event handlers...
[Graph3D] Data changed: {
  nodesLen: [33m3[39m,
  linksLen: [33m1[39m,
  key: [33m1776869756268[39m,
  timestamp: [33m1776869755265[39m
}
[Graph3D] Creating simulation: [33m3[39m nodes
[Graph3D] createGraphSimulation called: { hasObjectManager: [33mtrue[39m, hasScene: [33mtrue[39m, nodeCount: [33m3[39m, linkCount: [33m1[39m }
[Graph3D] Clearing existing objects...
[Graph3D] Calling createSimulation...
[Graph3D] Simulation created, setting up event handlers...
[Graph3D] Data changed: {
  nodesLen: [33m3[39m,
  linksLen: [33m1[39m,
  key: [33m1776869756279[39m,
  timestamp: [33m1776869755276[39m
}
[Graph3D] Creating simulation: [33m3[39m nodes
[Graph3D] createGraphSimulation called: { hasObjectManager: [33mtrue[39m, hasScene: [33mtrue[39m, nodeCount: [33m3[39m, linkCount: [33m1[39m }
[Graph3D] Clearing existing objects...
[Graph3D] Calling createSimulation...
[Graph3D] Simulation created, setting up event handlers...
[Graph3D] Data changed: {
  nodesLen: [33m3[39m,
  linksLen: [33m1[39m,
  key: [33m1776869756288[39m,
  timestamp: [33m1776869755285[39m
}
[Graph3D] Creating simulation: [33m3[39m nodes
[Graph3D] createGraphSimulation called: { hasObjectManager: [33mtrue[39m, hasScene: [33mtrue[39m, nodeCount: [33m3[39m, linkCount: [33m1[39m }
[Graph3D] Clearing existing objects...
[Graph3D] Calling createSimulation...
[Graph3D] Simulation created, setting up event handlers...
[Graph3D] Data changed: {
  nodesLen: [33m3[39m,
  linksLen: [33m1[39m,
  key: [33m1776869756297[39m,
  timestamp: [33m1776869755294[39m
}
[Graph3D] Creating simulation: [33m3[39m nodes
[Graph3D] createGraphSimulation called: { hasObjectManager: [33mtrue[39m, hasScene: [33mtrue[39m, nodeCount: [33m3[39m, linkCount: [33m1[39m }
[Graph3D] Clearing existing objects...
[Graph3D] Calling createSimulation...
[Graph3D] Simulation created, setting up event handlers...
[Graph3D] Data changed: {
  nodesLen: [33m3[39m,
  linksLen: [33m1[39m,
  key: [33m1776869756308[39m,
  timestamp: [33m1776869755305[39m
}
[Graph3D] Creating simulation: [33m3[39m nodes
[Graph3D] createGraphSimulation called: { hasObjectManager: [33mtrue[39m, hasScene: [33mtrue[39m, nodeCount: [33m3[39m, linkCount: [33m1[39m }
[Graph3D] Clearing existing objects...
[Graph3D] Calling createSimulation...
[Graph3D] Simulation created, setting up event handlers...
[Graph3D] Data changed: {
  nodesLen: [33m3[39m,
  linksLen: [33m1[39m,
  key: [33m1776869756317[39m,
  timestamp: [33m1776869755314[39m
}
[Graph3D] Creating simulation: [33m3[39m nodes
[Graph3D] createGraphSimulation called: { hasObjectManager: [33mtrue[39m, hasScene: [33mtrue[39m, nodeCount: [33m3[39m, linkCount: [33m1[39m }
[Graph3D] Clearing existing objects...
[Graph3D] Calling createSimulation...
[Graph3D] Simulation created, setting up event handlers...
[Graph3D] Data changed: {
  nodesLen: [33m3[39m,
  linksLen: [33m1[39m,
  key: [33m1776869756329[39m,
  timestamp: [33m1776869755326[39m
}
[Graph3D] Creating simulation: [33m3[39m nodes
[Graph3D] createGraphSimulation called: { hasObjectManager: [33mtrue[39m, hasScene: [33mtrue[39m, nodeCount: [33m3[39m, linkCount: [33m1[39m }
[Graph3D] Clearing existing objects...
[Graph3D] Calling createSimulation...
[Graph3D] Simulation created, setting up event handlers...
[Graph3D] Data changed: {
  nodesLen: [33m3[39m,
  linksLen: [33m1[39m,
  key: [33m1776869756339[39m,
  timestamp: [33m1776869755336[39m
}
[Graph3D] Creating simulation: [33m3[39m nodes
[Graph3D] createGraphSimulation called: { hasObjectManager: [33mtrue[39m, hasScene: [33mtrue[39m, nodeCount: [33m3[39m, linkCount: [33m1[39m }
[Graph3D] Clearing existing objects...
[Graph3D] Calling createSimulation...
[Graph3D] Simulation created, setting up event handlers...
[Graph3D] Data changed: {
  nodesLen: [33m3[39m,
  linksLen: [33m1[39m,
  key: [33m1776869756351[39m,
  timestamp: [33m1776869755348[39m
}
[Graph3D] Creating simulation: [33m3[39m nodes
[Graph3D] createGraphSimulation called: { hasObjectManager: [33mtrue[39m, hasScene: [33mtrue[39m, nodeCount: [33m3[39m, linkCount: [33m1[39m }
[Graph3D] Clearing existing objects...
[Graph3D] Calling createSimulation...
[Graph3D] Simulation created, setting up event handlers...
[Graph3D] Data changed: {
  nodesLen: [33m3[39m,
  linksLen: [33m1[39m,
  key: [33m1776869756361[39m,
  timestamp: [33m1776869755358[39m
}
[Graph3D] Creating simulation: [33m3[39m nodes
[Graph3D] createGraphSimulation called: { hasObjectManager: [33mtrue[39m, hasScene: [33mtrue[39m, nodeCount: [33m3[39m, linkCount: [33m1[39m }
[Graph3D] Clearing existing objects...
[Graph3D] Calling createSimulation...
[Graph3D] Simulation created, setting up event handlers...
[Graph3D] Data changed: {
  nodesLen: [33m3[39m,
  linksLen: [33m1[39m,
  key: [33m1776869756373[39m,
  timestamp: [33m1776869755370[39m
}
[Graph3D] Creating simulation: [33m3[39m nodes
[Graph3D] createGraphSimulation called: { hasObjectManager: [33mtrue[39m, hasScene: [33mtrue[39m, nodeCount: [33m3[39m, linkCount: [33m1[39m }
[Graph3D] Clearing existing objects...
[Graph3D] Calling createSimulation...
[Graph3D] Simulation created, setting up event handlers...
[Graph3D] Data changed: {
  nodesLen: [33m3[39m,
  linksLen: [33m1[39m,
  key: [33m1776869756384[39m,
  timestamp: [33m1776869755381[39m
}
[Graph3D] Creating simulation: [33m3[39m nodes
[Graph3D] createGraphSimulation called: { hasObjectManager: [33mtrue[39m, hasScene: [33mtrue[39m, nodeCount: [33m3[39m, linkCount: [33m1[39m }
[Graph3D] Clearing existing objects...
[Graph3D] Calling createSimulation...
[Graph3D] Simulation created, setting up event handlers...
[Graph3D] Data changed: {
  nodesLen: [33m3[39m,
  linksLen: [33m1[39m,
  key: [33m1776869756396[39m,
  timestamp: [33m1776869755393[39m
}
[Graph3D] Creating simulation: [33m3[39m nodes
[Graph3D] createGraphSimulation called: { hasObjectManager: [33mtrue[39m, hasScene: [33mtrue[39m, nodeCount: [33m3[39m, linkCount: [33m1[39m }
[Graph3D] Clearing existing objects...
[Graph3D] Calling createSimulation...
[Graph3D] Simulation created, setting up event handlers...
[Graph3D] Data changed: {
  nodesLen: [33m3[39m,
  linksLen: [33m1[39m,
  key: [33m1776869756405[39m,
  timestamp: [33m1776869755402[39m
}
[Graph3D] Creating simulation: [33m3[39m nodes
[Graph3D] createGraphSimulation called: { hasObjectManager: [33mtrue[39m, hasScene: [33mtrue[39m, nodeCount: [33m3[39m, linkCount: [33m1[39m }
[Graph3D] Clearing existing objects...
[Graph3D] Calling createSimulation...
[Graph3D] Simulation created, setting up event handlers...
[Graph3D] Data changed: {
  nodesLen: [33m3[39m,
  linksLen: [33m1[39m,
  key: [33m1776869756416[39m,
  timestamp: [33m1776869755413[39m
}
[Graph3D] Creating simulation: [33m3[39m nodes
[Graph3D] createGraphSimulation called: { hasObjectManager: [33mtrue[39m, hasScene: [33mtrue[39m, nodeCount: [33m3[39m, linkCount: [33m1[39m }
[Graph3D] Clearing existing objects...
[Graph3D] Calling createSimulation...
[Graph3D] Simulation created, setting up event handlers...
[Graph3D] Data changed: {
  nodesLen: [33m3[39m,
  linksLen: [33m1[39m,
  key: [33m1776869756425[39m,
  timestamp: [33m1776869755422[39m
}
[Graph3D] Creating simulation: [33m3[39m nodes
[Graph3D] createGraphSimulation called: { hasObjectManager: [33mtrue[39m, hasScene: [33mtrue[39m, nodeCount: [33m3[39m, linkCount: [33m1[39m }
[Graph3D] Clearing existing objects...
[Graph3D] Calling createSimulation...
[Graph3D] Simulation created, setting up event handlers...
[Graph3D] Data changed: {
  nodesLen: [33m3[39m,
  linksLen: [33m1[39m,
  key: [33m1776869756436[39m,
  timestamp: [33m1776869755433[39m
}
[Graph3D] Creating simulation: [33m3[39m nodes
[Graph3D] createGraphSimulation called: { hasObjectManager: [33mtrue[39m, hasScene: [33mtrue[39m, nodeCount: [33m3[39m, linkCount: [33m1[39m }
[Graph3D] Clearing existing objects...
[Graph3D] Calling createSimulation...
[Graph3D] Simulation created, setting up event handlers...
[Graph3D] Data changed: {
  nodesLen: [33m3[39m,
  linksLen: [33m1[39m,
  key: [33m1776869756445[39m,
  timestamp: [33m1776869755442[39m
}
[Graph3D] Creating simulation: [33m3[39m nodes
[Graph3D] createGraphSimulation called: { hasObjectManager: [33mtrue[39m, hasScene: [33mtrue[39m, nodeCount: [33m3[39m, linkCount: [33m1[39m }
[Graph3D] Clearing existing objects...
[Graph3D] Calling createSimulation...
[Graph3D] Simulation created, setting up event handlers...
[Graph3D] Data changed: {
  nodesLen: [33m3[39m,
  linksLen: [33m1[39m,
  key: [33m1776869756456[39m,
  timestamp: [33m1776869755453[39m
}
[Graph3D] Creating simulation: [33m3[39m nodes
[Graph3D] createGraphSimulation called: { hasObjectManager: [33mtrue[39m, hasScene: [33mtrue[39m, nodeCount: [33m3[39m, linkCount: [33m1[39m }
[Graph3D] Clearing existing objects...
[Graph3D] Calling createSimulation...
[Graph3D] Simulation created, setting up event handlers...
[Graph3D] Data changed: {
  nodesLen: [33m3[39m,
  linksLen: [33m1[39m,
  key: [33m1776869756467[39m,
  timestamp: [33m1776869755464[39m
}
[Graph3D] Creating simulation: [33m3[39m nodes
[Graph3D] createGraphSimulation called: { hasObjectManager: [33mtrue[39m, hasScene: [33mtrue[39m, nodeCount: [33m3[39m, linkCount: [33m1[39m }
[Graph3D] Clearing existing objects...
[Graph3D] Calling createSimulation...
[Graph3D] Simulation created, setting up event handlers...
[Graph3D] Data changed: {
  nodesLen: [33m3[39m,
  linksLen: [33m1[39m,
  key: [33m1776869756480[39m,
  timestamp: [33m1776869755477[39m
}
[Graph3D] Creating simulation: [33m3[39m nodes
[Graph3D] createGraphSimulation called: { hasObjectManager: [33mtrue[39m, hasScene: [33mtrue[39m, nodeCount: [33m3[39m, linkCount: [33m1[39m }
[Graph3D] Clearing existing objects...
[Graph3D] Calling createSimulation...
[Graph3D] Simulation created, setting up event handlers...
[Graph3D] Data changed: {
  nodesLen: [33m3[39m,
  linksLen: [33m1[39m,
  key: [33m1776869756491[39m,
  timestamp: [33m1776869755488[39m
}
[Graph3D] Creating simulation: [33m3[39m nodes
[Graph3D] createGraphSimulation called: { hasObjectManager: [33mtrue[39m, hasScene: [33mtrue[39m, nodeCount: [33m3[39m, linkCount: [33m1[39m }
[Graph3D] Clearing existing objects...
[Graph3D] Calling createSimulation...
[Graph3D] Simulation created, setting up event handlers...
[Graph3D] Data changed: {
  nodesLen: [33m3[39m,
  linksLen: [33m1[39m,
  key: [33m1776869756504[39m,
  timestamp: [33m1776869755501[39m
}
[Graph3D] Creating simulation: [33m3[39m nodes
[Graph3D] createGraphSimulation called: { hasObjectManager: [33mtrue[39m, hasScene: [33mtrue[39m, nodeCount: [33m3[39m, linkCount: [33m1[39m }
[Graph3D] Clearing existing objects...
[Graph3D] Calling createSimulation...
[Graph3D] Simulation created, setting up event handlers...
[Graph3D] Data changed: {
  nodesLen: [33m3[39m,
  linksLen: [33m1[39m,
  key: [33m1776869756516[39m,
  timestamp: [33m1776869755513[39m
}
[Graph3D] Creating simulation: [33m3[39m nodes
[Graph3D] createGraphSimulation called: { hasObjectManager: [33mtrue[39m, hasScene: [33mtrue[39m, nodeCount: [33m3[39m, linkCount: [33m1[39m }
[Graph3D] Clearing existing objects...
[Graph3D] Calling createSimulation...
[Graph3D] Simulation created, setting up event handlers...
[Graph3D] Data changed: {
  nodesLen: [33m3[39m,
  linksLen: [33m1[39m,
  key: [33m1776869756532[39m,
  timestamp: [33m1776869755529[39m
}
[Graph3D] Creating simulation: [33m3[39m nodes
[Graph3D] createGraphSimulation called: { hasObjectManager: [33mtrue[39m, hasScene: [33mtrue[39m, nodeCount: [33m3[39m, linkCount: [33m1[39m }
[Graph3D] Clearing existing objects...
[Graph3D] Calling createSimulation...
[Graph3D] Simulation created, setting up event handlers...
[Graph3D] Data changed: {
  nodesLen: [33m3[39m,
  linksLen: [33m1[39m,
  key: [33m1776869756547[39m,
  timestamp: [33m1776869755544[39m
}
[Graph3D] Creating simulation: [33m3[39m nodes
[Graph3D] createGraphSimulation called: { hasObjectManager: [33mtrue[39m, hasScene: [33mtrue[39m, nodeCount: [33m3[39m, linkCount: [33m1[39m }
[Graph3D] Clearing existing objects...
[Graph3D] Calling createSimulation...
[Graph3D] Simulation created, setting up event handlers...
[Graph3D] Data changed: {
  nodesLen: [33m3[39m,
  linksLen: [33m1[39m,
  key: [33m1776869756561[39m,
  timestamp: [33m1776869755558[39m
}
[Graph3D] Creating simulation: [33m3[39m nodes
[Graph3D] createGraphSimulation called: { hasObjectManager: [33mtrue[39m, hasScene: [33mtrue[39m, nodeCount: [33m3[39m, linkCount: [33m1[39m }
[Graph3D] Clearing existing objects...
[Graph3D] Calling createSimulation...
[Graph3D] Simulation created, setting up event handlers...
[Graph3D] Data changed: {
  nodesLen: [33m3[39m,
  linksLen: [33m1[39m,
  key: [33m1776869756572[39m,
  timestamp: [33m1776869755569[39m
}
[Graph3D] Creating simulation: [33m3[39m nodes
[Graph3D] createGraphSimulation called: { hasObjectManager: [33mtrue[39m, hasScene: [33mtrue[39m, nodeCount: [33m3[39m, linkCount: [33m1[39m }
[Graph3D] Clearing existing objects...
[Graph3D] Calling createSimulation...
[Graph3D] Simulation created, setting up event handlers...
[Graph3D] Data changed: {
  nodesLen: [33m3[39m,
  linksLen: [33m1[39m,
  key: [33m1776869756585[39m,
  timestamp: [33m1776869755582[39m
}
[Graph3D] Creating simulation: [33m3[39m nodes
[Graph3D] createGraphSimulation called: { hasObjectManager: [33mtrue[39m, hasScene: [33mtrue[39m, nodeCount: [33m3[39m, linkCount: [33m1[39m }
[Graph3D] Clearing existing objects...
[Graph3D] Calling createSimulation...
[Graph3D] Simulation created, setting up event handlers...
[Graph3D] Data changed: {
  nodesLen: [33m3[39m,
  linksLen: [33m1[39m,
  key: [33m1776869756596[39m,
  timestamp: [33m1776869755593[39m
}
[Graph3D] Creating simulation: [33m3[39m nodes
[Graph3D] createGraphSimulation called: { hasObjectManager: [33mtrue[39m, hasScene: [33mtrue[39m, nodeCount: [33m3[39m, linkCount: [33m1[39m }
[Graph3D] Clearing existing objects...
[Graph3D] Calling createSimulation...
[Graph3D] Simulation created, setting up event handlers...
[Graph3D] Data changed: {
  nodesLen: [33m3[39m,
  linksLen: [33m1[39m,
  key: [33m1776869756609[39m,
  timestamp: [33m1776869755606[39m
}
[Graph3D] Creating simulation: [33m3[39m nodes
[Graph3D] createGraphSimulation called: { hasObjectManager: [33mtrue[39m, hasScene: [33mtrue[39m, nodeCount: [33m3[39m, linkCount: [33m1[39m }
[Graph3D] Clearing existing objects...
[Graph3D] Calling createSimulation...
[Graph3D] Simulation created, setting up event handlers...
[Graph3D] Data changed: {
  nodesLen: [33m3[39m,
  linksLen: [33m1[39m,
  key: [33m1776869756620[39m,
  timestamp: [33m1776869755617[39m
}
[Graph3D] Creating simulation: [33m3[39m nodes
[Graph3D] createGraphSimulation called: { hasObjectManager: [33mtrue[39m, hasScene: [33mtrue[39m, nodeCount: [33m3[39m, linkCount: [33m1[39m }
[Graph3D] Clearing existing objects...
[Graph3D] Calling createSimulation...
[Graph3D] Simulation created, setting up event handlers...
[Graph3D] Data changed: {
  nodesLen: [33m3[39m,
  linksLen: [33m1[39m,
  key: [33m1776869756633[39m,
  timestamp: [33m1776869755630[39m
}
[Graph3D] Creating simulation: [33m3[39m nodes
[Graph3D] createGraphSimulation called: { hasObjectManager: [33mtrue[39m, hasScene: [33mtrue[39m, nodeCount: [33m3[39m, linkCount: [33m1[39m }
[Graph3D] Clearing existing objects...
[Graph3D] Calling createSimulation...
[Graph3D] Simulation created, setting up event handlers...
[Graph3D] Data changed: {
  nodesLen: [33m3[39m,
  linksLen: [33m1[39m,
  key: [33m1776869756644[39m,
  timestamp: [33m1776869755641[39m
}
[Graph3D] Creating simulation: [33m3[39m nodes
[Graph3D] createGraphSimulation called: { hasObjectManager: [33mtrue[39m, hasScene: [33mtrue[39m, nodeCount: [33m3[39m, linkCount: [33m1[39m }
[Graph3D] Clearing existing objects...
[Graph3D] Calling createSimulation...
[Graph3D] Simulation created, setting up event handlers...
[Graph3D] Data changed: {
  nodesLen: [33m3[39m,
  linksLen: [33m1[39m,
  key: [33m1776869756657[39m,
  timestamp: [33m1776869755654[39m
}
[Graph3D] Creating simulation: [33m3[39m nodes
[Graph3D] createGraphSimulation called: { hasObjectManager: [33mtrue[39m, hasScene: [33mtrue[39m, nodeCount: [33m3[39m, linkCount: [33m1[39m }
[Graph3D] Clearing existing objects...
[Graph3D] Calling createSimulation...
[Graph3D] Simulation created, setting up event handlers...
[Graph3D] Data changed: {
  nodesLen: [33m3[39m,
  linksLen: [33m1[39m,
  key: [33m1776869756669[39m,
  timestamp: [33m1776869755666[39m
}
[Graph3D] Creating simulation: [33m3[39m nodes
[Graph3D] createGraphSimulation called: { hasObjectManager: [33mtrue[39m, hasScene: [33mtrue[39m, nodeCount: [33m3[39m, linkCount: [33m1[39m }
[Graph3D] Clearing existing objects...
[Graph3D] Calling createSimulation...
[Graph3D] Simulation created, setting up event handlers...
[Graph3D] Data changed: {
  nodesLen: [33m3[39m,
  linksLen: [33m1[39m,
  key: [33m1776869756681[39m,
  timestamp: [33m1776869755678[39m
}
[Graph3D] Creating simulation: [33m3[39m nodes
[Graph3D] createGraphSimulation called: { hasObjectManager: [33mtrue[39m, hasScene: [33mtrue[39m, nodeCount: [33m3[39m, linkCount: [33m1[39m }
[Graph3D] Clearing existing objects...
[Graph3D] Calling createSimulation...
[Graph3D] Simulation created, setting up event handlers...
[Graph3D] Data changed: {
  nodesLen: [33m3[39m,
  linksLen: [33m1[39m,
  key: [33m1776869756694[39m,
  timestamp: [33m1776869755691[39m
}
[Graph3D] Creating simulation: [33m3[39m nodes
[Graph3D] createGraphSimulation called: { hasObjectManager: [33mtrue[39m, hasScene: [33mtrue[39m, nodeCount: [33m3[39m, linkCount: [33m1[39m }
[Graph3D] Clearing existing objects...
[Graph3D] Calling createSimulation...
[Graph3D] Simulation created, setting up event handlers...
[Graph3D] Data changed: {
  nodesLen: [33m3[39m,
  linksLen: [33m1[39m,
  key: [33m1776869756705[39m,
  timestamp: [33m1776869755702[39m
}
[Graph3D] Creating simulation: [33m3[39m nodes
[Graph3D] createGraphSimulation called: { hasObjectManager: [33mtrue[39m, hasScene: [33mtrue[39m, nodeCount: [33m3[39m, linkCount: [33m1[39m }
[Graph3D] Clearing existing objects...
[Graph3D] Calling createSimulation...
[Graph3D] Simulation created, setting up event handlers...
[Graph3D] Data changed: {
  nodesLen: [33m3[39m,
  linksLen: [33m1[39m,
  key: [33m1776869756719[39m,
  timestamp: [33m1776869755716[39m
}
[Graph3D] Creating simulation: [33m3[39m nodes
[Graph3D] createGraphSimulation called: { hasObjectManager: [33mtrue[39m, hasScene: [33mtrue[39m, nodeCount: [33m3[39m, linkCount: [33m1[39m }
[Graph3D] Clearing existing objects...
[Graph3D] Calling createSimulation...
[Graph3D] Simulation created, setting up event handlers...
[Graph3D] Data changed: {
  nodesLen: [33m3[39m,
  linksLen: [33m1[39m,
  key: [33m1776869756731[39m,
  timestamp: [33m1776869755728[39m
}
[Graph3D] Creating simulation: [33m3[39m nodes
[Graph3D] createGraphSimulation called: { hasObjectManager: [33mtrue[39m, hasScene: [33mtrue[39m, nodeCount: [33m3[39m, linkCount: [33m1[39m }
[Graph3D] Clearing existing objects...
[Graph3D] Calling createSimulation...
[Graph3D] Simulation created, setting up event handlers...
[Graph3D] Data changed: {
  nodesLen: [33m3[39m,
  linksLen: [33m1[39m,
  key: [33m1776869756746[39m,
  timestamp: [33m1776869755743[39m
}
[Graph3D] Creating simulation: [33m3[39m nodes
[Graph3D] createGraphSimulation called: { hasObjectManager: [33mtrue[39m, hasScene: [33mtrue[39m, nodeCount: [33m3[39m, linkCount: [33m1[39m }
[Graph3D] Clearing existing objects...
[Graph3D] Calling createSimulation...
[Graph3D] Simulation created, setting up event handlers...
[Graph3D] Data changed: {
  nodesLen: [33m3[39m,
  linksLen: [33m1[39m,
  key: [33m1776869756759[39m,
  timestamp: [33m1776869755756[39m
}
[Graph3D] Creating simulation: [33m3[39m nodes
[Graph3D] createGraphSimulation called: { hasObjectManager: [33mtrue[39m, hasScene: [33mtrue[39m, nodeCount: [33m3[39m, linkCount: [33m1[39m }
[Graph3D] Clearing existing objects...
[Graph3D] Calling createSimulation...
[Graph3D] Simulation created, setting up event handlers...
[Graph3D] Data changed: {
  nodesLen: [33m3[39m,
  linksLen: [33m1[39m,
  key: [33m1776869756771[39m,
  timestamp: [33m1776869755768[39m
}
[Graph3D] Creating simulation: [33m3[39m nodes
[Graph3D] createGraphSimulation called: { hasObjectManager: [33mtrue[39m, hasScene: [33mtrue[39m, nodeCount: [33m3[39m, linkCount: [33m1[39m }
[Graph3D] Clearing existing objects...
[Graph3D] Calling createSimulation...
[Graph3D] Simulation created, setting up event handlers...
[Graph3D] Data changed: {
  nodesLen: [33m3[39m,
  linksLen: [33m1[39m,
  key: [33m1776869756788[39m,
  timestamp: [33m1776869755785[39m
}
[Graph3D] Creating simulation: [33m3[39m nodes
[Graph3D] createGraphSimulation called: { hasObjectManager: [33mtrue[39m, hasScene: [33mtrue[39m, nodeCount: [33m3[39m, linkCount: [33m1[39m }
[Graph3D] Clearing existing objects...
[Graph3D] Calling createSimulation...
[Graph3D] Simulation created, setting up event handlers...
[Graph3D] Data changed: {
  nodesLen: [33m3[39m,
  linksLen: [33m1[39m,
  key: [33m1776869756801[39m,
  timestamp: [33m1776869755798[39m
}
[Graph3D] Creating simulation: [33m3[39m nodes
[Graph3D] createGraphSimulation called: { hasObjectManager: [33mtrue[39m, hasScene: [33mtrue[39m, nodeCount: [33m3[39m, linkCount: [33m1[39m }
[Graph3D] Clearing existing objects...
[Graph3D] Calling createSimulation...
[Graph3D] Simulation created, setting up event handlers...
[Graph3D] Data changed: {
  nodesLen: [33m3[39m,
  linksLen: [33m1[39m,
  key: [33m1776869756819[39m,
  timestamp: [33m1776869755816[39m
}
[Graph3D] Creating simulation: [33m3[39m nodes
[Graph3D] createGraphSimulation called: { hasObjectManager: [33mtrue[39m, hasScene: [33mtrue[39m, nodeCount: [33m3[39m, linkCount: [33m1[39m }
[Graph3D] Clearing existing objects...
[Graph3D] Calling createSimulation...
[Graph3D] Simulation created, setting up event handlers...
[Graph3D] Data changed: {
  nodesLen: [33m3[39m,
  linksLen: [33m1[39m,
  key: [33m1776869756838[39m,
  timestamp: [33m1776869755835[39m
}
[Graph3D] Creating simulation: [33m3[39m nodes
[Graph3D] createGraphSimulation called: { hasObjectManager: [33mtrue[39m, hasScene: [33mtrue[39m, nodeCount: [33m3[39m, linkCount: [33m1[39m }
[Graph3D] Clearing existing objects...
[Graph3D] Calling createSimulation...
[Graph3D] Simulation created, setting up event handlers...
[Graph3D] Data changed: {
  nodesLen: [33m3[39m,
  linksLen: [33m1[39m,
  key: [33m1776869756851[39m,
  timestamp: [33m1776869755848[39m
}
[Graph3D] Creating simulation: [33m3[39m nodes
[Graph3D] createGraphSimulation called: { hasObjectManager: [33mtrue[39m, hasScene: [33mtrue[39m, nodeCount: [33m3[39m, linkCount: [33m1[39m }
[Graph3D] Clearing existing objects...
[Graph3D] Calling createSimulation...
[Graph3D] Simulation created, setting up event handlers...
[Graph3D] Data changed: {
  nodesLen: [33m3[39m,
  linksLen: [33m1[39m,
  key: [33m1776869756865[39m,
  timestamp: [33m1776869755862[39m
}
[Graph3D] Creating simulation: [33m3[39m nodes
[Graph3D] createGraphSimulation called: { hasObjectManager: [33mtrue[39m, hasScene: [33mtrue[39m, nodeCount: [33m3[39m, linkCount: [33m1[39m }
[Graph3D] Clearing existing objects...
[Graph3D] Calling createSimulation...
[Graph3D] Simulation created, setting up event handlers...
[Graph3D] Data changed: {
  nodesLen: [33m3[39m,
  linksLen: [33m1[39m,
  key: [33m1776869756877[39m,
  timestamp: [33m1776869755874[39m
}
[Graph3D] Creating simulation: [33m3[39m nodes
[Graph3D] createGraphSimulation called: { hasObjectManager: [33mtrue[39m, hasScene: [33mtrue[39m, nodeCount: [33m3[39m, linkCount: [33m1[39m }
[Graph3D] Clearing existing objects...
[Graph3D] Calling createSimulation...
[Graph3D] Simulation created, setting up event handlers...
[Graph3D] Data changed: {
  nodesLen: [33m3[39m,
  linksLen: [33m1[39m,
  key: [33m1776869756891[39m,
  timestamp: [33m1776869755888[39m
}
[Graph3D] Creating simulation: [33m3[39m nodes
[Graph3D] createGraphSimulation called: { hasObjectManager: [33mtrue[39m, hasScene: [33mtrue[39m, nodeCount: [33m3[39m, linkCount: [33m1[39m }
[Graph3D] Clearing existing objects...
[Graph3D] Calling createSimulation...
[Graph3D] Simulation created, setting up event handlers...
[Graph3D] Data changed: {
  nodesLen: [33m3[39m,
  linksLen: [33m1[39m,
  key: [33m1776869756905[39m,
  timestamp: [33m1776869755902[39m
}
[Graph3D] Creating simulation: [33m3[39m nodes
[Graph3D] createGraphSimulation called: { hasObjectManager: [33mtrue[39m, hasScene: [33mtrue[39m, nodeCount: [33m3[39m, linkCount: [33m1[39m }
[Graph3D] Clearing existing objects...
[Graph3D] Calling createSimulation...
[Graph3D] Simulation created, setting up event handlers...
[Graph3D] Data changed: {
  nodesLen: [33m3[39m,
  linksLen: [33m1[39m,
  key: [33m1776869756919[39m,
  timestamp: [33m1776869755916[39m
}
[Graph3D] Creating simulation: [33m3[39m nodes
[Graph3D] createGraphSimulation called: { hasObjectManager: [33mtrue[39m, hasScene: [33mtrue[39m, nodeCount: [33m3[39m, linkCount: [33m1[39m }
[Graph3D] Clearing existing objects...
[Graph3D] Calling createSimulation...
[Graph3D] Simulation created, setting up event handlers...
[Graph3D] Data changed: {
  nodesLen: [33m3[39m,
  linksLen: [33m1[39m,
  key: [33m1776869756934[39m,
  timestamp: [33m1776869755931[39m
}
[Graph3D] Creating simulation: [33m3[39m nodes
[Graph3D] createGraphSimulation called: { hasObjectManager: [33mtrue[39m, hasScene: [33mtrue[39m, nodeCount: [33m3[39m, linkCount: [33m1[39m }
[Graph3D] Clearing existing objects...
[Graph3D] Calling createSimulation...
[Graph3D] Simulation created, setting up event handlers...
[Graph3D] Data changed: {
  nodesLen: [33m3[39m,
  linksLen: [33m1[39m,
  key: [33m1776869756946[39m,
  timestamp: [33m1776869755943[39m
}
[Graph3D] Creating simulation: [33m3[39m nodes
[Graph3D] createGraphSimulation called: { hasObjectManager: [33mtrue[39m, hasScene: [33mtrue[39m, nodeCount: [33m3[39m, linkCount: [33m1[39m }
[Graph3D] Clearing existing objects...
[Graph3D] Calling createSimulation...
[Graph3D] Simulation created, setting up event handlers...
[Graph3D] Data changed: {
  nodesLen: [33m3[39m,
  linksLen: [33m1[39m,
  key: [33m1776869756962[39m,
  timestamp: [33m1776869755959[39m
}
[Graph3D] Creating simulation: [33m3[39m nodes
[Graph3D] createGraphSimulation called: { hasObjectManager: [33mtrue[39m, hasScene: [33mtrue[39m, nodeCount: [33m3[39m, linkCount: [33m1[39m }
[Graph3D] Clearing existing objects...
[Graph3D] Calling createSimulation...
[Graph3D] Simulation created, setting up event handlers...
[Graph3D] Data changed: {
  nodesLen: [33m3[39m,
  linksLen: [33m1[39m,
  key: [33m1776869756979[39m,
  timestamp: [33m1776869755976[39m
}
[Graph3D] Creating simulation: [33m3[39m nodes
[Graph3D] createGraphSimulation called: { hasObjectManager: [33mtrue[39m, hasScene: [33mtrue[39m, nodeCount: [33m3[39m, linkCount: [33m1[39m }
[Graph3D] Clearing existing objects...
[Graph3D] Calling createSimulation...
[Graph3D] Simulation created, setting up event handlers...
[Graph3D] Data changed: {
  nodesLen: [33m3[39m,
  linksLen: [33m1[39m,
  key: [33m1776869756990[39m,
  timestamp: [33m1776869755987[39m
}
[Graph3D] Creating simulation: [33m3[39m nodes
[Graph3D] createGraphSimulation called: { hasObjectManager: [33mtrue[39m, hasScene: [33mtrue[39m, nodeCount: [33m3[39m, linkCount: [33m1[39m }
[Graph3D] Clearing existing objects...
[Graph3D] Calling createSimulation...
[Graph3D] Simulation created, setting up event handlers...
[Graph3D] Data changed: {
  nodesLen: [33m3[39m,
  linksLen: [33m1[39m,
  key: [33m1776869757009[39m,
  timestamp: [33m1776869756006[39m
}
[Graph3D] Creating simulation: [33m3[39m nodes
[Graph3D] createGraphSimulation called: { hasObjectManager: [33mtrue[39m, hasScene: [33mtrue[39m, nodeCount: [33m3[39m, linkCount: [33m1[39m }
[Graph3D] Clearing existing objects...
[Graph3D] Calling createSimulation...
[Graph3D] Simulation created, setting up event handlers...
[Graph3D] Data changed: {
  nodesLen: [33m3[39m,
  linksLen: [33m1[39m,
  key: [33m1776869757025[39m,
  timestamp: [33m1776869756022[39m
}
[Graph3D] Creating simulation: [33m3[39m nodes
[Graph3D] createGraphSimulation called: { hasObjectManager: [33mtrue[39m, hasScene: [33mtrue[39m, nodeCount: [33m3[39m, linkCount: [33m1[39m }
[Graph3D] Clearing existing objects...
[Graph3D] Calling createSimulation...
[Graph3D] Simulation created, setting up event handlers...
[Graph3D] Data changed: {
  nodesLen: [33m3[39m,
  linksLen: [33m1[39m,
  key: [33m1776869757038[39m,
  timestamp: [33m1776869756035[39m
}
[Graph3D] Creating simulation: [33m3[39m nodes
[Graph3D] createGraphSimulation called: { hasObjectManager: [33mtrue[39m, hasScene: [33mtrue[39m, nodeCount: [33m3[39m, linkCount: [33m1[39m }
[Graph3D] Clearing existing objects...
[Graph3D] Calling createSimulation...
[Graph3D] Simulation created, setting up event handlers...
[Graph3D] Data changed: {
  nodesLen: [33m3[39m,
  linksLen: [33m1[39m,
  key: [33m1776869757053[39m,
  timestamp: [33m1776869756050[39m
}
[Graph3D] Creating simulation: [33m3[39m nodes
[Graph3D] createGraphSimulation called: { hasObjectManager: [33mtrue[39m, hasScene: [33mtrue[39m, nodeCount: [33m3[39m, linkCount: [33m1[39m }
[Graph3D] Clearing existing objects...
[Graph3D] Calling createSimulation...
[Graph3D] Simulation created, setting up event handlers...
[Graph3D] Data changed: {
  nodesLen: [33m3[39m,
  linksLen: [33m1[39m,
  key: [33m1776869757069[39m,
  timestamp: [33m1776869756066[39m
}
[Graph3D] Creating simulation: [33m3[39m nodes
[Graph3D] createGraphSimulation called: { hasObjectManager: [33mtrue[39m, hasScene: [33mtrue[39m, nodeCount: [33m3[39m, linkCount: [33m1[39m }
[Graph3D] Clearing existing objects...
[Graph3D] Calling createSimulation...
[Graph3D] Simulation created, setting up event handlers...
[Graph3D] Data changed: {
  nodesLen: [33m3[39m,
  linksLen: [33m1[39m,
  key: [33m1776869757083[39m,
  timestamp: [33m1776869756080[39m
}
[Graph3D] Creating simulation: [33m3[39m nodes
[Graph3D] createGraphSimulation called: { hasObjectManager: [33mtrue[39m, hasScene: [33mtrue[39m, nodeCount: [33m3[39m, linkCount: [33m1[39m }
[Graph3D] Clearing existing objects...
[Graph3D] Calling createSimulation...
[Graph3D] Simulation created, setting up event handlers...
[Graph3D] Data changed: {
  nodesLen: [33m3[39m,
  linksLen: [33m1[39m,
  key: [33m1776869757099[39m,
  timestamp: [33m1776869756096[39m
}
[Graph3D] Creating simulation: [33m3[39m nodes
[Graph3D] createGraphSimulation called: { hasObjectManager: [33mtrue[39m, hasScene: [33mtrue[39m, nodeCount: [33m3[39m, linkCount: [33m1[39m }
[Graph3D] Clearing existing objects...
[Graph3D] Calling createSimulation...
[Graph3D] Simulation created, setting up event handlers...
[Graph3D] Data changed: {
  nodesLen: [33m3[39m,
  linksLen: [33m1[39m,
  key: [33m1776869757115[39m,
  timestamp: [33m1776869756112[39m
}
[Graph3D] Creating simulation: [33m3[39m nodes
[Graph3D] createGraphSimulation called: { hasObjectManager: [33mtrue[39m, hasScene: [33mtrue[39m, nodeCount: [33m3[39m, linkCount: [33m1[39m }
[Graph3D] Clearing existing objects...
[Graph3D] Calling createSimulation...
[Graph3D] Simulation created, setting up event handlers...
[Graph3D] Data changed: {
  nodesLen: [33m3[39m,
  linksLen: [33m1[39m,
  key: [33m1776869757129[39m,
  timestamp: [33m1776869756126[39m
}
[Graph3D] Creating simulation: [33m3[39m nodes
[Graph3D] createGraphSimulation called: { hasObjectManager: [33mtrue[39m, hasScene: [33mtrue[39m, nodeCount: [33m3[39m, linkCount: [33m1[39m }
[Graph3D] Clearing existing objects...
[Graph3D] Calling createSimulation...
[Graph3D] Simulation created, setting up event handlers...
[Graph3D] Data changed: {
  nodesLen: [33m3[39m,
  linksLen: [33m1[39m,
  key: [33m1776869757145[39m,
  timestamp: [33m1776869756142[39m
}
[Graph3D] Creating simulation: [33m3[39m nodes
[Graph3D] createGraphSimulation called: { hasObjectManager: [33mtrue[39m, hasScene: [33mtrue[39m, nodeCount: [33m3[39m, linkCount: [33m1[39m }
[Graph3D] Clearing existing objects...
[Graph3D] Calling createSimulation...
[Graph3D] Simulation created, setting up event handlers...
[Graph3D] Data changed: {
  nodesLen: [33m3[39m,
  linksLen: [33m1[39m,
  key: [33m1776869757162[39m,
  timestamp: [33m1776869756159[39m
}
[Graph3D] Creating simulation: [33m3[39m nodes
[Graph3D] createGraphSimulation called: { hasObjectManager: [33mtrue[39m, hasScene: [33mtrue[39m, nodeCount: [33m3[39m, linkCount: [33m1[39m }
[Graph3D] Clearing existing objects...
[Graph3D] Calling createSimulation...
[Graph3D] Simulation created, setting up event handlers...
[Graph3D] Data changed: {
  nodesLen: [33m3[39m,
  linksLen: [33m1[39m,
  key: [33m1776869757176[39m,
  timestamp: [33m1776869756173[39m
}
[Graph3D] Creating simulation: [33m3[39m nodes
[Graph3D] createGraphSimulation called: { hasObjectManager: [33mtrue[39m, hasScene: [33mtrue[39m, nodeCount: [33m3[39m, linkCount: [33m1[39m }
[Graph3D] Clearing existing objects...
[Graph3D] Calling createSimulation...
[Graph3D] Simulation created, setting up event handlers...
[Graph3D] Data changed: {
  nodesLen: [33m3[39m,
  linksLen: [33m1[39m,
  key: [33m1776869757193[39m,
  timestamp: [33m1776869756190[39m
}
[Graph3D] Creating simulation: [33m3[39m nodes
[Graph3D] createGraphSimulation called: { hasObjectManager: [33mtrue[39m, hasScene: [33mtrue[39m, nodeCount: [33m3[39m, linkCount: [33m1[39m }
[Graph3D] Clearing existing objects...
[Graph3D] Calling createSimulation...
[Graph3D] Simulation created, setting up event handlers...
[Graph3D] Data changed: {
  nodesLen: [33m3[39m,
  linksLen: [33m1[39m,
  key: [33m1776869757209[39m,
  timestamp: [33m1776869756206[39m
}
[Graph3D] Creating simulation: [33m3[39m nodes
[Graph3D] createGraphSimulation called: { hasObjectManager: [33mtrue[39m, hasScene: [33mtrue[39m, nodeCount: [33m3[39m, linkCount: [33m1[39m }
[Graph3D] Clearing existing objects...
[Graph3D] Calling createSimulation...
[Graph3D] Simulation created, setting up event handlers...
[Graph3D] Data changed: {
  nodesLen: [33m3[39m,
  linksLen: [33m1[39m,
  key: [33m1776869757225[39m,
  timestamp: [33m1776869756222[39m
}
[Graph3D] Creating simulation: [33m3[39m nodes
[Graph3D] createGraphSimulation called: { hasObjectManager: [33mtrue[39m, hasScene: [33mtrue[39m, nodeCount: [33m3[39m, linkCount: [33m1[39m }
[Graph3D] Clearing existing objects...
[Graph3D] Calling createSimulation...
[Graph3D] Simulation created, setting up event handlers...
[Graph3D] Data changed: {
  nodesLen: [33m3[39m,
  linksLen: [33m1[39m,
  key: [33m1776869757244[39m,
  timestamp: [33m1776869756241[39m
}
[Graph3D] Creating simulation: [33m3[39m nodes
[Graph3D] createGraphSimulation called: { hasObjectManager: [33mtrue[39m, hasScene: [33mtrue[39m, nodeCount: [33m3[39m, linkCount: [33m1[39m }
[Graph3D] Clearing existing objects...
[Graph3D] Calling createSimulation...
[Graph3D] Simulation created, setting up event handlers...
[Graph3D] Data changed: {
  nodesLen: [33m3[39m,
  linksLen: [33m1[39m,
  key: [33m1776869757260[39m,
  timestamp: [33m1776869756257[39m
}
[Graph3D] Creating simulation: [33m3[39m nodes
[Graph3D] createGraphSimulation called: { hasObjectManager: [33mtrue[39m, hasScene: [33mtrue[39m, nodeCount: [33m3[39m, linkCount: [33m1[39m }
[Graph3D] Clearing existing objects...
[Graph3D] Calling createSimulation...
[Graph3D] Simulation created, setting up event handlers...
[Graph3D] Data changed: {
  nodesLen: [33m3[39m,
  linksLen: [33m1[39m,
  key: [33m1776869757276[39m,
  timestamp: [33m1776869756273[39m
}
[Graph3D] Creating simulation: [33m3[39m nodes
[Graph3D] createGraphSimulation called: { hasObjectManager: [33mtrue[39m, hasScene: [33mtrue[39m, nodeCount: [33m3[39m, linkCount: [33m1[39m }
[Graph3D] Clearing existing objects...
[Graph3D] Calling createSimulation...
[Graph3D] Simulation created, setting up event handlers...
[Graph3D] Data changed: {
  nodesLen: [33m3[39m,
  linksLen: [33m1[39m,
  key: [33m1776869757290[39m,
  timestamp: [33m1776869756287[39m
}
[Graph3D] Creating simulation: [33m3[39m nodes
[Graph3D] createGraphSimulation called: { hasObjectManager: [33mtrue[39m, hasScene: [33mtrue[39m, nodeCount: [33m3[39m, linkCount: [33m1[39m }
[Graph3D] Clearing existing objects...
[Graph3D] Calling createSimulation...
[Graph3D] Simulation created, setting up event handlers...
[Graph3D] Data changed: {
  nodesLen: [33m3[39m,
  linksLen: [33m1[39m,
  key: [33m1776869757307[39m,
  timestamp: [33m1776869756304[39m
}
[Graph3D] Creating simulation: [33m3[39m nodes
[Graph3D] createGraphSimulation called: { hasObjectManager: [33mtrue[39m, hasScene: [33mtrue[39m, nodeCount: [33m3[39m, linkCount: [33m1[39m }
[Graph3D] Clearing existing objects...
[Graph3D] Calling createSimulation...
[Graph3D] Simulation created, setting up event handlers...
[Graph3D] Data changed: {
  nodesLen: [33m3[39m,
  linksLen: [33m1[39m,
  key: [33m1776869757326[39m,
  timestamp: [33m1776869756323[39m
}
[Graph3D] Creating simulation: [33m3[39m nodes
[Graph3D] createGraphSimulation called: { hasObjectManager: [33mtrue[39m, hasScene: [33mtrue[39m, nodeCount: [33m3[39m, linkCount: [33m1[39m }
[Graph3D] Clearing existing objects...
[Graph3D] Calling createSimulation...
[Graph3D] Simulation created, setting up event handlers...
[Graph3D] Data changed: {
  nodesLen: [33m3[39m,
  linksLen: [33m1[39m,
  key: [33m1776869757348[39m,
  timestamp: [33m1776869756345[39m
}
[Graph3D] Creating simulation: [33m3[39m nodes
[Graph3D] createGraphSimulation called: { hasObjectManager: [33mtrue[39m, hasScene: [33mtrue[39m, nodeCount: [33m3[39m, linkCount: [33m1[39m }
[Graph3D] Clearing existing objects...
[Graph3D] Calling createSimulation...
[Graph3D] Simulation created, setting up event handlers...
[Graph3D] Data changed: {
  nodesLen: [33m3[39m,
  linksLen: [33m1[39m,
  key: [33m1776869757372[39m,
  timestamp: [33m1776869756369[39m
}
[Graph3D] Creating simulation: [33m3[39m nodes
[Graph3D] createGraphSimulation called: { hasObjectManager: [33mtrue[39m, hasScene: [33mtrue[39m, nodeCount: [33m3[39m, linkCount: [33m1[39m }
[Graph3D] Clearing existing objects...
[Graph3D] Calling createSimulation...
[Graph3D] Simulation created, setting up event handlers...
[Graph3D] Data changed: {
  nodesLen: [33m3[39m,
  linksLen: [33m1[39m,
  key: [33m1776869757397[39m,
  timestamp: [33m1776869756394[39m
}
[Graph3D] Creating simulation: [33m3[39m nodes
[Graph3D] createGraphSimulation called: { hasObjectManager: [33mtrue[39m, hasScene: [33mtrue[39m, nodeCount: [33m3[39m, linkCount: [33m1[39m }
[Graph3D] Clearing existing objects...
[Graph3D] Calling createSimulation...
[Graph3D] Simulation created, setting up event handlers...
[Graph3D] Data changed: {
  nodesLen: [33m3[39m,
  linksLen: [33m1[39m,
  key: [33m1776869757419[39m,
  timestamp: [33m1776869756416[39m
}
[Graph3D] Creating simulation: [33m3[39m nodes
[Graph3D] createGraphSimulation called: { hasObjectManager: [33mtrue[39m, hasScene: [33mtrue[39m, nodeCount: [33m3[39m, linkCount: [33m1[39m }
[Graph3D] Clearing existing objects...
[Graph3D] Calling createSimulation...
[Graph3D] Simulation created, setting up event handlers...
[Graph3D] Data changed: {
  nodesLen: [33m3[39m,
  linksLen: [33m1[39m,
  key: [33m1776869757443[39m,
  timestamp: [33m1776869756440[39m
}
[Graph3D] Creating simulation: [33m3[39m nodes
[Graph3D] createGraphSimulation called: { hasObjectManager: [33mtrue[39m, hasScene: [33mtrue[39m, nodeCount: [33m3[39m, linkCount: [33m1[39m }
[Graph3D] Clearing existing objects...
[Graph3D] Calling createSimulation...
[Graph3D] Simulation created, setting up event handlers...
[Graph3D] Data changed: {
  nodesLen: [33m3[39m,
  linksLen: [33m1[39m,
  key: [33m1776869757462[39m,
  timestamp: [33m1776869756459[39m
}
[Graph3D] Creating simulation: [33m3[39m nodes
[Graph3D] createGraphSimulation called: { hasObjectManager: [33mtrue[39m, hasScene: [33mtrue[39m, nodeCount: [33m3[39m, linkCount: [33m1[39m }
[Graph3D] Clearing existing objects...
[Graph3D] Calling createSimulation...
[Graph3D] Simulation created, setting up event handlers...
[Graph3D] Data changed: {
  nodesLen: [33m3[39m,
  linksLen: [33m1[39m,
  key: [33m1776869757481[39m,
  timestamp: [33m1776869756478[39m
}
[Graph3D] Creating simulation: [33m3[39m nodes
[Graph3D] createGraphSimulation called: { hasObjectManager: [33mtrue[39m, hasScene: [33mtrue[39m, nodeCount: [33m3[39m, linkCount: [33m1[39m }
[Graph3D] Clearing existing objects...
[Graph3D] Calling createSimulation...
[Graph3D] Simulation created, setting up event handlers...
[Graph3D] Data changed: {
  nodesLen: [33m3[39m,
  linksLen: [33m1[39m,
  key: [33m1776869757503[39m,
  timestamp: [33m1776869756500[39m
}
[Graph3D] Creating simulation: [33m3[39m nodes
[Graph3D] createGraphSimulation called: { hasObjectManager: [33mtrue[39m, hasScene: [33mtrue[39m, nodeCount: [33m3[39m, linkCount: [33m1[39m }
[Graph3D] Clearing existing objects...
[Graph3D] Calling createSimulation...
[Graph3D] Simulation created, setting up event handlers...
[Graph3D] Data changed: {
  nodesLen: [33m3[39m,
  linksLen: [33m1[39m,
  key: [33m1776869757523[39m,
  timestamp: [33m1776869756520[39m
}
[Graph3D] Creating simulation: [33m3[39m nodes
[Graph3D] createGraphSimulation called: { hasObjectManager: [33mtrue[39m, hasScene: [33mtrue[39m, nodeCount: [33m3[39m, linkCount: [33m1[39m }
[Graph3D] Clearing existing objects...
[Graph3D] Calling createSimulation...
[Graph3D] Simulation created, setting up event handlers...
[Graph3D] Data changed: {
  nodesLen: [33m3[39m,
  linksLen: [33m1[39m,
  key: [33m1776869757544[39m,
  timestamp: [33m1776869756541[39m
}
[Graph3D] Creating simulation: [33m3[39m nodes
[Graph3D] createGraphSimulation called: { hasObjectManager: [33mtrue[39m, hasScene: [33mtrue[39m, nodeCount: [33m3[39m, linkCount: [33m1[39m }
[Graph3D] Clearing existing objects...
[Graph3D] Calling createSimulation...
[Graph3D] Simulation created, setting up event handlers...
[Graph3D] Data changed: {
  nodesLen: [33m3[39m,
  linksLen: [33m1[39m,
  key: [33m1776869757568[39m,
  timestamp: [33m1776869756565[39m
}
[Graph3D] Creating simulation: [33m3[39m nodes
[Graph3D] createGraphSimulation called: { hasObjectManager: [33mtrue[39m, hasScene: [33mtrue[39m, nodeCount: [33m3[39m, linkCount: [33m1[39m }
[Graph3D] Clearing existing objects...
[Graph3D] Calling createSimulation...
[Graph3D] Simulation created, setting up event handlers...
[Graph3D] Data changed: {
  nodesLen: [33m3[39m,
  linksLen: [33m1[39m,
  key: [33m1776869757595[39m,
  timestamp: [33m1776869756592[39m
}
[Graph3D] Creating simulation: [33m3[39m nodes
[Graph3D] createGraphSimulation called: { hasObjectManager: [33mtrue[39m, hasScene: [33mtrue[39m, nodeCount: [33m3[39m, linkCount: [33m1[39m }
[Graph3D] Clearing existing objects...
[Graph3D] Calling createSimulation...
[Graph3D] Simulation created, setting up event handlers...
[Graph3D] Data changed: {
  nodesLen: [33m3[39m,
  linksLen: [33m1[39m,
  key: [33m1776869757612[39m,
  timestamp: [33m1776869756609[39m
}
[Graph3D] Creating simulation: [33m3[39m nodes
[Graph3D] createGraphSimulation called: { hasObjectManager: [33mtrue[39m, hasScene: [33mtrue[39m, nodeCount: [33m3[39m, linkCount: [33m1[39m }
[Graph3D] Clearing existing objects...
[Graph3D] Calling createSimulation...
[Graph3D] Simulation created, setting up event handlers...
[Graph3D] Data changed: {
  nodesLen: [33m3[39m,
  linksLen: [33m1[39m,
  key: [33m1776869757631[39m,
  timestamp: [33m1776869756628[39m
}
[Graph3D] Creating simulation: [33m3[39m nodes
[Graph3D] createGraphSimulation called: { hasObjectManager: [33mtrue[39m, hasScene: [33mtrue[39m, nodeCount: [33m3[39m, linkCount: [33m1[39m }
[Graph3D] Clearing existing objects...
[Graph3D] Calling createSimulation...
[Graph3D] Simulation created, setting up event handlers...
[Graph3D] Data changed: {
  nodesLen: [33m3[39m,
  linksLen: [33m1[39m,
  key: [33m1776869757650[39m,
  timestamp: [33m1776869756647[39m
}
[Graph3D] Creating simulation: [33m3[39m nodes
[Graph3D] createGraphSimulation called: { hasObjectManager: [33mtrue[39m, hasScene: [33mtrue[39m, nodeCount: [33m3[39m, linkCount: [33m1[39m }
[Graph3D] Clearing existing objects...
[Graph3D] Calling createSimulation...
[Graph3D] Simulation created, setting up event handlers...
[Graph3D] Data changed: {
  nodesLen: [33m3[39m,
  linksLen: [33m1[39m,
  key: [33m1776869757670[39m,
  timestamp: [33m1776869756667[39m
}
[Graph3D] Creating simulation: [33m3[39m nodes
[Graph3D] createGraphSimulation called: { hasObjectManager: [33mtrue[39m, hasScene: [33mtrue[39m, nodeCount: [33m3[39m, linkCount: [33m1[39m }
[Graph3D] Clearing existing objects...
[Graph3D] Calling createSimulation...
[Graph3D] Simulation created, setting up event handlers...
[Graph3D] Data changed: {
  nodesLen: [33m3[39m,
  linksLen: [33m1[39m,
  key: [33m1776869757688[39m,
  timestamp: [33m1776869756685[39m
}
[Graph3D] Creating simulation: [33m3[39m nodes
[Graph3D] createGraphSimulation called: { hasObjectManager: [33mtrue[39m, hasScene: [33mtrue[39m, nodeCount: [33m3[39m, linkCount: [33m1[39m }
[Graph3D] Clearing existing objects...
[Graph3D] Calling createSimulation...
[Graph3D] Simulation created, setting up event handlers...
[Graph3D] Data changed: {
  nodesLen: [33m3[39m,
  linksLen: [33m1[39m,
  key: [33m1776869757703[39m,
  timestamp: [33m1776869756700[39m
}
[Graph3D] Creating simulation: [33m3[39m nodes
[Graph3D] createGraphSimulation called: { hasObjectManager: [33mtrue[39m, hasScene: [33mtrue[39m, nodeCount: [33m3[39m, linkCount: [33m1[39m }
[Graph3D] Clearing existing objects...
[Graph3D] Calling createSimulation...
[Graph3D] Simulation created, setting up event handlers...
[Graph3D] Data changed: {
  nodesLen: [33m3[39m,
  linksLen: [33m1[39m,
  key: [33m1776869757723[39m,
  timestamp: [33m1776869756720[39m
}
[Graph3D] Creating simulation: [33m3[39m nodes
[Graph3D] createGraphSimulation called: { hasObjectManager: [33mtrue[39m, hasScene: [33mtrue[39m, nodeCount: [33m3[39m, linkCount: [33m1[39m }
[Graph3D] Clearing existing objects...
[Graph3D] Calling createSimulation...
[Graph3D] Simulation created, setting up event handlers...
[Graph3D] Data changed: {
  nodesLen: [33m3[39m,
  linksLen: [33m1[39m,
  key: [33m1776869757743[39m,
  timestamp: [33m1776869756740[39m
}
[Graph3D] Creating simulation: [33m3[39m nodes
[Graph3D] createGraphSimulation called: { hasObjectManager: [33mtrue[39m, hasScene: [33mtrue[39m, nodeCount: [33m3[39m, linkCount: [33m1[39m }
[Graph3D] Clearing existing objects...
[Graph3D] Calling createSimulation...
[Graph3D] Simulation created, setting up event handlers...
[Graph3D] Data changed: {
  nodesLen: [33m3[39m,
  linksLen: [33m1[39m,
  key: [33m1776869757763[39m,
  timestamp: [33m1776869756760[39m
}
[Graph3D] Creating simulation: [33m3[39m nodes
[Graph3D] createGraphSimulation called: { hasObjectManager: [33mtrue[39m, hasScene: [33mtrue[39m, nodeCount: [33m3[39m, linkCount: [33m1[39m }
[Graph3D] Clearing existing objects...
[Graph3D] Calling createSimulation...
[Graph3D] Simulation created, setting up event handlers...
[Graph3D] Data changed: {
  nodesLen: [33m3[39m,
  linksLen: [33m1[39m,
  key: [33m1776869757786[39m,
  timestamp: [33m1776869756783[39m
}
[Graph3D] Creating simulation: [33m3[39m nodes
[Graph3D] createGraphSimulation called: { hasObjectManager: [33mtrue[39m, hasScene: [33mtrue[39m, nodeCount: [33m3[39m, linkCount: [33m1[39m }
[Graph3D] Clearing existing objects...
[Graph3D] Calling createSimulation...
[Graph3D] Simulation created, setting up event handlers...
[Graph3D] Data changed: {
  nodesLen: [33m3[39m,
  linksLen: [33m1[39m,
  key: [33m1776869757805[39m,
  timestamp: [33m1776869756802[39m
}
[Graph3D] Creating simulation: [33m3[39m nodes
[Graph3D] createGraphSimulation called: { hasObjectManager: [33mtrue[39m, hasScene: [33mtrue[39m, nodeCount: [33m3[39m, linkCount: [33m1[39m }
[Graph3D] Clearing existing objects...
[Graph3D] Calling createSimulation...
[Graph3D] Simulation created, setting up event handlers...
[Graph3D] Data changed: {
  nodesLen: [33m3[39m,
  linksLen: [33m1[39m,
  key: [33m1776869757823[39m,
  timestamp: [33m1776869756820[39m
}
[Graph3D] Creating simulation: [33m3[39m nodes
[Graph3D] createGraphSimulation called: { hasObjectManager: [33mtrue[39m, hasScene: [33mtrue[39m, nodeCount: [33m3[39m, linkCount: [33m1[39m }
[Graph3D] Clearing existing objects...
[Graph3D] Calling createSimulation...
[Graph3D] Simulation created, setting up event handlers...
[Graph3D] Data changed: {
  nodesLen: [33m3[39m,
  linksLen: [33m1[39m,
  key: [33m1776869757842[39m,
  timestamp: [33m1776869756839[39m
}
[Graph3D] Creating simulation: [33m3[39m nodes
[Graph3D] createGraphSimulation called: { hasObjectManager: [33mtrue[39m, hasScene: [33mtrue[39m, nodeCount: [33m3[39m, linkCount: [33m1[39m }
[Graph3D] Clearing existing objects...
[Graph3D] Calling createSimulation...
[Graph3D] Simulation created, setting up event handlers...
[Graph3D] Data changed: {
  nodesLen: [33m3[39m,
  linksLen: [33m1[39m,
  key: [33m1776869757861[39m,
  timestamp: [33m1776869756858[39m
}
[Graph3D] Creating simulation: [33m3[39m nodes
[Graph3D] createGraphSimulation called: { hasObjectManager: [33mtrue[39m, hasScene: [33mtrue[39m, nodeCount: [33m3[39m, linkCount: [33m1[39m }
[Graph3D] Clearing existing objects...
[Graph3D] Calling createSimulation...
[Graph3D] Simulation created, setting up event handlers...
[Graph3D] Data changed: {
  nodesLen: [33m3[39m,
  linksLen: [33m1[39m,
  key: [33m1776869757880[39m,
  timestamp: [33m1776869756877[39m
}
[Graph3D] Creating simulation: [33m3[39m nodes
[Graph3D] createGraphSimulation called: { hasObjectManager: [33mtrue[39m, hasScene: [33mtrue[39m, nodeCount: [33m3[39m, linkCount: [33m1[39m }
[Graph3D] Clearing existing objects...
[Graph3D] Calling createSimulation...
[Graph3D] Simulation created, setting up event handlers...
[Graph3D] Data changed: {
  nodesLen: [33m3[39m,
  linksLen: [33m1[39m,
  key: [33m1776869757896[39m,
  timestamp: [33m1776869756893[39m
}
[Graph3D] Creating simulation: [33m3[39m nodes
[Graph3D] createGraphSimulation called: { hasObjectManager: [33mtrue[39m, hasScene: [33mtrue[39m, nodeCount: [33m3[39m, linkCount: [33m1[39m }
[Graph3D] Clearing existing objects...
[Graph3D] Calling createSimulation...
[Graph3D] Simulation created, setting up event handlers...
[Graph3D] Data changed: {
  nodesLen: [33m3[39m,
  linksLen: [33m1[39m,
  key: [33m1776869757915[39m,
  timestamp: [33m1776869756912[39m
}
[Graph3D] Creating simulation: [33m3[39m nodes
[Graph3D] createGraphSimulation called: { hasObjectManager: [33mtrue[39m, hasScene: [33mtrue[39m, nodeCount: [33m3[39m, linkCount: [33m1[39m }
[Graph3D] Clearing existing objects...
[Graph3D] Calling createSimulation...
[Graph3D] Simulation created, setting up event handlers...
[Graph3D] Data changed: {
  nodesLen: [33m3[39m,
  linksLen: [33m1[39m,
  key: [33m1776869757934[39m,
  timestamp: [33m1776869756931[39m
}
[Graph3D] Creating simulation: [33m3[39m nodes
[Graph3D] createGraphSimulation called: { hasObjectManager: [33mtrue[39m, hasScene: [33mtrue[39m, nodeCount: [33m3[39m, linkCount: [33m1[39m }
[Graph3D] Clearing existing objects...
[Graph3D] Calling createSimulation...
[Graph3D] Simulation created, setting up event handlers...
[Graph3D] Data changed: {
  nodesLen: [33m3[39m,
  linksLen: [33m1[39m,
  key: [33m1776869757952[39m,
  timestamp: [33m1776869756949[39m
}
[Graph3D] Creating simulation: [33m3[39m nodes
[Graph3D] createGraphSimulation called: { hasObjectManager: [33mtrue[39m, hasScene: [33mtrue[39m, nodeCount: [33m3[39m, linkCount: [33m1[39m }
[Graph3D] Clearing existing objects...
[Graph3D] Calling createSimulation...
[Graph3D] Simulation created, setting up event handlers...
[Graph3D] Data changed: {
  nodesLen: [33m3[39m,
  linksLen: [33m1[39m,
  key: [33m1776869757971[39m,
  timestamp: [33m1776869756968[39m
}
[Graph3D] Creating simulation: [33m3[39m nodes
[Graph3D] createGraphSimulation called: { hasObjectManager: [33mtrue[39m, hasScene: [33mtrue[39m, nodeCount: [33m3[39m, linkCount: [33m1[39m }
[Graph3D] Clearing existing objects...
[Graph3D] Calling createSimulation...
[Graph3D] Simulation created, setting up event handlers...
[Graph3D] Data changed: {
  nodesLen: [33m3[39m,
  linksLen: [33m1[39m,
  key: [33m1776869757996[39m,
  timestamp: [33m1776869756993[39m
}
[Graph3D] Creating simulation: [33m3[39m nodes
[Graph3D] createGraphSimulation called: { hasObjectManager: [33mtrue[39m, hasScene: [33mtrue[39m, nodeCount: [33m3[39m, linkCount: [33m1[39m }
[Graph3D] Clearing existing objects...
[Graph3D] Calling createSimulation...
[Graph3D] Simulation created, setting up event handlers...
[Graph3D] Data changed: {
  nodesLen: [33m3[39m,
  linksLen: [33m1[39m,
  key: [33m1776869758017[39m,
  timestamp: [33m1776869757014[39m
}
[Graph3D] Creating simulation: [33m3[39m nodes
[Graph3D] createGraphSimulation called: { hasObjectManager: [33mtrue[39m, hasScene: [33mtrue[39m, nodeCount: [33m3[39m, linkCount: [33m1[39m }
[Graph3D] Clearing existing objects...
[Graph3D] Calling createSimulation...
[Graph3D] Simulation created, setting up event handlers...
[Graph3D] Data changed: {
  nodesLen: [33m3[39m,
  linksLen: [33m1[39m,
  key: [33m1776869758038[39m,
  timestamp: [33m1776869757035[39m
}
[Graph3D] Creating simulation: [33m3[39m nodes
[Graph3D] createGraphSimulation called: { hasObjectManager: [33mtrue[39m, hasScene: [33mtrue[39m, nodeCount: [33m3[39m, linkCount: [33m1[39m }
[Graph3D] Clearing existing objects...
[Graph3D] Calling createSimulation...
[Graph3D] Simulation created, setting up event handlers...
[Graph3D] Data changed: {
  nodesLen: [33m3[39m,
  linksLen: [33m1[39m,
  key: [33m1776869758062[39m,
  timestamp: [33m1776869757059[39m
}
[Graph3D] Creating simulation: [33m3[39m nodes
[Graph3D] createGraphSimulation called: { hasObjectManager: [33mtrue[39m, hasScene: [33mtrue[39m, nodeCount: [33m3[39m, linkCount: [33m1[39m }
[Graph3D] Clearing existing objects...
[Graph3D] Calling createSimulation...
[Graph3D] Simulation created, setting up event handlers...
[Graph3D] Data changed: {
  nodesLen: [33m3[39m,
  linksLen: [33m1[39m,
  key: [33m1776869758082[39m,
  timestamp: [33m1776869757079[39m
}
[Graph3D] Creating simulation: [33m3[39m nodes
[Graph3D] createGraphSimulation called: { hasObjectManager: [33mtrue[39m, hasScene: [33mtrue[39m, nodeCount: [33m3[39m, linkCount: [33m1[39m }
[Graph3D] Clearing existing objects...
[Graph3D] Calling createSimulation...
[Graph3D] Simulation created, setting up event handlers...
[Graph3D] Data changed: {
  nodesLen: [33m3[39m,
  linksLen: [33m1[39m,
  key: [33m1776869758102[39m,
  timestamp: [33m1776869757099[39m
}
[Graph3D] Creating simulation: [33m3[39m nodes
[Graph3D] createGraphSimulation called: { hasObjectManager: [33mtrue[39m, hasScene: [33mtrue[39m, nodeCount: [33m3[39m, linkCount: [33m1[39m }
[Graph3D] Clearing existing objects...
[Graph3D] Calling createSimulation...
[Graph3D] Simulation created, setting up event handlers...
[Graph3D] Data changed: {
  nodesLen: [33m3[39m,
  linksLen: [33m1[39m,
  key: [33m1776869758121[39m,
  timestamp: [33m1776869757118[39m
}
[Graph3D] Creating simulation: [33m3[39m nodes
[Graph3D] createGraphSimulation called: { hasObjectManager: [33mtrue[39m, hasScene: [33mtrue[39m, nodeCount: [33m3[39m, linkCount: [33m1[39m }
[Graph3D] Clearing existing objects...
[Graph3D] Calling createSimulation...
[Graph3D] Simulation created, setting up event handlers...
[Graph3D] Data changed: {
  nodesLen: [33m3[39m,
  linksLen: [33m1[39m,
  key: [33m1776869758143[39m,
  timestamp: [33m1776869757140[39m
}
[Graph3D] Creating simulation: [33m3[39m nodes
[Graph3D] createGraphSimulation called: { hasObjectManager: [33mtrue[39m, hasScene: [33mtrue[39m, nodeCount: [33m3[39m, linkCount: [33m1[39m }
[Graph3D] Clearing existing objects...
[Graph3D] Calling createSimulation...
[Graph3D] Simulation created, setting up event handlers...
[Graph3D] Data changed: {
  nodesLen: [33m3[39m,
  linksLen: [33m1[39m,
  key: [33m1776869758161[39m,
  timestamp: [33m1776869757158[39m
}
[Graph3D] Creating simulation: [33m3[39m nodes
[Graph3D] createGraphSimulation called: { hasObjectManager: [33mtrue[39m, hasScene: [33mtrue[39m, nodeCount: [33m3[39m, linkCount: [33m1[39m }
[Graph3D] Clearing existing objects...
[Graph3D] Calling createSimulation...
[Graph3D] Simulation created, setting up event handlers...
[Graph3D] Data changed: {
  nodesLen: [33m3[39m,
  linksLen: [33m1[39m,
  key: [33m1776869758183[39m,
  timestamp: [33m1776869757180[39m
}
[Graph3D] Creating simulation: [33m3[39m nodes
[Graph3D] createGraphSimulation called: { hasObjectManager: [33mtrue[39m, hasScene: [33mtrue[39m, nodeCount: [33m3[39m, linkCount: [33m1[39m }
[Graph3D] Clearing existing objects...
[Graph3D] Calling createSimulation...
[Graph3D] Simulation created, setting up event handlers...
[Graph3D] Data changed: {
  nodesLen: [33m3[39m,
  linksLen: [33m1[39m,
  key: [33m1776869758202[39m,
  timestamp: [33m1776869757199[39m
}
[Graph3D] Creating simulation: [33m3[39m nodes
[Graph3D] createGraphSimulation called: { hasObjectManager: [33mtrue[39m, hasScene: [33mtrue[39m, nodeCount: [33m3[39m, linkCount: [33m1[39m }
[Graph3D] Clearing existing objects...
[Graph3D] Calling createSimulation...
[Graph3D] Simulation created, setting up event handlers...
[Graph3D] Data changed: {
  nodesLen: [33m3[39m,
  linksLen: [33m1[39m,
  key: [33m1776869758222[39m,
  timestamp: [33m1776869757219[39m
}
[Graph3D] Creating simulation: [33m3[39m nodes
[Graph3D] createGraphSimulation called: { hasObjectManager: [33mtrue[39m, hasScene: [33mtrue[39m, nodeCount: [33m3[39m, linkCount: [33m1[39m }
[Graph3D] Clearing existing objects...
[Graph3D] Calling createSimulation...
[Graph3D] Simulation created, setting up event handlers...
[Graph3D] Data changed: {
  nodesLen: [33m3[39m,
  linksLen: [33m1[39m,
  key: [33m1776869758243[39m,
  timestamp: [33m1776869757240[39m
}
[Graph3D] Creating simulation: [33m3[39m nodes
[Graph3D] createGraphSimulation called: { hasObjectManager: [33mtrue[39m, hasScene: [33mtrue[39m, nodeCount: [33m3[39m, linkCount: [33m1[39m }
[Graph3D] Clearing existing objects...
[Graph3D] Calling createSimulation...
[Graph3D] Simulation created, setting up event handlers...
[Graph3D] Data changed: {
  nodesLen: [33m3[39m,
  linksLen: [33m1[39m,
  key: [33m1776869758264[39m,
  timestamp: [33m1776869757261[39m
}
[Graph3D] Creating simulation: [33m3[39m nodes
[Graph3D] createGraphSimulation called: { hasObjectManager: [33mtrue[39m, hasScene: [33mtrue[39m, nodeCount: [33m3[39m, linkCount: [33m1[39m }
[Graph3D] Clearing existing objects...
[Graph3D] Calling createSimulation...
[Graph3D] Simulation created, setting up event handlers...
[Graph3D] Data changed: {
  nodesLen: [33m3[39m,
  linksLen: [33m1[39m,
  key: [33m1776869758283[39m,
  timestamp: [33m1776869757280[39m
}
[Graph3D] Creating simulation: [33m3[39m nodes
[Graph3D] createGraphSimulation called: { hasObjectManager: [33mtrue[39m, hasScene: [33mtrue[39m, nodeCount: [33m3[39m, linkCount: [33m1[39m }
[Graph3D] Clearing existing objects...
[Graph3D] Calling createSimulation...
[Graph3D] Simulation created, setting up event handlers...
[Graph3D] Data changed: {
  nodesLen: [33m3[39m,
  linksLen: [33m1[39m,
  key: [33m1776869758303[39m,
  timestamp: [33m1776869757300[39m
}
[Graph3D] Creating simulation: [33m3[39m nodes
[Graph3D] createGraphSimulation called: { hasObjectManager: [33mtrue[39m, hasScene: [33mtrue[39m, nodeCount: [33m3[39m, linkCount: [33m1[39m }
[Graph3D] Clearing existing objects...
[Graph3D] Calling createSimulation...
[Graph3D] Simulation created, setting up event handlers...
[Graph3D] Data changed: {
  nodesLen: [33m3[39m,
  linksLen: [33m1[39m,
  key: [33m1776869758323[39m,
  timestamp: [33m1776869757320[39m
}
[Graph3D] Creating simulation: [33m3[39m nodes
[Graph3D] createGraphSimulation called: { hasObjectManager: [33mtrue[39m, hasScene: [33mtrue[39m, nodeCount: [33m3[39m, linkCount: [33m1[39m }
[Graph3D] Clearing existing objects...
[Graph3D] Calling createSimulation...
[Graph3D] Simulation created, setting up event handlers...
[Graph3D] Data changed: {
  nodesLen: [33m3[39m,
  linksLen: [33m1[39m,
  key: [33m1776869758342[39m,
  timestamp: [33m1776869757339[39m
}
[Graph3D] Creating simulation: [33m3[39m nodes
[Graph3D] createGraphSimulation called: { hasObjectManager: [33mtrue[39m, hasScene: [33mtrue[39m, nodeCount: [33m3[39m, linkCount: [33m1[39m }
[Graph3D] Clearing existing objects...
[Graph3D] Calling createSimulation...
[Graph3D] Simulation created, setting up event handlers...
[Graph3D] Data changed: {
  nodesLen: [33m3[39m,
  linksLen: [33m1[39m,
  key: [33m1776869758364[39m,
  timestamp: [33m1776869757361[39m
}
[Graph3D] Creating simulation: [33m3[39m nodes
[Graph3D] createGraphSimulation called: { hasObjectManager: [33mtrue[39m, hasScene: [33mtrue[39m, nodeCount: [33m3[39m, linkCount: [33m1[39m }
[Graph3D] Clearing existing objects...
[Graph3D] Calling createSimulation...
[Graph3D] Simulation created, setting up event handlers...
[Graph3D] Data changed: {
  nodesLen: [33m3[39m,
  linksLen: [33m1[39m,
  key: [33m1776869758385[39m,
  timestamp: [33m1776869757382[39m
}
[Graph3D] Creating simulation: [33m3[39m nodes
[Graph3D] createGraphSimulation called: { hasObjectManager: [33mtrue[39m, hasScene: [33mtrue[39m, nodeCount: [33m3[39m, linkCount: [33m1[39m }
[Graph3D] Clearing existing objects...
[Graph3D] Calling createSimulation...
[Graph3D] Simulation created, setting up event handlers...
[Graph3D] Data changed: {
  nodesLen: [33m3[39m,
  linksLen: [33m1[39m,
  key: [33m1776869758405[39m,
  timestamp: [33m1776869757402[39m
}
[Graph3D] Creating simulation: [33m3[39m nodes
[Graph3D] createGraphSimulation called: { hasObjectManager: [33mtrue[39m, hasScene: [33mtrue[39m, nodeCount: [33m3[39m, linkCount: [33m1[39m }
[Graph3D] Clearing existing objects...
[Graph3D] Calling createSimulation...
[Graph3D] Simulation created, setting up event handlers...
[Graph3D] Data changed: {
  nodesLen: [33m3[39m,
  linksLen: [33m1[39m,
  key: [33m1776869758425[39m,
  timestamp: [33m1776869757422[39m
}
[Graph3D] Creating simulation: [33m3[39m nodes
[Graph3D] createGraphSimulation called: { hasObjectManager: [33mtrue[39m, hasScene: [33mtrue[39m, nodeCount: [33m3[39m, linkCount: [33m1[39m }
[Graph3D] Clearing existing objects...
[Graph3D] Calling createSimulation...
[Graph3D] Simulation created, setting up event handlers...
[Graph3D] Data changed: {
  nodesLen: [33m3[39m,
  linksLen: [33m1[39m,
  key: [33m1776869758446[39m,
  timestamp: [33m1776869757443[39m
}
[Graph3D] Creating simulation: [33m3[39m nodes
[Graph3D] createGraphSimulation called: { hasObjectManager: [33mtrue[39m, hasScene: [33mtrue[39m, nodeCount: [33m3[39m, linkCount: [33m1[39m }
[Graph3D] Clearing existing objects...
[Graph3D] Calling createSimulation...
[Graph3D] Simulation created, setting up event handlers...
[Graph3D] Data changed: {
  nodesLen: [33m3[39m,
  linksLen: [33m1[39m,
  key: [33m1776869758466[39m,
  timestamp: [33m1776869757463[39m
}
[Graph3D] Creating simulation: [33m3[39m nodes
[Graph3D] createGraphSimulation called: { hasObjectManager: [33mtrue[39m, hasScene: [33mtrue[39m, nodeCount: [33m3[39m, linkCount: [33m1[39m }
[Graph3D] Clearing existing objects...
[Graph3D] Calling createSimulation...
[Graph3D] Simulation created, setting up event handlers...
[Graph3D] Data changed: {
  nodesLen: [33m3[39m,
  linksLen: [33m1[39m,
  key: [33m1776869758488[39m,
  timestamp: [33m1776869757485[39m
}
[Graph3D] Creating simulation: [33m3[39m nodes
[Graph3D] createGraphSimulation called: { hasObjectManager: [33mtrue[39m, hasScene: [33mtrue[39m, nodeCount: [33m3[39m, linkCount: [33m1[39m }
[Graph3D] Clearing existing objects...
[Graph3D] Calling createSimulation...
[Graph3D] Simulation created, setting up event handlers...
[Graph3D] Data changed: {
  nodesLen: [33m3[39m,
  linksLen: [33m1[39m,
  key: [33m1776869758511[39m,
  timestamp: [33m1776869757508[39m
}
[Graph3D] Creating simulation: [33m3[39m nodes
[Graph3D] createGraphSimulation called: { hasObjectManager: [33mtrue[39m, hasScene: [33mtrue[39m, nodeCount: [33m3[39m, linkCount: [33m1[39m }
[Graph3D] Clearing existing objects...
[Graph3D] Calling createSimulation...
[Graph3D] Simulation created, setting up event handlers...
[Graph3D] Data changed: {
  nodesLen: [33m3[39m,
  linksLen: [33m1[39m,
  key: [33m1776869758534[39m,
  timestamp: [33m1776869757531[39m
}
[Graph3D] Creating simulation: [33m3[39m nodes
[Graph3D] createGraphSimulation called: { hasObjectManager: [33mtrue[39m, hasScene: [33mtrue[39m, nodeCount: [33m3[39m, linkCount: [33m1[39m }
[Graph3D] Clearing existing objects...
[Graph3D] Calling createSimulation...
[Graph3D] Simulation created, setting up event handlers...
[Graph3D] Data changed: {
  nodesLen: [33m3[39m,
  linksLen: [33m1[39m,
  key: [33m1776869758558[39m,
  timestamp: [33m1776869757555[39m
}
[Graph3D] Creating simulation: [33m3[39m nodes
[Graph3D] createGraphSimulation called: { hasObjectManager: [33mtrue[39m, hasScene: [33mtrue[39m, nodeCount: [33m3[39m, linkCount: [33m1[39m }
[Graph3D] Clearing existing objects...
[Graph3D] Calling createSimulation...
[Graph3D] Simulation created, setting up event handlers...
[Graph3D] Data changed: {
  nodesLen: [33m3[39m,
  linksLen: [33m1[39m,
  key: [33m1776869758583[39m,
  timestamp: [33m1776869757580[39m
}
[Graph3D] Creating simulation: [33m3[39m nodes
[Graph3D] createGraphSimulation called: { hasObjectManager: [33mtrue[39m, hasScene: [33mtrue[39m, nodeCount: [33m3[39m, linkCount: [33m1[39m }
[Graph3D] Clearing existing objects...
[Graph3D] Calling createSimulation...
[Graph3D] Simulation created, setting up event handlers...
[Graph3D] Data changed: {
  nodesLen: [33m3[39m,
  linksLen: [33m1[39m,
  key: [33m1776869758605[39m,
  timestamp: [33m1776869757602[39m
}
[Graph3D] Creating simulation: [33m3[39m nodes
[Graph3D] createGraphSimulation called: { hasObjectManager: [33mtrue[39m, hasScene: [33mtrue[39m, nodeCount: [33m3[39m, linkCount: [33m1[39m }
[Graph3D] Clearing existing objects...
[Graph3D] Calling createSimulation...
[Graph3D] Simulation created, setting up event handlers...
[Graph3D] Data changed: {
  nodesLen: [33m3[39m,
  linksLen: [33m1[39m,
  key: [33m1776869758626[39m,
  timestamp: [33m1776869757623[39m
}
[Graph3D] Creating simulation: [33m3[39m nodes
[Graph3D] createGraphSimulation called: { hasObjectManager: [33mtrue[39m, hasScene: [33mtrue[39m, nodeCount: [33m3[39m, linkCount: [33m1[39m }
[Graph3D] Clearing existing objects...
[Graph3D] Calling createSimulation...
[Graph3D] Simulation created, setting up event handlers...
[Graph3D] Data changed: {
  nodesLen: [33m3[39m,
  linksLen: [33m1[39m,
  key: [33m1776869758645[39m,
  timestamp: [33m1776869757642[39m
}
[Graph3D] Creating simulation: [33m3[39m nodes
[Graph3D] createGraphSimulation called: { hasObjectManager: [33mtrue[39m, hasScene: [33mtrue[39m, nodeCount: [33m3[39m, linkCount: [33m1[39m }
[Graph3D] Clearing existing objects...
[Graph3D] Calling createSimulation...
[Graph3D] Simulation created, setting up event handlers...
[Graph3D] Data changed: {
  nodesLen: [33m3[39m,
  linksLen: [33m1[39m,
  key: [33m1776869758667[39m,
  timestamp: [33m1776869757664[39m
}
[Graph3D] Creating simulation: [33m3[39m nodes
[Graph3D] createGraphSimulation called: { hasObjectManager: [33mtrue[39m, hasScene: [33mtrue[39m, nodeCount: [33m3[39m, linkCount: [33m1[39m }
[Graph3D] Clearing existing objects...
[Graph3D] Calling createSimulation...
[Graph3D] Simulation created, setting up event handlers...
[Graph3D] Data changed: {
  nodesLen: [33m3[39m,
  linksLen: [33m1[39m,
  key: [33m1776869758688[39m,
  timestamp: [33m1776869757685[39m
}
[Graph3D] Creating simulation: [33m3[39m nodes
[Graph3D] createGraphSimulation called: { hasObjectManager: [33mtrue[39m, hasScene: [33mtrue[39m, nodeCount: [33m3[39m, linkCount: [33m1[39m }
[Graph3D] Clearing existing objects...
[Graph3D] Calling createSimulation...
[Graph3D] Simulation created, setting up event handlers...
[Graph3D] Data changed: {
  nodesLen: [33m3[39m,
  linksLen: [33m1[39m,
  key: [33m1776869758709[39m,
  timestamp: [33m1776869757706[39m
}
[Graph3D] Creating simulation: [33m3[39m nodes
[Graph3D] createGraphSimulation called: { hasObjectManager: [33mtrue[39m, hasScene: [33mtrue[39m, nodeCount: [33m3[39m, linkCount: [33m1[39m }
[Graph3D] Clearing existing objects...
[Graph3D] Calling createSimulation...
[Graph3D] Simulation created, setting up event handlers...
[Graph3D] Data changed: {
  nodesLen: [33m3[39m,
  linksLen: [33m1[39m,
  key: [33m1776869758731[39m,
  timestamp: [33m1776869757728[39m
}
[Graph3D] Creating simulation: [33m3[39m nodes
[Graph3D] createGraphSimulation called: { hasObjectManager: [33mtrue[39m, hasScene: [33mtrue[39m, nodeCount: [33m3[39m, linkCount: [33m1[39m }
[Graph3D] Clearing existing objects...
[Graph3D] Calling createSimulation...
[Graph3D] Simulation created, setting up event handlers...
[Graph3D] Data changed: {
  nodesLen: [33m3[39m,
  linksLen: [33m1[39m,
  key: [33m1776869758752[39m,
  timestamp: [33m1776869757749[39m
}
[Graph3D] Creating simulation: [33m3[39m nodes
[Graph3D] createGraphSimulation called: { hasObjectManager: [33mtrue[39m, hasScene: [33mtrue[39m, nodeCount: [33m3[39m, linkCount: [33m1[39m }
[Graph3D] Clearing existing objects...
[Graph3D] Calling createSimulation...
[Graph3D] Simulation created, setting up event handlers...
[Graph3D] Data changed: {
  nodesLen: [33m3[39m,
  linksLen: [33m1[39m,
  key: [33m1776869758773[39m,
  timestamp: [33m1776869757770[39m
}
[Graph3D] Creating simulation: [33m3[39m nodes
[Graph3D] createGraphSimulation called: { hasObjectManager: [33mtrue[39m, hasScene: [33mtrue[39m, nodeCount: [33m3[39m, linkCount: [33m1[39m }
[Graph3D] Clearing existing objects...
[Graph3D] Calling createSimulation...
[Graph3D] Simulation created, setting up event handlers...
[Graph3D] Data changed: {
  nodesLen: [33m3[39m,
  linksLen: [33m1[39m,
  key: [33m1776869758794[39m,
  timestamp: [33m1776869757791[39m
}
[Graph3D] Creating simulation: [33m3[39m nodes
[Graph3D] createGraphSimulation called: { hasObjectManager: [33mtrue[39m, hasScene: [33mtrue[39m, nodeCount: [33m3[39m, linkCount: [33m1[39m }
[Graph3D] Clearing existing objects...
[Graph3D] Calling createSimulation...
[Graph3D] Simulation created, setting up event handlers...
[Graph3D] Data changed: {
  nodesLen: [33m3[39m,
  linksLen: [33m1[39m,
  key: [33m1776869758816[39m,
  timestamp: [33m1776869757813[39m
}
[Graph3D] Creating simulation: [33m3[39m nodes
[Graph3D] createGraphSimulation called: { hasObjectManager: [33mtrue[39m, hasScene: [33mtrue[39m, nodeCount: [33m3[39m, linkCount: [33m1[39m }
[Graph3D] Clearing existing objects...
[Graph3D] Calling createSimulation...
[Graph3D] Simulation created, setting up event handlers...
[Graph3D] Data changed: {
  nodesLen: [33m3[39m,
  linksLen: [33m1[39m,
  key: [33m1776869758838[39m,
  timestamp: [33m1776869757835[39m
}
[Graph3D] Creating simulation: [33m3[39m nodes
[Graph3D] createGraphSimulation called: { hasObjectManager: [33mtrue[39m, hasScene: [33mtrue[39m, nodeCount: [33m3[39m, linkCount: [33m1[39m }
[Graph3D] Clearing existing objects...
[Graph3D] Calling createSimulation...
[Graph3D] Simulation created, setting up event handlers...
[Graph3D] Data changed: {
  nodesLen: [33m3[39m,
  linksLen: [33m1[39m,
  key: [33m1776869758860[39m,
  timestamp: [33m1776869757857[39m
}
[Graph3D] Creating simulation: [33m3[39m nodes
[Graph3D] createGraphSimulation called: { hasObjectManager: [33mtrue[39m, hasScene: [33mtrue[39m, nodeCount: [33m3[39m, linkCount: [33m1[39m }
[Graph3D] Clearing existing objects...
[Graph3D] Calling createSimulation...
[Graph3D] Simulation created, setting up event handlers...
[Graph3D] Data changed: {
  nodesLen: [33m3[39m,
  linksLen: [33m1[39m,
  key: [33m1776869758881[39m,
  timestamp: [33m1776869757878[39m
}
[Graph3D] Creating simulation: [33m3[39m nodes
[Graph3D] createGraphSimulation called: { hasObjectManager: [33mtrue[39m, hasScene: [33mtrue[39m, nodeCount: [33m3[39m, linkCount: [33m1[39m }
[Graph3D] Clearing existing objects...
[Graph3D] Calling createSimulation...
[Graph3D] Simulation created, setting up event handlers...
[Graph3D] Data changed: {
  nodesLen: [33m3[39m,
  linksLen: [33m1[39m,
  key: [33m1776869758902[39m,
  timestamp: [33m1776869757899[39m
}
[Graph3D] Creating simulation: [33m3[39m nodes
[Graph3D] createGraphSimulation called: { hasObjectManager: [33mtrue[39m, hasScene: [33mtrue[39m, nodeCount: [33m3[39m, linkCount: [33m1[39m }
[Graph3D] Clearing existing objects...
[Graph3D] Calling createSimulation...
[Graph3D] Simulation created, setting up event handlers...
[Graph3D] Data changed: {
  nodesLen: [33m3[39m,
  linksLen: [33m1[39m,
  key: [33m1776869758924[39m,
  timestamp: [33m1776869757921[39m
}
[Graph3D] Creating simulation: [33m3[39m nodes
[Graph3D] createGraphSimulation called: { hasObjectManager: [33mtrue[39m, hasScene: [33mtrue[39m, nodeCount: [33m3[39m, linkCount: [33m1[39m }
[Graph3D] Clearing existing objects...
[Graph3D] Calling createSimulation...
[Graph3D] Simulation created, setting up event handlers...
[Graph3D] Data changed: {
  nodesLen: [33m3[39m,
  linksLen: [33m1[39m,
  key: [33m1776869758946[39m,
  timestamp: [33m1776869757943[39m
}
[Graph3D] Creating simulation: [33m3[39m nodes
[Graph3D] createGraphSimulation called: { hasObjectManager: [33mtrue[39m, hasScene: [33mtrue[39m, nodeCount: [33m3[39m, linkCount: [33m1[39m }
[Graph3D] Clearing existing objects...
[Graph3D] Calling createSimulation...
[Graph3D] Simulation created, setting up event handlers...
[Graph3D] Data changed: {
  nodesLen: [33m3[39m,
  linksLen: [33m1[39m,
  key: [33m1776869758967[39m,
  timestamp: [33m1776869757964[39m
}
[Graph3D] Creating simulation: [33m3[39m nodes
[Graph3D] createGraphSimulation called: { hasObjectManager: [33mtrue[39m, hasScene: [33mtrue[39m, nodeCount: [33m3[39m, linkCount: [33m1[39m }
[Graph3D] Clearing existing objects...
[Graph3D] Calling createSimulation...
[Graph3D] Simulation created, setting up event handlers...
[Graph3D] Data changed: {
  nodesLen: [33m3[39m,
  linksLen: [33m1[39m,
  key: [33m1776869758990[39m,
  timestamp: [33m1776869757987[39m
}
[Graph3D] Creating simulation: [33m3[39m nodes
[Graph3D] createGraphSimulation called: { hasObjectManager: [33mtrue[39m, hasScene: [33mtrue[39m, nodeCount: [33m3[39m, linkCount: [33m1[39m }
[Graph3D] Clearing existing objects...
[Graph3D] Calling createSimulation...
[Graph3D] Simulation created, setting up event handlers...
[Graph3D] Data changed: {
  nodesLen: [33m3[39m,
  linksLen: [33m1[39m,
  key: [33m1776869759012[39m,
  timestamp: [33m1776869758009[39m
}
[Graph3D] Creating simulation: [33m3[39m nodes
[Graph3D] createGraphSimulation called: { hasObjectManager: [33mtrue[39m, hasScene: [33mtrue[39m, nodeCount: [33m3[39m, linkCount: [33m1[39m }
[Graph3D] Clearing existing objects...
[Graph3D] Calling createSimulation...
[Graph3D] Simulation created, setting up event handlers...
[Graph3D] Data changed: {
  nodesLen: [33m3[39m,
  linksLen: [33m1[39m,
  key: [33m1776869759036[39m,
  timestamp: [33m1776869758033[39m
}
[Graph3D] Creating simulation: [33m3[39m nodes
[Graph3D] createGraphSimulation called: { hasObjectManager: [33mtrue[39m, hasScene: [33mtrue[39m, nodeCount: [33m3[39m, linkCount: [33m1[39m }
[Graph3D] Clearing existing objects...
[Graph3D] Calling createSimulation...
[Graph3D] Simulation created, setting up event handlers...
[Graph3D] Data changed: {
  nodesLen: [33m3[39m,
  linksLen: [33m1[39m,
  key: [33m1776869759060[39m,
  timestamp: [33m1776869758057[39m
}
[Graph3D] Creating simulation: [33m3[39m nodes
[Graph3D] createGraphSimulation called: { hasObjectManager: [33mtrue[39m, hasScene: [33mtrue[39m, nodeCount: [33m3[39m, linkCount: [33m1[39m }
[Graph3D] Clearing existing objects...
[Graph3D] Calling createSimulation...
[Graph3D] Simulation created, setting up event handlers...
[Graph3D] Data changed: {
  nodesLen: [33m3[39m,
  linksLen: [33m1[39m,
  key: [33m1776869759083[39m,
  timestamp: [33m1776869758080[39m
}
[Graph3D] Creating simulation: [33m3[39m nodes
[Graph3D] createGraphSimulation called: { hasObjectManager: [33mtrue[39m, hasScene: [33mtrue[39m, nodeCount: [33m3[39m, linkCount: [33m1[39m }
[Graph3D] Clearing existing objects...
[Graph3D] Calling createSimulation...
[Graph3D] Simulation created, setting up event handlers...
[Graph3D] Data changed: {
  nodesLen: [33m3[39m,
  linksLen: [33m1[39m,
  key: [33m1776869759105[39m,
  timestamp: [33m1776869758102[39m
}
[Graph3D] Creating simulation: [33m3[39m nodes
[Graph3D] createGraphSimulation called: { hasObjectManager: [33mtrue[39m, hasScene: [33mtrue[39m, nodeCount: [33m3[39m, linkCount: [33m1[39m }
[Graph3D] Clearing existing objects...
[Graph3D] Calling createSimulation...
[Graph3D] Simulation created, setting up event handlers...
[Graph3D] Data changed: {
  nodesLen: [33m3[39m,
  linksLen: [33m1[39m,
  key: [33m1776869759128[39m,
  timestamp: [33m1776869758125[39m
}
[Graph3D] Creating simulation: [33m3[39m nodes
[Graph3D] createGraphSimulation called: { hasObjectManager: [33mtrue[39m, hasScene: [33mtrue[39m, nodeCount: [33m3[39m, linkCount: [33m1[39m }
[Graph3D] Clearing existing objects...
[Graph3D] Calling createSimulation...
[Graph3D] Simulation created, setting up event handlers...
[Graph3D] Data changed: {
  nodesLen: [33m3[39m,
  linksLen: [33m1[39m,
  key: [33m1776869759151[39m,
  timestamp: [33m1776869758148[39m
}
[Graph3D] Creating simulation: [33m3[39m nodes
[Graph3D] createGraphSimulation called: { hasObjectManager: [33mtrue[39m, hasScene: [33mtrue[39m, nodeCount: [33m3[39m, linkCount: [33m1[39m }
[Graph3D] Clearing existing objects...
[Graph3D] Calling createSimulation...
[Graph3D] Simulation created, setting up event handlers...
[Graph3D] Data changed: {
  nodesLen: [33m3[39m,
  linksLen: [33m1[39m,
  key: [33m1776869759176[39m,
  timestamp: [33m1776869758173[39m
}
[Graph3D] Creating simulation: [33m3[39m nodes
[Graph3D] createGraphSimulation called: { hasObjectManager: [33mtrue[39m, hasScene: [33mtrue[39m, nodeCount: [33m3[39m, linkCount: [33m1[39m }
[Graph3D] Clearing existing objects...
[Graph3D] Calling createSimulation...
[Graph3D] Simulation created, setting up event handlers...
[Graph3D] Data changed: {
  nodesLen: [33m3[39m,
  linksLen: [33m1[39m,
  key: [33m1776869759198[39m,
  timestamp: [33m1776869758195[39m
}
[Graph3D] Creating simulation: [33m3[39m nodes
[Graph3D] createGraphSimulation called: { hasObjectManager: [33mtrue[39m, hasScene: [33mtrue[39m, nodeCount: [33m3[39m, linkCount: [33m1[39m }
[Graph3D] Clearing existing objects...
[Graph3D] Calling createSimulation...
[Graph3D] Simulation created, setting up event handlers...
[Graph3D] Data changed: {
  nodesLen: [33m3[39m,
  linksLen: [33m1[39m,
  key: [33m1776869759221[39m,
  timestamp: [33m1776869758218[39m
}
[Graph3D] Creating simulation: [33m3[39m nodes
[Graph3D] createGraphSimulation called: { hasObjectManager: [33mtrue[39m, hasScene: [33mtrue[39m, nodeCount: [33m3[39m, linkCount: [33m1[39m }
[Graph3D] Clearing existing objects...
[Graph3D] Calling createSimulation...
[Graph3D] Simulation created, setting up event handlers...
[Graph3D] Data changed: {
  nodesLen: [33m3[39m,
  linksLen: [33m1[39m,
  key: [33m1776869759245[39m,
  timestamp: [33m1776869758242[39m
}
[Graph3D] Creating simulation: [33m3[39m nodes
[Graph3D] createGraphSimulation called: { hasObjectManager: [33mtrue[39m, hasScene: [33mtrue[39m, nodeCount: [33m3[39m, linkCount: [33m1[39m }
[Graph3D] Clearing existing objects...
[Graph3D] Calling createSimulation...
[Graph3D] Simulation created, setting up event handlers...
[Graph3D] Data changed: {
  nodesLen: [33m3[39m,
  linksLen: [33m1[39m,
  key: [33m1776869759267[39m,
  timestamp: [33m1776869758264[39m
}
[Graph3D] Creating simulation: [33m3[39m nodes
[Graph3D] createGraphSimulation called: { hasObjectManager: [33mtrue[39m, hasScene: [33mtrue[39m, nodeCount: [33m3[39m, linkCount: [33m1[39m }
[Graph3D] Clearing existing objects...
[Graph3D] Calling createSimulation...
[Graph3D] Simulation created, setting up event handlers...
[Graph3D] Data changed: {
  nodesLen: [33m3[39m,
  linksLen: [33m1[39m,
  key: [33m1776869759291[39m,
  timestamp: [33m1776869758288[39m
}
[Graph3D] Creating simulation: [33m3[39m nodes
[Graph3D] createGraphSimulation called: { hasObjectManager: [33mtrue[39m, hasScene: [33mtrue[39m, nodeCount: [33m3[39m, linkCount: [33m1[39m }
[Graph3D] Clearing existing objects...
[Graph3D] Calling createSimulation...
[Graph3D] Simulation created, setting up event handlers...
[Graph3D] Data changed: {
  nodesLen: [33m3[39m,
  linksLen: [33m1[39m,
  key: [33m1776869759316[39m,
  timestamp: [33m1776869758313[39m
}
[Graph3D] Creating simulation: [33m3[39m nodes
[Graph3D] createGraphSimulation called: { hasObjectManager: [33mtrue[39m, hasScene: [33mtrue[39m, nodeCount: [33m3[39m, linkCount: [33m1[39m }
[Graph3D] Clearing existing objects...
[Graph3D] Calling createSimulation...
[Graph3D] Simulation created, setting up event handlers...
[Graph3D] Data changed: {
  nodesLen: [33m3[39m,
  linksLen: [33m1[39m,
  key: [33m1776869759340[39m,
  timestamp: [33m1776869758337[39m
}
[Graph3D] Creating simulation: [33m3[39m nodes
[Graph3D] createGraphSimulation called: { hasObjectManager: [33mtrue[39m, hasScene: [33mtrue[39m, nodeCount: [33m3[39m, linkCount: [33m1[39m }
[Graph3D] Clearing existing objects...
[Graph3D] Calling createSimulation...
[Graph3D] Simulation created, setting up event handlers...
[Graph3D] Data changed: {
  nodesLen: [33m3[39m,
  linksLen: [33m1[39m,
  key: [33m1776869759366[39m,
  timestamp: [33m1776869758363[39m
}
[Graph3D] Creating simulation: [33m3[39m nodes
[Graph3D] createGraphSimulation called: { hasObjectManager: [33mtrue[39m, hasScene: [33mtrue[39m, nodeCount: [33m3[39m, linkCount: [33m1[39m }
[Graph3D] Clearing existing objects...
[Graph3D] Calling createSimulation...
[Graph3D] Simulation created, setting up event handlers...
[Graph3D] Data changed: {
  nodesLen: [33m3[39m,
  linksLen: [33m1[39m,
  key: [33m1776869759389[39m,
  timestamp: [33m1776869758386[39m
}
[Graph3D] Creating simulation: [33m3[39m nodes
[Graph3D] createGraphSimulation called: { hasObjectManager: [33mtrue[39m, hasScene: [33mtrue[39m, nodeCount: [33m3[39m, linkCount: [33m1[39m }
[Graph3D] Clearing existing objects...
[Graph3D] Calling createSimulation...
[Graph3D] Simulation created, setting up event handlers...
[Graph3D] Data changed: {
  nodesLen: [33m3[39m,
  linksLen: [33m1[39m,
  key: [33m1776869759418[39m,
  timestamp: [33m1776869758415[39m
}
[Graph3D] Creating simulation: [33m3[39m nodes
[Graph3D] createGraphSimulation called: { hasObjectManager: [33mtrue[39m, hasScene: [33mtrue[39m, nodeCount: [33m3[39m, linkCount: [33m1[39m }
[Graph3D] Clearing existing objects...
[Graph3D] Calling createSimulation...
[Graph3D] Simulation created, setting up event handlers...
[Graph3D] Data changed: {
  nodesLen: [33m3[39m,
  linksLen: [33m1[39m,
  key: [33m1776869759444[39m,
  timestamp: [33m1776869758441[39m
}
[Graph3D] Creating simulation: [33m3[39m nodes
[Graph3D] createGraphSimulation called: { hasObjectManager: [33mtrue[39m, hasScene: [33mtrue[39m, nodeCount: [33m3[39m, linkCount: [33m1[39m }
[Graph3D] Clearing existing objects...
[Graph3D] Calling createSimulation...
[Graph3D] Simulation created, setting up event handlers...
[Graph3D] Data changed: {
  nodesLen: [33m3[39m,
  linksLen: [33m1[39m,
  key: [33m1776869759468[39m,
  timestamp: [33m1776869758465[39m
}
[Graph3D] Creating simulation: [33m3[39m nodes
[Graph3D] createGraphSimulation called: { hasObjectManager: [33mtrue[39m, hasScene: [33mtrue[39m, nodeCount: [33m3[39m, linkCount: [33m1[39m }
[Graph3D] Clearing existing objects...
[Graph3D] Calling createSimulation...
[Graph3D] Simulation created, setting up event handlers...
[Graph3D] Data changed: {
  nodesLen: [33m3[39m,
  linksLen: [33m1[39m,
  key: [33m1776869759495[39m,
  timestamp: [33m1776869758492[39m
}
[Graph3D] Creating simulation: [33m3[39m nodes
[Graph3D] createGraphSimulation called: { hasObjectManager: [33mtrue[39m, hasScene: [33mtrue[39m, nodeCount: [33m3[39m, linkCount: [33m1[39m }
[Graph3D] Clearing existing objects...
[Graph3D] Calling createSimulation...
[Graph3D] Simulation created, setting up event handlers...
[Graph3D] Data changed: {
  nodesLen: [33m3[39m,
  linksLen: [33m1[39m,
  key: [33m1776869759524[39m,
  timestamp: [33m1776869758521[39m
}
[Graph3D] Creating simulation: [33m3[39m nodes
[Graph3D] createGraphSimulation called: { hasObjectManager: [33mtrue[39m, hasScene: [33mtrue[39m, nodeCount: [33m3[39m, linkCount: [33m1[39m }
[Graph3D] Clearing existing objects...
[Graph3D] Calling createSimulation...
[Graph3D] Simulation created, setting up event handlers...
[Graph3D] Data changed: {
  nodesLen: [33m3[39m,
  linksLen: [33m1[39m,
  key: [33m1776869759551[39m,
  timestamp: [33m1776869758548[39m
}
[Graph3D] Creating simulation: [33m3[39m nodes
[Graph3D] createGraphSimulation called: { hasObjectManager: [33mtrue[39m, hasScene: [33mtrue[39m, nodeCount: [33m3[39m, linkCount: [33m1[39m }
[Graph3D] Clearing existing objects...
[Graph3D] Calling createSimulation...
[Graph3D] Simulation created, setting up event handlers...
[Graph3D] Data changed: {
  nodesLen: [33m3[39m,
  linksLen: [33m1[39m,
  key: [33m1776869759577[39m,
  timestamp: [33m1776869758574[39m
}
[Graph3D] Creating simulation: [33m3[39m nodes
[Graph3D] createGraphSimulation called: { hasObjectManager: [33mtrue[39m, hasScene: [33mtrue[39m, nodeCount: [33m3[39m, linkCount: [33m1[39m }
[Graph3D] Clearing existing objects...
[Graph3D] Calling createSimulation...
[Graph3D] Simulation created, setting up event handlers...
[Graph3D] Data changed: {
  nodesLen: [33m3[39m,
  linksLen: [33m1[39m,
  key: [33m1776869759607[39m,
  timestamp: [33m1776869758604[39m
}
[Graph3D] Creating simulation: [33m3[39m nodes
[Graph3D] createGraphSimulation called: { hasObjectManager: [33mtrue[39m, hasScene: [33mtrue[39m, nodeCount: [33m3[39m, linkCount: [33m1[39m }
[Graph3D] Clearing existing objects...
[Graph3D] Calling createSimulation...
[Graph3D] Simulation created, setting up event handlers...
[Graph3D] Data changed: {
  nodesLen: [33m3[39m,
  linksLen: [33m1[39m,
  key: [33m1776869759634[39m,
  timestamp: [33m1776869758631[39m
}
[Graph3D] Creating simulation: [33m3[39m nodes
[Graph3D] createGraphSimulation called: { hasObjectManager: [33mtrue[39m, hasScene: [33mtrue[39m, nodeCount: [33m3[39m, linkCount: [33m1[39m }
[Graph3D] Clearing existing objects...
[Graph3D] Calling createSimulation...
[Graph3D] Simulation created, setting up event handlers...
[Graph3D] Data changed: {
  nodesLen: [33m3[39m,
  linksLen: [33m1[39m,
  key: [33m1776869759658[39m,
  timestamp: [33m1776869758655[39m
}
[Graph3D] Creating simulation: [33m3[39m nodes
[Graph3D] createGraphSimulation called: { hasObjectManager: [33mtrue[39m, hasScene: [33mtrue[39m, nodeCount: [33m3[39m, linkCount: [33m1[39m }
[Graph3D] Clearing existing objects...
[Graph3D] Calling createSimulation...
[Graph3D] Simulation created, setting up event handlers...
[Graph3D] Data changed: {
  nodesLen: [33m3[39m,
  linksLen: [33m1[39m,
  key: [33m1776869759682[39m,
  timestamp: [33m1776869758679[39m
}
[Graph3D] Creating simulation: [33m3[39m nodes
[Graph3D] createGraphSimulation called: { hasObjectManager: [33mtrue[39m, hasScene: [33mtrue[39m, nodeCount: [33m3[39m, linkCount: [33m1[39m }
[Graph3D] Clearing existing objects...
[Graph3D] Calling createSimulation...
[Graph3D] Simulation created, setting up event handlers...
[Graph3D] Data changed: {
  nodesLen: [33m3[39m,
  linksLen: [33m1[39m,
  key: [33m1776869759706[39m,
  timestamp: [33m1776869758703[39m
}
[Graph3D] Creating simulation: [33m3[39m nodes
[Graph3D] createGraphSimulation called: { hasObjectManager: [33mtrue[39m, hasScene: [33mtrue[39m, nodeCount: [33m3[39m, linkCount: [33m1[39m }
[Graph3D] Clearing existing objects...
[Graph3D] Calling createSimulation...
[Graph3D] Simulation created, setting up event handlers...
[Graph3D] Data changed: {
  nodesLen: [33m3[39m,
  linksLen: [33m1[39m,
  key: [33m1776869759734[39m,
  timestamp: [33m1776869758731[39m
}
[Graph3D] Creating simulation: [33m3[39m nodes
[Graph3D] createGraphSimulation called: { hasObjectManager: [33mtrue[39m, hasScene: [33mtrue[39m, nodeCount: [33m3[39m, linkCount: [33m1[39m }
[Graph3D] Clearing existing objects...
[Graph3D] Calling createSimulation...
[Graph3D] Simulation created, setting up event handlers...
[Graph3D] Data changed: {
  nodesLen: [33m3[39m,
  linksLen: [33m1[39m,
  key: [33m1776869759762[39m,
  timestamp: [33m1776869758759[39m
}
[Graph3D] Creating simulation: [33m3[39m nodes
[Graph3D] createGraphSimulation called: { hasObjectManager: [33mtrue[39m, hasScene: [33mtrue[39m, nodeCount: [33m3[39m, linkCount: [33m1[39m }
[Graph3D] Clearing existing objects...
[Graph3D] Calling createSimulation...
[Graph3D] Simulation created, setting up event handlers...
[Graph3D] Data changed: {
  nodesLen: [33m3[39m,
  linksLen: [33m1[39m,
  key: [33m1776869759786[39m,
  timestamp: [33m1776869758783[39m
}
[Graph3D] Creating simulation: [33m3[39m nodes
[Graph3D] createGraphSimulation called: { hasObjectManager: [33mtrue[39m, hasScene: [33mtrue[39m, nodeCount: [33m3[39m, linkCount: [33m1[39m }
[Graph3D] Clearing existing objects...
[Graph3D] Calling createSimulation...
[Graph3D] Simulation created, setting up event handlers...
[Graph3D] Data changed: {
  nodesLen: [33m3[39m,
  linksLen: [33m1[39m,
  key: [33m1776869759809[39m,
  timestamp: [33m1776869758806[39m
}
[Graph3D] Creating simulation: [33m3[39m nodes
[Graph3D] createGraphSimulation called: { hasObjectManager: [33mtrue[39m, hasScene: [33mtrue[39m, nodeCount: [33m3[39m, linkCount: [33m1[39m }
[Graph3D] Clearing existing objects...
[Graph3D] Calling createSimulation...
[Graph3D] Simulation created, setting up event handlers...
[Graph3D] Data changed: {
  nodesLen: [33m3[39m,
  linksLen: [33m1[39m,
  key: [33m1776869759835[39m,
  timestamp: [33m1776869758832[39m
}
[Graph3D] Creating simulation: [33m3[39m nodes
[Graph3D] createGraphSimulation called: { hasObjectManager: [33mtrue[39m, hasScene: [33mtrue[39m, nodeCount: [33m3[39m, linkCount: [33m1[39m }
[Graph3D] Clearing existing objects...
[Graph3D] Calling createSimulation...
[Graph3D] Simulation created, setting up event handlers...
[Graph3D] Data changed: {
  nodesLen: [33m3[39m,
  linksLen: [33m1[39m,
  key: [33m1776869759860[39m,
  timestamp: [33m1776869758857[39m
}
[Graph3D] Creating simulation: [33m3[39m nodes
[Graph3D] createGraphSimulation called: { hasObjectManager: [33mtrue[39m, hasScene: [33mtrue[39m, nodeCount: [33m3[39m, linkCount: [33m1[39m }
[Graph3D] Clearing existing objects...
[Graph3D] Calling createSimulation...
[Graph3D] Simulation created, setting up event handlers...
[Graph3D] Data changed: {
  nodesLen: [33m3[39m,
  linksLen: [33m1[39m,
  key: [33m1776869759885[39m,
  timestamp: [33m1776869758882[39m
}
[Graph3D] Creating simulation: [33m3[39m nodes
[Graph3D] createGraphSimulation called: { hasObjectManager: [33mtrue[39m, hasScene: [33mtrue[39m, nodeCount: [33m3[39m, linkCount: [33m1[39m }
[Graph3D] Clearing existing objects...
[Graph3D] Calling createSimulation...
[Graph3D] Simulation created, setting up event handlers...
[Graph3D] Data changed: {
  nodesLen: [33m3[39m,
  linksLen: [33m1[39m,
  key: [33m1776869759910[39m,
  timestamp: [33m1776869758907[39m
}
[Graph3D] Creating simulation: [33m3[39m nodes
[Graph3D] createGraphSimulation called: { hasObjectManager: [33mtrue[39m, hasScene: [33mtrue[39m, nodeCount: [33m3[39m, linkCount: [33m1[39m }
[Graph3D] Clearing existing objects...
[Graph3D] Calling createSimulation...
[Graph3D] Simulation created, setting up event handlers...
[Graph3D] Data changed: {
  nodesLen: [33m3[39m,
  linksLen: [33m1[39m,
  key: [33m1776869759936[39m,
  timestamp: [33m1776869758933[39m
}
[Graph3D] Creating simulation: [33m3[39m nodes
[Graph3D] createGraphSimulation called: { hasObjectManager: [33mtrue[39m, hasScene: [33mtrue[39m, nodeCount: [33m3[39m, linkCount: [33m1[39m }
[Graph3D] Clearing existing objects...
[Graph3D] Calling createSimulation...
[Graph3D] Simulation created, setting up event handlers...
[Graph3D] Data changed: {
  nodesLen: [33m3[39m,
  linksLen: [33m1[39m,
  key: [33m1776869759962[39m,
  timestamp: [33m1776869758959[39m
}
[Graph3D] Creating simulation: [33m3[39m nodes
[Graph3D] createGraphSimulation called: { hasObjectManager: [33mtrue[39m, hasScene: [33mtrue[39m, nodeCount: [33m3[39m, linkCount: [33m1[39m }
[Graph3D] Clearing existing objects...
[Graph3D] Calling createSimulation...
[Graph3D] Simulation created, setting up event handlers...
[Graph3D] Data changed: {
  nodesLen: [33m3[39m,
  linksLen: [33m1[39m,
  key: [33m1776869759992[39m,
  timestamp: [33m1776869758989[39m
}
[Graph3D] Creating simulation: [33m3[39m nodes
[Graph3D] createGraphSimulation called: { hasObjectManager: [33mtrue[39m, hasScene: [33mtrue[39m, nodeCount: [33m3[39m, linkCount: [33m1[39m }
[Graph3D] Clearing existing objects...
[Graph3D] Calling createSimulation...
[Graph3D] Simulation created, setting up event handlers...
[Graph3D] Data changed: {
  nodesLen: [33m3[39m,
  linksLen: [33m1[39m,
  key: [33m1776869760018[39m,
  timestamp: [33m1776869759015[39m
}
[Graph3D] Creating simulation: [33m3[39m nodes
[Graph3D] createGraphSimulation called: { hasObjectManager: [33mtrue[39m, hasScene: [33mtrue[39m, nodeCount: [33m3[39m, linkCount: [33m1[39m }
[Graph3D] Clearing existing objects...
[Graph3D] Calling createSimulation...
[Graph3D] Simulation created, setting up event handlers...
[Graph3D] Data changed: {
  nodesLen: [33m3[39m,
  linksLen: [33m1[39m,
  key: [33m1776869760044[39m,
  timestamp: [33m1776869759041[39m
}
[Graph3D] Creating simulation: [33m3[39m nodes
[Graph3D] createGraphSimulation called: { hasObjectManager: [33mtrue[39m, hasScene: [33mtrue[39m, nodeCount: [33m3[39m, linkCount: [33m1[39m }
[Graph3D] Clearing existing objects...
[Graph3D] Calling createSimulation...
[Graph3D] Simulation created, setting up event handlers...
[Graph3D] Data changed: {
  nodesLen: [33m3[39m,
  linksLen: [33m1[39m,
  key: [33m1776869760075[39m,
  timestamp: [33m1776869759072[39m
}
[Graph3D] Creating simulation: [33m3[39m nodes
[Graph3D] createGraphSimulation called: { hasObjectManager: [33mtrue[39m, hasScene: [33mtrue[39m, nodeCount: [33m3[39m, linkCount: [33m1[39m }
[Graph3D] Clearing existing objects...
[Graph3D] Calling createSimulation...
[Graph3D] Simulation created, setting up event handlers...
[Graph3D] Data changed: {
  nodesLen: [33m3[39m,
  linksLen: [33m1[39m,
  key: [33m1776869760102[39m,
  timestamp: [33m1776869759099[39m
}
[Graph3D] Creating simulation: [33m3[39m nodes
[Graph3D] createGraphSimulation called: { hasObjectManager: [33mtrue[39m, hasScene: [33mtrue[39m, nodeCount: [33m3[39m, linkCount: [33m1[39m }
[Graph3D] Clearing existing objects...
[Graph3D] Calling createSimulation...
[Graph3D] Simulation created, setting up event handlers...
[Graph3D] Data changed: {
  nodesLen: [33m3[39m,
  linksLen: [33m1[39m,
  key: [33m1776869760128[39m,
  timestamp: [33m1776869759125[39m
}
[Graph3D] Creating simulation: [33m3[39m nodes
[Graph3D] createGraphSimulation called: { hasObjectManager: [33mtrue[39m, hasScene: [33mtrue[39m, nodeCount: [33m3[39m, linkCount: [33m1[39m }
[Graph3D] Clearing existing objects...
[Graph3D] Calling createSimulation...
[Graph3D] Simulation created, setting up event handlers...
[Graph3D] Data changed: {
  nodesLen: [33m3[39m,
  linksLen: [33m1[39m,
  key: [33m1776869760158[39m,
  timestamp: [33m1776869759155[39m
}
[Graph3D] Creating simulation: [33m3[39m nodes
[Graph3D] createGraphSimulation called: { hasObjectManager: [33mtrue[39m, hasScene: [33mtrue[39m, nodeCount: [33m3[39m, linkCount: [33m1[39m }
[Graph3D] Clearing existing objects...
[Graph3D] Calling createSimulation...
[Graph3D] Simulation created, setting up event handlers...
[Graph3D] Data changed: {
  nodesLen: [33m3[39m,
  linksLen: [33m1[39m,
  key: [33m1776869760185[39m,
  timestamp: [33m1776869759182[39m
}
[Graph3D] Creating simulation: [33m3[39m nodes
[Graph3D] createGraphSimulation called: { hasObjectManager: [33mtrue[39m, hasScene: [33mtrue[39m, nodeCount: [33m3[39m, linkCount: [33m1[39m }
[Graph3D] Clearing existing objects...
[Graph3D] Calling createSimulation...
[Graph3D] Simulation created, setting up event handlers...
[Graph3D] Data changed: {
  nodesLen: [33m3[39m,
  linksLen: [33m1[39m,
  key: [33m1776869760213[39m,
  timestamp: [33m1776869759210[39m
}
[Graph3D] Creating simulation: [33m3[39m nodes
[Graph3D] createGraphSimulation called: { hasObjectManager: [33mtrue[39m, hasScene: [33mtrue[39m, nodeCount: [33m3[39m, linkCount: [33m1[39m }
[Graph3D] Clearing existing objects...
[Graph3D] Calling createSimulation...
[Graph3D] Simulation created, setting up event handlers...
[Graph3D] Data changed: {
  nodesLen: [33m3[39m,
  linksLen: [33m1[39m,
  key: [33m1776869760245[39m,
  timestamp: [33m1776869759242[39m
}
[Graph3D] Creating simulation: [33m3[39m nodes
[Graph3D] createGraphSimulation called: { hasObjectManager: [33mtrue[39m, hasScene: [33mtrue[39m, nodeCount: [33m3[39m, linkCount: [33m1[39m }
[Graph3D] Clearing existing objects...
[Graph3D] Calling createSimulation...
[Graph3D] Simulation created, setting up event handlers...
[Graph3D] Data changed: {
  nodesLen: [33m3[39m,
  linksLen: [33m1[39m,
  key: [33m1776869760275[39m,
  timestamp: [33m1776869759272[39m
}
[Graph3D] Creating simulation: [33m3[39m nodes
[Graph3D] createGraphSimulation called: { hasObjectManager: [33mtrue[39m, hasScene: [33mtrue[39m, nodeCount: [33m3[39m, linkCount: [33m1[39m }
[Graph3D] Clearing existing objects...
[Graph3D] Calling createSimulation...
[Graph3D] Simulation created, setting up event handlers...
[Graph3D] Data changed: {
  nodesLen: [33m3[39m,
  linksLen: [33m1[39m,
  key: [33m1776869760305[39m,
  timestamp: [33m1776869759302[39m
}
[Graph3D] Creating simulation: [33m3[39m nodes
[Graph3D] createGraphSimulation called: { hasObjectManager: [33mtrue[39m, hasScene: [33mtrue[39m, nodeCount: [33m3[39m, linkCount: [33m1[39m }
[Graph3D] Clearing existing objects...
[Graph3D] Calling createSimulation...
[Graph3D] Simulation created, setting up event handlers...
[Graph3D] Data changed: {
  nodesLen: [33m3[39m,
  linksLen: [33m1[39m,
  key: [33m1776869760334[39m,
  timestamp: [33m1776869759331[39m
}
[Graph3D] Creating simulation: [33m3[39m nodes
[Graph3D] createGraphSimulation called: { hasObjectManager: [33mtrue[39m, hasScene: [33mtrue[39m, nodeCount: [33m3[39m, linkCount: [33m1[39m }
[Graph3D] Clearing existing objects...
[Graph3D] Calling createSimulation...
[Graph3D] Simulation created, setting up event handlers...
[Graph3D] Data changed: {
  nodesLen: [33m3[39m,
  linksLen: [33m1[39m,
  key: [33m1776869760361[39m,
  timestamp: [33m1776869759358[39m
}
[Graph3D] Creating simulation: [33m3[39m nodes
[Graph3D] createGraphSimulation called: { hasObjectManager: [33mtrue[39m, hasScene: [33mtrue[39m, nodeCount: [33m3[39m, linkCount: [33m1[39m }
[Graph3D] Clearing existing objects...
[Graph3D] Calling createSimulation...
[Graph3D] Simulation created, setting up event handlers...
[Graph3D] Data changed: {
  nodesLen: [33m3[39m,
  linksLen: [33m1[39m,
  key: [33m1776869760393[39m,
  timestamp: [33m1776869759390[39m
}
[Graph3D] Creating simulation: [33m3[39m nodes
[Graph3D] createGraphSimulation called: { hasObjectManager: [33mtrue[39m, hasScene: [33mtrue[39m, nodeCount: [33m3[39m, linkCount: [33m1[39m }
[Graph3D] Clearing existing objects...
[Graph3D] Calling createSimulation...
[Graph3D] Simulation created, setting up event handlers...
[Graph3D] Data changed: {
  nodesLen: [33m3[39m,
  linksLen: [33m1[39m,
  key: [33m1776869760420[39m,
  timestamp: [33m1776869759417[39m
}
[Graph3D] Creating simulation: [33m3[39m nodes
[Graph3D] createGraphSimulation called: { hasObjectManager: [33mtrue[39m, hasScene: [33mtrue[39m, nodeCount: [33m3[39m, linkCount: [33m1[39m }
[Graph3D] Clearing existing objects...
[Graph3D] Calling createSimulation...
[Graph3D] Simulation created, setting up event handlers...
[Graph3D] Data changed: {
  nodesLen: [33m3[39m,
  linksLen: [33m1[39m,
  key: [33m1776869760446[39m,
  timestamp: [33m1776869759443[39m
}
[Graph3D] Creating simulation: [33m3[39m nodes
[Graph3D] createGraphSimulation called: { hasObjectManager: [33mtrue[39m, hasScene: [33mtrue[39m, nodeCount: [33m3[39m, linkCount: [33m1[39m }
[Graph3D] Clearing existing objects...
[Graph3D] Calling createSimulation...
[Graph3D] Simulation created, setting up event handlers...
[Graph3D] Data changed: {
  nodesLen: [33m3[39m,
  linksLen: [33m1[39m,
  key: [33m1776869760475[39m,
  timestamp: [33m1776869759472[39m
}
[Graph3D] Creating simulation: [33m3[39m nodes
[Graph3D] createGraphSimulation called: { hasObjectManager: [33mtrue[39m, hasScene: [33mtrue[39m, nodeCount: [33m3[39m, linkCount: [33m1[39m }
[Graph3D] Clearing existing objects...
[Graph3D] Calling createSimulation...
[Graph3D] Simulation created, setting up event handlers...
[Graph3D] Data changed: {
  nodesLen: [33m3[39m,
  linksLen: [33m1[39m,
  key: [33m1776869760506[39m,
  timestamp: [33m1776869759503[39m
}
[Graph3D] Creating simulation: [33m3[39m nodes
[Graph3D] createGraphSimulation called: { hasObjectManager: [33mtrue[39m, hasScene: [33mtrue[39m, nodeCount: [33m3[39m, linkCount: [33m1[39m }
[Graph3D] Clearing existing objects...
[Graph3D] Calling createSimulation...
[Graph3D] Simulation created, setting up event handlers...
[Graph3D] Data changed: {
  nodesLen: [33m3[39m,
  linksLen: [33m1[39m,
  key: [33m1776869760538[39m,
  timestamp: [33m1776869759535[39m
}
[Graph3D] Creating simulation: [33m3[39m nodes
[Graph3D] createGraphSimulation called: { hasObjectManager: [33mtrue[39m, hasScene: [33mtrue[39m, nodeCount: [33m3[39m, linkCount: [33m1[39m }
[Graph3D] Clearing existing objects...
[Graph3D] Calling createSimulation...
[Graph3D] Simulation created, setting up event handlers...
[Graph3D] Data changed: {
  nodesLen: [33m3[39m,
  linksLen: [33m1[39m,
  key: [33m1776869760567[39m,
  timestamp: [33m1776869759564[39m
}
[Graph3D] Creating simulation: [33m3[39m nodes
[Graph3D] createGraphSimulation called: { hasObjectManager: [33mtrue[39m, hasScene: [33mtrue[39m, nodeCount: [33m3[39m, linkCount: [33m1[39m }
[Graph3D] Clearing existing objects...
[Graph3D] Calling createSimulation...
[Graph3D] Simulation created, setting up event handlers...
[Graph3D] Data changed: {
  nodesLen: [33m3[39m,
  linksLen: [33m1[39m,
  key: [33m1776869760600[39m,
  timestamp: [33m1776869759597[39m
}
[Graph3D] Creating simulation: [33m3[39m nodes
[Graph3D] createGraphSimulation called: { hasObjectManager: [33mtrue[39m, hasScene: [33mtrue[39m, nodeCount: [33m3[39m, linkCount: [33m1[39m }
[Graph3D] Clearing existing objects...
[Graph3D] Calling createSimulation...
[Graph3D] Simulation created, setting up event handlers...
[Graph3D] Data changed: {
  nodesLen: [33m3[39m,
  linksLen: [33m1[39m,
  key: [33m1776869760632[39m,
  timestamp: [33m1776869759629[39m
}
[Graph3D] Creating simulation: [33m3[39m nodes
[Graph3D] createGraphSimulation called: { hasObjectManager: [33mtrue[39m, hasScene: [33mtrue[39m, nodeCount: [33m3[39m, linkCount: [33m1[39m }
[Graph3D] Clearing existing objects...
[Graph3D] Calling createSimulation...
[Graph3D] Simulation created, setting up event handlers...
[Graph3D] Data changed: {
  nodesLen: [33m3[39m,
  linksLen: [33m1[39m,
  key: [33m1776869760668[39m,
  timestamp: [33m1776869759665[39m
}
[Graph3D] Creating simulation: [33m3[39m nodes
[Graph3D] createGraphSimulation called: { hasObjectManager: [33mtrue[39m, hasScene: [33mtrue[39m, nodeCount: [33m3[39m, linkCount: [33m1[39m }
[Graph3D] Clearing existing objects...
[Graph3D] Calling createSimulation...
[Graph3D] Simulation created, setting up event handlers...
[Graph3D] Data changed: {
  nodesLen: [33m3[39m,
  linksLen: [33m1[39m,
  key: [33m1776869760695[39m,
  timestamp: [33m1776869759692[39m
}
[Graph3D] Creating simulation: [33m3[39m nodes
[Graph3D] createGraphSimulation called: { hasObjectManager: [33mtrue[39m, hasScene: [33mtrue[39m, nodeCount: [33m3[39m, linkCount: [33m1[39m }
[Graph3D] Clearing existing objects...
[Graph3D] Calling createSimulation...
[Graph3D] Simulation created, setting up event handlers...
[Graph3D] Data changed: {
  nodesLen: [33m3[39m,
  linksLen: [33m1[39m,
  key: [33m1776869760728[39m,
  timestamp: [33m1776869759725[39m
}
[Graph3D] Creating simulation: [33m3[39m nodes
[Graph3D] createGraphSimulation called: { hasObjectManager: [33mtrue[39m, hasScene: [33mtrue[39m, nodeCount: [33m3[39m, linkCount: [33m1[39m }
[Graph3D] Clearing existing objects...
[Graph3D] Calling createSimulation...
[Graph3D] Simulation created, setting up event handlers...
[Graph3D] Data changed: {
  nodesLen: [33m3[39m,
  linksLen: [33m1[39m,
  key: [33m1776869760770[39m,
  timestamp: [33m1776869759767[39m
}
[Graph3D] Creating simulation: [33m3[39m nodes
[Graph3D] createGraphSimulation called: { hasObjectManager: [33mtrue[39m, hasScene: [33mtrue[39m, nodeCount: [33m3[39m, linkCount: [33m1[39m }
[Graph3D] Clearing existing objects...
[Graph3D] Calling createSimulation...
[Graph3D] Simulation created, setting up event handlers...
[Graph3D] Data changed: {
  nodesLen: [33m3[39m,
  linksLen: [33m1[39m,
  key: [33m1776869760801[39m,
  timestamp: [33m1776869759798[39m
}
[Graph3D] Creating simulation: [33m3[39m nodes
[Graph3D] createGraphSimulation called: { hasObjectManager: [33mtrue[39m, hasScene: [33mtrue[39m, nodeCount: [33m3[39m, linkCount: [33m1[39m }
[Graph3D] Clearing existing objects...
[Graph3D] Calling createSimulation...
[Graph3D] Simulation created, setting up event handlers...
[Graph3D] Data changed: {
  nodesLen: [33m3[39m,
  linksLen: [33m1[39m,
  key: [33m1776869760828[39m,
  timestamp: [33m1776869759825[39m
}
[Graph3D] Creating simulation: [33m3[39m nodes
[Graph3D] createGraphSimulation called: { hasObjectManager: [33mtrue[39m, hasScene: [33mtrue[39m, nodeCount: [33m3[39m, linkCount: [33m1[39m }
[Graph3D] Clearing existing objects...
[Graph3D] Calling createSimulation...
[Graph3D] Simulation created, setting up event handlers...
[Graph3D] Data changed: {
  nodesLen: [33m3[39m,
  linksLen: [33m1[39m,
  key: [33m1776869760857[39m,
  timestamp: [33m1776869759854[39m
}
[Graph3D] Creating simulation: [33m3[39m nodes
[Graph3D] createGraphSimulation called: { hasObjectManager: [33mtrue[39m, hasScene: [33mtrue[39m, nodeCount: [33m3[39m, linkCount: [33m1[39m }
[Graph3D] Clearing existing objects...
[Graph3D] Calling createSimulation...
[Graph3D] Simulation created, setting up event handlers...
[Graph3D] Data changed: {
  nodesLen: [33m3[39m,
  linksLen: [33m1[39m,
  key: [33m1776869760887[39m,
  timestamp: [33m1776869759884[39m
}
[Graph3D] Creating simulation: [33m3[39m nodes
[Graph3D] createGraphSimulation called: { hasObjectManager: [33mtrue[39m, hasScene: [33mtrue[39m, nodeCount: [33m3[39m, linkCount: [33m1[39m }
[Graph3D] Clearing existing objects...
[Graph3D] Calling createSimulation...
[Graph3D] Simulation created, setting up event handlers...
[Graph3D] Data changed: {
  nodesLen: [33m3[39m,
  linksLen: [33m1[39m,
  key: [33m1776869760916[39m,
  timestamp: [33m1776869759913[39m
}
[Graph3D] Creating simulation: [33m3[39m nodes
[Graph3D] createGraphSimulation called: { hasObjectManager: [33mtrue[39m, hasScene: [33mtrue[39m, nodeCount: [33m3[39m, linkCount: [33m1[39m }
[Graph3D] Clearing existing objects...
[Graph3D] Calling createSimulation...
[Graph3D] Simulation created, setting up event handlers...
[Graph3D] Data changed: {
  nodesLen: [33m3[39m,
  linksLen: [33m1[39m,
  key: [33m1776869760945[39m,
  timestamp: [33m1776869759942[39m
}
[Graph3D] Creating simulation: [33m3[39m nodes
[Graph3D] createGraphSimulation called: { hasObjectManager: [33mtrue[39m, hasScene: [33mtrue[39m, nodeCount: [33m3[39m, linkCount: [33m1[39m }
[Graph3D] Clearing existing objects...
[Graph3D] Calling createSimulation...
[Graph3D] Simulation created, setting up event handlers...
[Graph3D] Data changed: {
  nodesLen: [33m3[39m,
  linksLen: [33m1[39m,
  key: [33m1776869760972[39m,
  timestamp: [33m1776869759969[39m
}
[Graph3D] Creating simulation: [33m3[39m nodes
[Graph3D] createGraphSimulation called: { hasObjectManager: [33mtrue[39m, hasScene: [33mtrue[39m, nodeCount: [33m3[39m, linkCount: [33m1[39m }
[Graph3D] Clearing existing objects...
[Graph3D] Calling createSimulation...
[Graph3D] Simulation created, setting up event handlers...
[Graph3D] Data changed: {
  nodesLen: [33m3[39m,
  linksLen: [33m1[39m,
  key: [33m1776869761003[39m,
  timestamp: [33m1776869760000[39m
}
[Graph3D] Creating simulation: [33m3[39m nodes
[Graph3D] createGraphSimulation called: { hasObjectManager: [33mtrue[39m, hasScene: [33mtrue[39m, nodeCount: [33m3[39m, linkCount: [33m1[39m }
[Graph3D] Clearing existing objects...
[Graph3D] Calling createSimulation...
[Graph3D] Simulation created, setting up event handlers...
[Graph3D] Data changed: {
  nodesLen: [33m3[39m,
  linksLen: [33m1[39m,
  key: [33m1776869761033[39m,
  timestamp: [33m1776869760030[39m
}
[Graph3D] Creating simulation: [33m3[39m nodes
[Graph3D] createGraphSimulation called: { hasObjectManager: [33mtrue[39m, hasScene: [33mtrue[39m, nodeCount: [33m3[39m, linkCount: [33m1[39m }
[Graph3D] Clearing existing objects...
[Graph3D] Calling createSimulation...
[Graph3D] Simulation created, setting up event handlers...
[Graph3D] Data changed: {
  nodesLen: [33m3[39m,
  linksLen: [33m1[39m,
  key: [33m1776869761064[39m,
  timestamp: [33m1776869760061[39m
}
[Graph3D] Creating simulation: [33m3[39m nodes
[Graph3D] createGraphSimulation called: { hasObjectManager: [33mtrue[39m, hasScene: [33mtrue[39m, nodeCount: [33m3[39m, linkCount: [33m1[39m }
[Graph3D] Clearing existing objects...
[Graph3D] Calling createSimulation...
[Graph3D] Simulation created, setting up event handlers...
[Graph3D] Data changed: {
  nodesLen: [33m3[39m,
  linksLen: [33m1[39m,
  key: [33m1776869761097[39m,
  timestamp: [33m1776869760094[39m
}
[Graph3D] Creating simulation: [33m3[39m nodes
[Graph3D] createGraphSimulation called: { hasObjectManager: [33mtrue[39m, hasScene: [33mtrue[39m, nodeCount: [33m3[39m, linkCount: [33m1[39m }
[Graph3D] Clearing existing objects...
[Graph3D] Calling createSimulation...
[Graph3D] Simulation created, setting up event handlers...
[Graph3D] Data changed: {
  nodesLen: [33m3[39m,
  linksLen: [33m1[39m,
  key: [33m1776869761126[39m,
  timestamp: [33m1776869760123[39m
}
[Graph3D] Creating simulation: [33m3[39m nodes
[Graph3D] createGraphSimulation called: { hasObjectManager: [33mtrue[39m, hasScene: [33mtrue[39m, nodeCount: [33m3[39m, linkCount: [33m1[39m }
[Graph3D] Clearing existing objects...
[Graph3D] Calling createSimulation...
[Graph3D] Simulation created, setting up event handlers...
[Graph3D] Data changed: {
  nodesLen: [33m3[39m,
  linksLen: [33m1[39m,
  key: [33m1776869761154[39m,
  timestamp: [33m1776869760151[39m
}
[Graph3D] Creating simulation: [33m3[39m nodes
[Graph3D] createGraphSimulation called: { hasObjectManager: [33mtrue[39m, hasScene: [33mtrue[39m, nodeCount: [33m3[39m, linkCount: [33m1[39m }
[Graph3D] Clearing existing objects...
[Graph3D] Calling createSimulation...
[Graph3D] Simulation created, setting up event handlers...
[Graph3D] Data changed: {
  nodesLen: [33m3[39m,
  linksLen: [33m1[39m,
  key: [33m1776869761181[39m,
  timestamp: [33m1776869760178[39m
}
[Graph3D] Creating simulation: [33m3[39m nodes
[Graph3D] createGraphSimulation called: { hasObjectManager: [33mtrue[39m, hasScene: [33mtrue[39m, nodeCount: [33m3[39m, linkCount: [33m1[39m }
[Graph3D] Clearing existing objects...
[Graph3D] Calling createSimulation...
[Graph3D] Simulation created, setting up event handlers...
[Graph3D] Data changed: {
  nodesLen: [33m3[39m,
  linksLen: [33m1[39m,
  key: [33m1776869761211[39m,
  timestamp: [33m1776869760208[39m
}
[Graph3D] Creating simulation: [33m3[39m nodes
[Graph3D] createGraphSimulation called: { hasObjectManager: [33mtrue[39m, hasScene: [33mtrue[39m, nodeCount: [33m3[39m, linkCount: [33m1[39m }
[Graph3D] Clearing existing objects...
[Graph3D] Calling createSimulation...
[Graph3D] Simulation created, setting up event handlers...
[Graph3D] Data changed: {
  nodesLen: [33m3[39m,
  linksLen: [33m1[39m,
  key: [33m1776869761238[39m,
  timestamp: [33m1776869760235[39m
}
[Graph3D] Creating simulation: [33m3[39m nodes
[Graph3D] createGraphSimulation called: { hasObjectManager: [33mtrue[39m, hasScene: [33mtrue[39m, nodeCount: [33m3[39m, linkCount: [33m1[39m }
[Graph3D] Clearing existing objects...
[Graph3D] Calling createSimulation...
[Graph3D] Simulation created, setting up event handlers...
[Graph3D] Data changed: {
  nodesLen: [33m3[39m,
  linksLen: [33m1[39m,
  key: [33m1776869761267[39m,
  timestamp: [33m1776869760264[39m
}
[Graph3D] Creating simulation: [33m3[39m nodes
[Graph3D] createGraphSimulation called: { hasObjectManager: [33mtrue[39m, hasScene: [33mtrue[39m, nodeCount: [33m3[39m, linkCount: [33m1[39m }
[Graph3D] Clearing existing objects...
[Graph3D] Calling createSimulation...
[Graph3D] Simulation created, setting up event handlers...
[Graph3D] Data changed: {
  nodesLen: [33m3[39m,
  linksLen: [33m1[39m,
  key: [33m1776869761298[39m,
  timestamp: [33m1776869760295[39m
}
[Graph3D] Creating simulation: [33m3[39m nodes
[Graph3D] createGraphSimulation called: { hasObjectManager: [33mtrue[39m, hasScene: [33mtrue[39m, nodeCount: [33m3[39m, linkCount: [33m1[39m }
[Graph3D] Clearing existing objects...
[Graph3D] Calling createSimulation...
[Graph3D] Simulation created, setting up event handlers...
[Graph3D] Data changed: {
  nodesLen: [33m3[39m,
  linksLen: [33m1[39m,
  key: [33m1776869761326[39m,
  timestamp: [33m1776869760323[39m
}
[Graph3D] Creating simulation: [33m3[39m nodes
[Graph3D] createGraphSimulation called: { hasObjectManager: [33mtrue[39m, hasScene: [33mtrue[39m, nodeCount: [33m3[39m, linkCount: [33m1[39m }
[Graph3D] Clearing existing objects...
[Graph3D] Calling createSimulation...
[Graph3D] Simulation created, setting up event handlers...
[Graph3D] Data changed: {
  nodesLen: [33m3[39m,
  linksLen: [33m1[39m,
  key: [33m1776869761356[39m,
  timestamp: [33m1776869760353[39m
}
[Graph3D] Creating simulation: [33m3[39m nodes
[Graph3D] createGraphSimulation called: { hasObjectManager: [33mtrue[39m, hasScene: [33mtrue[39m, nodeCount: [33m3[39m, linkCount: [33m1[39m }
[Graph3D] Clearing existing objects...
[Graph3D] Calling createSimulation...
[Graph3D] Simulation created, setting up event handlers...
[Graph3D] Data changed: {
  nodesLen: [33m3[39m,
  linksLen: [33m1[39m,
  key: [33m1776869761392[39m,
  timestamp: [33m1776869760389[39m
}
[Graph3D] Creating simulation: [33m3[39m nodes
[Graph3D] createGraphSimulation called: { hasObjectManager: [33mtrue[39m, hasScene: [33mtrue[39m, nodeCount: [33m3[39m, linkCount: [33m1[39m }
[Graph3D] Clearing existing objects...
[Graph3D] Calling createSimulation...
[Graph3D] Simulation created, setting up event handlers...
[Graph3D] Data changed: {
  nodesLen: [33m3[39m,
  linksLen: [33m1[39m,
  key: [33m1776869761420[39m,
  timestamp: [33m1776869760417[39m
}
[Graph3D] Creating simulation: [33m3[39m nodes
[Graph3D] createGraphSimulation called: { hasObjectManager: [33mtrue[39m, hasScene: [33mtrue[39m, nodeCount: [33m3[39m, linkCount: [33m1[39m }
[Graph3D] Clearing existing objects...
[Graph3D] Calling createSimulation...
[Graph3D] Simulation created, setting up event handlers...
[Graph3D] Data changed: {
  nodesLen: [33m3[39m,
  linksLen: [33m1[39m,
  key: [33m1776869761448[39m,
  timestamp: [33m1776869760445[39m
}
[Graph3D] Creating simulation: [33m3[39m nodes
[Graph3D] createGraphSimulation called: { hasObjectManager: [33mtrue[39m, hasScene: [33mtrue[39m, nodeCount: [33m3[39m, linkCount: [33m1[39m }
[Graph3D] Clearing existing objects...
[Graph3D] Calling createSimulation...
[Graph3D] Simulation created, setting up event handlers...
[Graph3D] Data changed: {
  nodesLen: [33m3[39m,
  linksLen: [33m1[39m,
  key: [33m1776869761481[39m,
  timestamp: [33m1776869760478[39m
}
[Graph3D] Creating simulation: [33m3[39m nodes
[Graph3D] createGraphSimulation called: { hasObjectManager: [33mtrue[39m, hasScene: [33mtrue[39m, nodeCount: [33m3[39m, linkCount: [33m1[39m }
[Graph3D] Clearing existing objects...
[Graph3D] Calling createSimulation...
[Graph3D] Simulation created, setting up event handlers...
[Graph3D] Data changed: {
  nodesLen: [33m3[39m,
  linksLen: [33m1[39m,
  key: [33m1776869761513[39m,
  timestamp: [33m1776869760510[39m
}
[Graph3D] Creating simulation: [33m3[39m nodes
[Graph3D] createGraphSimulation called: { hasObjectManager: [33mtrue[39m, hasScene: [33mtrue[39m, nodeCount: [33m3[39m, linkCount: [33m1[39m }
[Graph3D] Clearing existing objects...
[Graph3D] Calling createSimulation...
[Graph3D] Simulation created, setting up event handlers...
[Graph3D] Data changed: {
  nodesLen: [33m3[39m,
  linksLen: [33m1[39m,
  key: [33m1776869761546[39m,
  timestamp: [33m1776869760543[39m
}
[Graph3D] Creating simulation: [33m3[39m nodes
[Graph3D] createGraphSimulation called: { hasObjectManager: [33mtrue[39m, hasScene: [33mtrue[39m, nodeCount: [33m3[39m, linkCount: [33m1[39m }
[Graph3D] Clearing existing objects...
[Graph3D] Calling createSimulation...
[Graph3D] Simulation created, setting up event handlers...
[Graph3D] Data changed: {
  nodesLen: [33m3[39m,
  linksLen: [33m1[39m,
  key: [33m1776869761581[39m,
  timestamp: [33m1776869760578[39m
}
[Graph3D] Creating simulation: [33m3[39m nodes
[Graph3D] createGraphSimulation called: { hasObjectManager: [33mtrue[39m, hasScene: [33mtrue[39m, nodeCount: [33m3[39m, linkCount: [33m1[39m }
[Graph3D] Clearing existing objects...
[Graph3D] Calling createSimulation...
[Graph3D] Simulation created, setting up event handlers...
[Graph3D] Data changed: {
  nodesLen: [33m3[39m,
  linksLen: [33m1[39m,
  key: [33m1776869761613[39m,
  timestamp: [33m1776869760610[39m
}
[Graph3D] Creating simulation: [33m3[39m nodes
[Graph3D] createGraphSimulation called: { hasObjectManager: [33mtrue[39m, hasScene: [33mtrue[39m, nodeCount: [33m3[39m, linkCount: [33m1[39m }
[Graph3D] Clearing existing objects...
[Graph3D] Calling createSimulation...
[Graph3D] Simulation created, setting up event handlers...
[Graph3D] Data changed: {
  nodesLen: [33m3[39m,
  linksLen: [33m1[39m,
  key: [33m1776869761647[39m,
  timestamp: [33m1776869760644[39m
}
[Graph3D] Creating simulation: [33m3[39m nodes
[Graph3D] createGraphSimulation called: { hasObjectManager: [33mtrue[39m, hasScene: [33mtrue[39m, nodeCount: [33m3[39m, linkCount: [33m1[39m }
[Graph3D] Clearing existing objects...
[Graph3D] Calling createSimulation...
[Graph3D] Simulation created, setting up event handlers...
[Graph3D] Data changed: {
  nodesLen: [33m3[39m,
  linksLen: [33m1[39m,
  key: [33m1776869761679[39m,
  timestamp: [33m1776869760676[39m
}
[Graph3D] Creating simulation: [33m3[39m nodes
[Graph3D] createGraphSimulation called: { hasObjectManager: [33mtrue[39m, hasScene: [33mtrue[39m, nodeCount: [33m3[39m, linkCount: [33m1[39m }
[Graph3D] Clearing existing objects...
[Graph3D] Calling createSimulation...
[Graph3D] Simulation created, setting up event handlers...
[Graph3D] Data changed: {
  nodesLen: [33m3[39m,
  linksLen: [33m1[39m,
  key: [33m1776869761707[39m,
  timestamp: [33m1776869760704[39m
}
[Graph3D] Creating simulation: [33m3[39m nodes
[Graph3D] createGraphSimulation called: { hasObjectManager: [33mtrue[39m, hasScene: [33mtrue[39m, nodeCount: [33m3[39m, linkCount: [33m1[39m }
[Graph3D] Clearing existing objects...
[Graph3D] Calling createSimulation...
[Graph3D] Simulation created, setting up event handlers...
[Graph3D] Data changed: {
  nodesLen: [33m3[39m,
  linksLen: [33m1[39m,
  key: [33m1776869761739[39m,
  timestamp: [33m1776869760736[39m
}
[Graph3D] Creating simulation: [33m3[39m nodes
[Graph3D] createGraphSimulation called: { hasObjectManager: [33mtrue[39m, hasScene: [33mtrue[39m, nodeCount: [33m3[39m, linkCount: [33m1[39m }
[Graph3D] Clearing existing objects...
[Graph3D] Calling createSimulation...
[Graph3D] Simulation created, setting up event handlers...
[Graph3D] Data changed: {
  nodesLen: [33m3[39m,
  linksLen: [33m1[39m,
  key: [33m1776869761768[39m,
  timestamp: [33m1776869760765[39m
}
[Graph3D] Creating simulation: [33m3[39m nodes
[Graph3D] createGraphSimulation called: { hasObjectManager: [33mtrue[39m, hasScene: [33mtrue[39m, nodeCount: [33m3[39m, linkCount: [33m1[39m }
[Graph3D] Clearing existing objects...
[Graph3D] Calling createSimulation...
[Graph3D] Simulation created, setting up event handlers...
[Graph3D] Data changed: {
  nodesLen: [33m3[39m,
  linksLen: [33m1[39m,
  key: [33m1776869761797[39m,
  timestamp: [33m1776869760794[39m
}
[Graph3D] Creating simulation: [33m3[39m nodes
[Graph3D] createGraphSimulation called: { hasObjectManager: [33mtrue[39m, hasScene: [33mtrue[39m, nodeCount: [33m3[39m, linkCount: [33m1[39m }
[Graph3D] Clearing existing objects...
[Graph3D] Calling createSimulation...
[Graph3D] Simulation created, setting up event handlers...
[Graph3D] Data changed: {
  nodesLen: [33m3[39m,
  linksLen: [33m1[39m,
  key: [33m1776869761831[39m,
  timestamp: [33m1776869760828[39m
}
[Graph3D] Creating simulation: [33m3[39m nodes
[Graph3D] createGraphSimulation called: { hasObjectManager: [33mtrue[39m, hasScene: [33mtrue[39m, nodeCount: [33m3[39m, linkCount: [33m1[39m }
[Graph3D] Clearing existing objects...
[Graph3D] Calling createSimulation...
[Graph3D] Simulation created, setting up event handlers...
[Graph3D] Data changed: {
  nodesLen: [33m3[39m,
  linksLen: [33m1[39m,
  key: [33m1776869761860[39m,
  timestamp: [33m1776869760857[39m
}
[Graph3D] Creating simulation: [33m3[39m nodes
[Graph3D] createGraphSimulation called: { hasObjectManager: [33mtrue[39m, hasScene: [33mtrue[39m, nodeCount: [33m3[39m, linkCount: [33m1[39m }
[Graph3D] Clearing existing objects...
[Graph3D] Calling createSimulation...
[Graph3D] Simulation created, setting up event handlers...
[Graph3D] Data changed: {
  nodesLen: [33m3[39m,
  linksLen: [33m1[39m,
  key: [33m1776869761894[39m,
  timestamp: [33m1776869760891[39m
}
[Graph3D] Creating simulation: [33m3[39m nodes
[Graph3D] createGraphSimulation called: { hasObjectManager: [33mtrue[39m, hasScene: [33mtrue[39m, nodeCount: [33m3[39m, linkCount: [33m1[39m }
[Graph3D] Clearing existing objects...
[Graph3D] Calling createSimulation...
[Graph3D] Simulation created, setting up event handlers...
[Graph3D] Data changed: {
  nodesLen: [33m3[39m,
  linksLen: [33m1[39m,
  key: [33m1776869761923[39m,
  timestamp: [33m1776869760920[39m
}
[Graph3D] Creating simulation: [33m3[39m nodes
[Graph3D] createGraphSimulation called: { hasObjectManager: [33mtrue[39m, hasScene: [33mtrue[39m, nodeCount: [33m3[39m, linkCount: [33m1[39m }
[Graph3D] Clearing existing objects...
[Graph3D] Calling createSimulation...
[Graph3D] Simulation created, setting up event handlers...
[Graph3D] Data changed: {
  nodesLen: [33m3[39m,
  linksLen: [33m1[39m,
  key: [33m1776869761952[39m,
  timestamp: [33m1776869760949[39m
}
[Graph3D] Creating simulation: [33m3[39m nodes
[Graph3D] createGraphSimulation called: { hasObjectManager: [33mtrue[39m, hasScene: [33mtrue[39m, nodeCount: [33m3[39m, linkCount: [33m1[39m }
[Graph3D] Clearing existing objects...
[Graph3D] Calling createSimulation...
[Graph3D] Simulation created, setting up event handlers...
[Graph3D] Data changed: {
  nodesLen: [33m3[39m,
  linksLen: [33m1[39m,
  key: [33m1776869761983[39m,
  timestamp: [33m1776869760980[39m
}
[Graph3D] Creating simulation: [33m3[39m nodes
[Graph3D] createGraphSimulation called: { hasObjectManager: [33mtrue[39m, hasScene: [33mtrue[39m, nodeCount: [33m3[39m, linkCount: [33m1[39m }
[Graph3D] Clearing existing objects...
[Graph3D] Calling createSimulation...
[Graph3D] Simulation created, setting up event handlers...
[Graph3D] Data changed: {
  nodesLen: [33m3[39m,
  linksLen: [33m1[39m,
  key: [33m1776869762013[39m,
  timestamp: [33m1776869761010[39m
}
[Graph3D] Creating simulation: [33m3[39m nodes
[Graph3D] createGraphSimulation called: { hasObjectManager: [33mtrue[39m, hasScene: [33mtrue[39m, nodeCount: [33m3[39m, linkCount: [33m1[39m }
[Graph3D] Clearing existing objects...
[Graph3D] Calling createSimulation...
[Graph3D] Simulation created, setting up event handlers...
[Graph3D] Data changed: {
  nodesLen: [33m3[39m,
  linksLen: [33m1[39m,
  key: [33m1776869762046[39m,
  timestamp: [33m1776869761043[39m
}
[Graph3D] Creating simulation: [33m3[39m nodes
[Graph3D] createGraphSimulation called: { hasObjectManager: [33mtrue[39m, hasScene: [33mtrue[39m, nodeCount: [33m3[39m, linkCount: [33m1[39m }
[Graph3D] Clearing existing objects...
[Graph3D] Calling createSimulation...
[Graph3D] Simulation created, setting up event handlers...
[Graph3D] Data changed: {
  nodesLen: [33m3[39m,
  linksLen: [33m1[39m,
  key: [33m1776869762077[39m,
  timestamp: [33m1776869761074[39m
}
[Graph3D] Creating simulation: [33m3[39m nodes
[Graph3D] createGraphSimulation called: { hasObjectManager: [33mtrue[39m, hasScene: [33mtrue[39m, nodeCount: [33m3[39m, linkCount: [33m1[39m }
[Graph3D] Clearing existing objects...
[Graph3D] Calling createSimulation...
[Graph3D] Simulation created, setting up event handlers...
[Graph3D] Data changed: {
  nodesLen: [33m3[39m,
  linksLen: [33m1[39m,
  key: [33m1776869762108[39m,
  timestamp: [33m1776869761105[39m
}
[Graph3D] Creating simulation: [33m3[39m nodes
[Graph3D] createGraphSimulation called: { hasObjectManager: [33mtrue[39m, hasScene: [33mtrue[39m, nodeCount: [33m3[39m, linkCount: [33m1[39m }
[Graph3D] Clearing existing objects...
[Graph3D] Calling createSimulation...
[Graph3D] Simulation created, setting up event handlers...
[Graph3D] Data changed: {
  nodesLen: [33m3[39m,
  linksLen: [33m1[39m,
  key: [33m1776869762141[39m,
  timestamp: [33m1776869761138[39m
}
[Graph3D] Creating simulation: [33m3[39m nodes
[Graph3D] createGraphSimulation called: { hasObjectManager: [33mtrue[39m, hasScene: [33mtrue[39m, nodeCount: [33m3[39m, linkCount: [33m1[39m }
[Graph3D] Clearing existing objects...
[Graph3D] Calling createSimulation...
[Graph3D] Simulation created, setting up event handlers...
[Graph3D] Data changed: {
  nodesLen: [33m3[39m,
  linksLen: [33m1[39m,
  key: [33m1776869762172[39m,
  timestamp: [33m1776869761169[39m
}
[Graph3D] Creating simulation: [33m3[39m nodes
[Graph3D] createGraphSimulation called: { hasObjectManager: [33mtrue[39m, hasScene: [33mtrue[39m, nodeCount: [33m3[39m, linkCount: [33m1[39m }
[Graph3D] Clearing existing objects...
[Graph3D] Calling createSimulation...
[Graph3D] Simulation created, setting up event handlers...
[Graph3D] Data changed: {
  nodesLen: [33m3[39m,
  linksLen: [33m1[39m,
  key: [33m1776869762204[39m,
  timestamp: [33m1776869761201[39m
}
[Graph3D] Creating simulation: [33m3[39m nodes
[Graph3D] createGraphSimulation called: { hasObjectManager: [33mtrue[39m, hasScene: [33mtrue[39m, nodeCount: [33m3[39m, linkCount: [33m1[39m }
[Graph3D] Clearing existing objects...
[Graph3D] Calling createSimulation...
[Graph3D] Simulation created, setting up event handlers...
[Graph3D] Data changed: {
  nodesLen: [33m3[39m,
  linksLen: [33m1[39m,
  key: [33m1776869762234[39m,
  timestamp: [33m1776869761231[39m
}
[Graph3D] Creating simulation: [33m3[39m nodes
[Graph3D] createGraphSimulation called: { hasObjectManager: [33mtrue[39m, hasScene: [33mtrue[39m, nodeCount: [33m3[39m, linkCount: [33m1[39m }
[Graph3D] Clearing existing objects...
[Graph3D] Calling createSimulation...
[Graph3D] Simulation created, setting up event handlers...
[Graph3D] Data changed: {
  nodesLen: [33m3[39m,
  linksLen: [33m1[39m,
  key: [33m1776869762266[39m,
  timestamp: [33m1776869761263[39m
}
[Graph3D] Creating simulation: [33m3[39m nodes
[Graph3D] createGraphSimulation called: { hasObjectManager: [33mtrue[39m, hasScene: [33mtrue[39m, nodeCount: [33m3[39m, linkCount: [33m1[39m }
[Graph3D] Clearing existing objects...
[Graph3D] Calling createSimulation...
[Graph3D] Simulation created, setting up event handlers...
[Graph3D] Data changed: {
  nodesLen: [33m3[39m,
  linksLen: [33m1[39m,
  key: [33m1776869762298[39m,
  timestamp: [33m1776869761295[39m
}
[Graph3D] Creating simulation: [33m3[39m nodes
[Graph3D] createGraphSimulation called: { hasObjectManager: [33mtrue[39m, hasScene: [33mtrue[39m, nodeCount: [33m3[39m, linkCount: [33m1[39m }
[Graph3D] Clearing existing objects...
[Graph3D] Calling createSimulation...
[Graph3D] Simulation created, setting up event handlers...
[Graph3D] Data changed: {
  nodesLen: [33m3[39m,
  linksLen: [33m1[39m,
  key: [33m1776869762328[39m,
  timestamp: [33m1776869761325[39m
}
[Graph3D] Creating simulation: [33m3[39m nodes
[Graph3D] createGraphSimulation called: { hasObjectManager: [33mtrue[39m, hasScene: [33mtrue[39m, nodeCount: [33m3[39m, linkCount: [33m1[39m }
[Graph3D] Clearing existing objects...
[Graph3D] Calling createSimulation...
[Graph3D] Simulation created, setting up event handlers...
[Graph3D] Data changed: {
  nodesLen: [33m3[39m,
  linksLen: [33m1[39m,
  key: [33m1776869762362[39m,
  timestamp: [33m1776869761359[39m
}
[Graph3D] Creating simulation: [33m3[39m nodes
[Graph3D] createGraphSimulation called: { hasObjectManager: [33mtrue[39m, hasScene: [33mtrue[39m, nodeCount: [33m3[39m, linkCount: [33m1[39m }
[Graph3D] Clearing existing objects...
[Graph3D] Calling createSimulation...
[Graph3D] Simulation created, setting up event handlers...
[Graph3D] Data changed: {
  nodesLen: [33m3[39m,
  linksLen: [33m1[39m,
  key: [33m1776869762393[39m,
  timestamp: [33m1776869761390[39m
}
[Graph3D] Creating simulation: [33m3[39m nodes
[Graph3D] createGraphSimulation called: { hasObjectManager: [33mtrue[39m, hasScene: [33mtrue[39m, nodeCount: [33m3[39m, linkCount: [33m1[39m }
[Graph3D] Clearing existing objects...
[Graph3D] Calling createSimulation...
[Graph3D] Simulation created, setting up event handlers...
[Graph3D] Data changed: {
  nodesLen: [33m3[39m,
  linksLen: [33m1[39m,
  key: [33m1776869762426[39m,
  timestamp: [33m1776869761423[39m
}
[Graph3D] Creating simulation: [33m3[39m nodes
[Graph3D] createGraphSimulation called: { hasObjectManager: [33mtrue[39m, hasScene: [33mtrue[39m, nodeCount: [33m3[39m, linkCount: [33m1[39m }
[Graph3D] Clearing existing objects...
[Graph3D] Calling createSimulation...
[Graph3D] Simulation created, setting up event handlers...
[Graph3D] Data changed: {
  nodesLen: [33m3[39m,
  linksLen: [33m1[39m,
  key: [33m1776869762457[39m,
  timestamp: [33m1776869761454[39m
}
[Graph3D] Creating simulation: [33m3[39m nodes
[Graph3D] createGraphSimulation called: { hasObjectManager: [33mtrue[39m, hasScene: [33mtrue[39m, nodeCount: [33m3[39m, linkCount: [33m1[39m }
[Graph3D] Clearing existing objects...
[Graph3D] Calling createSimulation...
[Graph3D] Simulation created, setting up event handlers...
[Graph3D] Data changed: {
  nodesLen: [33m3[39m,
  linksLen: [33m1[39m,
  key: [33m1776869762490[39m,
  timestamp: [33m1776869761487[39m
}
[Graph3D] Creating simulation: [33m3[39m nodes
[Graph3D] createGraphSimulation called: { hasObjectManager: [33mtrue[39m, hasScene: [33mtrue[39m, nodeCount: [33m3[39m, linkCount: [33m1[39m }
[Graph3D] Clearing existing objects...
[Graph3D] Calling createSimulation...
[Graph3D] Simulation created, setting up event handlers...
[Graph3D] Data changed: {
  nodesLen: [33m3[39m,
  linksLen: [33m1[39m,
  key: [33m1776869762527[39m,
  timestamp: [33m1776869761524[39m
}
[Graph3D] Creating simulation: [33m3[39m nodes
[Graph3D] createGraphSimulation called: { hasObjectManager: [33mtrue[39m, hasScene: [33mtrue[39m, nodeCount: [33m3[39m, linkCount: [33m1[39m }
[Graph3D] Clearing existing objects...
[Graph3D] Calling createSimulation...
[Graph3D] Simulation created, setting up event handlers...
[Graph3D] Data changed: {
  nodesLen: [33m3[39m,
  linksLen: [33m1[39m,
  key: [33m1776869762563[39m,
  timestamp: [33m1776869761560[39m
}
[Graph3D] Creating simulation: [33m3[39m nodes
[Graph3D] createGraphSimulation called: { hasObjectManager: [33mtrue[39m, hasScene: [33mtrue[39m, nodeCount: [33m3[39m, linkCount: [33m1[39m }
[Graph3D] Clearing existing objects...
[Graph3D] Calling createSimulation...
[Graph3D] Simulation created, setting up event handlers...
[Graph3D] Data changed: {
  nodesLen: [33m3[39m,
  linksLen: [33m1[39m,
  key: [33m1776869762598[39m,
  timestamp: [33m1776869761595[39m
}
[Graph3D] Creating simulation: [33m3[39m nodes
[Graph3D] createGraphSimulation called: { hasObjectManager: [33mtrue[39m, hasScene: [33mtrue[39m, nodeCount: [33m3[39m, linkCount: [33m1[39m }
[Graph3D] Clearing existing objects...
[Graph3D] Calling createSimulation...
[Graph3D] Simulation created, setting up event handlers...
[Graph3D] Data changed: {
  nodesLen: [33m3[39m,
  linksLen: [33m1[39m,
  key: [33m1776869762632[39m,
  timestamp: [33m1776869761629[39m
}
[Graph3D] Creating simulation: [33m3[39m nodes
[Graph3D] createGraphSimulation called: { hasObjectManager: [33mtrue[39m, hasScene: [33mtrue[39m, nodeCount: [33m3[39m, linkCount: [33m1[39m }
[Graph3D] Clearing existing objects...
[Graph3D] Calling createSimulation...
[Graph3D] Simulation created, setting up event handlers...
[Graph3D] Data changed: {
  nodesLen: [33m3[39m,
  linksLen: [33m1[39m,
  key: [33m1776869762664[39m,
  timestamp: [33m1776869761661[39m
}
[Graph3D] Creating simulation: [33m3[39m nodes
[Graph3D] createGraphSimulation called: { hasObjectManager: [33mtrue[39m, hasScene: [33mtrue[39m, nodeCount: [33m3[39m, linkCount: [33m1[39m }
[Graph3D] Clearing existing objects...
[Graph3D] Calling createSimulation...
[Graph3D] Simulation created, setting up event handlers...
[Graph3D] Data changed: {
  nodesLen: [33m3[39m,
  linksLen: [33m1[39m,
  key: [33m1776869762700[39m,
  timestamp: [33m1776869761697[39m
}
[Graph3D] Creating simulation: [33m3[39m nodes
[Graph3D] createGraphSimulation called: { hasObjectManager: [33mtrue[39m, hasScene: [33mtrue[39m, nodeCount: [33m3[39m, linkCount: [33m1[39m }
[Graph3D] Clearing existing objects...
[Graph3D] Calling createSimulation...
[Graph3D] Simulation created, setting up event handlers...
[Graph3D] Data changed: {
  nodesLen: [33m3[39m,
  linksLen: [33m1[39m,
  key: [33m1776869762731[39m,
  timestamp: [33m1776869761728[39m
}
[Graph3D] Creating simulation: [33m3[39m nodes
[Graph3D] createGraphSimulation called: { hasObjectManager: [33mtrue[39m, hasScene: [33mtrue[39m, nodeCount: [33m3[39m, linkCount: [33m1[39m }
[Graph3D] Clearing existing objects...
[Graph3D] Calling createSimulation...
[Graph3D] Simulation created, setting up event handlers...
[Graph3D] Data changed: {
  nodesLen: [33m3[39m,
  linksLen: [33m1[39m,
  key: [33m1776869762767[39m,
  timestamp: [33m1776869761764[39m
}
[Graph3D] Creating simulation: [33m3[39m nodes
[Graph3D] createGraphSimulation called: { hasObjectManager: [33mtrue[39m, hasScene: [33mtrue[39m, nodeCount: [33m3[39m, linkCount: [33m1[39m }
[Graph3D] Clearing existing objects...
[Graph3D] Calling createSimulation...
[Graph3D] Simulation created, setting up event handlers...
[Graph3D] Data changed: {
  nodesLen: [33m3[39m,
  linksLen: [33m1[39m,
  key: [33m1776869762800[39m,
  timestamp: [33m1776869761797[39m
}
[Graph3D] Creating simulation: [33m3[39m nodes
[Graph3D] createGraphSimulation called: { hasObjectManager: [33mtrue[39m, hasScene: [33mtrue[39m, nodeCount: [33m3[39m, linkCount: [33m1[39m }
[Graph3D] Clearing existing objects...
[Graph3D] Calling createSimulation...
[Graph3D] Simulation created, setting up event handlers...
[Graph3D] Data changed: {
  nodesLen: [33m3[39m,
  linksLen: [33m1[39m,
  key: [33m1776869762834[39m,
  timestamp: [33m1776869761831[39m
}
[Graph3D] Creating simulation: [33m3[39m nodes
[Graph3D] createGraphSimulation called: { hasObjectManager: [33mtrue[39m, hasScene: [33mtrue[39m, nodeCount: [33m3[39m, linkCount: [33m1[39m }
[Graph3D] Clearing existing objects...
[Graph3D] Calling createSimulation...
[Graph3D] Simulation created, setting up event handlers...
[Graph3D] Data changed: {
  nodesLen: [33m3[39m,
  linksLen: [33m1[39m,
  key: [33m1776869762866[39m,
  timestamp: [33m1776869761863[39m
}
[Graph3D] Creating simulation: [33m3[39m nodes
[Graph3D] createGraphSimulation called: { hasObjectManager: [33mtrue[39m, hasScene: [33mtrue[39m, nodeCount: [33m3[39m, linkCount: [33m1[39m }
[Graph3D] Clearing existing objects...
[Graph3D] Calling createSimulation...
[Graph3D] Simulation created, setting up event handlers...
[Graph3D] Data changed: {
  nodesLen: [33m3[39m,
  linksLen: [33m1[39m,
  key: [33m1776869762901[39m,
  timestamp: [33m1776869761898[39m
}
[Graph3D] Creating simulation: [33m3[39m nodes
[Graph3D] createGraphSimulation called: { hasObjectManager: [33mtrue[39m, hasScene: [33mtrue[39m, nodeCount: [33m3[39m, linkCount: [33m1[39m }
[Graph3D] Clearing existing objects...
[Graph3D] Calling createSimulation...
[Graph3D] Simulation created, setting up event handlers...
[Graph3D] Data changed: {
  nodesLen: [33m3[39m,
  linksLen: [33m1[39m,
  key: [33m1776869762934[39m,
  timestamp: [33m1776869761931[39m
}
[Graph3D] Creating simulation: [33m3[39m nodes
[Graph3D] createGraphSimulation called: { hasObjectManager: [33mtrue[39m, hasScene: [33mtrue[39m, nodeCount: [33m3[39m, linkCount: [33m1[39m }
[Graph3D] Clearing existing objects...
[Graph3D] Calling createSimulation...
[Graph3D] Simulation created, setting up event handlers...
[Graph3D] Data changed: {
  nodesLen: [33m3[39m,
  linksLen: [33m1[39m,
  key: [33m1776869762972[39m,
  timestamp: [33m1776869761969[39m
}
[Graph3D] Creating simulation: [33m3[39m nodes
[Graph3D] createGraphSimulation called: { hasObjectManager: [33mtrue[39m, hasScene: [33mtrue[39m, nodeCount: [33m3[39m, linkCount: [33m1[39m }
[Graph3D] Clearing existing objects...
[Graph3D] Calling createSimulation...
[Graph3D] Simulation created, setting up event handlers...
[Graph3D] Data changed: {
  nodesLen: [33m3[39m,
  linksLen: [33m1[39m,
  key: [33m1776869763004[39m,
  timestamp: [33m1776869762001[39m
}
[Graph3D] Creating simulation: [33m3[39m nodes
[Graph3D] createGraphSimulation called: { hasObjectManager: [33mtrue[39m, hasScene: [33mtrue[39m, nodeCount: [33m3[39m, linkCount: [33m1[39m }
[Graph3D] Clearing existing objects...
[Graph3D] Calling createSimulation...
[Graph3D] Simulation created, setting up event handlers...
[Graph3D] Data changed: {
  nodesLen: [33m3[39m,
  linksLen: [33m1[39m,
  key: [33m1776869763039[39m,
  timestamp: [33m1776869762036[39m
}
[Graph3D] Creating simulation: [33m3[39m nodes
[Graph3D] createGraphSimulation called: { hasObjectManager: [33mtrue[39m, hasScene: [33mtrue[39m, nodeCount: [33m3[39m, linkCount: [33m1[39m }
[Graph3D] Clearing existing objects...
[Graph3D] Calling createSimulation...
[Graph3D] Simulation created, setting up event handlers...
[Graph3D] Data changed: {
  nodesLen: [33m3[39m,
  linksLen: [33m1[39m,
  key: [33m1776869763071[39m,
  timestamp: [33m1776869762068[39m
}
[Graph3D] Creating simulation: [33m3[39m nodes
[Graph3D] createGraphSimulation called: { hasObjectManager: [33mtrue[39m, hasScene: [33mtrue[39m, nodeCount: [33m3[39m, linkCount: [33m1[39m }
[Graph3D] Clearing existing objects...
[Graph3D] Calling createSimulation...
[Graph3D] Simulation created, setting up event handlers...
[Graph3D] Data changed: {
  nodesLen: [33m3[39m,
  linksLen: [33m1[39m,
  key: [33m1776869763104[39m,
  timestamp: [33m1776869762101[39m
}
[Graph3D] Creating simulation: [33m3[39m nodes
[Graph3D] createGraphSimulation called: { hasObjectManager: [33mtrue[39m, hasScene: [33mtrue[39m, nodeCount: [33m3[39m, linkCount: [33m1[39m }
[Graph3D] Clearing existing objects...
[Graph3D] Calling createSimulation...
[Graph3D] Simulation created, setting up event handlers...
[Graph3D] Data changed: {
  nodesLen: [33m3[39m,
  linksLen: [33m1[39m,
  key: [33m1776869763136[39m,
  timestamp: [33m1776869762133[39m
}
[Graph3D] Creating simulation: [33m3[39m nodes
[Graph3D] createGraphSimulation called: { hasObjectManager: [33mtrue[39m, hasScene: [33mtrue[39m, nodeCount: [33m3[39m, linkCount: [33m1[39m }
[Graph3D] Clearing existing objects...
[Graph3D] Calling createSimulation...
[Graph3D] Simulation created, setting up event handlers...
[Graph3D] Data changed: {
  nodesLen: [33m3[39m,
  linksLen: [33m1[39m,
  key: [33m1776869763171[39m,
  timestamp: [33m1776869762168[39m
}
[Graph3D] Creating simulation: [33m3[39m nodes
[Graph3D] createGraphSimulation called: { hasObjectManager: [33mtrue[39m, hasScene: [33mtrue[39m, nodeCount: [33m3[39m, linkCount: [33m1[39m }
[Graph3D] Clearing existing objects...
[Graph3D] Calling createSimulation...
[Graph3D] Simulation created, setting up event handlers...
[Graph3D] Data changed: {
  nodesLen: [33m3[39m,
  linksLen: [33m1[39m,
  key: [33m1776869763203[39m,
  timestamp: [33m1776869762200[39m
}
[Graph3D] Creating simulation: [33m3[39m nodes
[Graph3D] createGraphSimulation called: { hasObjectManager: [33mtrue[39m, hasScene: [33mtrue[39m, nodeCount: [33m3[39m, linkCount: [33m1[39m }
[Graph3D] Clearing existing objects...
[Graph3D] Calling createSimulation...
[Graph3D] Simulation created, setting up event handlers...
[Graph3D] Data changed: {
  nodesLen: [33m3[39m,
  linksLen: [33m1[39m,
  key: [33m1776869763238[39m,
  timestamp: [33m1776869762235[39m
}
[Graph3D] Creating simulation: [33m3[39m nodes
[Graph3D] createGraphSimulation called: { hasObjectManager: [33mtrue[39m, hasScene: [33mtrue[39m, nodeCount: [33m3[39m, linkCount: [33m1[39m }
[Graph3D] Clearing existing objects...
[Graph3D] Calling createSimulation...
[Graph3D] Simulation created, setting up event handlers...
[Graph3D] Data changed: {
  nodesLen: [33m3[39m,
  linksLen: [33m1[39m,
  key: [33m1776869763271[39m,
  timestamp: [33m1776869762268[39m
}
[Graph3D] Creating simulation: [33m3[39m nodes
[Graph3D] createGraphSimulation called: { hasObjectManager: [33mtrue[39m, hasScene: [33mtrue[39m, nodeCount: [33m3[39m, linkCount: [33m1[39m }
[Graph3D] Clearing existing objects...
[Graph3D] Calling createSimulation...
[Graph3D] Simulation created, setting up event handlers...
[Graph3D] Data changed: {
  nodesLen: [33m3[39m,
  linksLen: [33m1[39m,
  key: [33m1776869763307[39m,
  timestamp: [33m1776869762304[39m
}
[Graph3D] Creating simulation: [33m3[39m nodes
[Graph3D] createGraphSimulation called: { hasObjectManager: [33mtrue[39m, hasScene: [33mtrue[39m, nodeCount: [33m3[39m, linkCount: [33m1[39m }
[Graph3D] Clearing existing objects...
[Graph3D] Calling createSimulation...
[Graph3D] Simulation created, setting up event handlers...
[Graph3D] Data changed: {
  nodesLen: [33m3[39m,
  linksLen: [33m1[39m,
  key: [33m1776869763343[39m,
  timestamp: [33m1776869762340[39m
}
[Graph3D] Creating simulation: [33m3[39m nodes
[Graph3D] createGraphSimulation called: { hasObjectManager: [33mtrue[39m, hasScene: [33mtrue[39m, nodeCount: [33m3[39m, linkCount: [33m1[39m }
[Graph3D] Clearing existing objects...
[Graph3D] Calling createSimulation...
[Graph3D] Simulation created, setting up event handlers...
[Graph3D] Data changed: {
  nodesLen: [33m3[39m,
  linksLen: [33m1[39m,
  key: [33m1776869763377[39m,
  timestamp: [33m1776869762374[39m
}
[Graph3D] Creating simulation: [33m3[39m nodes
[Graph3D] createGraphSimulation called: { hasObjectManager: [33mtrue[39m, hasScene: [33mtrue[39m, nodeCount: [33m3[39m, linkCount: [33m1[39m }
[Graph3D] Clearing existing objects...
[Graph3D] Calling createSimulation...
[Graph3D] Simulation created, setting up event handlers...
[Graph3D] Data changed: {
  nodesLen: [33m3[39m,
  linksLen: [33m1[39m,
  key: [33m1776869763412[39m,
  timestamp: [33m1776869762409[39m
}
[Graph3D] Creating simulation: [33m3[39m nodes
[Graph3D] createGraphSimulation called: { hasObjectManager: [33mtrue[39m, hasScene: [33mtrue[39m, nodeCount: [33m3[39m, linkCount: [33m1[39m }
[Graph3D] Clearing existing objects...
[Graph3D] Calling createSimulation...
[Graph3D] Simulation created, setting up event handlers...
[Graph3D] Data changed: {
  nodesLen: [33m3[39m,
  linksLen: [33m1[39m,
  key: [33m1776869763444[39m,
  timestamp: [33m1776869762441[39m
}
[Graph3D] Creating simulation: [33m3[39m nodes
[Graph3D] createGraphSimulation called: { hasObjectManager: [33mtrue[39m, hasScene: [33mtrue[39m, nodeCount: [33m3[39m, linkCount: [33m1[39m }
[Graph3D] Clearing existing objects...
[Graph3D] Calling createSimulation...
[Graph3D] Simulation created, setting up event handlers...
[Graph3D] Data changed: {
  nodesLen: [33m3[39m,
  linksLen: [33m1[39m,
  key: [33m1776869763480[39m,
  timestamp: [33m1776869762477[39m
}
[Graph3D] Creating simulation: [33m3[39m nodes
[Graph3D] createGraphSimulation called: { hasObjectManager: [33mtrue[39m, hasScene: [33mtrue[39m, nodeCount: [33m3[39m, linkCount: [33m1[39m }
[Graph3D] Clearing existing objects...
[Graph3D] Calling createSimulation...
[Graph3D] Simulation created, setting up event handlers...
[Graph3D] Data changed: {
  nodesLen: [33m3[39m,
  linksLen: [33m1[39m,
  key: [33m1776869763512[39m,
  timestamp: [33m1776869762509[39m
}
[Graph3D] Creating simulation: [33m3[39m nodes
[Graph3D] createGraphSimulation called: { hasObjectManager: [33mtrue[39m, hasScene: [33mtrue[39m, nodeCount: [33m3[39m, linkCount: [33m1[39m }
[Graph3D] Clearing existing objects...
[Graph3D] Calling createSimulation...
[Graph3D] Simulation created, setting up event handlers...
[Graph3D] Data changed: {
  nodesLen: [33m3[39m,
  linksLen: [33m1[39m,
  key: [33m1776869763547[39m,
  timestamp: [33m1776869762544[39m
}
[Graph3D] Creating simulation: [33m3[39m nodes
[Graph3D] createGraphSimulation called: { hasObjectManager: [33mtrue[39m, hasScene: [33mtrue[39m, nodeCount: [33m3[39m, linkCount: [33m1[39m }
[Graph3D] Clearing existing objects...
[Graph3D] Calling createSimulation...
[Graph3D] Simulation created, setting up event handlers...
[Graph3D] Data changed: {
  nodesLen: [33m3[39m,
  linksLen: [33m1[39m,
  key: [33m1776869763581[39m,
  timestamp: [33m1776869762578[39m
}
[Graph3D] Creating simulation: [33m3[39m nodes
[Graph3D] createGraphSimulation called: { hasObjectManager: [33mtrue[39m, hasScene: [33mtrue[39m, nodeCount: [33m3[39m, linkCount: [33m1[39m }
[Graph3D] Clearing existing objects...
[Graph3D] Calling createSimulation...
[Graph3D] Simulation created, setting up event handlers...
[Graph3D] Data changed: {
  nodesLen: [33m3[39m,
  linksLen: [33m1[39m,
  key: [33m1776869763614[39m,
  timestamp: [33m1776869762611[39m
}
[Graph3D] Creating simulation: [33m3[39m nodes
[Graph3D] createGraphSimulation called: { hasObjectManager: [33mtrue[39m, hasScene: [33mtrue[39m, nodeCount: [33m3[39m, linkCount: [33m1[39m }
[Graph3D] Clearing existing objects...
[Graph3D] Calling createSimulation...
[Graph3D] Simulation created, setting up event handlers...
[Graph3D] Data changed: {
  nodesLen: [33m3[39m,
  linksLen: [33m1[39m,
  key: [33m1776869763650[39m,
  timestamp: [33m1776869762647[39m
}
[Graph3D] Creating simulation: [33m3[39m nodes
[Graph3D] createGraphSimulation called: { hasObjectManager: [33mtrue[39m, hasScene: [33mtrue[39m, nodeCount: [33m3[39m, linkCount: [33m1[39m }
[Graph3D] Clearing existing objects...
[Graph3D] Calling createSimulation...
[Graph3D] Simulation created, setting up event handlers...
[Graph3D] Data changed: {
  nodesLen: [33m3[39m,
  linksLen: [33m1[39m,
  key: [33m1776869763685[39m,
  timestamp: [33m1776869762682[39m
}
[Graph3D] Creating simulation: [33m3[39m nodes
[Graph3D] createGraphSimulation called: { hasObjectManager: [33mtrue[39m, hasScene: [33mtrue[39m, nodeCount: [33m3[39m, linkCount: [33m1[39m }
[Graph3D] Clearing existing objects...
[Graph3D] Calling createSimulation...
[Graph3D] Simulation created, setting up event handlers...
[Graph3D] Data changed: {
  nodesLen: [33m3[39m,
  linksLen: [33m1[39m,
  key: [33m1776869763720[39m,
  timestamp: [33m1776869762717[39m
}
[Graph3D] Creating simulation: [33m3[39m nodes
[Graph3D] createGraphSimulation called: { hasObjectManager: [33mtrue[39m, hasScene: [33mtrue[39m, nodeCount: [33m3[39m, linkCount: [33m1[39m }
[Graph3D] Clearing existing objects...
[Graph3D] Calling createSimulation...
[Graph3D] Simulation created, setting up event handlers...
[Graph3D] Data changed: {
  nodesLen: [33m3[39m,
  linksLen: [33m1[39m,
  key: [33m1776869763757[39m,
  timestamp: [33m1776869762754[39m
}
[Graph3D] Creating simulation: [33m3[39m nodes
[Graph3D] createGraphSimulation called: { hasObjectManager: [33mtrue[39m, hasScene: [33mtrue[39m, nodeCount: [33m3[39m, linkCount: [33m1[39m }
[Graph3D] Clearing existing objects...
[Graph3D] Calling createSimulation...
[Graph3D] Simulation created, setting up event handlers...
[Graph3D] Data changed: {
  nodesLen: [33m3[39m,
  linksLen: [33m1[39m,
  key: [33m1776869763790[39m,
  timestamp: [33m1776869762787[39m
}
[Graph3D] Creating simulation: [33m3[39m nodes
[Graph3D] createGraphSimulation called: { hasObjectManager: [33mtrue[39m, hasScene: [33mtrue[39m, nodeCount: [33m3[39m, linkCount: [33m1[39m }
[Graph3D] Clearing existing objects...
[Graph3D] Calling createSimulation...
[Graph3D] Simulation created, setting up event handlers...
[Graph3D] Data changed: {
  nodesLen: [33m3[39m,
  linksLen: [33m1[39m,
  key: [33m1776869763828[39m,
  timestamp: [33m1776869762825[39m
}
[Graph3D] Creating simulation: [33m3[39m nodes
[Graph3D] createGraphSimulation called: { hasObjectManager: [33mtrue[39m, hasScene: [33mtrue[39m, nodeCount: [33m3[39m, linkCount: [33m1[39m }
[Graph3D] Clearing existing objects...
[Graph3D] Calling createSimulation...
[Graph3D] Simulation created, setting up event handlers...
[Graph3D] Data changed: {
  nodesLen: [33m3[39m,
  linksLen: [33m1[39m,
  key: [33m1776869763862[39m,
  timestamp: [33m1776869762859[39m
}
[Graph3D] Creating simulation: [33m3[39m nodes
[Graph3D] createGraphSimulation called: { hasObjectManager: [33mtrue[39m, hasScene: [33mtrue[39m, nodeCount: [33m3[39m, linkCount: [33m1[39m }
[Graph3D] Clearing existing objects...
[Graph3D] Calling createSimulation...
[Graph3D] Simulation created, setting up event handlers...
[Graph3D] Data changed: {
  nodesLen: [33m3[39m,
  linksLen: [33m1[39m,
  key: [33m1776869763897[39m,
  timestamp: [33m1776869762894[39m
}
[Graph3D] Creating simulation: [33m3[39m nodes
[Graph3D] createGraphSimulation called: { hasObjectManager: [33mtrue[39m, hasScene: [33mtrue[39m, nodeCount: [33m3[39m, linkCount: [33m1[39m }
[Graph3D] Clearing existing objects...
[Graph3D] Calling createSimulation...
[Graph3D] Simulation created, setting up event handlers...
[Graph3D] Data changed: {
  nodesLen: [33m3[39m,
  linksLen: [33m1[39m,
  key: [33m1776869763932[39m,
  timestamp: [33m1776869762929[39m
}
[Graph3D] Creating simulation: [33m3[39m nodes
[Graph3D] createGraphSimulation called: { hasObjectManager: [33mtrue[39m, hasScene: [33mtrue[39m, nodeCount: [33m3[39m, linkCount: [33m1[39m }
[Graph3D] Clearing existing objects...
[Graph3D] Calling createSimulation...
[Graph3D] Simulation created, setting up event handlers...
[Graph3D] Data changed: {
  nodesLen: [33m3[39m,
  linksLen: [33m1[39m,
  key: [33m1776869763965[39m,
  timestamp: [33m1776869762962[39m
}
[Graph3D] Creating simulation: [33m3[39m nodes
[Graph3D] createGraphSimulation called: { hasObjectManager: [33mtrue[39m, hasScene: [33mtrue[39m, nodeCount: [33m3[39m, linkCount: [33m1[39m }
[Graph3D] Clearing existing objects...
[Graph3D] Calling createSimulation...
[Graph3D] Simulation created, setting up event handlers...
[Graph3D] Data changed: {
  nodesLen: [33m3[39m,
  linksLen: [33m1[39m,
  key: [33m1776869764001[39m,
  timestamp: [33m1776869762998[39m
}
[Graph3D] Creating simulation: [33m3[39m nodes
[Graph3D] createGraphSimulation called: { hasObjectManager: [33mtrue[39m, hasScene: [33mtrue[39m, nodeCount: [33m3[39m, linkCount: [33m1[39m }
[Graph3D] Clearing existing objects...
[Graph3D] Calling createSimulation...
[Graph3D] Simulation created, setting up event handlers...
[Graph3D] Data changed: {
  nodesLen: [33m3[39m,
  linksLen: [33m1[39m,
  key: [33m1776869764035[39m,
  timestamp: [33m1776869763032[39m
}
[Graph3D] Creating simulation: [33m3[39m nodes
[Graph3D] createGraphSimulation called: { hasObjectManager: [33mtrue[39m, hasScene: [33mtrue[39m, nodeCount: [33m3[39m, linkCount: [33m1[39m }
[Graph3D] Clearing existing objects...
[Graph3D] Calling createSimulation...
[Graph3D] Simulation created, setting up event handlers...
[Graph3D] Data changed: {
  nodesLen: [33m3[39m,
  linksLen: [33m1[39m,
  key: [33m1776869764070[39m,
  timestamp: [33m1776869763067[39m
}
[Graph3D] Creating simulation: [33m3[39m nodes
[Graph3D] createGraphSimulation called: { hasObjectManager: [33mtrue[39m, hasScene: [33mtrue[39m, nodeCount: [33m3[39m, linkCount: [33m1[39m }
[Graph3D] Clearing existing objects...
[Graph3D] Calling createSimulation...
[Graph3D] Simulation created, setting up event handlers...
[Graph3D] Data changed: {
  nodesLen: [33m3[39m,
  linksLen: [33m1[39m,
  key: [33m1776869764106[39m,
  timestamp: [33m1776869763103[39m
}
[Graph3D] Creating simulation: [33m3[39m nodes
[Graph3D] createGraphSimulation called: { hasObjectManager: [33mtrue[39m, hasScene: [33mtrue[39m, nodeCount: [33m3[39m, linkCount: [33m1[39m }
[Graph3D] Clearing existing objects...
[Graph3D] Calling createSimulation...
[Graph3D] Simulation created, setting up event handlers...
[Graph3D] Data changed: {
  nodesLen: [33m3[39m,
  linksLen: [33m1[39m,
  key: [33m1776869764140[39m,
  timestamp: [33m1776869763137[39m
}
[Graph3D] Creating simulation: [33m3[39m nodes
[Graph3D] createGraphSimulation called: { hasObjectManager: [33mtrue[39m, hasScene: [33mtrue[39m, nodeCount: [33m3[39m, linkCount: [33m1[39m }
[Graph3D] Clearing existing objects...
[Graph3D] Calling createSimulation...
[Graph3D] Simulation created, setting up event handlers...
[Graph3D] Data changed: {
  nodesLen: [33m3[39m,
  linksLen: [33m1[39m,
  key: [33m1776869764179[39m,
  timestamp: [33m1776869763176[39m
}
[Graph3D] Creating simulation: [33m3[39m nodes
[Graph3D] createGraphSimulation called: { hasObjectManager: [33mtrue[39m, hasScene: [33mtrue[39m, nodeCount: [33m3[39m, linkCount: [33m1[39m }
[Graph3D] Clearing existing objects...
[Graph3D] Calling createSimulation...
[Graph3D] Simulation created, setting up event handlers...
[Graph3D] Data changed: {
  nodesLen: [33m3[39m,
  linksLen: [33m1[39m,
  key: [33m1776869764218[39m,
  timestamp: [33m1776869763215[39m
}
[Graph3D] Creating simulation: [33m3[39m nodes
[Graph3D] createGraphSimulation called: { hasObjectManager: [33mtrue[39m, hasScene: [33mtrue[39m, nodeCount: [33m3[39m, linkCount: [33m1[39m }
[Graph3D] Clearing existing objects...
[Graph3D] Calling createSimulation...
[Graph3D] Simulation created, setting up event handlers...
[Graph3D] Data changed: {
  nodesLen: [33m3[39m,
  linksLen: [33m1[39m,
  key: [33m1776869764252[39m,
  timestamp: [33m1776869763249[39m
}
[Graph3D] Creating simulation: [33m3[39m nodes
[Graph3D] createGraphSimulation called: { hasObjectManager: [33mtrue[39m, hasScene: [33mtrue[39m, nodeCount: [33m3[39m, linkCount: [33m1[39m }
[Graph3D] Clearing existing objects...
[Graph3D] Calling createSimulation...
[Graph3D] Simulation created, setting up event handlers...
[Graph3D] Data changed: {
  nodesLen: [33m3[39m,
  linksLen: [33m1[39m,
  key: [33m1776869764291[39m,
  timestamp: [33m1776869763288[39m
}
[Graph3D] Creating simulation: [33m3[39m nodes
[Graph3D] createGraphSimulation called: { hasObjectManager: [33mtrue[39m, hasScene: [33mtrue[39m, nodeCount: [33m3[39m, linkCount: [33m1[39m }
[Graph3D] Clearing existing objects...
[Graph3D] Calling createSimulation...
[Graph3D] Simulation created, setting up event handlers...
[Graph3D] Data changed: {
  nodesLen: [33m3[39m,
  linksLen: [33m1[39m,
  key: [33m1776869764332[39m,
  timestamp: [33m1776869763329[39m
}
[Graph3D] Creating simulation: [33m3[39m nodes
[Graph3D] createGraphSimulation called: { hasObjectManager: [33mtrue[39m, hasScene: [33mtrue[39m, nodeCount: [33m3[39m, linkCount: [33m1[39m }
[Graph3D] Clearing existing objects...
[Graph3D] Calling createSimulation...
[Graph3D] Simulation created, setting up event handlers...
[Graph3D] Data changed: {
  nodesLen: [33m3[39m,
  linksLen: [33m1[39m,
  key: [33m1776869764369[39m,
  timestamp: [33m1776869763366[39m
}
[Graph3D] Creating simulation: [33m3[39m nodes
[Graph3D] createGraphSimulation called: { hasObjectManager: [33mtrue[39m, hasScene: [33mtrue[39m, nodeCount: [33m3[39m, linkCount: [33m1[39m }
[Graph3D] Clearing existing objects...
[Graph3D] Calling createSimulation...
[Graph3D] Simulation created, setting up event handlers...
[Graph3D] Data changed: {
  nodesLen: [33m3[39m,
  linksLen: [33m1[39m,
  key: [33m1776869764418[39m,
  timestamp: [33m1776869763415[39m
}
[Graph3D] Creating simulation: [33m3[39m nodes
[Graph3D] createGraphSimulation called: { hasObjectManager: [33mtrue[39m, hasScene: [33mtrue[39m, nodeCount: [33m3[39m, linkCount: [33m1[39m }
[Graph3D] Clearing existing objects...
[Graph3D] Calling createSimulation...
[Graph3D] Simulation created, setting up event handlers...
[Graph3D] Data changed: {
  nodesLen: [33m3[39m,
  linksLen: [33m1[39m,
  key: [33m1776869764459[39m,
  timestamp: [33m1776869763456[39m
}
[Graph3D] Creating simulation: [33m3[39m nodes
[Graph3D] createGraphSimulation called: { hasObjectManager: [33mtrue[39m, hasScene: [33mtrue[39m, nodeCount: [33m3[39m, linkCount: [33m1[39m }
[Graph3D] Clearing existing objects...
[Graph3D] Calling createSimulation...
[Graph3D] Simulation created, setting up event handlers...
[Graph3D] Data changed: {
  nodesLen: [33m3[39m,
  linksLen: [33m1[39m,
  key: [33m1776869764495[39m,
  timestamp: [33m1776869763492[39m
}
[Graph3D] Creating simulation: [33m3[39m nodes
[Graph3D] createGraphSimulation called: { hasObjectManager: [33mtrue[39m, hasScene: [33mtrue[39m, nodeCount: [33m3[39m, linkCount: [33m1[39m }
[Graph3D] Clearing existing objects...
[Graph3D] Calling createSimulation...
[Graph3D] Simulation created, setting up event handlers...
[Graph3D] Data changed: {
  nodesLen: [33m3[39m,
  linksLen: [33m1[39m,
  key: [33m1776869764532[39m,
  timestamp: [33m1776869763529[39m
}
[Graph3D] Creating simulation: [33m3[39m nodes
[Graph3D] createGraphSimulation called: { hasObjectManager: [33mtrue[39m, hasScene: [33mtrue[39m, nodeCount: [33m3[39m, linkCount: [33m1[39m }
[Graph3D] Clearing existing objects...
[Graph3D] Calling createSimulation...
[Graph3D] Simulation created, setting up event handlers...
[Graph3D] Data changed: {
  nodesLen: [33m3[39m,
  linksLen: [33m1[39m,
  key: [33m1776869764569[39m,
  timestamp: [33m1776869763566[39m
}
[Graph3D] Creating simulation: [33m3[39m nodes
[Graph3D] createGraphSimulation called: { hasObjectManager: [33mtrue[39m, hasScene: [33mtrue[39m, nodeCount: [33m3[39m, linkCount: [33m1[39m }
[Graph3D] Clearing existing objects...
[Graph3D] Calling createSimulation...
[Graph3D] Simulation created, setting up event handlers...
[Graph3D] Data changed: {
  nodesLen: [33m3[39m,
  linksLen: [33m1[39m,
  key: [33m1776869764604[39m,
  timestamp: [33m1776869763601[39m
}
[Graph3D] Creating simulation: [33m3[39m nodes
[Graph3D] createGraphSimulation called: { hasObjectManager: [33mtrue[39m, hasScene: [33mtrue[39m, nodeCount: [33m3[39m, linkCount: [33m1[39m }
[Graph3D] Clearing existing objects...
[Graph3D] Calling createSimulation...
[Graph3D] Simulation created, setting up event handlers...
[Graph3D] Data changed: {
  nodesLen: [33m3[39m,
  linksLen: [33m1[39m,
  key: [33m1776869764640[39m,
  timestamp: [33m1776869763637[39m
}
[Graph3D] Creating simulation: [33m3[39m nodes
[Graph3D] createGraphSimulation called: { hasObjectManager: [33mtrue[39m, hasScene: [33mtrue[39m, nodeCount: [33m3[39m, linkCount: [33m1[39m }
[Graph3D] Clearing existing objects...
[Graph3D] Calling createSimulation...
[Graph3D] Simulation created, setting up event handlers...
[Graph3D] Data changed: {
  nodesLen: [33m3[39m,
  linksLen: [33m1[39m,
  key: [33m1776869764681[39m,
  timestamp: [33m1776869763678[39m
}
[Graph3D] Creating simulation: [33m3[39m nodes
[Graph3D] createGraphSimulation called: { hasObjectManager: [33mtrue[39m, hasScene: [33mtrue[39m, nodeCount: [33m3[39m, linkCount: [33m1[39m }
[Graph3D] Clearing existing objects...
[Graph3D] Calling createSimulation...
[Graph3D] Simulation created, setting up event handlers...
[Graph3D] Data changed: {
  nodesLen: [33m3[39m,
  linksLen: [33m1[39m,
  key: [33m1776869764718[39m,
  timestamp: [33m1776869763715[39m
}
[Graph3D] Creating simulation: [33m3[39m nodes
[Graph3D] createGraphSimulation called: { hasObjectManager: [33mtrue[39m, hasScene: [33mtrue[39m, nodeCount: [33m3[39m, linkCount: [33m1[39m }
[Graph3D] Clearing existing objects...
[Graph3D] Calling createSimulation...
[Graph3D] Simulation created, setting up event handlers...
[Graph3D] Data changed: {
  nodesLen: [33m3[39m,
  linksLen: [33m1[39m,
  key: [33m1776869764757[39m,
  timestamp: [33m1776869763754[39m
}
[Graph3D] Creating simulation: [33m3[39m nodes
[Graph3D] createGraphSimulation called: { hasObjectManager: [33mtrue[39m, hasScene: [33mtrue[39m, nodeCount: [33m3[39m, linkCount: [33m1[39m }
[Graph3D] Clearing existing objects...
[Graph3D] Calling createSimulation...
[Graph3D] Simulation created, setting up event handlers...
[Graph3D] Data changed: {
  nodesLen: [33m3[39m,
  linksLen: [33m1[39m,
  key: [33m1776869764799[39m,
  timestamp: [33m1776869763796[39m
}
[Graph3D] Creating simulation: [33m3[39m nodes
[Graph3D] createGraphSimulation called: { hasObjectManager: [33mtrue[39m, hasScene: [33mtrue[39m, nodeCount: [33m3[39m, linkCount: [33m1[39m }
[Graph3D] Clearing existing objects...
[Graph3D] Calling createSimulation...
[Graph3D] Simulation created, setting up event handlers...
[Graph3D] Data changed: {
  nodesLen: [33m3[39m,
  linksLen: [33m1[39m,
  key: [33m1776869764842[39m,
  timestamp: [33m1776869763839[39m
}
[Graph3D] Creating simulation: [33m3[39m nodes
[Graph3D] createGraphSimulation called: { hasObjectManager: [33mtrue[39m, hasScene: [33mtrue[39m, nodeCount: [33m3[39m, linkCount: [33m1[39m }
[Graph3D] Clearing existing objects...
[Graph3D] Calling createSimulation...
[Graph3D] Simulation created, setting up event handlers...
[Graph3D] Data changed: {
  nodesLen: [33m3[39m,
  linksLen: [33m1[39m,
  key: [33m1776869764881[39m,
  timestamp: [33m1776869763878[39m
}
[Graph3D] Creating simulation: [33m3[39m nodes
[Graph3D] createGraphSimulation called: { hasObjectManager: [33mtrue[39m, hasScene: [33mtrue[39m, nodeCount: [33m3[39m, linkCount: [33m1[39m }
[Graph3D] Clearing existing objects...
[Graph3D] Calling createSimulation...
[Graph3D] Simulation created, setting up event handlers...
[Graph3D] Data changed: {
  nodesLen: [33m3[39m,
  linksLen: [33m1[39m,
  key: [33m1776869764919[39m,
  timestamp: [33m1776869763916[39m
}
[Graph3D] Creating simulation: [33m3[39m nodes
[Graph3D] createGraphSimulation called: { hasObjectManager: [33mtrue[39m, hasScene: [33mtrue[39m, nodeCount: [33m3[39m, linkCount: [33m1[39m }
[Graph3D] Clearing existing objects...
[Graph3D] Calling createSimulation...
[Graph3D] Simulation created, setting up event handlers...
[Graph3D] Data changed: {
  nodesLen: [33m3[39m,
  linksLen: [33m1[39m,
  key: [33m1776869764957[39m,
  timestamp: [33m1776869763954[39m
}
[Graph3D] Creating simulation: [33m3[39m nodes
[Graph3D] createGraphSimulation called: { hasObjectManager: [33mtrue[39m, hasScene: [33mtrue[39m, nodeCount: [33m3[39m, linkCount: [33m1[39m }
[Graph3D] Clearing existing objects...
[Graph3D] Calling createSimulation...
[Graph3D] Simulation created, setting up event handlers...
[Graph3D] Data changed: {
  nodesLen: [33m3[39m,
  linksLen: [33m1[39m,
  key: [33m1776869764993[39m,
  timestamp: [33m1776869763990[39m
}
[Graph3D] Creating simulation: [33m3[39m nodes
[Graph3D] createGraphSimulation called: { hasObjectManager: [33mtrue[39m, hasScene: [33mtrue[39m, nodeCount: [33m3[39m, linkCount: [33m1[39m }
[Graph3D] Clearing existing objects...
[Graph3D] Calling createSimulation...
[Graph3D] Simulation created, setting up event handlers...
[Graph3D] Data changed: {
  nodesLen: [33m3[39m,
  linksLen: [33m1[39m,
  key: [33m1776869765031[39m,
  timestamp: [33m1776869764028[39m
}
[Graph3D] Creating simulation: [33m3[39m nodes
[Graph3D] createGraphSimulation called: { hasObjectManager: [33mtrue[39m, hasScene: [33mtrue[39m, nodeCount: [33m3[39m, linkCount: [33m1[39m }
[Graph3D] Clearing existing objects...
[Graph3D] Calling createSimulation...
[Graph3D] Simulation created, setting up event handlers...
[Graph3D] Data changed: {
  nodesLen: [33m3[39m,
  linksLen: [33m1[39m,
  key: [33m1776869765076[39m,
  timestamp: [33m1776869764073[39m
}
[Graph3D] Creating simulation: [33m3[39m nodes
[Graph3D] createGraphSimulation called: { hasObjectManager: [33mtrue[39m, hasScene: [33mtrue[39m, nodeCount: [33m3[39m, linkCount: [33m1[39m }
[Graph3D] Clearing existing objects...
[Graph3D] Calling createSimulation...
[Graph3D] Simulation created, setting up event handlers...
[Graph3D] Data changed: {
  nodesLen: [33m3[39m,
  linksLen: [33m1[39m,
  key: [33m1776869765114[39m,
  timestamp: [33m1776869764111[39m
}
[Graph3D] Creating simulation: [33m3[39m nodes
[Graph3D] createGraphSimulation called: { hasObjectManager: [33mtrue[39m, hasScene: [33mtrue[39m, nodeCount: [33m3[39m, linkCount: [33m1[39m }
[Graph3D] Clearing existing objects...
[Graph3D] Calling createSimulation...
[Graph3D] Simulation created, setting up event handlers...
[Graph3D] Data changed: {
  nodesLen: [33m3[39m,
  linksLen: [33m1[39m,
  key: [33m1776869765150[39m,
  timestamp: [33m1776869764147[39m
}
[Graph3D] Creating simulation: [33m3[39m nodes
[Graph3D] createGraphSimulation called: { hasObjectManager: [33mtrue[39m, hasScene: [33mtrue[39m, nodeCount: [33m3[39m, linkCount: [33m1[39m }
[Graph3D] Clearing existing objects...
[Graph3D] Calling createSimulation...
[Graph3D] Simulation created, setting up event handlers...
[Graph3D] Data changed: {
  nodesLen: [33m3[39m,
  linksLen: [33m1[39m,
  key: [33m1776869765187[39m,
  timestamp: [33m1776869764184[39m
}
[Graph3D] Creating simulation: [33m3[39m nodes
[Graph3D] createGraphSimulation called: { hasObjectManager: [33mtrue[39m, hasScene: [33mtrue[39m, nodeCount: [33m3[39m, linkCount: [33m1[39m }
[Graph3D] Clearing existing objects...
[Graph3D] Calling createSimulation...
[Graph3D] Simulation created, setting up event handlers...
[Graph3D] Data changed: {
  nodesLen: [33m3[39m,
  linksLen: [33m1[39m,
  key: [33m1776869765227[39m,
  timestamp: [33m1776869764224[39m
}
[Graph3D] Creating simulation: [33m3[39m nodes
[Graph3D] createGraphSimulation called: { hasObjectManager: [33mtrue[39m, hasScene: [33mtrue[39m, nodeCount: [33m3[39m, linkCount: [33m1[39m }
[Graph3D] Clearing existing objects...
[Graph3D] Calling createSimulation...
[Graph3D] Simulation created, setting up event handlers...
[Graph3D] Data changed: {
  nodesLen: [33m3[39m,
  linksLen: [33m1[39m,
  key: [33m1776869765265[39m,
  timestamp: [33m1776869764262[39m
}
[Graph3D] Creating simulation: [33m3[39m nodes
[Graph3D] createGraphSimulation called: { hasObjectManager: [33mtrue[39m, hasScene: [33mtrue[39m, nodeCount: [33m3[39m, linkCount: [33m1[39m }
[Graph3D] Clearing existing objects...
[Graph3D] Calling createSimulation...
[Graph3D] Simulation created, setting up event handlers...
[Graph3D] Data changed: {
  nodesLen: [33m3[39m,
  linksLen: [33m1[39m,
  key: [33m1776869765303[39m,
  timestamp: [33m1776869764300[39m
}
[Graph3D] Creating simulation: [33m3[39m nodes
[Graph3D] createGraphSimulation called: { hasObjectManager: [33mtrue[39m, hasScene: [33mtrue[39m, nodeCount: [33m3[39m, linkCount: [33m1[39m }
[Graph3D] Clearing existing objects...
[Graph3D] Calling createSimulation...
[Graph3D] Simulation created, setting up event handlers...
[Graph3D] Data changed: {
  nodesLen: [33m3[39m,
  linksLen: [33m1[39m,
  key: [33m1776869765343[39m,
  timestamp: [33m1776869764340[39m
}
[Graph3D] Creating simulation: [33m3[39m nodes
[Graph3D] createGraphSimulation called: { hasObjectManager: [33mtrue[39m, hasScene: [33mtrue[39m, nodeCount: [33m3[39m, linkCount: [33m1[39m }
[Graph3D] Clearing existing objects...
[Graph3D] Calling createSimulation...
[Graph3D] Simulation created, setting up event handlers...
[Graph3D] Data changed: {
  nodesLen: [33m3[39m,
  linksLen: [33m1[39m,
  key: [33m1776869765384[39m,
  timestamp: [33m1776869764381[39m
}
[Graph3D] Creating simulation: [33m3[39m nodes
[Graph3D] createGraphSimulation called: { hasObjectManager: [33mtrue[39m, hasScene: [33mtrue[39m, nodeCount: [33m3[39m, linkCount: [33m1[39m }
[Graph3D] Clearing existing objects...
[Graph3D] Calling createSimulation...
[Graph3D] Simulation created, setting up event handlers...
[Graph3D] Data changed: {
  nodesLen: [33m3[39m,
  linksLen: [33m1[39m,
  key: [33m1776869765423[39m,
  timestamp: [33m1776869764420[39m
}
[Graph3D] Creating simulation: [33m3[39m nodes
[Graph3D] createGraphSimulation called: { hasObjectManager: [33mtrue[39m, hasScene: [33mtrue[39m, nodeCount: [33m3[39m, linkCount: [33m1[39m }
[Graph3D] Clearing existing objects...
[Graph3D] Calling createSimulation...
[Graph3D] Simulation created, setting up event handlers...
[Graph3D] Data changed: {
  nodesLen: [33m3[39m,
  linksLen: [33m1[39m,
  key: [33m1776869765462[39m,
  timestamp: [33m1776869764459[39m
}
[Graph3D] Creating simulation: [33m3[39m nodes
[Graph3D] createGraphSimulation called: { hasObjectManager: [33mtrue[39m, hasScene: [33mtrue[39m, nodeCount: [33m3[39m, linkCount: [33m1[39m }
[Graph3D] Clearing existing objects...
[Graph3D] Calling createSimulation...
[Graph3D] Simulation created, setting up event handlers...
[Graph3D] Data changed: {
  nodesLen: [33m3[39m,
  linksLen: [33m1[39m,
  key: [33m1776869765502[39m,
  timestamp: [33m1776869764499[39m
}
[Graph3D] Creating simulation: [33m3[39m nodes
[Graph3D] createGraphSimulation called: { hasObjectManager: [33mtrue[39m, hasScene: [33mtrue[39m, nodeCount: [33m3[39m, linkCount: [33m1[39m }
[Graph3D] Clearing existing objects...
[Graph3D] Calling createSimulation...
[Graph3D] Simulation created, setting up event handlers...
[Graph3D] Data changed: {
  nodesLen: [33m3[39m,
  linksLen: [33m1[39m,
  key: [33m1776869765542[39m,
  timestamp: [33m1776869764539[39m
}
[Graph3D] Creating simulation: [33m3[39m nodes
[Graph3D] createGraphSimulation called: { hasObjectManager: [33mtrue[39m, hasScene: [33mtrue[39m, nodeCount: [33m3[39m, linkCount: [33m1[39m }
[Graph3D] Clearing existing objects...
[Graph3D] Calling createSimulation...
[Graph3D] Simulation created, setting up event handlers...
[Graph3D] Data changed: {
  nodesLen: [33m3[39m,
  linksLen: [33m1[39m,
  key: [33m1776869765583[39m,
  timestamp: [33m1776869764580[39m
}
[Graph3D] Creating simulation: [33m3[39m nodes
[Graph3D] createGraphSimulation called: { hasObjectManager: [33mtrue[39m, hasScene: [33mtrue[39m, nodeCount: [33m3[39m, linkCount: [33m1[39m }
[Graph3D] Clearing existing objects...
[Graph3D] Calling createSimulation...
[Graph3D] Simulation created, setting up event handlers...
[Graph3D] Data changed: {
  nodesLen: [33m3[39m,
  linksLen: [33m1[39m,
  key: [33m1776869765622[39m,
  timestamp: [33m1776869764619[39m
}
[Graph3D] Creating simulation: [33m3[39m nodes
[Graph3D] createGraphSimulation called: { hasObjectManager: [33mtrue[39m, hasScene: [33mtrue[39m, nodeCount: [33m3[39m, linkCount: [33m1[39m }
[Graph3D] Clearing existing objects...
[Graph3D] Calling createSimulation...
[Graph3D] Simulation created, setting up event handlers...
[Graph3D] Data changed: {
  nodesLen: [33m3[39m,
  linksLen: [33m1[39m,
  key: [33m1776869765664[39m,
  timestamp: [33m1776869764661[39m
}
[Graph3D] Creating simulation: [33m3[39m nodes
[Graph3D] createGraphSimulation called: { hasObjectManager: [33mtrue[39m, hasScene: [33mtrue[39m, nodeCount: [33m3[39m, linkCount: [33m1[39m }
[Graph3D] Clearing existing objects...
[Graph3D] Calling createSimulation...
[Graph3D] Simulation created, setting up event handlers...
[Graph3D] Data changed: {
  nodesLen: [33m3[39m,
  linksLen: [33m1[39m,
  key: [33m1776869765725[39m,
  timestamp: [33m1776869764722[39m
}
[Graph3D] Creating simulation: [33m3[39m nodes
[Graph3D] createGraphSimulation called: { hasObjectManager: [33mtrue[39m, hasScene: [33mtrue[39m, nodeCount: [33m3[39m, linkCount: [33m1[39m }
[Graph3D] Clearing existing objects...
[Graph3D] Calling createSimulation...
[Graph3D] Simulation created, setting up event handlers...
[Graph3D] Data changed: {
  nodesLen: [33m3[39m,
  linksLen: [33m1[39m,
  key: [33m1776869765766[39m,
  timestamp: [33m1776869764763[39m
}
[Graph3D] Creating simulation: [33m3[39m nodes
[Graph3D] createGraphSimulation called: { hasObjectManager: [33mtrue[39m, hasScene: [33mtrue[39m, nodeCount: [33m3[39m, linkCount: [33m1[39m }
[Graph3D] Clearing existing objects...
[Graph3D] Calling createSimulation...
[Graph3D] Simulation created, setting up event handlers...
[Graph3D] Data changed: {
  nodesLen: [33m3[39m,
  linksLen: [33m1[39m,
  key: [33m1776869765807[39m,
  timestamp: [33m1776869764804[39m
}
[Graph3D] Creating simulation: [33m3[39m nodes
[Graph3D] createGraphSimulation called: { hasObjectManager: [33mtrue[39m, hasScene: [33mtrue[39m, nodeCount: [33m3[39m, linkCount: [33m1[39m }
[Graph3D] Clearing existing objects...
[Graph3D] Calling createSimulation...
[Graph3D] Simulation created, setting up event handlers...
[Graph3D] Data changed: {
  nodesLen: [33m3[39m,
  linksLen: [33m1[39m,
  key: [33m1776869765849[39m,
  timestamp: [33m1776869764846[39m
}
[Graph3D] Creating simulation: [33m3[39m nodes
[Graph3D] createGraphSimulation called: { hasObjectManager: [33mtrue[39m, hasScene: [33mtrue[39m, nodeCount: [33m3[39m, linkCount: [33m1[39m }
[Graph3D] Clearing existing objects...
[Graph3D] Calling createSimulation...
[Graph3D] Simulation created, setting up event handlers...
[Graph3D] Data changed: {
  nodesLen: [33m3[39m,
  linksLen: [33m1[39m,
  key: [33m1776869765887[39m,
  timestamp: [33m1776869764884[39m
}
[Graph3D] Creating simulation: [33m3[39m nodes
[Graph3D] createGraphSimulation called: { hasObjectManager: [33mtrue[39m, hasScene: [33mtrue[39m, nodeCount: [33m3[39m, linkCount: [33m1[39m }
[Graph3D] Clearing existing objects...
[Graph3D] Calling createSimulation...
[Graph3D] Simulation created, setting up event handlers...
[Graph3D] Data changed: {
  nodesLen: [33m3[39m,
  linksLen: [33m1[39m,
  key: [33m1776869765927[39m,
  timestamp: [33m1776869764924[39m
}
[Graph3D] Creating simulation: [33m3[39m nodes
[Graph3D] createGraphSimulation called: { hasObjectManager: [33mtrue[39m, hasScene: [33mtrue[39m, nodeCount: [33m3[39m, linkCount: [33m1[39m }
[Graph3D] Clearing existing objects...
[Graph3D] Calling createSimulation...
[Graph3D] Simulation created, setting up event handlers...
[Graph3D] Data changed: {
  nodesLen: [33m3[39m,
  linksLen: [33m1[39m,
  key: [33m1776869765967[39m,
  timestamp: [33m1776869764964[39m
}
[Graph3D] Creating simulation: [33m3[39m nodes
[Graph3D] createGraphSimulation called: { hasObjectManager: [33mtrue[39m, hasScene: [33mtrue[39m, nodeCount: [33m3[39m, linkCount: [33m1[39m }
[Graph3D] Clearing existing objects...
[Graph3D] Calling createSimulation...
[Graph3D] Simulation created, setting up event handlers...
[Graph3D] Data changed: {
  nodesLen: [33m3[39m,
  linksLen: [33m1[39m,
  key: [33m1776869766007[39m,
  timestamp: [33m1776869765004[39m
}
[Graph3D] Creating simulation: [33m3[39m nodes
[Graph3D] createGraphSimulation called: { hasObjectManager: [33mtrue[39m, hasScene: [33mtrue[39m, nodeCount: [33m3[39m, linkCount: [33m1[39m }
[Graph3D] Clearing existing objects...
[Graph3D] Calling createSimulation...
[Graph3D] Simulation created, setting up event handlers...
[Graph3D] Data changed: {
  nodesLen: [33m3[39m,
  linksLen: [33m1[39m,
  key: [33m1776869766047[39m,
  timestamp: [33m1776869765044[39m
}
[Graph3D] Creating simulation: [33m3[39m nodes
[Graph3D] createGraphSimulation called: { hasObjectManager: [33mtrue[39m, hasScene: [33mtrue[39m, nodeCount: [33m3[39m, linkCount: [33m1[39m }
[Graph3D] Clearing existing objects...
[Graph3D] Calling createSimulation...
[Graph3D] Simulation created, setting up event handlers...
[Graph3D] Data changed: {
  nodesLen: [33m3[39m,
  linksLen: [33m1[39m,
  key: [33m1776869766084[39m,
  timestamp: [33m1776869765081[39m
}
[Graph3D] Creating simulation: [33m3[39m nodes
[Graph3D] createGraphSimulation called: { hasObjectManager: [33mtrue[39m, hasScene: [33mtrue[39m, nodeCount: [33m3[39m, linkCount: [33m1[39m }
[Graph3D] Clearing existing objects...
[Graph3D] Calling createSimulation...
[Graph3D] Simulation created, setting up event handlers...
[Graph3D] Data changed: {
  nodesLen: [33m3[39m,
  linksLen: [33m1[39m,
  key: [33m1776869766124[39m,
  timestamp: [33m1776869765121[39m
}
[Graph3D] Creating simulation: [33m3[39m nodes
[Graph3D] createGraphSimulation called: { hasObjectManager: [33mtrue[39m, hasScene: [33mtrue[39m, nodeCount: [33m3[39m, linkCount: [33m1[39m }
[Graph3D] Clearing existing objects...
[Graph3D] Calling createSimulation...
[Graph3D] Simulation created, setting up event handlers...
[Graph3D] Data changed: {
  nodesLen: [33m3[39m,
  linksLen: [33m1[39m,
  key: [33m1776869766165[39m,
  timestamp: [33m1776869765162[39m
}
[Graph3D] Creating simulation: [33m3[39m nodes
[Graph3D] createGraphSimulation called: { hasObjectManager: [33mtrue[39m, hasScene: [33mtrue[39m, nodeCount: [33m3[39m, linkCount: [33m1[39m }
[Graph3D] Clearing existing objects...
[Graph3D] Calling createSimulation...
[Graph3D] Simulation created, setting up event handlers...
[Graph3D] Data changed: {
  nodesLen: [33m3[39m,
  linksLen: [33m1[39m,
  key: [33m1776869766205[39m,
  timestamp: [33m1776869765202[39m
}
[Graph3D] Creating simulation: [33m3[39m nodes
[Graph3D] createGraphSimulation called: { hasObjectManager: [33mtrue[39m, hasScene: [33mtrue[39m, nodeCount: [33m3[39m, linkCount: [33m1[39m }
[Graph3D] Clearing existing objects...
[Graph3D] Calling createSimulation...
[Graph3D] Simulation created, setting up event handlers...
[Graph3D] Data changed: {
  nodesLen: [33m3[39m,
  linksLen: [33m1[39m,
  key: [33m1776869766246[39m,
  timestamp: [33m1776869765243[39m
}
[Graph3D] Creating simulation: [33m3[39m nodes
[Graph3D] createGraphSimulation called: { hasObjectManager: [33mtrue[39m, hasScene: [33mtrue[39m, nodeCount: [33m3[39m, linkCount: [33m1[39m }
[Graph3D] Clearing existing objects...
[Graph3D] Calling createSimulation...
[Graph3D] Simulation created, setting up event handlers...
[Graph3D] Data changed: {
  nodesLen: [33m3[39m,
  linksLen: [33m1[39m,
  key: [33m1776869766287[39m,
  timestamp: [33m1776869765284[39m
}
[Graph3D] Creating simulation: [33m3[39m nodes
[Graph3D] createGraphSimulation called: { hasObjectManager: [33mtrue[39m, hasScene: [33mtrue[39m, nodeCount: [33m3[39m, linkCount: [33m1[39m }
[Graph3D] Clearing existing objects...
[Graph3D] Calling createSimulation...
[Graph3D] Simulation created, setting up event handlers...
[Graph3D] Data changed: {
  nodesLen: [33m3[39m,
  linksLen: [33m1[39m,
  key: [33m1776869766327[39m,
  timestamp: [33m1776869765324[39m
}
[Graph3D] Creating simulation: [33m3[39m nodes
[Graph3D] createGraphSimulation called: { hasObjectManager: [33mtrue[39m, hasScene: [33mtrue[39m, nodeCount: [33m3[39m, linkCount: [33m1[39m }
[Graph3D] Clearing existing objects...
[Graph3D] Calling createSimulation...
[Graph3D] Simulation created, setting up event handlers...
[Graph3D] Data changed: {
  nodesLen: [33m3[39m,
  linksLen: [33m1[39m,
  key: [33m1776869766371[39m,
  timestamp: [33m1776869765368[39m
}
[Graph3D] Creating simulation: [33m3[39m nodes
[Graph3D] createGraphSimulation called: { hasObjectManager: [33mtrue[39m, hasScene: [33mtrue[39m, nodeCount: [33m3[39m, linkCount: [33m1[39m }
[Graph3D] Clearing existing objects...
[Graph3D] Calling createSimulation...
[Graph3D] Simulation created, setting up event handlers...
[Graph3D] Data changed: {
  nodesLen: [33m3[39m,
  linksLen: [33m1[39m,
  key: [33m1776869766413[39m,
  timestamp: [33m1776869765410[39m
}
[Graph3D] Creating simulation: [33m3[39m nodes
[Graph3D] createGraphSimulation called: { hasObjectManager: [33mtrue[39m, hasScene: [33mtrue[39m, nodeCount: [33m3[39m, linkCount: [33m1[39m }
[Graph3D] Clearing existing objects...
[Graph3D] Calling createSimulation...
[Graph3D] Simulation created, setting up event handlers...
[Graph3D] Data changed: {
  nodesLen: [33m3[39m,
  linksLen: [33m1[39m,
  key: [33m1776869766454[39m,
  timestamp: [33m1776869765451[39m
}
[Graph3D] Creating simulation: [33m3[39m nodes
[Graph3D] createGraphSimulation called: { hasObjectManager: [33mtrue[39m, hasScene: [33mtrue[39m, nodeCount: [33m3[39m, linkCount: [33m1[39m }
[Graph3D] Clearing existing objects...
[Graph3D] Calling createSimulation...
[Graph3D] Simulation created, setting up event handlers...
[Graph3D] Data changed: {
  nodesLen: [33m3[39m,
  linksLen: [33m1[39m,
  key: [33m1776869766496[39m,
  timestamp: [33m1776869765493[39m
}
[Graph3D] Creating simulation: [33m3[39m nodes
[Graph3D] createGraphSimulation called: { hasObjectManager: [33mtrue[39m, hasScene: [33mtrue[39m, nodeCount: [33m3[39m, linkCount: [33m1[39m }
[Graph3D] Clearing existing objects...
[Graph3D] Calling createSimulation...
[Graph3D] Simulation created, setting up event handlers...
[Graph3D] Data changed: {
  nodesLen: [33m3[39m,
  linksLen: [33m1[39m,
  key: [33m1776869766537[39m,
  timestamp: [33m1776869765534[39m
}
[Graph3D] Creating simulation: [33m3[39m nodes
[Graph3D] createGraphSimulation called: { hasObjectManager: [33mtrue[39m, hasScene: [33mtrue[39m, nodeCount: [33m3[39m, linkCount: [33m1[39m }
[Graph3D] Clearing existing objects...
[Graph3D] Calling createSimulation...
[Graph3D] Simulation created, setting up event handlers...
[Graph3D] Data changed: {
  nodesLen: [33m3[39m,
  linksLen: [33m1[39m,
  key: [33m1776869766580[39m,
  timestamp: [33m1776869765577[39m
}
[Graph3D] Creating simulation: [33m3[39m nodes
[Graph3D] createGraphSimulation called: { hasObjectManager: [33mtrue[39m, hasScene: [33mtrue[39m, nodeCount: [33m3[39m, linkCount: [33m1[39m }
[Graph3D] Clearing existing objects...
[Graph3D] Calling createSimulation...
[Graph3D] Simulation created, setting up event handlers...
[Graph3D] Data changed: {
  nodesLen: [33m3[39m,
  linksLen: [33m1[39m,
  key: [33m1776869766619[39m,
  timestamp: [33m1776869765616[39m
}
[Graph3D] Creating simulation: [33m3[39m nodes
[Graph3D] createGraphSimulation called: { hasObjectManager: [33mtrue[39m, hasScene: [33mtrue[39m, nodeCount: [33m3[39m, linkCount: [33m1[39m }
[Graph3D] Clearing existing objects...
[Graph3D] Calling createSimulation...
[Graph3D] Simulation created, setting up event handlers...
[Graph3D] Data changed: {
  nodesLen: [33m3[39m,
  linksLen: [33m1[39m,
  key: [33m1776869766660[39m,
  timestamp: [33m1776869765657[39m
}
[Graph3D] Creating simulation: [33m3[39m nodes
[Graph3D] createGraphSimulation called: { hasObjectManager: [33mtrue[39m, hasScene: [33mtrue[39m, nodeCount: [33m3[39m, linkCount: [33m1[39m }
[Graph3D] Clearing existing objects...
[Graph3D] Calling createSimulation...
[Graph3D] Simulation created, setting up event handlers...
[Graph3D] Data changed: {
  nodesLen: [33m3[39m,
  linksLen: [33m1[39m,
  key: [33m1776869766702[39m,
  timestamp: [33m1776869765699[39m
}
[Graph3D] Creating simulation: [33m3[39m nodes
[Graph3D] createGraphSimulation called: { hasObjectManager: [33mtrue[39m, hasScene: [33mtrue[39m, nodeCount: [33m3[39m, linkCount: [33m1[39m }
[Graph3D] Clearing existing objects...
[Graph3D] Calling createSimulation...
[Graph3D] Simulation created, setting up event handlers...
[Graph3D] Data changed: {
  nodesLen: [33m3[39m,
  linksLen: [33m1[39m,
  key: [33m1776869766742[39m,
  timestamp: [33m1776869765739[39m
}
[Graph3D] Creating simulation: [33m3[39m nodes
[Graph3D] createGraphSimulation called: { hasObjectManager: [33mtrue[39m, hasScene: [33mtrue[39m, nodeCount: [33m3[39m, linkCount: [33m1[39m }
[Graph3D] Clearing existing objects...
[Graph3D] Calling createSimulation...
[Graph3D] Simulation created, setting up event handlers...
[Graph3D] Data changed: {
  nodesLen: [33m3[39m,
  linksLen: [33m1[39m,
  key: [33m1776869766783[39m,
  timestamp: [33m1776869765780[39m
}
[Graph3D] Creating simulation: [33m3[39m nodes
[Graph3D] createGraphSimulation called: { hasObjectManager: [33mtrue[39m, hasScene: [33mtrue[39m, nodeCount: [33m3[39m, linkCount: [33m1[39m }
[Graph3D] Clearing existing objects...
[Graph3D] Calling createSimulation...
[Graph3D] Simulation created, setting up event handlers...
[Graph3D] Data changed: {
  nodesLen: [33m3[39m,
  linksLen: [33m1[39m,
  key: [33m1776869766824[39m,
  timestamp: [33m1776869765821[39m
}
[Graph3D] Creating simulation: [33m3[39m nodes
[Graph3D] createGraphSimulation called: { hasObjectManager: [33mtrue[39m, hasScene: [33mtrue[39m, nodeCount: [33m3[39m, linkCount: [33m1[39m }
[Graph3D] Clearing existing objects...
[Graph3D] Calling createSimulation...
[Graph3D] Simulation created, setting up event handlers...
[Graph3D] Data changed: {
  nodesLen: [33m3[39m,
  linksLen: [33m1[39m,
  key: [33m1776869766866[39m,
  timestamp: [33m1776869765863[39m
}
[Graph3D] Creating simulation: [33m3[39m nodes
[Graph3D] createGraphSimulation called: { hasObjectManager: [33mtrue[39m, hasScene: [33mtrue[39m, nodeCount: [33m3[39m, linkCount: [33m1[39m }
[Graph3D] Clearing existing objects...
[Graph3D] Calling createSimulation...
[Graph3D] Simulation created, setting up event handlers...
[Graph3D] Data changed: {
  nodesLen: [33m3[39m,
  linksLen: [33m1[39m,
  key: [33m1776869766906[39m,
  timestamp: [33m1776869765903[39m
}
[Graph3D] Creating simulation: [33m3[39m nodes
[Graph3D] createGraphSimulation called: { hasObjectManager: [33mtrue[39m, hasScene: [33mtrue[39m, nodeCount: [33m3[39m, linkCount: [33m1[39m }
[Graph3D] Clearing existing objects...
[Graph3D] Calling createSimulation...
[Graph3D] Simulation created, setting up event handlers...
[Graph3D] Data changed: {
  nodesLen: [33m3[39m,
  linksLen: [33m1[39m,
  key: [33m1776869766948[39m,
  timestamp: [33m1776869765945[39m
}
[Graph3D] Creating simulation: [33m3[39m nodes
[Graph3D] createGraphSimulation called: { hasObjectManager: [33mtrue[39m, hasScene: [33mtrue[39m, nodeCount: [33m3[39m, linkCount: [33m1[39m }
[Graph3D] Clearing existing objects...
[Graph3D] Calling createSimulation...
[Graph3D] Simulation created, setting up event handlers...
[Graph3D] Data changed: {
  nodesLen: [33m3[39m,
  linksLen: [33m1[39m,
  key: [33m1776869766987[39m,
  timestamp: [33m1776869765984[39m
}
[Graph3D] Creating simulation: [33m3[39m nodes
[Graph3D] createGraphSimulation called: { hasObjectManager: [33mtrue[39m, hasScene: [33mtrue[39m, nodeCount: [33m3[39m, linkCount: [33m1[39m }
[Graph3D] Clearing existing objects...
[Graph3D] Calling createSimulation...
[Graph3D] Simulation created, setting up event handlers...
[Graph3D] Data changed: {
  nodesLen: [33m3[39m,
  linksLen: [33m1[39m,
  key: [33m1776869767029[39m,
  timestamp: [33m1776869766026[39m
}
[Graph3D] Creating simulation: [33m3[39m nodes
[Graph3D] createGraphSimulation called: { hasObjectManager: [33mtrue[39m, hasScene: [33mtrue[39m, nodeCount: [33m3[39m, linkCount: [33m1[39m }
[Graph3D] Clearing existing objects...
[Graph3D] Calling createSimulation...
[Graph3D] Simulation created, setting up event handlers...
[Graph3D] Data changed: {
  nodesLen: [33m3[39m,
  linksLen: [33m1[39m,
  key: [33m1776869767071[39m,
  timestamp: [33m1776869766068[39m
}
[Graph3D] Creating simulation: [33m3[39m nodes
[Graph3D] createGraphSimulation called: { hasObjectManager: [33mtrue[39m, hasScene: [33mtrue[39m, nodeCount: [33m3[39m, linkCount: [33m1[39m }
[Graph3D] Clearing existing objects...
[Graph3D] Calling createSimulation...
[Graph3D] Simulation created, setting up event handlers...
[Graph3D] Data changed: {
  nodesLen: [33m3[39m,
  linksLen: [33m1[39m,
  key: [33m1776869767113[39m,
  timestamp: [33m1776869766110[39m
}
[Graph3D] Creating simulation: [33m3[39m nodes
[Graph3D] createGraphSimulation called: { hasObjectManager: [33mtrue[39m, hasScene: [33mtrue[39m, nodeCount: [33m3[39m, linkCount: [33m1[39m }
[Graph3D] Clearing existing objects...
[Graph3D] Calling createSimulation...
[Graph3D] Simulation created, setting up event handlers...
[Graph3D] Data changed: {
  nodesLen: [33m3[39m,
  linksLen: [33m1[39m,
  key: [33m1776869767153[39m,
  timestamp: [33m1776869766150[39m
}
[Graph3D] Creating simulation: [33m3[39m nodes
[Graph3D] createGraphSimulation called: { hasObjectManager: [33mtrue[39m, hasScene: [33mtrue[39m, nodeCount: [33m3[39m, linkCount: [33m1[39m }
[Graph3D] Clearing existing objects...
[Graph3D] Calling createSimulation...
[Graph3D] Simulation created, setting up event handlers...
[Graph3D] Data changed: {
  nodesLen: [33m3[39m,
  linksLen: [33m1[39m,
  key: [33m1776869767196[39m,
  timestamp: [33m1776869766193[39m
}
[Graph3D] Creating simulation: [33m3[39m nodes
[Graph3D] createGraphSimulation called: { hasObjectManager: [33mtrue[39m, hasScene: [33mtrue[39m, nodeCount: [33m3[39m, linkCount: [33m1[39m }
[Graph3D] Clearing existing objects...
[Graph3D] Calling createSimulation...
[Graph3D] Simulation created, setting up event handlers...
[Graph3D] Data changed: {
  nodesLen: [33m3[39m,
  linksLen: [33m1[39m,
  key: [33m1776869767237[39m,
  timestamp: [33m1776869766234[39m
}
[Graph3D] Creating simulation: [33m3[39m nodes
[Graph3D] createGraphSimulation called: { hasObjectManager: [33mtrue[39m, hasScene: [33mtrue[39m, nodeCount: [33m3[39m, linkCount: [33m1[39m }
[Graph3D] Clearing existing objects...
[Graph3D] Calling createSimulation...
[Graph3D] Simulation created, setting up event handlers...
[Graph3D] Data changed: {
  nodesLen: [33m3[39m,
  linksLen: [33m1[39m,
  key: [33m1776869767279[39m,
  timestamp: [33m1776869766276[39m
}
[Graph3D] Creating simulation: [33m3[39m nodes
[Graph3D] createGraphSimulation called: { hasObjectManager: [33mtrue[39m, hasScene: [33mtrue[39m, nodeCount: [33m3[39m, linkCount: [33m1[39m }
[Graph3D] Clearing existing objects...
[Graph3D] Calling createSimulation...
[Graph3D] Simulation created, setting up event handlers...
[Graph3D] Data changed: {
  nodesLen: [33m3[39m,
  linksLen: [33m1[39m,
  key: [33m1776869767325[39m,
  timestamp: [33m1776869766322[39m
}
[Graph3D] Creating simulation: [33m3[39m nodes
[Graph3D] createGraphSimulation called: { hasObjectManager: [33mtrue[39m, hasScene: [33mtrue[39m, nodeCount: [33m3[39m, linkCount: [33m1[39m }
[Graph3D] Clearing existing objects...
[Graph3D] Calling createSimulation...
[Graph3D] Simulation created, setting up event handlers...
[Graph3D] Data changed: {
  nodesLen: [33m3[39m,
  linksLen: [33m1[39m,
  key: [33m1776869767372[39m,
  timestamp: [33m1776869766369[39m
}
[Graph3D] Creating simulation: [33m3[39m nodes
[Graph3D] createGraphSimulation called: { hasObjectManager: [33mtrue[39m, hasScene: [33mtrue[39m, nodeCount: [33m3[39m, linkCount: [33m1[39m }
[Graph3D] Clearing existing objects...
[Graph3D] Calling createSimulation...
[Graph3D] Simulation created, setting up event handlers...
[Graph3D] Data changed: {
  nodesLen: [33m3[39m,
  linksLen: [33m1[39m,
  key: [33m1776869767421[39m,
  timestamp: [33m1776869766418[39m
}
[Graph3D] Creating simulation: [33m3[39m nodes
[Graph3D] createGraphSimulation called: { hasObjectManager: [33mtrue[39m, hasScene: [33mtrue[39m, nodeCount: [33m3[39m, linkCount: [33m1[39m }
[Graph3D] Clearing existing objects...
[Graph3D] Calling createSimulation...
[Graph3D] Simulation created, setting up event handlers...
[Graph3D] Data changed: {
  nodesLen: [33m3[39m,
  linksLen: [33m1[39m,
  key: [33m1776869767468[39m,
  timestamp: [33m1776869766465[39m
}
[Graph3D] Creating simulation: [33m3[39m nodes
[Graph3D] createGraphSimulation called: { hasObjectManager: [33mtrue[39m, hasScene: [33mtrue[39m, nodeCount: [33m3[39m, linkCount: [33m1[39m }
[Graph3D] Clearing existing objects...
[Graph3D] Calling createSimulation...
[Graph3D] Simulation created, setting up event handlers...
[Graph3D] Data changed: {
  nodesLen: [33m3[39m,
  linksLen: [33m1[39m,
  key: [33m1776869767513[39m,
  timestamp: [33m1776869766510[39m
}
[Graph3D] Creating simulation: [33m3[39m nodes
[Graph3D] createGraphSimulation called: { hasObjectManager: [33mtrue[39m, hasScene: [33mtrue[39m, nodeCount: [33m3[39m, linkCount: [33m1[39m }
[Graph3D] Clearing existing objects...
[Graph3D] Calling createSimulation...
[Graph3D] Simulation created, setting up event handlers...
[Graph3D] Data changed: {
  nodesLen: [33m3[39m,
  linksLen: [33m1[39m,
  key: [33m1776869767562[39m,
  timestamp: [33m1776869766559[39m
}
[Graph3D] Creating simulation: [33m3[39m nodes
[Graph3D] createGraphSimulation called: { hasObjectManager: [33mtrue[39m, hasScene: [33mtrue[39m, nodeCount: [33m3[39m, linkCount: [33m1[39m }
[Graph3D] Clearing existing objects...
[Graph3D] Calling createSimulation...
[Graph3D] Simulation created, setting up event handlers...
[Graph3D] Data changed: {
  nodesLen: [33m3[39m,
  linksLen: [33m1[39m,
  key: [33m1776869767627[39m,
  timestamp: [33m1776869766624[39m
}
[Graph3D] Creating simulation: [33m3[39m nodes
[Graph3D] createGraphSimulation called: { hasObjectManager: [33mtrue[39m, hasScene: [33mtrue[39m, nodeCount: [33m3[39m, linkCount: [33m1[39m }
[Graph3D] Clearing existing objects...
[Graph3D] Calling createSimulation...
[Graph3D] Simulation created, setting up event handlers...
[Graph3D] Data changed: {
  nodesLen: [33m3[39m,
  linksLen: [33m1[39m,
  key: [33m1776869767685[39m,
  timestamp: [33m1776869766682[39m
}
[Graph3D] Creating simulation: [33m3[39m nodes
[Graph3D] createGraphSimulation called: { hasObjectManager: [33mtrue[39m, hasScene: [33mtrue[39m, nodeCount: [33m3[39m, linkCount: [33m1[39m }
[Graph3D] Clearing existing objects...
[Graph3D] Calling createSimulation...
[Graph3D] Simulation created, setting up event handlers...
[Graph3D] Data changed: {
  nodesLen: [33m3[39m,
  linksLen: [33m1[39m,
  key: [33m1776869767744[39m,
  timestamp: [33m1776869766741[39m
}
[Graph3D] Creating simulation: [33m3[39m nodes
[Graph3D] createGraphSimulation called: { hasObjectManager: [33mtrue[39m, hasScene: [33mtrue[39m, nodeCount: [33m3[39m, linkCount: [33m1[39m }
[Graph3D] Clearing existing objects...
[Graph3D] Calling createSimulation...
[Graph3D] Simulation created, setting up event handlers...
[Graph3D] Data changed: {
  nodesLen: [33m3[39m,
  linksLen: [33m1[39m,
  key: [33m1776869767800[39m,
  timestamp: [33m1776869766797[39m
}
[Graph3D] Creating simulation: [33m3[39m nodes
[Graph3D] createGraphSimulation called: { hasObjectManager: [33mtrue[39m, hasScene: [33mtrue[39m, nodeCount: [33m3[39m, linkCount: [33m1[39m }
[Graph3D] Clearing existing objects...
[Graph3D] Calling createSimulation...
[Graph3D] Simulation created, setting up event handlers...
[Graph3D] Data changed: {
  nodesLen: [33m3[39m,
  linksLen: [33m1[39m,
  key: [33m1776869767879[39m,
  timestamp: [33m1776869766876[39m
}
[Graph3D] Creating simulation: [33m3[39m nodes
[Graph3D] createGraphSimulation called: { hasObjectManager: [33mtrue[39m, hasScene: [33mtrue[39m, nodeCount: [33m3[39m, linkCount: [33m1[39m }
[Graph3D] Clearing existing objects...
[Graph3D] Calling createSimulation...
[Graph3D] Simulation created, setting up event handlers...
[Graph3D] Data changed: {
  nodesLen: [33m3[39m,
  linksLen: [33m1[39m,
  key: [33m1776869767954[39m,
  timestamp: [33m1776869766951[39m
}
[Graph3D] Creating simulation: [33m3[39m nodes
[Graph3D] createGraphSimulation called: { hasObjectManager: [33mtrue[39m, hasScene: [33mtrue[39m, nodeCount: [33m3[39m, linkCount: [33m1[39m }
[Graph3D] Clearing existing objects...
[Graph3D] Calling createSimulation...
[Graph3D] Simulation created, setting up event handlers...
[Graph3D] Data changed: {
  nodesLen: [33m3[39m,
  linksLen: [33m1[39m,
  key: [33m1776869768020[39m,
  timestamp: [33m1776869767017[39m
}
[Graph3D] Creating simulation: [33m3[39m nodes
[Graph3D] createGraphSimulation called: { hasObjectManager: [33mtrue[39m, hasScene: [33mtrue[39m, nodeCount: [33m3[39m, linkCount: [33m1[39m }
[Graph3D] Clearing existing objects...
[Graph3D] Calling createSimulation...
[Graph3D] Simulation created, setting up event handlers...
[Graph3D] Data changed: {
  nodesLen: [33m3[39m,
  linksLen: [33m1[39m,
  key: [33m1776869768079[39m,
  timestamp: [33m1776869767076[39m
}
[Graph3D] Creating simulation: [33m3[39m nodes
[Graph3D] createGraphSimulation called: { hasObjectManager: [33mtrue[39m, hasScene: [33mtrue[39m, nodeCount: [33m3[39m, linkCount: [33m1[39m }
[Graph3D] Clearing existing objects...
[Graph3D] Calling createSimulation...
[Graph3D] Simulation created, setting up event handlers...
[Graph3D] Data changed: {
  nodesLen: [33m3[39m,
  linksLen: [33m1[39m,
  key: [33m1776869768135[39m,
  timestamp: [33m1776869767132[39m
}
[Graph3D] Creating simulation: [33m3[39m nodes
[Graph3D] createGraphSimulation called: { hasObjectManager: [33mtrue[39m, hasScene: [33mtrue[39m, nodeCount: [33m3[39m, linkCount: [33m1[39m }
[Graph3D] Clearing existing objects...
[Graph3D] Calling createSimulation...
[Graph3D] Simulation created, setting up event handlers...
[Graph3D] Data changed: {
  nodesLen: [33m3[39m,
  linksLen: [33m1[39m,
  key: [33m1776869768202[39m,
  timestamp: [33m1776869767199[39m
}
[Graph3D] Creating simulation: [33m3[39m nodes
[Graph3D] createGraphSimulation called: { hasObjectManager: [33mtrue[39m, hasScene: [33mtrue[39m, nodeCount: [33m3[39m, linkCount: [33m1[39m }
[Graph3D] Clearing existing objects...
[Graph3D] Calling createSimulation...
[Graph3D] Simulation created, setting up event handlers...
[Graph3D] Data changed: {
  nodesLen: [33m3[39m,
  linksLen: [33m1[39m,
  key: [33m1776869768258[39m,
  timestamp: [33m1776869767255[39m
}
[Graph3D] Creating simulation: [33m3[39m nodes
[Graph3D] createGraphSimulation called: { hasObjectManager: [33mtrue[39m, hasScene: [33mtrue[39m, nodeCount: [33m3[39m, linkCount: [33m1[39m }
[Graph3D] Clearing existing objects...
[Graph3D] Calling createSimulation...
[Graph3D] Simulation created, setting up event handlers...
[Graph3D] Data changed: {
  nodesLen: [33m3[39m,
  linksLen: [33m1[39m,
  key: [33m1776869768319[39m,
  timestamp: [33m1776869767316[39m
}
[Graph3D] Creating simulation: [33m3[39m nodes
[Graph3D] createGraphSimulation called: { hasObjectManager: [33mtrue[39m, hasScene: [33mtrue[39m, nodeCount: [33m3[39m, linkCount: [33m1[39m }
[Graph3D] Clearing existing objects...
[Graph3D] Calling createSimulation...
[Graph3D] Simulation created, setting up event handlers...
[Graph3D] Data changed: {
  nodesLen: [33m3[39m,
  linksLen: [33m1[39m,
  key: [33m1776869768377[39m,
  timestamp: [33m1776869767374[39m
}
[Graph3D] Creating simulation: [33m3[39m nodes
[Graph3D] createGraphSimulation called: { hasObjectManager: [33mtrue[39m, hasScene: [33mtrue[39m, nodeCount: [33m3[39m, linkCount: [33m1[39m }
[Graph3D] Clearing existing objects...
[Graph3D] Calling createSimulation...
[Graph3D] Simulation created, setting up event handlers...
[Graph3D] Data changed: {
  nodesLen: [33m3[39m,
  linksLen: [33m1[39m,
  key: [33m1776869768424[39m,
  timestamp: [33m1776869767421[39m
}
[Graph3D] Creating simulation: [33m3[39m nodes
[Graph3D] createGraphSimulation called: { hasObjectManager: [33mtrue[39m, hasScene: [33mtrue[39m, nodeCount: [33m3[39m, linkCount: [33m1[39m }
[Graph3D] Clearing existing objects...
[Graph3D] Calling createSimulation...
[Graph3D] Simulation created, setting up event handlers...
[Graph3D] Data changed: {
  nodesLen: [33m3[39m,
  linksLen: [33m1[39m,
  key: [33m1776869768473[39m,
  timestamp: [33m1776869767470[39m
}
[Graph3D] Creating simulation: [33m3[39m nodes
[Graph3D] createGraphSimulation called: { hasObjectManager: [33mtrue[39m, hasScene: [33mtrue[39m, nodeCount: [33m3[39m, linkCount: [33m1[39m }
[Graph3D] Clearing existing objects...
[Graph3D] Calling createSimulation...
[Graph3D] Simulation created, setting up event handlers...
[Graph3D] Data changed: {
  nodesLen: [33m3[39m,
  linksLen: [33m1[39m,
  key: [33m1776869768523[39m,
  timestamp: [33m1776869767520[39m
}
[Graph3D] Creating simulation: [33m3[39m nodes
[Graph3D] createGraphSimulation called: { hasObjectManager: [33mtrue[39m, hasScene: [33mtrue[39m, nodeCount: [33m3[39m, linkCount: [33m1[39m }
[Graph3D] Clearing existing objects...
[Graph3D] Calling createSimulation...
[Graph3D] Simulation created, setting up event handlers...
[Graph3D] Data changed: {
  nodesLen: [33m3[39m,
  linksLen: [33m1[39m,
  key: [33m1776869768581[39m,
  timestamp: [33m1776869767578[39m
}
[Graph3D] Creating simulation: [33m3[39m nodes
[Graph3D] createGraphSimulation called: { hasObjectManager: [33mtrue[39m, hasScene: [33mtrue[39m, nodeCount: [33m3[39m, linkCount: [33m1[39m }
[Graph3D] Clearing existing objects...
[Graph3D] Calling createSimulation...
[Graph3D] Simulation created, setting up event handlers...
[Graph3D] Data changed: {
  nodesLen: [33m3[39m,
  linksLen: [33m1[39m,
  key: [33m1776869768628[39m,
  timestamp: [33m1776869767625[39m
}
[Graph3D] Creating simulation: [33m3[39m nodes
[Graph3D] createGraphSimulation called: { hasObjectManager: [33mtrue[39m, hasScene: [33mtrue[39m, nodeCount: [33m3[39m, linkCount: [33m1[39m }
[Graph3D] Clearing existing objects...
[Graph3D] Calling createSimulation...
[Graph3D] Simulation created, setting up event handlers...
[Graph3D] Data changed: {
  nodesLen: [33m3[39m,
  linksLen: [33m1[39m,
  key: [33m1776869768681[39m,
  timestamp: [33m1776869767678[39m
}
[Graph3D] Creating simulation: [33m3[39m nodes
[Graph3D] createGraphSimulation called: { hasObjectManager: [33mtrue[39m, hasScene: [33mtrue[39m, nodeCount: [33m3[39m, linkCount: [33m1[39m }
[Graph3D] Clearing existing objects...
[Graph3D] Calling createSimulation...
[Graph3D] Simulation created, setting up event handlers...
[Graph3D] Data changed: {
  nodesLen: [33m3[39m,
  linksLen: [33m1[39m,
  key: [33m1776869768750[39m,
  timestamp: [33m1776869767747[39m
}
[Graph3D] Creating simulation: [33m3[39m nodes
[Graph3D] createGraphSimulation called: { hasObjectManager: [33mtrue[39m, hasScene: [33mtrue[39m, nodeCount: [33m3[39m, linkCount: [33m1[39m }
[Graph3D] Clearing existing objects...
[Graph3D] Calling createSimulation...
[Graph3D] Simulation created, setting up event handlers...
[Graph3D] Data changed: {
  nodesLen: [33m3[39m,
  linksLen: [33m1[39m,
  key: [33m1776869768823[39m,
  timestamp: [33m1776869767820[39m
}
[Graph3D] Creating simulation: [33m3[39m nodes
[Graph3D] createGraphSimulation called: { hasObjectManager: [33mtrue[39m, hasScene: [33mtrue[39m, nodeCount: [33m3[39m, linkCount: [33m1[39m }
[Graph3D] Clearing existing objects...
[Graph3D] Calling createSimulation...
[Graph3D] Simulation created, setting up event handlers...
[Graph3D] Data changed: {
  nodesLen: [33m3[39m,
  linksLen: [33m1[39m,
  key: [33m1776869768892[39m,
  timestamp: [33m1776869767889[39m
}
[Graph3D] Creating simulation: [33m3[39m nodes
[Graph3D] createGraphSimulation called: { hasObjectManager: [33mtrue[39m, hasScene: [33mtrue[39m, nodeCount: [33m3[39m, linkCount: [33m1[39m }
[Graph3D] Clearing existing objects...
[Graph3D] Calling createSimulation...
[Graph3D] Simulation created, setting up event handlers...
[Graph3D] Data changed: {
  nodesLen: [33m3[39m,
  linksLen: [33m1[39m,
  key: [33m1776869768960[39m,
  timestamp: [33m1776869767957[39m
}
[Graph3D] Creating simulation: [33m3[39m nodes
[Graph3D] createGraphSimulation called: { hasObjectManager: [33mtrue[39m, hasScene: [33mtrue[39m, nodeCount: [33m3[39m, linkCount: [33m1[39m }
[Graph3D] Clearing existing objects...
[Graph3D] Calling createSimulation...
[Graph3D] Simulation created, setting up event handlers...
[Graph3D] Data changed: {
  nodesLen: [33m3[39m,
  linksLen: [33m1[39m,
  key: [33m1776869769015[39m,
  timestamp: [33m1776869768012[39m
}
[Graph3D] Creating simulation: [33m3[39m nodes
[Graph3D] createGraphSimulation called: { hasObjectManager: [33mtrue[39m, hasScene: [33mtrue[39m, nodeCount: [33m3[39m, linkCount: [33m1[39m }
[Graph3D] Clearing existing objects...
[Graph3D] Calling createSimulation...
[Graph3D] Simulation created, setting up event handlers...
[Graph3D] Data changed: {
  nodesLen: [33m3[39m,
  linksLen: [33m1[39m,
  key: [33m1776869769071[39m,
  timestamp: [33m1776869768068[39m
}
[Graph3D] Creating simulation: [33m3[39m nodes
[Graph3D] createGraphSimulation called: { hasObjectManager: [33mtrue[39m, hasScene: [33mtrue[39m, nodeCount: [33m3[39m, linkCount: [33m1[39m }
[Graph3D] Clearing existing objects...
[Graph3D] Calling createSimulation...
[Graph3D] Simulation created, setting up event handlers...
[Graph3D] Data changed: {
  nodesLen: [33m3[39m,
  linksLen: [33m1[39m,
  key: [33m1776869769125[39m,
  timestamp: [33m1776869768122[39m
}
[Graph3D] Creating simulation: [33m3[39m nodes
[Graph3D] createGraphSimulation called: { hasObjectManager: [33mtrue[39m, hasScene: [33mtrue[39m, nodeCount: [33m3[39m, linkCount: [33m1[39m }
[Graph3D] Clearing existing objects...
[Graph3D] Calling createSimulation...
[Graph3D] Simulation created, setting up event handlers...
[Graph3D] Data changed: {
  nodesLen: [33m3[39m,
  linksLen: [33m1[39m,
  key: [33m1776869769196[39m,
  timestamp: [33m1776869768193[39m
}
[Graph3D] Creating simulation: [33m3[39m nodes
[Graph3D] createGraphSimulation called: { hasObjectManager: [33mtrue[39m, hasScene: [33mtrue[39m, nodeCount: [33m3[39m, linkCount: [33m1[39m }
[Graph3D] Clearing existing objects...
[Graph3D] Calling createSimulation...
[Graph3D] Simulation created, setting up event handlers...
[Graph3D] Data changed: {
  nodesLen: [33m3[39m,
  linksLen: [33m1[39m,
  key: [33m1776869769258[39m,
  timestamp: [33m1776869768255[39m
}
[Graph3D] Creating simulation: [33m3[39m nodes
[Graph3D] createGraphSimulation called: { hasObjectManager: [33mtrue[39m, hasScene: [33mtrue[39m, nodeCount: [33m3[39m, linkCount: [33m1[39m }
[Graph3D] Clearing existing objects...
[Graph3D] Calling createSimulation...
[Graph3D] Simulation created, setting up event handlers...
[Graph3D] Data changed: {
  nodesLen: [33m3[39m,
  linksLen: [33m1[39m,
  key: [33m1776869769327[39m,
  timestamp: [33m1776869768324[39m
}
[Graph3D] Creating simulation: [33m3[39m nodes
[Graph3D] createGraphSimulation called: { hasObjectManager: [33mtrue[39m, hasScene: [33mtrue[39m, nodeCount: [33m3[39m, linkCount: [33m1[39m }
[Graph3D] Clearing existing objects...
[Graph3D] Calling createSimulation...
[Graph3D] Simulation created, setting up event handlers...
[Graph3D] Data changed: {
  nodesLen: [33m3[39m,
  linksLen: [33m1[39m,
  key: [33m1776869769396[39m,
  timestamp: [33m1776869768393[39m
}
[Graph3D] Creating simulation: [33m3[39m nodes
[Graph3D] createGraphSimulation called: { hasObjectManager: [33mtrue[39m, hasScene: [33mtrue[39m, nodeCount: [33m3[39m, linkCount: [33m1[39m }
[Graph3D] Clearing existing objects...
[Graph3D] Calling createSimulation...
[Graph3D] Simulation created, setting up event handlers...
[Graph3D] Data changed: {
  nodesLen: [33m3[39m,
  linksLen: [33m1[39m,
  key: [33m1776869769453[39m,
  timestamp: [33m1776869768450[39m
}
[Graph3D] Creating simulation: [33m3[39m nodes
[Graph3D] createGraphSimulation called: { hasObjectManager: [33mtrue[39m, hasScene: [33mtrue[39m, nodeCount: [33m3[39m, linkCount: [33m1[39m }
[Graph3D] Clearing existing objects...
[Graph3D] Calling createSimulation...
[Graph3D] Simulation created, setting up event handlers...
[Graph3D] Data changed: {
  nodesLen: [33m3[39m,
  linksLen: [33m1[39m,
  key: [33m1776869769516[39m,
  timestamp: [33m1776869768513[39m
}
[Graph3D] Creating simulation: [33m3[39m nodes
[Graph3D] createGraphSimulation called: { hasObjectManager: [33mtrue[39m, hasScene: [33mtrue[39m, nodeCount: [33m3[39m, linkCount: [33m1[39m }
[Graph3D] Clearing existing objects...
[Graph3D] Calling createSimulation...
[Graph3D] Simulation created, setting up event handlers...
[Graph3D] Data changed: {
  nodesLen: [33m3[39m,
  linksLen: [33m1[39m,
  key: [33m1776869769584[39m,
  timestamp: [33m1776869768581[39m
}
[Graph3D] Creating simulation: [33m3[39m nodes
[Graph3D] createGraphSimulation called: { hasObjectManager: [33mtrue[39m, hasScene: [33mtrue[39m, nodeCount: [33m3[39m, linkCount: [33m1[39m }
[Graph3D] Clearing existing objects...
[Graph3D] Calling createSimulation...
[Graph3D] Simulation created, setting up event handlers...
[Graph3D] Data changed: {
  nodesLen: [33m3[39m,
  linksLen: [33m1[39m,
  key: [33m1776869769645[39m,
  timestamp: [33m1776869768642[39m
}
[Graph3D] Creating simulation: [33m3[39m nodes
[Graph3D] createGraphSimulation called: { hasObjectManager: [33mtrue[39m, hasScene: [33mtrue[39m, nodeCount: [33m3[39m, linkCount: [33m1[39m }
[Graph3D] Clearing existing objects...
[Graph3D] Calling createSimulation...
[Graph3D] Simulation created, setting up event handlers...
[Graph3D] Data changed: {
  nodesLen: [33m3[39m,
  linksLen: [33m1[39m,
  key: [33m1776869769707[39m,
  timestamp: [33m1776869768704[39m
}
[Graph3D] Creating simulation: [33m3[39m nodes
[Graph3D] createGraphSimulation called: { hasObjectManager: [33mtrue[39m, hasScene: [33mtrue[39m, nodeCount: [33m3[39m, linkCount: [33m1[39m }
[Graph3D] Clearing existing objects...
[Graph3D] Calling createSimulation...
[Graph3D] Simulation created, setting up event handlers...
[Graph3D] Data changed: {
  nodesLen: [33m3[39m,
  linksLen: [33m1[39m,
  key: [33m1776869769766[39m,
  timestamp: [33m1776869768763[39m
}
[Graph3D] Creating simulation: [33m3[39m nodes
[Graph3D] createGraphSimulation called: { hasObjectManager: [33mtrue[39m, hasScene: [33mtrue[39m, nodeCount: [33m3[39m, linkCount: [33m1[39m }
[Graph3D] Clearing existing objects...
[Graph3D] Calling createSimulation...
[Graph3D] Simulation created, setting up event handlers...
[Graph3D] Data changed: {
  nodesLen: [33m3[39m,
  linksLen: [33m1[39m,
  key: [33m1776869769819[39m,
  timestamp: [33m1776869768816[39m
}
[Graph3D] Creating simulation: [33m3[39m nodes
[Graph3D] createGraphSimulation called: { hasObjectManager: [33mtrue[39m, hasScene: [33mtrue[39m, nodeCount: [33m3[39m, linkCount: [33m1[39m }
[Graph3D] Clearing existing objects...
[Graph3D] Calling createSimulation...
[Graph3D] Simulation created, setting up event handlers...
[Graph3D] Data changed: {
  nodesLen: [33m3[39m,
  linksLen: [33m1[39m,
  key: [33m1776869769874[39m,
  timestamp: [33m1776869768871[39m
}
[Graph3D] Creating simulation: [33m3[39m nodes
[Graph3D] createGraphSimulation called: { hasObjectManager: [33mtrue[39m, hasScene: [33mtrue[39m, nodeCount: [33m3[39m, linkCount: [33m1[39m }
[Graph3D] Clearing existing objects...
[Graph3D] Calling createSimulation...
[Graph3D] Simulation created, setting up event handlers...
[Graph3D] Data changed: {
  nodesLen: [33m3[39m,
  linksLen: [33m1[39m,
  key: [33m1776869769935[39m,
  timestamp: [33m1776869768932[39m
}
[Graph3D] Creating simulation: [33m3[39m nodes
[Graph3D] createGraphSimulation called: { hasObjectManager: [33mtrue[39m, hasScene: [33mtrue[39m, nodeCount: [33m3[39m, linkCount: [33m1[39m }
[Graph3D] Clearing existing objects...
[Graph3D] Calling createSimulation...
[Graph3D] Simulation created, setting up event handlers...
[Graph3D] Data changed: {
  nodesLen: [33m3[39m,
  linksLen: [33m1[39m,
  key: [33m1776869769988[39m,
  timestamp: [33m1776869768985[39m
}
[Graph3D] Creating simulation: [33m3[39m nodes
[Graph3D] createGraphSimulation called: { hasObjectManager: [33mtrue[39m, hasScene: [33mtrue[39m, nodeCount: [33m3[39m, linkCount: [33m1[39m }
[Graph3D] Clearing existing objects...
[Graph3D] Calling createSimulation...
[Graph3D] Simulation created, setting up event handlers...
[Graph3D] Data changed: {
  nodesLen: [33m3[39m,
  linksLen: [33m1[39m,
  key: [33m1776869770048[39m,
  timestamp: [33m1776869769045[39m
}
[Graph3D] Creating simulation: [33m3[39m nodes
[Graph3D] createGraphSimulation called: { hasObjectManager: [33mtrue[39m, hasScene: [33mtrue[39m, nodeCount: [33m3[39m, linkCount: [33m1[39m }
[Graph3D] Clearing existing objects...
[Graph3D] Calling createSimulation...
[Graph3D] Simulation created, setting up event handlers...
[Graph3D] Data changed: {
  nodesLen: [33m3[39m,
  linksLen: [33m1[39m,
  key: [33m1776869770112[39m,
  timestamp: [33m1776869769109[39m
}
[Graph3D] Creating simulation: [33m3[39m nodes
[Graph3D] createGraphSimulation called: { hasObjectManager: [33mtrue[39m, hasScene: [33mtrue[39m, nodeCount: [33m3[39m, linkCount: [33m1[39m }
[Graph3D] Clearing existing objects...
[Graph3D] Calling createSimulation...
[Graph3D] Simulation created, setting up event handlers...
[Graph3D] Data changed: {
  nodesLen: [33m3[39m,
  linksLen: [33m1[39m,
  key: [33m1776869770166[39m,
  timestamp: [33m1776869769163[39m
}
[Graph3D] Creating simulation: [33m3[39m nodes
[Graph3D] createGraphSimulation called: { hasObjectManager: [33mtrue[39m, hasScene: [33mtrue[39m, nodeCount: [33m3[39m, linkCount: [33m1[39m }
[Graph3D] Clearing existing objects...
[Graph3D] Calling createSimulation...
[Graph3D] Simulation created, setting up event handlers...
[Graph3D] Data changed: {
  nodesLen: [33m3[39m,
  linksLen: [33m1[39m,
  key: [33m1776869770219[39m,
  timestamp: [33m1776869769216[39m
}
[Graph3D] Creating simulation: [33m3[39m nodes
[Graph3D] createGraphSimulation called: { hasObjectManager: [33mtrue[39m, hasScene: [33mtrue[39m, nodeCount: [33m3[39m, linkCount: [33m1[39m }
[Graph3D] Clearing existing objects...
[Graph3D] Calling createSimulation...
[Graph3D] Simulation created, setting up event handlers...
[Graph3D] Data changed: {
  nodesLen: [33m3[39m,
  linksLen: [33m1[39m,
  key: [33m1776869770273[39m,
  timestamp: [33m1776869769270[39m
}
[Graph3D] Creating simulation: [33m3[39m nodes
[Graph3D] createGraphSimulation called: { hasObjectManager: [33mtrue[39m, hasScene: [33mtrue[39m, nodeCount: [33m3[39m, linkCount: [33m1[39m }
[Graph3D] Clearing existing objects...
[Graph3D] Calling createSimulation...
[Graph3D] Simulation created, setting up event handlers...
[Graph3D] Data changed: {
  nodesLen: [33m3[39m,
  linksLen: [33m1[39m,
  key: [33m1776869770331[39m,
  timestamp: [33m1776869769328[39m
}
[Graph3D] Creating simulation: [33m3[39m nodes
[Graph3D] createGraphSimulation called: { hasObjectManager: [33mtrue[39m, hasScene: [33mtrue[39m, nodeCount: [33m3[39m, linkCount: [33m1[39m }
[Graph3D] Clearing existing objects...
[Graph3D] Calling createSimulation...
[Graph3D] Simulation created, setting up event handlers...
[Graph3D] Data changed: {
  nodesLen: [33m3[39m,
  linksLen: [33m1[39m,
  key: [33m1776869770389[39m,
  timestamp: [33m1776869769386[39m
}
[Graph3D] Creating simulation: [33m3[39m nodes
[Graph3D] createGraphSimulation called: { hasObjectManager: [33mtrue[39m, hasScene: [33mtrue[39m, nodeCount: [33m3[39m, linkCount: [33m1[39m }
[Graph3D] Clearing existing objects...
[Graph3D] Calling createSimulation...
[Graph3D] Simulation created, setting up event handlers...
[Graph3D] Data changed: {
  nodesLen: [33m3[39m,
  linksLen: [33m1[39m,
  key: [33m1776869770478[39m,
  timestamp: [33m1776869769475[39m
}
[Graph3D] Creating simulation: [33m3[39m nodes
[Graph3D] createGraphSimulation called: { hasObjectManager: [33mtrue[39m, hasScene: [33mtrue[39m, nodeCount: [33m3[39m, linkCount: [33m1[39m }
[Graph3D] Clearing existing objects...
[Graph3D] Calling createSimulation...
[Graph3D] Simulation created, setting up event handlers...
[Graph3D] Data changed: {
  nodesLen: [33m3[39m,
  linksLen: [33m1[39m,
  key: [33m1776869770536[39m,
  timestamp: [33m1776869769533[39m
}
[Graph3D] Creating simulation: [33m3[39m nodes
[Graph3D] createGraphSimulation called: { hasObjectManager: [33mtrue[39m, hasScene: [33mtrue[39m, nodeCount: [33m3[39m, linkCount: [33m1[39m }
[Graph3D] Clearing existing objects...
[Graph3D] Calling createSimulation...
[Graph3D] Simulation created, setting up event handlers...
[Graph3D] Data changed: {
  nodesLen: [33m3[39m,
  linksLen: [33m1[39m,
  key: [33m1776869770584[39m,
  timestamp: [33m1776869769581[39m
}
[Graph3D] Creating simulation: [33m3[39m nodes
[Graph3D] createGraphSimulation called: { hasObjectManager: [33mtrue[39m, hasScene: [33mtrue[39m, nodeCount: [33m3[39m, linkCount: [33m1[39m }
[Graph3D] Clearing existing objects...
[Graph3D] Calling createSimulation...
[Graph3D] Simulation created, setting up event handlers...
[Graph3D] Data changed: {
  nodesLen: [33m3[39m,
  linksLen: [33m1[39m,
  key: [33m1776869770638[39m,
  timestamp: [33m1776869769635[39m
}
[Graph3D] Creating simulation: [33m3[39m nodes
[Graph3D] createGraphSimulation called: { hasObjectManager: [33mtrue[39m, hasScene: [33mtrue[39m, nodeCount: [33m3[39m, linkCount: [33m1[39m }
[Graph3D] Clearing existing objects...
[Graph3D] Calling createSimulation...
[Graph3D] Simulation created, setting up event handlers...
[Graph3D] Data changed: {
  nodesLen: [33m3[39m,
  linksLen: [33m1[39m,
  key: [33m1776869770688[39m,
  timestamp: [33m1776869769685[39m
}
[Graph3D] Creating simulation: [33m3[39m nodes
[Graph3D] createGraphSimulation called: { hasObjectManager: [33mtrue[39m, hasScene: [33mtrue[39m, nodeCount: [33m3[39m, linkCount: [33m1[39m }
[Graph3D] Clearing existing objects...
[Graph3D] Calling createSimulation...
[Graph3D] Simulation created, setting up event handlers...
[Graph3D] Data changed: {
  nodesLen: [33m3[39m,
  linksLen: [33m1[39m,
  key: [33m1776869770736[39m,
  timestamp: [33m1776869769733[39m
}
[Graph3D] Creating simulation: [33m3[39m nodes
[Graph3D] createGraphSimulation called: { hasObjectManager: [33mtrue[39m, hasScene: [33mtrue[39m, nodeCount: [33m3[39m, linkCount: [33m1[39m }
[Graph3D] Clearing existing objects...
[Graph3D] Calling createSimulation...
[Graph3D] Simulation created, setting up event handlers...
[Graph3D] Data changed: {
  nodesLen: [33m3[39m,
  linksLen: [33m1[39m,
  key: [33m1776869770781[39m,
  timestamp: [33m1776869769778[39m
}
[Graph3D] Creating simulation: [33m3[39m nodes
[Graph3D] createGraphSimulation called: { hasObjectManager: [33mtrue[39m, hasScene: [33mtrue[39m, nodeCount: [33m3[39m, linkCount: [33m1[39m }
[Graph3D] Clearing existing objects...
[Graph3D] Calling createSimulation...
[Graph3D] Simulation created, setting up event handlers...
[Graph3D] Data changed: {
  nodesLen: [33m3[39m,
  linksLen: [33m1[39m,
  key: [33m1776869770832[39m,
  timestamp: [33m1776869769829[39m
}
[Graph3D] Creating simulation: [33m3[39m nodes
[Graph3D] createGraphSimulation called: { hasObjectManager: [33mtrue[39m, hasScene: [33mtrue[39m, nodeCount: [33m3[39m, linkCount: [33m1[39m }
[Graph3D] Clearing existing objects...
[Graph3D] Calling createSimulation...
[Graph3D] Simulation created, setting up event handlers...
[Graph3D] Data changed: {
  nodesLen: [33m3[39m,
  linksLen: [33m1[39m,
  key: [33m1776869770883[39m,
  timestamp: [33m1776869769880[39m
}
[Graph3D] Creating simulation: [33m3[39m nodes
[Graph3D] createGraphSimulation called: { hasObjectManager: [33mtrue[39m, hasScene: [33mtrue[39m, nodeCount: [33m3[39m, linkCount: [33m1[39m }
[Graph3D] Clearing existing objects...
[Graph3D] Calling createSimulation...
[Graph3D] Simulation created, setting up event handlers...
[Graph3D] Data changed: {
  nodesLen: [33m3[39m,
  linksLen: [33m1[39m,
  key: [33m1776869770928[39m,
  timestamp: [33m1776869769925[39m
}
[Graph3D] Creating simulation: [33m3[39m nodes
[Graph3D] createGraphSimulation called: { hasObjectManager: [33mtrue[39m, hasScene: [33mtrue[39m, nodeCount: [33m3[39m, linkCount: [33m1[39m }
[Graph3D] Clearing existing objects...
[Graph3D] Calling createSimulation...
[Graph3D] Simulation created, setting up event handlers...
[Graph3D] Data changed: {
  nodesLen: [33m3[39m,
  linksLen: [33m1[39m,
  key: [33m1776869770973[39m,
  timestamp: [33m1776869769970[39m
}
[Graph3D] Creating simulation: [33m3[39m nodes
[Graph3D] createGraphSimulation called: { hasObjectManager: [33mtrue[39m, hasScene: [33mtrue[39m, nodeCount: [33m3[39m, linkCount: [33m1[39m }
[Graph3D] Clearing existing objects...
[Graph3D] Calling createSimulation...
[Graph3D] Simulation created, setting up event handlers...
[Graph3D] Data changed: {
  nodesLen: [33m3[39m,
  linksLen: [33m1[39m,
  key: [33m1776869771023[39m,
  timestamp: [33m1776869770020[39m
}
[Graph3D] Creating simulation: [33m3[39m nodes
[Graph3D] createGraphSimulation called: { hasObjectManager: [33mtrue[39m, hasScene: [33mtrue[39m, nodeCount: [33m3[39m, linkCount: [33m1[39m }
[Graph3D] Clearing existing objects...
[Graph3D] Calling createSimulation...
[Graph3D] Simulation created, setting up event handlers...
[Graph3D] Data changed: {
  nodesLen: [33m3[39m,
  linksLen: [33m1[39m,
  key: [33m1776869771073[39m,
  timestamp: [33m1776869770070[39m
}
[Graph3D] Creating simulation: [33m3[39m nodes
[Graph3D] createGraphSimulation called: { hasObjectManager: [33mtrue[39m, hasScene: [33mtrue[39m, nodeCount: [33m3[39m, linkCount: [33m1[39m }
[Graph3D] Clearing existing objects...
[Graph3D] Calling createSimulation...
[Graph3D] Simulation created, setting up event handlers...
[Graph3D] Data changed: {
  nodesLen: [33m3[39m,
  linksLen: [33m1[39m,
  key: [33m1776869771135[39m,
  timestamp: [33m1776869770132[39m
}
[Graph3D] Creating simulation: [33m3[39m nodes
[Graph3D] createGraphSimulation called: { hasObjectManager: [33mtrue[39m, hasScene: [33mtrue[39m, nodeCount: [33m3[39m, linkCount: [33m1[39m }
[Graph3D] Clearing existing objects...
[Graph3D] Calling createSimulation...
[Graph3D] Simulation created, setting up event handlers...
[Graph3D] Data changed: {
  nodesLen: [33m3[39m,
  linksLen: [33m1[39m,
  key: [33m1776869771181[39m,
  timestamp: [33m1776869770178[39m
}
[Graph3D] Creating simulation: [33m3[39m nodes
[Graph3D] createGraphSimulation called: { hasObjectManager: [33mtrue[39m, hasScene: [33mtrue[39m, nodeCount: [33m3[39m, linkCount: [33m1[39m }
[Graph3D] Clearing existing objects...
[Graph3D] Calling createSimulation...
[Graph3D] Simulation created, setting up event handlers...
[Graph3D] Data changed: {
  nodesLen: [33m3[39m,
  linksLen: [33m1[39m,
  key: [33m1776869771229[39m,
  timestamp: [33m1776869770226[39m
}
[Graph3D] Creating simulation: [33m3[39m nodes
[Graph3D] createGraphSimulation called: { hasObjectManager: [33mtrue[39m, hasScene: [33mtrue[39m, nodeCount: [33m3[39m, linkCount: [33m1[39m }
[Graph3D] Clearing existing objects...
[Graph3D] Calling createSimulation...
[Graph3D] Simulation created, setting up event handlers...
[Graph3D] Data changed: {
  nodesLen: [33m3[39m,
  linksLen: [33m1[39m,
  key: [33m1776869771278[39m,
  timestamp: [33m1776869770275[39m
}
[Graph3D] Creating simulation: [33m3[39m nodes
[Graph3D] createGraphSimulation called: { hasObjectManager: [33mtrue[39m, hasScene: [33mtrue[39m, nodeCount: [33m3[39m, linkCount: [33m1[39m }
[Graph3D] Clearing existing objects...
[Graph3D] Calling createSimulation...
[Graph3D] Simulation created, setting up event handlers...
[Graph3D] Data changed: {
  nodesLen: [33m3[39m,
  linksLen: [33m1[39m,
  key: [33m1776869771327[39m,
  timestamp: [33m1776869770324[39m
}
[Graph3D] Creating simulation: [33m3[39m nodes
[Graph3D] createGraphSimulation called: { hasObjectManager: [33mtrue[39m, hasScene: [33mtrue[39m, nodeCount: [33m3[39m, linkCount: [33m1[39m }
[Graph3D] Clearing existing objects...
[Graph3D] Calling createSimulation...
[Graph3D] Simulation created, setting up event handlers...
[Graph3D] Data changed: {
  nodesLen: [33m3[39m,
  linksLen: [33m1[39m,
  key: [33m1776869771379[39m,
  timestamp: [33m1776869770376[39m
}
[Graph3D] Creating simulation: [33m3[39m nodes
[Graph3D] createGraphSimulation called: { hasObjectManager: [33mtrue[39m, hasScene: [33mtrue[39m, nodeCount: [33m3[39m, linkCount: [33m1[39m }
[Graph3D] Clearing existing objects...
[Graph3D] Calling createSimulation...
[Graph3D] Simulation created, setting up event handlers...
[Graph3D] Data changed: {
  nodesLen: [33m3[39m,
  linksLen: [33m1[39m,
  key: [33m1776869771451[39m,
  timestamp: [33m1776869770448[39m
}
[Graph3D] Creating simulation: [33m3[39m nodes
[Graph3D] createGraphSimulation called: { hasObjectManager: [33mtrue[39m, hasScene: [33mtrue[39m, nodeCount: [33m3[39m, linkCount: [33m1[39m }
[Graph3D] Clearing existing objects...
[Graph3D] Calling createSimulation...
[Graph3D] Simulation created, setting up event handlers...
[Graph3D] Data changed: {
  nodesLen: [33m3[39m,
  linksLen: [33m1[39m,
  key: [33m1776869771506[39m,
  timestamp: [33m1776869770503[39m
}
[Graph3D] Creating simulation: [33m3[39m nodes
[Graph3D] createGraphSimulation called: { hasObjectManager: [33mtrue[39m, hasScene: [33mtrue[39m, nodeCount: [33m3[39m, linkCount: [33m1[39m }
[Graph3D] Clearing existing objects...
[Graph3D] Calling createSimulation...
[Graph3D] Simulation created, setting up event handlers...
[Graph3D] Data changed: {
  nodesLen: [33m3[39m,
  linksLen: [33m1[39m,
  key: [33m1776869771553[39m,
  timestamp: [33m1776869770550[39m
}
[Graph3D] Creating simulation: [33m3[39m nodes
[Graph3D] createGraphSimulation called: { hasObjectManager: [33mtrue[39m, hasScene: [33mtrue[39m, nodeCount: [33m3[39m, linkCount: [33m1[39m }
[Graph3D] Clearing existing objects...
[Graph3D] Calling createSimulation...
[Graph3D] Simulation created, setting up event handlers...
[Graph3D] Data changed: {
  nodesLen: [33m3[39m,
  linksLen: [33m1[39m,
  key: [33m1776869771602[39m,
  timestamp: [33m1776869770599[39m
}
[Graph3D] Creating simulation: [33m3[39m nodes
[Graph3D] createGraphSimulation called: { hasObjectManager: [33mtrue[39m, hasScene: [33mtrue[39m, nodeCount: [33m3[39m, linkCount: [33m1[39m }
[Graph3D] Clearing existing objects...
[Graph3D] Calling createSimulation...
[Graph3D] Simulation created, setting up event handlers...
[Graph3D] Data changed: {
  nodesLen: [33m3[39m,
  linksLen: [33m1[39m,
  key: [33m1776869771650[39m,
  timestamp: [33m1776869770647[39m
}
[Graph3D] Creating simulation: [33m3[39m nodes
[Graph3D] createGraphSimulation called: { hasObjectManager: [33mtrue[39m, hasScene: [33mtrue[39m, nodeCount: [33m3[39m, linkCount: [33m1[39m }
[Graph3D] Clearing existing objects...
[Graph3D] Calling createSimulation...
[Graph3D] Simulation created, setting up event handlers...
[Graph3D] Data changed: {
  nodesLen: [33m3[39m,
  linksLen: [33m1[39m,
  key: [33m1776869771697[39m,
  timestamp: [33m1776869770694[39m
}
[Graph3D] Creating simulation: [33m3[39m nodes
[Graph3D] createGraphSimulation called: { hasObjectManager: [33mtrue[39m, hasScene: [33mtrue[39m, nodeCount: [33m3[39m, linkCount: [33m1[39m }
[Graph3D] Clearing existing objects...
[Graph3D] Calling createSimulation...
[Graph3D] Simulation created, setting up event handlers...
[Graph3D] Data changed: {
  nodesLen: [33m3[39m,
  linksLen: [33m1[39m,
  key: [33m1776869771745[39m,
  timestamp: [33m1776869770742[39m
}
[Graph3D] Creating simulation: [33m3[39m nodes
[Graph3D] createGraphSimulation called: { hasObjectManager: [33mtrue[39m, hasScene: [33mtrue[39m, nodeCount: [33m3[39m, linkCount: [33m1[39m }
[Graph3D] Clearing existing objects...
[Graph3D] Calling createSimulation...
[Graph3D] Simulation created, setting up event handlers...
[Graph3D] Data changed: {
  nodesLen: [33m3[39m,
  linksLen: [33m1[39m,
  key: [33m1776869771795[39m,
  timestamp: [33m1776869770792[39m
}
[Graph3D] Creating simulation: [33m3[39m nodes
[Graph3D] createGraphSimulation called: { hasObjectManager: [33mtrue[39m, hasScene: [33mtrue[39m, nodeCount: [33m3[39m, linkCount: [33m1[39m }
[Graph3D] Clearing existing objects...
[Graph3D] Calling createSimulation...
[Graph3D] Simulation created, setting up event handlers...
[Graph3D] Data changed: {
  nodesLen: [33m3[39m,
  linksLen: [33m1[39m,
  key: [33m1776869771847[39m,
  timestamp: [33m1776869770844[39m
}
[Graph3D] Creating simulation: [33m3[39m nodes
[Graph3D] createGraphSimulation called: { hasObjectManager: [33mtrue[39m, hasScene: [33mtrue[39m, nodeCount: [33m3[39m, linkCount: [33m1[39m }
[Graph3D] Clearing existing objects...
[Graph3D] Calling createSimulation...
[Graph3D] Simulation created, setting up event handlers...
[Graph3D] Data changed: {
  nodesLen: [33m3[39m,
  linksLen: [33m1[39m,
  key: [33m1776869771897[39m,
  timestamp: [33m1776869770894[39m
}
[Graph3D] Creating simulation: [33m3[39m nodes
[Graph3D] createGraphSimulation called: { hasObjectManager: [33mtrue[39m, hasScene: [33mtrue[39m, nodeCount: [33m3[39m, linkCount: [33m1[39m }
[Graph3D] Clearing existing objects...
[Graph3D] Calling createSimulation...
[Graph3D] Simulation created, setting up event handlers...
[Graph3D] Data changed: {
  nodesLen: [33m3[39m,
  linksLen: [33m1[39m,
  key: [33m1776869771945[39m,
  timestamp: [33m1776869770942[39m
}
[Graph3D] Creating simulation: [33m3[39m nodes
[Graph3D] createGraphSimulation called: { hasObjectManager: [33mtrue[39m, hasScene: [33mtrue[39m, nodeCount: [33m3[39m, linkCount: [33m1[39m }
[Graph3D] Clearing existing objects...
[Graph3D] Calling createSimulation...
[Graph3D] Simulation created, setting up event handlers...
[Graph3D] Data changed: {
  nodesLen: [33m3[39m,
  linksLen: [33m1[39m,
  key: [33m1776869771998[39m,
  timestamp: [33m1776869770995[39m
}
[Graph3D] Creating simulation: [33m3[39m nodes
[Graph3D] createGraphSimulation called: { hasObjectManager: [33mtrue[39m, hasScene: [33mtrue[39m, nodeCount: [33m3[39m, linkCount: [33m1[39m }
[Graph3D] Clearing existing objects...
[Graph3D] Calling createSimulation...
[Graph3D] Simulation created, setting up event handlers...
[Graph3D] Data changed: {
  nodesLen: [33m3[39m,
  linksLen: [33m1[39m,
  key: [33m1776869772051[39m,
  timestamp: [33m1776869771048[39m
}
[Graph3D] Creating simulation: [33m3[39m nodes
[Graph3D] createGraphSimulation called: { hasObjectManager: [33mtrue[39m, hasScene: [33mtrue[39m, nodeCount: [33m3[39m, linkCount: [33m1[39m }
[Graph3D] Clearing existing objects...
[Graph3D] Calling createSimulation...
[Graph3D] Simulation created, setting up event handlers...
[Graph3D] Data changed: {
  nodesLen: [33m3[39m,
  linksLen: [33m1[39m,
  key: [33m1776869772102[39m,
  timestamp: [33m1776869771099[39m
}
[Graph3D] Creating simulation: [33m3[39m nodes
[Graph3D] createGraphSimulation called: { hasObjectManager: [33mtrue[39m, hasScene: [33mtrue[39m, nodeCount: [33m3[39m, linkCount: [33m1[39m }
[Graph3D] Clearing existing objects...
[Graph3D] Calling createSimulation...
[Graph3D] Simulation created, setting up event handlers...
[Graph3D] Data changed: {
  nodesLen: [33m3[39m,
  linksLen: [33m1[39m,
  key: [33m1776869772150[39m,
  timestamp: [33m1776869771147[39m
}
[Graph3D] Creating simulation: [33m3[39m nodes
[Graph3D] createGraphSimulation called: { hasObjectManager: [33mtrue[39m, hasScene: [33mtrue[39m, nodeCount: [33m3[39m, linkCount: [33m1[39m }
[Graph3D] Clearing existing objects...
[Graph3D] Calling createSimulation...
[Graph3D] Simulation created, setting up event handlers...
[Graph3D] Data changed: {
  nodesLen: [33m3[39m,
  linksLen: [33m1[39m,
  key: [33m1776869772199[39m,
  timestamp: [33m1776869771196[39m
}
[Graph3D] Creating simulation: [33m3[39m nodes
[Graph3D] createGraphSimulation called: { hasObjectManager: [33mtrue[39m, hasScene: [33mtrue[39m, nodeCount: [33m3[39m, linkCount: [33m1[39m }
[Graph3D] Clearing existing objects...
[Graph3D] Calling createSimulation...
[Graph3D] Simulation created, setting up event handlers...
[Graph3D] Data changed: {
  nodesLen: [33m3[39m,
  linksLen: [33m1[39m,
  key: [33m1776869772250[39m,
  timestamp: [33m1776869771247[39m
}
[Graph3D] Creating simulation: [33m3[39m nodes
[Graph3D] createGraphSimulation called: { hasObjectManager: [33mtrue[39m, hasScene: [33mtrue[39m, nodeCount: [33m3[39m, linkCount: [33m1[39m }
[Graph3D] Clearing existing objects...
[Graph3D] Calling createSimulation...
[Graph3D] Simulation created, setting up event handlers...
[Graph3D] Data changed: {
  nodesLen: [33m3[39m,
  linksLen: [33m1[39m,
  key: [33m1776869772298[39m,
  timestamp: [33m1776869771295[39m
}
[Graph3D] Creating simulation: [33m3[39m nodes
[Graph3D] createGraphSimulation called: { hasObjectManager: [33mtrue[39m, hasScene: [33mtrue[39m, nodeCount: [33m3[39m, linkCount: [33m1[39m }
[Graph3D] Clearing existing objects...
[Graph3D] Calling createSimulation...
[Graph3D] Simulation created, setting up event handlers...
[Graph3D] Data changed: {
  nodesLen: [33m3[39m,
  linksLen: [33m1[39m,
  key: [33m1776869772347[39m,
  timestamp: [33m1776869771344[39m
}
[Graph3D] Creating simulation: [33m3[39m nodes
[Graph3D] createGraphSimulation called: { hasObjectManager: [33mtrue[39m, hasScene: [33mtrue[39m, nodeCount: [33m3[39m, linkCount: [33m1[39m }
[Graph3D] Clearing existing objects...
[Graph3D] Calling createSimulation...
[Graph3D] Simulation created, setting up event handlers...
[Graph3D] Data changed: {
  nodesLen: [33m3[39m,
  linksLen: [33m1[39m,
  key: [33m1776869772400[39m,
  timestamp: [33m1776869771397[39m
}
[Graph3D] Creating simulation: [33m3[39m nodes
[Graph3D] createGraphSimulation called: { hasObjectManager: [33mtrue[39m, hasScene: [33mtrue[39m, nodeCount: [33m3[39m, linkCount: [33m1[39m }
[Graph3D] Clearing existing objects...
[Graph3D] Calling createSimulation...
[Graph3D] Simulation created, setting up event handlers...
[Graph3D] Data changed: {
  nodesLen: [33m3[39m,
  linksLen: [33m1[39m,
  key: [33m1776869772454[39m,
  timestamp: [33m1776869771451[39m
}
[Graph3D] Creating simulation: [33m3[39m nodes
[Graph3D] createGraphSimulation called: { hasObjectManager: [33mtrue[39m, hasScene: [33mtrue[39m, nodeCount: [33m3[39m, linkCount: [33m1[39m }
[Graph3D] Clearing existing objects...
[Graph3D] Calling createSimulation...
[Graph3D] Simulation created, setting up event handlers...
[Graph3D] Data changed: {
  nodesLen: [33m3[39m,
  linksLen: [33m1[39m,
  key: [33m1776869772506[39m,
  timestamp: [33m1776869771503[39m
}
[Graph3D] Creating simulation: [33m3[39m nodes
[Graph3D] createGraphSimulation called: { hasObjectManager: [33mtrue[39m, hasScene: [33mtrue[39m, nodeCount: [33m3[39m, linkCount: [33m1[39m }
[Graph3D] Clearing existing objects...
[Graph3D] Calling createSimulation...
[Graph3D] Simulation created, setting up event handlers...
[Graph3D] Data changed: {
  nodesLen: [33m3[39m,
  linksLen: [33m1[39m,
  key: [33m1776869772555[39m,
  timestamp: [33m1776869771552[39m
}
[Graph3D] Creating simulation: [33m3[39m nodes
[Graph3D] createGraphSimulation called: { hasObjectManager: [33mtrue[39m, hasScene: [33mtrue[39m, nodeCount: [33m3[39m, linkCount: [33m1[39m }
[Graph3D] Clearing existing objects...
[Graph3D] Calling createSimulation...
[Graph3D] Simulation created, setting up event handlers...
[Graph3D] Data changed: {
  nodesLen: [33m3[39m,
  linksLen: [33m1[39m,
  key: [33m1776869772605[39m,
  timestamp: [33m1776869771602[39m
}
[Graph3D] Creating simulation: [33m3[39m nodes
[Graph3D] createGraphSimulation called: { hasObjectManager: [33mtrue[39m, hasScene: [33mtrue[39m, nodeCount: [33m3[39m, linkCount: [33m1[39m }
[Graph3D] Clearing existing objects...
[Graph3D] Calling createSimulation...
[Graph3D] Simulation created, setting up event handlers...
[Graph3D] Data changed: {
  nodesLen: [33m3[39m,
  linksLen: [33m1[39m,
  key: [33m1776869772656[39m,
  timestamp: [33m1776869771653[39m
}
[Graph3D] Creating simulation: [33m3[39m nodes
[Graph3D] createGraphSimulation called: { hasObjectManager: [33mtrue[39m, hasScene: [33mtrue[39m, nodeCount: [33m3[39m, linkCount: [33m1[39m }
[Graph3D] Clearing existing objects...
[Graph3D] Calling createSimulation...
[Graph3D] Simulation created, setting up event handlers...
[Graph3D] Data changed: {
  nodesLen: [33m3[39m,
  linksLen: [33m1[39m,
  key: [33m1776869772705[39m,
  timestamp: [33m1776869771702[39m
}
[Graph3D] Creating simulation: [33m3[39m nodes
[Graph3D] createGraphSimulation called: { hasObjectManager: [33mtrue[39m, hasScene: [33mtrue[39m, nodeCount: [33m3[39m, linkCount: [33m1[39m }
[Graph3D] Clearing existing objects...
[Graph3D] Calling createSimulation...
[Graph3D] Simulation created, setting up event handlers...
[Graph3D] Data changed: {
  nodesLen: [33m3[39m,
  linksLen: [33m1[39m,
  key: [33m1776869772755[39m,
  timestamp: [33m1776869771752[39m
}
[Graph3D] Creating simulation: [33m3[39m nodes
[Graph3D] createGraphSimulation called: { hasObjectManager: [33mtrue[39m, hasScene: [33mtrue[39m, nodeCount: [33m3[39m, linkCount: [33m1[39m }
[Graph3D] Clearing existing objects...
[Graph3D] Calling createSimulation...
[Graph3D] Simulation created, setting up event handlers...
[Graph3D] Data changed: {
  nodesLen: [33m3[39m,
  linksLen: [33m1[39m,
  key: [33m1776869772808[39m,
  timestamp: [33m1776869771805[39m
}
[Graph3D] Creating simulation: [33m3[39m nodes
[Graph3D] createGraphSimulation called: { hasObjectManager: [33mtrue[39m, hasScene: [33mtrue[39m, nodeCount: [33m3[39m, linkCount: [33m1[39m }
[Graph3D] Clearing existing objects...
[Graph3D] Calling createSimulation...
[Graph3D] Simulation created, setting up event handlers...
[Graph3D] Data changed: {
  nodesLen: [33m3[39m,
  linksLen: [33m1[39m,
  key: [33m1776869772857[39m,
  timestamp: [33m1776869771854[39m
}
[Graph3D] Creating simulation: [33m3[39m nodes
[Graph3D] createGraphSimulation called: { hasObjectManager: [33mtrue[39m, hasScene: [33mtrue[39m, nodeCount: [33m3[39m, linkCount: [33m1[39m }
[Graph3D] Clearing existing objects...
[Graph3D] Calling createSimulation...
[Graph3D] Simulation created, setting up event handlers...
[Graph3D] Data changed: {
  nodesLen: [33m3[39m,
  linksLen: [33m1[39m,
  key: [33m1776869772909[39m,
  timestamp: [33m1776869771906[39m
}
[Graph3D] Creating simulation: [33m3[39m nodes
[Graph3D] createGraphSimulation called: { hasObjectManager: [33mtrue[39m, hasScene: [33mtrue[39m, nodeCount: [33m3[39m, linkCount: [33m1[39m }
[Graph3D] Clearing existing objects...
[Graph3D] Calling createSimulation...
[Graph3D] Simulation created, setting up event handlers...
[Graph3D] Data changed: {
  nodesLen: [33m3[39m,
  linksLen: [33m1[39m,
  key: [33m1776869772962[39m,
  timestamp: [33m1776869771959[39m
}
[Graph3D] Creating simulation: [33m3[39m nodes
[Graph3D] createGraphSimulation called: { hasObjectManager: [33mtrue[39m, hasScene: [33mtrue[39m, nodeCount: [33m3[39m, linkCount: [33m1[39m }
[Graph3D] Clearing existing objects...
[Graph3D] Calling createSimulation...
[Graph3D] Simulation created, setting up event handlers...
[Graph3D] Data changed: {
  nodesLen: [33m3[39m,
  linksLen: [33m1[39m,
  key: [33m1776869773012[39m,
  timestamp: [33m1776869772009[39m
}
[Graph3D] Creating simulation: [33m3[39m nodes
[Graph3D] createGraphSimulation called: { hasObjectManager: [33mtrue[39m, hasScene: [33mtrue[39m, nodeCount: [33m3[39m, linkCount: [33m1[39m }
[Graph3D] Clearing existing objects...
[Graph3D] Calling createSimulation...
[Graph3D] Simulation created, setting up event handlers...
[Graph3D] Data changed: {
  nodesLen: [33m3[39m,
  linksLen: [33m1[39m,
  key: [33m1776869773061[39m,
  timestamp: [33m1776869772058[39m
}
[Graph3D] Creating simulation: [33m3[39m nodes
[Graph3D] createGraphSimulation called: { hasObjectManager: [33mtrue[39m, hasScene: [33mtrue[39m, nodeCount: [33m3[39m, linkCount: [33m1[39m }
[Graph3D] Clearing existing objects...
[Graph3D] Calling createSimulation...
[Graph3D] Simulation created, setting up event handlers...
[Graph3D] Data changed: {
  nodesLen: [33m3[39m,
  linksLen: [33m1[39m,
  key: [33m1776869773113[39m,
  timestamp: [33m1776869772110[39m
}
[Graph3D] Creating simulation: [33m3[39m nodes
[Graph3D] createGraphSimulation called: { hasObjectManager: [33mtrue[39m, hasScene: [33mtrue[39m, nodeCount: [33m3[39m, linkCount: [33m1[39m }
[Graph3D] Clearing existing objects...
[Graph3D] Calling createSimulation...
[Graph3D] Simulation created, setting up event handlers...
[Graph3D] Data changed: {
  nodesLen: [33m3[39m,
  linksLen: [33m1[39m,
  key: [33m1776869773162[39m,
  timestamp: [33m1776869772159[39m
}
[Graph3D] Creating simulation: [33m3[39m nodes
[Graph3D] createGraphSimulation called: { hasObjectManager: [33mtrue[39m, hasScene: [33mtrue[39m, nodeCount: [33m3[39m, linkCount: [33m1[39m }
[Graph3D] Clearing existing objects...
[Graph3D] Calling createSimulation...
[Graph3D] Simulation created, setting up event handlers...
[Graph3D] Data changed: {
  nodesLen: [33m3[39m,
  linksLen: [33m1[39m,
  key: [33m1776869773211[39m,
  timestamp: [33m1776869772208[39m
}
[Graph3D] Creating simulation: [33m3[39m nodes
[Graph3D] createGraphSimulation called: { hasObjectManager: [33mtrue[39m, hasScene: [33mtrue[39m, nodeCount: [33m3[39m, linkCount: [33m1[39m }
[Graph3D] Clearing existing objects...
[Graph3D] Calling createSimulation...
[Graph3D] Simulation created, setting up event handlers...
[Graph3D] Data changed: {
  nodesLen: [33m3[39m,
  linksLen: [33m1[39m,
  key: [33m1776869773262[39m,
  timestamp: [33m1776869772259[39m
}
[Graph3D] Creating simulation: [33m3[39m nodes
[Graph3D] createGraphSimulation called: { hasObjectManager: [33mtrue[39m, hasScene: [33mtrue[39m, nodeCount: [33m3[39m, linkCount: [33m1[39m }
[Graph3D] Clearing existing objects...
[Graph3D] Calling createSimulation...
[Graph3D] Simulation created, setting up event handlers...
[Graph3D] Data changed: {
  nodesLen: [33m3[39m,
  linksLen: [33m1[39m,
  key: [33m1776869773312[39m,
  timestamp: [33m1776869772309[39m
}
[Graph3D] Creating simulation: [33m3[39m nodes
[Graph3D] createGraphSimulation called: { hasObjectManager: [33mtrue[39m, hasScene: [33mtrue[39m, nodeCount: [33m3[39m, linkCount: [33m1[39m }
[Graph3D] Clearing existing objects...
[Graph3D] Calling createSimulation...
[Graph3D] Simulation created, setting up event handlers...
[Graph3D] Data changed: {
  nodesLen: [33m3[39m,
  linksLen: [33m1[39m,
  key: [33m1776869773363[39m,
  timestamp: [33m1776869772360[39m
}
[Graph3D] Creating simulation: [33m3[39m nodes
[Graph3D] createGraphSimulation called: { hasObjectManager: [33mtrue[39m, hasScene: [33mtrue[39m, nodeCount: [33m3[39m, linkCount: [33m1[39m }
[Graph3D] Clearing existing objects...
[Graph3D] Calling createSimulation...
[Graph3D] Simulation created, setting up event handlers...
[Graph3D] Data changed: {
  nodesLen: [33m3[39m,
  linksLen: [33m1[39m,
  key: [33m1776869773419[39m,
  timestamp: [33m1776869772416[39m
}
[Graph3D] Creating simulation: [33m3[39m nodes
[Graph3D] createGraphSimulation called: { hasObjectManager: [33mtrue[39m, hasScene: [33mtrue[39m, nodeCount: [33m3[39m, linkCount: [33m1[39m }
[Graph3D] Clearing existing objects...
[Graph3D] Calling createSimulation...
[Graph3D] Simulation created, setting up event handlers...
[Graph3D] Data changed: {
  nodesLen: [33m3[39m,
  linksLen: [33m1[39m,
  key: [33m1776869773470[39m,
  timestamp: [33m1776869772467[39m
}
[Graph3D] Creating simulation: [33m3[39m nodes
[Graph3D] createGraphSimulation called: { hasObjectManager: [33mtrue[39m, hasScene: [33mtrue[39m, nodeCount: [33m3[39m, linkCount: [33m1[39m }
[Graph3D] Clearing existing objects...
[Graph3D] Calling createSimulation...
[Graph3D] Simulation created, setting up event handlers...
[Graph3D] Data changed: {
  nodesLen: [33m3[39m,
  linksLen: [33m1[39m,
  key: [33m1776869773523[39m,
  timestamp: [33m1776869772520[39m
}
[Graph3D] Creating simulation: [33m3[39m nodes
[Graph3D] createGraphSimulation called: { hasObjectManager: [33mtrue[39m, hasScene: [33mtrue[39m, nodeCount: [33m3[39m, linkCount: [33m1[39m }
[Graph3D] Clearing existing objects...
[Graph3D] Calling createSimulation...
[Graph3D] Simulation created, setting up event handlers...
[Graph3D] Data changed: {
  nodesLen: [33m3[39m,
  linksLen: [33m1[39m,
  key: [33m1776869773578[39m,
  timestamp: [33m1776869772575[39m
}
[Graph3D] Creating simulation: [33m3[39m nodes
[Graph3D] createGraphSimulation called: { hasObjectManager: [33mtrue[39m, hasScene: [33mtrue[39m, nodeCount: [33m3[39m, linkCount: [33m1[39m }
[Graph3D] Clearing existing objects...
[Graph3D] Calling createSimulation...
[Graph3D] Simulation created, setting up event handlers...
[Graph3D] Data changed: {
  nodesLen: [33m3[39m,
  linksLen: [33m1[39m,
  key: [33m1776869773631[39m,
  timestamp: [33m1776869772628[39m
}
[Graph3D] Creating simulation: [33m3[39m nodes
[Graph3D] createGraphSimulation called: { hasObjectManager: [33mtrue[39m, hasScene: [33mtrue[39m, nodeCount: [33m3[39m, linkCount: [33m1[39m }
[Graph3D] Clearing existing objects...
[Graph3D] Calling createSimulation...
[Graph3D] Simulation created, setting up event handlers...
[Graph3D] Data changed: {
  nodesLen: [33m3[39m,
  linksLen: [33m1[39m,
  key: [33m1776869773681[39m,
  timestamp: [33m1776869772678[39m
}
[Graph3D] Creating simulation: [33m3[39m nodes
[Graph3D] createGraphSimulation called: { hasObjectManager: [33mtrue[39m, hasScene: [33mtrue[39m, nodeCount: [33m3[39m, linkCount: [33m1[39m }
[Graph3D] Clearing existing objects...
[Graph3D] Calling createSimulation...
[Graph3D] Simulation created, setting up event handlers...
[Graph3D] Data changed: {
  nodesLen: [33m3[39m,
  linksLen: [33m1[39m,
  key: [33m1776869773734[39m,
  timestamp: [33m1776869772731[39m
}
[Graph3D] Creating simulation: [33m3[39m nodes
[Graph3D] createGraphSimulation called: { hasObjectManager: [33mtrue[39m, hasScene: [33mtrue[39m, nodeCount: [33m3[39m, linkCount: [33m1[39m }
[Graph3D] Clearing existing objects...
[Graph3D] Calling createSimulation...
[Graph3D] Simulation created, setting up event handlers...
[Graph3D] Data changed: {
  nodesLen: [33m3[39m,
  linksLen: [33m1[39m,
  key: [33m1776869773784[39m,
  timestamp: [33m1776869772781[39m
}
[Graph3D] Creating simulation: [33m3[39m nodes
[Graph3D] createGraphSimulation called: { hasObjectManager: [33mtrue[39m, hasScene: [33mtrue[39m, nodeCount: [33m3[39m, linkCount: [33m1[39m }
[Graph3D] Clearing existing objects...
[Graph3D] Calling createSimulation...
[Graph3D] Simulation created, setting up event handlers...
[Graph3D] Data changed: {
  nodesLen: [33m3[39m,
  linksLen: [33m1[39m,
  key: [33m1776869773836[39m,
  timestamp: [33m1776869772833[39m
}
[Graph3D] Creating simulation: [33m3[39m nodes
[Graph3D] createGraphSimulation called: { hasObjectManager: [33mtrue[39m, hasScene: [33mtrue[39m, nodeCount: [33m3[39m, linkCount: [33m1[39m }
[Graph3D] Clearing existing objects...
[Graph3D] Calling createSimulation...
[Graph3D] Simulation created, setting up event handlers...
[Graph3D] Data changed: {
  nodesLen: [33m3[39m,
  linksLen: [33m1[39m,
  key: [33m1776869773888[39m,
  timestamp: [33m1776869772885[39m
}
[Graph3D] Creating simulation: [33m3[39m nodes
[Graph3D] createGraphSimulation called: { hasObjectManager: [33mtrue[39m, hasScene: [33mtrue[39m, nodeCount: [33m3[39m, linkCount: [33m1[39m }
[Graph3D] Clearing existing objects...
[Graph3D] Calling createSimulation...
[Graph3D] Simulation created, setting up event handlers...
[Graph3D] Data changed: {
  nodesLen: [33m3[39m,
  linksLen: [33m1[39m,
  key: [33m1776869773938[39m,
  timestamp: [33m1776869772935[39m
}
[Graph3D] Creating simulation: [33m3[39m nodes
[Graph3D] createGraphSimulation called: { hasObjectManager: [33mtrue[39m, hasScene: [33mtrue[39m, nodeCount: [33m3[39m, linkCount: [33m1[39m }
[Graph3D] Clearing existing objects...
[Graph3D] Calling createSimulation...
[Graph3D] Simulation created, setting up event handlers...
[Graph3D] Data changed: {
  nodesLen: [33m3[39m,
  linksLen: [33m1[39m,
  key: [33m1776869773999[39m,
  timestamp: [33m1776869772996[39m
}
[Graph3D] Creating simulation: [33m3[39m nodes
[Graph3D] createGraphSimulation called: { hasObjectManager: [33mtrue[39m, hasScene: [33mtrue[39m, nodeCount: [33m3[39m, linkCount: [33m1[39m }
[Graph3D] Clearing existing objects...
[Graph3D] Calling createSimulation...
[Graph3D] Simulation created, setting up event handlers...
[Graph3D] Data changed: {
  nodesLen: [33m3[39m,
  linksLen: [33m1[39m,
  key: [33m1776869774048[39m,
  timestamp: [33m1776869773045[39m
}
[Graph3D] Creating simulation: [33m3[39m nodes
[Graph3D] createGraphSimulation called: { hasObjectManager: [33mtrue[39m, hasScene: [33mtrue[39m, nodeCount: [33m3[39m, linkCount: [33m1[39m }
[Graph3D] Clearing existing objects...
[Graph3D] Calling createSimulation...
[Graph3D] Simulation created, setting up event handlers...
[Graph3D] Data changed: {
  nodesLen: [33m3[39m,
  linksLen: [33m1[39m,
  key: [33m1776869774099[39m,
  timestamp: [33m1776869773096[39m
}
[Graph3D] Creating simulation: [33m3[39m nodes
[Graph3D] createGraphSimulation called: { hasObjectManager: [33mtrue[39m, hasScene: [33mtrue[39m, nodeCount: [33m3[39m, linkCount: [33m1[39m }
[Graph3D] Clearing existing objects...
[Graph3D] Calling createSimulation...
[Graph3D] Simulation created, setting up event handlers...
[Graph3D] Data changed: {
  nodesLen: [33m3[39m,
  linksLen: [33m1[39m,
  key: [33m1776869774154[39m,
  timestamp: [33m1776869773151[39m
}
[Graph3D] Creating simulation: [33m3[39m nodes
[Graph3D] createGraphSimulation called: { hasObjectManager: [33mtrue[39m, hasScene: [33mtrue[39m, nodeCount: [33m3[39m, linkCount: [33m1[39m }
[Graph3D] Clearing existing objects...
[Graph3D] Calling createSimulation...
[Graph3D] Simulation created, setting up event handlers...
[Graph3D] Data changed: {
  nodesLen: [33m3[39m,
  linksLen: [33m1[39m,
  key: [33m1776869774205[39m,
  timestamp: [33m1776869773202[39m
}
[Graph3D] Creating simulation: [33m3[39m nodes
[Graph3D] createGraphSimulation called: { hasObjectManager: [33mtrue[39m, hasScene: [33mtrue[39m, nodeCount: [33m3[39m, linkCount: [33m1[39m }
[Graph3D] Clearing existing objects...
[Graph3D] Calling createSimulation...
[Graph3D] Simulation created, setting up event handlers...
[Graph3D] Data changed: {
  nodesLen: [33m3[39m,
  linksLen: [33m1[39m,
  key: [33m1776869774258[39m,
  timestamp: [33m1776869773255[39m
}
[Graph3D] Creating simulation: [33m3[39m nodes
[Graph3D] createGraphSimulation called: { hasObjectManager: [33mtrue[39m, hasScene: [33mtrue[39m, nodeCount: [33m3[39m, linkCount: [33m1[39m }
[Graph3D] Clearing existing objects...
[Graph3D] Calling createSimulation...
[Graph3D] Simulation created, setting up event handlers...
[Graph3D] Data changed: {
  nodesLen: [33m3[39m,
  linksLen: [33m1[39m,
  key: [33m1776869774308[39m,
  timestamp: [33m1776869773305[39m
}
[Graph3D] Creating simulation: [33m3[39m nodes
[Graph3D] createGraphSimulation called: { hasObjectManager: [33mtrue[39m, hasScene: [33mtrue[39m, nodeCount: [33m3[39m, linkCount: [33m1[39m }
[Graph3D] Clearing existing objects...
[Graph3D] Calling createSimulation...
[Graph3D] Simulation created, setting up event handlers...
[Graph3D] Data changed: {
  nodesLen: [33m3[39m,
  linksLen: [33m1[39m,
  key: [33m1776869774363[39m,
  timestamp: [33m1776869773360[39m
}
[Graph3D] Creating simulation: [33m3[39m nodes
[Graph3D] createGraphSimulation called: { hasObjectManager: [33mtrue[39m, hasScene: [33mtrue[39m, nodeCount: [33m3[39m, linkCount: [33m1[39m }
[Graph3D] Clearing existing objects...
[Graph3D] Calling createSimulation...
[Graph3D] Simulation created, setting up event handlers...
[Graph3D] Data changed: {
  nodesLen: [33m3[39m,
  linksLen: [33m1[39m,
  key: [33m1776869774425[39m,
  timestamp: [33m1776869773422[39m
}
[Graph3D] Creating simulation: [33m3[39m nodes
[Graph3D] createGraphSimulation called: { hasObjectManager: [33mtrue[39m, hasScene: [33mtrue[39m, nodeCount: [33m3[39m, linkCount: [33m1[39m }
[Graph3D] Clearing existing objects...
[Graph3D] Calling createSimulation...
[Graph3D] Simulation created, setting up event handlers...
[Graph3D] Data changed: {
  nodesLen: [33m3[39m,
  linksLen: [33m1[39m,
  key: [33m1776869774491[39m,
  timestamp: [33m1776869773488[39m
}
[Graph3D] Creating simulation: [33m3[39m nodes
[Graph3D] createGraphSimulation called: { hasObjectManager: [33mtrue[39m, hasScene: [33mtrue[39m, nodeCount: [33m3[39m, linkCount: [33m1[39m }
[Graph3D] Clearing existing objects...
[Graph3D] Calling createSimulation...
[Graph3D] Simulation created, setting up event handlers...
[Graph3D] Data changed: {
  nodesLen: [33m3[39m,
  linksLen: [33m1[39m,
  key: [33m1776869774550[39m,
  timestamp: [33m1776869773547[39m
}
[Graph3D] Creating simulation: [33m3[39m nodes
[Graph3D] createGraphSimulation called: { hasObjectManager: [33mtrue[39m, hasScene: [33mtrue[39m, nodeCount: [33m3[39m, linkCount: [33m1[39m }
[Graph3D] Clearing existing objects...
[Graph3D] Calling createSimulation...
[Graph3D] Simulation created, setting up event handlers...
[Graph3D] Data changed: {
  nodesLen: [33m3[39m,
  linksLen: [33m1[39m,
  key: [33m1776869774607[39m,
  timestamp: [33m1776869773604[39m
}
[Graph3D] Creating simulation: [33m3[39m nodes
[Graph3D] createGraphSimulation called: { hasObjectManager: [33mtrue[39m, hasScene: [33mtrue[39m, nodeCount: [33m3[39m, linkCount: [33m1[39m }
[Graph3D] Clearing existing objects...
[Graph3D] Calling createSimulation...
[Graph3D] Simulation created, setting up event handlers...
[Graph3D] Data changed: {
  nodesLen: [33m3[39m,
  linksLen: [33m1[39m,
  key: [33m1776869774667[39m,
  timestamp: [33m1776869773664[39m
}
[Graph3D] Creating simulation: [33m3[39m nodes
[Graph3D] createGraphSimulation called: { hasObjectManager: [33mtrue[39m, hasScene: [33mtrue[39m, nodeCount: [33m3[39m, linkCount: [33m1[39m }
[Graph3D] Clearing existing objects...
[Graph3D] Calling createSimulation...
[Graph3D] Simulation created, setting up event handlers...
[Graph3D] Data changed: {
  nodesLen: [33m3[39m,
  linksLen: [33m1[39m,
  key: [33m1776869774723[39m,
  timestamp: [33m1776869773720[39m
}
[Graph3D] Creating simulation: [33m3[39m nodes
[Graph3D] createGraphSimulation called: { hasObjectManager: [33mtrue[39m, hasScene: [33mtrue[39m, nodeCount: [33m3[39m, linkCount: [33m1[39m }
[Graph3D] Clearing existing objects...
[Graph3D] Calling createSimulation...
[Graph3D] Simulation created, setting up event handlers...
[Graph3D] Data changed: {
  nodesLen: [33m3[39m,
  linksLen: [33m1[39m,
  key: [33m1776869774780[39m,
  timestamp: [33m1776869773777[39m
}
[Graph3D] Creating simulation: [33m3[39m nodes
[Graph3D] createGraphSimulation called: { hasObjectManager: [33mtrue[39m, hasScene: [33mtrue[39m, nodeCount: [33m3[39m, linkCount: [33m1[39m }
[Graph3D] Clearing existing objects...
[Graph3D] Calling createSimulation...
[Graph3D] Simulation created, setting up event handlers...
[Graph3D] Data changed: {
  nodesLen: [33m3[39m,
  linksLen: [33m1[39m,
  key: [33m1776869774842[39m,
  timestamp: [33m1776869773839[39m
}
[Graph3D] Creating simulation: [33m3[39m nodes
[Graph3D] createGraphSimulation called: { hasObjectManager: [33mtrue[39m, hasScene: [33mtrue[39m, nodeCount: [33m3[39m, linkCount: [33m1[39m }
[Graph3D] Clearing existing objects...
[Graph3D] Calling createSimulation...
[Graph3D] Simulation created, setting up event handlers...
[Graph3D] Data changed: {
  nodesLen: [33m3[39m,
  linksLen: [33m1[39m,
  key: [33m1776869774900[39m,
  timestamp: [33m1776869773897[39m
}
[Graph3D] Creating simulation: [33m3[39m nodes
[Graph3D] createGraphSimulation called: { hasObjectManager: [33mtrue[39m, hasScene: [33mtrue[39m, nodeCount: [33m3[39m, linkCount: [33m1[39m }
[Graph3D] Clearing existing objects...
[Graph3D] Calling createSimulation...
[Graph3D] Simulation created, setting up event handlers...
[Graph3D] Data changed: {
  nodesLen: [33m3[39m,
  linksLen: [33m1[39m,
  key: [33m1776869774979[39m,
  timestamp: [33m1776869773976[39m
}
[Graph3D] Creating simulation: [33m3[39m nodes
[Graph3D] createGraphSimulation called: { hasObjectManager: [33mtrue[39m, hasScene: [33mtrue[39m, nodeCount: [33m3[39m, linkCount: [33m1[39m }
[Graph3D] Clearing existing objects...
[Graph3D] Calling createSimulation...
[Graph3D] Simulation created, setting up event handlers...
[Graph3D] Data changed: {
  nodesLen: [33m3[39m,
  linksLen: [33m1[39m,
  key: [33m1776869775036[39m,
  timestamp: [33m1776869774033[39m
}
[Graph3D] Creating simulation: [33m3[39m nodes
[Graph3D] createGraphSimulation called: { hasObjectManager: [33mtrue[39m, hasScene: [33mtrue[39m, nodeCount: [33m3[39m, linkCount: [33m1[39m }
[Graph3D] Clearing existing objects...
[Graph3D] Calling createSimulation...
[Graph3D] Simulation created, setting up event handlers...
[Graph3D] Data changed: {
  nodesLen: [33m3[39m,
  linksLen: [33m1[39m,
  key: [33m1776869775094[39m,
  timestamp: [33m1776869774091[39m
}
[Graph3D] Creating simulation: [33m3[39m nodes
[Graph3D] createGraphSimulation called: { hasObjectManager: [33mtrue[39m, hasScene: [33mtrue[39m, nodeCount: [33m3[39m, linkCount: [33m1[39m }
[Graph3D] Clearing existing objects...
[Graph3D] Calling createSimulation...
[Graph3D] Simulation created, setting up event handlers...
[Graph3D] Data changed: {
  nodesLen: [33m3[39m,
  linksLen: [33m1[39m,
  key: [33m1776869775162[39m,
  timestamp: [33m1776869774159[39m
}
[Graph3D] Creating simulation: [33m3[39m nodes
[Graph3D] createGraphSimulation called: { hasObjectManager: [33mtrue[39m, hasScene: [33mtrue[39m, nodeCount: [33m3[39m, linkCount: [33m1[39m }
[Graph3D] Clearing existing objects...
[Graph3D] Calling createSimulation...
[Graph3D] Simulation created, setting up event handlers...
[Graph3D] Data changed: {
  nodesLen: [33m3[39m,
  linksLen: [33m1[39m,
  key: [33m1776869775221[39m,
  timestamp: [33m1776869774218[39m
}
[Graph3D] Creating simulation: [33m3[39m nodes
[Graph3D] createGraphSimulation called: { hasObjectManager: [33mtrue[39m, hasScene: [33mtrue[39m, nodeCount: [33m3[39m, linkCount: [33m1[39m }
[Graph3D] Clearing existing objects...
[Graph3D] Calling createSimulation...
[Graph3D] Simulation created, setting up event handlers...
[Graph3D] Data changed: {
  nodesLen: [33m3[39m,
  linksLen: [33m1[39m,
  key: [33m1776869775283[39m,
  timestamp: [33m1776869774280[39m
}
[Graph3D] Creating simulation: [33m3[39m nodes
[Graph3D] createGraphSimulation called: { hasObjectManager: [33mtrue[39m, hasScene: [33mtrue[39m, nodeCount: [33m3[39m, linkCount: [33m1[39m }
[Graph3D] Clearing existing objects...
[Graph3D] Calling createSimulation...
[Graph3D] Simulation created, setting up event handlers...
[Graph3D] Data changed: {
  nodesLen: [33m3[39m,
  linksLen: [33m1[39m,
  key: [33m1776869775340[39m,
  timestamp: [33m1776869774337[39m
}
[Graph3D] Creating simulation: [33m3[39m nodes
[Graph3D] createGraphSimulation called: { hasObjectManager: [33mtrue[39m, hasScene: [33mtrue[39m, nodeCount: [33m3[39m, linkCount: [33m1[39m }
[Graph3D] Clearing existing objects...
[Graph3D] Calling createSimulation...
[Graph3D] Simulation created, setting up event handlers...
[Graph3D] Data changed: {
  nodesLen: [33m3[39m,
  linksLen: [33m1[39m,
  key: [33m1776869775404[39m,
  timestamp: [33m1776869774401[39m
}
[Graph3D] Creating simulation: [33m3[39m nodes
[Graph3D] createGraphSimulation called: { hasObjectManager: [33mtrue[39m, hasScene: [33mtrue[39m, nodeCount: [33m3[39m, linkCount: [33m1[39m }
[Graph3D] Clearing existing objects...
[Graph3D] Calling createSimulation...
[Graph3D] Simulation created, setting up event handlers...
[Graph3D] Data changed: {
  nodesLen: [33m3[39m,
  linksLen: [33m1[39m,
  key: [33m1776869775465[39m,
  timestamp: [33m1776869774462[39m
}
[Graph3D] Creating simulation: [33m3[39m nodes
[Graph3D] createGraphSimulation called: { hasObjectManager: [33mtrue[39m, hasScene: [33mtrue[39m, nodeCount: [33m3[39m, linkCount: [33m1[39m }
[Graph3D] Clearing existing objects...
[Graph3D] Calling createSimulation...
[Graph3D] Simulation created, setting up event handlers...
[Graph3D] Data changed: {
  nodesLen: [33m3[39m,
  linksLen: [33m1[39m,
  key: [33m1776869775535[39m,
  timestamp: [33m1776869774532[39m
}
[Graph3D] Creating simulation: [33m3[39m nodes
[Graph3D] createGraphSimulation called: { hasObjectManager: [33mtrue[39m, hasScene: [33mtrue[39m, nodeCount: [33m3[39m, linkCount: [33m1[39m }
[Graph3D] Clearing existing objects...
[Graph3D] Calling createSimulation...
[Graph3D] Simulation created, setting up event handlers...
[Graph3D] Data changed: {
  nodesLen: [33m3[39m,
  linksLen: [33m1[39m,
  key: [33m1776869775595[39m,
  timestamp: [33m1776869774592[39m
}
[Graph3D] Creating simulation: [33m3[39m nodes
[Graph3D] createGraphSimulation called: { hasObjectManager: [33mtrue[39m, hasScene: [33mtrue[39m, nodeCount: [33m3[39m, linkCount: [33m1[39m }
[Graph3D] Clearing existing objects...
[Graph3D] Calling createSimulation...
[Graph3D] Simulation created, setting up event handlers...
[Graph3D] Data changed: {
  nodesLen: [33m3[39m,
  linksLen: [33m1[39m,
  key: [33m1776869775655[39m,
  timestamp: [33m1776869774652[39m
}
[Graph3D] Creating simulation: [33m3[39m nodes
[Graph3D] createGraphSimulation called: { hasObjectManager: [33mtrue[39m, hasScene: [33mtrue[39m, nodeCount: [33m3[39m, linkCount: [33m1[39m }
[Graph3D] Clearing existing objects...
[Graph3D] Calling createSimulation...
[Graph3D] Simulation created, setting up event handlers...
[Graph3D] Data changed: {
  nodesLen: [33m3[39m,
  linksLen: [33m1[39m,
  key: [33m1776869775712[39m,
  timestamp: [33m1776869774709[39m
}
[Graph3D] Creating simulation: [33m3[39m nodes
[Graph3D] createGraphSimulation called: { hasObjectManager: [33mtrue[39m, hasScene: [33mtrue[39m, nodeCount: [33m3[39m, linkCount: [33m1[39m }
[Graph3D] Clearing existing objects...
[Graph3D] Calling createSimulation...
[Graph3D] Simulation created, setting up event handlers...
[Graph3D] Data changed: {
  nodesLen: [33m3[39m,
  linksLen: [33m1[39m,
  key: [33m1776869775768[39m,
  timestamp: [33m1776869774765[39m
}
[Graph3D] Creating simulation: [33m3[39m nodes
[Graph3D] createGraphSimulation called: { hasObjectManager: [33mtrue[39m, hasScene: [33mtrue[39m, nodeCount: [33m3[39m, linkCount: [33m1[39m }
[Graph3D] Clearing existing objects...
[Graph3D] Calling createSimulation...
[Graph3D] Simulation created, setting up event handlers...
[Graph3D] Data changed: {
  nodesLen: [33m3[39m,
  linksLen: [33m1[39m,
  key: [33m1776869775822[39m,
  timestamp: [33m1776869774819[39m
}
[Graph3D] Creating simulation: [33m3[39m nodes
[Graph3D] createGraphSimulation called: { hasObjectManager: [33mtrue[39m, hasScene: [33mtrue[39m, nodeCount: [33m3[39m, linkCount: [33m1[39m }
[Graph3D] Clearing existing objects...
[Graph3D] Calling createSimulation...
[Graph3D] Simulation created, setting up event handlers...
[Graph3D] Data changed: {
  nodesLen: [33m3[39m,
  linksLen: [33m1[39m,
  key: [33m1776869775877[39m,
  timestamp: [33m1776869774874[39m
}
[Graph3D] Creating simulation: [33m3[39m nodes
[Graph3D] createGraphSimulation called: { hasObjectManager: [33mtrue[39m, hasScene: [33mtrue[39m, nodeCount: [33m3[39m, linkCount: [33m1[39m }
[Graph3D] Clearing existing objects...
[Graph3D] Calling createSimulation...
[Graph3D] Simulation created, setting up event handlers...
[Graph3D] Data changed: {
  nodesLen: [33m3[39m,
  linksLen: [33m1[39m,
  key: [33m1776869775932[39m,
  timestamp: [33m1776869774929[39m
}
[Graph3D] Creating simulation: [33m3[39m nodes
[Graph3D] createGraphSimulation called: { hasObjectManager: [33mtrue[39m, hasScene: [33mtrue[39m, nodeCount: [33m3[39m, linkCount: [33m1[39m }
[Graph3D] Clearing existing objects...
[Graph3D] Calling createSimulation...
[Graph3D] Simulation created, setting up event handlers...
[Graph3D] Data changed: {
  nodesLen: [33m3[39m,
  linksLen: [33m1[39m,
  key: [33m1776869775989[39m,
  timestamp: [33m1776869774986[39m
}
[Graph3D] Creating simulation: [33m3[39m nodes
[Graph3D] createGraphSimulation called: { hasObjectManager: [33mtrue[39m, hasScene: [33mtrue[39m, nodeCount: [33m3[39m, linkCount: [33m1[39m }
[Graph3D] Clearing existing objects...
[Graph3D] Calling createSimulation...
[Graph3D] Simulation created, setting up event handlers...
[Graph3D] Data changed: {
  nodesLen: [33m3[39m,
  linksLen: [33m1[39m,
  key: [33m1776869776043[39m,
  timestamp: [33m1776869775040[39m
}
[Graph3D] Creating simulation: [33m3[39m nodes
[Graph3D] createGraphSimulation called: { hasObjectManager: [33mtrue[39m, hasScene: [33mtrue[39m, nodeCount: [33m3[39m, linkCount: [33m1[39m }
[Graph3D] Clearing existing objects...
[Graph3D] Calling createSimulation...
[Graph3D] Simulation created, setting up event handlers...
[Graph3D] Data changed: {
  nodesLen: [33m3[39m,
  linksLen: [33m1[39m,
  key: [33m1776869776101[39m,
  timestamp: [33m1776869775098[39m
}
[Graph3D] Creating simulation: [33m3[39m nodes
[Graph3D] createGraphSimulation called: { hasObjectManager: [33mtrue[39m, hasScene: [33mtrue[39m, nodeCount: [33m3[39m, linkCount: [33m1[39m }
[Graph3D] Clearing existing objects...
[Graph3D] Calling createSimulation...
[Graph3D] Simulation created, setting up event handlers...
[Graph3D] Data changed: {
  nodesLen: [33m3[39m,
  linksLen: [33m1[39m,
  key: [33m1776869776155[39m,
  timestamp: [33m1776869775152[39m
}
[Graph3D] Creating simulation: [33m3[39m nodes
[Graph3D] createGraphSimulation called: { hasObjectManager: [33mtrue[39m, hasScene: [33mtrue[39m, nodeCount: [33m3[39m, linkCount: [33m1[39m }
[Graph3D] Clearing existing objects...
[Graph3D] Calling createSimulation...
[Graph3D] Simulation created, setting up event handlers...
[Graph3D] Data changed: {
  nodesLen: [33m3[39m,
  linksLen: [33m1[39m,
  key: [33m1776869776210[39m,
  timestamp: [33m1776869775207[39m
}
[Graph3D] Creating simulation: [33m3[39m nodes
[Graph3D] createGraphSimulation called: { hasObjectManager: [33mtrue[39m, hasScene: [33mtrue[39m, nodeCount: [33m3[39m, linkCount: [33m1[39m }
[Graph3D] Clearing existing objects...
[Graph3D] Calling createSimulation...
[Graph3D] Simulation created, setting up event handlers...
[Graph3D] Data changed: {
  nodesLen: [33m3[39m,
  linksLen: [33m1[39m,
  key: [33m1776869776263[39m,
  timestamp: [33m1776869775260[39m
}
[Graph3D] Creating simulation: [33m3[39m nodes
[Graph3D] createGraphSimulation called: { hasObjectManager: [33mtrue[39m, hasScene: [33mtrue[39m, nodeCount: [33m3[39m, linkCount: [33m1[39m }
[Graph3D] Clearing existing objects...
[Graph3D] Calling createSimulation...
[Graph3D] Simulation created, setting up event handlers...
[Graph3D] Data changed: {
  nodesLen: [33m3[39m,
  linksLen: [33m1[39m,
  key: [33m1776869776321[39m,
  timestamp: [33m1776869775318[39m
}
[Graph3D] Creating simulation: [33m3[39m nodes
[Graph3D] createGraphSimulation called: { hasObjectManager: [33mtrue[39m, hasScene: [33mtrue[39m, nodeCount: [33m3[39m, linkCount: [33m1[39m }
[Graph3D] Clearing existing objects...
[Graph3D] Calling createSimulation...
[Graph3D] Simulation created, setting up event handlers...
[Graph3D] Data changed: {
  nodesLen: [33m3[39m,
  linksLen: [33m1[39m,
  key: [33m1776869776379[39m,
  timestamp: [33m1776869775376[39m
}
[Graph3D] Creating simulation: [33m3[39m nodes
[Graph3D] createGraphSimulation called: { hasObjectManager: [33mtrue[39m, hasScene: [33mtrue[39m, nodeCount: [33m3[39m, linkCount: [33m1[39m }
[Graph3D] Clearing existing objects...
[Graph3D] Calling createSimulation...
[Graph3D] Simulation created, setting up event handlers...
[Graph3D] Data changed: {
  nodesLen: [33m3[39m,
  linksLen: [33m1[39m,
  key: [33m1776869776437[39m,
  timestamp: [33m1776869775434[39m
}
[Graph3D] Creating simulation: [33m3[39m nodes
[Graph3D] createGraphSimulation called: { hasObjectManager: [33mtrue[39m, hasScene: [33mtrue[39m, nodeCount: [33m3[39m, linkCount: [33m1[39m }
[Graph3D] Clearing existing objects...
[Graph3D] Calling createSimulation...
[Graph3D] Simulation created, setting up event handlers...
[Graph3D] Data changed: {
  nodesLen: [33m3[39m,
  linksLen: [33m1[39m,
  key: [33m1776869776495[39m,
  timestamp: [33m1776869775492[39m
}
[Graph3D] Creating simulation: [33m3[39m nodes
[Graph3D] createGraphSimulation called: { hasObjectManager: [33mtrue[39m, hasScene: [33mtrue[39m, nodeCount: [33m3[39m, linkCount: [33m1[39m }
[Graph3D] Clearing existing objects...
[Graph3D] Calling createSimulation...
[Graph3D] Simulation created, setting up event handlers...
[Graph3D] Data changed: {
  nodesLen: [33m3[39m,
  linksLen: [33m1[39m,
  key: [33m1776869776550[39m,
  timestamp: [33m1776869775547[39m
}
[Graph3D] Creating simulation: [33m3[39m nodes
[Graph3D] createGraphSimulation called: { hasObjectManager: [33mtrue[39m, hasScene: [33mtrue[39m, nodeCount: [33m3[39m, linkCount: [33m1[39m }
[Graph3D] Clearing existing objects...
[Graph3D] Calling createSimulation...
[Graph3D] Simulation created, setting up event handlers...
[Graph3D] Data changed: {
  nodesLen: [33m3[39m,
  linksLen: [33m1[39m,
  key: [33m1776869776614[39m,
  timestamp: [33m1776869775611[39m
}
[Graph3D] Creating simulation: [33m3[39m nodes
[Graph3D] createGraphSimulation called: { hasObjectManager: [33mtrue[39m, hasScene: [33mtrue[39m, nodeCount: [33m3[39m, linkCount: [33m1[39m }
[Graph3D] Clearing existing objects...
[Graph3D] Calling createSimulation...
[Graph3D] Simulation created, setting up event handlers...
[Graph3D] Data changed: {
  nodesLen: [33m3[39m,
  linksLen: [33m1[39m,
  key: [33m1776869776690[39m,
  timestamp: [33m1776869775687[39m
}
[Graph3D] Creating simulation: [33m3[39m nodes
[Graph3D] createGraphSimulation called: { hasObjectManager: [33mtrue[39m, hasScene: [33mtrue[39m, nodeCount: [33m3[39m, linkCount: [33m1[39m }
[Graph3D] Clearing existing objects...
[Graph3D] Calling createSimulation...
[Graph3D] Simulation created, setting up event handlers...
[Graph3D] Data changed: {
  nodesLen: [33m3[39m,
  linksLen: [33m1[39m,
  key: [33m1776869776749[39m,
  timestamp: [33m1776869775746[39m
}
[Graph3D] Creating simulation: [33m3[39m nodes
[Graph3D] createGraphSimulation called: { hasObjectManager: [33mtrue[39m, hasScene: [33mtrue[39m, nodeCount: [33m3[39m, linkCount: [33m1[39m }
[Graph3D] Clearing existing objects...
[Graph3D] Calling createSimulation...
[Graph3D] Simulation created, setting up event handlers...
[Graph3D] Data changed: {
  nodesLen: [33m3[39m,
  linksLen: [33m1[39m,
  key: [33m1776869776806[39m,
  timestamp: [33m1776869775803[39m
}
[Graph3D] Creating simulation: [33m3[39m nodes
[Graph3D] createGraphSimulation called: { hasObjectManager: [33mtrue[39m, hasScene: [33mtrue[39m, nodeCount: [33m3[39m, linkCount: [33m1[39m }
[Graph3D] Clearing existing objects...
[Graph3D] Calling createSimulation...
[Graph3D] Simulation created, setting up event handlers...
[Graph3D] Data changed: {
  nodesLen: [33m3[39m,
  linksLen: [33m1[39m,
  key: [33m1776869776866[39m,
  timestamp: [33m1776869775863[39m
}
[Graph3D] Creating simulation: [33m3[39m nodes
[Graph3D] createGraphSimulation called: { hasObjectManager: [33mtrue[39m, hasScene: [33mtrue[39m, nodeCount: [33m3[39m, linkCount: [33m1[39m }
[Graph3D] Clearing existing objects...
[Graph3D] Calling createSimulation...
[Graph3D] Simulation created, setting up event handlers...
[Graph3D] Data changed: {
  nodesLen: [33m3[39m,
  linksLen: [33m1[39m,
  key: [33m1776869776929[39m,
  timestamp: [33m1776869775926[39m
}
[Graph3D] Creating simulation: [33m3[39m nodes
[Graph3D] createGraphSimulation called: { hasObjectManager: [33mtrue[39m, hasScene: [33mtrue[39m, nodeCount: [33m3[39m, linkCount: [33m1[39m }
[Graph3D] Clearing existing objects...
[Graph3D] Calling createSimulation...
[Graph3D] Simulation created, setting up event handlers...
[Graph3D] Data changed: {
  nodesLen: [33m3[39m,
  linksLen: [33m1[39m,
  key: [33m1776869776987[39m,
  timestamp: [33m1776869775984[39m
}
[Graph3D] Creating simulation: [33m3[39m nodes
[Graph3D] createGraphSimulation called: { hasObjectManager: [33mtrue[39m, hasScene: [33mtrue[39m, nodeCount: [33m3[39m, linkCount: [33m1[39m }
[Graph3D] Clearing existing objects...
[Graph3D] Calling createSimulation...
[Graph3D] Simulation created, setting up event handlers...
[Graph3D] Data changed: {
  nodesLen: [33m3[39m,
  linksLen: [33m1[39m,
  key: [33m1776869777044[39m,
  timestamp: [33m1776869776041[39m
}
[Graph3D] Creating simulation: [33m3[39m nodes
[Graph3D] createGraphSimulation called: { hasObjectManager: [33mtrue[39m, hasScene: [33mtrue[39m, nodeCount: [33m3[39m, linkCount: [33m1[39m }
[Graph3D] Clearing existing objects...
[Graph3D] Calling createSimulation...
[Graph3D] Simulation created, setting up event handlers...
[Graph3D] Data changed: {
  nodesLen: [33m3[39m,
  linksLen: [33m1[39m,
  key: [33m1776869777100[39m,
  timestamp: [33m1776869776097[39m
}
[Graph3D] Creating simulation: [33m3[39m nodes
[Graph3D] createGraphSimulation called: { hasObjectManager: [33mtrue[39m, hasScene: [33mtrue[39m, nodeCount: [33m3[39m, linkCount: [33m1[39m }
[Graph3D] Clearing existing objects...
[Graph3D] Calling createSimulation...
[Graph3D] Simulation created, setting up event handlers...
[Graph3D] Data changed: {
  nodesLen: [33m3[39m,
  linksLen: [33m1[39m,
  key: [33m1776869777158[39m,
  timestamp: [33m1776869776155[39m
}
[Graph3D] Creating simulation: [33m3[39m nodes
[Graph3D] createGraphSimulation called: { hasObjectManager: [33mtrue[39m, hasScene: [33mtrue[39m, nodeCount: [33m3[39m, linkCount: [33m1[39m }
[Graph3D] Clearing existing objects...
[Graph3D] Calling createSimulation...
[Graph3D] Simulation created, setting up event handlers...
[Graph3D] Data changed: {
  nodesLen: [33m3[39m,
  linksLen: [33m1[39m,
  key: [33m1776869777223[39m,
  timestamp: [33m1776869776220[39m
}
[Graph3D] Creating simulation: [33m3[39m nodes
[Graph3D] createGraphSimulation called: { hasObjectManager: [33mtrue[39m, hasScene: [33mtrue[39m, nodeCount: [33m3[39m, linkCount: [33m1[39m }
[Graph3D] Clearing existing objects...
[Graph3D] Calling createSimulation...
[Graph3D] Simulation created, setting up event handlers...
[Graph3D] Data changed: {
  nodesLen: [33m3[39m,
  linksLen: [33m1[39m,
  key: [33m1776869777277[39m,
  timestamp: [33m1776869776274[39m
}
[Graph3D] Creating simulation: [33m3[39m nodes
[Graph3D] createGraphSimulation called: { hasObjectManager: [33mtrue[39m, hasScene: [33mtrue[39m, nodeCount: [33m3[39m, linkCount: [33m1[39m }
[Graph3D] Clearing existing objects...
[Graph3D] Calling createSimulation...
[Graph3D] Simulation created, setting up event handlers...
[Graph3D] Data changed: {
  nodesLen: [33m3[39m,
  linksLen: [33m1[39m,
  key: [33m1776869777334[39m,
  timestamp: [33m1776869776331[39m
}
[Graph3D] Creating simulation: [33m3[39m nodes
[Graph3D] createGraphSimulation called: { hasObjectManager: [33mtrue[39m, hasScene: [33mtrue[39m, nodeCount: [33m3[39m, linkCount: [33m1[39m }
[Graph3D] Clearing existing objects...
[Graph3D] Calling createSimulation...
[Graph3D] Simulation created, setting up event handlers...
[Graph3D] Data changed: {
  nodesLen: [33m3[39m,
  linksLen: [33m1[39m,
  key: [33m1776869777391[39m,
  timestamp: [33m1776869776388[39m
}
[Graph3D] Creating simulation: [33m3[39m nodes
[Graph3D] createGraphSimulation called: { hasObjectManager: [33mtrue[39m, hasScene: [33mtrue[39m, nodeCount: [33m3[39m, linkCount: [33m1[39m }
[Graph3D] Clearing existing objects...
[Graph3D] Calling createSimulation...
[Graph3D] Simulation created, setting up event handlers...
[Graph3D] Data changed: {
  nodesLen: [33m3[39m,
  linksLen: [33m1[39m,
  key: [33m1776869777449[39m,
  timestamp: [33m1776869776446[39m
}
[Graph3D] Creating simulation: [33m3[39m nodes
[Graph3D] createGraphSimulation called: { hasObjectManager: [33mtrue[39m, hasScene: [33mtrue[39m, nodeCount: [33m3[39m, linkCount: [33m1[39m }
[Graph3D] Clearing existing objects...
[Graph3D] Calling createSimulation...
[Graph3D] Simulation created, setting up event handlers...
[Graph3D] Data changed: {
  nodesLen: [33m3[39m,
  linksLen: [33m1[39m,
  key: [33m1776869777507[39m,
  timestamp: [33m1776869776504[39m
}
[Graph3D] Creating simulation: [33m3[39m nodes
[Graph3D] createGraphSimulation called: { hasObjectManager: [33mtrue[39m, hasScene: [33mtrue[39m, nodeCount: [33m3[39m, linkCount: [33m1[39m }
[Graph3D] Clearing existing objects...
[Graph3D] Calling createSimulation...
[Graph3D] Simulation created, setting up event handlers...
[Graph3D] Data changed: {
  nodesLen: [33m3[39m,
  linksLen: [33m1[39m,
  key: [33m1776869777561[39m,
  timestamp: [33m1776869776558[39m
}
[Graph3D] Creating simulation: [33m3[39m nodes
[Graph3D] createGraphSimulation called: { hasObjectManager: [33mtrue[39m, hasScene: [33mtrue[39m, nodeCount: [33m3[39m, linkCount: [33m1[39m }
[Graph3D] Clearing existing objects...
[Graph3D] Calling createSimulation...
[Graph3D] Simulation created, setting up event handlers...
[Graph3D] Data changed: {
  nodesLen: [33m3[39m,
  linksLen: [33m1[39m,
  key: [33m1776869777618[39m,
  timestamp: [33m1776869776615[39m
}
[Graph3D] Creating simulation: [33m3[39m nodes
[Graph3D] createGraphSimulation called: { hasObjectManager: [33mtrue[39m, hasScene: [33mtrue[39m, nodeCount: [33m3[39m, linkCount: [33m1[39m }
[Graph3D] Clearing existing objects...
[Graph3D] Calling createSimulation...
[Graph3D] Simulation created, setting up event handlers...
[Graph3D] Data changed: {
  nodesLen: [33m3[39m,
  linksLen: [33m1[39m,
  key: [33m1776869777676[39m,
  timestamp: [33m1776869776673[39m
}
[Graph3D] Creating simulation: [33m3[39m nodes
[Graph3D] createGraphSimulation called: { hasObjectManager: [33mtrue[39m, hasScene: [33mtrue[39m, nodeCount: [33m3[39m, linkCount: [33m1[39m }
[Graph3D] Clearing existing objects...
[Graph3D] Calling createSimulation...
[Graph3D] Simulation created, setting up event handlers...
[Graph3D] Data changed: {
  nodesLen: [33m3[39m,
  linksLen: [33m1[39m,
  key: [33m1776869777736[39m,
  timestamp: [33m1776869776733[39m
}
[Graph3D] Creating simulation: [33m3[39m nodes
[Graph3D] createGraphSimulation called: { hasObjectManager: [33mtrue[39m, hasScene: [33mtrue[39m, nodeCount: [33m3[39m, linkCount: [33m1[39m }
[Graph3D] Clearing existing objects...
[Graph3D] Calling createSimulation...
[Graph3D] Simulation created, setting up event handlers...
[Graph3D] Data changed: {
  nodesLen: [33m3[39m,
  linksLen: [33m1[39m,
  key: [33m1776869777796[39m,
  timestamp: [33m1776869776793[39m
}
[Graph3D] Creating simulation: [33m3[39m nodes
[Graph3D] createGraphSimulation called: { hasObjectManager: [33mtrue[39m, hasScene: [33mtrue[39m, nodeCount: [33m3[39m, linkCount: [33m1[39m }
[Graph3D] Clearing existing objects...
[Graph3D] Calling createSimulation...
[Graph3D] Simulation created, setting up event handlers...
[Graph3D] Data changed: {
  nodesLen: [33m3[39m,
  linksLen: [33m1[39m,
  key: [33m1776869777852[39m,
  timestamp: [33m1776869776849[39m
}
[Graph3D] Creating simulation: [33m3[39m nodes
[Graph3D] createGraphSimulation called: { hasObjectManager: [33mtrue[39m, hasScene: [33mtrue[39m, nodeCount: [33m3[39m, linkCount: [33m1[39m }
[Graph3D] Clearing existing objects...
[Graph3D] Calling createSimulation...
[Graph3D] Simulation created, setting up event handlers...
[Graph3D] Data changed: {
  nodesLen: [33m3[39m,
  linksLen: [33m1[39m,
  key: [33m1776869777909[39m,
  timestamp: [33m1776869776906[39m
}
[Graph3D] Creating simulation: [33m3[39m nodes
[Graph3D] createGraphSimulation called: { hasObjectManager: [33mtrue[39m, hasScene: [33mtrue[39m, nodeCount: [33m3[39m, linkCount: [33m1[39m }
[Graph3D] Clearing existing objects...
[Graph3D] Calling createSimulation...
[Graph3D] Simulation created, setting up event handlers...
[Graph3D] Data changed: {
  nodesLen: [33m3[39m,
  linksLen: [33m1[39m,
  key: [33m1776869777968[39m,
  timestamp: [33m1776869776965[39m
}
[Graph3D] Creating simulation: [33m3[39m nodes
[Graph3D] createGraphSimulation called: { hasObjectManager: [33mtrue[39m, hasScene: [33mtrue[39m, nodeCount: [33m3[39m, linkCount: [33m1[39m }
[Graph3D] Clearing existing objects...
[Graph3D] Calling createSimulation...
[Graph3D] Simulation created, setting up event handlers...
[Graph3D] Data changed: {
  nodesLen: [33m3[39m,
  linksLen: [33m1[39m,
  key: [33m1776869778028[39m,
  timestamp: [33m1776869777025[39m
}
[Graph3D] Creating simulation: [33m3[39m nodes
[Graph3D] createGraphSimulation called: { hasObjectManager: [33mtrue[39m, hasScene: [33mtrue[39m, nodeCount: [33m3[39m, linkCount: [33m1[39m }
[Graph3D] Clearing existing objects...
[Graph3D] Calling createSimulation...
[Graph3D] Simulation created, setting up event handlers...
[Graph3D] Data changed: {
  nodesLen: [33m3[39m,
  linksLen: [33m1[39m,
  key: [33m1776869778088[39m,
  timestamp: [33m1776869777085[39m
}
[Graph3D] Creating simulation: [33m3[39m nodes
[Graph3D] createGraphSimulation called: { hasObjectManager: [33mtrue[39m, hasScene: [33mtrue[39m, nodeCount: [33m3[39m, linkCount: [33m1[39m }
[Graph3D] Clearing existing objects...
[Graph3D] Calling createSimulation...
[Graph3D] Simulation created, setting up event handlers...
[Graph3D] Data changed: {
  nodesLen: [33m3[39m,
  linksLen: [33m1[39m,
  key: [33m1776869778146[39m,
  timestamp: [33m1776869777143[39m
}
[Graph3D] Creating simulation: [33m3[39m nodes
[Graph3D] createGraphSimulation called: { hasObjectManager: [33mtrue[39m, hasScene: [33mtrue[39m, nodeCount: [33m3[39m, linkCount: [33m1[39m }
[Graph3D] Clearing existing objects...
[Graph3D] Calling createSimulation...
[Graph3D] Simulation created, setting up event handlers...
[Graph3D] Data changed: {
  nodesLen: [33m3[39m,
  linksLen: [33m1[39m,
  key: [33m1776869778209[39m,
  timestamp: [33m1776869777206[39m
}
[Graph3D] Creating simulation: [33m3[39m nodes
[Graph3D] createGraphSimulation called: { hasObjectManager: [33mtrue[39m, hasScene: [33mtrue[39m, nodeCount: [33m3[39m, linkCount: [33m1[39m }
[Graph3D] Clearing existing objects...
[Graph3D] Calling createSimulation...
[Graph3D] Simulation created, setting up event handlers...
[Graph3D] Data changed: {
  nodesLen: [33m3[39m,
  linksLen: [33m1[39m,
  key: [33m1776869778266[39m,
  timestamp: [33m1776869777263[39m
}
[Graph3D] Creating simulation: [33m3[39m nodes
[Graph3D] createGraphSimulation called: { hasObjectManager: [33mtrue[39m, hasScene: [33mtrue[39m, nodeCount: [33m3[39m, linkCount: [33m1[39m }
[Graph3D] Clearing existing objects...
[Graph3D] Calling createSimulation...
[Graph3D] Simulation created, setting up event handlers...
[Graph3D] Data changed: {
  nodesLen: [33m3[39m,
  linksLen: [33m1[39m,
  key: [33m1776869778322[39m,
  timestamp: [33m1776869777319[39m
}
[Graph3D] Creating simulation: [33m3[39m nodes
[Graph3D] createGraphSimulation called: { hasObjectManager: [33mtrue[39m, hasScene: [33mtrue[39m, nodeCount: [33m3[39m, linkCount: [33m1[39m }
[Graph3D] Clearing existing objects...
[Graph3D] Calling createSimulation...
[Graph3D] Simulation created, setting up event handlers...
[Graph3D] Data changed: {
  nodesLen: [33m3[39m,
  linksLen: [33m1[39m,
  key: [33m1776869778385[39m,
  timestamp: [33m1776869777382[39m
}
[Graph3D] Creating simulation: [33m3[39m nodes
[Graph3D] createGraphSimulation called: { hasObjectManager: [33mtrue[39m, hasScene: [33mtrue[39m, nodeCount: [33m3[39m, linkCount: [33m1[39m }
[Graph3D] Clearing existing objects...
[Graph3D] Calling createSimulation...
[Graph3D] Simulation created, setting up event handlers...
[Graph3D] Data changed: {
  nodesLen: [33m3[39m,
  linksLen: [33m1[39m,
  key: [33m1776869778443[39m,
  timestamp: [33m1776869777440[39m
}
[Graph3D] Creating simulation: [33m3[39m nodes
[Graph3D] createGraphSimulation called: { hasObjectManager: [33mtrue[39m, hasScene: [33mtrue[39m, nodeCount: [33m3[39m, linkCount: [33m1[39m }
[Graph3D] Clearing existing objects...
[Graph3D] Calling createSimulation...
[Graph3D] Simulation created, setting up event handlers...
[Graph3D] Data changed: {
  nodesLen: [33m3[39m,
  linksLen: [33m1[39m,
  key: [33m1776869778499[39m,
  timestamp: [33m1776869777496[39m
}
[Graph3D] Creating simulation: [33m3[39m nodes
[Graph3D] createGraphSimulation called: { hasObjectManager: [33mtrue[39m, hasScene: [33mtrue[39m, nodeCount: [33m3[39m, linkCount: [33m1[39m }
[Graph3D] Clearing existing objects...
[Graph3D] Calling createSimulation...
[Graph3D] Simulation created, setting up event handlers...
[Graph3D] Data changed: {
  nodesLen: [33m3[39m,
  linksLen: [33m1[39m,
  key: [33m1776869778557[39m,
  timestamp: [33m1776869777554[39m
}
[Graph3D] Creating simulation: [33m3[39m nodes
[Graph3D] createGraphSimulation called: { hasObjectManager: [33mtrue[39m, hasScene: [33mtrue[39m, nodeCount: [33m3[39m, linkCount: [33m1[39m }
[Graph3D] Clearing existing objects...
[Graph3D] Calling createSimulation...
[Graph3D] Simulation created, setting up event handlers...
[Graph3D] Data changed: {
  nodesLen: [33m3[39m,
  linksLen: [33m1[39m,
  key: [33m1776869778614[39m,
  timestamp: [33m1776869777611[39m
}
[Graph3D] Creating simulation: [33m3[39m nodes
[Graph3D] createGraphSimulation called: { hasObjectManager: [33mtrue[39m, hasScene: [33mtrue[39m, nodeCount: [33m3[39m, linkCount: [33m1[39m }
[Graph3D] Clearing existing objects...
[Graph3D] Calling createSimulation...
[Graph3D] Simulation created, setting up event handlers...
[Graph3D] Data changed: {
  nodesLen: [33m3[39m,
  linksLen: [33m1[39m,
  key: [33m1776869778671[39m,
  timestamp: [33m1776869777668[39m
}
[Graph3D] Creating simulation: [33m3[39m nodes
[Graph3D] createGraphSimulation called: { hasObjectManager: [33mtrue[39m, hasScene: [33mtrue[39m, nodeCount: [33m3[39m, linkCount: [33m1[39m }
[Graph3D] Clearing existing objects...
[Graph3D] Calling createSimulation...
[Graph3D] Simulation created, setting up event handlers...
[Graph3D] Data changed: {
  nodesLen: [33m3[39m,
  linksLen: [33m1[39m,
  key: [33m1776869778730[39m,
  timestamp: [33m1776869777727[39m
}
[Graph3D] Creating simulation: [33m3[39m nodes
[Graph3D] createGraphSimulation called: { hasObjectManager: [33mtrue[39m, hasScene: [33mtrue[39m, nodeCount: [33m3[39m, linkCount: [33m1[39m }
[Graph3D] Clearing existing objects...
[Graph3D] Calling createSimulation...
[Graph3D] Simulation created, setting up event handlers...
[Graph3D] Data changed: {
  nodesLen: [33m3[39m,
  linksLen: [33m1[39m,
  key: [33m1776869778793[39m,
  timestamp: [33m1776869777790[39m
}
[Graph3D] Creating simulation: [33m3[39m nodes
[Graph3D] createGraphSimulation called: { hasObjectManager: [33mtrue[39m, hasScene: [33mtrue[39m, nodeCount: [33m3[39m, linkCount: [33m1[39m }
[Graph3D] Clearing existing objects...
[Graph3D] Calling createSimulation...
[Graph3D] Simulation created, setting up event handlers...
[Graph3D] Data changed: {
  nodesLen: [33m3[39m,
  linksLen: [33m1[39m,
  key: [33m1776869778851[39m,
  timestamp: [33m1776869777848[39m
}
[Graph3D] Creating simulation: [33m3[39m nodes
[Graph3D] createGraphSimulation called: { hasObjectManager: [33mtrue[39m, hasScene: [33mtrue[39m, nodeCount: [33m3[39m, linkCount: [33m1[39m }
[Graph3D] Clearing existing objects...
[Graph3D] Calling createSimulation...
[Graph3D] Simulation created, setting up event handlers...
[Graph3D] Data changed: {
  nodesLen: [33m3[39m,
  linksLen: [33m1[39m,
  key: [33m1776869778910[39m,
  timestamp: [33m1776869777907[39m
}
[Graph3D] Creating simulation: [33m3[39m nodes
[Graph3D] createGraphSimulation called: { hasObjectManager: [33mtrue[39m, hasScene: [33mtrue[39m, nodeCount: [33m3[39m, linkCount: [33m1[39m }
[Graph3D] Clearing existing objects...
[Graph3D] Calling createSimulation...
[Graph3D] Simulation created, setting up event handlers...
[Graph3D] Data changed: {
  nodesLen: [33m3[39m,
  linksLen: [33m1[39m,
  key: [33m1776869778970[39m,
  timestamp: [33m1776869777967[39m
}
[Graph3D] Creating simulation: [33m3[39m nodes
[Graph3D] createGraphSimulation called: { hasObjectManager: [33mtrue[39m, hasScene: [33mtrue[39m, nodeCount: [33m3[39m, linkCount: [33m1[39m }
[Graph3D] Clearing existing objects...
[Graph3D] Calling createSimulation...
[Graph3D] Simulation created, setting up event handlers...
[Graph3D] Data changed: {
  nodesLen: [33m3[39m,
  linksLen: [33m1[39m,
  key: [33m1776869779032[39m,
  timestamp: [33m1776869778029[39m
}
[Graph3D] Creating simulation: [33m3[39m nodes
[Graph3D] createGraphSimulation called: { hasObjectManager: [33mtrue[39m, hasScene: [33mtrue[39m, nodeCount: [33m3[39m, linkCount: [33m1[39m }
[Graph3D] Clearing existing objects...
[Graph3D] Calling createSimulation...
[Graph3D] Simulation created, setting up event handlers...
[Graph3D] Data changed: {
  nodesLen: [33m3[39m,
  linksLen: [33m1[39m,
  key: [33m1776869779089[39m,
  timestamp: [33m1776869778086[39m
}
[Graph3D] Creating simulation: [33m3[39m nodes
[Graph3D] createGraphSimulation called: { hasObjectManager: [33mtrue[39m, hasScene: [33mtrue[39m, nodeCount: [33m3[39m, linkCount: [33m1[39m }
[Graph3D] Clearing existing objects...
[Graph3D] Calling createSimulation...
[Graph3D] Simulation created, setting up event handlers...
[Graph3D] Data changed: {
  nodesLen: [33m3[39m,
  linksLen: [33m1[39m,
  key: [33m1776869779150[39m,
  timestamp: [33m1776869778147[39m
}
[Graph3D] Creating simulation: [33m3[39m nodes
[Graph3D] createGraphSimulation called: { hasObjectManager: [33mtrue[39m, hasScene: [33mtrue[39m, nodeCount: [33m3[39m, linkCount: [33m1[39m }
[Graph3D] Clearing existing objects...
[Graph3D] Calling createSimulation...
[Graph3D] Simulation created, setting up event handlers...
[Graph3D] Data changed: {
  nodesLen: [33m3[39m,
  linksLen: [33m1[39m,
  key: [33m1776869779211[39m,
  timestamp: [33m1776869778208[39m
}
[Graph3D] Creating simulation: [33m3[39m nodes
[Graph3D] createGraphSimulation called: { hasObjectManager: [33mtrue[39m, hasScene: [33mtrue[39m, nodeCount: [33m3[39m, linkCount: [33m1[39m }
[Graph3D] Clearing existing objects...
[Graph3D] Calling createSimulation...
[Graph3D] Simulation created, setting up event handlers...
[Graph3D] Data changed: {
  nodesLen: [33m3[39m,
  linksLen: [33m1[39m,
  key: [33m1776869779272[39m,
  timestamp: [33m1776869778269[39m
}
[Graph3D] Creating simulation: [33m3[39m nodes
[Graph3D] createGraphSimulation called: { hasObjectManager: [33mtrue[39m, hasScene: [33mtrue[39m, nodeCount: [33m3[39m, linkCount: [33m1[39m }
[Graph3D] Clearing existing objects...
[Graph3D] Calling createSimulation...
[Graph3D] Simulation created, setting up event handlers...
[Graph3D] Data changed: {
  nodesLen: [33m3[39m,
  linksLen: [33m1[39m,
  key: [33m1776869779338[39m,
  timestamp: [33m1776869778335[39m
}
[Graph3D] Creating simulation: [33m3[39m nodes
[Graph3D] createGraphSimulation called: { hasObjectManager: [33mtrue[39m, hasScene: [33mtrue[39m, nodeCount: [33m3[39m, linkCount: [33m1[39m }
[Graph3D] Clearing existing objects...
[Graph3D] Calling createSimulation...
[Graph3D] Simulation created, setting up event handlers...
[Graph3D] Data changed: {
  nodesLen: [33m3[39m,
  linksLen: [33m1[39m,
  key: [33m1776869779401[39m,
  timestamp: [33m1776869778398[39m
}
[Graph3D] Creating simulation: [33m3[39m nodes
[Graph3D] createGraphSimulation called: { hasObjectManager: [33mtrue[39m, hasScene: [33mtrue[39m, nodeCount: [33m3[39m, linkCount: [33m1[39m }
[Graph3D] Clearing existing objects...
[Graph3D] Calling createSimulation...
[Graph3D] Simulation created, setting up event handlers...
[Graph3D] Data changed: {
  nodesLen: [33m3[39m,
  linksLen: [33m1[39m,
  key: [33m1776869779463[39m,
  timestamp: [33m1776869778460[39m
}
[Graph3D] Creating simulation: [33m3[39m nodes
[Graph3D] createGraphSimulation called: { hasObjectManager: [33mtrue[39m, hasScene: [33mtrue[39m, nodeCount: [33m3[39m, linkCount: [33m1[39m }
[Graph3D] Clearing existing objects...
[Graph3D] Calling createSimulation...
[Graph3D] Simulation created, setting up event handlers...
[Graph3D] Data changed: {
  nodesLen: [33m3[39m,
  linksLen: [33m1[39m,
  key: [33m1776869779523[39m,
  timestamp: [33m1776869778520[39m
}
[Graph3D] Creating simulation: [33m3[39m nodes
[Graph3D] createGraphSimulation called: { hasObjectManager: [33mtrue[39m, hasScene: [33mtrue[39m, nodeCount: [33m3[39m, linkCount: [33m1[39m }
[Graph3D] Clearing existing objects...
[Graph3D] Calling createSimulation...
[Graph3D] Simulation created, setting up event handlers...
[Graph3D] Data changed: {
  nodesLen: [33m3[39m,
  linksLen: [33m1[39m,
  key: [33m1776869779585[39m,
  timestamp: [33m1776869778582[39m
}
[Graph3D] Creating simulation: [33m3[39m nodes
[Graph3D] createGraphSimulation called: { hasObjectManager: [33mtrue[39m, hasScene: [33mtrue[39m, nodeCount: [33m3[39m, linkCount: [33m1[39m }
[Graph3D] Clearing existing objects...
[Graph3D] Calling createSimulation...
[Graph3D] Simulation created, setting up event handlers...
[Graph3D] Data changed: {
  nodesLen: [33m3[39m,
  linksLen: [33m1[39m,
  key: [33m1776869779644[39m,
  timestamp: [33m1776869778641[39m
}
[Graph3D] Creating simulation: [33m3[39m nodes
[Graph3D] createGraphSimulation called: { hasObjectManager: [33mtrue[39m, hasScene: [33mtrue[39m, nodeCount: [33m3[39m, linkCount: [33m1[39m }
[Graph3D] Clearing existing objects...
[Graph3D] Calling createSimulation...
[Graph3D] Simulation created, setting up event handlers...
[Graph3D] Data changed: {
  nodesLen: [33m3[39m,
  linksLen: [33m1[39m,
  key: [33m1776869779705[39m,
  timestamp: [33m1776869778702[39m
}
[Graph3D] Creating simulation: [33m3[39m nodes
[Graph3D] createGraphSimulation called: { hasObjectManager: [33mtrue[39m, hasScene: [33mtrue[39m, nodeCount: [33m3[39m, linkCount: [33m1[39m }
[Graph3D] Clearing existing objects...
[Graph3D] Calling createSimulation...
[Graph3D] Simulation created, setting up event handlers...
[Graph3D] Data changed: {
  nodesLen: [33m3[39m,
  linksLen: [33m1[39m,
  key: [33m1776869779764[39m,
  timestamp: [33m1776869778761[39m
}
[Graph3D] Creating simulation: [33m3[39m nodes
[Graph3D] createGraphSimulation called: { hasObjectManager: [33mtrue[39m, hasScene: [33mtrue[39m, nodeCount: [33m3[39m, linkCount: [33m1[39m }
[Graph3D] Clearing existing objects...
[Graph3D] Calling createSimulation...
[Graph3D] Simulation created, setting up event handlers...
[Graph3D] Data changed: {
  nodesLen: [33m3[39m,
  linksLen: [33m1[39m,
  key: [33m1776869779822[39m,
  timestamp: [33m1776869778819[39m
}
[Graph3D] Creating simulation: [33m3[39m nodes
[Graph3D] createGraphSimulation called: { hasObjectManager: [33mtrue[39m, hasScene: [33mtrue[39m, nodeCount: [33m3[39m, linkCount: [33m1[39m }
[Graph3D] Clearing existing objects...
[Graph3D] Calling createSimulation...
[Graph3D] Simulation created, setting up event handlers...
[Graph3D] Data changed: {
  nodesLen: [33m3[39m,
  linksLen: [33m1[39m,
  key: [33m1776869779882[39m,
  timestamp: [33m1776869778879[39m
}
[Graph3D] Creating simulation: [33m3[39m nodes
[Graph3D] createGraphSimulation called: { hasObjectManager: [33mtrue[39m, hasScene: [33mtrue[39m, nodeCount: [33m3[39m, linkCount: [33m1[39m }
[Graph3D] Clearing existing objects...
[Graph3D] Calling createSimulation...
[Graph3D] Simulation created, setting up event handlers...
[Graph3D] Data changed: {
  nodesLen: [33m3[39m,
  linksLen: [33m1[39m,
  key: [33m1776869779942[39m,
  timestamp: [33m1776869778939[39m
}
[Graph3D] Creating simulation: [33m3[39m nodes
[Graph3D] createGraphSimulation called: { hasObjectManager: [33mtrue[39m, hasScene: [33mtrue[39m, nodeCount: [33m3[39m, linkCount: [33m1[39m }
[Graph3D] Clearing existing objects...
[Graph3D] Calling createSimulation...
[Graph3D] Simulation created, setting up event handlers...
[Graph3D] Data changed: {
  nodesLen: [33m3[39m,
  linksLen: [33m1[39m,
  key: [33m1776869780002[39m,
  timestamp: [33m1776869778999[39m
}
[Graph3D] Creating simulation: [33m3[39m nodes
[Graph3D] createGraphSimulation called: { hasObjectManager: [33mtrue[39m, hasScene: [33mtrue[39m, nodeCount: [33m3[39m, linkCount: [33m1[39m }
[Graph3D] Clearing existing objects...
[Graph3D] Calling createSimulation...
[Graph3D] Simulation created, setting up event handlers...
[Graph3D] Data changed: {
  nodesLen: [33m3[39m,
  linksLen: [33m1[39m,
  key: [33m1776869780059[39m,
  timestamp: [33m1776869779056[39m
}
[Graph3D] Creating simulation: [33m3[39m nodes
[Graph3D] createGraphSimulation called: { hasObjectManager: [33mtrue[39m, hasScene: [33mtrue[39m, nodeCount: [33m3[39m, linkCount: [33m1[39m }
[Graph3D] Clearing existing objects...
[Graph3D] Calling createSimulation...
[Graph3D] Simulation created, setting up event handlers...
[Graph3D] Data changed: {
  nodesLen: [33m3[39m,
  linksLen: [33m1[39m,
  key: [33m1776869780120[39m,
  timestamp: [33m1776869779117[39m
}
[Graph3D] Creating simulation: [33m3[39m nodes
[Graph3D] createGraphSimulation called: { hasObjectManager: [33mtrue[39m, hasScene: [33mtrue[39m, nodeCount: [33m3[39m, linkCount: [33m1[39m }
[Graph3D] Clearing existing objects...
[Graph3D] Calling createSimulation...
[Graph3D] Simulation created, setting up event handlers...
[Graph3D] Data changed: {
  nodesLen: [33m3[39m,
  linksLen: [33m1[39m,
  key: [33m1776869780180[39m,
  timestamp: [33m1776869779177[39m
}
[Graph3D] Creating simulation: [33m3[39m nodes
[Graph3D] createGraphSimulation called: { hasObjectManager: [33mtrue[39m, hasScene: [33mtrue[39m, nodeCount: [33m3[39m, linkCount: [33m1[39m }
[Graph3D] Clearing existing objects...
[Graph3D] Calling createSimulation...
[Graph3D] Simulation created, setting up event handlers...
[Graph3D] Data changed: {
  nodesLen: [33m3[39m,
  linksLen: [33m1[39m,
  key: [33m1776869780241[39m,
  timestamp: [33m1776869779238[39m
}
[Graph3D] Creating simulation: [33m3[39m nodes
[Graph3D] createGraphSimulation called: { hasObjectManager: [33mtrue[39m, hasScene: [33mtrue[39m, nodeCount: [33m3[39m, linkCount: [33m1[39m }
[Graph3D] Clearing existing objects...
[Graph3D] Calling createSimulation...
[Graph3D] Simulation created, setting up event handlers...
[Graph3D] Data changed: {
  nodesLen: [33m3[39m,
  linksLen: [33m1[39m,
  key: [33m1776869780307[39m,
  timestamp: [33m1776869779304[39m
}
[Graph3D] Creating simulation: [33m3[39m nodes
[Graph3D] createGraphSimulation called: { hasObjectManager: [33mtrue[39m, hasScene: [33mtrue[39m, nodeCount: [33m3[39m, linkCount: [33m1[39m }
[Graph3D] Clearing existing objects...
[Graph3D] Calling createSimulation...
[Graph3D] Simulation created, setting up event handlers...
[Graph3D] Data changed: {
  nodesLen: [33m3[39m,
  linksLen: [33m1[39m,
  key: [33m1776869780369[39m,
  timestamp: [33m1776869779366[39m
}
[Graph3D] Creating simulation: [33m3[39m nodes
[Graph3D] createGraphSimulation called: { hasObjectManager: [33mtrue[39m, hasScene: [33mtrue[39m, nodeCount: [33m3[39m, linkCount: [33m1[39m }
[Graph3D] Clearing existing objects...
[Graph3D] Calling createSimulation...
[Graph3D] Simulation created, setting up event handlers...
[Graph3D] Data changed: {
  nodesLen: [33m3[39m,
  linksLen: [33m1[39m,
  key: [33m1776869780446[39m,
  timestamp: [33m1776869779443[39m
}
[Graph3D] Creating simulation: [33m3[39m nodes
[Graph3D] createGraphSimulation called: { hasObjectManager: [33mtrue[39m, hasScene: [33mtrue[39m, nodeCount: [33m3[39m, linkCount: [33m1[39m }
[Graph3D] Clearing existing objects...
[Graph3D] Calling createSimulation...
[Graph3D] Simulation created, setting up event handlers...
[Graph3D] Data changed: {
  nodesLen: [33m3[39m,
  linksLen: [33m1[39m,
  key: [33m1776869780513[39m,
  timestamp: [33m1776869779510[39m
}
[Graph3D] Creating simulation: [33m3[39m nodes
[Graph3D] createGraphSimulation called: { hasObjectManager: [33mtrue[39m, hasScene: [33mtrue[39m, nodeCount: [33m3[39m, linkCount: [33m1[39m }
[Graph3D] Clearing existing objects...
[Graph3D] Calling createSimulation...
[Graph3D] Simulation created, setting up event handlers...
[Graph3D] Data changed: {
  nodesLen: [33m3[39m,
  linksLen: [33m1[39m,
  key: [33m1776869780577[39m,
  timestamp: [33m1776869779574[39m
}
[Graph3D] Creating simulation: [33m3[39m nodes
[Graph3D] createGraphSimulation called: { hasObjectManager: [33mtrue[39m, hasScene: [33mtrue[39m, nodeCount: [33m3[39m, linkCount: [33m1[39m }
[Graph3D] Clearing existing objects...
[Graph3D] Calling createSimulation...
[Graph3D] Simulation created, setting up event handlers...
[Graph3D] Data changed: {
  nodesLen: [33m3[39m,
  linksLen: [33m1[39m,
  key: [33m1776869780645[39m,
  timestamp: [33m1776869779642[39m
}
[Graph3D] Creating simulation: [33m3[39m nodes
[Graph3D] createGraphSimulation called: { hasObjectManager: [33mtrue[39m, hasScene: [33mtrue[39m, nodeCount: [33m3[39m, linkCount: [33m1[39m }
[Graph3D] Clearing existing objects...
[Graph3D] Calling createSimulation...
[Graph3D] Simulation created, setting up event handlers...
[Graph3D] Data changed: {
  nodesLen: [33m3[39m,
  linksLen: [33m1[39m,
  key: [33m1776869780716[39m,
  timestamp: [33m1776869779713[39m
}
[Graph3D] Creating simulation: [33m3[39m nodes
[Graph3D] createGraphSimulation called: { hasObjectManager: [33mtrue[39m, hasScene: [33mtrue[39m, nodeCount: [33m3[39m, linkCount: [33m1[39m }
[Graph3D] Clearing existing objects...
[Graph3D] Calling createSimulation...
[Graph3D] Simulation created, setting up event handlers...
[Graph3D] Data changed: {
  nodesLen: [33m3[39m,
  linksLen: [33m1[39m,
  key: [33m1776869780782[39m,
  timestamp: [33m1776869779779[39m
}
[Graph3D] Creating simulation: [33m3[39m nodes
[Graph3D] createGraphSimulation called: { hasObjectManager: [33mtrue[39m, hasScene: [33mtrue[39m, nodeCount: [33m3[39m, linkCount: [33m1[39m }
[Graph3D] Clearing existing objects...
[Graph3D] Calling createSimulation...
[Graph3D] Simulation created, setting up event handlers...
[Graph3D] Data changed: {
  nodesLen: [33m3[39m,
  linksLen: [33m1[39m,
  key: [33m1776869780847[39m,
  timestamp: [33m1776869779844[39m
}
[Graph3D] Creating simulation: [33m3[39m nodes
[Graph3D] createGraphSimulation called: { hasObjectManager: [33mtrue[39m, hasScene: [33mtrue[39m, nodeCount: [33m3[39m, linkCount: [33m1[39m }
[Graph3D] Clearing existing objects...
[Graph3D] Calling createSimulation...
[Graph3D] Simulation created, setting up event handlers...
[Graph3D] Data changed: {
  nodesLen: [33m3[39m,
  linksLen: [33m1[39m,
  key: [33m1776869780912[39m,
  timestamp: [33m1776869779909[39m
}
[Graph3D] Creating simulation: [33m3[39m nodes
[Graph3D] createGraphSimulation called: { hasObjectManager: [33mtrue[39m, hasScene: [33mtrue[39m, nodeCount: [33m3[39m, linkCount: [33m1[39m }
[Graph3D] Clearing existing objects...
[Graph3D] Calling createSimulation...
[Graph3D] Simulation created, setting up event handlers...
[Graph3D] Data changed: {
  nodesLen: [33m3[39m,
  linksLen: [33m1[39m,
  key: [33m1776869780972[39m,
  timestamp: [33m1776869779969[39m
}
[Graph3D] Creating simulation: [33m3[39m nodes
[Graph3D] createGraphSimulation called: { hasObjectManager: [33mtrue[39m, hasScene: [33mtrue[39m, nodeCount: [33m3[39m, linkCount: [33m1[39m }
[Graph3D] Clearing existing objects...
[Graph3D] Calling createSimulation...
[Graph3D] Simulation created, setting up event handlers...
[Graph3D] Data changed: {
  nodesLen: [33m3[39m,
  linksLen: [33m1[39m,
  key: [33m1776869781043[39m,
  timestamp: [33m1776869780040[39m
}
[Graph3D] Creating simulation: [33m3[39m nodes
[Graph3D] createGraphSimulation called: { hasObjectManager: [33mtrue[39m, hasScene: [33mtrue[39m, nodeCount: [33m3[39m, linkCount: [33m1[39m }
[Graph3D] Clearing existing objects...
[Graph3D] Calling createSimulation...
[Graph3D] Simulation created, setting up event handlers...
[Graph3D] Data changed: {
  nodesLen: [33m3[39m,
  linksLen: [33m1[39m,
  key: [33m1776869781118[39m,
  timestamp: [33m1776869780115[39m
}
[Graph3D] Creating simulation: [33m3[39m nodes
[Graph3D] createGraphSimulation called: { hasObjectManager: [33mtrue[39m, hasScene: [33mtrue[39m, nodeCount: [33m3[39m, linkCount: [33m1[39m }
[Graph3D] Clearing existing objects...
[Graph3D] Calling createSimulation...
[Graph3D] Simulation created, setting up event handlers...
[Graph3D] Data changed: {
  nodesLen: [33m3[39m,
  linksLen: [33m1[39m,
  key: [33m1776869781185[39m,
  timestamp: [33m1776869780182[39m
}
[Graph3D] Creating simulation: [33m3[39m nodes
[Graph3D] createGraphSimulation called: { hasObjectManager: [33mtrue[39m, hasScene: [33mtrue[39m, nodeCount: [33m3[39m, linkCount: [33m1[39m }
[Graph3D] Clearing existing objects...
[Graph3D] Calling createSimulation...
[Graph3D] Simulation created, setting up event handlers...
[Graph3D] Data changed: {
  nodesLen: [33m3[39m,
  linksLen: [33m1[39m,
  key: [33m1776869781250[39m,
  timestamp: [33m1776869780247[39m
}
[Graph3D] Creating simulation: [33m3[39m nodes
[Graph3D] createGraphSimulation called: { hasObjectManager: [33mtrue[39m, hasScene: [33mtrue[39m, nodeCount: [33m3[39m, linkCount: [33m1[39m }
[Graph3D] Clearing existing objects...
[Graph3D] Calling createSimulation...
[Graph3D] Simulation created, setting up event handlers...
[Graph3D] Data changed: {
  nodesLen: [33m3[39m,
  linksLen: [33m1[39m,
  key: [33m1776869781317[39m,
  timestamp: [33m1776869780314[39m
}
[Graph3D] Creating simulation: [33m3[39m nodes
[Graph3D] createGraphSimulation called: { hasObjectManager: [33mtrue[39m, hasScene: [33mtrue[39m, nodeCount: [33m3[39m, linkCount: [33m1[39m }
[Graph3D] Clearing existing objects...
[Graph3D] Calling createSimulation...
[Graph3D] Simulation created, setting up event handlers...
[Graph3D] Data changed: {
  nodesLen: [33m3[39m,
  linksLen: [33m1[39m,
  key: [33m1776869781384[39m,
  timestamp: [33m1776869780381[39m
}
[Graph3D] Creating simulation: [33m3[39m nodes
[Graph3D] createGraphSimulation called: { hasObjectManager: [33mtrue[39m, hasScene: [33mtrue[39m, nodeCount: [33m3[39m, linkCount: [33m1[39m }
[Graph3D] Clearing existing objects...
[Graph3D] Calling createSimulation...
[Graph3D] Simulation created, setting up event handlers...
[Graph3D] Data changed: {
  nodesLen: [33m3[39m,
  linksLen: [33m1[39m,
  key: [33m1776869781448[39m,
  timestamp: [33m1776869780445[39m
}
[Graph3D] Creating simulation: [33m3[39m nodes
[Graph3D] createGraphSimulation called: { hasObjectManager: [33mtrue[39m, hasScene: [33mtrue[39m, nodeCount: [33m3[39m, linkCount: [33m1[39m }
[Graph3D] Clearing existing objects...
[Graph3D] Calling createSimulation...
[Graph3D] Simulation created, setting up event handlers...
[Graph3D] Data changed: {
  nodesLen: [33m3[39m,
  linksLen: [33m1[39m,
  key: [33m1776869781528[39m,
  timestamp: [33m1776869780525[39m
}
[Graph3D] Creating simulation: [33m3[39m nodes
[Graph3D] createGraphSimulation called: { hasObjectManager: [33mtrue[39m, hasScene: [33mtrue[39m, nodeCount: [33m3[39m, linkCount: [33m1[39m }
[Graph3D] Clearing existing objects...
[Graph3D] Calling createSimulation...
[Graph3D] Simulation created, setting up event handlers...
[Graph3D] Data changed: {
  nodesLen: [33m3[39m,
  linksLen: [33m1[39m,
  key: [33m1776869781602[39m,
  timestamp: [33m1776869780599[39m
}
[Graph3D] Creating simulation: [33m3[39m nodes
[Graph3D] createGraphSimulation called: { hasObjectManager: [33mtrue[39m, hasScene: [33mtrue[39m, nodeCount: [33m3[39m, linkCount: [33m1[39m }
[Graph3D] Clearing existing objects...
[Graph3D] Calling createSimulation...
[Graph3D] Simulation created, setting up event handlers...
[Graph3D] Data changed: {
  nodesLen: [33m3[39m,
  linksLen: [33m1[39m,
  key: [33m1776869781678[39m,
  timestamp: [33m1776869780675[39m
}
[Graph3D] Creating simulation: [33m3[39m nodes
[Graph3D] createGraphSimulation called: { hasObjectManager: [33mtrue[39m, hasScene: [33mtrue[39m, nodeCount: [33m3[39m, linkCount: [33m1[39m }
[Graph3D] Clearing existing objects...
[Graph3D] Calling createSimulation...
[Graph3D] Simulation created, setting up event handlers...
[Graph3D] Data changed: {
  nodesLen: [33m3[39m,
  linksLen: [33m1[39m,
  key: [33m1776869781758[39m,
  timestamp: [33m1776869780755[39m
}
[Graph3D] Creating simulation: [33m3[39m nodes
[Graph3D] createGraphSimulation called: { hasObjectManager: [33mtrue[39m, hasScene: [33mtrue[39m, nodeCount: [33m3[39m, linkCount: [33m1[39m }
[Graph3D] Clearing existing objects...
[Graph3D] Calling createSimulation...
[Graph3D] Simulation created, setting up event handlers...
[Graph3D] Data changed: {
  nodesLen: [33m3[39m,
  linksLen: [33m1[39m,
  key: [33m1776869781867[39m,
  timestamp: [33m1776869780864[39m
}
[Graph3D] Creating simulation: [33m3[39m nodes
[Graph3D] createGraphSimulation called: { hasObjectManager: [33mtrue[39m, hasScene: [33mtrue[39m, nodeCount: [33m3[39m, linkCount: [33m1[39m }
[Graph3D] Clearing existing objects...
[Graph3D] Calling createSimulation...
[Graph3D] Simulation created, setting up event handlers...
[Graph3D] Data changed: {
  nodesLen: [33m3[39m,
  linksLen: [33m1[39m,
  key: [33m1776869781940[39m,
  timestamp: [33m1776869780937[39m
}
[Graph3D] Creating simulation: [33m3[39m nodes
[Graph3D] createGraphSimulation called: { hasObjectManager: [33mtrue[39m, hasScene: [33mtrue[39m, nodeCount: [33m3[39m, linkCount: [33m1[39m }
[Graph3D] Clearing existing objects...
[Graph3D] Calling createSimulation...
[Graph3D] Simulation created, setting up event handlers...
[Graph3D] Data changed: {
  nodesLen: [33m3[39m,
  linksLen: [33m1[39m,
  key: [33m1776869782014[39m,
  timestamp: [33m1776869781011[39m
}
[Graph3D] Creating simulation: [33m3[39m nodes
[Graph3D] createGraphSimulation called: { hasObjectManager: [33mtrue[39m, hasScene: [33mtrue[39m, nodeCount: [33m3[39m, linkCount: [33m1[39m }
[Graph3D] Clearing existing objects...
[Graph3D] Calling createSimulation...
[Graph3D] Simulation created, setting up event handlers...
[Graph3D] Data changed: {
  nodesLen: [33m3[39m,
  linksLen: [33m1[39m,
  key: [33m1776869782089[39m,
  timestamp: [33m1776869781086[39m
}
[Graph3D] Creating simulation: [33m3[39m nodes
[Graph3D] createGraphSimulation called: { hasObjectManager: [33mtrue[39m, hasScene: [33mtrue[39m, nodeCount: [33m3[39m, linkCount: [33m1[39m }
[Graph3D] Clearing existing objects...
[Graph3D] Calling createSimulation...
[Graph3D] Simulation created, setting up event handlers...
[Graph3D] Data changed: {
  nodesLen: [33m3[39m,
  linksLen: [33m1[39m,
  key: [33m1776869782165[39m,
  timestamp: [33m1776869781162[39m
}
[Graph3D] Creating simulation: [33m3[39m nodes
[Graph3D] createGraphSimulation called: { hasObjectManager: [33mtrue[39m, hasScene: [33mtrue[39m, nodeCount: [33m3[39m, linkCount: [33m1[39m }
[Graph3D] Clearing existing objects...
[Graph3D] Calling createSimulation...
[Graph3D] Simulation created, setting up event handlers...
[Graph3D] Data changed: {
  nodesLen: [33m3[39m,
  linksLen: [33m1[39m,
  key: [33m1776869782240[39m,
  timestamp: [33m1776869781237[39m
}
[Graph3D] Creating simulation: [33m3[39m nodes
[Graph3D] createGraphSimulation called: { hasObjectManager: [33mtrue[39m, hasScene: [33mtrue[39m, nodeCount: [33m3[39m, linkCount: [33m1[39m }
[Graph3D] Clearing existing objects...
[Graph3D] Calling createSimulation...
[Graph3D] Simulation created, setting up event handlers...
[Graph3D] Data changed: {
  nodesLen: [33m3[39m,
  linksLen: [33m1[39m,
  key: [33m1776869782311[39m,
  timestamp: [33m1776869781308[39m
}
[Graph3D] Creating simulation: [33m3[39m nodes
[Graph3D] createGraphSimulation called: { hasObjectManager: [33mtrue[39m, hasScene: [33mtrue[39m, nodeCount: [33m3[39m, linkCount: [33m1[39m }
[Graph3D] Clearing existing objects...
[Graph3D] Calling createSimulation...
[Graph3D] Simulation created, setting up event handlers...
[Graph3D] Data changed: {
  nodesLen: [33m3[39m,
  linksLen: [33m1[39m,
  key: [33m1776869782391[39m,
  timestamp: [33m1776869781388[39m
}
[Graph3D] Creating simulation: [33m3[39m nodes
[Graph3D] createGraphSimulation called: { hasObjectManager: [33mtrue[39m, hasScene: [33mtrue[39m, nodeCount: [33m3[39m, linkCount: [33m1[39m }
[Graph3D] Clearing existing objects...
[Graph3D] Calling createSimulation...
[Graph3D] Simulation created, setting up event handlers...
[Graph3D] Data changed: {
  nodesLen: [33m3[39m,
  linksLen: [33m1[39m,
  key: [33m1776869782470[39m,
  timestamp: [33m1776869781467[39m
}
[Graph3D] Creating simulation: [33m3[39m nodes
[Graph3D] createGraphSimulation called: { hasObjectManager: [33mtrue[39m, hasScene: [33mtrue[39m, nodeCount: [33m3[39m, linkCount: [33m1[39m }
[Graph3D] Clearing existing objects...
[Graph3D] Calling createSimulation...
[Graph3D] Simulation created, setting up event handlers...
[Graph3D] Data changed: {
  nodesLen: [33m3[39m,
  linksLen: [33m1[39m,
  key: [33m1776869782551[39m,
  timestamp: [33m1776869781548[39m
}
[Graph3D] Creating simulation: [33m3[39m nodes
[Graph3D] createGraphSimulation called: { hasObjectManager: [33mtrue[39m, hasScene: [33mtrue[39m, nodeCount: [33m3[39m, linkCount: [33m1[39m }
[Graph3D] Clearing existing objects...
[Graph3D] Calling createSimulation...
[Graph3D] Simulation created, setting up event handlers...
[Graph3D] Data changed: {
  nodesLen: [33m3[39m,
  linksLen: [33m1[39m,
  key: [33m1776869782629[39m,
  timestamp: [33m1776869781626[39m
}
[Graph3D] Creating simulation: [33m3[39m nodes
[Graph3D] createGraphSimulation called: { hasObjectManager: [33mtrue[39m, hasScene: [33mtrue[39m, nodeCount: [33m3[39m, linkCount: [33m1[39m }
[Graph3D] Clearing existing objects...
[Graph3D] Calling createSimulation...
[Graph3D] Simulation created, setting up event handlers...
[Graph3D] Data changed: {
  nodesLen: [33m3[39m,
  linksLen: [33m1[39m,
  key: [33m1776869782699[39m,
  timestamp: [33m1776869781696[39m
}
[Graph3D] Creating simulation: [33m3[39m nodes
[Graph3D] createGraphSimulation called: { hasObjectManager: [33mtrue[39m, hasScene: [33mtrue[39m, nodeCount: [33m3[39m, linkCount: [33m1[39m }
[Graph3D] Clearing existing objects...
[Graph3D] Calling createSimulation...
[Graph3D] Simulation created, setting up event handlers...
[Graph3D] Data changed: {
  nodesLen: [33m3[39m,
  linksLen: [33m1[39m,
  key: [33m1776869782771[39m,
  timestamp: [33m1776869781768[39m
}
[Graph3D] Creating simulation: [33m3[39m nodes
[Graph3D] createGraphSimulation called: { hasObjectManager: [33mtrue[39m, hasScene: [33mtrue[39m, nodeCount: [33m3[39m, linkCount: [33m1[39m }
[Graph3D] Clearing existing objects...
[Graph3D] Calling createSimulation...
[Graph3D] Simulation created, setting up event handlers...
[Graph3D] Data changed: {
  nodesLen: [33m3[39m,
  linksLen: [33m1[39m,
  key: [33m1776869782845[39m,
  timestamp: [33m1776869781842[39m
}
[Graph3D] Creating simulation: [33m3[39m nodes
[Graph3D] createGraphSimulation called: { hasObjectManager: [33mtrue[39m, hasScene: [33mtrue[39m, nodeCount: [33m3[39m, linkCount: [33m1[39m }
[Graph3D] Clearing existing objects...
[Graph3D] Calling createSimulation...
[Graph3D] Simulation created, setting up event handlers...
[Graph3D] Data changed: {
  nodesLen: [33m3[39m,
  linksLen: [33m1[39m,
  key: [33m1776869782922[39m,
  timestamp: [33m1776869781919[39m
}
[Graph3D] Creating simulation: [33m3[39m nodes
[Graph3D] createGraphSimulation called: { hasObjectManager: [33mtrue[39m, hasScene: [33mtrue[39m, nodeCount: [33m3[39m, linkCount: [33m1[39m }
[Graph3D] Clearing existing objects...
[Graph3D] Calling createSimulation...
[Graph3D] Simulation created, setting up event handlers...
[Graph3D] Data changed: {
  nodesLen: [33m3[39m,
  linksLen: [33m1[39m,
  key: [33m1776869782997[39m,
  timestamp: [33m1776869781994[39m
}
[Graph3D] Creating simulation: [33m3[39m nodes
[Graph3D] createGraphSimulation called: { hasObjectManager: [33mtrue[39m, hasScene: [33mtrue[39m, nodeCount: [33m3[39m, linkCount: [33m1[39m }
[Graph3D] Clearing existing objects...
[Graph3D] Calling createSimulation...
[Graph3D] Simulation created, setting up event handlers...
[Graph3D] Data changed: {
  nodesLen: [33m3[39m,
  linksLen: [33m1[39m,
  key: [33m1776869783071[39m,
  timestamp: [33m1776869782068[39m
}
[Graph3D] Creating simulation: [33m3[39m nodes
[Graph3D] createGraphSimulation called: { hasObjectManager: [33mtrue[39m, hasScene: [33mtrue[39m, nodeCount: [33m3[39m, linkCount: [33m1[39m }
[Graph3D] Clearing existing objects...
[Graph3D] Calling createSimulation...
[Graph3D] Simulation created, setting up event handlers...
[Graph3D] Data changed: {
  nodesLen: [33m3[39m,
  linksLen: [33m1[39m,
  key: [33m1776869783145[39m,
  timestamp: [33m1776869782142[39m
}
[Graph3D] Creating simulation: [33m3[39m nodes
[Graph3D] createGraphSimulation called: { hasObjectManager: [33mtrue[39m, hasScene: [33mtrue[39m, nodeCount: [33m3[39m, linkCount: [33m1[39m }
[Graph3D] Clearing existing objects...
[Graph3D] Calling createSimulation...
[Graph3D] Simulation created, setting up event handlers...
[Graph3D] Data changed: {
  nodesLen: [33m3[39m,
  linksLen: [33m1[39m,
  key: [33m1776869783215[39m,
  timestamp: [33m1776869782212[39m
}
[Graph3D] Creating simulation: [33m3[39m nodes
[Graph3D] createGraphSimulation called: { hasObjectManager: [33mtrue[39m, hasScene: [33mtrue[39m, nodeCount: [33m3[39m, linkCount: [33m1[39m }
[Graph3D] Clearing existing objects...
[Graph3D] Calling createSimulation...
[Graph3D] Simulation created, setting up event handlers...
[Graph3D] Data changed: {
  nodesLen: [33m3[39m,
  linksLen: [33m1[39m,
  key: [33m1776869783286[39m,
  timestamp: [33m1776869782283[39m
}
[Graph3D] Creating simulation: [33m3[39m nodes
[Graph3D] createGraphSimulation called: { hasObjectManager: [33mtrue[39m, hasScene: [33mtrue[39m, nodeCount: [33m3[39m, linkCount: [33m1[39m }
[Graph3D] Clearing existing objects...
[Graph3D] Calling createSimulation...
[Graph3D] Simulation created, setting up event handlers...
[Graph3D] Data changed: {
  nodesLen: [33m3[39m,
  linksLen: [33m1[39m,
  key: [33m1776869783363[39m,
  timestamp: [33m1776869782360[39m
}
[Graph3D] Creating simulation: [33m3[39m nodes
[Graph3D] createGraphSimulation called: { hasObjectManager: [33mtrue[39m, hasScene: [33mtrue[39m, nodeCount: [33m3[39m, linkCount: [33m1[39m }
[Graph3D] Clearing existing objects...
[Graph3D] Calling createSimulation...
[Graph3D] Simulation created, setting up event handlers...
[Graph3D] Data changed: {
  nodesLen: [33m3[39m,
  linksLen: [33m1[39m,
  key: [33m1776869783431[39m,
  timestamp: [33m1776869782428[39m
}
[Graph3D] Creating simulation: [33m3[39m nodes
[Graph3D] createGraphSimulation called: { hasObjectManager: [33mtrue[39m, hasScene: [33mtrue[39m, nodeCount: [33m3[39m, linkCount: [33m1[39m }
[Graph3D] Clearing existing objects...
[Graph3D] Calling createSimulation...
[Graph3D] Simulation created, setting up event handlers...
[Graph3D] Data changed: {
  nodesLen: [33m3[39m,
  linksLen: [33m1[39m,
  key: [33m1776869783501[39m,
  timestamp: [33m1776869782498[39m
}
[Graph3D] Creating simulation: [33m3[39m nodes
[Graph3D] createGraphSimulation called: { hasObjectManager: [33mtrue[39m, hasScene: [33mtrue[39m, nodeCount: [33m3[39m, linkCount: [33m1[39m }
[Graph3D] Clearing existing objects...
[Graph3D] Calling createSimulation...
[Graph3D] Simulation created, setting up event handlers...
[Graph3D] Data changed: {
  nodesLen: [33m3[39m,
  linksLen: [33m1[39m,
  key: [33m1776869783564[39m,
  timestamp: [33m1776869782561[39m
}
[Graph3D] Creating simulation: [33m3[39m nodes
[Graph3D] createGraphSimulation called: { hasObjectManager: [33mtrue[39m, hasScene: [33mtrue[39m, nodeCount: [33m3[39m, linkCount: [33m1[39m }
[Graph3D] Clearing existing objects...
[Graph3D] Calling createSimulation...
[Graph3D] Simulation created, setting up event handlers...
[Graph3D] Data changed: {
  nodesLen: [33m3[39m,
  linksLen: [33m1[39m,
  key: [33m1776869783628[39m,
  timestamp: [33m1776869782625[39m
}
[Graph3D] Creating simulation: [33m3[39m nodes
[Graph3D] createGraphSimulation called: { hasObjectManager: [33mtrue[39m, hasScene: [33mtrue[39m, nodeCount: [33m3[39m, linkCount: [33m1[39m }
[Graph3D] Clearing existing objects...
[Graph3D] Calling createSimulation...
[Graph3D] Simulation created, setting up event handlers...
[Graph3D] Data changed: {
  nodesLen: [33m3[39m,
  linksLen: [33m1[39m,
  key: [33m1776869783698[39m,
  timestamp: [33m1776869782695[39m
}
[Graph3D] Creating simulation: [33m3[39m nodes
[Graph3D] createGraphSimulation called: { hasObjectManager: [33mtrue[39m, hasScene: [33mtrue[39m, nodeCount: [33m3[39m, linkCount: [33m1[39m }
[Graph3D] Clearing existing objects...
[Graph3D] Calling createSimulation...
[Graph3D] Simulation created, setting up event handlers...
[Graph3D] Data changed: {
  nodesLen: [33m3[39m,
  linksLen: [33m1[39m,
  key: [33m1776869783763[39m,
  timestamp: [33m1776869782760[39m
}
[Graph3D] Creating simulation: [33m3[39m nodes
[Graph3D] createGraphSimulation called: { hasObjectManager: [33mtrue[39m, hasScene: [33mtrue[39m, nodeCount: [33m3[39m, linkCount: [33m1[39m }
[Graph3D] Clearing existing objects...
[Graph3D] Calling createSimulation...
[Graph3D] Simulation created, setting up event handlers...
[Graph3D] Data changed: {
  nodesLen: [33m3[39m,
  linksLen: [33m1[39m,
  key: [33m1776869783828[39m,
  timestamp: [33m1776869782825[39m
}
[Graph3D] Creating simulation: [33m3[39m nodes
[Graph3D] createGraphSimulation called: { hasObjectManager: [33mtrue[39m, hasScene: [33mtrue[39m, nodeCount: [33m3[39m, linkCount: [33m1[39m }
[Graph3D] Clearing existing objects...
[Graph3D] Calling createSimulation...
[Graph3D] Simulation created, setting up event handlers...
[Graph3D] Data changed: {
  nodesLen: [33m3[39m,
  linksLen: [33m1[39m,
  key: [33m1776869783888[39m,
  timestamp: [33m1776869782885[39m
}
[Graph3D] Creating simulation: [33m3[39m nodes
[Graph3D] createGraphSimulation called: { hasObjectManager: [33mtrue[39m, hasScene: [33mtrue[39m, nodeCount: [33m3[39m, linkCount: [33m1[39m }
[Graph3D] Clearing existing objects...
[Graph3D] Calling createSimulation...
[Graph3D] Simulation created, setting up event handlers...
[Graph3D] Data changed: {
  nodesLen: [33m3[39m,
  linksLen: [33m1[39m,
  key: [33m1776869783952[39m,
  timestamp: [33m1776869782949[39m
}
[Graph3D] Creating simulation: [33m3[39m nodes
[Graph3D] createGraphSimulation called: { hasObjectManager: [33mtrue[39m, hasScene: [33mtrue[39m, nodeCount: [33m3[39m, linkCount: [33m1[39m }
[Graph3D] Clearing existing objects...
[Graph3D] Calling createSimulation...
[Graph3D] Simulation created, setting up event handlers...
[Graph3D] Data changed: {
  nodesLen: [33m3[39m,
  linksLen: [33m1[39m,
  key: [33m1776869784018[39m,
  timestamp: [33m1776869783015[39m
}
[Graph3D] Creating simulation: [33m3[39m nodes
[Graph3D] createGraphSimulation called: { hasObjectManager: [33mtrue[39m, hasScene: [33mtrue[39m, nodeCount: [33m3[39m, linkCount: [33m1[39m }
[Graph3D] Clearing existing objects...
[Graph3D] Calling createSimulation...
[Graph3D] Simulation created, setting up event handlers...
[Graph3D] Data changed: {
  nodesLen: [33m3[39m,
  linksLen: [33m1[39m,
  key: [33m1776869784084[39m,
  timestamp: [33m1776869783081[39m
}
[Graph3D] Creating simulation: [33m3[39m nodes
[Graph3D] createGraphSimulation called: { hasObjectManager: [33mtrue[39m, hasScene: [33mtrue[39m, nodeCount: [33m3[39m, linkCount: [33m1[39m }
[Graph3D] Clearing existing objects...
[Graph3D] Calling createSimulation...
[Graph3D] Simulation created, setting up event handlers...
[Graph3D] Data changed: {
  nodesLen: [33m3[39m,
  linksLen: [33m1[39m,
  key: [33m1776869784147[39m,
  timestamp: [33m1776869783144[39m
}
[Graph3D] Creating simulation: [33m3[39m nodes
[Graph3D] createGraphSimulation called: { hasObjectManager: [33mtrue[39m, hasScene: [33mtrue[39m, nodeCount: [33m3[39m, linkCount: [33m1[39m }
[Graph3D] Clearing existing objects...
[Graph3D] Calling createSimulation...
[Graph3D] Simulation created, setting up event handlers...
[Graph3D] Data changed: {
  nodesLen: [33m3[39m,
  linksLen: [33m1[39m,
  key: [33m1776869784214[39m,
  timestamp: [33m1776869783211[39m
}
[Graph3D] Creating simulation: [33m3[39m nodes
[Graph3D] createGraphSimulation called: { hasObjectManager: [33mtrue[39m, hasScene: [33mtrue[39m, nodeCount: [33m3[39m, linkCount: [33m1[39m }
[Graph3D] Clearing existing objects...
[Graph3D] Calling createSimulation...
[Graph3D] Simulation created, setting up event handlers...
[Graph3D] Data changed: {
  nodesLen: [33m3[39m,
  linksLen: [33m1[39m,
  key: [33m1776869784283[39m,
  timestamp: [33m1776869783280[39m
}
[Graph3D] Creating simulation: [33m3[39m nodes
[Graph3D] createGraphSimulation called: { hasObjectManager: [33mtrue[39m, hasScene: [33mtrue[39m, nodeCount: [33m3[39m, linkCount: [33m1[39m }
[Graph3D] Clearing existing objects...
[Graph3D] Calling createSimulation...
[Graph3D] Simulation created, setting up event handlers...
[Graph3D] Data changed: {
  nodesLen: [33m3[39m,
  linksLen: [33m1[39m,
  key: [33m1776869784348[39m,
  timestamp: [33m1776869783345[39m
}
[Graph3D] Creating simulation: [33m3[39m nodes
[Graph3D] createGraphSimulation called: { hasObjectManager: [33mtrue[39m, hasScene: [33mtrue[39m, nodeCount: [33m3[39m, linkCount: [33m1[39m }
[Graph3D] Clearing existing objects...
[Graph3D] Calling createSimulation...
[Graph3D] Simulation created, setting up event handlers...
[Graph3D] Data changed: {
  nodesLen: [33m3[39m,
  linksLen: [33m1[39m,
  key: [33m1776869784414[39m,
  timestamp: [33m1776869783411[39m
}
[Graph3D] Creating simulation: [33m3[39m nodes
[Graph3D] createGraphSimulation called: { hasObjectManager: [33mtrue[39m, hasScene: [33mtrue[39m, nodeCount: [33m3[39m, linkCount: [33m1[39m }
[Graph3D] Clearing existing objects...
[Graph3D] Calling createSimulation...
[Graph3D] Simulation created, setting up event handlers...
[Graph3D] Data changed: {
  nodesLen: [33m3[39m,
  linksLen: [33m1[39m,
  key: [33m1776869784487[39m,
  timestamp: [33m1776869783484[39m
}
[Graph3D] Creating simulation: [33m3[39m nodes
[Graph3D] createGraphSimulation called: { hasObjectManager: [33mtrue[39m, hasScene: [33mtrue[39m, nodeCount: [33m3[39m, linkCount: [33m1[39m }
[Graph3D] Clearing existing objects...
[Graph3D] Calling createSimulation...
[Graph3D] Simulation created, setting up event handlers...
[Graph3D] Data changed: {
  nodesLen: [33m3[39m,
  linksLen: [33m1[39m,
  key: [33m1776869784554[39m,
  timestamp: [33m1776869783551[39m
}
[Graph3D] Creating simulation: [33m3[39m nodes
[Graph3D] createGraphSimulation called: { hasObjectManager: [33mtrue[39m, hasScene: [33mtrue[39m, nodeCount: [33m3[39m, linkCount: [33m1[39m }
[Graph3D] Clearing existing objects...
[Graph3D] Calling createSimulation...
[Graph3D] Simulation created, setting up event handlers...
[Graph3D] Data changed: {
  nodesLen: [33m3[39m,
  linksLen: [33m1[39m,
  key: [33m1776869784618[39m,
  timestamp: [33m1776869783615[39m
}
[Graph3D] Creating simulation: [33m3[39m nodes
[Graph3D] createGraphSimulation called: { hasObjectManager: [33mtrue[39m, hasScene: [33mtrue[39m, nodeCount: [33m3[39m, linkCount: [33m1[39m }
[Graph3D] Clearing existing objects...
[Graph3D] Calling createSimulation...
[Graph3D] Simulation created, setting up event handlers...
[Graph3D] Data changed: {
  nodesLen: [33m3[39m,
  linksLen: [33m1[39m,
  key: [33m1776869784683[39m,
  timestamp: [33m1776869783680[39m
}
[Graph3D] Creating simulation: [33m3[39m nodes
[Graph3D] createGraphSimulation called: { hasObjectManager: [33mtrue[39m, hasScene: [33mtrue[39m, nodeCount: [33m3[39m, linkCount: [33m1[39m }
[Graph3D] Clearing existing objects...
[Graph3D] Calling createSimulation...
[Graph3D] Simulation created, setting up event handlers...
[Graph3D] Data changed: {
  nodesLen: [33m3[39m,
  linksLen: [33m1[39m,
  key: [33m1776869784749[39m,
  timestamp: [33m1776869783746[39m
}
[Graph3D] Creating simulation: [33m3[39m nodes
[Graph3D] createGraphSimulation called: { hasObjectManager: [33mtrue[39m, hasScene: [33mtrue[39m, nodeCount: [33m3[39m, linkCount: [33m1[39m }
[Graph3D] Clearing existing objects...
[Graph3D] Calling createSimulation...
[Graph3D] Simulation created, setting up event handlers...
[Graph3D] Data changed: {
  nodesLen: [33m3[39m,
  linksLen: [33m1[39m,
  key: [33m1776869784813[39m,
  timestamp: [33m1776869783810[39m
}
[Graph3D] Creating simulation: [33m3[39m nodes
[Graph3D] createGraphSimulation called: { hasObjectManager: [33mtrue[39m, hasScene: [33mtrue[39m, nodeCount: [33m3[39m, linkCount: [33m1[39m }
[Graph3D] Clearing existing objects...
[Graph3D] Calling createSimulation...
[Graph3D] Simulation created, setting up event handlers...
[Graph3D] Data changed: {
  nodesLen: [33m3[39m,
  linksLen: [33m1[39m,
  key: [33m1776869784880[39m,
  timestamp: [33m1776869783877[39m
}
[Graph3D] Creating simulation: [33m3[39m nodes
[Graph3D] createGraphSimulation called: { hasObjectManager: [33mtrue[39m, hasScene: [33mtrue[39m, nodeCount: [33m3[39m, linkCount: [33m1[39m }
[Graph3D] Clearing existing objects...
[Graph3D] Calling createSimulation...
[Graph3D] Simulation created, setting up event handlers...
[Graph3D] Data changed: {
  nodesLen: [33m3[39m,
  linksLen: [33m1[39m,
  key: [33m1776869784948[39m,
  timestamp: [33m1776869783945[39m
}
[Graph3D] Creating simulation: [33m3[39m nodes
[Graph3D] createGraphSimulation called: { hasObjectManager: [33mtrue[39m, hasScene: [33mtrue[39m, nodeCount: [33m3[39m, linkCount: [33m1[39m }
[Graph3D] Clearing existing objects...
[Graph3D] Calling createSimulation...
[Graph3D] Simulation created, setting up event handlers...
[Graph3D] Data changed: {
  nodesLen: [33m3[39m,
  linksLen: [33m1[39m,
  key: [33m1776869785018[39m,
  timestamp: [33m1776869784015[39m
}
[Graph3D] Creating simulation: [33m3[39m nodes
[Graph3D] createGraphSimulation called: { hasObjectManager: [33mtrue[39m, hasScene: [33mtrue[39m, nodeCount: [33m3[39m, linkCount: [33m1[39m }
[Graph3D] Clearing existing objects...
[Graph3D] Calling createSimulation...
[Graph3D] Simulation created, setting up event handlers...
[Graph3D] Data changed: {
  nodesLen: [33m3[39m,
  linksLen: [33m1[39m,
  key: [33m1776869785089[39m,
  timestamp: [33m1776869784086[39m
}
[Graph3D] Creating simulation: [33m3[39m nodes
[Graph3D] createGraphSimulation called: { hasObjectManager: [33mtrue[39m, hasScene: [33mtrue[39m, nodeCount: [33m3[39m, linkCount: [33m1[39m }
[Graph3D] Clearing existing objects...
[Graph3D] Calling createSimulation...
[Graph3D] Simulation created, setting up event handlers...
[Graph3D] Data changed: {
  nodesLen: [33m3[39m,
  linksLen: [33m1[39m,
  key: [33m1776869785155[39m,
  timestamp: [33m1776869784152[39m
}
[Graph3D] Creating simulation: [33m3[39m nodes
[Graph3D] createGraphSimulation called: { hasObjectManager: [33mtrue[39m, hasScene: [33mtrue[39m, nodeCount: [33m3[39m, linkCount: [33m1[39m }
[Graph3D] Clearing existing objects...
[Graph3D] Calling createSimulation...
[Graph3D] Simulation created, setting up event handlers...
[Graph3D] Data changed: {
  nodesLen: [33m3[39m,
  linksLen: [33m1[39m,
  key: [33m1776869785219[39m,
  timestamp: [33m1776869784216[39m
}
[Graph3D] Creating simulation: [33m3[39m nodes
[Graph3D] createGraphSimulation called: { hasObjectManager: [33mtrue[39m, hasScene: [33mtrue[39m, nodeCount: [33m3[39m, linkCount: [33m1[39m }
[Graph3D] Clearing existing objects...
[Graph3D] Calling createSimulation...
[Graph3D] Simulation created, setting up event handlers...
[Graph3D] Data changed: {
  nodesLen: [33m3[39m,
  linksLen: [33m1[39m,
  key: [33m1776869785287[39m,
  timestamp: [33m1776869784284[39m
}
[Graph3D] Creating simulation: [33m3[39m nodes
[Graph3D] createGraphSimulation called: { hasObjectManager: [33mtrue[39m, hasScene: [33mtrue[39m, nodeCount: [33m3[39m, linkCount: [33m1[39m }
[Graph3D] Clearing existing objects...
[Graph3D] Calling createSimulation...
[Graph3D] Simulation created, setting up event handlers...
[Graph3D] Data changed: {
  nodesLen: [33m3[39m,
  linksLen: [33m1[39m,
  key: [33m1776869785357[39m,
  timestamp: [33m1776869784354[39m
}
[Graph3D] Creating simulation: [33m3[39m nodes
[Graph3D] createGraphSimulation called: { hasObjectManager: [33mtrue[39m, hasScene: [33mtrue[39m, nodeCount: [33m3[39m, linkCount: [33m1[39m }
[Graph3D] Clearing existing objects...
[Graph3D] Calling createSimulation...
[Graph3D] Simulation created, setting up event handlers...
[Graph3D] Data changed: {
  nodesLen: [33m3[39m,
  linksLen: [33m1[39m,
  key: [33m1776869785424[39m,
  timestamp: [33m1776869784421[39m
}
[Graph3D] Creating simulation: [33m3[39m nodes
[Graph3D] createGraphSimulation called: { hasObjectManager: [33mtrue[39m, hasScene: [33mtrue[39m, nodeCount: [33m3[39m, linkCount: [33m1[39m }
[Graph3D] Clearing existing objects...
[Graph3D] Calling createSimulation...
[Graph3D] Simulation created, setting up event handlers...
[Graph3D] Data changed: {
  nodesLen: [33m3[39m,
  linksLen: [33m1[39m,
  key: [33m1776869785493[39m,
  timestamp: [33m1776869784490[39m
}
[Graph3D] Creating simulation: [33m3[39m nodes
[Graph3D] createGraphSimulation called: { hasObjectManager: [33mtrue[39m, hasScene: [33mtrue[39m, nodeCount: [33m3[39m, linkCount: [33m1[39m }
[Graph3D] Clearing existing objects...
[Graph3D] Calling createSimulation...
[Graph3D] Simulation created, setting up event handlers...
[Graph3D] Data changed: {
  nodesLen: [33m3[39m,
  linksLen: [33m1[39m,
  key: [33m1776869785559[39m,
  timestamp: [33m1776869784556[39m
}
[Graph3D] Creating simulation: [33m3[39m nodes
[Graph3D] createGraphSimulation called: { hasObjectManager: [33mtrue[39m, hasScene: [33mtrue[39m, nodeCount: [33m3[39m, linkCount: [33m1[39m }
[Graph3D] Clearing existing objects...
[Graph3D] Calling createSimulation...
[Graph3D] Simulation created, setting up event handlers...
[Graph3D] Data changed: {
  nodesLen: [33m3[39m,
  linksLen: [33m1[39m,
  key: [33m1776869785624[39m,
  timestamp: [33m1776869784621[39m
}
[Graph3D] Creating simulation: [33m3[39m nodes
[Graph3D] createGraphSimulation called: { hasObjectManager: [33mtrue[39m, hasScene: [33mtrue[39m, nodeCount: [33m3[39m, linkCount: [33m1[39m }
[Graph3D] Clearing existing objects...
[Graph3D] Calling createSimulation...
[Graph3D] Simulation created, setting up event handlers...
[Graph3D] Data changed: {
  nodesLen: [33m3[39m,
  linksLen: [33m1[39m,
  key: [33m1776869785692[39m,
  timestamp: [33m1776869784689[39m
}
[Graph3D] Creating simulation: [33m3[39m nodes
[Graph3D] createGraphSimulation called: { hasObjectManager: [33mtrue[39m, hasScene: [33mtrue[39m, nodeCount: [33m3[39m, linkCount: [33m1[39m }
[Graph3D] Clearing existing objects...
[Graph3D] Calling createSimulation...
[Graph3D] Simulation created, setting up event handlers...
[Graph3D] Data changed: {
  nodesLen: [33m3[39m,
  linksLen: [33m1[39m,
  key: [33m1776869785759[39m,
  timestamp: [33m1776869784756[39m
}
[Graph3D] Creating simulation: [33m3[39m nodes
[Graph3D] createGraphSimulation called: { hasObjectManager: [33mtrue[39m, hasScene: [33mtrue[39m, nodeCount: [33m3[39m, linkCount: [33m1[39m }
[Graph3D] Clearing existing objects...
[Graph3D] Calling createSimulation...
[Graph3D] Simulation created, setting up event handlers...
[Graph3D] Data changed: {
  nodesLen: [33m3[39m,
  linksLen: [33m1[39m,
  key: [33m1776869785830[39m,
  timestamp: [33m1776869784827[39m
}
[Graph3D] Creating simulation: [33m3[39m nodes
[Graph3D] createGraphSimulation called: { hasObjectManager: [33mtrue[39m, hasScene: [33mtrue[39m, nodeCount: [33m3[39m, linkCount: [33m1[39m }
[Graph3D] Clearing existing objects...
[Graph3D] Calling createSimulation...
[Graph3D] Simulation created, setting up event handlers...
[Graph3D] Data changed: {
  nodesLen: [33m3[39m,
  linksLen: [33m1[39m,
  key: [33m1776869785912[39m,
  timestamp: [33m1776869784909[39m
}
[Graph3D] Creating simulation: [33m3[39m nodes
[Graph3D] createGraphSimulation called: { hasObjectManager: [33mtrue[39m, hasScene: [33mtrue[39m, nodeCount: [33m3[39m, linkCount: [33m1[39m }
[Graph3D] Clearing existing objects...
[Graph3D] Calling createSimulation...
[Graph3D] Simulation created, setting up event handlers...
[Graph3D] Data changed: {
  nodesLen: [33m3[39m,
  linksLen: [33m1[39m,
  key: [33m1776869785987[39m,
  timestamp: [33m1776869784984[39m
}
[Graph3D] Creating simulation: [33m3[39m nodes
[Graph3D] createGraphSimulation called: { hasObjectManager: [33mtrue[39m, hasScene: [33mtrue[39m, nodeCount: [33m3[39m, linkCount: [33m1[39m }
[Graph3D] Clearing existing objects...
[Graph3D] Calling createSimulation...
[Graph3D] Simulation created, setting up event handlers...
[Graph3D] Data changed: {
  nodesLen: [33m3[39m,
  linksLen: [33m1[39m,
  key: [33m1776869786056[39m,
  timestamp: [33m1776869785053[39m
}
[Graph3D] Creating simulation: [33m3[39m nodes
[Graph3D] createGraphSimulation called: { hasObjectManager: [33mtrue[39m, hasScene: [33mtrue[39m, nodeCount: [33m3[39m, linkCount: [33m1[39m }
[Graph3D] Clearing existing objects...
[Graph3D] Calling createSimulation...
[Graph3D] Simulation created, setting up event handlers...
[Graph3D] Data changed: {
  nodesLen: [33m3[39m,
  linksLen: [33m1[39m,
  key: [33m1776869786124[39m,
  timestamp: [33m1776869785121[39m
}
[Graph3D] Creating simulation: [33m3[39m nodes
[Graph3D] createGraphSimulation called: { hasObjectManager: [33mtrue[39m, hasScene: [33mtrue[39m, nodeCount: [33m3[39m, linkCount: [33m1[39m }
[Graph3D] Clearing existing objects...
[Graph3D] Calling createSimulation...
[Graph3D] Simulation created, setting up event handlers...
[Graph3D] Data changed: {
  nodesLen: [33m3[39m,
  linksLen: [33m1[39m,
  key: [33m1776869786190[39m,
  timestamp: [33m1776869785187[39m
}
[Graph3D] Creating simulation: [33m3[39m nodes
[Graph3D] createGraphSimulation called: { hasObjectManager: [33mtrue[39m, hasScene: [33mtrue[39m, nodeCount: [33m3[39m, linkCount: [33m1[39m }
[Graph3D] Clearing existing objects...
[Graph3D] Calling createSimulation...
[Graph3D] Simulation created, setting up event handlers...
[Graph3D] Data changed: {
  nodesLen: [33m3[39m,
  linksLen: [33m1[39m,
  key: [33m1776869786255[39m,
  timestamp: [33m1776869785252[39m
}
[Graph3D] Creating simulation: [33m3[39m nodes
[Graph3D] createGraphSimulation called: { hasObjectManager: [33mtrue[39m, hasScene: [33mtrue[39m, nodeCount: [33m3[39m, linkCount: [33m1[39m }
[Graph3D] Clearing existing objects...
[Graph3D] Calling createSimulation...
[Graph3D] Simulation created, setting up event handlers...
[Graph3D] Data changed: {
  nodesLen: [33m3[39m,
  linksLen: [33m1[39m,
  key: [33m1776869786323[39m,
  timestamp: [33m1776869785320[39m
}
[Graph3D] Creating simulation: [33m3[39m nodes
[Graph3D] createGraphSimulation called: { hasObjectManager: [33mtrue[39m, hasScene: [33mtrue[39m, nodeCount: [33m3[39m, linkCount: [33m1[39m }
[Graph3D] Clearing existing objects...
[Graph3D] Calling createSimulation...
[Graph3D] Simulation created, setting up event handlers...
[Graph3D] Data changed: {
  nodesLen: [33m3[39m,
  linksLen: [33m1[39m,
  key: [33m1776869786393[39m,
  timestamp: [33m1776869785390[39m
}
[Graph3D] Creating simulation: [33m3[39m nodes
[Graph3D] createGraphSimulation called: { hasObjectManager: [33mtrue[39m, hasScene: [33mtrue[39m, nodeCount: [33m3[39m, linkCount: [33m1[39m }
[Graph3D] Clearing existing objects...
[Graph3D] Calling createSimulation...
[Graph3D] Simulation created, setting up event handlers...
[Graph3D] Data changed: {
  nodesLen: [33m3[39m,
  linksLen: [33m1[39m,
  key: [33m1776869786460[39m,
  timestamp: [33m1776869785457[39m
}
[Graph3D] Creating simulation: [33m3[39m nodes
[Graph3D] createGraphSimulation called: { hasObjectManager: [33mtrue[39m, hasScene: [33mtrue[39m, nodeCount: [33m3[39m, linkCount: [33m1[39m }
[Graph3D] Clearing existing objects...
[Graph3D] Calling createSimulation...
[Graph3D] Simulation created, setting up event handlers...
[Graph3D] Data changed: {
  nodesLen: [33m3[39m,
  linksLen: [33m1[39m,
  key: [33m1776869786527[39m,
  timestamp: [33m1776869785524[39m
}
[Graph3D] Creating simulation: [33m3[39m nodes
[Graph3D] createGraphSimulation called: { hasObjectManager: [33mtrue[39m, hasScene: [33mtrue[39m, nodeCount: [33m3[39m, linkCount: [33m1[39m }
[Graph3D] Clearing existing objects...
[Graph3D] Calling createSimulation...
[Graph3D] Simulation created, setting up event handlers...
[Graph3D] Data changed: {
  nodesLen: [33m3[39m,
  linksLen: [33m1[39m,
  key: [33m1776869786597[39m,
  timestamp: [33m1776869785594[39m
}
[Graph3D] Creating simulation: [33m3[39m nodes
[Graph3D] createGraphSimulation called: { hasObjectManager: [33mtrue[39m, hasScene: [33mtrue[39m, nodeCount: [33m3[39m, linkCount: [33m1[39m }
[Graph3D] Clearing existing objects...
[Graph3D] Calling createSimulation...
[Graph3D] Simulation created, setting up event handlers...
[Graph3D] Data changed: {
  nodesLen: [33m3[39m,
  linksLen: [33m1[39m,
  key: [33m1776869786665[39m,
  timestamp: [33m1776869785662[39m
}
[Graph3D] Creating simulation: [33m3[39m nodes
[Graph3D] createGraphSimulation called: { hasObjectManager: [33mtrue[39m, hasScene: [33mtrue[39m, nodeCount: [33m3[39m, linkCount: [33m1[39m }
[Graph3D] Clearing existing objects...
[Graph3D] Calling createSimulation...
[Graph3D] Simulation created, setting up event handlers...
[Graph3D] Data changed: {
  nodesLen: [33m3[39m,
  linksLen: [33m1[39m,
  key: [33m1776869786734[39m,
  timestamp: [33m1776869785731[39m
}
[Graph3D] Creating simulation: [33m3[39m nodes
[Graph3D] createGraphSimulation called: { hasObjectManager: [33mtrue[39m, hasScene: [33mtrue[39m, nodeCount: [33m3[39m, linkCount: [33m1[39m }
[Graph3D] Clearing existing objects...
[Graph3D] Calling createSimulation...
[Graph3D] Simulation created, setting up event handlers...
[Graph3D] Data changed: {
  nodesLen: [33m3[39m,
  linksLen: [33m1[39m,
  key: [33m1776869786802[39m,
  timestamp: [33m1776869785799[39m
}
[Graph3D] Creating simulation: [33m3[39m nodes
[Graph3D] createGraphSimulation called: { hasObjectManager: [33mtrue[39m, hasScene: [33mtrue[39m, nodeCount: [33m3[39m, linkCount: [33m1[39m }
[Graph3D] Clearing existing objects...
[Graph3D] Calling createSimulation...
[Graph3D] Simulation created, setting up event handlers...
[Graph3D] Data changed: {
  nodesLen: [33m3[39m,
  linksLen: [33m1[39m,
  key: [33m1776869786871[39m,
  timestamp: [33m1776869785868[39m
}
[Graph3D] Creating simulation: [33m3[39m nodes
[Graph3D] createGraphSimulation called: { hasObjectManager: [33mtrue[39m, hasScene: [33mtrue[39m, nodeCount: [33m3[39m, linkCount: [33m1[39m }
[Graph3D] Clearing existing objects...
[Graph3D] Calling createSimulation...
[Graph3D] Simulation created, setting up event handlers...
[Graph3D] Data changed: {
  nodesLen: [33m3[39m,
  linksLen: [33m1[39m,
  key: [33m1776869786968[39m,
  timestamp: [33m1776869785965[39m
}
[Graph3D] Creating simulation: [33m3[39m nodes
[Graph3D] createGraphSimulation called: { hasObjectManager: [33mtrue[39m, hasScene: [33mtrue[39m, nodeCount: [33m3[39m, linkCount: [33m1[39m }
[Graph3D] Clearing existing objects...
[Graph3D] Calling createSimulation...
[Graph3D] Simulation created, setting up event handlers...
[Graph3D] Data changed: {
  nodesLen: [33m3[39m,
  linksLen: [33m1[39m,
  key: [33m1776869787037[39m,
  timestamp: [33m1776869786034[39m
}
[Graph3D] Creating simulation: [33m3[39m nodes
[Graph3D] createGraphSimulation called: { hasObjectManager: [33mtrue[39m, hasScene: [33mtrue[39m, nodeCount: [33m3[39m, linkCount: [33m1[39m }
[Graph3D] Clearing existing objects...
[Graph3D] Calling createSimulation...
[Graph3D] Simulation created, setting up event handlers...
[Graph3D] Data changed: {
  nodesLen: [33m3[39m,
  linksLen: [33m1[39m,
  key: [33m1776869787110[39m,
  timestamp: [33m1776869786107[39m
}
[Graph3D] Creating simulation: [33m3[39m nodes
[Graph3D] createGraphSimulation called: { hasObjectManager: [33mtrue[39m, hasScene: [33mtrue[39m, nodeCount: [33m3[39m, linkCount: [33m1[39m }
[Graph3D] Clearing existing objects...
[Graph3D] Calling createSimulation...
[Graph3D] Simulation created, setting up event handlers...
[Graph3D] Data changed: {
  nodesLen: [33m3[39m,
  linksLen: [33m1[39m,
  key: [33m1776869787182[39m,
  timestamp: [33m1776869786179[39m
}
[Graph3D] Creating simulation: [33m3[39m nodes
[Graph3D] createGraphSimulation called: { hasObjectManager: [33mtrue[39m, hasScene: [33mtrue[39m, nodeCount: [33m3[39m, linkCount: [33m1[39m }
[Graph3D] Clearing existing objects...
[Graph3D] Calling createSimulation...
[Graph3D] Simulation created, setting up event handlers...
[Graph3D] Data changed: {
  nodesLen: [33m3[39m,
  linksLen: [33m1[39m,
  key: [33m1776869787253[39m,
  timestamp: [33m1776869786250[39m
}
[Graph3D] Creating simulation: [33m3[39m nodes
[Graph3D] createGraphSimulation called: { hasObjectManager: [33mtrue[39m, hasScene: [33mtrue[39m, nodeCount: [33m3[39m, linkCount: [33m1[39m }
[Graph3D] Clearing existing objects...
[Graph3D] Calling createSimulation...
[Graph3D] Simulation created, setting up event handlers...
[Graph3D] Data changed: {
  nodesLen: [33m3[39m,
  linksLen: [33m1[39m,
  key: [33m1776869787320[39m,
  timestamp: [33m1776869786317[39m
}
[Graph3D] Creating simulation: [33m3[39m nodes
[Graph3D] createGraphSimulation called: { hasObjectManager: [33mtrue[39m, hasScene: [33mtrue[39m, nodeCount: [33m3[39m, linkCount: [33m1[39m }
[Graph3D] Clearing existing objects...
[Graph3D] Calling createSimulation...
[Graph3D] Simulation created, setting up event handlers...
[Graph3D] Data changed: {
  nodesLen: [33m3[39m,
  linksLen: [33m1[39m,
  key: [33m1776869787391[39m,
  timestamp: [33m1776869786388[39m
}
[Graph3D] Creating simulation: [33m3[39m nodes
[Graph3D] createGraphSimulation called: { hasObjectManager: [33mtrue[39m, hasScene: [33mtrue[39m, nodeCount: [33m3[39m, linkCount: [33m1[39m }
[Graph3D] Clearing existing objects...
[Graph3D] Calling createSimulation...
[Graph3D] Simulation created, setting up event handlers...
[Graph3D] Data changed: {
  nodesLen: [33m3[39m,
  linksLen: [33m1[39m,
  key: [33m1776869787461[39m,
  timestamp: [33m1776869786458[39m
}
[Graph3D] Creating simulation: [33m3[39m nodes
[Graph3D] createGraphSimulation called: { hasObjectManager: [33mtrue[39m, hasScene: [33mtrue[39m, nodeCount: [33m3[39m, linkCount: [33m1[39m }
[Graph3D] Clearing existing objects...
[Graph3D] Calling createSimulation...
[Graph3D] Simulation created, setting up event handlers...
[Graph3D] Data changed: {
  nodesLen: [33m3[39m,
  linksLen: [33m1[39m,
  key: [33m1776869787533[39m,
  timestamp: [33m1776869786530[39m
}
[Graph3D] Creating simulation: [33m3[39m nodes
[Graph3D] createGraphSimulation called: { hasObjectManager: [33mtrue[39m, hasScene: [33mtrue[39m, nodeCount: [33m3[39m, linkCount: [33m1[39m }
[Graph3D] Clearing existing objects...
[Graph3D] Calling createSimulation...
[Graph3D] Simulation created, setting up event handlers...
[Graph3D] Data changed: {
  nodesLen: [33m3[39m,
  linksLen: [33m1[39m,
  key: [33m1776869787606[39m,
  timestamp: [33m1776869786603[39m
}
[Graph3D] Creating simulation: [33m3[39m nodes
[Graph3D] createGraphSimulation called: { hasObjectManager: [33mtrue[39m, hasScene: [33mtrue[39m, nodeCount: [33m3[39m, linkCount: [33m1[39m }
[Graph3D] Clearing existing objects...
[Graph3D] Calling createSimulation...
[Graph3D] Simulation created, setting up event handlers...
[Graph3D] Data changed: {
  nodesLen: [33m3[39m,
  linksLen: [33m1[39m,
  key: [33m1776869787675[39m,
  timestamp: [33m1776869786672[39m
}
[Graph3D] Creating simulation: [33m3[39m nodes
[Graph3D] createGraphSimulation called: { hasObjectManager: [33mtrue[39m, hasScene: [33mtrue[39m, nodeCount: [33m3[39m, linkCount: [33m1[39m }
[Graph3D] Clearing existing objects...
[Graph3D] Calling createSimulation...
[Graph3D] Simulation created, setting up event handlers...
[Graph3D] Data changed: {
  nodesLen: [33m3[39m,
  linksLen: [33m1[39m,
  key: [33m1776869787746[39m,
  timestamp: [33m1776869786743[39m
}
[Graph3D] Creating simulation: [33m3[39m nodes
[Graph3D] createGraphSimulation called: { hasObjectManager: [33mtrue[39m, hasScene: [33mtrue[39m, nodeCount: [33m3[39m, linkCount: [33m1[39m }
[Graph3D] Clearing existing objects...
[Graph3D] Calling createSimulation...
[Graph3D] Simulation created, setting up event handlers...
[Graph3D] Data changed: {
  nodesLen: [33m3[39m,
  linksLen: [33m1[39m,
  key: [33m1776869787815[39m,
  timestamp: [33m1776869786812[39m
}
[Graph3D] Creating simulation: [33m3[39m nodes
[Graph3D] createGraphSimulation called: { hasObjectManager: [33mtrue[39m, hasScene: [33mtrue[39m, nodeCount: [33m3[39m, linkCount: [33m1[39m }
[Graph3D] Clearing existing objects...
[Graph3D] Calling createSimulation...
[Graph3D] Simulation created, setting up event handlers...
[Graph3D] Data changed: {
  nodesLen: [33m3[39m,
  linksLen: [33m1[39m,
  key: [33m1776869787885[39m,
  timestamp: [33m1776869786882[39m
}
[Graph3D] Creating simulation: [33m3[39m nodes
[Graph3D] createGraphSimulation called: { hasObjectManager: [33mtrue[39m, hasScene: [33mtrue[39m, nodeCount: [33m3[39m, linkCount: [33m1[39m }
[Graph3D] Clearing existing objects...
[Graph3D] Calling createSimulation...
[Graph3D] Simulation created, setting up event handlers...
[Graph3D] Data changed: {
  nodesLen: [33m3[39m,
  linksLen: [33m1[39m,
  key: [33m1776869787956[39m,
  timestamp: [33m1776869786953[39m
}
[Graph3D] Creating simulation: [33m3[39m nodes
[Graph3D] createGraphSimulation called: { hasObjectManager: [33mtrue[39m, hasScene: [33mtrue[39m, nodeCount: [33m3[39m, linkCount: [33m1[39m }
[Graph3D] Clearing existing objects...
[Graph3D] Calling createSimulation...
[Graph3D] Simulation created, setting up event handlers...
[Graph3D] Data changed: {
  nodesLen: [33m3[39m,
  linksLen: [33m1[39m,
  key: [33m1776869788023[39m,
  timestamp: [33m1776869787020[39m
}
[Graph3D] Creating simulation: [33m3[39m nodes
[Graph3D] createGraphSimulation called: { hasObjectManager: [33mtrue[39m, hasScene: [33mtrue[39m, nodeCount: [33m3[39m, linkCount: [33m1[39m }
[Graph3D] Clearing existing objects...
[Graph3D] Calling createSimulation...
[Graph3D] Simulation created, setting up event handlers...
[Graph3D] Data changed: {
  nodesLen: [33m3[39m,
  linksLen: [33m1[39m,
  key: [33m1776869788095[39m,
  timestamp: [33m1776869787092[39m
}
[Graph3D] Creating simulation: [33m3[39m nodes
[Graph3D] createGraphSimulation called: { hasObjectManager: [33mtrue[39m, hasScene: [33mtrue[39m, nodeCount: [33m3[39m, linkCount: [33m1[39m }
[Graph3D] Clearing existing objects...
[Graph3D] Calling createSimulation...
[Graph3D] Simulation created, setting up event handlers...
[Graph3D] Data changed: {
  nodesLen: [33m3[39m,
  linksLen: [33m1[39m,
  key: [33m1776869788166[39m,
  timestamp: [33m1776869787163[39m
}
[Graph3D] Creating simulation: [33m3[39m nodes
[Graph3D] createGraphSimulation called: { hasObjectManager: [33mtrue[39m, hasScene: [33mtrue[39m, nodeCount: [33m3[39m, linkCount: [33m1[39m }
[Graph3D] Clearing existing objects...
[Graph3D] Calling createSimulation...
[Graph3D] Simulation created, setting up event handlers...
[Graph3D] Data changed: {
  nodesLen: [33m3[39m,
  linksLen: [33m1[39m,
  key: [33m1776869788244[39m,
  timestamp: [33m1776869787241[39m
}
[Graph3D] Creating simulation: [33m3[39m nodes
[Graph3D] createGraphSimulation called: { hasObjectManager: [33mtrue[39m, hasScene: [33mtrue[39m, nodeCount: [33m3[39m, linkCount: [33m1[39m }
[Graph3D] Clearing existing objects...
[Graph3D] Calling createSimulation...
[Graph3D] Simulation created, setting up event handlers...
[Graph3D] Data changed: {
  nodesLen: [33m3[39m,
  linksLen: [33m1[39m,
  key: [33m1776869788321[39m,
  timestamp: [33m1776869787318[39m
}
[Graph3D] Creating simulation: [33m3[39m nodes
[Graph3D] createGraphSimulation called: { hasObjectManager: [33mtrue[39m, hasScene: [33mtrue[39m, nodeCount: [33m3[39m, linkCount: [33m1[39m }
[Graph3D] Clearing existing objects...
[Graph3D] Calling createSimulation...
[Graph3D] Simulation created, setting up event handlers...
[Graph3D] Data changed: {
  nodesLen: [33m3[39m,
  linksLen: [33m1[39m,
  key: [33m1776869788397[39m,
  timestamp: [33m1776869787394[39m
}
[Graph3D] Creating simulation: [33m3[39m nodes
[Graph3D] createGraphSimulation called: { hasObjectManager: [33mtrue[39m, hasScene: [33mtrue[39m, nodeCount: [33m3[39m, linkCount: [33m1[39m }
[Graph3D] Clearing existing objects...
[Graph3D] Calling createSimulation...
[Graph3D] Simulation created, setting up event handlers...
[Graph3D] Data changed: {
  nodesLen: [33m3[39m,
  linksLen: [33m1[39m,
  key: [33m1776869788467[39m,
  timestamp: [33m1776869787464[39m
}
[Graph3D] Creating simulation: [33m3[39m nodes
[Graph3D] createGraphSimulation called: { hasObjectManager: [33mtrue[39m, hasScene: [33mtrue[39m, nodeCount: [33m3[39m, linkCount: [33m1[39m }
[Graph3D] Clearing existing objects...
[Graph3D] Calling createSimulation...
[Graph3D] Simulation created, setting up event handlers...
[Graph3D] Data changed: {
  nodesLen: [33m3[39m,
  linksLen: [33m1[39m,
  key: [33m1776869788538[39m,
  timestamp: [33m1776869787535[39m
}
[Graph3D] Creating simulation: [33m3[39m nodes
[Graph3D] createGraphSimulation called: { hasObjectManager: [33mtrue[39m, hasScene: [33mtrue[39m, nodeCount: [33m3[39m, linkCount: [33m1[39m }
[Graph3D] Clearing existing objects...
[Graph3D] Calling createSimulation...
[Graph3D] Simulation created, setting up event handlers...
[Graph3D] Data changed: {
  nodesLen: [33m3[39m,
  linksLen: [33m1[39m,
  key: [33m1776869788607[39m,
  timestamp: [33m1776869787604[39m
}
[Graph3D] Creating simulation: [33m3[39m nodes
[Graph3D] createGraphSimulation called: { hasObjectManager: [33mtrue[39m, hasScene: [33mtrue[39m, nodeCount: [33m3[39m, linkCount: [33m1[39m }
[Graph3D] Clearing existing objects...
[Graph3D] Calling createSimulation...
[Graph3D] Simulation created, setting up event handlers...
[Graph3D] Data changed: {
  nodesLen: [33m3[39m,
  linksLen: [33m1[39m,
  key: [33m1776869788679[39m,
  timestamp: [33m1776869787676[39m
}
[Graph3D] Creating simulation: [33m3[39m nodes
[Graph3D] createGraphSimulation called: { hasObjectManager: [33mtrue[39m, hasScene: [33mtrue[39m, nodeCount: [33m3[39m, linkCount: [33m1[39m }
[Graph3D] Clearing existing objects...
[Graph3D] Calling createSimulation...
[Graph3D] Simulation created, setting up event handlers...
[Graph3D] Data changed: {
  nodesLen: [33m3[39m,
  linksLen: [33m1[39m,
  key: [33m1776869788748[39m,
  timestamp: [33m1776869787745[39m
}
[Graph3D] Creating simulation: [33m3[39m nodes
[Graph3D] createGraphSimulation called: { hasObjectManager: [33mtrue[39m, hasScene: [33mtrue[39m, nodeCount: [33m3[39m, linkCount: [33m1[39m }
[Graph3D] Clearing existing objects...
[Graph3D] Calling createSimulation...
[Graph3D] Simulation created, setting up event handlers...
[Graph3D] Data changed: {
  nodesLen: [33m3[39m,
  linksLen: [33m1[39m,
  key: [33m1776869788818[39m,
  timestamp: [33m1776869787815[39m
}
[Graph3D] Creating simulation: [33m3[39m nodes
[Graph3D] createGraphSimulation called: { hasObjectManager: [33mtrue[39m, hasScene: [33mtrue[39m, nodeCount: [33m3[39m, linkCount: [33m1[39m }
[Graph3D] Clearing existing objects...
[Graph3D] Calling createSimulation...
[Graph3D] Simulation created, setting up event handlers...
[Graph3D] Data changed: {
  nodesLen: [33m3[39m,
  linksLen: [33m1[39m,
  key: [33m1776869788891[39m,
  timestamp: [33m1776869787888[39m
}
[Graph3D] Creating simulation: [33m3[39m nodes
[Graph3D] createGraphSimulation called: { hasObjectManager: [33mtrue[39m, hasScene: [33mtrue[39m, nodeCount: [33m3[39m, linkCount: [33m1[39m }
[Graph3D] Clearing existing objects...
[Graph3D] Calling createSimulation...
[Graph3D] Simulation created, setting up event handlers...
[Graph3D] Data changed: {
  nodesLen: [33m3[39m,
  linksLen: [33m1[39m,
  key: [33m1776869788965[39m,
  timestamp: [33m1776869787962[39m
}
[Graph3D] Creating simulation: [33m3[39m nodes
[Graph3D] createGraphSimulation called: { hasObjectManager: [33mtrue[39m, hasScene: [33mtrue[39m, nodeCount: [33m3[39m, linkCount: [33m1[39m }
[Graph3D] Clearing existing objects...
[Graph3D] Calling createSimulation...
[Graph3D] Simulation created, setting up event handlers...
[Graph3D] Data changed: {
  nodesLen: [33m3[39m,
  linksLen: [33m1[39m,
  key: [33m1776869789035[39m,
  timestamp: [33m1776869788032[39m
}
[Graph3D] Creating simulation: [33m3[39m nodes
[Graph3D] createGraphSimulation called: { hasObjectManager: [33mtrue[39m, hasScene: [33mtrue[39m, nodeCount: [33m3[39m, linkCount: [33m1[39m }
[Graph3D] Clearing existing objects...
[Graph3D] Calling createSimulation...
[Graph3D] Simulation created, setting up event handlers...
[Graph3D] Data changed: {
  nodesLen: [33m3[39m,
  linksLen: [33m1[39m,
  key: [33m1776869789109[39m,
  timestamp: [33m1776869788106[39m
}
[Graph3D] Creating simulation: [33m3[39m nodes
[Graph3D] createGraphSimulation called: { hasObjectManager: [33mtrue[39m, hasScene: [33mtrue[39m, nodeCount: [33m3[39m, linkCount: [33m1[39m }
[Graph3D] Clearing existing objects...
[Graph3D] Calling createSimulation...
[Graph3D] Simulation created, setting up event handlers...
[Graph3D] Data changed: {
  nodesLen: [33m3[39m,
  linksLen: [33m1[39m,
  key: [33m1776869789182[39m,
  timestamp: [33m1776869788179[39m
}
[Graph3D] Creating simulation: [33m3[39m nodes
[Graph3D] createGraphSimulation called: { hasObjectManager: [33mtrue[39m, hasScene: [33mtrue[39m, nodeCount: [33m3[39m, linkCount: [33m1[39m }
[Graph3D] Clearing existing objects...
[Graph3D] Calling createSimulation...
[Graph3D] Simulation created, setting up event handlers...
[Graph3D] Data changed: {
  nodesLen: [33m3[39m,
  linksLen: [33m1[39m,
  key: [33m1776869789253[39m,
  timestamp: [33m1776869788250[39m
}
[Graph3D] Creating simulation: [33m3[39m nodes
[Graph3D] createGraphSimulation called: { hasObjectManager: [33mtrue[39m, hasScene: [33mtrue[39m, nodeCount: [33m3[39m, linkCount: [33m1[39m }
[Graph3D] Clearing existing objects...
[Graph3D] Calling createSimulation...
[Graph3D] Simulation created, setting up event handlers...
[Graph3D] Data changed: {
  nodesLen: [33m3[39m,
  linksLen: [33m1[39m,
  key: [33m1776869789323[39m,
  timestamp: [33m1776869788320[39m
}
[Graph3D] Creating simulation: [33m3[39m nodes
[Graph3D] createGraphSimulation called: { hasObjectManager: [33mtrue[39m, hasScene: [33mtrue[39m, nodeCount: [33m3[39m, linkCount: [33m1[39m }
[Graph3D] Clearing existing objects...
[Graph3D] Calling createSimulation...
[Graph3D] Simulation created, setting up event handlers...
[Graph3D] Data changed: {
  nodesLen: [33m3[39m,
  linksLen: [33m1[39m,
  key: [33m1776869789399[39m,
  timestamp: [33m1776869788396[39m
}
[Graph3D] Creating simulation: [33m3[39m nodes
[Graph3D] createGraphSimulation called: { hasObjectManager: [33mtrue[39m, hasScene: [33mtrue[39m, nodeCount: [33m3[39m, linkCount: [33m1[39m }
[Graph3D] Clearing existing objects...
[Graph3D] Calling createSimulation...
[Graph3D] Simulation created, setting up event handlers...
[Graph3D] Data changed: {
  nodesLen: [33m3[39m,
  linksLen: [33m1[39m,
  key: [33m1776869789470[39m,
  timestamp: [33m1776869788467[39m
}
[Graph3D] Creating simulation: [33m3[39m nodes
[Graph3D] createGraphSimulation called: { hasObjectManager: [33mtrue[39m, hasScene: [33mtrue[39m, nodeCount: [33m3[39m, linkCount: [33m1[39m }
[Graph3D] Clearing existing objects...
[Graph3D] Calling createSimulation...
[Graph3D] Simulation created, setting up event handlers...
[Graph3D] Data changed: {
  nodesLen: [33m3[39m,
  linksLen: [33m1[39m,
  key: [33m1776869789541[39m,
  timestamp: [33m1776869788538[39m
}
[Graph3D] Creating simulation: [33m3[39m nodes
[Graph3D] createGraphSimulation called: { hasObjectManager: [33mtrue[39m, hasScene: [33mtrue[39m, nodeCount: [33m3[39m, linkCount: [33m1[39m }
[Graph3D] Clearing existing objects...
[Graph3D] Calling createSimulation...
[Graph3D] Simulation created, setting up event handlers...
[Graph3D] Data changed: {
  nodesLen: [33m3[39m,
  linksLen: [33m1[39m,
  key: [33m1776869789611[39m,
  timestamp: [33m1776869788608[39m
}
[Graph3D] Creating simulation: [33m3[39m nodes
[Graph3D] createGraphSimulation called: { hasObjectManager: [33mtrue[39m, hasScene: [33mtrue[39m, nodeCount: [33m3[39m, linkCount: [33m1[39m }
[Graph3D] Clearing existing objects...
[Graph3D] Calling createSimulation...
[Graph3D] Simulation created, setting up event handlers...
[Graph3D] Data changed: {
  nodesLen: [33m3[39m,
  linksLen: [33m1[39m,
  key: [33m1776869789683[39m,
  timestamp: [33m1776869788680[39m
}
[Graph3D] Creating simulation: [33m3[39m nodes
[Graph3D] createGraphSimulation called: { hasObjectManager: [33mtrue[39m, hasScene: [33mtrue[39m, nodeCount: [33m3[39m, linkCount: [33m1[39m }
[Graph3D] Clearing existing objects...
[Graph3D] Calling createSimulation...
[Graph3D] Simulation created, setting up event handlers...
[Graph3D] Data changed: {
  nodesLen: [33m3[39m,
  linksLen: [33m1[39m,
  key: [33m1776869789756[39m,
  timestamp: [33m1776869788753[39m
}
[Graph3D] Creating simulation: [33m3[39m nodes
[Graph3D] createGraphSimulation called: { hasObjectManager: [33mtrue[39m, hasScene: [33mtrue[39m, nodeCount: [33m3[39m, linkCount: [33m1[39m }
[Graph3D] Clearing existing objects...
[Graph3D] Calling createSimulation...
[Graph3D] Simulation created, setting up event handlers...
[Graph3D] Data changed: {
  nodesLen: [33m3[39m,
  linksLen: [33m1[39m,
  key: [33m1776869789823[39m,
  timestamp: [33m1776869788820[39m
}
[Graph3D] Creating simulation: [33m3[39m nodes
[Graph3D] createGraphSimulation called: { hasObjectManager: [33mtrue[39m, hasScene: [33mtrue[39m, nodeCount: [33m3[39m, linkCount: [33m1[39m }
[Graph3D] Clearing existing objects...
[Graph3D] Calling createSimulation...
[Graph3D] Simulation created, setting up event handlers...
[Graph3D] Data changed: {
  nodesLen: [33m3[39m,
  linksLen: [33m1[39m,
  key: [33m1776869789913[39m,
  timestamp: [33m1776869788910[39m
}
[Graph3D] Creating simulation: [33m3[39m nodes
[Graph3D] createGraphSimulation called: { hasObjectManager: [33mtrue[39m, hasScene: [33mtrue[39m, nodeCount: [33m3[39m, linkCount: [33m1[39m }
[Graph3D] Clearing existing objects...
[Graph3D] Calling createSimulation...
[Graph3D] Simulation created, setting up event handlers...
[Graph3D] Data changed: {
  nodesLen: [33m3[39m,
  linksLen: [33m1[39m,
  key: [33m1776869790026[39m,
  timestamp: [33m1776869789023[39m
}
[Graph3D] Creating simulation: [33m3[39m nodes
[Graph3D] createGraphSimulation called: { hasObjectManager: [33mtrue[39m, hasScene: [33mtrue[39m, nodeCount: [33m3[39m, linkCount: [33m1[39m }
[Graph3D] Clearing existing objects...
[Graph3D] Calling createSimulation...
[Graph3D] Simulation created, setting up event handlers...
[Graph3D] Data changed: {
  nodesLen: [33m3[39m,
  linksLen: [33m1[39m,
  key: [33m1776869790130[39m,
  timestamp: [33m1776869789127[39m
}
[Graph3D] Creating simulation: [33m3[39m nodes
[Graph3D] createGraphSimulation called: { hasObjectManager: [33mtrue[39m, hasScene: [33mtrue[39m, nodeCount: [33m3[39m, linkCount: [33m1[39m }
[Graph3D] Clearing existing objects...
[Graph3D] Calling createSimulation...
[Graph3D] Simulation created, setting up event handlers...
[Graph3D] Data changed: {
  nodesLen: [33m3[39m,
  linksLen: [33m1[39m,
  key: [33m1776869790232[39m,
  timestamp: [33m1776869789229[39m
}
[Graph3D] Creating simulation: [33m3[39m nodes
[Graph3D] createGraphSimulation called: { hasObjectManager: [33mtrue[39m, hasScene: [33mtrue[39m, nodeCount: [33m3[39m, linkCount: [33m1[39m }
[Graph3D] Clearing existing objects...
[Graph3D] Calling createSimulation...
[Graph3D] Simulation created, setting up event handlers...
[Graph3D] Data changed: {
  nodesLen: [33m3[39m,
  linksLen: [33m1[39m,
  key: [33m1776869790323[39m,
  timestamp: [33m1776869789320[39m
}
[Graph3D] Creating simulation: [33m3[39m nodes
[Graph3D] createGraphSimulation called: { hasObjectManager: [33mtrue[39m, hasScene: [33mtrue[39m, nodeCount: [33m3[39m, linkCount: [33m1[39m }
[Graph3D] Clearing existing objects...
[Graph3D] Calling createSimulation...
[Graph3D] Simulation created, setting up event handlers...
[Graph3D] Data changed: {
  nodesLen: [33m3[39m,
  linksLen: [33m1[39m,
  key: [33m1776869790402[39m,
  timestamp: [33m1776869789399[39m
}
[Graph3D] Creating simulation: [33m3[39m nodes
[Graph3D] createGraphSimulation called: { hasObjectManager: [33mtrue[39m, hasScene: [33mtrue[39m, nodeCount: [33m3[39m, linkCount: [33m1[39m }
[Graph3D] Clearing existing objects...
[Graph3D] Calling createSimulation...
[Graph3D] Simulation created, setting up event handlers...
[Graph3D] Data changed: {
  nodesLen: [33m3[39m,
  linksLen: [33m1[39m,
  key: [33m1776869790472[39m,
  timestamp: [33m1776869789469[39m
}
[Graph3D] Creating simulation: [33m3[39m nodes
[Graph3D] createGraphSimulation called: { hasObjectManager: [33mtrue[39m, hasScene: [33mtrue[39m, nodeCount: [33m3[39m, linkCount: [33m1[39m }
[Graph3D] Clearing existing objects...
[Graph3D] Calling createSimulation...
[Graph3D] Simulation created, setting up event handlers...
[Graph3D] Data changed: {
  nodesLen: [33m3[39m,
  linksLen: [33m1[39m,
  key: [33m1776869790540[39m,
  timestamp: [33m1776869789537[39m
}
[Graph3D] Creating simulation: [33m3[39m nodes
[Graph3D] createGraphSimulation called: { hasObjectManager: [33mtrue[39m, hasScene: [33mtrue[39m, nodeCount: [33m3[39m, linkCount: [33m1[39m }
[Graph3D] Clearing existing objects...
[Graph3D] Calling createSimulation...
[Graph3D] Simulation created, setting up event handlers...
[Graph3D] Data changed: {
  nodesLen: [33m3[39m,
  linksLen: [33m1[39m,
  key: [33m1776869790615[39m,
  timestamp: [33m1776869789612[39m
}
[Graph3D] Creating simulation: [33m3[39m nodes
[Graph3D] createGraphSimulation called: { hasObjectManager: [33mtrue[39m, hasScene: [33mtrue[39m, nodeCount: [33m3[39m, linkCount: [33m1[39m }
[Graph3D] Clearing existing objects...
[Graph3D] Calling createSimulation...
[Graph3D] Simulation created, setting up event handlers...
[Graph3D] Data changed: {
  nodesLen: [33m3[39m,
  linksLen: [33m1[39m,
  key: [33m1776869790689[39m,
  timestamp: [33m1776869789686[39m
}
[Graph3D] Creating simulation: [33m3[39m nodes
[Graph3D] createGraphSimulation called: { hasObjectManager: [33mtrue[39m, hasScene: [33mtrue[39m, nodeCount: [33m3[39m, linkCount: [33m1[39m }
[Graph3D] Clearing existing objects...
[Graph3D] Calling createSimulation...
[Graph3D] Simulation created, setting up event handlers...
[Graph3D] Data changed: {
  nodesLen: [33m3[39m,
  linksLen: [33m1[39m,
  key: [33m1776869790760[39m,
  timestamp: [33m1776869789757[39m
}
[Graph3D] Creating simulation: [33m3[39m nodes
[Graph3D] createGraphSimulation called: { hasObjectManager: [33mtrue[39m, hasScene: [33mtrue[39m, nodeCount: [33m3[39m, linkCount: [33m1[39m }
[Graph3D] Clearing existing objects...
[Graph3D] Calling createSimulation...
[Graph3D] Simulation created, setting up event handlers...
[Graph3D] Data changed: {
  nodesLen: [33m3[39m,
  linksLen: [33m1[39m,
  key: [33m1776869790836[39m,
  timestamp: [33m1776869789833[39m
}
[Graph3D] Creating simulation: [33m3[39m nodes
[Graph3D] createGraphSimulation called: { hasObjectManager: [33mtrue[39m, hasScene: [33mtrue[39m, nodeCount: [33m3[39m, linkCount: [33m1[39m }
[Graph3D] Clearing existing objects...
[Graph3D] Calling createSimulation...
[Graph3D] Simulation created, setting up event handlers...
[Graph3D] Data changed: {
  nodesLen: [33m3[39m,
  linksLen: [33m1[39m,
  key: [33m1776869790911[39m,
  timestamp: [33m1776869789908[39m
}
[Graph3D] Creating simulation: [33m3[39m nodes
[Graph3D] createGraphSimulation called: { hasObjectManager: [33mtrue[39m, hasScene: [33mtrue[39m, nodeCount: [33m3[39m, linkCount: [33m1[39m }
[Graph3D] Clearing existing objects...
[Graph3D] Calling createSimulation...
[Graph3D] Simulation created, setting up event handlers...
[Graph3D] Data changed: {
  nodesLen: [33m3[39m,
  linksLen: [33m1[39m,
  key: [33m1776869790984[39m,
  timestamp: [33m1776869789981[39m
}
[Graph3D] Creating simulation: [33m3[39m nodes
[Graph3D] createGraphSimulation called: { hasObjectManager: [33mtrue[39m, hasScene: [33mtrue[39m, nodeCount: [33m3[39m, linkCount: [33m1[39m }
[Graph3D] Clearing existing objects...
[Graph3D] Calling createSimulation...
[Graph3D] Simulation created, setting up event handlers...
[Graph3D] Data changed: {
  nodesLen: [33m3[39m,
  linksLen: [33m1[39m,
  key: [33m1776869791058[39m,
  timestamp: [33m1776869790055[39m
}
[Graph3D] Creating simulation: [33m3[39m nodes
[Graph3D] createGraphSimulation called: { hasObjectManager: [33mtrue[39m, hasScene: [33mtrue[39m, nodeCount: [33m3[39m, linkCount: [33m1[39m }
[Graph3D] Clearing existing objects...
[Graph3D] Calling createSimulation...
[Graph3D] Simulation created, setting up event handlers...
[Graph3D] Data changed: {
  nodesLen: [33m3[39m,
  linksLen: [33m1[39m,
  key: [33m1776869791146[39m,
  timestamp: [33m1776869790143[39m
}
[Graph3D] Creating simulation: [33m3[39m nodes
[Graph3D] createGraphSimulation called: { hasObjectManager: [33mtrue[39m, hasScene: [33mtrue[39m, nodeCount: [33m3[39m, linkCount: [33m1[39m }
[Graph3D] Clearing existing objects...
[Graph3D] Calling createSimulation...
[Graph3D] Simulation created, setting up event handlers...
[Graph3D] Data changed: {
  nodesLen: [33m3[39m,
  linksLen: [33m1[39m,
  key: [33m1776869791228[39m,
  timestamp: [33m1776869790225[39m
}
[Graph3D] Creating simulation: [33m3[39m nodes
[Graph3D] createGraphSimulation called: { hasObjectManager: [33mtrue[39m, hasScene: [33mtrue[39m, nodeCount: [33m3[39m, linkCount: [33m1[39m }
[Graph3D] Clearing existing objects...
[Graph3D] Calling createSimulation...
[Graph3D] Simulation created, setting up event handlers...
[Graph3D] Data changed: {
  nodesLen: [33m3[39m,
  linksLen: [33m1[39m,
  key: [33m1776869791313[39m,
  timestamp: [33m1776869790310[39m
}
[Graph3D] Creating simulation: [33m3[39m nodes
[Graph3D] createGraphSimulation called: { hasObjectManager: [33mtrue[39m, hasScene: [33mtrue[39m, nodeCount: [33m3[39m, linkCount: [33m1[39m }
[Graph3D] Clearing existing objects...
[Graph3D] Calling createSimulation...
[Graph3D] Simulation created, setting up event handlers...
[Graph3D] Data changed: {
  nodesLen: [33m3[39m,
  linksLen: [33m1[39m,
  key: [33m1776869791387[39m,
  timestamp: [33m1776869790384[39m
}
[Graph3D] Creating simulation: [33m3[39m nodes
[Graph3D] createGraphSimulation called: { hasObjectManager: [33mtrue[39m, hasScene: [33mtrue[39m, nodeCount: [33m3[39m, linkCount: [33m1[39m }
[Graph3D] Clearing existing objects...
[Graph3D] Calling createSimulation...
[Graph3D] Simulation created, setting up event handlers...
[Graph3D] Data changed: {
  nodesLen: [33m3[39m,
  linksLen: [33m1[39m,
  key: [33m1776869791462[39m,
  timestamp: [33m1776869790459[39m
}
[Graph3D] Creating simulation: [33m3[39m nodes
[Graph3D] createGraphSimulation called: { hasObjectManager: [33mtrue[39m, hasScene: [33mtrue[39m, nodeCount: [33m3[39m, linkCount: [33m1[39m }
[Graph3D] Clearing existing objects...
[Graph3D] Calling createSimulation...
[Graph3D] Simulation created, setting up event handlers...
[Graph3D] Data changed: {
  nodesLen: [33m3[39m,
  linksLen: [33m1[39m,
  key: [33m1776869791534[39m,
  timestamp: [33m1776869790531[39m
}
[Graph3D] Creating simulation: [33m3[39m nodes
[Graph3D] createGraphSimulation called: { hasObjectManager: [33mtrue[39m, hasScene: [33mtrue[39m, nodeCount: [33m3[39m, linkCount: [33m1[39m }
[Graph3D] Clearing existing objects...
[Graph3D] Calling createSimulation...
[Graph3D] Simulation created, setting up event handlers...
[Graph3D] Data changed: {
  nodesLen: [33m3[39m,
  linksLen: [33m1[39m,
  key: [33m1776869791605[39m,
  timestamp: [33m1776869790602[39m
}
[Graph3D] Creating simulation: [33m3[39m nodes
[Graph3D] createGraphSimulation called: { hasObjectManager: [33mtrue[39m, hasScene: [33mtrue[39m, nodeCount: [33m3[39m, linkCount: [33m1[39m }
[Graph3D] Clearing existing objects...
[Graph3D] Calling createSimulation...
[Graph3D] Simulation created, setting up event handlers...
[Graph3D] Data changed: {
  nodesLen: [33m3[39m,
  linksLen: [33m1[39m,
  key: [33m1776869791679[39m,
  timestamp: [33m1776869790676[39m
}
[Graph3D] Creating simulation: [33m3[39m nodes
[Graph3D] createGraphSimulation called: { hasObjectManager: [33mtrue[39m, hasScene: [33mtrue[39m, nodeCount: [33m3[39m, linkCount: [33m1[39m }
[Graph3D] Clearing existing objects...
[Graph3D] Calling createSimulation...
[Graph3D] Simulation created, setting up event handlers...
[Graph3D] Data changed: {
  nodesLen: [33m3[39m,
  linksLen: [33m1[39m,
  key: [33m1776869791751[39m,
  timestamp: [33m1776869790748[39m
}
[Graph3D] Creating simulation: [33m3[39m nodes
[Graph3D] createGraphSimulation called: { hasObjectManager: [33mtrue[39m, hasScene: [33mtrue[39m, nodeCount: [33m3[39m, linkCount: [33m1[39m }
[Graph3D] Clearing existing objects...
[Graph3D] Calling createSimulation...
[Graph3D] Simulation created, setting up event handlers...
[Graph3D] Data changed: {
  nodesLen: [33m3[39m,
  linksLen: [33m1[39m,
  key: [33m1776869791824[39m,
  timestamp: [33m1776869790821[39m
}
[Graph3D] Creating simulation: [33m3[39m nodes
[Graph3D] createGraphSimulation called: { hasObjectManager: [33mtrue[39m, hasScene: [33mtrue[39m, nodeCount: [33m3[39m, linkCount: [33m1[39m }
[Graph3D] Clearing existing objects...
[Graph3D] Calling createSimulation...
[Graph3D] Simulation created, setting up event handlers...
[Graph3D] Data changed: {
  nodesLen: [33m3[39m,
  linksLen: [33m1[39m,
  key: [33m1776869791902[39m,
  timestamp: [33m1776869790899[39m
}
[Graph3D] Creating simulation: [33m3[39m nodes
[Graph3D] createGraphSimulation called: { hasObjectManager: [33mtrue[39m, hasScene: [33mtrue[39m, nodeCount: [33m3[39m, linkCount: [33m1[39m }
[Graph3D] Clearing existing objects...
[Graph3D] Calling createSimulation...
[Graph3D] Simulation created, setting up event handlers...
[Graph3D] Data changed: {
  nodesLen: [33m3[39m,
  linksLen: [33m1[39m,
  key: [33m1776869791976[39m,
  timestamp: [33m1776869790973[39m
}
[Graph3D] Creating simulation: [33m3[39m nodes
[Graph3D] createGraphSimulation called: { hasObjectManager: [33mtrue[39m, hasScene: [33mtrue[39m, nodeCount: [33m3[39m, linkCount: [33m1[39m }
[Graph3D] Clearing existing objects...
[Graph3D] Calling createSimulation...
[Graph3D] Simulation created, setting up event handlers...
[Graph3D] Data changed: {
  nodesLen: [33m3[39m,
  linksLen: [33m1[39m,
  key: [33m1776869792074[39m,
  timestamp: [33m1776869791071[39m
}
[Graph3D] Creating simulation: [33m3[39m nodes
[Graph3D] createGraphSimulation called: { hasObjectManager: [33mtrue[39m, hasScene: [33mtrue[39m, nodeCount: [33m3[39m, linkCount: [33m1[39m }
[Graph3D] Clearing existing objects...
[Graph3D] Calling createSimulation...
[Graph3D] Simulation created, setting up event handlers...
[Graph3D] Data changed: {
  nodesLen: [33m3[39m,
  linksLen: [33m1[39m,
  key: [33m1776869792146[39m,
  timestamp: [33m1776869791143[39m
}
[Graph3D] Creating simulation: [33m3[39m nodes
[Graph3D] createGraphSimulation called: { hasObjectManager: [33mtrue[39m, hasScene: [33mtrue[39m, nodeCount: [33m3[39m, linkCount: [33m1[39m }
[Graph3D] Clearing existing objects...
[Graph3D] Calling createSimulation...
[Graph3D] Simulation created, setting up event handlers...
[Graph3D] Data changed: {
  nodesLen: [33m3[39m,
  linksLen: [33m1[39m,
  key: [33m1776869792219[39m,
  timestamp: [33m1776869791216[39m
}
[Graph3D] Creating simulation: [33m3[39m nodes
[Graph3D] createGraphSimulation called: { hasObjectManager: [33mtrue[39m, hasScene: [33mtrue[39m, nodeCount: [33m3[39m, linkCount: [33m1[39m }
[Graph3D] Clearing existing objects...
[Graph3D] Calling createSimulation...
[Graph3D] Simulation created, setting up event handlers...
[Graph3D] Data changed: {
  nodesLen: [33m3[39m,
  linksLen: [33m1[39m,
  key: [33m1776869792296[39m,
  timestamp: [33m1776869791293[39m
}
[Graph3D] Creating simulation: [33m3[39m nodes
[Graph3D] createGraphSimulation called: { hasObjectManager: [33mtrue[39m, hasScene: [33mtrue[39m, nodeCount: [33m3[39m, linkCount: [33m1[39m }
[Graph3D] Clearing existing objects...
[Graph3D] Calling createSimulation...
[Graph3D] Simulation created, setting up event handlers...
[Graph3D] Data changed: {
  nodesLen: [33m3[39m,
  linksLen: [33m1[39m,
  key: [33m1776869792370[39m,
  timestamp: [33m1776869791367[39m
}
[Graph3D] Creating simulation: [33m3[39m nodes
[Graph3D] createGraphSimulation called: { hasObjectManager: [33mtrue[39m, hasScene: [33mtrue[39m, nodeCount: [33m3[39m, linkCount: [33m1[39m }
[Graph3D] Clearing existing objects...
[Graph3D] Calling createSimulation...
[Graph3D] Simulation created, setting up event handlers...
[Graph3D] Data changed: {
  nodesLen: [33m3[39m,
  linksLen: [33m1[39m,
  key: [33m1776869792447[39m,
  timestamp: [33m1776869791444[39m
}
[Graph3D] Creating simulation: [33m3[39m nodes
[Graph3D] createGraphSimulation called: { hasObjectManager: [33mtrue[39m, hasScene: [33mtrue[39m, nodeCount: [33m3[39m, linkCount: [33m1[39m }
[Graph3D] Clearing existing objects...
[Graph3D] Calling createSimulation...
[Graph3D] Simulation created, setting up event handlers...
[Graph3D] Data changed: {
  nodesLen: [33m3[39m,
  linksLen: [33m1[39m,
  key: [33m1776869792522[39m,
  timestamp: [33m1776869791519[39m
}
[Graph3D] Creating simulation: [33m3[39m nodes
[Graph3D] createGraphSimulation called: { hasObjectManager: [33mtrue[39m, hasScene: [33mtrue[39m, nodeCount: [33m3[39m, linkCount: [33m1[39m }
[Graph3D] Clearing existing objects...
[Graph3D] Calling createSimulation...
[Graph3D] Simulation created, setting up event handlers...
[Graph3D] Data changed: {
  nodesLen: [33m3[39m,
  linksLen: [33m1[39m,
  key: [33m1776869792597[39m,
  timestamp: [33m1776869791594[39m
}
[Graph3D] Creating simulation: [33m3[39m nodes
[Graph3D] createGraphSimulation called: { hasObjectManager: [33mtrue[39m, hasScene: [33mtrue[39m, nodeCount: [33m3[39m, linkCount: [33m1[39m }
[Graph3D] Clearing existing objects...
[Graph3D] Calling createSimulation...
[Graph3D] Simulation created, setting up event handlers...
[Graph3D] Data changed: {
  nodesLen: [33m3[39m,
  linksLen: [33m1[39m,
  key: [33m1776869792670[39m,
  timestamp: [33m1776869791667[39m
}
[Graph3D] Creating simulation: [33m3[39m nodes
[Graph3D] createGraphSimulation called: { hasObjectManager: [33mtrue[39m, hasScene: [33mtrue[39m, nodeCount: [33m3[39m, linkCount: [33m1[39m }
[Graph3D] Clearing existing objects...
[Graph3D] Calling createSimulation...
[Graph3D] Simulation created, setting up event handlers...
[Graph3D] Data changed: {
  nodesLen: [33m3[39m,
  linksLen: [33m1[39m,
  key: [33m1776869792745[39m,
  timestamp: [33m1776869791742[39m
}
[Graph3D] Creating simulation: [33m3[39m nodes
[Graph3D] createGraphSimulation called: { hasObjectManager: [33mtrue[39m, hasScene: [33mtrue[39m, nodeCount: [33m3[39m, linkCount: [33m1[39m }
[Graph3D] Clearing existing objects...
[Graph3D] Calling createSimulation...
[Graph3D] Simulation created, setting up event handlers...
[Graph3D] Data changed: {
  nodesLen: [33m3[39m,
  linksLen: [33m1[39m,
  key: [33m1776869792828[39m,
  timestamp: [33m1776869791825[39m
}
[Graph3D] Creating simulation: [33m3[39m nodes
[Graph3D] createGraphSimulation called: { hasObjectManager: [33mtrue[39m, hasScene: [33mtrue[39m, nodeCount: [33m3[39m, linkCount: [33m1[39m }
[Graph3D] Clearing existing objects...
[Graph3D] Calling createSimulation...
[Graph3D] Simulation created, setting up event handlers...
[Graph3D] Data changed: {
  nodesLen: [33m3[39m,
  linksLen: [33m1[39m,
  key: [33m1776869792903[39m,
  timestamp: [33m1776869791900[39m
}
[Graph3D] Creating simulation: [33m3[39m nodes
[Graph3D] createGraphSimulation called: { hasObjectManager: [33mtrue[39m, hasScene: [33mtrue[39m, nodeCount: [33m3[39m, linkCount: [33m1[39m }
[Graph3D] Clearing existing objects...
[Graph3D] Calling createSimulation...
[Graph3D] Simulation created, setting up event handlers...
[Graph3D] Data changed: {
  nodesLen: [33m3[39m,
  linksLen: [33m1[39m,
  key: [33m1776869792982[39m,
  timestamp: [33m1776869791979[39m
}
[Graph3D] Creating simulation: [33m3[39m nodes
[Graph3D] createGraphSimulation called: { hasObjectManager: [33mtrue[39m, hasScene: [33mtrue[39m, nodeCount: [33m3[39m, linkCount: [33m1[39m }
[Graph3D] Clearing existing objects...
[Graph3D] Calling createSimulation...
[Graph3D] Simulation created, setting up event handlers...
[Graph3D] Data changed: {
  nodesLen: [33m3[39m,
  linksLen: [33m1[39m,
  key: [33m1776869793054[39m,
  timestamp: [33m1776869792051[39m
}
[Graph3D] Creating simulation: [33m3[39m nodes
[Graph3D] createGraphSimulation called: { hasObjectManager: [33mtrue[39m, hasScene: [33mtrue[39m, nodeCount: [33m3[39m, linkCount: [33m1[39m }
[Graph3D] Clearing existing objects...
[Graph3D] Calling createSimulation...
[Graph3D] Simulation created, setting up event handlers...
[Graph3D] Data changed: {
  nodesLen: [33m3[39m,
  linksLen: [33m1[39m,
  key: [33m1776869793128[39m,
  timestamp: [33m1776869792125[39m
}
[Graph3D] Creating simulation: [33m3[39m nodes
[Graph3D] createGraphSimulation called: { hasObjectManager: [33mtrue[39m, hasScene: [33mtrue[39m, nodeCount: [33m3[39m, linkCount: [33m1[39m }
[Graph3D] Clearing existing objects...
[Graph3D] Calling createSimulation...
[Graph3D] Simulation created, setting up event handlers...
[Graph3D] Data changed: {
  nodesLen: [33m3[39m,
  linksLen: [33m1[39m,
  key: [33m1776869793202[39m,
  timestamp: [33m1776869792199[39m
}
[Graph3D] Creating simulation: [33m3[39m nodes
[Graph3D] createGraphSimulation called: { hasObjectManager: [33mtrue[39m, hasScene: [33mtrue[39m, nodeCount: [33m3[39m, linkCount: [33m1[39m }
[Graph3D] Clearing existing objects...
[Graph3D] Calling createSimulation...
[Graph3D] Simulation created, setting up event handlers...
[Graph3D] Data changed: {
  nodesLen: [33m3[39m,
  linksLen: [33m1[39m,
  key: [33m1776869793279[39m,
  timestamp: [33m1776869792276[39m
}
[Graph3D] Creating simulation: [33m3[39m nodes
[Graph3D] createGraphSimulation called: { hasObjectManager: [33mtrue[39m, hasScene: [33mtrue[39m, nodeCount: [33m3[39m, linkCount: [33m1[39m }
[Graph3D] Clearing existing objects...
[Graph3D] Calling createSimulation...
[Graph3D] Simulation created, setting up event handlers...
[Graph3D] Data changed: {
  nodesLen: [33m3[39m,
  linksLen: [33m1[39m,
  key: [33m1776869793357[39m,
  timestamp: [33m1776869792354[39m
}
[Graph3D] Creating simulation: [33m3[39m nodes
[Graph3D] createGraphSimulation called: { hasObjectManager: [33mtrue[39m, hasScene: [33mtrue[39m, nodeCount: [33m3[39m, linkCount: [33m1[39m }
[Graph3D] Clearing existing objects...
[Graph3D] Calling createSimulation...
[Graph3D] Simulation created, setting up event handlers...
[Graph3D] Data changed: {
  nodesLen: [33m3[39m,
  linksLen: [33m1[39m,
  key: [33m1776869793432[39m,
  timestamp: [33m1776869792429[39m
}
[Graph3D] Creating simulation: [33m3[39m nodes
[Graph3D] createGraphSimulation called: { hasObjectManager: [33mtrue[39m, hasScene: [33mtrue[39m, nodeCount: [33m3[39m, linkCount: [33m1[39m }
[Graph3D] Clearing existing objects...
[Graph3D] Calling createSimulation...
[Graph3D] Simulation created, setting up event handlers...
[Graph3D] Data changed: {
  nodesLen: [33m3[39m,
  linksLen: [33m1[39m,
  key: [33m1776869793514[39m,
  timestamp: [33m1776869792511[39m
}
[Graph3D] Creating simulation: [33m3[39m nodes
[Graph3D] createGraphSimulation called: { hasObjectManager: [33mtrue[39m, hasScene: [33mtrue[39m, nodeCount: [33m3[39m, linkCount: [33m1[39m }
[Graph3D] Clearing existing objects...
[Graph3D] Calling createSimulation...
[Graph3D] Simulation created, setting up event handlers...
[Graph3D] Data changed: {
  nodesLen: [33m3[39m,
  linksLen: [33m1[39m,
  key: [33m1776869793588[39m,
  timestamp: [33m1776869792585[39m
}
[Graph3D] Creating simulation: [33m3[39m nodes
[Graph3D] createGraphSimulation called: { hasObjectManager: [33mtrue[39m, hasScene: [33mtrue[39m, nodeCount: [33m3[39m, linkCount: [33m1[39m }
[Graph3D] Clearing existing objects...
[Graph3D] Calling createSimulation...
[Graph3D] Simulation created, setting up event handlers...
[Graph3D] Data changed: {
  nodesLen: [33m3[39m,
  linksLen: [33m1[39m,
  key: [33m1776869793664[39m,
  timestamp: [33m1776869792661[39m
}
[Graph3D] Creating simulation: [33m3[39m nodes
[Graph3D] createGraphSimulation called: { hasObjectManager: [33mtrue[39m, hasScene: [33mtrue[39m, nodeCount: [33m3[39m, linkCount: [33m1[39m }
[Graph3D] Clearing existing objects...
[Graph3D] Calling createSimulation...
[Graph3D] Simulation created, setting up event handlers...
[Graph3D] Data changed: {
  nodesLen: [33m3[39m,
  linksLen: [33m1[39m,
  key: [33m1776869793736[39m,
  timestamp: [33m1776869792733[39m
}
[Graph3D] Creating simulation: [33m3[39m nodes
[Graph3D] createGraphSimulation called: { hasObjectManager: [33mtrue[39m, hasScene: [33mtrue[39m, nodeCount: [33m3[39m, linkCount: [33m1[39m }
[Graph3D] Clearing existing objects...
[Graph3D] Calling createSimulation...
[Graph3D] Simulation created, setting up event handlers...
[Graph3D] Data changed: {
  nodesLen: [33m3[39m,
  linksLen: [33m1[39m,
  key: [33m1776869793813[39m,
  timestamp: [33m1776869792810[39m
}
[Graph3D] Creating simulation: [33m3[39m nodes
[Graph3D] createGraphSimulation called: { hasObjectManager: [33mtrue[39m, hasScene: [33mtrue[39m, nodeCount: [33m3[39m, linkCount: [33m1[39m }
[Graph3D] Clearing existing objects...
[Graph3D] Calling createSimulation...
[Graph3D] Simulation created, setting up event handlers...
[Graph3D] Data changed: {
  nodesLen: [33m3[39m,
  linksLen: [33m1[39m,
  key: [33m1776869793887[39m,
  timestamp: [33m1776869792884[39m
}
[Graph3D] Creating simulation: [33m3[39m nodes
[Graph3D] createGraphSimulation called: { hasObjectManager: [33mtrue[39m, hasScene: [33mtrue[39m, nodeCount: [33m3[39m, linkCount: [33m1[39m }
[Graph3D] Clearing existing objects...
[Graph3D] Calling createSimulation...
[Graph3D] Simulation created, setting up event handlers...
[Graph3D] Data changed: {
  nodesLen: [33m3[39m,
  linksLen: [33m1[39m,
  key: [33m1776869793963[39m,
  timestamp: [33m1776869792960[39m
}
[Graph3D] Creating simulation: [33m3[39m nodes
[Graph3D] createGraphSimulation called: { hasObjectManager: [33mtrue[39m, hasScene: [33mtrue[39m, nodeCount: [33m3[39m, linkCount: [33m1[39m }
[Graph3D] Clearing existing objects...
[Graph3D] Calling createSimulation...
[Graph3D] Simulation created, setting up event handlers...
[Graph3D] Data changed: {
  nodesLen: [33m3[39m,
  linksLen: [33m1[39m,
  key: [33m1776869794036[39m,
  timestamp: [33m1776869793033[39m
}
[Graph3D] Creating simulation: [33m3[39m nodes
[Graph3D] createGraphSimulation called: { hasObjectManager: [33mtrue[39m, hasScene: [33mtrue[39m, nodeCount: [33m3[39m, linkCount: [33m1[39m }
[Graph3D] Clearing existing objects...
[Graph3D] Calling createSimulation...
[Graph3D] Simulation created, setting up event handlers...
[Graph3D] Data changed: {
  nodesLen: [33m3[39m,
  linksLen: [33m1[39m,
  key: [33m1776869794113[39m,
  timestamp: [33m1776869793110[39m
}
[Graph3D] Creating simulation: [33m3[39m nodes
[Graph3D] createGraphSimulation called: { hasObjectManager: [33mtrue[39m, hasScene: [33mtrue[39m, nodeCount: [33m3[39m, linkCount: [33m1[39m }
[Graph3D] Clearing existing objects...
[Graph3D] Calling createSimulation...
[Graph3D] Simulation created, setting up event handlers...
[Graph3D] Data changed: {
  nodesLen: [33m3[39m,
  linksLen: [33m1[39m,
  key: [33m1776869794186[39m,
  timestamp: [33m1776869793183[39m
}
[Graph3D] Creating simulation: [33m3[39m nodes
[Graph3D] createGraphSimulation called: { hasObjectManager: [33mtrue[39m, hasScene: [33mtrue[39m, nodeCount: [33m3[39m, linkCount: [33m1[39m }
[Graph3D] Clearing existing objects...
[Graph3D] Calling createSimulation...
[Graph3D] Simulation created, setting up event handlers...
[Graph3D] Data changed: {
  nodesLen: [33m3[39m,
  linksLen: [33m1[39m,
  key: [33m1776869794266[39m,
  timestamp: [33m1776869793263[39m
}
[Graph3D] Creating simulation: [33m3[39m nodes
[Graph3D] createGraphSimulation called: { hasObjectManager: [33mtrue[39m, hasScene: [33mtrue[39m, nodeCount: [33m3[39m, linkCount: [33m1[39m }
[Graph3D] Clearing existing objects...
[Graph3D] Calling createSimulation...
[Graph3D] Simulation created, setting up event handlers...
[Graph3D] Data changed: {
  nodesLen: [33m3[39m,
  linksLen: [33m1[39m,
  key: [33m1776869794343[39m,
  timestamp: [33m1776869793340[39m
}
[Graph3D] Creating simulation: [33m3[39m nodes
[Graph3D] createGraphSimulation called: { hasObjectManager: [33mtrue[39m, hasScene: [33mtrue[39m, nodeCount: [33m3[39m, linkCount: [33m1[39m }
[Graph3D] Clearing existing objects...
[Graph3D] Calling createSimulation...
[Graph3D] Simulation created, setting up event handlers...
[Graph3D] Data changed: {
  nodesLen: [33m3[39m,
  linksLen: [33m1[39m,
  key: [33m1776869794421[39m,
  timestamp: [33m1776869793418[39m
}
[Graph3D] Creating simulation: [33m3[39m nodes
[Graph3D] createGraphSimulation called: { hasObjectManager: [33mtrue[39m, hasScene: [33mtrue[39m, nodeCount: [33m3[39m, linkCount: [33m1[39m }
[Graph3D] Clearing existing objects...
[Graph3D] Calling createSimulation...
[Graph3D] Simulation created, setting up event handlers...
[Graph3D] Data changed: {
  nodesLen: [33m3[39m,
  linksLen: [33m1[39m,
  key: [33m1776869794497[39m,
  timestamp: [33m1776869793494[39m
}
[Graph3D] Creating simulation: [33m3[39m nodes
[Graph3D] createGraphSimulation called: { hasObjectManager: [33mtrue[39m, hasScene: [33mtrue[39m, nodeCount: [33m3[39m, linkCount: [33m1[39m }
[Graph3D] Clearing existing objects...
[Graph3D] Calling createSimulation...
[Graph3D] Simulation created, setting up event handlers...
[Graph3D] Data changed: {
  nodesLen: [33m3[39m,
  linksLen: [33m1[39m,
  key: [33m1776869794573[39m,
  timestamp: [33m1776869793570[39m
}
[Graph3D] Creating simulation: [33m3[39m nodes
[Graph3D] createGraphSimulation called: { hasObjectManager: [33mtrue[39m, hasScene: [33mtrue[39m, nodeCount: [33m3[39m, linkCount: [33m1[39m }
[Graph3D] Clearing existing objects...
[Graph3D] Calling createSimulation...
[Graph3D] Simulation created, setting up event handlers...
[Graph3D] Data changed: {
  nodesLen: [33m3[39m,
  linksLen: [33m1[39m,
  key: [33m1776869794647[39m,
  timestamp: [33m1776869793644[39m
}
[Graph3D] Creating simulation: [33m3[39m nodes
[Graph3D] createGraphSimulation called: { hasObjectManager: [33mtrue[39m, hasScene: [33mtrue[39m, nodeCount: [33m3[39m, linkCount: [33m1[39m }
[Graph3D] Clearing existing objects...
[Graph3D] Calling createSimulation...
[Graph3D] Simulation created, setting up event handlers...
[Graph3D] Data changed: {
  nodesLen: [33m3[39m,
  linksLen: [33m1[39m,
  key: [33m1776869794725[39m,
  timestamp: [33m1776869793722[39m
}
[Graph3D] Creating simulation: [33m3[39m nodes
[Graph3D] createGraphSimulation called: { hasObjectManager: [33mtrue[39m, hasScene: [33mtrue[39m, nodeCount: [33m3[39m, linkCount: [33m1[39m }
[Graph3D] Clearing existing objects...
[Graph3D] Calling createSimulation...
[Graph3D] Simulation created, setting up event handlers...
[Graph3D] Data changed: {
  nodesLen: [33m3[39m,
  linksLen: [33m1[39m,
  key: [33m1776869794798[39m,
  timestamp: [33m1776869793795[39m
}
[Graph3D] Creating simulation: [33m3[39m nodes
[Graph3D] createGraphSimulation called: { hasObjectManager: [33mtrue[39m, hasScene: [33mtrue[39m, nodeCount: [33m3[39m, linkCount: [33m1[39m }
[Graph3D] Clearing existing objects...
[Graph3D] Calling createSimulation...
[Graph3D] Simulation created, setting up event handlers...
[Graph3D] Data changed: {
  nodesLen: [33m3[39m,
  linksLen: [33m1[39m,
  key: [33m1776869794874[39m,
  timestamp: [33m1776869793871[39m
}
[Graph3D] Creating simulation: [33m3[39m nodes
[Graph3D] createGraphSimulation called: { hasObjectManager: [33mtrue[39m, hasScene: [33mtrue[39m, nodeCount: [33m3[39m, linkCount: [33m1[39m }
[Graph3D] Clearing existing objects...
[Graph3D] Calling createSimulation...
[Graph3D] Simulation created, setting up event handlers...
[Graph3D] Data changed: {
  nodesLen: [33m3[39m,
  linksLen: [33m1[39m,
  key: [33m1776869794952[39m,
  timestamp: [33m1776869793949[39m
}
[Graph3D] Creating simulation: [33m3[39m nodes
[Graph3D] createGraphSimulation called: { hasObjectManager: [33mtrue[39m, hasScene: [33mtrue[39m, nodeCount: [33m3[39m, linkCount: [33m1[39m }
[Graph3D] Clearing existing objects...
[Graph3D] Calling createSimulation...
[Graph3D] Simulation created, setting up event handlers...
[Graph3D] Data changed: {
  nodesLen: [33m3[39m,
  linksLen: [33m1[39m,
  key: [33m1776869795033[39m,
  timestamp: [33m1776869794030[39m
}
[Graph3D] Creating simulation: [33m3[39m nodes
[Graph3D] createGraphSimulation called: { hasObjectManager: [33mtrue[39m, hasScene: [33mtrue[39m, nodeCount: [33m3[39m, linkCount: [33m1[39m }
[Graph3D] Clearing existing objects...
[Graph3D] Calling createSimulation...
[Graph3D] Simulation created, setting up event handlers...
[Graph3D] Data changed: {
  nodesLen: [33m3[39m,
  linksLen: [33m1[39m,
  key: [33m1776869795114[39m,
  timestamp: [33m1776869794111[39m
}
[Graph3D] Creating simulation: [33m3[39m nodes
[Graph3D] createGraphSimulation called: { hasObjectManager: [33mtrue[39m, hasScene: [33mtrue[39m, nodeCount: [33m3[39m, linkCount: [33m1[39m }
[Graph3D] Clearing existing objects...
[Graph3D] Calling createSimulation...
[Graph3D] Simulation created, setting up event handlers...
[Graph3D] Data changed: {
  nodesLen: [33m3[39m,
  linksLen: [33m1[39m,
  key: [33m1776869795195[39m,
  timestamp: [33m1776869794192[39m
}
[Graph3D] Creating simulation: [33m3[39m nodes
[Graph3D] createGraphSimulation called: { hasObjectManager: [33mtrue[39m, hasScene: [33mtrue[39m, nodeCount: [33m3[39m, linkCount: [33m1[39m }
[Graph3D] Clearing existing objects...
[Graph3D] Calling createSimulation...
[Graph3D] Simulation created, setting up event handlers...
[Graph3D] Data changed: {
  nodesLen: [33m3[39m,
  linksLen: [33m1[39m,
  key: [33m1776869795274[39m,
  timestamp: [33m1776869794271[39m
}
[Graph3D] Creating simulation: [33m3[39m nodes
[Graph3D] createGraphSimulation called: { hasObjectManager: [33mtrue[39m, hasScene: [33mtrue[39m, nodeCount: [33m3[39m, linkCount: [33m1[39m }
[Graph3D] Clearing existing objects...
[Graph3D] Calling createSimulation...
[Graph3D] Simulation created, setting up event handlers...
[Graph3D] Data changed: {
  nodesLen: [33m3[39m,
  linksLen: [33m1[39m,
  key: [33m1776869795359[39m,
  timestamp: [33m1776869794356[39m
}
[Graph3D] Creating simulation: [33m3[39m nodes
[Graph3D] createGraphSimulation called: { hasObjectManager: [33mtrue[39m, hasScene: [33mtrue[39m, nodeCount: [33m3[39m, linkCount: [33m1[39m }
[Graph3D] Clearing existing objects...
[Graph3D] Calling createSimulation...
[Graph3D] Simulation created, setting up event handlers...
[Graph3D] Data changed: {
  nodesLen: [33m3[39m,
  linksLen: [33m1[39m,
  key: [33m1776869795436[39m,
  timestamp: [33m1776869794433[39m
}
[Graph3D] Creating simulation: [33m3[39m nodes
[Graph3D] createGraphSimulation called: { hasObjectManager: [33mtrue[39m, hasScene: [33mtrue[39m, nodeCount: [33m3[39m, linkCount: [33m1[39m }
[Graph3D] Clearing existing objects...
[Graph3D] Calling createSimulation...
[Graph3D] Simulation created, setting up event handlers...
[Graph3D] Data changed: {
  nodesLen: [33m3[39m,
  linksLen: [33m1[39m,
  key: [33m1776869795514[39m,
  timestamp: [33m1776869794511[39m
}
[Graph3D] Creating simulation: [33m3[39m nodes
[Graph3D] createGraphSimulation called: { hasObjectManager: [33mtrue[39m, hasScene: [33mtrue[39m, nodeCount: [33m3[39m, linkCount: [33m1[39m }
[Graph3D] Clearing existing objects...
[Graph3D] Calling createSimulation...
[Graph3D] Simulation created, setting up event handlers...
[Graph3D] Data changed: {
  nodesLen: [33m3[39m,
  linksLen: [33m1[39m,
  key: [33m1776869795594[39m,
  timestamp: [33m1776869794591[39m
}
[Graph3D] Creating simulation: [33m3[39m nodes
[Graph3D] createGraphSimulation called: { hasObjectManager: [33mtrue[39m, hasScene: [33mtrue[39m, nodeCount: [33m3[39m, linkCount: [33m1[39m }
[Graph3D] Clearing existing objects...
[Graph3D] Calling createSimulation...
[Graph3D] Simulation created, setting up event handlers...
[Graph3D] Data changed: {
  nodesLen: [33m3[39m,
  linksLen: [33m1[39m,
  key: [33m1776869795669[39m,
  timestamp: [33m1776869794666[39m
}
[Graph3D] Creating simulation: [33m3[39m nodes
[Graph3D] createGraphSimulation called: { hasObjectManager: [33mtrue[39m, hasScene: [33mtrue[39m, nodeCount: [33m3[39m, linkCount: [33m1[39m }
[Graph3D] Clearing existing objects...
[Graph3D] Calling createSimulation...
[Graph3D] Simulation created, setting up event handlers...
[Graph3D] Data changed: {
  nodesLen: [33m3[39m,
  linksLen: [33m1[39m,
  key: [33m1776869795750[39m,
  timestamp: [33m1776869794747[39m
}
[Graph3D] Creating simulation: [33m3[39m nodes
[Graph3D] createGraphSimulation called: { hasObjectManager: [33mtrue[39m, hasScene: [33mtrue[39m, nodeCount: [33m3[39m, linkCount: [33m1[39m }
[Graph3D] Clearing existing objects...
[Graph3D] Calling createSimulation...
[Graph3D] Simulation created, setting up event handlers...
[Graph3D] Data changed: {
  nodesLen: [33m3[39m,
  linksLen: [33m1[39m,
  key: [33m1776869795830[39m,
  timestamp: [33m1776869794827[39m
}
[Graph3D] Creating simulation: [33m3[39m nodes
[Graph3D] createGraphSimulation called: { hasObjectManager: [33mtrue[39m, hasScene: [33mtrue[39m, nodeCount: [33m3[39m, linkCount: [33m1[39m }
[Graph3D] Clearing existing objects...
[Graph3D] Calling createSimulation...
[Graph3D] Simulation created, setting up event handlers...
[Graph3D] Data changed: {
  nodesLen: [33m3[39m,
  linksLen: [33m1[39m,
  key: [33m1776869795904[39m,
  timestamp: [33m1776869794901[39m
}
[Graph3D] Creating simulation: [33m3[39m nodes
[Graph3D] createGraphSimulation called: { hasObjectManager: [33mtrue[39m, hasScene: [33mtrue[39m, nodeCount: [33m3[39m, linkCount: [33m1[39m }
[Graph3D] Clearing existing objects...
[Graph3D] Calling createSimulation...
[Graph3D] Simulation created, setting up event handlers...
[Graph3D] Data changed: {
  nodesLen: [33m3[39m,
  linksLen: [33m1[39m,
  key: [33m1776869795986[39m,
  timestamp: [33m1776869794983[39m
}
[Graph3D] Creating simulation: [33m3[39m nodes
[Graph3D] createGraphSimulation called: { hasObjectManager: [33mtrue[39m, hasScene: [33mtrue[39m, nodeCount: [33m3[39m, linkCount: [33m1[39m }
[Graph3D] Clearing existing objects...
[Graph3D] Calling createSimulation...
[Graph3D] Simulation created, setting up event handlers...
[Graph3D] Data changed: {
  nodesLen: [33m3[39m,
  linksLen: [33m1[39m,
  key: [33m1776869796065[39m,
  timestamp: [33m1776869795062[39m
}
[Graph3D] Creating simulation: [33m3[39m nodes
[Graph3D] createGraphSimulation called: { hasObjectManager: [33mtrue[39m, hasScene: [33mtrue[39m, nodeCount: [33m3[39m, linkCount: [33m1[39m }
[Graph3D] Clearing existing objects...
[Graph3D] Calling createSimulation...
[Graph3D] Simulation created, setting up event handlers...
[Graph3D] Data changed: {
  nodesLen: [33m3[39m,
  linksLen: [33m1[39m,
  key: [33m1776869796143[39m,
  timestamp: [33m1776869795140[39m
}
[Graph3D] Creating simulation: [33m3[39m nodes
[Graph3D] createGraphSimulation called: { hasObjectManager: [33mtrue[39m, hasScene: [33mtrue[39m, nodeCount: [33m3[39m, linkCount: [33m1[39m }
[Graph3D] Clearing existing objects...
[Graph3D] Calling createSimulation...
[Graph3D] Simulation created, setting up event handlers...
[Graph3D] Data changed: {
  nodesLen: [33m3[39m,
  linksLen: [33m1[39m,
  key: [33m1776869796223[39m,
  timestamp: [33m1776869795220[39m
}
[Graph3D] Creating simulation: [33m3[39m nodes
[Graph3D] createGraphSimulation called: { hasObjectManager: [33mtrue[39m, hasScene: [33mtrue[39m, nodeCount: [33m3[39m, linkCount: [33m1[39m }
[Graph3D] Clearing existing objects...
[Graph3D] Calling createSimulation...
[Graph3D] Simulation created, setting up event handlers...
[Graph3D] Data changed: {
  nodesLen: [33m3[39m,
  linksLen: [33m1[39m,
  key: [33m1776869796303[39m,
  timestamp: [33m1776869795300[39m
}
[Graph3D] Creating simulation: [33m3[39m nodes
[Graph3D] createGraphSimulation called: { hasObjectManager: [33mtrue[39m, hasScene: [33mtrue[39m, nodeCount: [33m3[39m, linkCount: [33m1[39m }
[Graph3D] Clearing existing objects...
[Graph3D] Calling createSimulation...
[Graph3D] Simulation created, setting up event handlers...
[Graph3D] Data changed: {
  nodesLen: [33m3[39m,
  linksLen: [33m1[39m,
  key: [33m1776869796403[39m,
  timestamp: [33m1776869795400[39m
}
[Graph3D] Creating simulation: [33m3[39m nodes
[Graph3D] createGraphSimulation called: { hasObjectManager: [33mtrue[39m, hasScene: [33mtrue[39m, nodeCount: [33m3[39m, linkCount: [33m1[39m }
[Graph3D] Clearing existing objects...
[Graph3D] Calling createSimulation...
[Graph3D] Simulation created, setting up event handlers...
[Graph3D] Data changed: {
  nodesLen: [33m3[39m,
  linksLen: [33m1[39m,
  key: [33m1776869796495[39m,
  timestamp: [33m1776869795492[39m
}
[Graph3D] Creating simulation: [33m3[39m nodes
[Graph3D] createGraphSimulation called: { hasObjectManager: [33mtrue[39m, hasScene: [33mtrue[39m, nodeCount: [33m3[39m, linkCount: [33m1[39m }
[Graph3D] Clearing existing objects...
[Graph3D] Calling createSimulation...
[Graph3D] Simulation created, setting up event handlers...
[Graph3D] Data changed: {
  nodesLen: [33m3[39m,
  linksLen: [33m1[39m,
  key: [33m1776869796592[39m,
  timestamp: [33m1776869795589[39m
}
[Graph3D] Creating simulation: [33m3[39m nodes
[Graph3D] createGraphSimulation called: { hasObjectManager: [33mtrue[39m, hasScene: [33mtrue[39m, nodeCount: [33m3[39m, linkCount: [33m1[39m }
[Graph3D] Clearing existing objects...
[Graph3D] Calling createSimulation...
[Graph3D] Simulation created, setting up event handlers...
[Graph3D] Data changed: {
  nodesLen: [33m3[39m,
  linksLen: [33m1[39m,
  key: [33m1776869796690[39m,
  timestamp: [33m1776869795687[39m
}
[Graph3D] Creating simulation: [33m3[39m nodes
[Graph3D] createGraphSimulation called: { hasObjectManager: [33mtrue[39m, hasScene: [33mtrue[39m, nodeCount: [33m3[39m, linkCount: [33m1[39m }
[Graph3D] Clearing existing objects...
[Graph3D] Calling createSimulation...
[Graph3D] Simulation created, setting up event handlers...
[Graph3D] Data changed: {
  nodesLen: [33m3[39m,
  linksLen: [33m1[39m,
  key: [33m1776869796789[39m,
  timestamp: [33m1776869795786[39m
}
[Graph3D] Creating simulation: [33m3[39m nodes
[Graph3D] createGraphSimulation called: { hasObjectManager: [33mtrue[39m, hasScene: [33mtrue[39m, nodeCount: [33m3[39m, linkCount: [33m1[39m }
[Graph3D] Clearing existing objects...
[Graph3D] Calling createSimulation...
[Graph3D] Simulation created, setting up event handlers...
[Graph3D] Data changed: {
  nodesLen: [33m3[39m,
  linksLen: [33m1[39m,
  key: [33m1776869796884[39m,
  timestamp: [33m1776869795881[39m
}
[Graph3D] Creating simulation: [33m3[39m nodes
[Graph3D] createGraphSimulation called: { hasObjectManager: [33mtrue[39m, hasScene: [33mtrue[39m, nodeCount: [33m3[39m, linkCount: [33m1[39m }
[Graph3D] Clearing existing objects...
[Graph3D] Calling createSimulation...
[Graph3D] Simulation created, setting up event handlers...
[Graph3D] Data changed: {
  nodesLen: [33m3[39m,
  linksLen: [33m1[39m,
  key: [33m1776869796996[39m,
  timestamp: [33m1776869795993[39m
}
[Graph3D] Creating simulation: [33m3[39m nodes
[Graph3D] createGraphSimulation called: { hasObjectManager: [33mtrue[39m, hasScene: [33mtrue[39m, nodeCount: [33m3[39m, linkCount: [33m1[39m }
[Graph3D] Clearing existing objects...
[Graph3D] Calling createSimulation...
[Graph3D] Simulation created, setting up event handlers...
[Graph3D] Data changed: {
  nodesLen: [33m3[39m,
  linksLen: [33m1[39m,
  key: [33m1776869797121[39m,
  timestamp: [33m1776869796118[39m
}
[Graph3D] Creating simulation: [33m3[39m nodes
[Graph3D] createGraphSimulation called: { hasObjectManager: [33mtrue[39m, hasScene: [33mtrue[39m, nodeCount: [33m3[39m, linkCount: [33m1[39m }
[Graph3D] Clearing existing objects...
[Graph3D] Calling createSimulation...
[Graph3D] Simulation created, setting up event handlers...
[Graph3D] Data changed: {
  nodesLen: [33m3[39m,
  linksLen: [33m1[39m,
  key: [33m1776869797217[39m,
  timestamp: [33m1776869796214[39m
}
[Graph3D] Creating simulation: [33m3[39m nodes
[Graph3D] createGraphSimulation called: { hasObjectManager: [33mtrue[39m, hasScene: [33mtrue[39m, nodeCount: [33m3[39m, linkCount: [33m1[39m }
[Graph3D] Clearing existing objects...
[Graph3D] Calling createSimulation...
[Graph3D] Simulation created, setting up event handlers...
[Graph3D] Data changed: {
  nodesLen: [33m3[39m,
  linksLen: [33m1[39m,
  key: [33m1776869797312[39m,
  timestamp: [33m1776869796309[39m
}
[Graph3D] Creating simulation: [33m3[39m nodes
[Graph3D] createGraphSimulation called: { hasObjectManager: [33mtrue[39m, hasScene: [33mtrue[39m, nodeCount: [33m3[39m, linkCount: [33m1[39m }
[Graph3D] Clearing existing objects...
[Graph3D] Calling createSimulation...
[Graph3D] Simulation created, setting up event handlers...
[Graph3D] Data changed: {
  nodesLen: [33m3[39m,
  linksLen: [33m1[39m,
  key: [33m1776869797417[39m,
  timestamp: [33m1776869796414[39m
}
[Graph3D] Creating simulation: [33m3[39m nodes
[Graph3D] createGraphSimulation called: { hasObjectManager: [33mtrue[39m, hasScene: [33mtrue[39m, nodeCount: [33m3[39m, linkCount: [33m1[39m }
[Graph3D] Clearing existing objects...
[Graph3D] Calling createSimulation...
[Graph3D] Simulation created, setting up event handlers...
[Graph3D] Data changed: {
  nodesLen: [33m3[39m,
  linksLen: [33m1[39m,
  key: [33m1776869797510[39m,
  timestamp: [33m1776869796507[39m
}
[Graph3D] Creating simulation: [33m3[39m nodes
[Graph3D] createGraphSimulation called: { hasObjectManager: [33mtrue[39m, hasScene: [33mtrue[39m, nodeCount: [33m3[39m, linkCount: [33m1[39m }
[Graph3D] Clearing existing objects...
[Graph3D] Calling createSimulation...
[Graph3D] Simulation created, setting up event handlers...
[Graph3D] Data changed: {
  nodesLen: [33m3[39m,
  linksLen: [33m1[39m,
  key: [33m1776869797612[39m,
  timestamp: [33m1776869796609[39m
}
[Graph3D] Creating simulation: [33m3[39m nodes
[Graph3D] createGraphSimulation called: { hasObjectManager: [33mtrue[39m, hasScene: [33mtrue[39m, nodeCount: [33m3[39m, linkCount: [33m1[39m }
[Graph3D] Clearing existing objects...
[Graph3D] Calling createSimulation...
[Graph3D] Simulation created, setting up event handlers...
[Graph3D] Data changed: {
  nodesLen: [33m3[39m,
  linksLen: [33m1[39m,
  key: [33m1776869797702[39m,
  timestamp: [33m1776869796699[39m
}
[Graph3D] Creating simulation: [33m3[39m nodes
[Graph3D] createGraphSimulation called: { hasObjectManager: [33mtrue[39m, hasScene: [33mtrue[39m, nodeCount: [33m3[39m, linkCount: [33m1[39m }
[Graph3D] Clearing existing objects...
[Graph3D] Calling createSimulation...
[Graph3D] Simulation created, setting up event handlers...
[Graph3D] Data changed: {
  nodesLen: [33m3[39m,
  linksLen: [33m1[39m,
  key: [33m1776869797838[39m,
  timestamp: [33m1776869796835[39m
}
[Graph3D] Creating simulation: [33m3[39m nodes
[Graph3D] createGraphSimulation called: { hasObjectManager: [33mtrue[39m, hasScene: [33mtrue[39m, nodeCount: [33m3[39m, linkCount: [33m1[39m }
[Graph3D] Clearing existing objects...
[Graph3D] Calling createSimulation...
[Graph3D] Simulation created, setting up event handlers...
[Graph3D] Data changed: {
  nodesLen: [33m3[39m,
  linksLen: [33m1[39m,
  key: [33m1776869797947[39m,
  timestamp: [33m1776869796944[39m
}
[Graph3D] Creating simulation: [33m3[39m nodes
[Graph3D] createGraphSimulation called: { hasObjectManager: [33mtrue[39m, hasScene: [33mtrue[39m, nodeCount: [33m3[39m, linkCount: [33m1[39m }
[Graph3D] Clearing existing objects...
[Graph3D] Calling createSimulation...
[Graph3D] Simulation created, setting up event handlers...
[Graph3D] Data changed: {
  nodesLen: [33m3[39m,
  linksLen: [33m1[39m,
  key: [33m1776869798086[39m,
  timestamp: [33m1776869797083[39m
}
[Graph3D] Creating simulation: [33m3[39m nodes
[Graph3D] createGraphSimulation called: { hasObjectManager: [33mtrue[39m, hasScene: [33mtrue[39m, nodeCount: [33m3[39m, linkCount: [33m1[39m }
[Graph3D] Clearing existing objects...
[Graph3D] Calling createSimulation...
[Graph3D] Simulation created, setting up event handlers...
[Graph3D] Data changed: {
  nodesLen: [33m3[39m,
  linksLen: [33m1[39m,
  key: [33m1776869798192[39m,
  timestamp: [33m1776869797189[39m
}
[Graph3D] Creating simulation: [33m3[39m nodes
[Graph3D] createGraphSimulation called: { hasObjectManager: [33mtrue[39m, hasScene: [33mtrue[39m, nodeCount: [33m3[39m, linkCount: [33m1[39m }
[Graph3D] Clearing existing objects...
[Graph3D] Calling createSimulation...
[Graph3D] Simulation created, setting up event handlers...
[Graph3D] Data changed: {
  nodesLen: [33m3[39m,
  linksLen: [33m1[39m,
  key: [33m1776869798308[39m,
  timestamp: [33m1776869797305[39m
}
[Graph3D] Creating simulation: [33m3[39m nodes
[Graph3D] createGraphSimulation called: { hasObjectManager: [33mtrue[39m, hasScene: [33mtrue[39m, nodeCount: [33m3[39m, linkCount: [33m1[39m }
[Graph3D] Clearing existing objects...
[Graph3D] Calling createSimulation...
[Graph3D] Simulation created, setting up event handlers...
[Graph3D] Data changed: {
  nodesLen: [33m3[39m,
  linksLen: [33m1[39m,
  key: [33m1776869798448[39m,
  timestamp: [33m1776869797445[39m
}
[Graph3D] Creating simulation: [33m3[39m nodes
[Graph3D] createGraphSimulation called: { hasObjectManager: [33mtrue[39m, hasScene: [33mtrue[39m, nodeCount: [33m3[39m, linkCount: [33m1[39m }
[Graph3D] Clearing existing objects...
[Graph3D] Calling createSimulation...
[Graph3D] Simulation created, setting up event handlers...
[Graph3D] Data changed: {
  nodesLen: [33m3[39m,
  linksLen: [33m1[39m,
  key: [33m1776869798559[39m,
  timestamp: [33m1776869797556[39m
}
[Graph3D] Creating simulation: [33m3[39m nodes
[Graph3D] createGraphSimulation called: { hasObjectManager: [33mtrue[39m, hasScene: [33mtrue[39m, nodeCount: [33m3[39m, linkCount: [33m1[39m }
[Graph3D] Clearing existing objects...
[Graph3D] Calling createSimulation...
[Graph3D] Simulation created, setting up event handlers...
[Graph3D] Data changed: {
  nodesLen: [33m3[39m,
  linksLen: [33m1[39m,
  key: [33m1776869798671[39m,
  timestamp: [33m1776869797668[39m
}
[Graph3D] Creating simulation: [33m3[39m nodes
[Graph3D] createGraphSimulation called: { hasObjectManager: [33mtrue[39m, hasScene: [33mtrue[39m, nodeCount: [33m3[39m, linkCount: [33m1[39m }
[Graph3D] Clearing existing objects...
[Graph3D] Calling createSimulation...
[Graph3D] Simulation created, setting up event handlers...
[Graph3D] Data changed: {
  nodesLen: [33m3[39m,
  linksLen: [33m1[39m,
  key: [33m1776869798785[39m,
  timestamp: [33m1776869797782[39m
}
[Graph3D] Creating simulation: [33m3[39m nodes
[Graph3D] createGraphSimulation called: { hasObjectManager: [33mtrue[39m, hasScene: [33mtrue[39m, nodeCount: [33m3[39m, linkCount: [33m1[39m }
[Graph3D] Clearing existing objects...
[Graph3D] Calling createSimulation...
[Graph3D] Simulation created, setting up event handlers...
[Graph3D] Data changed: {
  nodesLen: [33m3[39m,
  linksLen: [33m1[39m,
  key: [33m1776869798891[39m,
  timestamp: [33m1776869797888[39m
}
[Graph3D] Creating simulation: [33m3[39m nodes
[Graph3D] createGraphSimulation called: { hasObjectManager: [33mtrue[39m, hasScene: [33mtrue[39m, nodeCount: [33m3[39m, linkCount: [33m1[39m }
[Graph3D] Clearing existing objects...
[Graph3D] Calling createSimulation...
[Graph3D] Simulation created, setting up event handlers...
[Graph3D] Data changed: {
  nodesLen: [33m3[39m,
  linksLen: [33m1[39m,
  key: [33m1776869799021[39m,
  timestamp: [33m1776869798018[39m
}
[Graph3D] Creating simulation: [33m3[39m nodes
[Graph3D] createGraphSimulation called: { hasObjectManager: [33mtrue[39m, hasScene: [33mtrue[39m, nodeCount: [33m3[39m, linkCount: [33m1[39m }
[Graph3D] Clearing existing objects...
[Graph3D] Calling createSimulation...
[Graph3D] Simulation created, setting up event handlers...
[Graph3D] Data changed: {
  nodesLen: [33m3[39m,
  linksLen: [33m1[39m,
  key: [33m1776869799125[39m,
  timestamp: [33m1776869798122[39m
}
[Graph3D] Creating simulation: [33m3[39m nodes
[Graph3D] createGraphSimulation called: { hasObjectManager: [33mtrue[39m, hasScene: [33mtrue[39m, nodeCount: [33m3[39m, linkCount: [33m1[39m }
[Graph3D] Clearing existing objects...
[Graph3D] Calling createSimulation...
[Graph3D] Simulation created, setting up event handlers...
[Graph3D] Data changed: {
  nodesLen: [33m3[39m,
  linksLen: [33m1[39m,
  key: [33m1776869799222[39m,
  timestamp: [33m1776869798219[39m
}
[Graph3D] Creating simulation: [33m3[39m nodes
[Graph3D] createGraphSimulation called: { hasObjectManager: [33mtrue[39m, hasScene: [33mtrue[39m, nodeCount: [33m3[39m, linkCount: [33m1[39m }
[Graph3D] Clearing existing objects...
[Graph3D] Calling createSimulation...
[Graph3D] Simulation created, setting up event handlers...
[Graph3D] Data changed: {
  nodesLen: [33m3[39m,
  linksLen: [33m1[39m,
  key: [33m1776869799316[39m,
  timestamp: [33m1776869798313[39m
}
[Graph3D] Creating simulation: [33m3[39m nodes
[Graph3D] createGraphSimulation called: { hasObjectManager: [33mtrue[39m, hasScene: [33mtrue[39m, nodeCount: [33m3[39m, linkCount: [33m1[39m }
[Graph3D] Clearing existing objects...
[Graph3D] Calling createSimulation...
[Graph3D] Simulation created, setting up event handlers...
[Graph3D] Data changed: {
  nodesLen: [33m3[39m,
  linksLen: [33m1[39m,
  key: [33m1776869799422[39m,
  timestamp: [33m1776869798419[39m
}
[Graph3D] Creating simulation: [33m3[39m nodes
[Graph3D] createGraphSimulation called: { hasObjectManager: [33mtrue[39m, hasScene: [33mtrue[39m, nodeCount: [33m3[39m, linkCount: [33m1[39m }
[Graph3D] Clearing existing objects...
[Graph3D] Calling createSimulation...
[Graph3D] Simulation created, setting up event handlers...
[Graph3D] Data changed: {
  nodesLen: [33m3[39m,
  linksLen: [33m1[39m,
  key: [33m1776869799518[39m,
  timestamp: [33m1776869798515[39m
}
[Graph3D] Creating simulation: [33m3[39m nodes
[Graph3D] createGraphSimulation called: { hasObjectManager: [33mtrue[39m, hasScene: [33mtrue[39m, nodeCount: [33m3[39m, linkCount: [33m1[39m }
[Graph3D] Clearing existing objects...
[Graph3D] Calling createSimulation...
[Graph3D] Simulation created, setting up event handlers...
[Graph3D] Data changed: {
  nodesLen: [33m3[39m,
  linksLen: [33m1[39m,
  key: [33m1776869799609[39m,
  timestamp: [33m1776869798606[39m
}
[Graph3D] Creating simulation: [33m3[39m nodes
[Graph3D] createGraphSimulation called: { hasObjectManager: [33mtrue[39m, hasScene: [33mtrue[39m, nodeCount: [33m3[39m, linkCount: [33m1[39m }
[Graph3D] Clearing existing objects...
[Graph3D] Calling createSimulation...
[Graph3D] Simulation created, setting up event handlers...
[Graph3D] Data changed: {
  nodesLen: [33m3[39m,
  linksLen: [33m1[39m,
  key: [33m1776869799702[39m,
  timestamp: [33m1776869798699[39m
}
[Graph3D] Creating simulation: [33m3[39m nodes
[Graph3D] createGraphSimulation called: { hasObjectManager: [33mtrue[39m, hasScene: [33mtrue[39m, nodeCount: [33m3[39m, linkCount: [33m1[39m }
[Graph3D] Clearing existing objects...
[Graph3D] Calling createSimulation...
[Graph3D] Simulation created, setting up event handlers...
[Graph3D] Data changed: {
  nodesLen: [33m3[39m,
  linksLen: [33m1[39m,
  key: [33m1776869799788[39m,
  timestamp: [33m1776869798785[39m
}
[Graph3D] Creating simulation: [33m3[39m nodes
[Graph3D] createGraphSimulation called: { hasObjectManager: [33mtrue[39m, hasScene: [33mtrue[39m, nodeCount: [33m3[39m, linkCount: [33m1[39m }
[Graph3D] Clearing existing objects...
[Graph3D] Calling createSimulation...
[Graph3D] Simulation created, setting up event handlers...
[Graph3D] Data changed: {
  nodesLen: [33m3[39m,
  linksLen: [33m1[39m,
  key: [33m1776869799882[39m,
  timestamp: [33m1776869798879[39m
}
[Graph3D] Creating simulation: [33m3[39m nodes
[Graph3D] createGraphSimulation called: { hasObjectManager: [33mtrue[39m, hasScene: [33mtrue[39m, nodeCount: [33m3[39m, linkCount: [33m1[39m }
[Graph3D] Clearing existing objects...
[Graph3D] Calling createSimulation...
[Graph3D] Simulation created, setting up event handlers...
[Graph3D] Data changed: {
  nodesLen: [33m3[39m,
  linksLen: [33m1[39m,
  key: [33m1776869799975[39m,
  timestamp: [33m1776869798972[39m
}
[Graph3D] Creating simulation: [33m3[39m nodes
[Graph3D] createGraphSimulation called: { hasObjectManager: [33mtrue[39m, hasScene: [33mtrue[39m, nodeCount: [33m3[39m, linkCount: [33m1[39m }
[Graph3D] Clearing existing objects...
[Graph3D] Calling createSimulation...
[Graph3D] Simulation created, setting up event handlers...
[Graph3D] Data changed: {
  nodesLen: [33m3[39m,
  linksLen: [33m1[39m,
  key: [33m1776869800076[39m,
  timestamp: [33m1776869799073[39m
}
[Graph3D] Creating simulation: [33m3[39m nodes
[Graph3D] createGraphSimulation called: { hasObjectManager: [33mtrue[39m, hasScene: [33mtrue[39m, nodeCount: [33m3[39m, linkCount: [33m1[39m }
[Graph3D] Clearing existing objects...
[Graph3D] Calling createSimulation...
[Graph3D] Simulation created, setting up event handlers...
[Graph3D] Data changed: {
  nodesLen: [33m3[39m,
  linksLen: [33m1[39m,
  key: [33m1776869800166[39m,
  timestamp: [33m1776869799163[39m
}
[Graph3D] Creating simulation: [33m3[39m nodes
[Graph3D] createGraphSimulation called: { hasObjectManager: [33mtrue[39m, hasScene: [33mtrue[39m, nodeCount: [33m3[39m, linkCount: [33m1[39m }
[Graph3D] Clearing existing objects...
[Graph3D] Calling createSimulation...
[Graph3D] Simulation created, setting up event handlers...
[Graph3D] Data changed: {
  nodesLen: [33m3[39m,
  linksLen: [33m1[39m,
  key: [33m1776869800253[39m,
  timestamp: [33m1776869799250[39m
}
[Graph3D] Creating simulation: [33m3[39m nodes
[Graph3D] createGraphSimulation called: { hasObjectManager: [33mtrue[39m, hasScene: [33mtrue[39m, nodeCount: [33m3[39m, linkCount: [33m1[39m }
[Graph3D] Clearing existing objects...
[Graph3D] Calling createSimulation...
[Graph3D] Simulation created, setting up event handlers...
[Graph3D] Data changed: {
  nodesLen: [33m3[39m,
  linksLen: [33m1[39m,
  key: [33m1776869800343[39m,
  timestamp: [33m1776869799340[39m
}
[Graph3D] Creating simulation: [33m3[39m nodes
[Graph3D] createGraphSimulation called: { hasObjectManager: [33mtrue[39m, hasScene: [33mtrue[39m, nodeCount: [33m3[39m, linkCount: [33m1[39m }
[Graph3D] Clearing existing objects...
[Graph3D] Calling createSimulation...
[Graph3D] Simulation created, setting up event handlers...
[Graph3D] Data changed: {
  nodesLen: [33m3[39m,
  linksLen: [33m1[39m,
  key: [33m1776869800433[39m,
  timestamp: [33m1776869799430[39m
}
[Graph3D] Creating simulation: [33m3[39m nodes
[Graph3D] createGraphSimulation called: { hasObjectManager: [33mtrue[39m, hasScene: [33mtrue[39m, nodeCount: [33m3[39m, linkCount: [33m1[39m }
[Graph3D] Clearing existing objects...
[Graph3D] Calling createSimulation...
[Graph3D] Simulation created, setting up event handlers...
[Graph3D] Data changed: {
  nodesLen: [33m3[39m,
  linksLen: [33m1[39m,
  key: [33m1776869800519[39m,
  timestamp: [33m1776869799516[39m
}
[Graph3D] Creating simulation: [33m3[39m nodes
[Graph3D] createGraphSimulation called: { hasObjectManager: [33mtrue[39m, hasScene: [33mtrue[39m, nodeCount: [33m3[39m, linkCount: [33m1[39m }
[Graph3D] Clearing existing objects...
[Graph3D] Calling createSimulation...
[Graph3D] Simulation created, setting up event handlers...
[Graph3D] Data changed: {
  nodesLen: [33m3[39m,
  linksLen: [33m1[39m,
  key: [33m1776869800603[39m,
  timestamp: [33m1776869799600[39m
}
[Graph3D] Creating simulation: [33m3[39m nodes
[Graph3D] createGraphSimulation called: { hasObjectManager: [33mtrue[39m, hasScene: [33mtrue[39m, nodeCount: [33m3[39m, linkCount: [33m1[39m }
[Graph3D] Clearing existing objects...
[Graph3D] Calling createSimulation...
[Graph3D] Simulation created, setting up event handlers...
[Graph3D] Data changed: {
  nodesLen: [33m3[39m,
  linksLen: [33m1[39m,
  key: [33m1776869800694[39m,
  timestamp: [33m1776869799691[39m
}
[Graph3D] Creating simulation: [33m3[39m nodes
[Graph3D] createGraphSimulation called: { hasObjectManager: [33mtrue[39m, hasScene: [33mtrue[39m, nodeCount: [33m3[39m, linkCount: [33m1[39m }
[Graph3D] Clearing existing objects...
[Graph3D] Calling createSimulation...
[Graph3D] Simulation created, setting up event handlers...
[Graph3D] Data changed: {
  nodesLen: [33m3[39m,
  linksLen: [33m1[39m,
  key: [33m1776869800780[39m,
  timestamp: [33m1776869799777[39m
}
[Graph3D] Creating simulation: [33m3[39m nodes
[Graph3D] createGraphSimulation called: { hasObjectManager: [33mtrue[39m, hasScene: [33mtrue[39m, nodeCount: [33m3[39m, linkCount: [33m1[39m }
[Graph3D] Clearing existing objects...
[Graph3D] Calling createSimulation...
[Graph3D] Simulation created, setting up event handlers...
[Graph3D] Data changed: {
  nodesLen: [33m3[39m,
  linksLen: [33m1[39m,
  key: [33m1776869800880[39m,
  timestamp: [33m1776869799877[39m
}
[Graph3D] Creating simulation: [33m3[39m nodes
[Graph3D] createGraphSimulation called: { hasObjectManager: [33mtrue[39m, hasScene: [33mtrue[39m, nodeCount: [33m3[39m, linkCount: [33m1[39m }
[Graph3D] Clearing existing objects...
[Graph3D] Calling createSimulation...
[Graph3D] Simulation created, setting up event handlers...
[Graph3D] Data changed: {
  nodesLen: [33m3[39m,
  linksLen: [33m1[39m,
  key: [33m1776869800971[39m,
  timestamp: [33m1776869799968[39m
}
[Graph3D] Creating simulation: [33m3[39m nodes
[Graph3D] createGraphSimulation called: { hasObjectManager: [33mtrue[39m, hasScene: [33mtrue[39m, nodeCount: [33m3[39m, linkCount: [33m1[39m }
[Graph3D] Clearing existing objects...
[Graph3D] Calling createSimulation...
[Graph3D] Simulation created, setting up event handlers...
[Graph3D] Data changed: {
  nodesLen: [33m3[39m,
  linksLen: [33m1[39m,
  key: [33m1776869801064[39m,
  timestamp: [33m1776869800061[39m
}
[Graph3D] Creating simulation: [33m3[39m nodes
[Graph3D] createGraphSimulation called: { hasObjectManager: [33mtrue[39m, hasScene: [33mtrue[39m, nodeCount: [33m3[39m, linkCount: [33m1[39m }
[Graph3D] Clearing existing objects...
[Graph3D] Calling createSimulation...
[Graph3D] Simulation created, setting up event handlers...
[Graph3D] Data changed: {
  nodesLen: [33m3[39m,
  linksLen: [33m1[39m,
  key: [33m1776869801159[39m,
  timestamp: [33m1776869800156[39m
}
[Graph3D] Creating simulation: [33m3[39m nodes
[Graph3D] createGraphSimulation called: { hasObjectManager: [33mtrue[39m, hasScene: [33mtrue[39m, nodeCount: [33m3[39m, linkCount: [33m1[39m }
[Graph3D] Clearing existing objects...
[Graph3D] Calling createSimulation...
[Graph3D] Simulation created, setting up event handlers...
[Graph3D] Data changed: {
  nodesLen: [33m3[39m,
  linksLen: [33m1[39m,
  key: [33m1776869801249[39m,
  timestamp: [33m1776869800246[39m
}
[Graph3D] Creating simulation: [33m3[39m nodes
[Graph3D] createGraphSimulation called: { hasObjectManager: [33mtrue[39m, hasScene: [33mtrue[39m, nodeCount: [33m3[39m, linkCount: [33m1[39m }
[Graph3D] Clearing existing objects...
[Graph3D] Calling createSimulation...
[Graph3D] Simulation created, setting up event handlers...
[Graph3D] Data changed: {
  nodesLen: [33m3[39m,
  linksLen: [33m1[39m,
  key: [33m1776869801345[39m,
  timestamp: [33m1776869800342[39m
}
[Graph3D] Creating simulation: [33m3[39m nodes
[Graph3D] createGraphSimulation called: { hasObjectManager: [33mtrue[39m, hasScene: [33mtrue[39m, nodeCount: [33m3[39m, linkCount: [33m1[39m }
[Graph3D] Clearing existing objects...
[Graph3D] Calling createSimulation...
[Graph3D] Simulation created, setting up event handlers...
[Graph3D] Data changed: {
  nodesLen: [33m3[39m,
  linksLen: [33m1[39m,
  key: [33m1776869801439[39m,
  timestamp: [33m1776869800436[39m
}
[Graph3D] Creating simulation: [33m3[39m nodes
[Graph3D] createGraphSimulation called: { hasObjectManager: [33mtrue[39m, hasScene: [33mtrue[39m, nodeCount: [33m3[39m, linkCount: [33m1[39m }
[Graph3D] Clearing existing objects...
[Graph3D] Calling createSimulation...
[Graph3D] Simulation created, setting up event handlers...
[Graph3D] Data changed: {
  nodesLen: [33m3[39m,
  linksLen: [33m1[39m,
  key: [33m1776869801534[39m,
  timestamp: [33m1776869800531[39m
}
[Graph3D] Creating simulation: [33m3[39m nodes
[Graph3D] createGraphSimulation called: { hasObjectManager: [33mtrue[39m, hasScene: [33mtrue[39m, nodeCount: [33m3[39m, linkCount: [33m1[39m }
[Graph3D] Clearing existing objects...
[Graph3D] Calling createSimulation...
[Graph3D] Simulation created, setting up event handlers...
[Graph3D] Data changed: {
  nodesLen: [33m3[39m,
  linksLen: [33m1[39m,
  key: [33m1776869801622[39m,
  timestamp: [33m1776869800619[39m
}
[Graph3D] Creating simulation: [33m3[39m nodes
[Graph3D] createGraphSimulation called: { hasObjectManager: [33mtrue[39m, hasScene: [33mtrue[39m, nodeCount: [33m3[39m, linkCount: [33m1[39m }
[Graph3D] Clearing existing objects...
[Graph3D] Calling createSimulation...
[Graph3D] Simulation created, setting up event handlers...
[Graph3D] Data changed: {
  nodesLen: [33m3[39m,
  linksLen: [33m1[39m,
  key: [33m1776869801710[39m,
  timestamp: [33m1776869800707[39m
}
[Graph3D] Creating simulation: [33m3[39m nodes
[Graph3D] createGraphSimulation called: { hasObjectManager: [33mtrue[39m, hasScene: [33mtrue[39m, nodeCount: [33m3[39m, linkCount: [33m1[39m }
[Graph3D] Clearing existing objects...
[Graph3D] Calling createSimulation...
[Graph3D] Simulation created, setting up event handlers...
[Graph3D] Data changed: {
  nodesLen: [33m3[39m,
  linksLen: [33m1[39m,
  key: [33m1776869801802[39m,
  timestamp: [33m1776869800799[39m
}
[Graph3D] Creating simulation: [33m3[39m nodes
[Graph3D] createGraphSimulation called: { hasObjectManager: [33mtrue[39m, hasScene: [33mtrue[39m, nodeCount: [33m3[39m, linkCount: [33m1[39m }
[Graph3D] Clearing existing objects...
[Graph3D] Calling createSimulation...
[Graph3D] Simulation created, setting up event handlers...
[Graph3D] Data changed: {
  nodesLen: [33m3[39m,
  linksLen: [33m1[39m,
  key: [33m1776869801898[39m,
  timestamp: [33m1776869800895[39m
}
[Graph3D] Creating simulation: [33m3[39m nodes
[Graph3D] createGraphSimulation called: { hasObjectManager: [33mtrue[39m, hasScene: [33mtrue[39m, nodeCount: [33m3[39m, linkCount: [33m1[39m }
[Graph3D] Clearing existing objects...
[Graph3D] Calling createSimulation...
[Graph3D] Simulation created, setting up event handlers...
[Graph3D] Data changed: {
  nodesLen: [33m3[39m,
  linksLen: [33m1[39m,
  key: [33m1776869801987[39m,
  timestamp: [33m1776869800984[39m
}
[Graph3D] Creating simulation: [33m3[39m nodes
[Graph3D] createGraphSimulation called: { hasObjectManager: [33mtrue[39m, hasScene: [33mtrue[39m, nodeCount: [33m3[39m, linkCount: [33m1[39m }
[Graph3D] Clearing existing objects...
[Graph3D] Calling createSimulation...
[Graph3D] Simulation created, setting up event handlers...
[Graph3D] Data changed: {
  nodesLen: [33m3[39m,
  linksLen: [33m1[39m,
  key: [33m1776869802210[39m,
  timestamp: [33m1776869801207[39m
}
[Graph3D] Creating simulation: [33m3[39m nodes
[Graph3D] createGraphSimulation called: { hasObjectManager: [33mtrue[39m, hasScene: [33mtrue[39m, nodeCount: [33m3[39m, linkCount: [33m1[39m }
[Graph3D] Clearing existing objects...
[Graph3D] Calling createSimulation...
[Graph3D] Simulation created, setting up event handlers...
[Graph3D] Data changed: {
  nodesLen: [33m3[39m,
  linksLen: [33m1[39m,
  key: [33m1776869802352[39m,
  timestamp: [33m1776869801349[39m
}
[Graph3D] Creating simulation: [33m3[39m nodes
[Graph3D] createGraphSimulation called: { hasObjectManager: [33mtrue[39m, hasScene: [33mtrue[39m, nodeCount: [33m3[39m, linkCount: [33m1[39m }
[Graph3D] Clearing existing objects...
[Graph3D] Calling createSimulation...
[Graph3D] Simulation created, setting up event handlers...

stderr | src/lib/components/Graph3D.spec.ts > Graph3D > renders canvas element


Error: 
    at $effect (D:\knowledge-graph\frontend\src\lib\components\Graph3D.svelte:74:26)
    at mountModern (D:\knowledge-graph\frontend\node_modules\@testing-library\svelte-core\src\mount.js:34:10)
    at Module.mount (D:\knowledge-graph\frontend\node_modules\@testing-library\svelte-core\src\mount.js:85:44)
    at Module.render (D:\knowledge-graph\frontend\node_modules\@testing-library\svelte-core\src\render.js:16:23)
    at Module.render (D:\knowledge-graph\frontend\node_modules\@testing-library\svelte\src\pure.js:49:73)
    at D:\knowledge-graph\frontend\src\lib\components\Graph3D.spec.ts:105:5
    at file:///D:/knowledge-graph/frontend/node_modules/@vitest/runner/dist/chunk-hooks.js:155:11
    at file:///D:/knowledge-graph/frontend/node_modules/@vitest/runner/dist/chunk-hooks.js:752:26
    at file:///D:/knowledge-graph/frontend/node_modules/@vitest/runner/dist/chunk-hooks.js:1897:20
    at new Promise (<anonymous>)
    at runWithTimeout (file:///D:/knowledge-graph/frontend/node_modules/@vitest/runner/dist/chunk-hooks.js:1863:10)
    at runTest (file:///D:/knowledge-graph/frontend/node_modules/@vitest/runner/dist/chunk-hooks.js:1574:12)
    at processTicksAndRejections (node:internal/process/task_queues:105:5)
    at runSuite (file:///D:/knowledge-graph/frontend/node_modules/@vitest/runner/dist/chunk-hooks.js:1729:8)
    at runSuite (file:///D:/knowledge-graph/frontend/node_modules/@vitest/runner/dist/chunk-hooks.js:1729:8)
    at runFiles (file:///D:/knowledge-graph/frontend/node_modules/@vitest/runner/dist/chunk-hooks.js:1787:3)
    at startTests (file:///D:/knowledge-graph/frontend/node_modules/@vitest/runner/dist/chunk-hooks.js:1820:3)
    at file:///D:/knowledge-graph/frontend/node_modules/vitest/dist/chunks/runBaseTests.9Ij9_de-.js:117:26
    at withEnv (file:///D:/knowledge-graph/frontend/node_modules/vitest/dist/chunks/runBaseTests.9Ij9_de-.js:84:3)
    at run (file:///D:/knowledge-graph/frontend/node_modules/vitest/dist/chunks/runBaseTests.9Ij9_de-.js:109:2)
    at runBaseTests (file:///D:/knowledge-graph/frontend/node_modules/vitest/dist/chunks/base.DfmxU-tU.js:32:2)
    at ForksBaseWorker.executeTests (file:///D:/knowledge-graph/frontend/node_modules/vitest/dist/workers/forks.js:29:4)
    at execute (file:///D:/knowledge-graph/frontend/node_modules/vitest/dist/worker.js:108:3)
    at onMessage (file:///D:/knowledge-graph/frontend/node_modules/tinypool/dist/entry/process.js:39:18)


Error: 
    at $effect (D:\knowledge-graph\frontend\src\lib\components\Graph3D.svelte:75:26)
    at mountModern (D:\knowledge-graph\frontend\node_modules\@testing-library\svelte-core\src\mount.js:34:10)
    at Module.mount (D:\knowledge-graph\frontend\node_modules\@testing-library\svelte-core\src\mount.js:85:44)
    at Module.render (D:\knowledge-graph\frontend\node_modules\@testing-library\svelte-core\src\render.js:16:23)
    at Module.render (D:\knowledge-graph\frontend\node_modules\@testing-library\svelte\src\pure.js:49:73)
    at D:\knowledge-graph\frontend\src\lib\components\Graph3D.spec.ts:105:5
    at file:///D:/knowledge-graph/frontend/node_modules/@vitest/runner/dist/chunk-hooks.js:155:11
    at file:///D:/knowledge-graph/frontend/node_modules/@vitest/runner/dist/chunk-hooks.js:752:26
    at file:///D:/knowledge-graph/frontend/node_modules/@vitest/runner/dist/chunk-hooks.js:1897:20
    at new Promise (<anonymous>)
    at runWithTimeout (file:///D:/knowledge-graph/frontend/node_modules/@vitest/runner/dist/chunk-hooks.js:1863:10)
    at runTest (file:///D:/knowledge-graph/frontend/node_modules/@vitest/runner/dist/chunk-hooks.js:1574:12)
    at processTicksAndRejections (node:internal/process/task_queues:105:5)
    at runSuite (file:///D:/knowledge-graph/frontend/node_modules/@vitest/runner/dist/chunk-hooks.js:1729:8)
    at runSuite (file:///D:/knowledge-graph/frontend/node_modules/@vitest/runner/dist/chunk-hooks.js:1729:8)
    at runFiles (file:///D:/knowledge-graph/frontend/node_modules/@vitest/runner/dist/chunk-hooks.js:1787:3)
    at startTests (file:///D:/knowledge-graph/frontend/node_modules/@vitest/runner/dist/chunk-hooks.js:1820:3)
    at file:///D:/knowledge-graph/frontend/node_modules/vitest/dist/chunks/runBaseTests.9Ij9_de-.js:117:26
    at withEnv (file:///D:/knowledge-graph/frontend/node_modules/vitest/dist/chunks/runBaseTests.9Ij9_de-.js:84:3)
    at run (file:///D:/knowledge-graph/frontend/node_modules/vitest/dist/chunks/runBaseTests.9Ij9_de-.js:109:2)
    at runBaseTests (file:///D:/knowledge-graph/frontend/node_modules/vitest/dist/chunks/base.DfmxU-tU.js:32:2)
    at ForksBaseWorker.executeTests (file:///D:/knowledge-graph/frontend/node_modules/vitest/dist/workers/forks.js:29:4)
    at execute (file:///D:/knowledge-graph/frontend/node_modules/vitest/dist/worker.js:108:3)
    at onMessage (file:///D:/knowledge-graph/frontend/node_modules/tinypool/dist/entry/process.js:39:18)


Error: 
    at $effect (D:\knowledge-graph\frontend\src\lib\components\Graph3D.svelte:82:26)
    at mountModern (D:\knowledge-graph\frontend\node_modules\@testing-library\svelte-core\src\mount.js:34:10)
    at Module.mount (D:\knowledge-graph\frontend\node_modules\@testing-library\svelte-core\src\mount.js:85:44)
    at Module.render (D:\knowledge-graph\frontend\node_modules\@testing-library\svelte-core\src\render.js:16:23)
    at Module.render (D:\knowledge-graph\frontend\node_modules\@testing-library\svelte\src\pure.js:49:73)
    at D:\knowledge-graph\frontend\src\lib\components\Graph3D.spec.ts:105:5
    at file:///D:/knowledge-graph/frontend/node_modules/@vitest/runner/dist/chunk-hooks.js:155:11
    at file:///D:/knowledge-graph/frontend/node_modules/@vitest/runner/dist/chunk-hooks.js:752:26
    at file:///D:/knowledge-graph/frontend/node_modules/@vitest/runner/dist/chunk-hooks.js:1897:20
    at new Promise (<anonymous>)
    at runWithTimeout (file:///D:/knowledge-graph/frontend/node_modules/@vitest/runner/dist/chunk-hooks.js:1863:10)
    at runTest (file:///D:/knowledge-graph/frontend/node_modules/@vitest/runner/dist/chunk-hooks.js:1574:12)
    at processTicksAndRejections (node:internal/process/task_queues:105:5)
    at runSuite (file:///D:/knowledge-graph/frontend/node_modules/@vitest/runner/dist/chunk-hooks.js:1729:8)
    at runSuite (file:///D:/knowledge-graph/frontend/node_modules/@vitest/runner/dist/chunk-hooks.js:1729:8)
    at runFiles (file:///D:/knowledge-graph/frontend/node_modules/@vitest/runner/dist/chunk-hooks.js:1787:3)
    at startTests (file:///D:/knowledge-graph/frontend/node_modules/@vitest/runner/dist/chunk-hooks.js:1820:3)
    at file:///D:/knowledge-graph/frontend/node_modules/vitest/dist/chunks/runBaseTests.9Ij9_de-.js:117:26
    at withEnv (file:///D:/knowledge-graph/frontend/node_modules/vitest/dist/chunks/runBaseTests.9Ij9_de-.js:84:3)
    at run (file:///D:/knowledge-graph/frontend/node_modules/vitest/dist/chunks/runBaseTests.9Ij9_de-.js:109:2)
    at runBaseTests (file:///D:/knowledge-graph/frontend/node_modules/vitest/dist/chunks/base.DfmxU-tU.js:32:2)
    at ForksBaseWorker.executeTests (file:///D:/knowledge-graph/frontend/node_modules/vitest/dist/workers/forks.js:29:4)
    at execute (file:///D:/knowledge-graph/frontend/node_modules/vitest/dist/worker.js:108:3)
    at onMessage (file:///D:/knowledge-graph/frontend/node_modules/tinypool/dist/entry/process.js:39:18)


Error: 
    at $effect (D:\knowledge-graph\frontend\src\lib\components\Graph3D.svelte:116:25)
    at mountModern (D:\knowledge-graph\frontend\node_modules\@testing-library\svelte-core\src\mount.js:34:10)
    at Module.mount (D:\knowledge-graph\frontend\node_modules\@testing-library\svelte-core\src\mount.js:85:44)
    at Module.render (D:\knowledge-graph\frontend\node_modules\@testing-library\svelte-core\src\render.js:16:23)
    at Module.render (D:\knowledge-graph\frontend\node_modules\@testing-library\svelte\src\pure.js:49:73)
    at D:\knowledge-graph\frontend\src\lib\components\Graph3D.spec.ts:105:5
    at file:///D:/knowledge-graph/frontend/node_modules/@vitest/runner/dist/chunk-hooks.js:155:11
    at file:///D:/knowledge-graph/frontend/node_modules/@vitest/runner/dist/chunk-hooks.js:752:26
    at file:///D:/knowledge-graph/frontend/node_modules/@vitest/runner/dist/chunk-hooks.js:1897:20
    at new Promise (<anonymous>)
    at runWithTimeout (file:///D:/knowledge-graph/frontend/node_modules/@vitest/runner/dist/chunk-hooks.js:1863:10)
    at runTest (file:///D:/knowledge-graph/frontend/node_modules/@vitest/runner/dist/chunk-hooks.js:1574:12)
    at processTicksAndRejections (node:internal/process/task_queues:105:5)
    at runSuite (file:///D:/knowledge-graph/frontend/node_modules/@vitest/runner/dist/chunk-hooks.js:1729:8)
    at runSuite (file:///D:/knowledge-graph/frontend/node_modules/@vitest/runner/dist/chunk-hooks.js:1729:8)
    at runFiles (file:///D:/knowledge-graph/frontend/node_modules/@vitest/runner/dist/chunk-hooks.js:1787:3)
    at startTests (file:///D:/knowledge-graph/frontend/node_modules/@vitest/runner/dist/chunk-hooks.js:1820:3)
    at file:///D:/knowledge-graph/frontend/node_modules/vitest/dist/chunks/runBaseTests.9Ij9_de-.js:117:26
    at withEnv (file:///D:/knowledge-graph/frontend/node_modules/vitest/dist/chunks/runBaseTests.9Ij9_de-.js:84:3)
    at run (file:///D:/knowledge-graph/frontend/node_modules/vitest/dist/chunks/runBaseTests.9Ij9_de-.js:109:2)
    at runBaseTests (file:///D:/knowledge-graph/frontend/node_modules/vitest/dist/chunks/base.DfmxU-tU.js:32:2)
    at ForksBaseWorker.executeTests (file:///D:/knowledge-graph/frontend/node_modules/vitest/dist/workers/forks.js:29:4)
    at execute (file:///D:/knowledge-graph/frontend/node_modules/vitest/dist/worker.js:108:3)
    at onMessage (file:///D:/knowledge-graph/frontend/node_modules/tinypool/dist/entry/process.js:39:18)


Error: 
    at createGraphSimulation (D:\knowledge-graph\frontend\src\lib\components\Graph3D.svelte:297:25)
    at $effect (D:\knowledge-graph\frontend\src\lib\components\Graph3D.svelte:92:5)
    at mountModern (D:\knowledge-graph\frontend\node_modules\@testing-library\svelte-core\src\mount.js:34:10)
    at Module.mount (D:\knowledge-graph\frontend\node_modules\@testing-library\svelte-core\src\mount.js:85:44)
    at Module.render (D:\knowledge-graph\frontend\node_modules\@testing-library\svelte-core\src\render.js:16:23)
    at Module.render (D:\knowledge-graph\frontend\node_modules\@testing-library\svelte\src\pure.js:49:73)
    at D:\knowledge-graph\frontend\src\lib\components\Graph3D.spec.ts:105:5
    at file:///D:/knowledge-graph/frontend/node_modules/@vitest/runner/dist/chunk-hooks.js:155:11
    at file:///D:/knowledge-graph/frontend/node_modules/@vitest/runner/dist/chunk-hooks.js:752:26
    at file:///D:/knowledge-graph/frontend/node_modules/@vitest/runner/dist/chunk-hooks.js:1897:20
    at new Promise (<anonymous>)
    at runWithTimeout (file:///D:/knowledge-graph/frontend/node_modules/@vitest/runner/dist/chunk-hooks.js:1863:10)
    at runTest (file:///D:/knowledge-graph/frontend/node_modules/@vitest/runner/dist/chunk-hooks.js:1574:12)
    at processTicksAndRejections (node:internal/process/task_queues:105:5)
    at runSuite (file:///D:/knowledge-graph/frontend/node_modules/@vitest/runner/dist/chunk-hooks.js:1729:8)
    at runSuite (file:///D:/knowledge-graph/frontend/node_modules/@vitest/runner/dist/chunk-hooks.js:1729:8)
    at runFiles (file:///D:/knowledge-graph/frontend/node_modules/@vitest/runner/dist/chunk-hooks.js:1787:3)
    at startTests (file:///D:/knowledge-graph/frontend/node_modules/@vitest/runner/dist/chunk-hooks.js:1820:3)
    at file:///D:/knowledge-graph/frontend/node_modules/vitest/dist/chunks/runBaseTests.9Ij9_de-.js:117:26
    at withEnv (file:///D:/knowledge-graph/frontend/node_modules/vitest/dist/chunks/runBaseTests.9Ij9_de-.js:84:3)
    at run (file:///D:/knowledge-graph/frontend/node_modules/vitest/dist/chunks/runBaseTests.9Ij9_de-.js:109:2)
    at runBaseTests (file:///D:/knowledge-graph/frontend/node_modules/vitest/dist/chunks/base.DfmxU-tU.js:32:2)
    at ForksBaseWorker.executeTests (file:///D:/knowledge-graph/frontend/node_modules/vitest/dist/workers/forks.js:29:4)
    at execute (file:///D:/knowledge-graph/frontend/node_modules/vitest/dist/worker.js:108:3)
    at onMessage (file:///D:/knowledge-graph/frontend/node_modules/tinypool/dist/entry/process.js:39:18)

[90mstdout[2m | src/lib/components/Graph3D.spec.ts[2m > [22m[2mGraph3D[2m > [22m[2mshows loading state initially
[22m[39m[Graph3D] Data changed: {
  nodesLen: [33m3[39m,
  linksLen: [33m1[39m,
  key: [33m1776869802622[39m,
  timestamp: [33m1776869801619[39m
}
[Graph3D] Initializing scene...
[Graph3D] Animation loop started
[Graph3D] Scene initialized, isInitialized = true
[Graph3D] Initial data available, creating simulation: [33m3[39m nodes
[Graph3D] createGraphSimulation called: { hasObjectManager: [33mtrue[39m, hasScene: [33mtrue[39m, nodeCount: [33m3[39m, linkCount: [33m1[39m }
[Graph3D] Clearing existing objects...
[Graph3D] Calling createSimulation...
[Graph3D] Simulation created, setting up event handlers...
[Graph3D] Data changed: {
  nodesLen: [33m3[39m,
  linksLen: [33m1[39m,
  key: [33m1776869802625[39m,
  timestamp: [33m1776869801622[39m
}
[Graph3D] Creating simulation: [33m3[39m nodes
[Graph3D] createGraphSimulation called: { hasObjectManager: [33mtrue[39m, hasScene: [33mtrue[39m, nodeCount: [33m3[39m, linkCount: [33m1[39m }
[Graph3D] Clearing existing objects...
[Graph3D] Calling createSimulation...
[Graph3D] Simulation created, setting up event handlers...
[Graph3D] Data changed: {
  nodesLen: [33m3[39m,
  linksLen: [33m1[39m,
  key: [33m1776869802626[39m,
  timestamp: [33m1776869801623[39m
}
[Graph3D] Creating simulation: [33m3[39m nodes
[Graph3D] createGraphSimulation called: { hasObjectManager: [33mtrue[39m, hasScene: [33mtrue[39m, nodeCount: [33m3[39m, linkCount: [33m1[39m }
[Graph3D] Clearing existing objects...
[Graph3D] Calling createSimulation...
[Graph3D] Simulation created, setting up event handlers...
[Graph3D] Data changed: {
  nodesLen: [33m3[39m,
  linksLen: [33m1[39m,
  key: [33m1776869802633[39m,
  timestamp: [33m1776869801630[39m
}
[Graph3D] Creating simulation: [33m3[39m nodes
[Graph3D] createGraphSimulation called: { hasObjectManager: [33mtrue[39m, hasScene: [33mtrue[39m, nodeCount: [33m3[39m, linkCount: [33m1[39m }
[Graph3D] Clearing existing objects...
[Graph3D] Calling createSimulation...
[Graph3D] Simulation created, setting up event handlers...
[Graph3D] Data changed: {
  nodesLen: [33m3[39m,
  linksLen: [33m1[39m,
  key: [33m1776869802635[39m,
  timestamp: [33m1776869801632[39m
}
[Graph3D] Creating simulation: [33m3[39m nodes
[Graph3D] createGraphSimulation called: { hasObjectManager: [33mtrue[39m, hasScene: [33mtrue[39m, nodeCount: [33m3[39m, linkCount: [33m1[39m }
[Graph3D] Clearing existing objects...
[Graph3D] Calling createSimulation...
[Graph3D] Simulation created, setting up event handlers...
[Graph3D] Data changed: {
  nodesLen: [33m3[39m,
  linksLen: [33m1[39m,
  key: [33m1776869802637[39m,
  timestamp: [33m1776869801634[39m
}
[Graph3D] Creating simulation: [33m3[39m nodes
[Graph3D] createGraphSimulation called: { hasObjectManager: [33mtrue[39m, hasScene: [33mtrue[39m, nodeCount: [33m3[39m, linkCount: [33m1[39m }
[Graph3D] Clearing existing objects...
[Graph3D] Calling createSimulation...
[Graph3D] Simulation created, setting up event handlers...
[Graph3D] Data changed: {
  nodesLen: [33m3[39m,
  linksLen: [33m1[39m,
  key: [33m1776869802645[39m,
  timestamp: [33m1776869801642[39m
}
[Graph3D] Creating simulation: [33m3[39m nodes
[Graph3D] createGraphSimulation called: { hasObjectManager: [33mtrue[39m, hasScene: [33mtrue[39m, nodeCount: [33m3[39m, linkCount: [33m1[39m }
[Graph3D] Clearing existing objects...
[Graph3D] Calling createSimulation...
[Graph3D] Simulation created, setting up event handlers...
[Graph3D] Data changed: {
  nodesLen: [33m3[39m,
  linksLen: [33m1[39m,
  key: [33m1776869802653[39m,
  timestamp: [33m1776869801650[39m
}
[Graph3D] Creating simulation: [33m3[39m nodes
[Graph3D] createGraphSimulation called: { hasObjectManager: [33mtrue[39m, hasScene: [33mtrue[39m, nodeCount: [33m3[39m, linkCount: [33m1[39m }
[Graph3D] Clearing existing objects...
[Graph3D] Calling createSimulation...
[Graph3D] Simulation created, setting up event handlers...
[Graph3D] Data changed: {
  nodesLen: [33m3[39m,
  linksLen: [33m1[39m,
  key: [33m1776869802660[39m,
  timestamp: [33m1776869801657[39m
}
[Graph3D] Creating simulation: [33m3[39m nodes
[Graph3D] createGraphSimulation called: { hasObjectManager: [33mtrue[39m, hasScene: [33mtrue[39m, nodeCount: [33m3[39m, linkCount: [33m1[39m }
[Graph3D] Clearing existing objects...
[Graph3D] Calling createSimulation...
[Graph3D] Simulation created, setting up event handlers...
[Graph3D] Data changed: {
  nodesLen: [33m3[39m,
  linksLen: [33m1[39m,
  key: [33m1776869802667[39m,
  timestamp: [33m1776869801664[39m
}
[Graph3D] Creating simulation: [33m3[39m nodes
[Graph3D] createGraphSimulation called: { hasObjectManager: [33mtrue[39m, hasScene: [33mtrue[39m, nodeCount: [33m3[39m, linkCount: [33m1[39m }
[Graph3D] Clearing existing objects...
[Graph3D] Calling createSimulation...
[Graph3D] Simulation created, setting up event handlers...
[Graph3D] Data changed: {
  nodesLen: [33m3[39m,
  linksLen: [33m1[39m,
  key: [33m1776869802674[39m,
  timestamp: [33m1776869801671[39m
}
[Graph3D] Creating simulation: [33m3[39m nodes
[Graph3D] createGraphSimulation called: { hasObjectManager: [33mtrue[39m, hasScene: [33mtrue[39m, nodeCount: [33m3[39m, linkCount: [33m1[39m }
[Graph3D] Clearing existing objects...
[Graph3D] Calling createSimulation...
[Graph3D] Simulation created, setting up event handlers...
[Graph3D] Data changed: {
  nodesLen: [33m3[39m,
  linksLen: [33m1[39m,
  key: [33m1776869802685[39m,
  timestamp: [33m1776869801682[39m
}
[Graph3D] Creating simulation: [33m3[39m nodes
[Graph3D] createGraphSimulation called: { hasObjectManager: [33mtrue[39m, hasScene: [33mtrue[39m, nodeCount: [33m3[39m, linkCount: [33m1[39m }
[Graph3D] Clearing existing objects...
[Graph3D] Calling createSimulation...
[Graph3D] Simulation created, setting up event handlers...
[Graph3D] Data changed: {
  nodesLen: [33m3[39m,
  linksLen: [33m1[39m,
  key: [33m1776869802691[39m,
  timestamp: [33m1776869801688[39m
}
[Graph3D] Creating simulation: [33m3[39m nodes
[Graph3D] createGraphSimulation called: { hasObjectManager: [33mtrue[39m, hasScene: [33mtrue[39m, nodeCount: [33m3[39m, linkCount: [33m1[39m }
[Graph3D] Clearing existing objects...
[Graph3D] Calling createSimulation...
[Graph3D] Simulation created, setting up event handlers...
[Graph3D] Data changed: {
  nodesLen: [33m3[39m,
  linksLen: [33m1[39m,
  key: [33m1776869802697[39m,
  timestamp: [33m1776869801694[39m
}
[Graph3D] Creating simulation: [33m3[39m nodes
[Graph3D] createGraphSimulation called: { hasObjectManager: [33mtrue[39m, hasScene: [33mtrue[39m, nodeCount: [33m3[39m, linkCount: [33m1[39m }
[Graph3D] Clearing existing objects...
[Graph3D] Calling createSimulation...
[Graph3D] Simulation created, setting up event handlers...
[Graph3D] Data changed: {
  nodesLen: [33m3[39m,
  linksLen: [33m1[39m,
  key: [33m1776869802704[39m,
  timestamp: [33m1776869801701[39m
}
[Graph3D] Creating simulation: [33m3[39m nodes
[Graph3D] createGraphSimulation called: { hasObjectManager: [33mtrue[39m, hasScene: [33mtrue[39m, nodeCount: [33m3[39m, linkCount: [33m1[39m }
[Graph3D] Clearing existing objects...
[Graph3D] Calling createSimulation...
[Graph3D] Simulation created, setting up event handlers...
[Graph3D] Data changed: {
  nodesLen: [33m3[39m,
  linksLen: [33m1[39m,
  key: [33m1776869802713[39m,
  timestamp: [33m1776869801710[39m
}
[Graph3D] Creating simulation: [33m3[39m nodes
[Graph3D] createGraphSimulation called: { hasObjectManager: [33mtrue[39m, hasScene: [33mtrue[39m, nodeCount: [33m3[39m, linkCount: [33m1[39m }
[Graph3D] Clearing existing objects...
[Graph3D] Calling createSimulation...
[Graph3D] Simulation created, setting up event handlers...
[Graph3D] Data changed: {
  nodesLen: [33m3[39m,
  linksLen: [33m1[39m,
  key: [33m1776869802721[39m,
  timestamp: [33m1776869801718[39m
}
[Graph3D] Creating simulation: [33m3[39m nodes
[Graph3D] createGraphSimulation called: { hasObjectManager: [33mtrue[39m, hasScene: [33mtrue[39m, nodeCount: [33m3[39m, linkCount: [33m1[39m }
[Graph3D] Clearing existing objects...
[Graph3D] Calling createSimulation...
[Graph3D] Simulation created, setting up event handlers...
[Graph3D] Data changed: {
  nodesLen: [33m3[39m,
  linksLen: [33m1[39m,
  key: [33m1776869802731[39m,
  timestamp: [33m1776869801728[39m
}
[Graph3D] Creating simulation: [33m3[39m nodes
[Graph3D] createGraphSimulation called: { hasObjectManager: [33mtrue[39m, hasScene: [33mtrue[39m, nodeCount: [33m3[39m, linkCount: [33m1[39m }
[Graph3D] Clearing existing objects...
[Graph3D] Calling createSimulation...
[Graph3D] Simulation created, setting up event handlers...
[Graph3D] Data changed: {
  nodesLen: [33m3[39m,
  linksLen: [33m1[39m,
  key: [33m1776869802737[39m,
  timestamp: [33m1776869801734[39m
}
[Graph3D] Creating simulation: [33m3[39m nodes
[Graph3D] createGraphSimulation called: { hasObjectManager: [33mtrue[39m, hasScene: [33mtrue[39m, nodeCount: [33m3[39m, linkCount: [33m1[39m }
[Graph3D] Clearing existing objects...
[Graph3D] Calling createSimulation...
[Graph3D] Simulation created, setting up event handlers...
[Graph3D] Data changed: {
  nodesLen: [33m3[39m,
  linksLen: [33m1[39m,
  key: [33m1776869802746[39m,
  timestamp: [33m1776869801743[39m
}
[Graph3D] Creating simulation: [33m3[39m nodes
[Graph3D] createGraphSimulation called: { hasObjectManager: [33mtrue[39m, hasScene: [33mtrue[39m, nodeCount: [33m3[39m, linkCount: [33m1[39m }
[Graph3D] Clearing existing objects...
[Graph3D] Calling createSimulation...
[Graph3D] Simulation created, setting up event handlers...
[Graph3D] Data changed: {
  nodesLen: [33m3[39m,
  linksLen: [33m1[39m,
  key: [33m1776869802755[39m,
  timestamp: [33m1776869801752[39m
}
[Graph3D] Creating simulation: [33m3[39m nodes
[Graph3D] createGraphSimulation called: { hasObjectManager: [33mtrue[39m, hasScene: [33mtrue[39m, nodeCount: [33m3[39m, linkCount: [33m1[39m }
[Graph3D] Clearing existing objects...
[Graph3D] Calling createSimulation...
[Graph3D] Simulation created, setting up event handlers...
[Graph3D] Data changed: {
  nodesLen: [33m3[39m,
  linksLen: [33m1[39m,
  key: [33m1776869802762[39m,
  timestamp: [33m1776869801759[39m
}
[Graph3D] Creating simulation: [33m3[39m nodes
[Graph3D] createGraphSimulation called: { hasObjectManager: [33mtrue[39m, hasScene: [33mtrue[39m, nodeCount: [33m3[39m, linkCount: [33m1[39m }
[Graph3D] Clearing existing objects...
[Graph3D] Calling createSimulation...
[Graph3D] Simulation created, setting up event handlers...
[Graph3D] Data changed: {
  nodesLen: [33m3[39m,
  linksLen: [33m1[39m,
  key: [33m1776869802774[39m,
  timestamp: [33m1776869801771[39m
}
[Graph3D] Creating simulation: [33m3[39m nodes
[Graph3D] createGraphSimulation called: { hasObjectManager: [33mtrue[39m, hasScene: [33mtrue[39m, nodeCount: [33m3[39m, linkCount: [33m1[39m }
[Graph3D] Clearing existing objects...
[Graph3D] Calling createSimulation...
[Graph3D] Simulation created, setting up event handlers...
[Graph3D] Data changed: {
  nodesLen: [33m3[39m,
  linksLen: [33m1[39m,
  key: [33m1776869802781[39m,
  timestamp: [33m1776869801778[39m
}
[Graph3D] Creating simulation: [33m3[39m nodes
[Graph3D] createGraphSimulation called: { hasObjectManager: [33mtrue[39m, hasScene: [33mtrue[39m, nodeCount: [33m3[39m, linkCount: [33m1[39m }
[Graph3D] Clearing existing objects...
[Graph3D] Calling createSimulation...
[Graph3D] Simulation created, setting up event handlers...
[Graph3D] Data changed: {
  nodesLen: [33m3[39m,
  linksLen: [33m1[39m,
  key: [33m1776869802789[39m,
  timestamp: [33m1776869801786[39m
}
[Graph3D] Creating simulation: [33m3[39m nodes
[Graph3D] createGraphSimulation called: { hasObjectManager: [33mtrue[39m, hasScene: [33mtrue[39m, nodeCount: [33m3[39m, linkCount: [33m1[39m }
[Graph3D] Clearing existing objects...
[Graph3D] Calling createSimulation...
[Graph3D] Simulation created, setting up event handlers...
[Graph3D] Data changed: {
  nodesLen: [33m3[39m,
  linksLen: [33m1[39m,
  key: [33m1776869802798[39m,
  timestamp: [33m1776869801795[39m
}
[Graph3D] Creating simulation: [33m3[39m nodes
[Graph3D] createGraphSimulation called: { hasObjectManager: [33mtrue[39m, hasScene: [33mtrue[39m, nodeCount: [33m3[39m, linkCount: [33m1[39m }
[Graph3D] Clearing existing objects...
[Graph3D] Calling createSimulation...
[Graph3D] Simulation created, setting up event handlers...
[Graph3D] Data changed: {
  nodesLen: [33m3[39m,
  linksLen: [33m1[39m,
  key: [33m1776869802811[39m,
  timestamp: [33m1776869801808[39m
}
[Graph3D] Creating simulation: [33m3[39m nodes
[Graph3D] createGraphSimulation called: { hasObjectManager: [33mtrue[39m, hasScene: [33mtrue[39m, nodeCount: [33m3[39m, linkCount: [33m1[39m }
[Graph3D] Clearing existing objects...
[Graph3D] Calling createSimulation...
[Graph3D] Simulation created, setting up event handlers...
[Graph3D] Data changed: {
  nodesLen: [33m3[39m,
  linksLen: [33m1[39m,
  key: [33m1776869802821[39m,
  timestamp: [33m1776869801818[39m
}
[Graph3D] Creating simulation: [33m3[39m nodes
[Graph3D] createGraphSimulation called: { hasObjectManager: [33mtrue[39m, hasScene: [33mtrue[39m, nodeCount: [33m3[39m, linkCount: [33m1[39m }
[Graph3D] Clearing existing objects...
[Graph3D] Calling createSimulation...
[Graph3D] Simulation created, setting up event handlers...
[Graph3D] Data changed: {
  nodesLen: [33m3[39m,
  linksLen: [33m1[39m,
  key: [33m1776869802830[39m,
  timestamp: [33m1776869801827[39m
}
[Graph3D] Creating simulation: [33m3[39m nodes
[Graph3D] createGraphSimulation called: { hasObjectManager: [33mtrue[39m, hasScene: [33mtrue[39m, nodeCount: [33m3[39m, linkCount: [33m1[39m }
[Graph3D] Clearing existing objects...
[Graph3D] Calling createSimulation...
[Graph3D] Simulation created, setting up event handlers...
[Graph3D] Data changed: {
  nodesLen: [33m3[39m,
  linksLen: [33m1[39m,
  key: [33m1776869802839[39m,
  timestamp: [33m1776869801836[39m
}
[Graph3D] Creating simulation: [33m3[39m nodes
[Graph3D] createGraphSimulation called: { hasObjectManager: [33mtrue[39m, hasScene: [33mtrue[39m, nodeCount: [33m3[39m, linkCount: [33m1[39m }
[Graph3D] Clearing existing objects...
[Graph3D] Calling createSimulation...
[Graph3D] Simulation created, setting up event handlers...
[Graph3D] Data changed: {
  nodesLen: [33m3[39m,
  linksLen: [33m1[39m,
  key: [33m1776869802852[39m,
  timestamp: [33m1776869801849[39m
}
[Graph3D] Creating simulation: [33m3[39m nodes
[Graph3D] createGraphSimulation called: { hasObjectManager: [33mtrue[39m, hasScene: [33mtrue[39m, nodeCount: [33m3[39m, linkCount: [33m1[39m }
[Graph3D] Clearing existing objects...
[Graph3D] Calling createSimulation...
[Graph3D] Simulation created, setting up event handlers...
[Graph3D] Data changed: {
  nodesLen: [33m3[39m,
  linksLen: [33m1[39m,
  key: [33m1776869802866[39m,
  timestamp: [33m1776869801863[39m
}
[Graph3D] Creating simulation: [33m3[39m nodes
[Graph3D] createGraphSimulation called: { hasObjectManager: [33mtrue[39m, hasScene: [33mtrue[39m, nodeCount: [33m3[39m, linkCount: [33m1[39m }
[Graph3D] Clearing existing objects...
[Graph3D] Calling createSimulation...
[Graph3D] Simulation created, setting up event handlers...
[Graph3D] Data changed: {
  nodesLen: [33m3[39m,
  linksLen: [33m1[39m,
  key: [33m1776869802876[39m,
  timestamp: [33m1776869801873[39m
}
[Graph3D] Creating simulation: [33m3[39m nodes
[Graph3D] createGraphSimulation called: { hasObjectManager: [33mtrue[39m, hasScene: [33mtrue[39m, nodeCount: [33m3[39m, linkCount: [33m1[39m }
[Graph3D] Clearing existing objects...
[Graph3D] Calling createSimulation...
[Graph3D] Simulation created, setting up event handlers...
[Graph3D] Data changed: {
  nodesLen: [33m3[39m,
  linksLen: [33m1[39m,
  key: [33m1776869802888[39m,
  timestamp: [33m1776869801885[39m
}
[Graph3D] Creating simulation: [33m3[39m nodes
[Graph3D] createGraphSimulation called: { hasObjectManager: [33mtrue[39m, hasScene: [33mtrue[39m, nodeCount: [33m3[39m, linkCount: [33m1[39m }
[Graph3D] Clearing existing objects...
[Graph3D] Calling createSimulation...
[Graph3D] Simulation created, setting up event handlers...
[Graph3D] Data changed: {
  nodesLen: [33m3[39m,
  linksLen: [33m1[39m,
  key: [33m1776869802900[39m,
  timestamp: [33m1776869801897[39m
}
[Graph3D] Creating simulation: [33m3[39m nodes
[Graph3D] createGraphSimulation called: { hasObjectManager: [33mtrue[39m, hasScene: [33mtrue[39m, nodeCount: [33m3[39m, linkCount: [33m1[39m }
[Graph3D] Clearing existing objects...
[Graph3D] Calling createSimulation...
[Graph3D] Simulation created, setting up event handlers...
[Graph3D] Data changed: {
  nodesLen: [33m3[39m,
  linksLen: [33m1[39m,
  key: [33m1776869802914[39m,
  timestamp: [33m1776869801911[39m
}
[Graph3D] Creating simulation: [33m3[39m nodes
[Graph3D] createGraphSimulation called: { hasObjectManager: [33mtrue[39m, hasScene: [33mtrue[39m, nodeCount: [33m3[39m, linkCount: [33m1[39m }
[Graph3D] Clearing existing objects...
[Graph3D] Calling createSimulation...
[Graph3D] Simulation created, setting up event handlers...
[Graph3D] Data changed: {
  nodesLen: [33m3[39m,
  linksLen: [33m1[39m,
  key: [33m1776869802926[39m,
  timestamp: [33m1776869801923[39m
}
[Graph3D] Creating simulation: [33m3[39m nodes
[Graph3D] createGraphSimulation called: { hasObjectManager: [33mtrue[39m, hasScene: [33mtrue[39m, nodeCount: [33m3[39m, linkCount: [33m1[39m }
[Graph3D] Clearing existing objects...
[Graph3D] Calling createSimulation...
[Graph3D] Simulation created, setting up event handlers...
[Graph3D] Data changed: {
  nodesLen: [33m3[39m,
  linksLen: [33m1[39m,
  key: [33m1776869802940[39m,
  timestamp: [33m1776869801937[39m
}
[Graph3D] Creating simulation: [33m3[39m nodes
[Graph3D] createGraphSimulation called: { hasObjectManager: [33mtrue[39m, hasScene: [33mtrue[39m, nodeCount: [33m3[39m, linkCount: [33m1[39m }
[Graph3D] Clearing existing objects...
[Graph3D] Calling createSimulation...
[Graph3D] Simulation created, setting up event handlers...
[Graph3D] Data changed: {
  nodesLen: [33m3[39m,
  linksLen: [33m1[39m,
  key: [33m1776869802952[39m,
  timestamp: [33m1776869801949[39m
}
[Graph3D] Creating simulation: [33m3[39m nodes
[Graph3D] createGraphSimulation called: { hasObjectManager: [33mtrue[39m, hasScene: [33mtrue[39m, nodeCount: [33m3[39m, linkCount: [33m1[39m }
[Graph3D] Clearing existing objects...
[Graph3D] Calling createSimulation...
[Graph3D] Simulation created, setting up event handlers...
[Graph3D] Data changed: {
  nodesLen: [33m3[39m,
  linksLen: [33m1[39m,
  key: [33m1776869802969[39m,
  timestamp: [33m1776869801966[39m
}
[Graph3D] Creating simulation: [33m3[39m nodes
[Graph3D] createGraphSimulation called: { hasObjectManager: [33mtrue[39m, hasScene: [33mtrue[39m, nodeCount: [33m3[39m, linkCount: [33m1[39m }
[Graph3D] Clearing existing objects...
[Graph3D] Calling createSimulation...
[Graph3D] Simulation created, setting up event handlers...
[Graph3D] Data changed: {
  nodesLen: [33m3[39m,
  linksLen: [33m1[39m,
  key: [33m1776869802983[39m,
  timestamp: [33m1776869801980[39m
}
[Graph3D] Creating simulation: [33m3[39m nodes
[Graph3D] createGraphSimulation called: { hasObjectManager: [33mtrue[39m, hasScene: [33mtrue[39m, nodeCount: [33m3[39m, linkCount: [33m1[39m }
[Graph3D] Clearing existing objects...
[Graph3D] Calling createSimulation...
[Graph3D] Simulation created, setting up event handlers...
[Graph3D] Data changed: {
  nodesLen: [33m3[39m,
  linksLen: [33m1[39m,
  key: [33m1776869802998[39m,
  timestamp: [33m1776869801995[39m
}
[Graph3D] Creating simulation: [33m3[39m nodes
[Graph3D] createGraphSimulation called: { hasObjectManager: [33mtrue[39m, hasScene: [33mtrue[39m, nodeCount: [33m3[39m, linkCount: [33m1[39m }
[Graph3D] Clearing existing objects...
[Graph3D] Calling createSimulation...
[Graph3D] Simulation created, setting up event handlers...
[Graph3D] Data changed: {
  nodesLen: [33m3[39m,
  linksLen: [33m1[39m,
  key: [33m1776869803016[39m,
  timestamp: [33m1776869802013[39m
}
[Graph3D] Creating simulation: [33m3[39m nodes
[Graph3D] createGraphSimulation called: { hasObjectManager: [33mtrue[39m, hasScene: [33mtrue[39m, nodeCount: [33m3[39m, linkCount: [33m1[39m }
[Graph3D] Clearing existing objects...
[Graph3D] Calling createSimulation...
[Graph3D] Simulation created, setting up event handlers...
[Graph3D] Data changed: {
  nodesLen: [33m3[39m,
  linksLen: [33m1[39m,
  key: [33m1776869803032[39m,
  timestamp: [33m1776869802029[39m
}
[Graph3D] Creating simulation: [33m3[39m nodes
[Graph3D] createGraphSimulation called: { hasObjectManager: [33mtrue[39m, hasScene: [33mtrue[39m, nodeCount: [33m3[39m, linkCount: [33m1[39m }
[Graph3D] Clearing existing objects...
[Graph3D] Calling createSimulation...
[Graph3D] Simulation created, setting up event handlers...
[Graph3D] Data changed: {
  nodesLen: [33m3[39m,
  linksLen: [33m1[39m,
  key: [33m1776869803054[39m,
  timestamp: [33m1776869802051[39m
}
[Graph3D] Creating simulation: [33m3[39m nodes
[Graph3D] createGraphSimulation called: { hasObjectManager: [33mtrue[39m, hasScene: [33mtrue[39m, nodeCount: [33m3[39m, linkCount: [33m1[39m }
[Graph3D] Clearing existing objects...
[Graph3D] Calling createSimulation...
[Graph3D] Simulation created, setting up event handlers...
[Graph3D] Data changed: {
  nodesLen: [33m3[39m,
  linksLen: [33m1[39m,
  key: [33m1776869803087[39m,
  timestamp: [33m1776869802084[39m
}
[Graph3D] Creating simulation: [33m3[39m nodes
[Graph3D] createGraphSimulation called: { hasObjectManager: [33mtrue[39m, hasScene: [33mtrue[39m, nodeCount: [33m3[39m, linkCount: [33m1[39m }
[Graph3D] Clearing existing objects...
[Graph3D] Calling createSimulation...
[Graph3D] Simulation created, setting up event handlers...
[Graph3D] Data changed: {
  nodesLen: [33m3[39m,
  linksLen: [33m1[39m,
  key: [33m1776869803108[39m,
  timestamp: [33m1776869802105[39m
}
[Graph3D] Creating simulation: [33m3[39m nodes
[Graph3D] createGraphSimulation called: { hasObjectManager: [33mtrue[39m, hasScene: [33mtrue[39m, nodeCount: [33m3[39m, linkCount: [33m1[39m }
[Graph3D] Clearing existing objects...
[Graph3D] Calling createSimulation...
[Graph3D] Simulation created, setting up event handlers...
[Graph3D] Data changed: {
  nodesLen: [33m3[39m,
  linksLen: [33m1[39m,
  key: [33m1776869803126[39m,
  timestamp: [33m1776869802123[39m
}
[Graph3D] Creating simulation: [33m3[39m nodes
[Graph3D] createGraphSimulation called: { hasObjectManager: [33mtrue[39m, hasScene: [33mtrue[39m, nodeCount: [33m3[39m, linkCount: [33m1[39m }
[Graph3D] Clearing existing objects...
[Graph3D] Calling createSimulation...
[Graph3D] Simulation created, setting up event handlers...
[Graph3D] Data changed: {
  nodesLen: [33m3[39m,
  linksLen: [33m1[39m,
  key: [33m1776869803141[39m,
  timestamp: [33m1776869802138[39m
}
[Graph3D] Creating simulation: [33m3[39m nodes
[Graph3D] createGraphSimulation called: { hasObjectManager: [33mtrue[39m, hasScene: [33mtrue[39m, nodeCount: [33m3[39m, linkCount: [33m1[39m }
[Graph3D] Clearing existing objects...
[Graph3D] Calling createSimulation...
[Graph3D] Simulation created, setting up event handlers...
[Graph3D] Data changed: {
  nodesLen: [33m3[39m,
  linksLen: [33m1[39m,
  key: [33m1776869803159[39m,
  timestamp: [33m1776869802156[39m
}
[Graph3D] Creating simulation: [33m3[39m nodes
[Graph3D] createGraphSimulation called: { hasObjectManager: [33mtrue[39m, hasScene: [33mtrue[39m, nodeCount: [33m3[39m, linkCount: [33m1[39m }
[Graph3D] Clearing existing objects...
[Graph3D] Calling createSimulation...
[Graph3D] Simulation created, setting up event handlers...
[Graph3D] Data changed: {
  nodesLen: [33m3[39m,
  linksLen: [33m1[39m,
  key: [33m1776869803171[39m,
  timestamp: [33m1776869802168[39m
}
[Graph3D] Creating simulation: [33m3[39m nodes
[Graph3D] createGraphSimulation called: { hasObjectManager: [33mtrue[39m, hasScene: [33mtrue[39m, nodeCount: [33m3[39m, linkCount: [33m1[39m }
[Graph3D] Clearing existing objects...
[Graph3D] Calling createSimulation...
[Graph3D] Simulation created, setting up event handlers...
[Graph3D] Data changed: {
  nodesLen: [33m3[39m,
  linksLen: [33m1[39m,
  key: [33m1776869803183[39m,
  timestamp: [33m1776869802180[39m
}
[Graph3D] Creating simulation: [33m3[39m nodes
[Graph3D] createGraphSimulation called: { hasObjectManager: [33mtrue[39m, hasScene: [33mtrue[39m, nodeCount: [33m3[39m, linkCount: [33m1[39m }
[Graph3D] Clearing existing objects...
[Graph3D] Calling createSimulation...
[Graph3D] Simulation created, setting up event handlers...
[Graph3D] Data changed: {
  nodesLen: [33m3[39m,
  linksLen: [33m1[39m,
  key: [33m1776869803200[39m,
  timestamp: [33m1776869802197[39m
}
[Graph3D] Creating simulation: [33m3[39m nodes
[Graph3D] createGraphSimulation called: { hasObjectManager: [33mtrue[39m, hasScene: [33mtrue[39m, nodeCount: [33m3[39m, linkCount: [33m1[39m }
[Graph3D] Clearing existing objects...
[Graph3D] Calling createSimulation...
[Graph3D] Simulation created, setting up event handlers...
[Graph3D] Data changed: {
  nodesLen: [33m3[39m,
  linksLen: [33m1[39m,
  key: [33m1776869803211[39m,
  timestamp: [33m1776869802208[39m
}
[Graph3D] Creating simulation: [33m3[39m nodes
[Graph3D] createGraphSimulation called: { hasObjectManager: [33mtrue[39m, hasScene: [33mtrue[39m, nodeCount: [33m3[39m, linkCount: [33m1[39m }
[Graph3D] Clearing existing objects...
[Graph3D] Calling createSimulation...
[Graph3D] Simulation created, setting up event handlers...
[Graph3D] Data changed: {
  nodesLen: [33m3[39m,
  linksLen: [33m1[39m,
  key: [33m1776869803224[39m,
  timestamp: [33m1776869802221[39m
}
[Graph3D] Creating simulation: [33m3[39m nodes
[Graph3D] createGraphSimulation called: { hasObjectManager: [33mtrue[39m, hasScene: [33mtrue[39m, nodeCount: [33m3[39m, linkCount: [33m1[39m }
[Graph3D] Clearing existing objects...
[Graph3D] Calling createSimulation...
[Graph3D] Simulation created, setting up event handlers...
[Graph3D] Data changed: {
  nodesLen: [33m3[39m,
  linksLen: [33m1[39m,
  key: [33m1776869803238[39m,
  timestamp: [33m1776869802235[39m
}
[Graph3D] Creating simulation: [33m3[39m nodes
[Graph3D] createGraphSimulation called: { hasObjectManager: [33mtrue[39m, hasScene: [33mtrue[39m, nodeCount: [33m3[39m, linkCount: [33m1[39m }
[Graph3D] Clearing existing objects...
[Graph3D] Calling createSimulation...
[Graph3D] Simulation created, setting up event handlers...
[Graph3D] Data changed: {
  nodesLen: [33m3[39m,
  linksLen: [33m1[39m,
  key: [33m1776869803250[39m,
  timestamp: [33m1776869802247[39m
}
[Graph3D] Creating simulation: [33m3[39m nodes
[Graph3D] createGraphSimulation called: { hasObjectManager: [33mtrue[39m, hasScene: [33mtrue[39m, nodeCount: [33m3[39m, linkCount: [33m1[39m }
[Graph3D] Clearing existing objects...
[Graph3D] Calling createSimulation...
[Graph3D] Simulation created, setting up event handlers...
[Graph3D] Data changed: {
  nodesLen: [33m3[39m,
  linksLen: [33m1[39m,
  key: [33m1776869803263[39m,
  timestamp: [33m1776869802260[39m
}
[Graph3D] Creating simulation: [33m3[39m nodes
[Graph3D] createGraphSimulation called: { hasObjectManager: [33mtrue[39m, hasScene: [33mtrue[39m, nodeCount: [33m3[39m, linkCount: [33m1[39m }
[Graph3D] Clearing existing objects...
[Graph3D] Calling createSimulation...
[Graph3D] Simulation created, setting up event handlers...
[Graph3D] Data changed: {
  nodesLen: [33m3[39m,
  linksLen: [33m1[39m,
  key: [33m1776869803279[39m,
  timestamp: [33m1776869802276[39m
}
[Graph3D] Creating simulation: [33m3[39m nodes
[Graph3D] createGraphSimulation called: { hasObjectManager: [33mtrue[39m, hasScene: [33mtrue[39m, nodeCount: [33m3[39m, linkCount: [33m1[39m }
[Graph3D] Clearing existing objects...
[Graph3D] Calling createSimulation...
[Graph3D] Simulation created, setting up event handlers...
[Graph3D] Data changed: {
  nodesLen: [33m3[39m,
  linksLen: [33m1[39m,
  key: [33m1776869803293[39m,
  timestamp: [33m1776869802290[39m
}
[Graph3D] Creating simulation: [33m3[39m nodes
[Graph3D] createGraphSimulation called: { hasObjectManager: [33mtrue[39m, hasScene: [33mtrue[39m, nodeCount: [33m3[39m, linkCount: [33m1[39m }
[Graph3D] Clearing existing objects...
[Graph3D] Calling createSimulation...
[Graph3D] Simulation created, setting up event handlers...
[Graph3D] Data changed: {
  nodesLen: [33m3[39m,
  linksLen: [33m1[39m,
  key: [33m1776869803305[39m,
  timestamp: [33m1776869802302[39m
}
[Graph3D] Creating simulation: [33m3[39m nodes
[Graph3D] createGraphSimulation called: { hasObjectManager: [33mtrue[39m, hasScene: [33mtrue[39m, nodeCount: [33m3[39m, linkCount: [33m1[39m }
[Graph3D] Clearing existing objects...
[Graph3D] Calling createSimulation...
[Graph3D] Simulation created, setting up event handlers...
[Graph3D] Data changed: {
  nodesLen: [33m3[39m,
  linksLen: [33m1[39m,
  key: [33m1776869803322[39m,
  timestamp: [33m1776869802319[39m
}
[Graph3D] Creating simulation: [33m3[39m nodes
[Graph3D] createGraphSimulation called: { hasObjectManager: [33mtrue[39m, hasScene: [33mtrue[39m, nodeCount: [33m3[39m, linkCount: [33m1[39m }
[Graph3D] Clearing existing objects...
[Graph3D] Calling createSimulation...
[Graph3D] Simulation created, setting up event handlers...
[Graph3D] Data changed: {
  nodesLen: [33m3[39m,
  linksLen: [33m1[39m,
  key: [33m1776869803335[39m,
  timestamp: [33m1776869802332[39m
}
[Graph3D] Creating simulation: [33m3[39m nodes
[Graph3D] createGraphSimulation called: { hasObjectManager: [33mtrue[39m, hasScene: [33mtrue[39m, nodeCount: [33m3[39m, linkCount: [33m1[39m }
[Graph3D] Clearing existing objects...
[Graph3D] Calling createSimulation...
[Graph3D] Simulation created, setting up event handlers...
[Graph3D] Data changed: {
  nodesLen: [33m3[39m,
  linksLen: [33m1[39m,
  key: [33m1776869803350[39m,
  timestamp: [33m1776869802347[39m
}
[Graph3D] Creating simulation: [33m3[39m nodes
[Graph3D] createGraphSimulation called: { hasObjectManager: [33mtrue[39m, hasScene: [33mtrue[39m, nodeCount: [33m3[39m, linkCount: [33m1[39m }
[Graph3D] Clearing existing objects...
[Graph3D] Calling createSimulation...
[Graph3D] Simulation created, setting up event handlers...
[Graph3D] Data changed: {
  nodesLen: [33m3[39m,
  linksLen: [33m1[39m,
  key: [33m1776869803371[39m,
  timestamp: [33m1776869802368[39m
}
[Graph3D] Creating simulation: [33m3[39m nodes
[Graph3D] createGraphSimulation called: { hasObjectManager: [33mtrue[39m, hasScene: [33mtrue[39m, nodeCount: [33m3[39m, linkCount: [33m1[39m }
[Graph3D] Clearing existing objects...
[Graph3D] Calling createSimulation...
[Graph3D] Simulation created, setting up event handlers...
[Graph3D] Data changed: {
  nodesLen: [33m3[39m,
  linksLen: [33m1[39m,
  key: [33m1776869803385[39m,
  timestamp: [33m1776869802382[39m
}
[Graph3D] Creating simulation: [33m3[39m nodes
[Graph3D] createGraphSimulation called: { hasObjectManager: [33mtrue[39m, hasScene: [33mtrue[39m, nodeCount: [33m3[39m, linkCount: [33m1[39m }
[Graph3D] Clearing existing objects...
[Graph3D] Calling createSimulation...
[Graph3D] Simulation created, setting up event handlers...
[Graph3D] Data changed: {
  nodesLen: [33m3[39m,
  linksLen: [33m1[39m,
  key: [33m1776869803401[39m,
  timestamp: [33m1776869802398[39m
}
[Graph3D] Creating simulation: [33m3[39m nodes
[Graph3D] createGraphSimulation called: { hasObjectManager: [33mtrue[39m, hasScene: [33mtrue[39m, nodeCount: [33m3[39m, linkCount: [33m1[39m }
[Graph3D] Clearing existing objects...
[Graph3D] Calling createSimulation...
[Graph3D] Simulation created, setting up event handlers...
[Graph3D] Data changed: {
  nodesLen: [33m3[39m,
  linksLen: [33m1[39m,
  key: [33m1776869803418[39m,
  timestamp: [33m1776869802415[39m
}
[Graph3D] Creating simulation: [33m3[39m nodes
[Graph3D] createGraphSimulation called: { hasObjectManager: [33mtrue[39m, hasScene: [33mtrue[39m, nodeCount: [33m3[39m, linkCount: [33m1[39m }
[Graph3D] Clearing existing objects...
[Graph3D] Calling createSimulation...
[Graph3D] Simulation created, setting up event handlers...
[Graph3D] Data changed: {
  nodesLen: [33m3[39m,
  linksLen: [33m1[39m,
  key: [33m1776869803431[39m,
  timestamp: [33m1776869802428[39m
}
[Graph3D] Creating simulation: [33m3[39m nodes
[Graph3D] createGraphSimulation called: { hasObjectManager: [33mtrue[39m, hasScene: [33mtrue[39m, nodeCount: [33m3[39m, linkCount: [33m1[39m }
[Graph3D] Clearing existing objects...
[Graph3D] Calling createSimulation...
[Graph3D] Simulation created, setting up event handlers...
[Graph3D] Data changed: {
  nodesLen: [33m3[39m,
  linksLen: [33m1[39m,
  key: [33m1776869803448[39m,
  timestamp: [33m1776869802445[39m
}
[Graph3D] Creating simulation: [33m3[39m nodes
[Graph3D] createGraphSimulation called: { hasObjectManager: [33mtrue[39m, hasScene: [33mtrue[39m, nodeCount: [33m3[39m, linkCount: [33m1[39m }
[Graph3D] Clearing existing objects...
[Graph3D] Calling createSimulation...
[Graph3D] Simulation created, setting up event handlers...
[Graph3D] Data changed: {
  nodesLen: [33m3[39m,
  linksLen: [33m1[39m,
  key: [33m1776869803460[39m,
  timestamp: [33m1776869802457[39m
}
[Graph3D] Creating simulation: [33m3[39m nodes
[Graph3D] createGraphSimulation called: { hasObjectManager: [33mtrue[39m, hasScene: [33mtrue[39m, nodeCount: [33m3[39m, linkCount: [33m1[39m }
[Graph3D] Clearing existing objects...
[Graph3D] Calling createSimulation...
[Graph3D] Simulation created, setting up event handlers...
[Graph3D] Data changed: {
  nodesLen: [33m3[39m,
  linksLen: [33m1[39m,
  key: [33m1776869803475[39m,
  timestamp: [33m1776869802472[39m
}
[Graph3D] Creating simulation: [33m3[39m nodes
[Graph3D] createGraphSimulation called: { hasObjectManager: [33mtrue[39m, hasScene: [33mtrue[39m, nodeCount: [33m3[39m, linkCount: [33m1[39m }
[Graph3D] Clearing existing objects...
[Graph3D] Calling createSimulation...
[Graph3D] Simulation created, setting up event handlers...
[Graph3D] Data changed: {
  nodesLen: [33m3[39m,
  linksLen: [33m1[39m,
  key: [33m1776869803491[39m,
  timestamp: [33m1776869802488[39m
}
[Graph3D] Creating simulation: [33m3[39m nodes
[Graph3D] createGraphSimulation called: { hasObjectManager: [33mtrue[39m, hasScene: [33mtrue[39m, nodeCount: [33m3[39m, linkCount: [33m1[39m }
[Graph3D] Clearing existing objects...
[Graph3D] Calling createSimulation...
[Graph3D] Simulation created, setting up event handlers...
[Graph3D] Data changed: {
  nodesLen: [33m3[39m,
  linksLen: [33m1[39m,
  key: [33m1776869803505[39m,
  timestamp: [33m1776869802502[39m
}
[Graph3D] Creating simulation: [33m3[39m nodes
[Graph3D] createGraphSimulation called: { hasObjectManager: [33mtrue[39m, hasScene: [33mtrue[39m, nodeCount: [33m3[39m, linkCount: [33m1[39m }
[Graph3D] Clearing existing objects...
[Graph3D] Calling createSimulation...
[Graph3D] Simulation created, setting up event handlers...
[Graph3D] Data changed: {
  nodesLen: [33m3[39m,
  linksLen: [33m1[39m,
  key: [33m1776869803522[39m,
  timestamp: [33m1776869802519[39m
}
[Graph3D] Creating simulation: [33m3[39m nodes
[Graph3D] createGraphSimulation called: { hasObjectManager: [33mtrue[39m, hasScene: [33mtrue[39m, nodeCount: [33m3[39m, linkCount: [33m1[39m }
[Graph3D] Clearing existing objects...
[Graph3D] Calling createSimulation...
[Graph3D] Simulation created, setting up event handlers...
[Graph3D] Data changed: {
  nodesLen: [33m3[39m,
  linksLen: [33m1[39m,
  key: [33m1776869803538[39m,
  timestamp: [33m1776869802535[39m
}
[Graph3D] Creating simulation: [33m3[39m nodes
[Graph3D] createGraphSimulation called: { hasObjectManager: [33mtrue[39m, hasScene: [33mtrue[39m, nodeCount: [33m3[39m, linkCount: [33m1[39m }
[Graph3D] Clearing existing objects...
[Graph3D] Calling createSimulation...
[Graph3D] Simulation created, setting up event handlers...
[Graph3D] Data changed: {
  nodesLen: [33m3[39m,
  linksLen: [33m1[39m,
  key: [33m1776869803554[39m,
  timestamp: [33m1776869802551[39m
}
[Graph3D] Creating simulation: [33m3[39m nodes
[Graph3D] createGraphSimulation called: { hasObjectManager: [33mtrue[39m, hasScene: [33mtrue[39m, nodeCount: [33m3[39m, linkCount: [33m1[39m }
[Graph3D] Clearing existing objects...
[Graph3D] Calling createSimulation...
[Graph3D] Simulation created, setting up event handlers...
[Graph3D] Data changed: {
  nodesLen: [33m3[39m,
  linksLen: [33m1[39m,
  key: [33m1776869803569[39m,
  timestamp: [33m1776869802566[39m
}
[Graph3D] Creating simulation: [33m3[39m nodes
[Graph3D] createGraphSimulation called: { hasObjectManager: [33mtrue[39m, hasScene: [33mtrue[39m, nodeCount: [33m3[39m, linkCount: [33m1[39m }
[Graph3D] Clearing existing objects...
[Graph3D] Calling createSimulation...
[Graph3D] Simulation created, setting up event handlers...
[Graph3D] Data changed: {
  nodesLen: [33m3[39m,
  linksLen: [33m1[39m,
  key: [33m1776869803585[39m,
  timestamp: [33m1776869802582[39m
}
[Graph3D] Creating simulation: [33m3[39m nodes
[Graph3D] createGraphSimulation called: { hasObjectManager: [33mtrue[39m, hasScene: [33mtrue[39m, nodeCount: [33m3[39m, linkCount: [33m1[39m }
[Graph3D] Clearing existing objects...
[Graph3D] Calling createSimulation...
[Graph3D] Simulation created, setting up event handlers...
[Graph3D] Data changed: {
  nodesLen: [33m3[39m,
  linksLen: [33m1[39m,
  key: [33m1776869803603[39m,
  timestamp: [33m1776869802600[39m
}
[Graph3D] Creating simulation: [33m3[39m nodes
[Graph3D] createGraphSimulation called: { hasObjectManager: [33mtrue[39m, hasScene: [33mtrue[39m, nodeCount: [33m3[39m, linkCount: [33m1[39m }
[Graph3D] Clearing existing objects...
[Graph3D] Calling createSimulation...
[Graph3D] Simulation created, setting up event handlers...
[Graph3D] Data changed: {
  nodesLen: [33m3[39m,
  linksLen: [33m1[39m,
  key: [33m1776869803616[39m,
  timestamp: [33m1776869802613[39m
}
[Graph3D] Creating simulation: [33m3[39m nodes
[Graph3D] createGraphSimulation called: { hasObjectManager: [33mtrue[39m, hasScene: [33mtrue[39m, nodeCount: [33m3[39m, linkCount: [33m1[39m }
[Graph3D] Clearing existing objects...
[Graph3D] Calling createSimulation...
[Graph3D] Simulation created, setting up event handlers...
[Graph3D] Data changed: {
  nodesLen: [33m3[39m,
  linksLen: [33m1[39m,
  key: [33m1776869803632[39m,
  timestamp: [33m1776869802629[39m
}
[Graph3D] Creating simulation: [33m3[39m nodes
[Graph3D] createGraphSimulation called: { hasObjectManager: [33mtrue[39m, hasScene: [33mtrue[39m, nodeCount: [33m3[39m, linkCount: [33m1[39m }
[Graph3D] Clearing existing objects...
[Graph3D] Calling createSimulation...
[Graph3D] Simulation created, setting up event handlers...
[Graph3D] Data changed: {
  nodesLen: [33m3[39m,
  linksLen: [33m1[39m,
  key: [33m1776869803651[39m,
  timestamp: [33m1776869802648[39m
}
[Graph3D] Creating simulation: [33m3[39m nodes
[Graph3D] createGraphSimulation called: { hasObjectManager: [33mtrue[39m, hasScene: [33mtrue[39m, nodeCount: [33m3[39m, linkCount: [33m1[39m }
[Graph3D] Clearing existing objects...
[Graph3D] Calling createSimulation...
[Graph3D] Simulation created, setting up event handlers...
[Graph3D] Data changed: {
  nodesLen: [33m3[39m,
  linksLen: [33m1[39m,
  key: [33m1776869803670[39m,
  timestamp: [33m1776869802667[39m
}
[Graph3D] Creating simulation: [33m3[39m nodes
[Graph3D] createGraphSimulation called: { hasObjectManager: [33mtrue[39m, hasScene: [33mtrue[39m, nodeCount: [33m3[39m, linkCount: [33m1[39m }
[Graph3D] Clearing existing objects...
[Graph3D] Calling createSimulation...
[Graph3D] Simulation created, setting up event handlers...
[Graph3D] Data changed: {
  nodesLen: [33m3[39m,
  linksLen: [33m1[39m,
  key: [33m1776869803688[39m,
  timestamp: [33m1776869802685[39m
}
[Graph3D] Creating simulation: [33m3[39m nodes
[Graph3D] createGraphSimulation called: { hasObjectManager: [33mtrue[39m, hasScene: [33mtrue[39m, nodeCount: [33m3[39m, linkCount: [33m1[39m }
[Graph3D] Clearing existing objects...
[Graph3D] Calling createSimulation...
[Graph3D] Simulation created, setting up event handlers...
[Graph3D] Data changed: {
  nodesLen: [33m3[39m,
  linksLen: [33m1[39m,
  key: [33m1776869803705[39m,
  timestamp: [33m1776869802702[39m
}
[Graph3D] Creating simulation: [33m3[39m nodes
[Graph3D] createGraphSimulation called: { hasObjectManager: [33mtrue[39m, hasScene: [33mtrue[39m, nodeCount: [33m3[39m, linkCount: [33m1[39m }
[Graph3D] Clearing existing objects...
[Graph3D] Calling createSimulation...
[Graph3D] Simulation created, setting up event handlers...
[Graph3D] Data changed: {
  nodesLen: [33m3[39m,
  linksLen: [33m1[39m,
  key: [33m1776869803726[39m,
  timestamp: [33m1776869802723[39m
}
[Graph3D] Creating simulation: [33m3[39m nodes
[Graph3D] createGraphSimulation called: { hasObjectManager: [33mtrue[39m, hasScene: [33mtrue[39m, nodeCount: [33m3[39m, linkCount: [33m1[39m }
[Graph3D] Clearing existing objects...
[Graph3D] Calling createSimulation...
[Graph3D] Simulation created, setting up event handlers...
[Graph3D] Data changed: {
  nodesLen: [33m3[39m,
  linksLen: [33m1[39m,
  key: [33m1776869803745[39m,
  timestamp: [33m1776869802742[39m
}
[Graph3D] Creating simulation: [33m3[39m nodes
[Graph3D] createGraphSimulation called: { hasObjectManager: [33mtrue[39m, hasScene: [33mtrue[39m, nodeCount: [33m3[39m, linkCount: [33m1[39m }
[Graph3D] Clearing existing objects...
[Graph3D] Calling createSimulation...
[Graph3D] Simulation created, setting up event handlers...
[Graph3D] Data changed: {
  nodesLen: [33m3[39m,
  linksLen: [33m1[39m,
  key: [33m1776869803765[39m,
  timestamp: [33m1776869802762[39m
}
[Graph3D] Creating simulation: [33m3[39m nodes
[Graph3D] createGraphSimulation called: { hasObjectManager: [33mtrue[39m, hasScene: [33mtrue[39m, nodeCount: [33m3[39m, linkCount: [33m1[39m }
[Graph3D] Clearing existing objects...
[Graph3D] Calling createSimulation...
[Graph3D] Simulation created, setting up event handlers...
[Graph3D] Data changed: {
  nodesLen: [33m3[39m,
  linksLen: [33m1[39m,
  key: [33m1776869803787[39m,
  timestamp: [33m1776869802784[39m
}
[Graph3D] Creating simulation: [33m3[39m nodes
[Graph3D] createGraphSimulation called: { hasObjectManager: [33mtrue[39m, hasScene: [33mtrue[39m, nodeCount: [33m3[39m, linkCount: [33m1[39m }
[Graph3D] Clearing existing objects...
[Graph3D] Calling createSimulation...
[Graph3D] Simulation created, setting up event handlers...
[Graph3D] Data changed: {
  nodesLen: [33m3[39m,
  linksLen: [33m1[39m,
  key: [33m1776869803803[39m,
  timestamp: [33m1776869802800[39m
}
[Graph3D] Creating simulation: [33m3[39m nodes
[Graph3D] createGraphSimulation called: { hasObjectManager: [33mtrue[39m, hasScene: [33mtrue[39m, nodeCount: [33m3[39m, linkCount: [33m1[39m }
[Graph3D] Clearing existing objects...
[Graph3D] Calling createSimulation...
[Graph3D] Simulation created, setting up event handlers...
[Graph3D] Data changed: {
  nodesLen: [33m3[39m,
  linksLen: [33m1[39m,
  key: [33m1776869803822[39m,
  timestamp: [33m1776869802819[39m
}
[Graph3D] Creating simulation: [33m3[39m nodes
[Graph3D] createGraphSimulation called: { hasObjectManager: [33mtrue[39m, hasScene: [33mtrue[39m, nodeCount: [33m3[39m, linkCount: [33m1[39m }
[Graph3D] Clearing existing objects...
[Graph3D] Calling createSimulation...
[Graph3D] Simulation created, setting up event handlers...
[Graph3D] Data changed: {
  nodesLen: [33m3[39m,
  linksLen: [33m1[39m,
  key: [33m1776869803840[39m,
  timestamp: [33m1776869802837[39m
}
[Graph3D] Creating simulation: [33m3[39m nodes
[Graph3D] createGraphSimulation called: { hasObjectManager: [33mtrue[39m, hasScene: [33mtrue[39m, nodeCount: [33m3[39m, linkCount: [33m1[39m }
[Graph3D] Clearing existing objects...
[Graph3D] Calling createSimulation...
[Graph3D] Simulation created, setting up event handlers...
[Graph3D] Data changed: {
  nodesLen: [33m3[39m,
  linksLen: [33m1[39m,
  key: [33m1776869803861[39m,
  timestamp: [33m1776869802858[39m
}
[Graph3D] Creating simulation: [33m3[39m nodes
[Graph3D] createGraphSimulation called: { hasObjectManager: [33mtrue[39m, hasScene: [33mtrue[39m, nodeCount: [33m3[39m, linkCount: [33m1[39m }
[Graph3D] Clearing existing objects...
[Graph3D] Calling createSimulation...
[Graph3D] Simulation created, setting up event handlers...
[Graph3D] Data changed: {
  nodesLen: [33m3[39m,
  linksLen: [33m1[39m,
  key: [33m1776869803881[39m,
  timestamp: [33m1776869802878[39m
}
[Graph3D] Creating simulation: [33m3[39m nodes
[Graph3D] createGraphSimulation called: { hasObjectManager: [33mtrue[39m, hasScene: [33mtrue[39m, nodeCount: [33m3[39m, linkCount: [33m1[39m }
[Graph3D] Clearing existing objects...
[Graph3D] Calling createSimulation...
[Graph3D] Simulation created, setting up event handlers...
[Graph3D] Data changed: {
  nodesLen: [33m3[39m,
  linksLen: [33m1[39m,
  key: [33m1776869803903[39m,
  timestamp: [33m1776869802900[39m
}
[Graph3D] Creating simulation: [33m3[39m nodes
[Graph3D] createGraphSimulation called: { hasObjectManager: [33mtrue[39m, hasScene: [33mtrue[39m, nodeCount: [33m3[39m, linkCount: [33m1[39m }
[Graph3D] Clearing existing objects...
[Graph3D] Calling createSimulation...
[Graph3D] Simulation created, setting up event handlers...
[Graph3D] Data changed: {
  nodesLen: [33m3[39m,
  linksLen: [33m1[39m,
  key: [33m1776869803922[39m,
  timestamp: [33m1776869802919[39m
}
[Graph3D] Creating simulation: [33m3[39m nodes
[Graph3D] createGraphSimulation called: { hasObjectManager: [33mtrue[39m, hasScene: [33mtrue[39m, nodeCount: [33m3[39m, linkCount: [33m1[39m }
[Graph3D] Clearing existing objects...
[Graph3D] Calling createSimulation...
[Graph3D] Simulation created, setting up event handlers...
[Graph3D] Data changed: {
  nodesLen: [33m3[39m,
  linksLen: [33m1[39m,
  key: [33m1776869803943[39m,
  timestamp: [33m1776869802940[39m
}
[Graph3D] Creating simulation: [33m3[39m nodes
[Graph3D] createGraphSimulation called: { hasObjectManager: [33mtrue[39m, hasScene: [33mtrue[39m, nodeCount: [33m3[39m, linkCount: [33m1[39m }
[Graph3D] Clearing existing objects...
[Graph3D] Calling createSimulation...
[Graph3D] Simulation created, setting up event handlers...
[Graph3D] Data changed: {
  nodesLen: [33m3[39m,
  linksLen: [33m1[39m,
  key: [33m1776869803963[39m,
  timestamp: [33m1776869802960[39m
}
[Graph3D] Creating simulation: [33m3[39m nodes
[Graph3D] createGraphSimulation called: { hasObjectManager: [33mtrue[39m, hasScene: [33mtrue[39m, nodeCount: [33m3[39m, linkCount: [33m1[39m }
[Graph3D] Clearing existing objects...
[Graph3D] Calling createSimulation...
[Graph3D] Simulation created, setting up event handlers...
[Graph3D] Data changed: {
  nodesLen: [33m3[39m,
  linksLen: [33m1[39m,
  key: [33m1776869803987[39m,
  timestamp: [33m1776869802984[39m
}
[Graph3D] Creating simulation: [33m3[39m nodes
[Graph3D] createGraphSimulation called: { hasObjectManager: [33mtrue[39m, hasScene: [33mtrue[39m, nodeCount: [33m3[39m, linkCount: [33m1[39m }
[Graph3D] Clearing existing objects...
[Graph3D] Calling createSimulation...
[Graph3D] Simulation created, setting up event handlers...
[Graph3D] Data changed: {
  nodesLen: [33m3[39m,
  linksLen: [33m1[39m,
  key: [33m1776869804006[39m,
  timestamp: [33m1776869803003[39m
}
[Graph3D] Creating simulation: [33m3[39m nodes
[Graph3D] createGraphSimulation called: { hasObjectManager: [33mtrue[39m, hasScene: [33mtrue[39m, nodeCount: [33m3[39m, linkCount: [33m1[39m }
[Graph3D] Clearing existing objects...
[Graph3D] Calling createSimulation...
[Graph3D] Simulation created, setting up event handlers...
[Graph3D] Data changed: {
  nodesLen: [33m3[39m,
  linksLen: [33m1[39m,
  key: [33m1776869804026[39m,
  timestamp: [33m1776869803023[39m
}
[Graph3D] Creating simulation: [33m3[39m nodes
[Graph3D] createGraphSimulation called: { hasObjectManager: [33mtrue[39m, hasScene: [33mtrue[39m, nodeCount: [33m3[39m, linkCount: [33m1[39m }
[Graph3D] Clearing existing objects...
[Graph3D] Calling createSimulation...
[Graph3D] Simulation created, setting up event handlers...
[Graph3D] Data changed: {
  nodesLen: [33m3[39m,
  linksLen: [33m1[39m,
  key: [33m1776869804043[39m,
  timestamp: [33m1776869803040[39m
}
[Graph3D] Creating simulation: [33m3[39m nodes
[Graph3D] createGraphSimulation called: { hasObjectManager: [33mtrue[39m, hasScene: [33mtrue[39m, nodeCount: [33m3[39m, linkCount: [33m1[39m }
[Graph3D] Clearing existing objects...
[Graph3D] Calling createSimulation...
[Graph3D] Simulation created, setting up event handlers...
[Graph3D] Data changed: {
  nodesLen: [33m3[39m,
  linksLen: [33m1[39m,
  key: [33m1776869804067[39m,
  timestamp: [33m1776869803064[39m
}
[Graph3D] Creating simulation: [33m3[39m nodes
[Graph3D] createGraphSimulation called: { hasObjectManager: [33mtrue[39m, hasScene: [33mtrue[39m, nodeCount: [33m3[39m, linkCount: [33m1[39m }
[Graph3D] Clearing existing objects...
[Graph3D] Calling createSimulation...
[Graph3D] Simulation created, setting up event handlers...
[Graph3D] Data changed: {
  nodesLen: [33m3[39m,
  linksLen: [33m1[39m,
  key: [33m1776869804105[39m,
  timestamp: [33m1776869803102[39m
}
[Graph3D] Creating simulation: [33m3[39m nodes
[Graph3D] createGraphSimulation called: { hasObjectManager: [33mtrue[39m, hasScene: [33mtrue[39m, nodeCount: [33m3[39m, linkCount: [33m1[39m }
[Graph3D] Clearing existing objects...
[Graph3D] Calling createSimulation...
[Graph3D] Simulation created, setting up event handlers...
[Graph3D] Data changed: {
  nodesLen: [33m3[39m,
  linksLen: [33m1[39m,
  key: [33m1776869804123[39m,
  timestamp: [33m1776869803120[39m
}
[Graph3D] Creating simulation: [33m3[39m nodes
[Graph3D] createGraphSimulation called: { hasObjectManager: [33mtrue[39m, hasScene: [33mtrue[39m, nodeCount: [33m3[39m, linkCount: [33m1[39m }
[Graph3D] Clearing existing objects...
[Graph3D] Calling createSimulation...
[Graph3D] Simulation created, setting up event handlers...
[Graph3D] Data changed: {
  nodesLen: [33m3[39m,
  linksLen: [33m1[39m,
  key: [33m1776869804149[39m,
  timestamp: [33m1776869803146[39m
}
[Graph3D] Creating simulation: [33m3[39m nodes
[Graph3D] createGraphSimulation called: { hasObjectManager: [33mtrue[39m, hasScene: [33mtrue[39m, nodeCount: [33m3[39m, linkCount: [33m1[39m }
[Graph3D] Clearing existing objects...
[Graph3D] Calling createSimulation...
[Graph3D] Simulation created, setting up event handlers...
[Graph3D] Data changed: {
  nodesLen: [33m3[39m,
  linksLen: [33m1[39m,
  key: [33m1776869804171[39m,
  timestamp: [33m1776869803168[39m
}
[Graph3D] Creating simulation: [33m3[39m nodes
[Graph3D] createGraphSimulation called: { hasObjectManager: [33mtrue[39m, hasScene: [33mtrue[39m, nodeCount: [33m3[39m, linkCount: [33m1[39m }
[Graph3D] Clearing existing objects...
[Graph3D] Calling createSimulation...
[Graph3D] Simulation created, setting up event handlers...
[Graph3D] Data changed: {
  nodesLen: [33m3[39m,
  linksLen: [33m1[39m,
  key: [33m1776869804195[39m,
  timestamp: [33m1776869803192[39m
}
[Graph3D] Creating simulation: [33m3[39m nodes
[Graph3D] createGraphSimulation called: { hasObjectManager: [33mtrue[39m, hasScene: [33mtrue[39m, nodeCount: [33m3[39m, linkCount: [33m1[39m }
[Graph3D] Clearing existing objects...
[Graph3D] Calling createSimulation...
[Graph3D] Simulation created, setting up event handlers...
[Graph3D] Data changed: {
  nodesLen: [33m3[39m,
  linksLen: [33m1[39m,
  key: [33m1776869804220[39m,
  timestamp: [33m1776869803217[39m
}
[Graph3D] Creating simulation: [33m3[39m nodes
[Graph3D] createGraphSimulation called: { hasObjectManager: [33mtrue[39m, hasScene: [33mtrue[39m, nodeCount: [33m3[39m, linkCount: [33m1[39m }
[Graph3D] Clearing existing objects...
[Graph3D] Calling createSimulation...
[Graph3D] Simulation created, setting up event handlers...
[Graph3D] Data changed: {
  nodesLen: [33m3[39m,
  linksLen: [33m1[39m,
  key: [33m1776869804246[39m,
  timestamp: [33m1776869803243[39m
}
[Graph3D] Creating simulation: [33m3[39m nodes
[Graph3D] createGraphSimulation called: { hasObjectManager: [33mtrue[39m, hasScene: [33mtrue[39m, nodeCount: [33m3[39m, linkCount: [33m1[39m }
[Graph3D] Clearing existing objects...
[Graph3D] Calling createSimulation...
[Graph3D] Simulation created, setting up event handlers...
[Graph3D] Data changed: {
  nodesLen: [33m3[39m,
  linksLen: [33m1[39m,
  key: [33m1776869804269[39m,
  timestamp: [33m1776869803266[39m
}
[Graph3D] Creating simulation: [33m3[39m nodes
[Graph3D] createGraphSimulation called: { hasObjectManager: [33mtrue[39m, hasScene: [33mtrue[39m, nodeCount: [33m3[39m, linkCount: [33m1[39m }
[Graph3D] Clearing existing objects...
[Graph3D] Calling createSimulation...
[Graph3D] Simulation created, setting up event handlers...
[Graph3D] Data changed: {
  nodesLen: [33m3[39m,
  linksLen: [33m1[39m,
  key: [33m1776869804295[39m,
  timestamp: [33m1776869803292[39m
}
[Graph3D] Creating simulation: [33m3[39m nodes
[Graph3D] createGraphSimulation called: { hasObjectManager: [33mtrue[39m, hasScene: [33mtrue[39m, nodeCount: [33m3[39m, linkCount: [33m1[39m }
[Graph3D] Clearing existing objects...
[Graph3D] Calling createSimulation...
[Graph3D] Simulation created, setting up event handlers...
[Graph3D] Data changed: {
  nodesLen: [33m3[39m,
  linksLen: [33m1[39m,
  key: [33m1776869804319[39m,
  timestamp: [33m1776869803316[39m
}
[Graph3D] Creating simulation: [33m3[39m nodes
[Graph3D] createGraphSimulation called: { hasObjectManager: [33mtrue[39m, hasScene: [33mtrue[39m, nodeCount: [33m3[39m, linkCount: [33m1[39m }
[Graph3D] Clearing existing objects...
[Graph3D] Calling createSimulation...
[Graph3D] Simulation created, setting up event handlers...
[Graph3D] Data changed: {
  nodesLen: [33m3[39m,
  linksLen: [33m1[39m,
  key: [33m1776869804344[39m,
  timestamp: [33m1776869803341[39m
}
[Graph3D] Creating simulation: [33m3[39m nodes
[Graph3D] createGraphSimulation called: { hasObjectManager: [33mtrue[39m, hasScene: [33mtrue[39m, nodeCount: [33m3[39m, linkCount: [33m1[39m }
[Graph3D] Clearing existing objects...
[Graph3D] Calling createSimulation...
[Graph3D] Simulation created, setting up event handlers...
[Graph3D] Data changed: {
  nodesLen: [33m3[39m,
  linksLen: [33m1[39m,
  key: [33m1776869804370[39m,
  timestamp: [33m1776869803367[39m
}
[Graph3D] Creating simulation: [33m3[39m nodes
[Graph3D] createGraphSimulation called: { hasObjectManager: [33mtrue[39m, hasScene: [33mtrue[39m, nodeCount: [33m3[39m, linkCount: [33m1[39m }
[Graph3D] Clearing existing objects...
[Graph3D] Calling createSimulation...
[Graph3D] Simulation created, setting up event handlers...
[Graph3D] Data changed: {
  nodesLen: [33m3[39m,
  linksLen: [33m1[39m,
  key: [33m1776869804395[39m,
  timestamp: [33m1776869803392[39m
}
[Graph3D] Creating simulation: [33m3[39m nodes
[Graph3D] createGraphSimulation called: { hasObjectManager: [33mtrue[39m, hasScene: [33mtrue[39m, nodeCount: [33m3[39m, linkCount: [33m1[39m }
[Graph3D] Clearing existing objects...
[Graph3D] Calling createSimulation...
[Graph3D] Simulation created, setting up event handlers...
[Graph3D] Data changed: {
  nodesLen: [33m3[39m,
  linksLen: [33m1[39m,
  key: [33m1776869804428[39m,
  timestamp: [33m1776869803425[39m
}
[Graph3D] Creating simulation: [33m3[39m nodes
[Graph3D] createGraphSimulation called: { hasObjectManager: [33mtrue[39m, hasScene: [33mtrue[39m, nodeCount: [33m3[39m, linkCount: [33m1[39m }
[Graph3D] Clearing existing objects...
[Graph3D] Calling createSimulation...
[Graph3D] Simulation created, setting up event handlers...
[Graph3D] Data changed: {
  nodesLen: [33m3[39m,
  linksLen: [33m1[39m,
  key: [33m1776869804452[39m,
  timestamp: [33m1776869803449[39m
}
[Graph3D] Creating simulation: [33m3[39m nodes
[Graph3D] createGraphSimulation called: { hasObjectManager: [33mtrue[39m, hasScene: [33mtrue[39m, nodeCount: [33m3[39m, linkCount: [33m1[39m }
[Graph3D] Clearing existing objects...
[Graph3D] Calling createSimulation...
[Graph3D] Simulation created, setting up event handlers...
[Graph3D] Data changed: {
  nodesLen: [33m3[39m,
  linksLen: [33m1[39m,
  key: [33m1776869804478[39m,
  timestamp: [33m1776869803475[39m
}
[Graph3D] Creating simulation: [33m3[39m nodes
[Graph3D] createGraphSimulation called: { hasObjectManager: [33mtrue[39m, hasScene: [33mtrue[39m, nodeCount: [33m3[39m, linkCount: [33m1[39m }
[Graph3D] Clearing existing objects...
[Graph3D] Calling createSimulation...
[Graph3D] Simulation created, setting up event handlers...
[Graph3D] Data changed: {
  nodesLen: [33m3[39m,
  linksLen: [33m1[39m,
  key: [33m1776869804501[39m,
  timestamp: [33m1776869803498[39m
}
[Graph3D] Creating simulation: [33m3[39m nodes
[Graph3D] createGraphSimulation called: { hasObjectManager: [33mtrue[39m, hasScene: [33mtrue[39m, nodeCount: [33m3[39m, linkCount: [33m1[39m }
[Graph3D] Clearing existing objects...
[Graph3D] Calling createSimulation...
[Graph3D] Simulation created, setting up event handlers...
[Graph3D] Data changed: {
  nodesLen: [33m3[39m,
  linksLen: [33m1[39m,
  key: [33m1776869804532[39m,
  timestamp: [33m1776869803529[39m
}
[Graph3D] Creating simulation: [33m3[39m nodes
[Graph3D] createGraphSimulation called: { hasObjectManager: [33mtrue[39m, hasScene: [33mtrue[39m, nodeCount: [33m3[39m, linkCount: [33m1[39m }
[Graph3D] Clearing existing objects...
[Graph3D] Calling createSimulation...
[Graph3D] Simulation created, setting up event handlers...
[Graph3D] Data changed: {
  nodesLen: [33m3[39m,
  linksLen: [33m1[39m,
  key: [33m1776869804558[39m,
  timestamp: [33m1776869803555[39m
}
[Graph3D] Creating simulation: [33m3[39m nodes
[Graph3D] createGraphSimulation called: { hasObjectManager: [33mtrue[39m, hasScene: [33mtrue[39m, nodeCount: [33m3[39m, linkCount: [33m1[39m }
[Graph3D] Clearing existing objects...
[Graph3D] Calling createSimulation...
[Graph3D] Simulation created, setting up event handlers...
[Graph3D] Data changed: {
  nodesLen: [33m3[39m,
  linksLen: [33m1[39m,
  key: [33m1776869804586[39m,
  timestamp: [33m1776869803583[39m
}
[Graph3D] Creating simulation: [33m3[39m nodes
[Graph3D] createGraphSimulation called: { hasObjectManager: [33mtrue[39m, hasScene: [33mtrue[39m, nodeCount: [33m3[39m, linkCount: [33m1[39m }
[Graph3D] Clearing existing objects...
[Graph3D] Calling createSimulation...
[Graph3D] Simulation created, setting up event handlers...
[Graph3D] Data changed: {
  nodesLen: [33m3[39m,
  linksLen: [33m1[39m,
  key: [33m1776869804617[39m,
  timestamp: [33m1776869803614[39m
}
[Graph3D] Creating simulation: [33m3[39m nodes
[Graph3D] createGraphSimulation called: { hasObjectManager: [33mtrue[39m, hasScene: [33mtrue[39m, nodeCount: [33m3[39m, linkCount: [33m1[39m }
[Graph3D] Clearing existing objects...
[Graph3D] Calling createSimulation...
[Graph3D] Simulation created, setting up event handlers...
[Graph3D] Data changed: {
  nodesLen: [33m3[39m,
  linksLen: [33m1[39m,
  key: [33m1776869804638[39m,
  timestamp: [33m1776869803635[39m
}
[Graph3D] Creating simulation: [33m3[39m nodes
[Graph3D] createGraphSimulation called: { hasObjectManager: [33mtrue[39m, hasScene: [33mtrue[39m, nodeCount: [33m3[39m, linkCount: [33m1[39m }
[Graph3D] Clearing existing objects...
[Graph3D] Calling createSimulation...
[Graph3D] Simulation created, setting up event handlers...
[Graph3D] Data changed: {
  nodesLen: [33m3[39m,
  linksLen: [33m1[39m,
  key: [33m1776869804664[39m,
  timestamp: [33m1776869803661[39m
}
[Graph3D] Creating simulation: [33m3[39m nodes
[Graph3D] createGraphSimulation called: { hasObjectManager: [33mtrue[39m, hasScene: [33mtrue[39m, nodeCount: [33m3[39m, linkCount: [33m1[39m }
[Graph3D] Clearing existing objects...
[Graph3D] Calling createSimulation...
[Graph3D] Simulation created, setting up event handlers...
[Graph3D] Data changed: {
  nodesLen: [33m3[39m,
  linksLen: [33m1[39m,
  key: [33m1776869804686[39m,
  timestamp: [33m1776869803683[39m
}
[Graph3D] Creating simulation: [33m3[39m nodes
[Graph3D] createGraphSimulation called: { hasObjectManager: [33mtrue[39m, hasScene: [33mtrue[39m, nodeCount: [33m3[39m, linkCount: [33m1[39m }
[Graph3D] Clearing existing objects...
[Graph3D] Calling createSimulation...
[Graph3D] Simulation created, setting up event handlers...
[Graph3D] Data changed: {
  nodesLen: [33m3[39m,
  linksLen: [33m1[39m,
  key: [33m1776869804715[39m,
  timestamp: [33m1776869803712[39m
}
[Graph3D] Creating simulation: [33m3[39m nodes
[Graph3D] createGraphSimulation called: { hasObjectManager: [33mtrue[39m, hasScene: [33mtrue[39m, nodeCount: [33m3[39m, linkCount: [33m1[39m }
[Graph3D] Clearing existing objects...
[Graph3D] Calling createSimulation...
[Graph3D] Simulation created, setting up event handlers...
[Graph3D] Data changed: {
  nodesLen: [33m3[39m,
  linksLen: [33m1[39m,
  key: [33m1776869804749[39m,
  timestamp: [33m1776869803746[39m
}
[Graph3D] Creating simulation: [33m3[39m nodes
[Graph3D] createGraphSimulation called: { hasObjectManager: [33mtrue[39m, hasScene: [33mtrue[39m, nodeCount: [33m3[39m, linkCount: [33m1[39m }
[Graph3D] Clearing existing objects...
[Graph3D] Calling createSimulation...
[Graph3D] Simulation created, setting up event handlers...
[Graph3D] Data changed: {
  nodesLen: [33m3[39m,
  linksLen: [33m1[39m,
  key: [33m1776869804773[39m,
  timestamp: [33m1776869803770[39m
}
[Graph3D] Creating simulation: [33m3[39m nodes
[Graph3D] createGraphSimulation called: { hasObjectManager: [33mtrue[39m, hasScene: [33mtrue[39m, nodeCount: [33m3[39m, linkCount: [33m1[39m }
[Graph3D] Clearing existing objects...
[Graph3D] Calling createSimulation...
[Graph3D] Simulation created, setting up event handlers...
[Graph3D] Data changed: {
  nodesLen: [33m3[39m,
  linksLen: [33m1[39m,
  key: [33m1776869804801[39m,
  timestamp: [33m1776869803798[39m
}
[Graph3D] Creating simulation: [33m3[39m nodes
[Graph3D] createGraphSimulation called: { hasObjectManager: [33mtrue[39m, hasScene: [33mtrue[39m, nodeCount: [33m3[39m, linkCount: [33m1[39m }
[Graph3D] Clearing existing objects...
[Graph3D] Calling createSimulation...
[Graph3D] Simulation created, setting up event handlers...
[Graph3D] Data changed: {
  nodesLen: [33m3[39m,
  linksLen: [33m1[39m,
  key: [33m1776869804824[39m,
  timestamp: [33m1776869803821[39m
}
[Graph3D] Creating simulation: [33m3[39m nodes
[Graph3D] createGraphSimulation called: { hasObjectManager: [33mtrue[39m, hasScene: [33mtrue[39m, nodeCount: [33m3[39m, linkCount: [33m1[39m }
[Graph3D] Clearing existing objects...
[Graph3D] Calling createSimulation...
[Graph3D] Simulation created, setting up event handlers...
[Graph3D] Data changed: {
  nodesLen: [33m3[39m,
  linksLen: [33m1[39m,
  key: [33m1776869804852[39m,
  timestamp: [33m1776869803849[39m
}
[Graph3D] Creating simulation: [33m3[39m nodes
[Graph3D] createGraphSimulation called: { hasObjectManager: [33mtrue[39m, hasScene: [33mtrue[39m, nodeCount: [33m3[39m, linkCount: [33m1[39m }
[Graph3D] Clearing existing objects...
[Graph3D] Calling createSimulation...
[Graph3D] Simulation created, setting up event handlers...
[Graph3D] Data changed: {
  nodesLen: [33m3[39m,
  linksLen: [33m1[39m,
  key: [33m1776869804878[39m,
  timestamp: [33m1776869803875[39m
}
[Graph3D] Creating simulation: [33m3[39m nodes
[Graph3D] createGraphSimulation called: { hasObjectManager: [33mtrue[39m, hasScene: [33mtrue[39m, nodeCount: [33m3[39m, linkCount: [33m1[39m }
[Graph3D] Clearing existing objects...
[Graph3D] Calling createSimulation...
[Graph3D] Simulation created, setting up event handlers...
[Graph3D] Data changed: {
  nodesLen: [33m3[39m,
  linksLen: [33m1[39m,
  key: [33m1776869804903[39m,
  timestamp: [33m1776869803900[39m
}
[Graph3D] Creating simulation: [33m3[39m nodes
[Graph3D] createGraphSimulation called: { hasObjectManager: [33mtrue[39m, hasScene: [33mtrue[39m, nodeCount: [33m3[39m, linkCount: [33m1[39m }
[Graph3D] Clearing existing objects...
[Graph3D] Calling createSimulation...
[Graph3D] Simulation created, setting up event handlers...
[Graph3D] Data changed: {
  nodesLen: [33m3[39m,
  linksLen: [33m1[39m,
  key: [33m1776869804930[39m,
  timestamp: [33m1776869803927[39m
}
[Graph3D] Creating simulation: [33m3[39m nodes
[Graph3D] createGraphSimulation called: { hasObjectManager: [33mtrue[39m, hasScene: [33mtrue[39m, nodeCount: [33m3[39m, linkCount: [33m1[39m }
[Graph3D] Clearing existing objects...
[Graph3D] Calling createSimulation...
[Graph3D] Simulation created, setting up event handlers...
[Graph3D] Data changed: {
  nodesLen: [33m3[39m,
  linksLen: [33m1[39m,
  key: [33m1776869804952[39m,
  timestamp: [33m1776869803949[39m
}
[Graph3D] Creating simulation: [33m3[39m nodes
[Graph3D] createGraphSimulation called: { hasObjectManager: [33mtrue[39m, hasScene: [33mtrue[39m, nodeCount: [33m3[39m, linkCount: [33m1[39m }
[Graph3D] Clearing existing objects...
[Graph3D] Calling createSimulation...
[Graph3D] Simulation created, setting up event handlers...
[Graph3D] Data changed: {
  nodesLen: [33m3[39m,
  linksLen: [33m1[39m,
  key: [33m1776869804982[39m,
  timestamp: [33m1776869803979[39m
}
[Graph3D] Creating simulation: [33m3[39m nodes
[Graph3D] createGraphSimulation called: { hasObjectManager: [33mtrue[39m, hasScene: [33mtrue[39m, nodeCount: [33m3[39m, linkCount: [33m1[39m }
[Graph3D] Clearing existing objects...
[Graph3D] Calling createSimulation...
[Graph3D] Simulation created, setting up event handlers...
[Graph3D] Data changed: {
  nodesLen: [33m3[39m,
  linksLen: [33m1[39m,
  key: [33m1776869805010[39m,
  timestamp: [33m1776869804007[39m
}
[Graph3D] Creating simulation: [33m3[39m nodes
[Graph3D] createGraphSimulation called: { hasObjectManager: [33mtrue[39m, hasScene: [33mtrue[39m, nodeCount: [33m3[39m, linkCount: [33m1[39m }
[Graph3D] Clearing existing objects...
[Graph3D] Calling createSimulation...
[Graph3D] Simulation created, setting up event handlers...
[Graph3D] Data changed: {
  nodesLen: [33m3[39m,
  linksLen: [33m1[39m,
  key: [33m1776869805031[39m,
  timestamp: [33m1776869804028[39m
}
[Graph3D] Creating simulation: [33m3[39m nodes
[Graph3D] createGraphSimulation called: { hasObjectManager: [33mtrue[39m, hasScene: [33mtrue[39m, nodeCount: [33m3[39m, linkCount: [33m1[39m }
[Graph3D] Clearing existing objects...
[Graph3D] Calling createSimulation...
[Graph3D] Simulation created, setting up event handlers...
[Graph3D] Data changed: {
  nodesLen: [33m3[39m,
  linksLen: [33m1[39m,
  key: [33m1776869805059[39m,
  timestamp: [33m1776869804056[39m
}
[Graph3D] Creating simulation: [33m3[39m nodes
[Graph3D] createGraphSimulation called: { hasObjectManager: [33mtrue[39m, hasScene: [33mtrue[39m, nodeCount: [33m3[39m, linkCount: [33m1[39m }
[Graph3D] Clearing existing objects...
[Graph3D] Calling createSimulation...
[Graph3D] Simulation created, setting up event handlers...
[Graph3D] Data changed: {
  nodesLen: [33m3[39m,
  linksLen: [33m1[39m,
  key: [33m1776869805088[39m,
  timestamp: [33m1776869804085[39m
}
[Graph3D] Creating simulation: [33m3[39m nodes
[Graph3D] createGraphSimulation called: { hasObjectManager: [33mtrue[39m, hasScene: [33mtrue[39m, nodeCount: [33m3[39m, linkCount: [33m1[39m }
[Graph3D] Clearing existing objects...
[Graph3D] Calling createSimulation...
[Graph3D] Simulation created, setting up event handlers...
[Graph3D] Data changed: {
  nodesLen: [33m3[39m,
  linksLen: [33m1[39m,
  key: [33m1776869805110[39m,
  timestamp: [33m1776869804107[39m
}
[Graph3D] Creating simulation: [33m3[39m nodes
[Graph3D] createGraphSimulation called: { hasObjectManager: [33mtrue[39m, hasScene: [33mtrue[39m, nodeCount: [33m3[39m, linkCount: [33m1[39m }
[Graph3D] Clearing existing objects...
[Graph3D] Calling createSimulation...
[Graph3D] Simulation created, setting up event handlers...
[Graph3D] Data changed: {
  nodesLen: [33m3[39m,
  linksLen: [33m1[39m,
  key: [33m1776869805142[39m,
  timestamp: [33m1776869804139[39m
}
[Graph3D] Creating simulation: [33m3[39m nodes
[Graph3D] createGraphSimulation called: { hasObjectManager: [33mtrue[39m, hasScene: [33mtrue[39m, nodeCount: [33m3[39m, linkCount: [33m1[39m }
[Graph3D] Clearing existing objects...
[Graph3D] Calling createSimulation...
[Graph3D] Simulation created, setting up event handlers...
[Graph3D] Data changed: {
  nodesLen: [33m3[39m,
  linksLen: [33m1[39m,
  key: [33m1776869805176[39m,
  timestamp: [33m1776869804173[39m
}
[Graph3D] Creating simulation: [33m3[39m nodes
[Graph3D] createGraphSimulation called: { hasObjectManager: [33mtrue[39m, hasScene: [33mtrue[39m, nodeCount: [33m3[39m, linkCount: [33m1[39m }
[Graph3D] Clearing existing objects...
[Graph3D] Calling createSimulation...
[Graph3D] Simulation created, setting up event handlers...
[Graph3D] Data changed: {
  nodesLen: [33m3[39m,
  linksLen: [33m1[39m,
  key: [33m1776869805199[39m,
  timestamp: [33m1776869804196[39m
}
[Graph3D] Creating simulation: [33m3[39m nodes
[Graph3D] createGraphSimulation called: { hasObjectManager: [33mtrue[39m, hasScene: [33mtrue[39m, nodeCount: [33m3[39m, linkCount: [33m1[39m }
[Graph3D] Clearing existing objects...
[Graph3D] Calling createSimulation...
[Graph3D] Simulation created, setting up event handlers...
[Graph3D] Data changed: {
  nodesLen: [33m3[39m,
  linksLen: [33m1[39m,
  key: [33m1776869805226[39m,
  timestamp: [33m1776869804223[39m
}
[Graph3D] Creating simulation: [33m3[39m nodes
[Graph3D] createGraphSimulation called: { hasObjectManager: [33mtrue[39m, hasScene: [33mtrue[39m, nodeCount: [33m3[39m, linkCount: [33m1[39m }
[Graph3D] Clearing existing objects...
[Graph3D] Calling createSimulation...
[Graph3D] Simulation created, setting up event handlers...
[Graph3D] Data changed: {
  nodesLen: [33m3[39m,
  linksLen: [33m1[39m,
  key: [33m1776869805251[39m,
  timestamp: [33m1776869804248[39m
}
[Graph3D] Creating simulation: [33m3[39m nodes
[Graph3D] createGraphSimulation called: { hasObjectManager: [33mtrue[39m, hasScene: [33mtrue[39m, nodeCount: [33m3[39m, linkCount: [33m1[39m }
[Graph3D] Clearing existing objects...
[Graph3D] Calling createSimulation...
[Graph3D] Simulation created, setting up event handlers...
[Graph3D] Data changed: {
  nodesLen: [33m3[39m,
  linksLen: [33m1[39m,
  key: [33m1776869805276[39m,
  timestamp: [33m1776869804273[39m
}
[Graph3D] Creating simulation: [33m3[39m nodes
[Graph3D] createGraphSimulation called: { hasObjectManager: [33mtrue[39m, hasScene: [33mtrue[39m, nodeCount: [33m3[39m, linkCount: [33m1[39m }
[Graph3D] Clearing existing objects...
[Graph3D] Calling createSimulation...
[Graph3D] Simulation created, setting up event handlers...
[Graph3D] Data changed: {
  nodesLen: [33m3[39m,
  linksLen: [33m1[39m,
  key: [33m1776869805304[39m,
  timestamp: [33m1776869804301[39m
}
[Graph3D] Creating simulation: [33m3[39m nodes
[Graph3D] createGraphSimulation called: { hasObjectManager: [33mtrue[39m, hasScene: [33mtrue[39m, nodeCount: [33m3[39m, linkCount: [33m1[39m }
[Graph3D] Clearing existing objects...
[Graph3D] Calling createSimulation...
[Graph3D] Simulation created, setting up event handlers...
[Graph3D] Data changed: {
  nodesLen: [33m3[39m,
  linksLen: [33m1[39m,
  key: [33m1776869805331[39m,
  timestamp: [33m1776869804328[39m
}
[Graph3D] Creating simulation: [33m3[39m nodes
[Graph3D] createGraphSimulation called: { hasObjectManager: [33mtrue[39m, hasScene: [33mtrue[39m, nodeCount: [33m3[39m, linkCount: [33m1[39m }
[Graph3D] Clearing existing objects...
[Graph3D] Calling createSimulation...
[Graph3D] Simulation created, setting up event handlers...
[Graph3D] Data changed: {
  nodesLen: [33m3[39m,
  linksLen: [33m1[39m,
  key: [33m1776869805361[39m,
  timestamp: [33m1776869804358[39m
}
[Graph3D] Creating simulation: [33m3[39m nodes
[Graph3D] createGraphSimulation called: { hasObjectManager: [33mtrue[39m, hasScene: [33mtrue[39m, nodeCount: [33m3[39m, linkCount: [33m1[39m }
[Graph3D] Clearing existing objects...
[Graph3D] Calling createSimulation...
[Graph3D] Simulation created, setting up event handlers...
[Graph3D] Data changed: {
  nodesLen: [33m3[39m,
  linksLen: [33m1[39m,
  key: [33m1776869805389[39m,
  timestamp: [33m1776869804386[39m
}
[Graph3D] Creating simulation: [33m3[39m nodes
[Graph3D] createGraphSimulation called: { hasObjectManager: [33mtrue[39m, hasScene: [33mtrue[39m, nodeCount: [33m3[39m, linkCount: [33m1[39m }
[Graph3D] Clearing existing objects...
[Graph3D] Calling createSimulation...
[Graph3D] Simulation created, setting up event handlers...
[Graph3D] Data changed: {
  nodesLen: [33m3[39m,
  linksLen: [33m1[39m,
  key: [33m1776869805415[39m,
  timestamp: [33m1776869804412[39m
}
[Graph3D] Creating simulation: [33m3[39m nodes
[Graph3D] createGraphSimulation called: { hasObjectManager: [33mtrue[39m, hasScene: [33mtrue[39m, nodeCount: [33m3[39m, linkCount: [33m1[39m }
[Graph3D] Clearing existing objects...
[Graph3D] Calling createSimulation...
[Graph3D] Simulation created, setting up event handlers...
[Graph3D] Data changed: {
  nodesLen: [33m3[39m,
  linksLen: [33m1[39m,
  key: [33m1776869805437[39m,
  timestamp: [33m1776869804434[39m
}
[Graph3D] Creating simulation: [33m3[39m nodes
[Graph3D] createGraphSimulation called: { hasObjectManager: [33mtrue[39m, hasScene: [33mtrue[39m, nodeCount: [33m3[39m, linkCount: [33m1[39m }
[Graph3D] Clearing existing objects...
[Graph3D] Calling createSimulation...
[Graph3D] Simulation created, setting up event handlers...
[Graph3D] Data changed: {
  nodesLen: [33m3[39m,
  linksLen: [33m1[39m,
  key: [33m1776869805462[39m,
  timestamp: [33m1776869804459[39m
}
[Graph3D] Creating simulation: [33m3[39m nodes
[Graph3D] createGraphSimulation called: { hasObjectManager: [33mtrue[39m, hasScene: [33mtrue[39m, nodeCount: [33m3[39m, linkCount: [33m1[39m }
[Graph3D] Clearing existing objects...
[Graph3D] Calling createSimulation...
[Graph3D] Simulation created, setting up event handlers...
[Graph3D] Data changed: {
  nodesLen: [33m3[39m,
  linksLen: [33m1[39m,
  key: [33m1776869805490[39m,
  timestamp: [33m1776869804487[39m
}
[Graph3D] Creating simulation: [33m3[39m nodes
[Graph3D] createGraphSimulation called: { hasObjectManager: [33mtrue[39m, hasScene: [33mtrue[39m, nodeCount: [33m3[39m, linkCount: [33m1[39m }
[Graph3D] Clearing existing objects...
[Graph3D] Calling createSimulation...
[Graph3D] Simulation created, setting up event handlers...
[Graph3D] Data changed: {
  nodesLen: [33m3[39m,
  linksLen: [33m1[39m,
  key: [33m1776869805519[39m,
  timestamp: [33m1776869804516[39m
}
[Graph3D] Creating simulation: [33m3[39m nodes
[Graph3D] createGraphSimulation called: { hasObjectManager: [33mtrue[39m, hasScene: [33mtrue[39m, nodeCount: [33m3[39m, linkCount: [33m1[39m }
[Graph3D] Clearing existing objects...
[Graph3D] Calling createSimulation...
[Graph3D] Simulation created, setting up event handlers...
[Graph3D] Data changed: {
  nodesLen: [33m3[39m,
  linksLen: [33m1[39m,
  key: [33m1776869805544[39m,
  timestamp: [33m1776869804541[39m
}
[Graph3D] Creating simulation: [33m3[39m nodes
[Graph3D] createGraphSimulation called: { hasObjectManager: [33mtrue[39m, hasScene: [33mtrue[39m, nodeCount: [33m3[39m, linkCount: [33m1[39m }
[Graph3D] Clearing existing objects...
[Graph3D] Calling createSimulation...
[Graph3D] Simulation created, setting up event handlers...
[Graph3D] Data changed: {
  nodesLen: [33m3[39m,
  linksLen: [33m1[39m,
  key: [33m1776869805570[39m,
  timestamp: [33m1776869804567[39m
}
[Graph3D] Creating simulation: [33m3[39m nodes
[Graph3D] createGraphSimulation called: { hasObjectManager: [33mtrue[39m, hasScene: [33mtrue[39m, nodeCount: [33m3[39m, linkCount: [33m1[39m }
[Graph3D] Clearing existing objects...
[Graph3D] Calling createSimulation...
[Graph3D] Simulation created, setting up event handlers...
[Graph3D] Data changed: {
  nodesLen: [33m3[39m,
  linksLen: [33m1[39m,
  key: [33m1776869805596[39m,
  timestamp: [33m1776869804593[39m
}
[Graph3D] Creating simulation: [33m3[39m nodes
[Graph3D] createGraphSimulation called: { hasObjectManager: [33mtrue[39m, hasScene: [33mtrue[39m, nodeCount: [33m3[39m, linkCount: [33m1[39m }
[Graph3D] Clearing existing objects...
[Graph3D] Calling createSimulation...
[Graph3D] Simulation created, setting up event handlers...
[Graph3D] Data changed: {
  nodesLen: [33m3[39m,
  linksLen: [33m1[39m,
  key: [33m1776869805623[39m,
  timestamp: [33m1776869804620[39m
}
[Graph3D] Creating simulation: [33m3[39m nodes
[Graph3D] createGraphSimulation called: { hasObjectManager: [33mtrue[39m, hasScene: [33mtrue[39m, nodeCount: [33m3[39m, linkCount: [33m1[39m }
[Graph3D] Clearing existing objects...
[Graph3D] Calling createSimulation...
[Graph3D] Simulation created, setting up event handlers...
[Graph3D] Data changed: {
  nodesLen: [33m3[39m,
  linksLen: [33m1[39m,
  key: [33m1776869805655[39m,
  timestamp: [33m1776869804652[39m
}
[Graph3D] Creating simulation: [33m3[39m nodes
[Graph3D] createGraphSimulation called: { hasObjectManager: [33mtrue[39m, hasScene: [33mtrue[39m, nodeCount: [33m3[39m, linkCount: [33m1[39m }
[Graph3D] Clearing existing objects...
[Graph3D] Calling createSimulation...
[Graph3D] Simulation created, setting up event handlers...
[Graph3D] Data changed: {
  nodesLen: [33m3[39m,
  linksLen: [33m1[39m,
  key: [33m1776869805680[39m,
  timestamp: [33m1776869804677[39m
}
[Graph3D] Creating simulation: [33m3[39m nodes
[Graph3D] createGraphSimulation called: { hasObjectManager: [33mtrue[39m, hasScene: [33mtrue[39m, nodeCount: [33m3[39m, linkCount: [33m1[39m }
[Graph3D] Clearing existing objects...
[Graph3D] Calling createSimulation...
[Graph3D] Simulation created, setting up event handlers...
[Graph3D] Data changed: {
  nodesLen: [33m3[39m,
  linksLen: [33m1[39m,
  key: [33m1776869805707[39m,
  timestamp: [33m1776869804704[39m
}
[Graph3D] Creating simulation: [33m3[39m nodes
[Graph3D] createGraphSimulation called: { hasObjectManager: [33mtrue[39m, hasScene: [33mtrue[39m, nodeCount: [33m3[39m, linkCount: [33m1[39m }
[Graph3D] Clearing existing objects...
[Graph3D] Calling createSimulation...
[Graph3D] Simulation created, setting up event handlers...
[Graph3D] Data changed: {
  nodesLen: [33m3[39m,
  linksLen: [33m1[39m,
  key: [33m1776869805729[39m,
  timestamp: [33m1776869804726[39m
}
[Graph3D] Creating simulation: [33m3[39m nodes
[Graph3D] createGraphSimulation called: { hasObjectManager: [33mtrue[39m, hasScene: [33mtrue[39m, nodeCount: [33m3[39m, linkCount: [33m1[39m }
[Graph3D] Clearing existing objects...
[Graph3D] Calling createSimulation...
[Graph3D] Simulation created, setting up event handlers...
[Graph3D] Data changed: {
  nodesLen: [33m3[39m,
  linksLen: [33m1[39m,
  key: [33m1776869805757[39m,
  timestamp: [33m1776869804754[39m
}
[Graph3D] Creating simulation: [33m3[39m nodes
[Graph3D] createGraphSimulation called: { hasObjectManager: [33mtrue[39m, hasScene: [33mtrue[39m, nodeCount: [33m3[39m, linkCount: [33m1[39m }
[Graph3D] Clearing existing objects...
[Graph3D] Calling createSimulation...
[Graph3D] Simulation created, setting up event handlers...
[Graph3D] Data changed: {
  nodesLen: [33m3[39m,
  linksLen: [33m1[39m,
  key: [33m1776869805783[39m,
  timestamp: [33m1776869804780[39m
}
[Graph3D] Creating simulation: [33m3[39m nodes
[Graph3D] createGraphSimulation called: { hasObjectManager: [33mtrue[39m, hasScene: [33mtrue[39m, nodeCount: [33m3[39m, linkCount: [33m1[39m }
[Graph3D] Clearing existing objects...
[Graph3D] Calling createSimulation...
[Graph3D] Simulation created, setting up event handlers...
[Graph3D] Data changed: {
  nodesLen: [33m3[39m,
  linksLen: [33m1[39m,
  key: [33m1776869805810[39m,
  timestamp: [33m1776869804807[39m
}
[Graph3D] Creating simulation: [33m3[39m nodes
[Graph3D] createGraphSimulation called: { hasObjectManager: [33mtrue[39m, hasScene: [33mtrue[39m, nodeCount: [33m3[39m, linkCount: [33m1[39m }
[Graph3D] Clearing existing objects...
[Graph3D] Calling createSimulation...
[Graph3D] Simulation created, setting up event handlers...
[Graph3D] Data changed: {
  nodesLen: [33m3[39m,
  linksLen: [33m1[39m,
  key: [33m1776869805837[39m,
  timestamp: [33m1776869804834[39m
}
[Graph3D] Creating simulation: [33m3[39m nodes
[Graph3D] createGraphSimulation called: { hasObjectManager: [33mtrue[39m, hasScene: [33mtrue[39m, nodeCount: [33m3[39m, linkCount: [33m1[39m }
[Graph3D] Clearing existing objects...
[Graph3D] Calling createSimulation...
[Graph3D] Simulation created, setting up event handlers...
[Graph3D] Data changed: {
  nodesLen: [33m3[39m,
  linksLen: [33m1[39m,
  key: [33m1776869805862[39m,
  timestamp: [33m1776869804859[39m
}
[Graph3D] Creating simulation: [33m3[39m nodes
[Graph3D] createGraphSimulation called: { hasObjectManager: [33mtrue[39m, hasScene: [33mtrue[39m, nodeCount: [33m3[39m, linkCount: [33m1[39m }
[Graph3D] Clearing existing objects...
[Graph3D] Calling createSimulation...
[Graph3D] Simulation created, setting up event handlers...
[Graph3D] Data changed: {
  nodesLen: [33m3[39m,
  linksLen: [33m1[39m,
  key: [33m1776869805888[39m,
  timestamp: [33m1776869804885[39m
}
[Graph3D] Creating simulation: [33m3[39m nodes
[Graph3D] createGraphSimulation called: { hasObjectManager: [33mtrue[39m, hasScene: [33mtrue[39m, nodeCount: [33m3[39m, linkCount: [33m1[39m }
[Graph3D] Clearing existing objects...
[Graph3D] Calling createSimulation...
[Graph3D] Simulation created, setting up event handlers...
[Graph3D] Data changed: {
  nodesLen: [33m3[39m,
  linksLen: [33m1[39m,
  key: [33m1776869805915[39m,
  timestamp: [33m1776869804912[39m
}
[Graph3D] Creating simulation: [33m3[39m nodes
[Graph3D] createGraphSimulation called: { hasObjectManager: [33mtrue[39m, hasScene: [33mtrue[39m, nodeCount: [33m3[39m, linkCount: [33m1[39m }
[Graph3D] Clearing existing objects...
[Graph3D] Calling createSimulation...
[Graph3D] Simulation created, setting up event handlers...
[Graph3D] Data changed: {
  nodesLen: [33m3[39m,
  linksLen: [33m1[39m,
  key: [33m1776869805945[39m,
  timestamp: [33m1776869804942[39m
}
[Graph3D] Creating simulation: [33m3[39m nodes
[Graph3D] createGraphSimulation called: { hasObjectManager: [33mtrue[39m, hasScene: [33mtrue[39m, nodeCount: [33m3[39m, linkCount: [33m1[39m }
[Graph3D] Clearing existing objects...
[Graph3D] Calling createSimulation...
[Graph3D] Simulation created, setting up event handlers...
[Graph3D] Data changed: {
  nodesLen: [33m3[39m,
  linksLen: [33m1[39m,
  key: [33m1776869805976[39m,
  timestamp: [33m1776869804973[39m
}
[Graph3D] Creating simulation: [33m3[39m nodes
[Graph3D] createGraphSimulation called: { hasObjectManager: [33mtrue[39m, hasScene: [33mtrue[39m, nodeCount: [33m3[39m, linkCount: [33m1[39m }
[Graph3D] Clearing existing objects...
[Graph3D] Calling createSimulation...
[Graph3D] Simulation created, setting up event handlers...
[Graph3D] Data changed: {
  nodesLen: [33m3[39m,
  linksLen: [33m1[39m,
  key: [33m1776869806011[39m,
  timestamp: [33m1776869805008[39m
}
[Graph3D] Creating simulation: [33m3[39m nodes
[Graph3D] createGraphSimulation called: { hasObjectManager: [33mtrue[39m, hasScene: [33mtrue[39m, nodeCount: [33m3[39m, linkCount: [33m1[39m }
[Graph3D] Clearing existing objects...
[Graph3D] Calling createSimulation...
[Graph3D] Simulation created, setting up event handlers...
[Graph3D] Data changed: {
  nodesLen: [33m3[39m,
  linksLen: [33m1[39m,
  key: [33m1776869806046[39m,
  timestamp: [33m1776869805043[39m
}
[Graph3D] Creating simulation: [33m3[39m nodes
[Graph3D] createGraphSimulation called: { hasObjectManager: [33mtrue[39m, hasScene: [33mtrue[39m, nodeCount: [33m3[39m, linkCount: [33m1[39m }
[Graph3D] Clearing existing objects...
[Graph3D] Calling createSimulation...
[Graph3D] Simulation created, setting up event handlers...
[Graph3D] Data changed: {
  nodesLen: [33m3[39m,
  linksLen: [33m1[39m,
  key: [33m1776869806073[39m,
  timestamp: [33m1776869805070[39m
}
[Graph3D] Creating simulation: [33m3[39m nodes
[Graph3D] createGraphSimulation called: { hasObjectManager: [33mtrue[39m, hasScene: [33mtrue[39m, nodeCount: [33m3[39m, linkCount: [33m1[39m }
[Graph3D] Clearing existing objects...
[Graph3D] Calling createSimulation...
[Graph3D] Simulation created, setting up event handlers...
[Graph3D] Data changed: {
  nodesLen: [33m3[39m,
  linksLen: [33m1[39m,
  key: [33m1776869806101[39m,
  timestamp: [33m1776869805098[39m
}
[Graph3D] Creating simulation: [33m3[39m nodes
[Graph3D] createGraphSimulation called: { hasObjectManager: [33mtrue[39m, hasScene: [33mtrue[39m, nodeCount: [33m3[39m, linkCount: [33m1[39m }
[Graph3D] Clearing existing objects...
[Graph3D] Calling createSimulation...
[Graph3D] Simulation created, setting up event handlers...
[Graph3D] Data changed: {
  nodesLen: [33m3[39m,
  linksLen: [33m1[39m,
  key: [33m1776869806129[39m,
  timestamp: [33m1776869805126[39m
}
[Graph3D] Creating simulation: [33m3[39m nodes
[Graph3D] createGraphSimulation called: { hasObjectManager: [33mtrue[39m, hasScene: [33mtrue[39m, nodeCount: [33m3[39m, linkCount: [33m1[39m }
[Graph3D] Clearing existing objects...
[Graph3D] Calling createSimulation...
[Graph3D] Simulation created, setting up event handlers...
[Graph3D] Data changed: {
  nodesLen: [33m3[39m,
  linksLen: [33m1[39m,
  key: [33m1776869806162[39m,
  timestamp: [33m1776869805159[39m
}
[Graph3D] Creating simulation: [33m3[39m nodes
[Graph3D] createGraphSimulation called: { hasObjectManager: [33mtrue[39m, hasScene: [33mtrue[39m, nodeCount: [33m3[39m, linkCount: [33m1[39m }
[Graph3D] Clearing existing objects...
[Graph3D] Calling createSimulation...
[Graph3D] Simulation created, setting up event handlers...
[Graph3D] Data changed: {
  nodesLen: [33m3[39m,
  linksLen: [33m1[39m,
  key: [33m1776869806192[39m,
  timestamp: [33m1776869805189[39m
}
[Graph3D] Creating simulation: [33m3[39m nodes
[Graph3D] createGraphSimulation called: { hasObjectManager: [33mtrue[39m, hasScene: [33mtrue[39m, nodeCount: [33m3[39m, linkCount: [33m1[39m }
[Graph3D] Clearing existing objects...
[Graph3D] Calling createSimulation...
[Graph3D] Simulation created, setting up event handlers...
[Graph3D] Data changed: {
  nodesLen: [33m3[39m,
  linksLen: [33m1[39m,
  key: [33m1776869806219[39m,
  timestamp: [33m1776869805216[39m
}
[Graph3D] Creating simulation: [33m3[39m nodes
[Graph3D] createGraphSimulation called: { hasObjectManager: [33mtrue[39m, hasScene: [33mtrue[39m, nodeCount: [33m3[39m, linkCount: [33m1[39m }
[Graph3D] Clearing existing objects...
[Graph3D] Calling createSimulation...
[Graph3D] Simulation created, setting up event handlers...
[Graph3D] Data changed: {
  nodesLen: [33m3[39m,
  linksLen: [33m1[39m,
  key: [33m1776869806248[39m,
  timestamp: [33m1776869805245[39m
}
[Graph3D] Creating simulation: [33m3[39m nodes
[Graph3D] createGraphSimulation called: { hasObjectManager: [33mtrue[39m, hasScene: [33mtrue[39m, nodeCount: [33m3[39m, linkCount: [33m1[39m }
[Graph3D] Clearing existing objects...
[Graph3D] Calling createSimulation...
[Graph3D] Simulation created, setting up event handlers...
[Graph3D] Data changed: {
  nodesLen: [33m3[39m,
  linksLen: [33m1[39m,
  key: [33m1776869806279[39m,
  timestamp: [33m1776869805276[39m
}
[Graph3D] Creating simulation: [33m3[39m nodes
[Graph3D] createGraphSimulation called: { hasObjectManager: [33mtrue[39m, hasScene: [33mtrue[39m, nodeCount: [33m3[39m, linkCount: [33m1[39m }
[Graph3D] Clearing existing objects...
[Graph3D] Calling createSimulation...
[Graph3D] Simulation created, setting up event handlers...
[Graph3D] Data changed: {
  nodesLen: [33m3[39m,
  linksLen: [33m1[39m,
  key: [33m1776869806305[39m,
  timestamp: [33m1776869805302[39m
}
[Graph3D] Creating simulation: [33m3[39m nodes
[Graph3D] createGraphSimulation called: { hasObjectManager: [33mtrue[39m, hasScene: [33mtrue[39m, nodeCount: [33m3[39m, linkCount: [33m1[39m }
[Graph3D] Clearing existing objects...
[Graph3D] Calling createSimulation...
[Graph3D] Simulation created, setting up event handlers...
[Graph3D] Data changed: {
  nodesLen: [33m3[39m,
  linksLen: [33m1[39m,
  key: [33m1776869806331[39m,
  timestamp: [33m1776869805328[39m
}
[Graph3D] Creating simulation: [33m3[39m nodes
[Graph3D] createGraphSimulation called: { hasObjectManager: [33mtrue[39m, hasScene: [33mtrue[39m, nodeCount: [33m3[39m, linkCount: [33m1[39m }
[Graph3D] Clearing existing objects...
[Graph3D] Calling createSimulation...
[Graph3D] Simulation created, setting up event handlers...
[Graph3D] Data changed: {
  nodesLen: [33m3[39m,
  linksLen: [33m1[39m,
  key: [33m1776869806353[39m,
  timestamp: [33m1776869805350[39m
}
[Graph3D] Creating simulation: [33m3[39m nodes
[Graph3D] createGraphSimulation called: { hasObjectManager: [33mtrue[39m, hasScene: [33mtrue[39m, nodeCount: [33m3[39m, linkCount: [33m1[39m }
[Graph3D] Clearing existing objects...
[Graph3D] Calling createSimulation...
[Graph3D] Simulation created, setting up event handlers...
[Graph3D] Data changed: {
  nodesLen: [33m3[39m,
  linksLen: [33m1[39m,
  key: [33m1776869806395[39m,
  timestamp: [33m1776869805392[39m
}
[Graph3D] Creating simulation: [33m3[39m nodes
[Graph3D] createGraphSimulation called: { hasObjectManager: [33mtrue[39m, hasScene: [33mtrue[39m, nodeCount: [33m3[39m, linkCount: [33m1[39m }
[Graph3D] Clearing existing objects...
[Graph3D] Calling createSimulation...
[Graph3D] Simulation created, setting up event handlers...
[Graph3D] Data changed: {
  nodesLen: [33m3[39m,
  linksLen: [33m1[39m,
  key: [33m1776869806425[39m,
  timestamp: [33m1776869805422[39m
}
[Graph3D] Creating simulation: [33m3[39m nodes
[Graph3D] createGraphSimulation called: { hasObjectManager: [33mtrue[39m, hasScene: [33mtrue[39m, nodeCount: [33m3[39m, linkCount: [33m1[39m }
[Graph3D] Clearing existing objects...
[Graph3D] Calling createSimulation...
[Graph3D] Simulation created, setting up event handlers...
[Graph3D] Data changed: {
  nodesLen: [33m3[39m,
  linksLen: [33m1[39m,
  key: [33m1776869806452[39m,
  timestamp: [33m1776869805449[39m
}
[Graph3D] Creating simulation: [33m3[39m nodes
[Graph3D] createGraphSimulation called: { hasObjectManager: [33mtrue[39m, hasScene: [33mtrue[39m, nodeCount: [33m3[39m, linkCount: [33m1[39m }
[Graph3D] Clearing existing objects...
[Graph3D] Calling createSimulation...
[Graph3D] Simulation created, setting up event handlers...
[Graph3D] Data changed: {
  nodesLen: [33m3[39m,
  linksLen: [33m1[39m,
  key: [33m1776869806488[39m,
  timestamp: [33m1776869805485[39m
}
[Graph3D] Creating simulation: [33m3[39m nodes
[Graph3D] createGraphSimulation called: { hasObjectManager: [33mtrue[39m, hasScene: [33mtrue[39m, nodeCount: [33m3[39m, linkCount: [33m1[39m }
[Graph3D] Clearing existing objects...
[Graph3D] Calling createSimulation...
[Graph3D] Simulation created, setting up event handlers...
[Graph3D] Data changed: {
  nodesLen: [33m3[39m,
  linksLen: [33m1[39m,
  key: [33m1776869806524[39m,
  timestamp: [33m1776869805521[39m
}
[Graph3D] Creating simulation: [33m3[39m nodes
[Graph3D] createGraphSimulation called: { hasObjectManager: [33mtrue[39m, hasScene: [33mtrue[39m, nodeCount: [33m3[39m, linkCount: [33m1[39m }
[Graph3D] Clearing existing objects...
[Graph3D] Calling createSimulation...
[Graph3D] Simulation created, setting up event handlers...
[Graph3D] Data changed: {
  nodesLen: [33m3[39m,
  linksLen: [33m1[39m,
  key: [33m1776869806547[39m,
  timestamp: [33m1776869805544[39m
}
[Graph3D] Creating simulation: [33m3[39m nodes
[Graph3D] createGraphSimulation called: { hasObjectManager: [33mtrue[39m, hasScene: [33mtrue[39m, nodeCount: [33m3[39m, linkCount: [33m1[39m }
[Graph3D] Clearing existing objects...
[Graph3D] Calling createSimulation...
[Graph3D] Simulation created, setting up event handlers...
[Graph3D] Data changed: {
  nodesLen: [33m3[39m,
  linksLen: [33m1[39m,
  key: [33m1776869806570[39m,
  timestamp: [33m1776869805567[39m
}
[Graph3D] Creating simulation: [33m3[39m nodes
[Graph3D] createGraphSimulation called: { hasObjectManager: [33mtrue[39m, hasScene: [33mtrue[39m, nodeCount: [33m3[39m, linkCount: [33m1[39m }
[Graph3D] Clearing existing objects...
[Graph3D] Calling createSimulation...
[Graph3D] Simulation created, setting up event handlers...
[Graph3D] Data changed: {
  nodesLen: [33m3[39m,
  linksLen: [33m1[39m,
  key: [33m1776869806594[39m,
  timestamp: [33m1776869805591[39m
}
[Graph3D] Creating simulation: [33m3[39m nodes
[Graph3D] createGraphSimulation called: { hasObjectManager: [33mtrue[39m, hasScene: [33mtrue[39m, nodeCount: [33m3[39m, linkCount: [33m1[39m }
[Graph3D] Clearing existing objects...
[Graph3D] Calling createSimulation...
[Graph3D] Simulation created, setting up event handlers...
[Graph3D] Data changed: {
  nodesLen: [33m3[39m,
  linksLen: [33m1[39m,
  key: [33m1776869806615[39m,
  timestamp: [33m1776869805612[39m
}
[Graph3D] Creating simulation: [33m3[39m nodes
[Graph3D] createGraphSimulation called: { hasObjectManager: [33mtrue[39m, hasScene: [33mtrue[39m, nodeCount: [33m3[39m, linkCount: [33m1[39m }
[Graph3D] Clearing existing objects...
[Graph3D] Calling createSimulation...
[Graph3D] Simulation created, setting up event handlers...
[Graph3D] Data changed: {
  nodesLen: [33m3[39m,
  linksLen: [33m1[39m,
  key: [33m1776869806640[39m,
  timestamp: [33m1776869805637[39m
}
[Graph3D] Creating simulation: [33m3[39m nodes
[Graph3D] createGraphSimulation called: { hasObjectManager: [33mtrue[39m, hasScene: [33mtrue[39m, nodeCount: [33m3[39m, linkCount: [33m1[39m }
[Graph3D] Clearing existing objects...
[Graph3D] Calling createSimulation...
[Graph3D] Simulation created, setting up event handlers...
[Graph3D] Data changed: {
  nodesLen: [33m3[39m,
  linksLen: [33m1[39m,
  key: [33m1776869806664[39m,
  timestamp: [33m1776869805661[39m
}
[Graph3D] Creating simulation: [33m3[39m nodes
[Graph3D] createGraphSimulation called: { hasObjectManager: [33mtrue[39m, hasScene: [33mtrue[39m, nodeCount: [33m3[39m, linkCount: [33m1[39m }
[Graph3D] Clearing existing objects...
[Graph3D] Calling createSimulation...
[Graph3D] Simulation created, setting up event handlers...
[Graph3D] Data changed: {
  nodesLen: [33m3[39m,
  linksLen: [33m1[39m,
  key: [33m1776869806686[39m,
  timestamp: [33m1776869805683[39m
}
[Graph3D] Creating simulation: [33m3[39m nodes
[Graph3D] createGraphSimulation called: { hasObjectManager: [33mtrue[39m, hasScene: [33mtrue[39m, nodeCount: [33m3[39m, linkCount: [33m1[39m }
[Graph3D] Clearing existing objects...
[Graph3D] Calling createSimulation...
[Graph3D] Simulation created, setting up event handlers...
[Graph3D] Data changed: {
  nodesLen: [33m3[39m,
  linksLen: [33m1[39m,
  key: [33m1776869806716[39m,
  timestamp: [33m1776869805713[39m
}
[Graph3D] Creating simulation: [33m3[39m nodes
[Graph3D] createGraphSimulation called: { hasObjectManager: [33mtrue[39m, hasScene: [33mtrue[39m, nodeCount: [33m3[39m, linkCount: [33m1[39m }
[Graph3D] Clearing existing objects...
[Graph3D] Calling createSimulation...
[Graph3D] Simulation created, setting up event handlers...
[Graph3D] Data changed: {
  nodesLen: [33m3[39m,
  linksLen: [33m1[39m,
  key: [33m1776869806742[39m,
  timestamp: [33m1776869805739[39m
}
[Graph3D] Creating simulation: [33m3[39m nodes
[Graph3D] createGraphSimulation called: { hasObjectManager: [33mtrue[39m, hasScene: [33mtrue[39m, nodeCount: [33m3[39m, linkCount: [33m1[39m }
[Graph3D] Clearing existing objects...
[Graph3D] Calling createSimulation...
[Graph3D] Simulation created, setting up event handlers...
[Graph3D] Data changed: {
  nodesLen: [33m3[39m,
  linksLen: [33m1[39m,
  key: [33m1776869806765[39m,
  timestamp: [33m1776869805762[39m
}
[Graph3D] Creating simulation: [33m3[39m nodes
[Graph3D] createGraphSimulation called: { hasObjectManager: [33mtrue[39m, hasScene: [33mtrue[39m, nodeCount: [33m3[39m, linkCount: [33m1[39m }
[Graph3D] Clearing existing objects...
[Graph3D] Calling createSimulation...
[Graph3D] Simulation created, setting up event handlers...
[Graph3D] Data changed: {
  nodesLen: [33m3[39m,
  linksLen: [33m1[39m,
  key: [33m1776869806789[39m,
  timestamp: [33m1776869805786[39m
}
[Graph3D] Creating simulation: [33m3[39m nodes
[Graph3D] createGraphSimulation called: { hasObjectManager: [33mtrue[39m, hasScene: [33mtrue[39m, nodeCount: [33m3[39m, linkCount: [33m1[39m }
[Graph3D] Clearing existing objects...
[Graph3D] Calling createSimulation...
[Graph3D] Simulation created, setting up event handlers...
[Graph3D] Data changed: {
  nodesLen: [33m3[39m,
  linksLen: [33m1[39m,
  key: [33m1776869806819[39m,
  timestamp: [33m1776869805816[39m
}
[Graph3D] Creating simulation: [33m3[39m nodes
[Graph3D] createGraphSimulation called: { hasObjectManager: [33mtrue[39m, hasScene: [33mtrue[39m, nodeCount: [33m3[39m, linkCount: [33m1[39m }
[Graph3D] Clearing existing objects...
[Graph3D] Calling createSimulation...
[Graph3D] Simulation created, setting up event handlers...
[Graph3D] Data changed: {
  nodesLen: [33m3[39m,
  linksLen: [33m1[39m,
  key: [33m1776869806845[39m,
  timestamp: [33m1776869805842[39m
}
[Graph3D] Creating simulation: [33m3[39m nodes
[Graph3D] createGraphSimulation called: { hasObjectManager: [33mtrue[39m, hasScene: [33mtrue[39m, nodeCount: [33m3[39m, linkCount: [33m1[39m }
[Graph3D] Clearing existing objects...
[Graph3D] Calling createSimulation...
[Graph3D] Simulation created, setting up event handlers...
[Graph3D] Data changed: {
  nodesLen: [33m3[39m,
  linksLen: [33m1[39m,
  key: [33m1776869806870[39m,
  timestamp: [33m1776869805867[39m
}
[Graph3D] Creating simulation: [33m3[39m nodes
[Graph3D] createGraphSimulation called: { hasObjectManager: [33mtrue[39m, hasScene: [33mtrue[39m, nodeCount: [33m3[39m, linkCount: [33m1[39m }
[Graph3D] Clearing existing objects...
[Graph3D] Calling createSimulation...
[Graph3D] Simulation created, setting up event handlers...
[Graph3D] Data changed: {
  nodesLen: [33m3[39m,
  linksLen: [33m1[39m,
  key: [33m1776869806891[39m,
  timestamp: [33m1776869805888[39m
}
[Graph3D] Creating simulation: [33m3[39m nodes
[Graph3D] createGraphSimulation called: { hasObjectManager: [33mtrue[39m, hasScene: [33mtrue[39m, nodeCount: [33m3[39m, linkCount: [33m1[39m }
[Graph3D] Clearing existing objects...
[Graph3D] Calling createSimulation...
[Graph3D] Simulation created, setting up event handlers...
[Graph3D] Data changed: {
  nodesLen: [33m3[39m,
  linksLen: [33m1[39m,
  key: [33m1776869806921[39m,
  timestamp: [33m1776869805918[39m
}
[Graph3D] Creating simulation: [33m3[39m nodes
[Graph3D] createGraphSimulation called: { hasObjectManager: [33mtrue[39m, hasScene: [33mtrue[39m, nodeCount: [33m3[39m, linkCount: [33m1[39m }
[Graph3D] Clearing existing objects...
[Graph3D] Calling createSimulation...
[Graph3D] Simulation created, setting up event handlers...
[Graph3D] Data changed: {
  nodesLen: [33m3[39m,
  linksLen: [33m1[39m,
  key: [33m1776869806953[39m,
  timestamp: [33m1776869805950[39m
}
[Graph3D] Creating simulation: [33m3[39m nodes
[Graph3D] createGraphSimulation called: { hasObjectManager: [33mtrue[39m, hasScene: [33mtrue[39m, nodeCount: [33m3[39m, linkCount: [33m1[39m }
[Graph3D] Clearing existing objects...
[Graph3D] Calling createSimulation...
[Graph3D] Simulation created, setting up event handlers...
[Graph3D] Data changed: {
  nodesLen: [33m3[39m,
  linksLen: [33m1[39m,
  key: [33m1776869806977[39m,
  timestamp: [33m1776869805974[39m
}
[Graph3D] Creating simulation: [33m3[39m nodes
[Graph3D] createGraphSimulation called: { hasObjectManager: [33mtrue[39m, hasScene: [33mtrue[39m, nodeCount: [33m3[39m, linkCount: [33m1[39m }
[Graph3D] Clearing existing objects...
[Graph3D] Calling createSimulation...
[Graph3D] Simulation created, setting up event handlers...
[Graph3D] Data changed: {
  nodesLen: [33m3[39m,
  linksLen: [33m1[39m,
  key: [33m1776869807002[39m,
  timestamp: [33m1776869805999[39m
}
[Graph3D] Creating simulation: [33m3[39m nodes
[Graph3D] createGraphSimulation called: { hasObjectManager: [33mtrue[39m, hasScene: [33mtrue[39m, nodeCount: [33m3[39m, linkCount: [33m1[39m }
[Graph3D] Clearing existing objects...
[Graph3D] Calling createSimulation...
[Graph3D] Simulation created, setting up event handlers...
[Graph3D] Data changed: {
  nodesLen: [33m3[39m,
  linksLen: [33m1[39m,
  key: [33m1776869807028[39m,
  timestamp: [33m1776869806025[39m
}
[Graph3D] Creating simulation: [33m3[39m nodes
[Graph3D] createGraphSimulation called: { hasObjectManager: [33mtrue[39m, hasScene: [33mtrue[39m, nodeCount: [33m3[39m, linkCount: [33m1[39m }
[Graph3D] Clearing existing objects...
[Graph3D] Calling createSimulation...
[Graph3D] Simulation created, setting up event handlers...
[Graph3D] Data changed: {
  nodesLen: [33m3[39m,
  linksLen: [33m1[39m,
  key: [33m1776869807056[39m,
  timestamp: [33m1776869806053[39m
}
[Graph3D] Creating simulation: [33m3[39m nodes
[Graph3D] createGraphSimulation called: { hasObjectManager: [33mtrue[39m, hasScene: [33mtrue[39m, nodeCount: [33m3[39m, linkCount: [33m1[39m }
[Graph3D] Clearing existing objects...
[Graph3D] Calling createSimulation...
[Graph3D] Simulation created, setting up event handlers...
[Graph3D] Data changed: {
  nodesLen: [33m3[39m,
  linksLen: [33m1[39m,
  key: [33m1776869807082[39m,
  timestamp: [33m1776869806079[39m
}
[Graph3D] Creating simulation: [33m3[39m nodes
[Graph3D] createGraphSimulation called: { hasObjectManager: [33mtrue[39m, hasScene: [33mtrue[39m, nodeCount: [33m3[39m, linkCount: [33m1[39m }
[Graph3D] Clearing existing objects...
[Graph3D] Calling createSimulation...
[Graph3D] Simulation created, setting up event handlers...
[Graph3D] Data changed: {
  nodesLen: [33m3[39m,
  linksLen: [33m1[39m,
  key: [33m1776869807105[39m,
  timestamp: [33m1776869806102[39m
}
[Graph3D] Creating simulation: [33m3[39m nodes
[Graph3D] createGraphSimulation called: { hasObjectManager: [33mtrue[39m, hasScene: [33mtrue[39m, nodeCount: [33m3[39m, linkCount: [33m1[39m }
[Graph3D] Clearing existing objects...
[Graph3D] Calling createSimulation...
[Graph3D] Simulation created, setting up event handlers...
[Graph3D] Data changed: {
  nodesLen: [33m3[39m,
  linksLen: [33m1[39m,
  key: [33m1776869807129[39m,
  timestamp: [33m1776869806126[39m
}
[Graph3D] Creating simulation: [33m3[39m nodes
[Graph3D] createGraphSimulation called: { hasObjectManager: [33mtrue[39m, hasScene: [33mtrue[39m, nodeCount: [33m3[39m, linkCount: [33m1[39m }
[Graph3D] Clearing existing objects...
[Graph3D] Calling createSimulation...
[Graph3D] Simulation created, setting up event handlers...
[Graph3D] Data changed: {
  nodesLen: [33m3[39m,
  linksLen: [33m1[39m,
  key: [33m1776869807152[39m,
  timestamp: [33m1776869806149[39m
}
[Graph3D] Creating simulation: [33m3[39m nodes
[Graph3D] createGraphSimulation called: { hasObjectManager: [33mtrue[39m, hasScene: [33mtrue[39m, nodeCount: [33m3[39m, linkCount: [33m1[39m }
[Graph3D] Clearing existing objects...
[Graph3D] Calling createSimulation...
[Graph3D] Simulation created, setting up event handlers...
[Graph3D] Data changed: {
  nodesLen: [33m3[39m,
  linksLen: [33m1[39m,
  key: [33m1776869807177[39m,
  timestamp: [33m1776869806174[39m
}
[Graph3D] Creating simulation: [33m3[39m nodes
[Graph3D] createGraphSimulation called: { hasObjectManager: [33mtrue[39m, hasScene: [33mtrue[39m, nodeCount: [33m3[39m, linkCount: [33m1[39m }
[Graph3D] Clearing existing objects...
[Graph3D] Calling createSimulation...
[Graph3D] Simulation created, setting up event handlers...
[Graph3D] Data changed: {
  nodesLen: [33m3[39m,
  linksLen: [33m1[39m,
  key: [33m1776869807200[39m,
  timestamp: [33m1776869806197[39m
}
[Graph3D] Creating simulation: [33m3[39m nodes
[Graph3D] createGraphSimulation called: { hasObjectManager: [33mtrue[39m, hasScene: [33mtrue[39m, nodeCount: [33m3[39m, linkCount: [33m1[39m }
[Graph3D] Clearing existing objects...
[Graph3D] Calling createSimulation...
[Graph3D] Simulation created, setting up event handlers...
[Graph3D] Data changed: {
  nodesLen: [33m3[39m,
  linksLen: [33m1[39m,
  key: [33m1776869807224[39m,
  timestamp: [33m1776869806221[39m
}
[Graph3D] Creating simulation: [33m3[39m nodes
[Graph3D] createGraphSimulation called: { hasObjectManager: [33mtrue[39m, hasScene: [33mtrue[39m, nodeCount: [33m3[39m, linkCount: [33m1[39m }
[Graph3D] Clearing existing objects...
[Graph3D] Calling createSimulation...
[Graph3D] Simulation created, setting up event handlers...
[Graph3D] Data changed: {
  nodesLen: [33m3[39m,
  linksLen: [33m1[39m,
  key: [33m1776869807248[39m,
  timestamp: [33m1776869806245[39m
}
[Graph3D] Creating simulation: [33m3[39m nodes
[Graph3D] createGraphSimulation called: { hasObjectManager: [33mtrue[39m, hasScene: [33mtrue[39m, nodeCount: [33m3[39m, linkCount: [33m1[39m }
[Graph3D] Clearing existing objects...
[Graph3D] Calling createSimulation...
[Graph3D] Simulation created, setting up event handlers...
[Graph3D] Data changed: {
  nodesLen: [33m3[39m,
  linksLen: [33m1[39m,
  key: [33m1776869807272[39m,
  timestamp: [33m1776869806269[39m
}
[Graph3D] Creating simulation: [33m3[39m nodes
[Graph3D] createGraphSimulation called: { hasObjectManager: [33mtrue[39m, hasScene: [33mtrue[39m, nodeCount: [33m3[39m, linkCount: [33m1[39m }
[Graph3D] Clearing existing objects...
[Graph3D] Calling createSimulation...
[Graph3D] Simulation created, setting up event handlers...
[Graph3D] Data changed: {
  nodesLen: [33m3[39m,
  linksLen: [33m1[39m,
  key: [33m1776869807301[39m,
  timestamp: [33m1776869806298[39m
}
[Graph3D] Creating simulation: [33m3[39m nodes
[Graph3D] createGraphSimulation called: { hasObjectManager: [33mtrue[39m, hasScene: [33mtrue[39m, nodeCount: [33m3[39m, linkCount: [33m1[39m }
[Graph3D] Clearing existing objects...
[Graph3D] Calling createSimulation...
[Graph3D] Simulation created, setting up event handlers...
[Graph3D] Data changed: {
  nodesLen: [33m3[39m,
  linksLen: [33m1[39m,
  key: [33m1776869807326[39m,
  timestamp: [33m1776869806323[39m
}
[Graph3D] Creating simulation: [33m3[39m nodes
[Graph3D] createGraphSimulation called: { hasObjectManager: [33mtrue[39m, hasScene: [33mtrue[39m, nodeCount: [33m3[39m, linkCount: [33m1[39m }
[Graph3D] Clearing existing objects...
[Graph3D] Calling createSimulation...
[Graph3D] Simulation created, setting up event handlers...
[Graph3D] Data changed: {
  nodesLen: [33m3[39m,
  linksLen: [33m1[39m,
  key: [33m1776869807351[39m,
  timestamp: [33m1776869806348[39m
}
[Graph3D] Creating simulation: [33m3[39m nodes
[Graph3D] createGraphSimulation called: { hasObjectManager: [33mtrue[39m, hasScene: [33mtrue[39m, nodeCount: [33m3[39m, linkCount: [33m1[39m }
[Graph3D] Clearing existing objects...
[Graph3D] Calling createSimulation...
[Graph3D] Simulation created, setting up event handlers...
[Graph3D] Data changed: {
  nodesLen: [33m3[39m,
  linksLen: [33m1[39m,
  key: [33m1776869807384[39m,
  timestamp: [33m1776869806381[39m
}
[Graph3D] Creating simulation: [33m3[39m nodes
[Graph3D] createGraphSimulation called: { hasObjectManager: [33mtrue[39m, hasScene: [33mtrue[39m, nodeCount: [33m3[39m, linkCount: [33m1[39m }
[Graph3D] Clearing existing objects...
[Graph3D] Calling createSimulation...
[Graph3D] Simulation created, setting up event handlers...
[Graph3D] Data changed: {
  nodesLen: [33m3[39m,
  linksLen: [33m1[39m,
  key: [33m1776869807413[39m,
  timestamp: [33m1776869806410[39m
}
[Graph3D] Creating simulation: [33m3[39m nodes
[Graph3D] createGraphSimulation called: { hasObjectManager: [33mtrue[39m, hasScene: [33mtrue[39m, nodeCount: [33m3[39m, linkCount: [33m1[39m }
[Graph3D] Clearing existing objects...
[Graph3D] Calling createSimulation...
[Graph3D] Simulation created, setting up event handlers...
[Graph3D] Data changed: {
  nodesLen: [33m3[39m,
  linksLen: [33m1[39m,
  key: [33m1776869807436[39m,
  timestamp: [33m1776869806433[39m
}
[Graph3D] Creating simulation: [33m3[39m nodes
[Graph3D] createGraphSimulation called: { hasObjectManager: [33mtrue[39m, hasScene: [33mtrue[39m, nodeCount: [33m3[39m, linkCount: [33m1[39m }
[Graph3D] Clearing existing objects...
[Graph3D] Calling createSimulation...
[Graph3D] Simulation created, setting up event handlers...
[Graph3D] Data changed: {
  nodesLen: [33m3[39m,
  linksLen: [33m1[39m,
  key: [33m1776869807460[39m,
  timestamp: [33m1776869806457[39m
}
[Graph3D] Creating simulation: [33m3[39m nodes
[Graph3D] createGraphSimulation called: { hasObjectManager: [33mtrue[39m, hasScene: [33mtrue[39m, nodeCount: [33m3[39m, linkCount: [33m1[39m }
[Graph3D] Clearing existing objects...
[Graph3D] Calling createSimulation...
[Graph3D] Simulation created, setting up event handlers...
[Graph3D] Data changed: {
  nodesLen: [33m3[39m,
  linksLen: [33m1[39m,
  key: [33m1776869807488[39m,
  timestamp: [33m1776869806485[39m
}
[Graph3D] Creating simulation: [33m3[39m nodes
[Graph3D] createGraphSimulation called: { hasObjectManager: [33mtrue[39m, hasScene: [33mtrue[39m, nodeCount: [33m3[39m, linkCount: [33m1[39m }
[Graph3D] Clearing existing objects...
[Graph3D] Calling createSimulation...
[Graph3D] Simulation created, setting up event handlers...
[Graph3D] Data changed: {
  nodesLen: [33m3[39m,
  linksLen: [33m1[39m,
  key: [33m1776869807517[39m,
  timestamp: [33m1776869806514[39m
}
[Graph3D] Creating simulation: [33m3[39m nodes
[Graph3D] createGraphSimulation called: { hasObjectManager: [33mtrue[39m, hasScene: [33mtrue[39m, nodeCount: [33m3[39m, linkCount: [33m1[39m }
[Graph3D] Clearing existing objects...
[Graph3D] Calling createSimulation...
[Graph3D] Simulation created, setting up event handlers...
[Graph3D] Data changed: {
  nodesLen: [33m3[39m,
  linksLen: [33m1[39m,
  key: [33m1776869807543[39m,
  timestamp: [33m1776869806540[39m
}
[Graph3D] Creating simulation: [33m3[39m nodes
[Graph3D] createGraphSimulation called: { hasObjectManager: [33mtrue[39m, hasScene: [33mtrue[39m, nodeCount: [33m3[39m, linkCount: [33m1[39m }
[Graph3D] Clearing existing objects...
[Graph3D] Calling createSimulation...
[Graph3D] Simulation created, setting up event handlers...
[Graph3D] Data changed: {
  nodesLen: [33m3[39m,
  linksLen: [33m1[39m,
  key: [33m1776869807566[39m,
  timestamp: [33m1776869806563[39m
}
[Graph3D] Creating simulation: [33m3[39m nodes
[Graph3D] createGraphSimulation called: { hasObjectManager: [33mtrue[39m, hasScene: [33mtrue[39m, nodeCount: [33m3[39m, linkCount: [33m1[39m }
[Graph3D] Clearing existing objects...
[Graph3D] Calling createSimulation...
[Graph3D] Simulation created, setting up event handlers...
[Graph3D] Data changed: {
  nodesLen: [33m3[39m,
  linksLen: [33m1[39m,
  key: [33m1776869807590[39m,
  timestamp: [33m1776869806587[39m
}
[Graph3D] Creating simulation: [33m3[39m nodes
[Graph3D] createGraphSimulation called: { hasObjectManager: [33mtrue[39m, hasScene: [33mtrue[39m, nodeCount: [33m3[39m, linkCount: [33m1[39m }
[Graph3D] Clearing existing objects...
[Graph3D] Calling createSimulation...
[Graph3D] Simulation created, setting up event handlers...
[Graph3D] Data changed: {
  nodesLen: [33m3[39m,
  linksLen: [33m1[39m,
  key: [33m1776869807615[39m,
  timestamp: [33m1776869806612[39m
}
[Graph3D] Creating simulation: [33m3[39m nodes
[Graph3D] createGraphSimulation called: { hasObjectManager: [33mtrue[39m, hasScene: [33mtrue[39m, nodeCount: [33m3[39m, linkCount: [33m1[39m }
[Graph3D] Clearing existing objects...
[Graph3D] Calling createSimulation...
[Graph3D] Simulation created, setting up event handlers...
[Graph3D] Data changed: {
  nodesLen: [33m3[39m,
  linksLen: [33m1[39m,
  key: [33m1776869807644[39m,
  timestamp: [33m1776869806641[39m
}
[Graph3D] Creating simulation: [33m3[39m nodes
[Graph3D] createGraphSimulation called: { hasObjectManager: [33mtrue[39m, hasScene: [33mtrue[39m, nodeCount: [33m3[39m, linkCount: [33m1[39m }
[Graph3D] Clearing existing objects...
[Graph3D] Calling createSimulation...
[Graph3D] Simulation created, setting up event handlers...
[Graph3D] Data changed: {
  nodesLen: [33m3[39m,
  linksLen: [33m1[39m,
  key: [33m1776869807672[39m,
  timestamp: [33m1776869806669[39m
}
[Graph3D] Creating simulation: [33m3[39m nodes
[Graph3D] createGraphSimulation called: { hasObjectManager: [33mtrue[39m, hasScene: [33mtrue[39m, nodeCount: [33m3[39m, linkCount: [33m1[39m }
[Graph3D] Clearing existing objects...
[Graph3D] Calling createSimulation...
[Graph3D] Simulation created, setting up event handlers...
[Graph3D] Data changed: {
  nodesLen: [33m3[39m,
  linksLen: [33m1[39m,
  key: [33m1776869807697[39m,
  timestamp: [33m1776869806694[39m
}
[Graph3D] Creating simulation: [33m3[39m nodes
[Graph3D] createGraphSimulation called: { hasObjectManager: [33mtrue[39m, hasScene: [33mtrue[39m, nodeCount: [33m3[39m, linkCount: [33m1[39m }
[Graph3D] Clearing existing objects...
[Graph3D] Calling createSimulation...
[Graph3D] Simulation created, setting up event handlers...
[Graph3D] Data changed: {
  nodesLen: [33m3[39m,
  linksLen: [33m1[39m,
  key: [33m1776869807723[39m,
  timestamp: [33m1776869806720[39m
}
[Graph3D] Creating simulation: [33m3[39m nodes
[Graph3D] createGraphSimulation called: { hasObjectManager: [33mtrue[39m, hasScene: [33mtrue[39m, nodeCount: [33m3[39m, linkCount: [33m1[39m }
[Graph3D] Clearing existing objects...
[Graph3D] Calling createSimulation...
[Graph3D] Simulation created, setting up event handlers...
[Graph3D] Data changed: {
  nodesLen: [33m3[39m,
  linksLen: [33m1[39m,
  key: [33m1776869807748[39m,
  timestamp: [33m1776869806745[39m
}
[Graph3D] Creating simulation: [33m3[39m nodes
[Graph3D] createGraphSimulation called: { hasObjectManager: [33mtrue[39m, hasScene: [33mtrue[39m, nodeCount: [33m3[39m, linkCount: [33m1[39m }
[Graph3D] Clearing existing objects...
[Graph3D] Calling createSimulation...
[Graph3D] Simulation created, setting up event handlers...
[Graph3D] Data changed: {
  nodesLen: [33m3[39m,
  linksLen: [33m1[39m,
  key: [33m1776869807774[39m,
  timestamp: [33m1776869806771[39m
}
[Graph3D] Creating simulation: [33m3[39m nodes
[Graph3D] createGraphSimulation called: { hasObjectManager: [33mtrue[39m, hasScene: [33mtrue[39m, nodeCount: [33m3[39m, linkCount: [33m1[39m }
[Graph3D] Clearing existing objects...
[Graph3D] Calling createSimulation...
[Graph3D] Simulation created, setting up event handlers...
[Graph3D] Data changed: {
  nodesLen: [33m3[39m,
  linksLen: [33m1[39m,
  key: [33m1776869807799[39m,
  timestamp: [33m1776869806796[39m
}
[Graph3D] Creating simulation: [33m3[39m nodes
[Graph3D] createGraphSimulation called: { hasObjectManager: [33mtrue[39m, hasScene: [33mtrue[39m, nodeCount: [33m3[39m, linkCount: [33m1[39m }
[Graph3D] Clearing existing objects...
[Graph3D] Calling createSimulation...
[Graph3D] Simulation created, setting up event handlers...
[Graph3D] Data changed: {
  nodesLen: [33m3[39m,
  linksLen: [33m1[39m,
  key: [33m1776869807831[39m,
  timestamp: [33m1776869806828[39m
}
[Graph3D] Creating simulation: [33m3[39m nodes
[Graph3D] createGraphSimulation called: { hasObjectManager: [33mtrue[39m, hasScene: [33mtrue[39m, nodeCount: [33m3[39m, linkCount: [33m1[39m }
[Graph3D] Clearing existing objects...
[Graph3D] Calling createSimulation...
[Graph3D] Simulation created, setting up event handlers...
[Graph3D] Data changed: {
  nodesLen: [33m3[39m,
  linksLen: [33m1[39m,
  key: [33m1776869807859[39m,
  timestamp: [33m1776869806856[39m
}
[Graph3D] Creating simulation: [33m3[39m nodes
[Graph3D] createGraphSimulation called: { hasObjectManager: [33mtrue[39m, hasScene: [33mtrue[39m, nodeCount: [33m3[39m, linkCount: [33m1[39m }
[Graph3D] Clearing existing objects...
[Graph3D] Calling createSimulation...
[Graph3D] Simulation created, setting up event handlers...
[Graph3D] Data changed: {
  nodesLen: [33m3[39m,
  linksLen: [33m1[39m,
  key: [33m1776869807888[39m,
  timestamp: [33m1776869806885[39m
}
[Graph3D] Creating simulation: [33m3[39m nodes
[Graph3D] createGraphSimulation called: { hasObjectManager: [33mtrue[39m, hasScene: [33mtrue[39m, nodeCount: [33m3[39m, linkCount: [33m1[39m }
[Graph3D] Clearing existing objects...
[Graph3D] Calling createSimulation...
[Graph3D] Simulation created, setting up event handlers...
[Graph3D] Data changed: {
  nodesLen: [33m3[39m,
  linksLen: [33m1[39m,
  key: [33m1776869807917[39m,
  timestamp: [33m1776869806914[39m
}
[Graph3D] Creating simulation: [33m3[39m nodes
[Graph3D] createGraphSimulation called: { hasObjectManager: [33mtrue[39m, hasScene: [33mtrue[39m, nodeCount: [33m3[39m, linkCount: [33m1[39m }
[Graph3D] Clearing existing objects...
[Graph3D] Calling createSimulation...
[Graph3D] Simulation created, setting up event handlers...
[Graph3D] Data changed: {
  nodesLen: [33m3[39m,
  linksLen: [33m1[39m,
  key: [33m1776869807943[39m,
  timestamp: [33m1776869806940[39m
}
[Graph3D] Creating simulation: [33m3[39m nodes
[Graph3D] createGraphSimulation called: { hasObjectManager: [33mtrue[39m, hasScene: [33mtrue[39m, nodeCount: [33m3[39m, linkCount: [33m1[39m }
[Graph3D] Clearing existing objects...
[Graph3D] Calling createSimulation...
[Graph3D] Simulation created, setting up event handlers...
[Graph3D] Data changed: {
  nodesLen: [33m3[39m,
  linksLen: [33m1[39m,
  key: [33m1776869807970[39m,
  timestamp: [33m1776869806967[39m
}
[Graph3D] Creating simulation: [33m3[39m nodes
[Graph3D] createGraphSimulation called: { hasObjectManager: [33mtrue[39m, hasScene: [33mtrue[39m, nodeCount: [33m3[39m, linkCount: [33m1[39m }
[Graph3D] Clearing existing objects...
[Graph3D] Calling createSimulation...
[Graph3D] Simulation created, setting up event handlers...
[Graph3D] Data changed: {
  nodesLen: [33m3[39m,
  linksLen: [33m1[39m,
  key: [33m1776869808000[39m,
  timestamp: [33m1776869806997[39m
}
[Graph3D] Creating simulation: [33m3[39m nodes
[Graph3D] createGraphSimulation called: { hasObjectManager: [33mtrue[39m, hasScene: [33mtrue[39m, nodeCount: [33m3[39m, linkCount: [33m1[39m }
[Graph3D] Clearing existing objects...
[Graph3D] Calling createSimulation...
[Graph3D] Simulation created, setting up event handlers...
[Graph3D] Data changed: {
  nodesLen: [33m3[39m,
  linksLen: [33m1[39m,
  key: [33m1776869808034[39m,
  timestamp: [33m1776869807031[39m
}
[Graph3D] Creating simulation: [33m3[39m nodes
[Graph3D] createGraphSimulation called: { hasObjectManager: [33mtrue[39m, hasScene: [33mtrue[39m, nodeCount: [33m3[39m, linkCount: [33m1[39m }
[Graph3D] Clearing existing objects...
[Graph3D] Calling createSimulation...
[Graph3D] Simulation created, setting up event handlers...
[Graph3D] Data changed: {
  nodesLen: [33m3[39m,
  linksLen: [33m1[39m,
  key: [33m1776869808064[39m,
  timestamp: [33m1776869807061[39m
}
[Graph3D] Creating simulation: [33m3[39m nodes
[Graph3D] createGraphSimulation called: { hasObjectManager: [33mtrue[39m, hasScene: [33mtrue[39m, nodeCount: [33m3[39m, linkCount: [33m1[39m }
[Graph3D] Clearing existing objects...
[Graph3D] Calling createSimulation...
[Graph3D] Simulation created, setting up event handlers...
[Graph3D] Data changed: {
  nodesLen: [33m3[39m,
  linksLen: [33m1[39m,
  key: [33m1776869808096[39m,
  timestamp: [33m1776869807093[39m
}
[Graph3D] Creating simulation: [33m3[39m nodes
[Graph3D] createGraphSimulation called: { hasObjectManager: [33mtrue[39m, hasScene: [33mtrue[39m, nodeCount: [33m3[39m, linkCount: [33m1[39m }
[Graph3D] Clearing existing objects...
[Graph3D] Calling createSimulation...
[Graph3D] Simulation created, setting up event handlers...
[Graph3D] Data changed: {
  nodesLen: [33m3[39m,
  linksLen: [33m1[39m,
  key: [33m1776869808124[39m,
  timestamp: [33m1776869807121[39m
}
[Graph3D] Creating simulation: [33m3[39m nodes
[Graph3D] createGraphSimulation called: { hasObjectManager: [33mtrue[39m, hasScene: [33mtrue[39m, nodeCount: [33m3[39m, linkCount: [33m1[39m }
[Graph3D] Clearing existing objects...
[Graph3D] Calling createSimulation...
[Graph3D] Simulation created, setting up event handlers...
[Graph3D] Data changed: {
  nodesLen: [33m3[39m,
  linksLen: [33m1[39m,
  key: [33m1776869808149[39m,
  timestamp: [33m1776869807146[39m
}
[Graph3D] Creating simulation: [33m3[39m nodes
[Graph3D] createGraphSimulation called: { hasObjectManager: [33mtrue[39m, hasScene: [33mtrue[39m, nodeCount: [33m3[39m, linkCount: [33m1[39m }
[Graph3D] Clearing existing objects...
[Graph3D] Calling createSimulation...
[Graph3D] Simulation created, setting up event handlers...
[Graph3D] Data changed: {
  nodesLen: [33m3[39m,
  linksLen: [33m1[39m,
  key: [33m1776869808176[39m,
  timestamp: [33m1776869807173[39m
}
[Graph3D] Creating simulation: [33m3[39m nodes
[Graph3D] createGraphSimulation called: { hasObjectManager: [33mtrue[39m, hasScene: [33mtrue[39m, nodeCount: [33m3[39m, linkCount: [33m1[39m }
[Graph3D] Clearing existing objects...
[Graph3D] Calling createSimulation...
[Graph3D] Simulation created, setting up event handlers...
[Graph3D] Data changed: {
  nodesLen: [33m3[39m,
  linksLen: [33m1[39m,
  key: [33m1776869808206[39m,
  timestamp: [33m1776869807203[39m
}
[Graph3D] Creating simulation: [33m3[39m nodes
[Graph3D] createGraphSimulation called: { hasObjectManager: [33mtrue[39m, hasScene: [33mtrue[39m, nodeCount: [33m3[39m, linkCount: [33m1[39m }
[Graph3D] Clearing existing objects...
[Graph3D] Calling createSimulation...
[Graph3D] Simulation created, setting up event handlers...
[Graph3D] Data changed: {
  nodesLen: [33m3[39m,
  linksLen: [33m1[39m,
  key: [33m1776869808236[39m,
  timestamp: [33m1776869807233[39m
}
[Graph3D] Creating simulation: [33m3[39m nodes
[Graph3D] createGraphSimulation called: { hasObjectManager: [33mtrue[39m, hasScene: [33mtrue[39m, nodeCount: [33m3[39m, linkCount: [33m1[39m }
[Graph3D] Clearing existing objects...
[Graph3D] Calling createSimulation...
[Graph3D] Simulation created, setting up event handlers...
[Graph3D] Data changed: {
  nodesLen: [33m3[39m,
  linksLen: [33m1[39m,
  key: [33m1776869808266[39m,
  timestamp: [33m1776869807263[39m
}
[Graph3D] Creating simulation: [33m3[39m nodes
[Graph3D] createGraphSimulation called: { hasObjectManager: [33mtrue[39m, hasScene: [33mtrue[39m, nodeCount: [33m3[39m, linkCount: [33m1[39m }
[Graph3D] Clearing existing objects...
[Graph3D] Calling createSimulation...
[Graph3D] Simulation created, setting up event handlers...
[Graph3D] Data changed: {
  nodesLen: [33m3[39m,
  linksLen: [33m1[39m,
  key: [33m1776869808304[39m,
  timestamp: [33m1776869807301[39m
}
[Graph3D] Creating simulation: [33m3[39m nodes
[Graph3D] createGraphSimulation called: { hasObjectManager: [33mtrue[39m, hasScene: [33mtrue[39m, nodeCount: [33m3[39m, linkCount: [33m1[39m }
[Graph3D] Clearing existing objects...
[Graph3D] Calling createSimulation...
[Graph3D] Simulation created, setting up event handlers...
[Graph3D] Data changed: {
  nodesLen: [33m3[39m,
  linksLen: [33m1[39m,
  key: [33m1776869808339[39m,
  timestamp: [33m1776869807336[39m
}
[Graph3D] Creating simulation: [33m3[39m nodes
[Graph3D] createGraphSimulation called: { hasObjectManager: [33mtrue[39m, hasScene: [33mtrue[39m, nodeCount: [33m3[39m, linkCount: [33m1[39m }
[Graph3D] Clearing existing objects...
[Graph3D] Calling createSimulation...
[Graph3D] Simulation created, setting up event handlers...
[Graph3D] Data changed: {
  nodesLen: [33m3[39m,
  linksLen: [33m1[39m,
  key: [33m1776869808373[39m,
  timestamp: [33m1776869807370[39m
}
[Graph3D] Creating simulation: [33m3[39m nodes
[Graph3D] createGraphSimulation called: { hasObjectManager: [33mtrue[39m, hasScene: [33mtrue[39m, nodeCount: [33m3[39m, linkCount: [33m1[39m }
[Graph3D] Clearing existing objects...
[Graph3D] Calling createSimulation...
[Graph3D] Simulation created, setting up event handlers...
[Graph3D] Data changed: {
  nodesLen: [33m3[39m,
  linksLen: [33m1[39m,
  key: [33m1776869808410[39m,
  timestamp: [33m1776869807407[39m
}
[Graph3D] Creating simulation: [33m3[39m nodes
[Graph3D] createGraphSimulation called: { hasObjectManager: [33mtrue[39m, hasScene: [33mtrue[39m, nodeCount: [33m3[39m, linkCount: [33m1[39m }
[Graph3D] Clearing existing objects...
[Graph3D] Calling createSimulation...
[Graph3D] Simulation created, setting up event handlers...
[Graph3D] Data changed: {
  nodesLen: [33m3[39m,
  linksLen: [33m1[39m,
  key: [33m1776869808446[39m,
  timestamp: [33m1776869807443[39m
}
[Graph3D] Creating simulation: [33m3[39m nodes
[Graph3D] createGraphSimulation called: { hasObjectManager: [33mtrue[39m, hasScene: [33mtrue[39m, nodeCount: [33m3[39m, linkCount: [33m1[39m }
[Graph3D] Clearing existing objects...
[Graph3D] Calling createSimulation...
[Graph3D] Simulation created, setting up event handlers...
[Graph3D] Data changed: {
  nodesLen: [33m3[39m,
  linksLen: [33m1[39m,
  key: [33m1776869808484[39m,
  timestamp: [33m1776869807481[39m
}
[Graph3D] Creating simulation: [33m3[39m nodes
[Graph3D] createGraphSimulation called: { hasObjectManager: [33mtrue[39m, hasScene: [33mtrue[39m, nodeCount: [33m3[39m, linkCount: [33m1[39m }
[Graph3D] Clearing existing objects...
[Graph3D] Calling createSimulation...
[Graph3D] Simulation created, setting up event handlers...
[Graph3D] Data changed: {
  nodesLen: [33m3[39m,
  linksLen: [33m1[39m,
  key: [33m1776869808521[39m,
  timestamp: [33m1776869807518[39m
}
[Graph3D] Creating simulation: [33m3[39m nodes
[Graph3D] createGraphSimulation called: { hasObjectManager: [33mtrue[39m, hasScene: [33mtrue[39m, nodeCount: [33m3[39m, linkCount: [33m1[39m }
[Graph3D] Clearing existing objects...
[Graph3D] Calling createSimulation...
[Graph3D] Simulation created, setting up event handlers...
[Graph3D] Data changed: {
  nodesLen: [33m3[39m,
  linksLen: [33m1[39m,
  key: [33m1776869808555[39m,
  timestamp: [33m1776869807552[39m
}
[Graph3D] Creating simulation: [33m3[39m nodes
[Graph3D] createGraphSimulation called: { hasObjectManager: [33mtrue[39m, hasScene: [33mtrue[39m, nodeCount: [33m3[39m, linkCount: [33m1[39m }
[Graph3D] Clearing existing objects...
[Graph3D] Calling createSimulation...
[Graph3D] Simulation created, setting up event handlers...
[Graph3D] Data changed: {
  nodesLen: [33m3[39m,
  linksLen: [33m1[39m,
  key: [33m1776869808587[39m,
  timestamp: [33m1776869807584[39m
}
[Graph3D] Creating simulation: [33m3[39m nodes
[Graph3D] createGraphSimulation called: { hasObjectManager: [33mtrue[39m, hasScene: [33mtrue[39m, nodeCount: [33m3[39m, linkCount: [33m1[39m }
[Graph3D] Clearing existing objects...
[Graph3D] Calling createSimulation...
[Graph3D] Simulation created, setting up event handlers...
[Graph3D] Data changed: {
  nodesLen: [33m3[39m,
  linksLen: [33m1[39m,
  key: [33m1776869808618[39m,
  timestamp: [33m1776869807615[39m
}
[Graph3D] Creating simulation: [33m3[39m nodes
[Graph3D] createGraphSimulation called: { hasObjectManager: [33mtrue[39m, hasScene: [33mtrue[39m, nodeCount: [33m3[39m, linkCount: [33m1[39m }
[Graph3D] Clearing existing objects...
[Graph3D] Calling createSimulation...
[Graph3D] Simulation created, setting up event handlers...
[Graph3D] Data changed: {
  nodesLen: [33m3[39m,
  linksLen: [33m1[39m,
  key: [33m1776869808646[39m,
  timestamp: [33m1776869807643[39m
}
[Graph3D] Creating simulation: [33m3[39m nodes
[Graph3D] createGraphSimulation called: { hasObjectManager: [33mtrue[39m, hasScene: [33mtrue[39m, nodeCount: [33m3[39m, linkCount: [33m1[39m }
[Graph3D] Clearing existing objects...
[Graph3D] Calling createSimulation...
[Graph3D] Simulation created, setting up event handlers...
[Graph3D] Data changed: {
  nodesLen: [33m3[39m,
  linksLen: [33m1[39m,
  key: [33m1776869808680[39m,
  timestamp: [33m1776869807677[39m
}
[Graph3D] Creating simulation: [33m3[39m nodes
[Graph3D] createGraphSimulation called: { hasObjectManager: [33mtrue[39m, hasScene: [33mtrue[39m, nodeCount: [33m3[39m, linkCount: [33m1[39m }
[Graph3D] Clearing existing objects...
[Graph3D] Calling createSimulation...
[Graph3D] Simulation created, setting up event handlers...
[Graph3D] Data changed: {
  nodesLen: [33m3[39m,
  linksLen: [33m1[39m,
  key: [33m1776869808715[39m,
  timestamp: [33m1776869807712[39m
}
[Graph3D] Creating simulation: [33m3[39m nodes
[Graph3D] createGraphSimulation called: { hasObjectManager: [33mtrue[39m, hasScene: [33mtrue[39m, nodeCount: [33m3[39m, linkCount: [33m1[39m }
[Graph3D] Clearing existing objects...
[Graph3D] Calling createSimulation...
[Graph3D] Simulation created, setting up event handlers...
[Graph3D] Data changed: {
  nodesLen: [33m3[39m,
  linksLen: [33m1[39m,
  key: [33m1776869808741[39m,
  timestamp: [33m1776869807738[39m
}
[Graph3D] Creating simulation: [33m3[39m nodes
[Graph3D] createGraphSimulation called: { hasObjectManager: [33mtrue[39m, hasScene: [33mtrue[39m, nodeCount: [33m3[39m, linkCount: [33m1[39m }
[Graph3D] Clearing existing objects...
[Graph3D] Calling createSimulation...
[Graph3D] Simulation created, setting up event handlers...
[Graph3D] Data changed: {
  nodesLen: [33m3[39m,
  linksLen: [33m1[39m,
  key: [33m1776869808768[39m,
  timestamp: [33m1776869807765[39m
}
[Graph3D] Creating simulation: [33m3[39m nodes
[Graph3D] createGraphSimulation called: { hasObjectManager: [33mtrue[39m, hasScene: [33mtrue[39m, nodeCount: [33m3[39m, linkCount: [33m1[39m }
[Graph3D] Clearing existing objects...
[Graph3D] Calling createSimulation...
[Graph3D] Simulation created, setting up event handlers...
[Graph3D] Data changed: {
  nodesLen: [33m3[39m,
  linksLen: [33m1[39m,
  key: [33m1776869808801[39m,
  timestamp: [33m1776869807798[39m
}
[Graph3D] Creating simulation: [33m3[39m nodes
[Graph3D] createGraphSimulation called: { hasObjectManager: [33mtrue[39m, hasScene: [33mtrue[39m, nodeCount: [33m3[39m, linkCount: [33m1[39m }
[Graph3D] Clearing existing objects...
[Graph3D] Calling createSimulation...
[Graph3D] Simulation created, setting up event handlers...
[Graph3D] Data changed: {
  nodesLen: [33m3[39m,
  linksLen: [33m1[39m,
  key: [33m1776869808839[39m,
  timestamp: [33m1776869807836[39m
}
[Graph3D] Creating simulation: [33m3[39m nodes
[Graph3D] createGraphSimulation called: { hasObjectManager: [33mtrue[39m, hasScene: [33mtrue[39m, nodeCount: [33m3[39m, linkCount: [33m1[39m }
[Graph3D] Clearing existing objects...
[Graph3D] Calling createSimulation...
[Graph3D] Simulation created, setting up event handlers...
[Graph3D] Data changed: {
  nodesLen: [33m3[39m,
  linksLen: [33m1[39m,
  key: [33m1776869808875[39m,
  timestamp: [33m1776869807872[39m
}
[Graph3D] Creating simulation: [33m3[39m nodes
[Graph3D] createGraphSimulation called: { hasObjectManager: [33mtrue[39m, hasScene: [33mtrue[39m, nodeCount: [33m3[39m, linkCount: [33m1[39m }
[Graph3D] Clearing existing objects...
[Graph3D] Calling createSimulation...
[Graph3D] Simulation created, setting up event handlers...
[Graph3D] Data changed: {
  nodesLen: [33m3[39m,
  linksLen: [33m1[39m,
  key: [33m1776869808903[39m,
  timestamp: [33m1776869807900[39m
}
[Graph3D] Creating simulation: [33m3[39m nodes
[Graph3D] createGraphSimulation called: { hasObjectManager: [33mtrue[39m, hasScene: [33mtrue[39m, nodeCount: [33m3[39m, linkCount: [33m1[39m }
[Graph3D] Clearing existing objects...
[Graph3D] Calling createSimulation...
[Graph3D] Simulation created, setting up event handlers...
[Graph3D] Data changed: {
  nodesLen: [33m3[39m,
  linksLen: [33m1[39m,
  key: [33m1776869808934[39m,
  timestamp: [33m1776869807931[39m
}
[Graph3D] Creating simulation: [33m3[39m nodes
[Graph3D] createGraphSimulation called: { hasObjectManager: [33mtrue[39m, hasScene: [33mtrue[39m, nodeCount: [33m3[39m, linkCount: [33m1[39m }
[Graph3D] Clearing existing objects...
[Graph3D] Calling createSimulation...
[Graph3D] Simulation created, setting up event handlers...
[Graph3D] Data changed: {
  nodesLen: [33m3[39m,
  linksLen: [33m1[39m,
  key: [33m1776869808967[39m,
  timestamp: [33m1776869807964[39m
}
[Graph3D] Creating simulation: [33m3[39m nodes
[Graph3D] createGraphSimulation called: { hasObjectManager: [33mtrue[39m, hasScene: [33mtrue[39m, nodeCount: [33m3[39m, linkCount: [33m1[39m }
[Graph3D] Clearing existing objects...
[Graph3D] Calling createSimulation...
[Graph3D] Simulation created, setting up event handlers...
[Graph3D] Data changed: {
  nodesLen: [33m3[39m,
  linksLen: [33m1[39m,
  key: [33m1776869809000[39m,
  timestamp: [33m1776869807997[39m
}
[Graph3D] Creating simulation: [33m3[39m nodes
[Graph3D] createGraphSimulation called: { hasObjectManager: [33mtrue[39m, hasScene: [33mtrue[39m, nodeCount: [33m3[39m, linkCount: [33m1[39m }
[Graph3D] Clearing existing objects...
[Graph3D] Calling createSimulation...
[Graph3D] Simulation created, setting up event handlers...
[Graph3D] Data changed: {
  nodesLen: [33m3[39m,
  linksLen: [33m1[39m,
  key: [33m1776869809028[39m,
  timestamp: [33m1776869808025[39m
}
[Graph3D] Creating simulation: [33m3[39m nodes
[Graph3D] createGraphSimulation called: { hasObjectManager: [33mtrue[39m, hasScene: [33mtrue[39m, nodeCount: [33m3[39m, linkCount: [33m1[39m }
[Graph3D] Clearing existing objects...
[Graph3D] Calling createSimulation...
[Graph3D] Simulation created, setting up event handlers...
[Graph3D] Data changed: {
  nodesLen: [33m3[39m,
  linksLen: [33m1[39m,
  key: [33m1776869809059[39m,
  timestamp: [33m1776869808056[39m
}
[Graph3D] Creating simulation: [33m3[39m nodes
[Graph3D] createGraphSimulation called: { hasObjectManager: [33mtrue[39m, hasScene: [33mtrue[39m, nodeCount: [33m3[39m, linkCount: [33m1[39m }
[Graph3D] Clearing existing objects...
[Graph3D] Calling createSimulation...
[Graph3D] Simulation created, setting up event handlers...
[Graph3D] Data changed: {
  nodesLen: [33m3[39m,
  linksLen: [33m1[39m,
  key: [33m1776869809088[39m,
  timestamp: [33m1776869808085[39m
}
[Graph3D] Creating simulation: [33m3[39m nodes
[Graph3D] createGraphSimulation called: { hasObjectManager: [33mtrue[39m, hasScene: [33mtrue[39m, nodeCount: [33m3[39m, linkCount: [33m1[39m }
[Graph3D] Clearing existing objects...
[Graph3D] Calling createSimulation...
[Graph3D] Simulation created, setting up event handlers...
[Graph3D] Data changed: {
  nodesLen: [33m3[39m,
  linksLen: [33m1[39m,
  key: [33m1776869809124[39m,
  timestamp: [33m1776869808121[39m
}
[Graph3D] Creating simulation: [33m3[39m nodes
[Graph3D] createGraphSimulation called: { hasObjectManager: [33mtrue[39m, hasScene: [33mtrue[39m, nodeCount: [33m3[39m, linkCount: [33m1[39m }
[Graph3D] Clearing existing objects...
[Graph3D] Calling createSimulation...
[Graph3D] Simulation created, setting up event handlers...
[Graph3D] Data changed: {
  nodesLen: [33m3[39m,
  linksLen: [33m1[39m,
  key: [33m1776869809157[39m,
  timestamp: [33m1776869808154[39m
}
[Graph3D] Creating simulation: [33m3[39m nodes
[Graph3D] createGraphSimulation called: { hasObjectManager: [33mtrue[39m, hasScene: [33mtrue[39m, nodeCount: [33m3[39m, linkCount: [33m1[39m }
[Graph3D] Clearing existing objects...
[Graph3D] Calling createSimulation...
[Graph3D] Simulation created, setting up event handlers...
[Graph3D] Data changed: {
  nodesLen: [33m3[39m,
  linksLen: [33m1[39m,
  key: [33m1776869809186[39m,
  timestamp: [33m1776869808183[39m
}
[Graph3D] Creating simulation: [33m3[39m nodes
[Graph3D] createGraphSimulation called: { hasObjectManager: [33mtrue[39m, hasScene: [33mtrue[39m, nodeCount: [33m3[39m, linkCount: [33m1[39m }
[Graph3D] Clearing existing objects...
[Graph3D] Calling createSimulation...
[Graph3D] Simulation created, setting up event handlers...
[Graph3D] Data changed: {
  nodesLen: [33m3[39m,
  linksLen: [33m1[39m,
  key: [33m1776869809216[39m,
  timestamp: [33m1776869808213[39m
}
[Graph3D] Creating simulation: [33m3[39m nodes
[Graph3D] createGraphSimulation called: { hasObjectManager: [33mtrue[39m, hasScene: [33mtrue[39m, nodeCount: [33m3[39m, linkCount: [33m1[39m }
[Graph3D] Clearing existing objects...
[Graph3D] Calling createSimulation...
[Graph3D] Simulation created, setting up event handlers...
[Graph3D] Data changed: {
  nodesLen: [33m3[39m,
  linksLen: [33m1[39m,
  key: [33m1776869809249[39m,
  timestamp: [33m1776869808246[39m
}
[Graph3D] Creating simulation: [33m3[39m nodes
[Graph3D] createGraphSimulation called: { hasObjectManager: [33mtrue[39m, hasScene: [33mtrue[39m, nodeCount: [33m3[39m, linkCount: [33m1[39m }
[Graph3D] Clearing existing objects...
[Graph3D] Calling createSimulation...
[Graph3D] Simulation created, setting up event handlers...
[Graph3D] Data changed: {
  nodesLen: [33m3[39m,
  linksLen: [33m1[39m,
  key: [33m1776869809277[39m,
  timestamp: [33m1776869808274[39m
}
[Graph3D] Creating simulation: [33m3[39m nodes
[Graph3D] createGraphSimulation called: { hasObjectManager: [33mtrue[39m, hasScene: [33mtrue[39m, nodeCount: [33m3[39m, linkCount: [33m1[39m }
[Graph3D] Clearing existing objects...
[Graph3D] Calling createSimulation...
[Graph3D] Simulation created, setting up event handlers...
[Graph3D] Data changed: {
  nodesLen: [33m3[39m,
  linksLen: [33m1[39m,
  key: [33m1776869809306[39m,
  timestamp: [33m1776869808303[39m
}
[Graph3D] Creating simulation: [33m3[39m nodes
[Graph3D] createGraphSimulation called: { hasObjectManager: [33mtrue[39m, hasScene: [33mtrue[39m, nodeCount: [33m3[39m, linkCount: [33m1[39m }
[Graph3D] Clearing existing objects...
[Graph3D] Calling createSimulation...
[Graph3D] Simulation created, setting up event handlers...
[Graph3D] Data changed: {
  nodesLen: [33m3[39m,
  linksLen: [33m1[39m,
  key: [33m1776869809338[39m,
  timestamp: [33m1776869808335[39m
}
[Graph3D] Creating simulation: [33m3[39m nodes
[Graph3D] createGraphSimulation called: { hasObjectManager: [33mtrue[39m, hasScene: [33mtrue[39m, nodeCount: [33m3[39m, linkCount: [33m1[39m }
[Graph3D] Clearing existing objects...
[Graph3D] Calling createSimulation...
[Graph3D] Simulation created, setting up event handlers...
[Graph3D] Data changed: {
  nodesLen: [33m3[39m,
  linksLen: [33m1[39m,
  key: [33m1776869809373[39m,
  timestamp: [33m1776869808370[39m
}
[Graph3D] Creating simulation: [33m3[39m nodes
[Graph3D] createGraphSimulation called: { hasObjectManager: [33mtrue[39m, hasScene: [33mtrue[39m, nodeCount: [33m3[39m, linkCount: [33m1[39m }
[Graph3D] Clearing existing objects...
[Graph3D] Calling createSimulation...
[Graph3D] Simulation created, setting up event handlers...
[Graph3D] Data changed: {
  nodesLen: [33m3[39m,
  linksLen: [33m1[39m,
  key: [33m1776869809406[39m,
  timestamp: [33m1776869808403[39m
}
[Graph3D] Creating simulation: [33m3[39m nodes
[Graph3D] createGraphSimulation called: { hasObjectManager: [33mtrue[39m, hasScene: [33mtrue[39m, nodeCount: [33m3[39m, linkCount: [33m1[39m }
[Graph3D] Clearing existing objects...
[Graph3D] Calling createSimulation...
[Graph3D] Simulation created, setting up event handlers...
[Graph3D] Data changed: {
  nodesLen: [33m3[39m,
  linksLen: [33m1[39m,
  key: [33m1776869809450[39m,
  timestamp: [33m1776869808447[39m
}
[Graph3D] Creating simulation: [33m3[39m nodes
[Graph3D] createGraphSimulation called: { hasObjectManager: [33mtrue[39m, hasScene: [33mtrue[39m, nodeCount: [33m3[39m, linkCount: [33m1[39m }
[Graph3D] Clearing existing objects...
[Graph3D] Calling createSimulation...
[Graph3D] Simulation created, setting up event handlers...
[Graph3D] Data changed: {
  nodesLen: [33m3[39m,
  linksLen: [33m1[39m,
  key: [33m1776869809487[39m,
  timestamp: [33m1776869808484[39m
}
[Graph3D] Creating simulation: [33m3[39m nodes
[Graph3D] createGraphSimulation called: { hasObjectManager: [33mtrue[39m, hasScene: [33mtrue[39m, nodeCount: [33m3[39m, linkCount: [33m1[39m }
[Graph3D] Clearing existing objects...
[Graph3D] Calling createSimulation...
[Graph3D] Simulation created, setting up event handlers...
[Graph3D] Data changed: {
  nodesLen: [33m3[39m,
  linksLen: [33m1[39m,
  key: [33m1776869809523[39m,
  timestamp: [33m1776869808520[39m
}
[Graph3D] Creating simulation: [33m3[39m nodes
[Graph3D] createGraphSimulation called: { hasObjectManager: [33mtrue[39m, hasScene: [33mtrue[39m, nodeCount: [33m3[39m, linkCount: [33m1[39m }
[Graph3D] Clearing existing objects...
[Graph3D] Calling createSimulation...
[Graph3D] Simulation created, setting up event handlers...
[Graph3D] Data changed: {
  nodesLen: [33m3[39m,
  linksLen: [33m1[39m,
  key: [33m1776869809555[39m,
  timestamp: [33m1776869808552[39m
}
[Graph3D] Creating simulation: [33m3[39m nodes
[Graph3D] createGraphSimulation called: { hasObjectManager: [33mtrue[39m, hasScene: [33mtrue[39m, nodeCount: [33m3[39m, linkCount: [33m1[39m }
[Graph3D] Clearing existing objects...
[Graph3D] Calling createSimulation...
[Graph3D] Simulation created, setting up event handlers...
[Graph3D] Data changed: {
  nodesLen: [33m3[39m,
  linksLen: [33m1[39m,
  key: [33m1776869809584[39m,
  timestamp: [33m1776869808581[39m
}
[Graph3D] Creating simulation: [33m3[39m nodes
[Graph3D] createGraphSimulation called: { hasObjectManager: [33mtrue[39m, hasScene: [33mtrue[39m, nodeCount: [33m3[39m, linkCount: [33m1[39m }
[Graph3D] Clearing existing objects...
[Graph3D] Calling createSimulation...
[Graph3D] Simulation created, setting up event handlers...
[Graph3D] Data changed: {
  nodesLen: [33m3[39m,
  linksLen: [33m1[39m,
  key: [33m1776869809612[39m,
  timestamp: [33m1776869808609[39m
}
[Graph3D] Creating simulation: [33m3[39m nodes
[Graph3D] createGraphSimulation called: { hasObjectManager: [33mtrue[39m, hasScene: [33mtrue[39m, nodeCount: [33m3[39m, linkCount: [33m1[39m }
[Graph3D] Clearing existing objects...
[Graph3D] Calling createSimulation...
[Graph3D] Simulation created, setting up event handlers...
[Graph3D] Data changed: {
  nodesLen: [33m3[39m,
  linksLen: [33m1[39m,
  key: [33m1776869809646[39m,
  timestamp: [33m1776869808643[39m
}
[Graph3D] Creating simulation: [33m3[39m nodes
[Graph3D] createGraphSimulation called: { hasObjectManager: [33mtrue[39m, hasScene: [33mtrue[39m, nodeCount: [33m3[39m, linkCount: [33m1[39m }
[Graph3D] Clearing existing objects...
[Graph3D] Calling createSimulation...
[Graph3D] Simulation created, setting up event handlers...
[Graph3D] Data changed: {
  nodesLen: [33m3[39m,
  linksLen: [33m1[39m,
  key: [33m1776869809679[39m,
  timestamp: [33m1776869808676[39m
}
[Graph3D] Creating simulation: [33m3[39m nodes
[Graph3D] createGraphSimulation called: { hasObjectManager: [33mtrue[39m, hasScene: [33mtrue[39m, nodeCount: [33m3[39m, linkCount: [33m1[39m }
[Graph3D] Clearing existing objects...
[Graph3D] Calling createSimulation...
[Graph3D] Simulation created, setting up event handlers...
[Graph3D] Data changed: {
  nodesLen: [33m3[39m,
  linksLen: [33m1[39m,
  key: [33m1776869809712[39m,
  timestamp: [33m1776869808709[39m
}
[Graph3D] Creating simulation: [33m3[39m nodes
[Graph3D] createGraphSimulation called: { hasObjectManager: [33mtrue[39m, hasScene: [33mtrue[39m, nodeCount: [33m3[39m, linkCount: [33m1[39m }
[Graph3D] Clearing existing objects...
[Graph3D] Calling createSimulation...
[Graph3D] Simulation created, setting up event handlers...
[Graph3D] Data changed: {
  nodesLen: [33m3[39m,
  linksLen: [33m1[39m,
  key: [33m1776869809743[39m,
  timestamp: [33m1776869808740[39m
}
[Graph3D] Creating simulation: [33m3[39m nodes
[Graph3D] createGraphSimulation called: { hasObjectManager: [33mtrue[39m, hasScene: [33mtrue[39m, nodeCount: [33m3[39m, linkCount: [33m1[39m }
[Graph3D] Clearing existing objects...
[Graph3D] Calling createSimulation...
[Graph3D] Simulation created, setting up event handlers...
[Graph3D] Data changed: {
  nodesLen: [33m3[39m,
  linksLen: [33m1[39m,
  key: [33m1776869809774[39m,
  timestamp: [33m1776869808771[39m
}
[Graph3D] Creating simulation: [33m3[39m nodes
[Graph3D] createGraphSimulation called: { hasObjectManager: [33mtrue[39m, hasScene: [33mtrue[39m, nodeCount: [33m3[39m, linkCount: [33m1[39m }
[Graph3D] Clearing existing objects...
[Graph3D] Calling createSimulation...
[Graph3D] Simulation created, setting up event handlers...
[Graph3D] Data changed: {
  nodesLen: [33m3[39m,
  linksLen: [33m1[39m,
  key: [33m1776869809806[39m,
  timestamp: [33m1776869808803[39m
}
[Graph3D] Creating simulation: [33m3[39m nodes
[Graph3D] createGraphSimulation called: { hasObjectManager: [33mtrue[39m, hasScene: [33mtrue[39m, nodeCount: [33m3[39m, linkCount: [33m1[39m }
[Graph3D] Clearing existing objects...
[Graph3D] Calling createSimulation...
[Graph3D] Simulation created, setting up event handlers...
[Graph3D] Data changed: {
  nodesLen: [33m3[39m,
  linksLen: [33m1[39m,
  key: [33m1776869809839[39m,
  timestamp: [33m1776869808836[39m
}
[Graph3D] Creating simulation: [33m3[39m nodes
[Graph3D] createGraphSimulation called: { hasObjectManager: [33mtrue[39m, hasScene: [33mtrue[39m, nodeCount: [33m3[39m, linkCount: [33m1[39m }
[Graph3D] Clearing existing objects...
[Graph3D] Calling createSimulation...
[Graph3D] Simulation created, setting up event handlers...
[Graph3D] Data changed: {
  nodesLen: [33m3[39m,
  linksLen: [33m1[39m,
  key: [33m1776869809872[39m,
  timestamp: [33m1776869808869[39m
}
[Graph3D] Creating simulation: [33m3[39m nodes
[Graph3D] createGraphSimulation called: { hasObjectManager: [33mtrue[39m, hasScene: [33mtrue[39m, nodeCount: [33m3[39m, linkCount: [33m1[39m }
[Graph3D] Clearing existing objects...
[Graph3D] Calling createSimulation...
[Graph3D] Simulation created, setting up event handlers...
[Graph3D] Data changed: {
  nodesLen: [33m3[39m,
  linksLen: [33m1[39m,
  key: [33m1776869809901[39m,
  timestamp: [33m1776869808898[39m
}
[Graph3D] Creating simulation: [33m3[39m nodes
[Graph3D] createGraphSimulation called: { hasObjectManager: [33mtrue[39m, hasScene: [33mtrue[39m, nodeCount: [33m3[39m, linkCount: [33m1[39m }
[Graph3D] Clearing existing objects...
[Graph3D] Calling createSimulation...
[Graph3D] Simulation created, setting up event handlers...
[Graph3D] Data changed: {
  nodesLen: [33m3[39m,
  linksLen: [33m1[39m,
  key: [33m1776869809933[39m,
  timestamp: [33m1776869808930[39m
}
[Graph3D] Creating simulation: [33m3[39m nodes
[Graph3D] createGraphSimulation called: { hasObjectManager: [33mtrue[39m, hasScene: [33mtrue[39m, nodeCount: [33m3[39m, linkCount: [33m1[39m }
[Graph3D] Clearing existing objects...
[Graph3D] Calling createSimulation...
[Graph3D] Simulation created, setting up event handlers...
[Graph3D] Data changed: {
  nodesLen: [33m3[39m,
  linksLen: [33m1[39m,
  key: [33m1776869809972[39m,
  timestamp: [33m1776869808969[39m
}
[Graph3D] Creating simulation: [33m3[39m nodes
[Graph3D] createGraphSimulation called: { hasObjectManager: [33mtrue[39m, hasScene: [33mtrue[39m, nodeCount: [33m3[39m, linkCount: [33m1[39m }
[Graph3D] Clearing existing objects...
[Graph3D] Calling createSimulation...
[Graph3D] Simulation created, setting up event handlers...
[Graph3D] Data changed: {
  nodesLen: [33m3[39m,
  linksLen: [33m1[39m,
  key: [33m1776869810017[39m,
  timestamp: [33m1776869809014[39m
}
[Graph3D] Creating simulation: [33m3[39m nodes
[Graph3D] createGraphSimulation called: { hasObjectManager: [33mtrue[39m, hasScene: [33mtrue[39m, nodeCount: [33m3[39m, linkCount: [33m1[39m }
[Graph3D] Clearing existing objects...
[Graph3D] Calling createSimulation...
[Graph3D] Simulation created, setting up event handlers...
[Graph3D] Data changed: {
  nodesLen: [33m3[39m,
  linksLen: [33m1[39m,
  key: [33m1776869810055[39m,
  timestamp: [33m1776869809052[39m
}
[Graph3D] Creating simulation: [33m3[39m nodes
[Graph3D] createGraphSimulation called: { hasObjectManager: [33mtrue[39m, hasScene: [33mtrue[39m, nodeCount: [33m3[39m, linkCount: [33m1[39m }
[Graph3D] Clearing existing objects...
[Graph3D] Calling createSimulation...
[Graph3D] Simulation created, setting up event handlers...
[Graph3D] Data changed: {
  nodesLen: [33m3[39m,
  linksLen: [33m1[39m,
  key: [33m1776869810096[39m,
  timestamp: [33m1776869809093[39m
}
[Graph3D] Creating simulation: [33m3[39m nodes
[Graph3D] createGraphSimulation called: { hasObjectManager: [33mtrue[39m, hasScene: [33mtrue[39m, nodeCount: [33m3[39m, linkCount: [33m1[39m }
[Graph3D] Clearing existing objects...
[Graph3D] Calling createSimulation...
[Graph3D] Simulation created, setting up event handlers...
[Graph3D] Data changed: {
  nodesLen: [33m3[39m,
  linksLen: [33m1[39m,
  key: [33m1776869810133[39m,
  timestamp: [33m1776869809130[39m
}
[Graph3D] Creating simulation: [33m3[39m nodes
[Graph3D] createGraphSimulation called: { hasObjectManager: [33mtrue[39m, hasScene: [33mtrue[39m, nodeCount: [33m3[39m, linkCount: [33m1[39m }
[Graph3D] Clearing existing objects...
[Graph3D] Calling createSimulation...
[Graph3D] Simulation created, setting up event handlers...
[Graph3D] Data changed: {
  nodesLen: [33m3[39m,
  linksLen: [33m1[39m,
  key: [33m1776869810172[39m,
  timestamp: [33m1776869809169[39m
}
[Graph3D] Creating simulation: [33m3[39m nodes
[Graph3D] createGraphSimulation called: { hasObjectManager: [33mtrue[39m, hasScene: [33mtrue[39m, nodeCount: [33m3[39m, linkCount: [33m1[39m }
[Graph3D] Clearing existing objects...
[Graph3D] Calling createSimulation...
[Graph3D] Simulation created, setting up event handlers...
[Graph3D] Data changed: {
  nodesLen: [33m3[39m,
  linksLen: [33m1[39m,
  key: [33m1776869810228[39m,
  timestamp: [33m1776869809225[39m
}
[Graph3D] Creating simulation: [33m3[39m nodes
[Graph3D] createGraphSimulation called: { hasObjectManager: [33mtrue[39m, hasScene: [33mtrue[39m, nodeCount: [33m3[39m, linkCount: [33m1[39m }
[Graph3D] Clearing existing objects...
[Graph3D] Calling createSimulation...
[Graph3D] Simulation created, setting up event handlers...
[Graph3D] Data changed: {
  nodesLen: [33m3[39m,
  linksLen: [33m1[39m,
  key: [33m1776869810269[39m,
  timestamp: [33m1776869809266[39m
}
[Graph3D] Creating simulation: [33m3[39m nodes
[Graph3D] createGraphSimulation called: { hasObjectManager: [33mtrue[39m, hasScene: [33mtrue[39m, nodeCount: [33m3[39m, linkCount: [33m1[39m }
[Graph3D] Clearing existing objects...
[Graph3D] Calling createSimulation...
[Graph3D] Simulation created, setting up event handlers...
[Graph3D] Data changed: {
  nodesLen: [33m3[39m,
  linksLen: [33m1[39m,
  key: [33m1776869810315[39m,
  timestamp: [33m1776869809312[39m
}
[Graph3D] Creating simulation: [33m3[39m nodes
[Graph3D] createGraphSimulation called: { hasObjectManager: [33mtrue[39m, hasScene: [33mtrue[39m, nodeCount: [33m3[39m, linkCount: [33m1[39m }
[Graph3D] Clearing existing objects...
[Graph3D] Calling createSimulation...
[Graph3D] Simulation created, setting up event handlers...
[Graph3D] Data changed: {
  nodesLen: [33m3[39m,
  linksLen: [33m1[39m,
  key: [33m1776869810351[39m,
  timestamp: [33m1776869809348[39m
}
[Graph3D] Creating simulation: [33m3[39m nodes
[Graph3D] createGraphSimulation called: { hasObjectManager: [33mtrue[39m, hasScene: [33mtrue[39m, nodeCount: [33m3[39m, linkCount: [33m1[39m }
[Graph3D] Clearing existing objects...
[Graph3D] Calling createSimulation...
[Graph3D] Simulation created, setting up event handlers...
[Graph3D] Data changed: {
  nodesLen: [33m3[39m,
  linksLen: [33m1[39m,
  key: [33m1776869810387[39m,
  timestamp: [33m1776869809384[39m
}
[Graph3D] Creating simulation: [33m3[39m nodes
[Graph3D] createGraphSimulation called: { hasObjectManager: [33mtrue[39m, hasScene: [33mtrue[39m, nodeCount: [33m3[39m, linkCount: [33m1[39m }
[Graph3D] Clearing existing objects...
[Graph3D] Calling createSimulation...
[Graph3D] Simulation created, setting up event handlers...
[Graph3D] Data changed: {
  nodesLen: [33m3[39m,
  linksLen: [33m1[39m,
  key: [33m1776869810421[39m,
  timestamp: [33m1776869809418[39m
}
[Graph3D] Creating simulation: [33m3[39m nodes
[Graph3D] createGraphSimulation called: { hasObjectManager: [33mtrue[39m, hasScene: [33mtrue[39m, nodeCount: [33m3[39m, linkCount: [33m1[39m }
[Graph3D] Clearing existing objects...
[Graph3D] Calling createSimulation...
[Graph3D] Simulation created, setting up event handlers...
[Graph3D] Data changed: {
  nodesLen: [33m3[39m,
  linksLen: [33m1[39m,
  key: [33m1776869810456[39m,
  timestamp: [33m1776869809453[39m
}
[Graph3D] Creating simulation: [33m3[39m nodes
[Graph3D] createGraphSimulation called: { hasObjectManager: [33mtrue[39m, hasScene: [33mtrue[39m, nodeCount: [33m3[39m, linkCount: [33m1[39m }
[Graph3D] Clearing existing objects...
[Graph3D] Calling createSimulation...
[Graph3D] Simulation created, setting up event handlers...
[Graph3D] Data changed: {
  nodesLen: [33m3[39m,
  linksLen: [33m1[39m,
  key: [33m1776869810490[39m,
  timestamp: [33m1776869809487[39m
}
[Graph3D] Creating simulation: [33m3[39m nodes
[Graph3D] createGraphSimulation called: { hasObjectManager: [33mtrue[39m, hasScene: [33mtrue[39m, nodeCount: [33m3[39m, linkCount: [33m1[39m }
[Graph3D] Clearing existing objects...
[Graph3D] Calling createSimulation...
[Graph3D] Simulation created, setting up event handlers...
[Graph3D] Data changed: {
  nodesLen: [33m3[39m,
  linksLen: [33m1[39m,
  key: [33m1776869810526[39m,
  timestamp: [33m1776869809523[39m
}
[Graph3D] Creating simulation: [33m3[39m nodes
[Graph3D] createGraphSimulation called: { hasObjectManager: [33mtrue[39m, hasScene: [33mtrue[39m, nodeCount: [33m3[39m, linkCount: [33m1[39m }
[Graph3D] Clearing existing objects...
[Graph3D] Calling createSimulation...
[Graph3D] Simulation created, setting up event handlers...
[Graph3D] Data changed: {
  nodesLen: [33m3[39m,
  linksLen: [33m1[39m,
  key: [33m1776869810557[39m,
  timestamp: [33m1776869809554[39m
}
[Graph3D] Creating simulation: [33m3[39m nodes
[Graph3D] createGraphSimulation called: { hasObjectManager: [33mtrue[39m, hasScene: [33mtrue[39m, nodeCount: [33m3[39m, linkCount: [33m1[39m }
[Graph3D] Clearing existing objects...
[Graph3D] Calling createSimulation...
[Graph3D] Simulation created, setting up event handlers...
[Graph3D] Data changed: {
  nodesLen: [33m3[39m,
  linksLen: [33m1[39m,
  key: [33m1776869810591[39m,
  timestamp: [33m1776869809588[39m
}
[Graph3D] Creating simulation: [33m3[39m nodes
[Graph3D] createGraphSimulation called: { hasObjectManager: [33mtrue[39m, hasScene: [33mtrue[39m, nodeCount: [33m3[39m, linkCount: [33m1[39m }
[Graph3D] Clearing existing objects...
[Graph3D] Calling createSimulation...
[Graph3D] Simulation created, setting up event handlers...
[Graph3D] Data changed: {
  nodesLen: [33m3[39m,
  linksLen: [33m1[39m,
  key: [33m1776869810623[39m,
  timestamp: [33m1776869809620[39m
}
[Graph3D] Creating simulation: [33m3[39m nodes
[Graph3D] createGraphSimulation called: { hasObjectManager: [33mtrue[39m, hasScene: [33mtrue[39m, nodeCount: [33m3[39m, linkCount: [33m1[39m }
[Graph3D] Clearing existing objects...
[Graph3D] Calling createSimulation...
[Graph3D] Simulation created, setting up event handlers...
[Graph3D] Data changed: {
  nodesLen: [33m3[39m,
  linksLen: [33m1[39m,
  key: [33m1776869810655[39m,
  timestamp: [33m1776869809652[39m
}
[Graph3D] Creating simulation: [33m3[39m nodes
[Graph3D] createGraphSimulation called: { hasObjectManager: [33mtrue[39m, hasScene: [33mtrue[39m, nodeCount: [33m3[39m, linkCount: [33m1[39m }
[Graph3D] Clearing existing objects...
[Graph3D] Calling createSimulation...
[Graph3D] Simulation created, setting up event handlers...
[Graph3D] Data changed: {
  nodesLen: [33m3[39m,
  linksLen: [33m1[39m,
  key: [33m1776869810694[39m,
  timestamp: [33m1776869809691[39m
}
[Graph3D] Creating simulation: [33m3[39m nodes
[Graph3D] createGraphSimulation called: { hasObjectManager: [33mtrue[39m, hasScene: [33mtrue[39m, nodeCount: [33m3[39m, linkCount: [33m1[39m }
[Graph3D] Clearing existing objects...
[Graph3D] Calling createSimulation...
[Graph3D] Simulation created, setting up event handlers...
[Graph3D] Data changed: {
  nodesLen: [33m3[39m,
  linksLen: [33m1[39m,
  key: [33m1776869810729[39m,
  timestamp: [33m1776869809726[39m
}
[Graph3D] Creating simulation: [33m3[39m nodes
[Graph3D] createGraphSimulation called: { hasObjectManager: [33mtrue[39m, hasScene: [33mtrue[39m, nodeCount: [33m3[39m, linkCount: [33m1[39m }
[Graph3D] Clearing existing objects...
[Graph3D] Calling createSimulation...
[Graph3D] Simulation created, setting up event handlers...
[Graph3D] Data changed: {
  nodesLen: [33m3[39m,
  linksLen: [33m1[39m,
  key: [33m1776869810764[39m,
  timestamp: [33m1776869809761[39m
}
[Graph3D] Creating simulation: [33m3[39m nodes
[Graph3D] createGraphSimulation called: { hasObjectManager: [33mtrue[39m, hasScene: [33mtrue[39m, nodeCount: [33m3[39m, linkCount: [33m1[39m }
[Graph3D] Clearing existing objects...
[Graph3D] Calling createSimulation...
[Graph3D] Simulation created, setting up event handlers...
[Graph3D] Data changed: {
  nodesLen: [33m3[39m,
  linksLen: [33m1[39m,
  key: [33m1776869810801[39m,
  timestamp: [33m1776869809798[39m
}
[Graph3D] Creating simulation: [33m3[39m nodes
[Graph3D] createGraphSimulation called: { hasObjectManager: [33mtrue[39m, hasScene: [33mtrue[39m, nodeCount: [33m3[39m, linkCount: [33m1[39m }
[Graph3D] Clearing existing objects...
[Graph3D] Calling createSimulation...
[Graph3D] Simulation created, setting up event handlers...
[Graph3D] Data changed: {
  nodesLen: [33m3[39m,
  linksLen: [33m1[39m,
  key: [33m1776869810835[39m,
  timestamp: [33m1776869809832[39m
}
[Graph3D] Creating simulation: [33m3[39m nodes
[Graph3D] createGraphSimulation called: { hasObjectManager: [33mtrue[39m, hasScene: [33mtrue[39m, nodeCount: [33m3[39m, linkCount: [33m1[39m }
[Graph3D] Clearing existing objects...
[Graph3D] Calling createSimulation...
[Graph3D] Simulation created, setting up event handlers...
[Graph3D] Data changed: {
  nodesLen: [33m3[39m,
  linksLen: [33m1[39m,
  key: [33m1776869810871[39m,
  timestamp: [33m1776869809868[39m
}
[Graph3D] Creating simulation: [33m3[39m nodes
[Graph3D] createGraphSimulation called: { hasObjectManager: [33mtrue[39m, hasScene: [33mtrue[39m, nodeCount: [33m3[39m, linkCount: [33m1[39m }
[Graph3D] Clearing existing objects...
[Graph3D] Calling createSimulation...
[Graph3D] Simulation created, setting up event handlers...
[Graph3D] Data changed: {
  nodesLen: [33m3[39m,
  linksLen: [33m1[39m,
  key: [33m1776869810904[39m,
  timestamp: [33m1776869809901[39m
}
[Graph3D] Creating simulation: [33m3[39m nodes
[Graph3D] createGraphSimulation called: { hasObjectManager: [33mtrue[39m, hasScene: [33mtrue[39m, nodeCount: [33m3[39m, linkCount: [33m1[39m }
[Graph3D] Clearing existing objects...
[Graph3D] Calling createSimulation...
[Graph3D] Simulation created, setting up event handlers...
[Graph3D] Data changed: {
  nodesLen: [33m3[39m,
  linksLen: [33m1[39m,
  key: [33m1776869810942[39m,
  timestamp: [33m1776869809939[39m
}
[Graph3D] Creating simulation: [33m3[39m nodes
[Graph3D] createGraphSimulation called: { hasObjectManager: [33mtrue[39m, hasScene: [33mtrue[39m, nodeCount: [33m3[39m, linkCount: [33m1[39m }
[Graph3D] Clearing existing objects...
[Graph3D] Calling createSimulation...
[Graph3D] Simulation created, setting up event handlers...
[Graph3D] Data changed: {
  nodesLen: [33m3[39m,
  linksLen: [33m1[39m,
  key: [33m1776869810985[39m,
  timestamp: [33m1776869809982[39m
}
[Graph3D] Creating simulation: [33m3[39m nodes
[Graph3D] createGraphSimulation called: { hasObjectManager: [33mtrue[39m, hasScene: [33mtrue[39m, nodeCount: [33m3[39m, linkCount: [33m1[39m }
[Graph3D] Clearing existing objects...
[Graph3D] Calling createSimulation...
[Graph3D] Simulation created, setting up event handlers...
[Graph3D] Data changed: {
  nodesLen: [33m3[39m,
  linksLen: [33m1[39m,
  key: [33m1776869811020[39m,
  timestamp: [33m1776869810017[39m
}
[Graph3D] Creating simulation: [33m3[39m nodes
[Graph3D] createGraphSimulation called: { hasObjectManager: [33mtrue[39m, hasScene: [33mtrue[39m, nodeCount: [33m3[39m, linkCount: [33m1[39m }
[Graph3D] Clearing existing objects...
[Graph3D] Calling createSimulation...
[Graph3D] Simulation created, setting up event handlers...
[Graph3D] Data changed: {
  nodesLen: [33m3[39m,
  linksLen: [33m1[39m,
  key: [33m1776869811053[39m,
  timestamp: [33m1776869810050[39m
}
[Graph3D] Creating simulation: [33m3[39m nodes
[Graph3D] createGraphSimulation called: { hasObjectManager: [33mtrue[39m, hasScene: [33mtrue[39m, nodeCount: [33m3[39m, linkCount: [33m1[39m }
[Graph3D] Clearing existing objects...
[Graph3D] Calling createSimulation...
[Graph3D] Simulation created, setting up event handlers...
[Graph3D] Data changed: {
  nodesLen: [33m3[39m,
  linksLen: [33m1[39m,
  key: [33m1776869811090[39m,
  timestamp: [33m1776869810087[39m
}
[Graph3D] Creating simulation: [33m3[39m nodes
[Graph3D] createGraphSimulation called: { hasObjectManager: [33mtrue[39m, hasScene: [33mtrue[39m, nodeCount: [33m3[39m, linkCount: [33m1[39m }
[Graph3D] Clearing existing objects...
[Graph3D] Calling createSimulation...
[Graph3D] Simulation created, setting up event handlers...
[Graph3D] Data changed: {
  nodesLen: [33m3[39m,
  linksLen: [33m1[39m,
  key: [33m1776869811122[39m,
  timestamp: [33m1776869810119[39m
}
[Graph3D] Creating simulation: [33m3[39m nodes
[Graph3D] createGraphSimulation called: { hasObjectManager: [33mtrue[39m, hasScene: [33mtrue[39m, nodeCount: [33m3[39m, linkCount: [33m1[39m }
[Graph3D] Clearing existing objects...
[Graph3D] Calling createSimulation...
[Graph3D] Simulation created, setting up event handlers...
[Graph3D] Data changed: {
  nodesLen: [33m3[39m,
  linksLen: [33m1[39m,
  key: [33m1776869811162[39m,
  timestamp: [33m1776869810159[39m
}
[Graph3D] Creating simulation: [33m3[39m nodes
[Graph3D] createGraphSimulation called: { hasObjectManager: [33mtrue[39m, hasScene: [33mtrue[39m, nodeCount: [33m3[39m, linkCount: [33m1[39m }
[Graph3D] Clearing existing objects...
[Graph3D] Calling createSimulation...
[Graph3D] Simulation created, setting up event handlers...
[Graph3D] Data changed: {
  nodesLen: [33m3[39m,
  linksLen: [33m1[39m,
  key: [33m1776869811194[39m,
  timestamp: [33m1776869810191[39m
}
[Graph3D] Creating simulation: [33m3[39m nodes
[Graph3D] createGraphSimulation called: { hasObjectManager: [33mtrue[39m, hasScene: [33mtrue[39m, nodeCount: [33m3[39m, linkCount: [33m1[39m }
[Graph3D] Clearing existing objects...
[Graph3D] Calling createSimulation...
[Graph3D] Simulation created, setting up event handlers...
[Graph3D] Data changed: {
  nodesLen: [33m3[39m,
  linksLen: [33m1[39m,
  key: [33m1776869811227[39m,
  timestamp: [33m1776869810224[39m
}
[Graph3D] Creating simulation: [33m3[39m nodes
[Graph3D] createGraphSimulation called: { hasObjectManager: [33mtrue[39m, hasScene: [33mtrue[39m, nodeCount: [33m3[39m, linkCount: [33m1[39m }
[Graph3D] Clearing existing objects...
[Graph3D] Calling createSimulation...
[Graph3D] Simulation created, setting up event handlers...
[Graph3D] Data changed: {
  nodesLen: [33m3[39m,
  linksLen: [33m1[39m,
  key: [33m1776869811264[39m,
  timestamp: [33m1776869810261[39m
}
[Graph3D] Creating simulation: [33m3[39m nodes
[Graph3D] createGraphSimulation called: { hasObjectManager: [33mtrue[39m, hasScene: [33mtrue[39m, nodeCount: [33m3[39m, linkCount: [33m1[39m }
[Graph3D] Clearing existing objects...
[Graph3D] Calling createSimulation...
[Graph3D] Simulation created, setting up event handlers...
[Graph3D] Data changed: {
  nodesLen: [33m3[39m,
  linksLen: [33m1[39m,
  key: [33m1776869811299[39m,
  timestamp: [33m1776869810296[39m
}
[Graph3D] Creating simulation: [33m3[39m nodes
[Graph3D] createGraphSimulation called: { hasObjectManager: [33mtrue[39m, hasScene: [33mtrue[39m, nodeCount: [33m3[39m, linkCount: [33m1[39m }
[Graph3D] Clearing existing objects...
[Graph3D] Calling createSimulation...
[Graph3D] Simulation created, setting up event handlers...
[Graph3D] Data changed: {
  nodesLen: [33m3[39m,
  linksLen: [33m1[39m,
  key: [33m1776869811343[39m,
  timestamp: [33m1776869810340[39m
}
[Graph3D] Creating simulation: [33m3[39m nodes
[Graph3D] createGraphSimulation called: { hasObjectManager: [33mtrue[39m, hasScene: [33mtrue[39m, nodeCount: [33m3[39m, linkCount: [33m1[39m }
[Graph3D] Clearing existing objects...
[Graph3D] Calling createSimulation...
[Graph3D] Simulation created, setting up event handlers...
[Graph3D] Data changed: {
  nodesLen: [33m3[39m,
  linksLen: [33m1[39m,
  key: [33m1776869811379[39m,
  timestamp: [33m1776869810376[39m
}
[Graph3D] Creating simulation: [33m3[39m nodes
[Graph3D] createGraphSimulation called: { hasObjectManager: [33mtrue[39m, hasScene: [33mtrue[39m, nodeCount: [33m3[39m, linkCount: [33m1[39m }
[Graph3D] Clearing existing objects...
[Graph3D] Calling createSimulation...
[Graph3D] Simulation created, setting up event handlers...
[Graph3D] Data changed: {
  nodesLen: [33m3[39m,
  linksLen: [33m1[39m,
  key: [33m1776869811415[39m,
  timestamp: [33m1776869810412[39m
}
[Graph3D] Creating simulation: [33m3[39m nodes
[Graph3D] createGraphSimulation called: { hasObjectManager: [33mtrue[39m, hasScene: [33mtrue[39m, nodeCount: [33m3[39m, linkCount: [33m1[39m }
[Graph3D] Clearing existing objects...
[Graph3D] Calling createSimulation...
[Graph3D] Simulation created, setting up event handlers...
[Graph3D] Data changed: {
  nodesLen: [33m3[39m,
  linksLen: [33m1[39m,
  key: [33m1776869811452[39m,
  timestamp: [33m1776869810449[39m
}
[Graph3D] Creating simulation: [33m3[39m nodes
[Graph3D] createGraphSimulation called: { hasObjectManager: [33mtrue[39m, hasScene: [33mtrue[39m, nodeCount: [33m3[39m, linkCount: [33m1[39m }
[Graph3D] Clearing existing objects...
[Graph3D] Calling createSimulation...
[Graph3D] Simulation created, setting up event handlers...
[Graph3D] Data changed: {
  nodesLen: [33m3[39m,
  linksLen: [33m1[39m,
  key: [33m1776869811489[39m,
  timestamp: [33m1776869810486[39m
}
[Graph3D] Creating simulation: [33m3[39m nodes
[Graph3D] createGraphSimulation called: { hasObjectManager: [33mtrue[39m, hasScene: [33mtrue[39m, nodeCount: [33m3[39m, linkCount: [33m1[39m }
[Graph3D] Clearing existing objects...
[Graph3D] Calling createSimulation...
[Graph3D] Simulation created, setting up event handlers...
[Graph3D] Data changed: {
  nodesLen: [33m3[39m,
  linksLen: [33m1[39m,
  key: [33m1776869811525[39m,
  timestamp: [33m1776869810522[39m
}
[Graph3D] Creating simulation: [33m3[39m nodes
[Graph3D] createGraphSimulation called: { hasObjectManager: [33mtrue[39m, hasScene: [33mtrue[39m, nodeCount: [33m3[39m, linkCount: [33m1[39m }
[Graph3D] Clearing existing objects...
[Graph3D] Calling createSimulation...
[Graph3D] Simulation created, setting up event handlers...
[Graph3D] Data changed: {
  nodesLen: [33m3[39m,
  linksLen: [33m1[39m,
  key: [33m1776869811564[39m,
  timestamp: [33m1776869810561[39m
}
[Graph3D] Creating simulation: [33m3[39m nodes
[Graph3D] createGraphSimulation called: { hasObjectManager: [33mtrue[39m, hasScene: [33mtrue[39m, nodeCount: [33m3[39m, linkCount: [33m1[39m }
[Graph3D] Clearing existing objects...
[Graph3D] Calling createSimulation...
[Graph3D] Simulation created, setting up event handlers...
[Graph3D] Data changed: {
  nodesLen: [33m3[39m,
  linksLen: [33m1[39m,
  key: [33m1776869811599[39m,
  timestamp: [33m1776869810596[39m
}
[Graph3D] Creating simulation: [33m3[39m nodes
[Graph3D] createGraphSimulation called: { hasObjectManager: [33mtrue[39m, hasScene: [33mtrue[39m, nodeCount: [33m3[39m, linkCount: [33m1[39m }
[Graph3D] Clearing existing objects...
[Graph3D] Calling createSimulation...
[Graph3D] Simulation created, setting up event handlers...
[Graph3D] Data changed: {
  nodesLen: [33m3[39m,
  linksLen: [33m1[39m,
  key: [33m1776869811641[39m,
  timestamp: [33m1776869810638[39m
}
[Graph3D] Creating simulation: [33m3[39m nodes
[Graph3D] createGraphSimulation called: { hasObjectManager: [33mtrue[39m, hasScene: [33mtrue[39m, nodeCount: [33m3[39m, linkCount: [33m1[39m }
[Graph3D] Clearing existing objects...
[Graph3D] Calling createSimulation...
[Graph3D] Simulation created, setting up event handlers...
[Graph3D] Data changed: {
  nodesLen: [33m3[39m,
  linksLen: [33m1[39m,
  key: [33m1776869811682[39m,
  timestamp: [33m1776869810679[39m
}
[Graph3D] Creating simulation: [33m3[39m nodes
[Graph3D] createGraphSimulation called: { hasObjectManager: [33mtrue[39m, hasScene: [33mtrue[39m, nodeCount: [33m3[39m, linkCount: [33m1[39m }
[Graph3D] Clearing existing objects...
[Graph3D] Calling createSimulation...
[Graph3D] Simulation created, setting up event handlers...
[Graph3D] Data changed: {
  nodesLen: [33m3[39m,
  linksLen: [33m1[39m,
  key: [33m1776869811719[39m,
  timestamp: [33m1776869810716[39m
}
[Graph3D] Creating simulation: [33m3[39m nodes
[Graph3D] createGraphSimulation called: { hasObjectManager: [33mtrue[39m, hasScene: [33mtrue[39m, nodeCount: [33m3[39m, linkCount: [33m1[39m }
[Graph3D] Clearing existing objects...
[Graph3D] Calling createSimulation...
[Graph3D] Simulation created, setting up event handlers...
[Graph3D] Data changed: {
  nodesLen: [33m3[39m,
  linksLen: [33m1[39m,
  key: [33m1776869811755[39m,
  timestamp: [33m1776869810752[39m
}
[Graph3D] Creating simulation: [33m3[39m nodes
[Graph3D] createGraphSimulation called: { hasObjectManager: [33mtrue[39m, hasScene: [33mtrue[39m, nodeCount: [33m3[39m, linkCount: [33m1[39m }
[Graph3D] Clearing existing objects...
[Graph3D] Calling createSimulation...
[Graph3D] Simulation created, setting up event handlers...
[Graph3D] Data changed: {
  nodesLen: [33m3[39m,
  linksLen: [33m1[39m,
  key: [33m1776869811791[39m,
  timestamp: [33m1776869810788[39m
}
[Graph3D] Creating simulation: [33m3[39m nodes
[Graph3D] createGraphSimulation called: { hasObjectManager: [33mtrue[39m, hasScene: [33mtrue[39m, nodeCount: [33m3[39m, linkCount: [33m1[39m }
[Graph3D] Clearing existing objects...
[Graph3D] Calling createSimulation...
[Graph3D] Simulation created, setting up event handlers...
[Graph3D] Data changed: {
  nodesLen: [33m3[39m,
  linksLen: [33m1[39m,
  key: [33m1776869811832[39m,
  timestamp: [33m1776869810829[39m
}
[Graph3D] Creating simulation: [33m3[39m nodes
[Graph3D] createGraphSimulation called: { hasObjectManager: [33mtrue[39m, hasScene: [33mtrue[39m, nodeCount: [33m3[39m, linkCount: [33m1[39m }
[Graph3D] Clearing existing objects...
[Graph3D] Calling createSimulation...
[Graph3D] Simulation created, setting up event handlers...
[Graph3D] Data changed: {
  nodesLen: [33m3[39m,
  linksLen: [33m1[39m,
  key: [33m1776869811876[39m,
  timestamp: [33m1776869810873[39m
}
[Graph3D] Creating simulation: [33m3[39m nodes
[Graph3D] createGraphSimulation called: { hasObjectManager: [33mtrue[39m, hasScene: [33mtrue[39m, nodeCount: [33m3[39m, linkCount: [33m1[39m }
[Graph3D] Clearing existing objects...
[Graph3D] Calling createSimulation...
[Graph3D] Simulation created, setting up event handlers...
[Graph3D] Data changed: {
  nodesLen: [33m3[39m,
  linksLen: [33m1[39m,
  key: [33m1776869811912[39m,
  timestamp: [33m1776869810909[39m
}
[Graph3D] Creating simulation: [33m3[39m nodes
[Graph3D] createGraphSimulation called: { hasObjectManager: [33mtrue[39m, hasScene: [33mtrue[39m, nodeCount: [33m3[39m, linkCount: [33m1[39m }
[Graph3D] Clearing existing objects...
[Graph3D] Calling createSimulation...
[Graph3D] Simulation created, setting up event handlers...
[Graph3D] Data changed: {
  nodesLen: [33m3[39m,
  linksLen: [33m1[39m,
  key: [33m1776869811946[39m,
  timestamp: [33m1776869810943[39m
}
[Graph3D] Creating simulation: [33m3[39m nodes
[Graph3D] createGraphSimulation called: { hasObjectManager: [33mtrue[39m, hasScene: [33mtrue[39m, nodeCount: [33m3[39m, linkCount: [33m1[39m }
[Graph3D] Clearing existing objects...
[Graph3D] Calling createSimulation...
[Graph3D] Simulation created, setting up event handlers...
[Graph3D] Data changed: {
  nodesLen: [33m3[39m,
  linksLen: [33m1[39m,
  key: [33m1776869811984[39m,
  timestamp: [33m1776869810981[39m
}
[Graph3D] Creating simulation: [33m3[39m nodes
[Graph3D] createGraphSimulation called: { hasObjectManager: [33mtrue[39m, hasScene: [33mtrue[39m, nodeCount: [33m3[39m, linkCount: [33m1[39m }
[Graph3D] Clearing existing objects...
[Graph3D] Calling createSimulation...
[Graph3D] Simulation created, setting up event handlers...
[Graph3D] Data changed: {
  nodesLen: [33m3[39m,
  linksLen: [33m1[39m,
  key: [33m1776869812026[39m,
  timestamp: [33m1776869811023[39m
}
[Graph3D] Creating simulation: [33m3[39m nodes
[Graph3D] createGraphSimulation called: { hasObjectManager: [33mtrue[39m, hasScene: [33mtrue[39m, nodeCount: [33m3[39m, linkCount: [33m1[39m }
[Graph3D] Clearing existing objects...
[Graph3D] Calling createSimulation...
[Graph3D] Simulation created, setting up event handlers...
[Graph3D] Data changed: {
  nodesLen: [33m3[39m,
  linksLen: [33m1[39m,
  key: [33m1776869812067[39m,
  timestamp: [33m1776869811064[39m
}
[Graph3D] Creating simulation: [33m3[39m nodes
[Graph3D] createGraphSimulation called: { hasObjectManager: [33mtrue[39m, hasScene: [33mtrue[39m, nodeCount: [33m3[39m, linkCount: [33m1[39m }
[Graph3D] Clearing existing objects...
[Graph3D] Calling createSimulation...
[Graph3D] Simulation created, setting up event handlers...
[Graph3D] Data changed: {
  nodesLen: [33m3[39m,
  linksLen: [33m1[39m,
  key: [33m1776869812109[39m,
  timestamp: [33m1776869811106[39m
}
[Graph3D] Creating simulation: [33m3[39m nodes
[Graph3D] createGraphSimulation called: { hasObjectManager: [33mtrue[39m, hasScene: [33mtrue[39m, nodeCount: [33m3[39m, linkCount: [33m1[39m }
[Graph3D] Clearing existing objects...
[Graph3D] Calling createSimulation...
[Graph3D] Simulation created, setting up event handlers...
[Graph3D] Data changed: {
  nodesLen: [33m3[39m,
  linksLen: [33m1[39m,
  key: [33m1776869812150[39m,
  timestamp: [33m1776869811147[39m
}
[Graph3D] Creating simulation: [33m3[39m nodes
[Graph3D] createGraphSimulation called: { hasObjectManager: [33mtrue[39m, hasScene: [33mtrue[39m, nodeCount: [33m3[39m, linkCount: [33m1[39m }
[Graph3D] Clearing existing objects...
[Graph3D] Calling createSimulation...
[Graph3D] Simulation created, setting up event handlers...
[Graph3D] Data changed: {
  nodesLen: [33m3[39m,
  linksLen: [33m1[39m,
  key: [33m1776869812187[39m,
  timestamp: [33m1776869811184[39m
}
[Graph3D] Creating simulation: [33m3[39m nodes
[Graph3D] createGraphSimulation called: { hasObjectManager: [33mtrue[39m, hasScene: [33mtrue[39m, nodeCount: [33m3[39m, linkCount: [33m1[39m }
[Graph3D] Clearing existing objects...
[Graph3D] Calling createSimulation...
[Graph3D] Simulation created, setting up event handlers...
[Graph3D] Data changed: {
  nodesLen: [33m3[39m,
  linksLen: [33m1[39m,
  key: [33m1776869812227[39m,
  timestamp: [33m1776869811224[39m
}
[Graph3D] Creating simulation: [33m3[39m nodes
[Graph3D] createGraphSimulation called: { hasObjectManager: [33mtrue[39m, hasScene: [33mtrue[39m, nodeCount: [33m3[39m, linkCount: [33m1[39m }
[Graph3D] Clearing existing objects...
[Graph3D] Calling createSimulation...
[Graph3D] Simulation created, setting up event handlers...
[Graph3D] Data changed: {
  nodesLen: [33m3[39m,
  linksLen: [33m1[39m,
  key: [33m1776869812262[39m,
  timestamp: [33m1776869811259[39m
}
[Graph3D] Creating simulation: [33m3[39m nodes
[Graph3D] createGraphSimulation called: { hasObjectManager: [33mtrue[39m, hasScene: [33mtrue[39m, nodeCount: [33m3[39m, linkCount: [33m1[39m }
[Graph3D] Clearing existing objects...
[Graph3D] Calling createSimulation...
[Graph3D] Simulation created, setting up event handlers...
[Graph3D] Data changed: {
  nodesLen: [33m3[39m,
  linksLen: [33m1[39m,
  key: [33m1776869812300[39m,
  timestamp: [33m1776869811297[39m
}
[Graph3D] Creating simulation: [33m3[39m nodes
[Graph3D] createGraphSimulation called: { hasObjectManager: [33mtrue[39m, hasScene: [33mtrue[39m, nodeCount: [33m3[39m, linkCount: [33m1[39m }
[Graph3D] Clearing existing objects...
[Graph3D] Calling createSimulation...
[Graph3D] Simulation created, setting up event handlers...
[Graph3D] Data changed: {
  nodesLen: [33m3[39m,
  linksLen: [33m1[39m,
  key: [33m1776869812337[39m,
  timestamp: [33m1776869811334[39m
}
[Graph3D] Creating simulation: [33m3[39m nodes
[Graph3D] createGraphSimulation called: { hasObjectManager: [33mtrue[39m, hasScene: [33mtrue[39m, nodeCount: [33m3[39m, linkCount: [33m1[39m }
[Graph3D] Clearing existing objects...
[Graph3D] Calling createSimulation...
[Graph3D] Simulation created, setting up event handlers...
[Graph3D] Data changed: {
  nodesLen: [33m3[39m,
  linksLen: [33m1[39m,
  key: [33m1776869812380[39m,
  timestamp: [33m1776869811377[39m
}
[Graph3D] Creating simulation: [33m3[39m nodes
[Graph3D] createGraphSimulation called: { hasObjectManager: [33mtrue[39m, hasScene: [33mtrue[39m, nodeCount: [33m3[39m, linkCount: [33m1[39m }
[Graph3D] Clearing existing objects...
[Graph3D] Calling createSimulation...
[Graph3D] Simulation created, setting up event handlers...
[Graph3D] Data changed: {
  nodesLen: [33m3[39m,
  linksLen: [33m1[39m,
  key: [33m1776869812415[39m,
  timestamp: [33m1776869811412[39m
}
[Graph3D] Creating simulation: [33m3[39m nodes
[Graph3D] createGraphSimulation called: { hasObjectManager: [33mtrue[39m, hasScene: [33mtrue[39m, nodeCount: [33m3[39m, linkCount: [33m1[39m }
[Graph3D] Clearing existing objects...
[Graph3D] Calling createSimulation...
[Graph3D] Simulation created, setting up event handlers...
[Graph3D] Data changed: {
  nodesLen: [33m3[39m,
  linksLen: [33m1[39m,
  key: [33m1776869812455[39m,
  timestamp: [33m1776869811452[39m
}
[Graph3D] Creating simulation: [33m3[39m nodes
[Graph3D] createGraphSimulation called: { hasObjectManager: [33mtrue[39m, hasScene: [33mtrue[39m, nodeCount: [33m3[39m, linkCount: [33m1[39m }
[Graph3D] Clearing existing objects...
[Graph3D] Calling createSimulation...
[Graph3D] Simulation created, setting up event handlers...
[Graph3D] Data changed: {
  nodesLen: [33m3[39m,
  linksLen: [33m1[39m,
  key: [33m1776869812505[39m,
  timestamp: [33m1776869811502[39m
}
[Graph3D] Creating simulation: [33m3[39m nodes
[Graph3D] createGraphSimulation called: { hasObjectManager: [33mtrue[39m, hasScene: [33mtrue[39m, nodeCount: [33m3[39m, linkCount: [33m1[39m }
[Graph3D] Clearing existing objects...
[Graph3D] Calling createSimulation...
[Graph3D] Simulation created, setting up event handlers...
[Graph3D] Data changed: {
  nodesLen: [33m3[39m,
  linksLen: [33m1[39m,
  key: [33m1776869812546[39m,
  timestamp: [33m1776869811543[39m
}
[Graph3D] Creating simulation: [33m3[39m nodes
[Graph3D] createGraphSimulation called: { hasObjectManager: [33mtrue[39m, hasScene: [33mtrue[39m, nodeCount: [33m3[39m, linkCount: [33m1[39m }
[Graph3D] Clearing existing objects...
[Graph3D] Calling createSimulation...
[Graph3D] Simulation created, setting up event handlers...
[Graph3D] Data changed: {
  nodesLen: [33m3[39m,
  linksLen: [33m1[39m,
  key: [33m1776869812587[39m,
  timestamp: [33m1776869811584[39m
}
[Graph3D] Creating simulation: [33m3[39m nodes
[Graph3D] createGraphSimulation called: { hasObjectManager: [33mtrue[39m, hasScene: [33mtrue[39m, nodeCount: [33m3[39m, linkCount: [33m1[39m }
[Graph3D] Clearing existing objects...
[Graph3D] Calling createSimulation...
[Graph3D] Simulation created, setting up event handlers...
[Graph3D] Data changed: {
  nodesLen: [33m3[39m,
  linksLen: [33m1[39m,
  key: [33m1776869812625[39m,
  timestamp: [33m1776869811622[39m
}
[Graph3D] Creating simulation: [33m3[39m nodes
[Graph3D] createGraphSimulation called: { hasObjectManager: [33mtrue[39m, hasScene: [33mtrue[39m, nodeCount: [33m3[39m, linkCount: [33m1[39m }
[Graph3D] Clearing existing objects...
[Graph3D] Calling createSimulation...
[Graph3D] Simulation created, setting up event handlers...
[Graph3D] Data changed: {
  nodesLen: [33m3[39m,
  linksLen: [33m1[39m,
  key: [33m1776869812659[39m,
  timestamp: [33m1776869811656[39m
}
[Graph3D] Creating simulation: [33m3[39m nodes
[Graph3D] createGraphSimulation called: { hasObjectManager: [33mtrue[39m, hasScene: [33mtrue[39m, nodeCount: [33m3[39m, linkCount: [33m1[39m }
[Graph3D] Clearing existing objects...
[Graph3D] Calling createSimulation...
[Graph3D] Simulation created, setting up event handlers...
[Graph3D] Data changed: {
  nodesLen: [33m3[39m,
  linksLen: [33m1[39m,
  key: [33m1776869812701[39m,
  timestamp: [33m1776869811698[39m
}
[Graph3D] Creating simulation: [33m3[39m nodes
[Graph3D] createGraphSimulation called: { hasObjectManager: [33mtrue[39m, hasScene: [33mtrue[39m, nodeCount: [33m3[39m, linkCount: [33m1[39m }
[Graph3D] Clearing existing objects...
[Graph3D] Calling createSimulation...
[Graph3D] Simulation created, setting up event handlers...
[Graph3D] Data changed: {
  nodesLen: [33m3[39m,
  linksLen: [33m1[39m,
  key: [33m1776869812740[39m,
  timestamp: [33m1776869811737[39m
}
[Graph3D] Creating simulation: [33m3[39m nodes
[Graph3D] createGraphSimulation called: { hasObjectManager: [33mtrue[39m, hasScene: [33mtrue[39m, nodeCount: [33m3[39m, linkCount: [33m1[39m }
[Graph3D] Clearing existing objects...
[Graph3D] Calling createSimulation...
[Graph3D] Simulation created, setting up event handlers...
[Graph3D] Data changed: {
  nodesLen: [33m3[39m,
  linksLen: [33m1[39m,
  key: [33m1776869812776[39m,
  timestamp: [33m1776869811773[39m
}
[Graph3D] Creating simulation: [33m3[39m nodes
[Graph3D] createGraphSimulation called: { hasObjectManager: [33mtrue[39m, hasScene: [33mtrue[39m, nodeCount: [33m3[39m, linkCount: [33m1[39m }
[Graph3D] Clearing existing objects...
[Graph3D] Calling createSimulation...
[Graph3D] Simulation created, setting up event handlers...
[Graph3D] Data changed: {
  nodesLen: [33m3[39m,
  linksLen: [33m1[39m,
  key: [33m1776869812814[39m,
  timestamp: [33m1776869811811[39m
}
[Graph3D] Creating simulation: [33m3[39m nodes
[Graph3D] createGraphSimulation called: { hasObjectManager: [33mtrue[39m, hasScene: [33mtrue[39m, nodeCount: [33m3[39m, linkCount: [33m1[39m }
[Graph3D] Clearing existing objects...
[Graph3D] Calling createSimulation...
[Graph3D] Simulation created, setting up event handlers...
[Graph3D] Data changed: {
  nodesLen: [33m3[39m,
  linksLen: [33m1[39m,
  key: [33m1776869812847[39m,
  timestamp: [33m1776869811844[39m
}
[Graph3D] Creating simulation: [33m3[39m nodes
[Graph3D] createGraphSimulation called: { hasObjectManager: [33mtrue[39m, hasScene: [33mtrue[39m, nodeCount: [33m3[39m, linkCount: [33m1[39m }
[Graph3D] Clearing existing objects...
[Graph3D] Calling createSimulation...
[Graph3D] Simulation created, setting up event handlers...
[Graph3D] Data changed: {
  nodesLen: [33m3[39m,
  linksLen: [33m1[39m,
  key: [33m1776869812886[39m,
  timestamp: [33m1776869811883[39m
}
[Graph3D] Creating simulation: [33m3[39m nodes
[Graph3D] createGraphSimulation called: { hasObjectManager: [33mtrue[39m, hasScene: [33mtrue[39m, nodeCount: [33m3[39m, linkCount: [33m1[39m }
[Graph3D] Clearing existing objects...
[Graph3D] Calling createSimulation...
[Graph3D] Simulation created, setting up event handlers...
[Graph3D] Data changed: {
  nodesLen: [33m3[39m,
  linksLen: [33m1[39m,
  key: [33m1776869812922[39m,
  timestamp: [33m1776869811919[39m
}
[Graph3D] Creating simulation: [33m3[39m nodes
[Graph3D] createGraphSimulation called: { hasObjectManager: [33mtrue[39m, hasScene: [33mtrue[39m, nodeCount: [33m3[39m, linkCount: [33m1[39m }
[Graph3D] Clearing existing objects...
[Graph3D] Calling createSimulation...
[Graph3D] Simulation created, setting up event handlers...
[Graph3D] Data changed: {
  nodesLen: [33m3[39m,
  linksLen: [33m1[39m,
  key: [33m1776869812963[39m,
  timestamp: [33m1776869811960[39m
}
[Graph3D] Creating simulation: [33m3[39m nodes
[Graph3D] createGraphSimulation called: { hasObjectManager: [33mtrue[39m, hasScene: [33mtrue[39m, nodeCount: [33m3[39m, linkCount: [33m1[39m }
[Graph3D] Clearing existing objects...
[Graph3D] Calling createSimulation...
[Graph3D] Simulation created, setting up event handlers...
[Graph3D] Data changed: {
  nodesLen: [33m3[39m,
  linksLen: [33m1[39m,
  key: [33m1776869813001[39m,
  timestamp: [33m1776869811998[39m
}
[Graph3D] Creating simulation: [33m3[39m nodes
[Graph3D] createGraphSimulation called: { hasObjectManager: [33mtrue[39m, hasScene: [33mtrue[39m, nodeCount: [33m3[39m, linkCount: [33m1[39m }
[Graph3D] Clearing existing objects...
[Graph3D] Calling createSimulation...
[Graph3D] Simulation created, setting up event handlers...
[Graph3D] Data changed: {
  nodesLen: [33m3[39m,
  linksLen: [33m1[39m,
  key: [33m1776869813040[39m,
  timestamp: [33m1776869812037[39m
}
[Graph3D] Creating simulation: [33m3[39m nodes
[Graph3D] createGraphSimulation called: { hasObjectManager: [33mtrue[39m, hasScene: [33mtrue[39m, nodeCount: [33m3[39m, linkCount: [33m1[39m }
[Graph3D] Clearing existing objects...
[Graph3D] Calling createSimulation...
[Graph3D] Simulation created, setting up event handlers...
[Graph3D] Data changed: {
  nodesLen: [33m3[39m,
  linksLen: [33m1[39m,
  key: [33m1776869813084[39m,
  timestamp: [33m1776869812081[39m
}
[Graph3D] Creating simulation: [33m3[39m nodes
[Graph3D] createGraphSimulation called: { hasObjectManager: [33mtrue[39m, hasScene: [33mtrue[39m, nodeCount: [33m3[39m, linkCount: [33m1[39m }
[Graph3D] Clearing existing objects...
[Graph3D] Calling createSimulation...
[Graph3D] Simulation created, setting up event handlers...
[Graph3D] Data changed: {
  nodesLen: [33m3[39m,
  linksLen: [33m1[39m,
  key: [33m1776869813122[39m,
  timestamp: [33m1776869812119[39m
}
[Graph3D] Creating simulation: [33m3[39m nodes
[Graph3D] createGraphSimulation called: { hasObjectManager: [33mtrue[39m, hasScene: [33mtrue[39m, nodeCount: [33m3[39m, linkCount: [33m1[39m }
[Graph3D] Clearing existing objects...
[Graph3D] Calling createSimulation...
[Graph3D] Simulation created, setting up event handlers...
[Graph3D] Data changed: {
  nodesLen: [33m3[39m,
  linksLen: [33m1[39m,
  key: [33m1776869813161[39m,
  timestamp: [33m1776869812158[39m
}
[Graph3D] Creating simulation: [33m3[39m nodes
[Graph3D] createGraphSimulation called: { hasObjectManager: [33mtrue[39m, hasScene: [33mtrue[39m, nodeCount: [33m3[39m, linkCount: [33m1[39m }
[Graph3D] Clearing existing objects...
[Graph3D] Calling createSimulation...
[Graph3D] Simulation created, setting up event handlers...
[Graph3D] Data changed: {
  nodesLen: [33m3[39m,
  linksLen: [33m1[39m,
  key: [33m1776869813202[39m,
  timestamp: [33m1776869812199[39m
}
[Graph3D] Creating simulation: [33m3[39m nodes
[Graph3D] createGraphSimulation called: { hasObjectManager: [33mtrue[39m, hasScene: [33mtrue[39m, nodeCount: [33m3[39m, linkCount: [33m1[39m }
[Graph3D] Clearing existing objects...
[Graph3D] Calling createSimulation...
[Graph3D] Simulation created, setting up event handlers...
[Graph3D] Data changed: {
  nodesLen: [33m3[39m,
  linksLen: [33m1[39m,
  key: [33m1776869813246[39m,
  timestamp: [33m1776869812243[39m
}
[Graph3D] Creating simulation: [33m3[39m nodes
[Graph3D] createGraphSimulation called: { hasObjectManager: [33mtrue[39m, hasScene: [33mtrue[39m, nodeCount: [33m3[39m, linkCount: [33m1[39m }
[Graph3D] Clearing existing objects...
[Graph3D] Calling createSimulation...
[Graph3D] Simulation created, setting up event handlers...
[Graph3D] Data changed: {
  nodesLen: [33m3[39m,
  linksLen: [33m1[39m,
  key: [33m1776869813286[39m,
  timestamp: [33m1776869812283[39m
}
[Graph3D] Creating simulation: [33m3[39m nodes
[Graph3D] createGraphSimulation called: { hasObjectManager: [33mtrue[39m, hasScene: [33mtrue[39m, nodeCount: [33m3[39m, linkCount: [33m1[39m }
[Graph3D] Clearing existing objects...
[Graph3D] Calling createSimulation...
[Graph3D] Simulation created, setting up event handlers...
[Graph3D] Data changed: {
  nodesLen: [33m3[39m,
  linksLen: [33m1[39m,
  key: [33m1776869813334[39m,
  timestamp: [33m1776869812331[39m
}
[Graph3D] Creating simulation: [33m3[39m nodes
[Graph3D] createGraphSimulation called: { hasObjectManager: [33mtrue[39m, hasScene: [33mtrue[39m, nodeCount: [33m3[39m, linkCount: [33m1[39m }
[Graph3D] Clearing existing objects...
[Graph3D] Calling createSimulation...
[Graph3D] Simulation created, setting up event handlers...
[Graph3D] Data changed: {
  nodesLen: [33m3[39m,
  linksLen: [33m1[39m,
  key: [33m1776869813384[39m,
  timestamp: [33m1776869812381[39m
}
[Graph3D] Creating simulation: [33m3[39m nodes
[Graph3D] createGraphSimulation called: { hasObjectManager: [33mtrue[39m, hasScene: [33mtrue[39m, nodeCount: [33m3[39m, linkCount: [33m1[39m }
[Graph3D] Clearing existing objects...
[Graph3D] Calling createSimulation...
[Graph3D] Simulation created, setting up event handlers...
[Graph3D] Data changed: {
  nodesLen: [33m3[39m,
  linksLen: [33m1[39m,
  key: [33m1776869813421[39m,
  timestamp: [33m1776869812418[39m
}
[Graph3D] Creating simulation: [33m3[39m nodes
[Graph3D] createGraphSimulation called: { hasObjectManager: [33mtrue[39m, hasScene: [33mtrue[39m, nodeCount: [33m3[39m, linkCount: [33m1[39m }
[Graph3D] Clearing existing objects...
[Graph3D] Calling createSimulation...
[Graph3D] Simulation created, setting up event handlers...
[Graph3D] Data changed: {
  nodesLen: [33m3[39m,
  linksLen: [33m1[39m,
  key: [33m1776869813461[39m,
  timestamp: [33m1776869812458[39m
}
[Graph3D] Creating simulation: [33m3[39m nodes
[Graph3D] createGraphSimulation called: { hasObjectManager: [33mtrue[39m, hasScene: [33mtrue[39m, nodeCount: [33m3[39m, linkCount: [33m1[39m }
[Graph3D] Clearing existing objects...
[Graph3D] Calling createSimulation...
[Graph3D] Simulation created, setting up event handlers...
[Graph3D] Data changed: {
  nodesLen: [33m3[39m,
  linksLen: [33m1[39m,
  key: [33m1776869813503[39m,
  timestamp: [33m1776869812500[39m
}
[Graph3D] Creating simulation: [33m3[39m nodes
[Graph3D] createGraphSimulation called: { hasObjectManager: [33mtrue[39m, hasScene: [33mtrue[39m, nodeCount: [33m3[39m, linkCount: [33m1[39m }
[Graph3D] Clearing existing objects...
[Graph3D] Calling createSimulation...
[Graph3D] Simulation created, setting up event handlers...
[Graph3D] Data changed: {
  nodesLen: [33m3[39m,
  linksLen: [33m1[39m,
  key: [33m1776869813547[39m,
  timestamp: [33m1776869812544[39m
}
[Graph3D] Creating simulation: [33m3[39m nodes
[Graph3D] createGraphSimulation called: { hasObjectManager: [33mtrue[39m, hasScene: [33mtrue[39m, nodeCount: [33m3[39m, linkCount: [33m1[39m }
[Graph3D] Clearing existing objects...
[Graph3D] Calling createSimulation...
[Graph3D] Simulation created, setting up event handlers...
[Graph3D] Data changed: {
  nodesLen: [33m3[39m,
  linksLen: [33m1[39m,
  key: [33m1776869813591[39m,
  timestamp: [33m1776869812588[39m
}
[Graph3D] Creating simulation: [33m3[39m nodes
[Graph3D] createGraphSimulation called: { hasObjectManager: [33mtrue[39m, hasScene: [33mtrue[39m, nodeCount: [33m3[39m, linkCount: [33m1[39m }
[Graph3D] Clearing existing objects...
[Graph3D] Calling createSimulation...
[Graph3D] Simulation created, setting up event handlers...
[Graph3D] Data changed: {
  nodesLen: [33m3[39m,
  linksLen: [33m1[39m,
  key: [33m1776869813629[39m,
  timestamp: [33m1776869812626[39m
}
[Graph3D] Creating simulation: [33m3[39m nodes
[Graph3D] createGraphSimulation called: { hasObjectManager: [33mtrue[39m, hasScene: [33mtrue[39m, nodeCount: [33m3[39m, linkCount: [33m1[39m }
[Graph3D] Clearing existing objects...
[Graph3D] Calling createSimulation...
[Graph3D] Simulation created, setting up event handlers...
[Graph3D] Data changed: {
  nodesLen: [33m3[39m,
  linksLen: [33m1[39m,
  key: [33m1776869813670[39m,
  timestamp: [33m1776869812667[39m
}
[Graph3D] Creating simulation: [33m3[39m nodes
[Graph3D] createGraphSimulation called: { hasObjectManager: [33mtrue[39m, hasScene: [33mtrue[39m, nodeCount: [33m3[39m, linkCount: [33m1[39m }
[Graph3D] Clearing existing objects...
[Graph3D] Calling createSimulation...
[Graph3D] Simulation created, setting up event handlers...
[Graph3D] Data changed: {
  nodesLen: [33m3[39m,
  linksLen: [33m1[39m,
  key: [33m1776869813708[39m,
  timestamp: [33m1776869812705[39m
}
[Graph3D] Creating simulation: [33m3[39m nodes
[Graph3D] createGraphSimulation called: { hasObjectManager: [33mtrue[39m, hasScene: [33mtrue[39m, nodeCount: [33m3[39m, linkCount: [33m1[39m }
[Graph3D] Clearing existing objects...
[Graph3D] Calling createSimulation...
[Graph3D] Simulation created, setting up event handlers...
[Graph3D] Data changed: {
  nodesLen: [33m3[39m,
  linksLen: [33m1[39m,
  key: [33m1776869813755[39m,
  timestamp: [33m1776869812752[39m
}
[Graph3D] Creating simulation: [33m3[39m nodes
[Graph3D] createGraphSimulation called: { hasObjectManager: [33mtrue[39m, hasScene: [33mtrue[39m, nodeCount: [33m3[39m, linkCount: [33m1[39m }
[Graph3D] Clearing existing objects...
[Graph3D] Calling createSimulation...
[Graph3D] Simulation created, setting up event handlers...
[Graph3D] Data changed: {
  nodesLen: [33m3[39m,
  linksLen: [33m1[39m,
  key: [33m1776869813799[39m,
  timestamp: [33m1776869812796[39m
}
[Graph3D] Creating simulation: [33m3[39m nodes
[Graph3D] createGraphSimulation called: { hasObjectManager: [33mtrue[39m, hasScene: [33mtrue[39m, nodeCount: [33m3[39m, linkCount: [33m1[39m }
[Graph3D] Clearing existing objects...
[Graph3D] Calling createSimulation...
[Graph3D] Simulation created, setting up event handlers...
[Graph3D] Data changed: {
  nodesLen: [33m3[39m,
  linksLen: [33m1[39m,
  key: [33m1776869813845[39m,
  timestamp: [33m1776869812842[39m
}
[Graph3D] Creating simulation: [33m3[39m nodes
[Graph3D] createGraphSimulation called: { hasObjectManager: [33mtrue[39m, hasScene: [33mtrue[39m, nodeCount: [33m3[39m, linkCount: [33m1[39m }
[Graph3D] Clearing existing objects...
[Graph3D] Calling createSimulation...
[Graph3D] Simulation created, setting up event handlers...
[Graph3D] Data changed: {
  nodesLen: [33m3[39m,
  linksLen: [33m1[39m,
  key: [33m1776869813894[39m,
  timestamp: [33m1776869812891[39m
}
[Graph3D] Creating simulation: [33m3[39m nodes
[Graph3D] createGraphSimulation called: { hasObjectManager: [33mtrue[39m, hasScene: [33mtrue[39m, nodeCount: [33m3[39m, linkCount: [33m1[39m }
[Graph3D] Clearing existing objects...
[Graph3D] Calling createSimulation...
[Graph3D] Simulation created, setting up event handlers...
[Graph3D] Data changed: {
  nodesLen: [33m3[39m,
  linksLen: [33m1[39m,
  key: [33m1776869813939[39m,
  timestamp: [33m1776869812936[39m
}
[Graph3D] Creating simulation: [33m3[39m nodes
[Graph3D] createGraphSimulation called: { hasObjectManager: [33mtrue[39m, hasScene: [33mtrue[39m, nodeCount: [33m3[39m, linkCount: [33m1[39m }
[Graph3D] Clearing existing objects...
[Graph3D] Calling createSimulation...
[Graph3D] Simulation created, setting up event handlers...
[Graph3D] Data changed: {
  nodesLen: [33m3[39m,
  linksLen: [33m1[39m,
  key: [33m1776869813990[39m,
  timestamp: [33m1776869812987[39m
}
[Graph3D] Creating simulation: [33m3[39m nodes
[Graph3D] createGraphSimulation called: { hasObjectManager: [33mtrue[39m, hasScene: [33mtrue[39m, nodeCount: [33m3[39m, linkCount: [33m1[39m }
[Graph3D] Clearing existing objects...
[Graph3D] Calling createSimulation...
[Graph3D] Simulation created, setting up event handlers...
[Graph3D] Data changed: {
  nodesLen: [33m3[39m,
  linksLen: [33m1[39m,
  key: [33m1776869814039[39m,
  timestamp: [33m1776869813036[39m
}
[Graph3D] Creating simulation: [33m3[39m nodes
[Graph3D] createGraphSimulation called: { hasObjectManager: [33mtrue[39m, hasScene: [33mtrue[39m, nodeCount: [33m3[39m, linkCount: [33m1[39m }
[Graph3D] Clearing existing objects...
[Graph3D] Calling createSimulation...
[Graph3D] Simulation created, setting up event handlers...
[Graph3D] Data changed: {
  nodesLen: [33m3[39m,
  linksLen: [33m1[39m,
  key: [33m1776869814089[39m,
  timestamp: [33m1776869813086[39m
}
[Graph3D] Creating simulation: [33m3[39m nodes
[Graph3D] createGraphSimulation called: { hasObjectManager: [33mtrue[39m, hasScene: [33mtrue[39m, nodeCount: [33m3[39m, linkCount: [33m1[39m }
[Graph3D] Clearing existing objects...
[Graph3D] Calling createSimulation...
[Graph3D] Simulation created, setting up event handlers...
[Graph3D] Data changed: {
  nodesLen: [33m3[39m,
  linksLen: [33m1[39m,
  key: [33m1776869814132[39m,
  timestamp: [33m1776869813129[39m
}
[Graph3D] Creating simulation: [33m3[39m nodes
[Graph3D] createGraphSimulation called: { hasObjectManager: [33mtrue[39m, hasScene: [33mtrue[39m, nodeCount: [33m3[39m, linkCount: [33m1[39m }
[Graph3D] Clearing existing objects...
[Graph3D] Calling createSimulation...
[Graph3D] Simulation created, setting up event handlers...
[Graph3D] Data changed: {
  nodesLen: [33m3[39m,
  linksLen: [33m1[39m,
  key: [33m1776869814195[39m,
  timestamp: [33m1776869813192[39m
}
[Graph3D] Creating simulation: [33m3[39m nodes
[Graph3D] createGraphSimulation called: { hasObjectManager: [33mtrue[39m, hasScene: [33mtrue[39m, nodeCount: [33m3[39m, linkCount: [33m1[39m }
[Graph3D] Clearing existing objects...
[Graph3D] Calling createSimulation...
[Graph3D] Simulation created, setting up event handlers...
[Graph3D] Data changed: {
  nodesLen: [33m3[39m,
  linksLen: [33m1[39m,
  key: [33m1776869814242[39m,
  timestamp: [33m1776869813239[39m
}
[Graph3D] Creating simulation: [33m3[39m nodes
[Graph3D] createGraphSimulation called: { hasObjectManager: [33mtrue[39m, hasScene: [33mtrue[39m, nodeCount: [33m3[39m, linkCount: [33m1[39m }
[Graph3D] Clearing existing objects...
[Graph3D] Calling createSimulation...
[Graph3D] Simulation created, setting up event handlers...
[Graph3D] Data changed: {
  nodesLen: [33m3[39m,
  linksLen: [33m1[39m,
  key: [33m1776869814281[39m,
  timestamp: [33m1776869813278[39m
}
[Graph3D] Creating simulation: [33m3[39m nodes
[Graph3D] createGraphSimulation called: { hasObjectManager: [33mtrue[39m, hasScene: [33mtrue[39m, nodeCount: [33m3[39m, linkCount: [33m1[39m }
[Graph3D] Clearing existing objects...
[Graph3D] Calling createSimulation...
[Graph3D] Simulation created, setting up event handlers...
[Graph3D] Data changed: {
  nodesLen: [33m3[39m,
  linksLen: [33m1[39m,
  key: [33m1776869814322[39m,
  timestamp: [33m1776869813319[39m
}
[Graph3D] Creating simulation: [33m3[39m nodes
[Graph3D] createGraphSimulation called: { hasObjectManager: [33mtrue[39m, hasScene: [33mtrue[39m, nodeCount: [33m3[39m, linkCount: [33m1[39m }
[Graph3D] Clearing existing objects...
[Graph3D] Calling createSimulation...
[Graph3D] Simulation created, setting up event handlers...
[Graph3D] Data changed: {
  nodesLen: [33m3[39m,
  linksLen: [33m1[39m,
  key: [33m1776869814371[39m,
  timestamp: [33m1776869813368[39m
}
[Graph3D] Creating simulation: [33m3[39m nodes
[Graph3D] createGraphSimulation called: { hasObjectManager: [33mtrue[39m, hasScene: [33mtrue[39m, nodeCount: [33m3[39m, linkCount: [33m1[39m }
[Graph3D] Clearing existing objects...
[Graph3D] Calling createSimulation...
[Graph3D] Simulation created, setting up event handlers...
[Graph3D] Data changed: {
  nodesLen: [33m3[39m,
  linksLen: [33m1[39m,
  key: [33m1776869814411[39m,
  timestamp: [33m1776869813408[39m
}
[Graph3D] Creating simulation: [33m3[39m nodes
[Graph3D] createGraphSimulation called: { hasObjectManager: [33mtrue[39m, hasScene: [33mtrue[39m, nodeCount: [33m3[39m, linkCount: [33m1[39m }
[Graph3D] Clearing existing objects...
[Graph3D] Calling createSimulation...
[Graph3D] Simulation created, setting up event handlers...
[Graph3D] Data changed: {
  nodesLen: [33m3[39m,
  linksLen: [33m1[39m,
  key: [33m1776869814454[39m,
  timestamp: [33m1776869813451[39m
}
[Graph3D] Creating simulation: [33m3[39m nodes
[Graph3D] createGraphSimulation called: { hasObjectManager: [33mtrue[39m, hasScene: [33mtrue[39m, nodeCount: [33m3[39m, linkCount: [33m1[39m }
[Graph3D] Clearing existing objects...
[Graph3D] Calling createSimulation...
[Graph3D] Simulation created, setting up event handlers...
[Graph3D] Data changed: {
  nodesLen: [33m3[39m,
  linksLen: [33m1[39m,
  key: [33m1776869814497[39m,
  timestamp: [33m1776869813494[39m
}
[Graph3D] Creating simulation: [33m3[39m nodes
[Graph3D] createGraphSimulation called: { hasObjectManager: [33mtrue[39m, hasScene: [33mtrue[39m, nodeCount: [33m3[39m, linkCount: [33m1[39m }
[Graph3D] Clearing existing objects...
[Graph3D] Calling createSimulation...
[Graph3D] Simulation created, setting up event handlers...
[Graph3D] Data changed: {
  nodesLen: [33m3[39m,
  linksLen: [33m1[39m,
  key: [33m1776869814541[39m,
  timestamp: [33m1776869813538[39m
}
[Graph3D] Creating simulation: [33m3[39m nodes
[Graph3D] createGraphSimulation called: { hasObjectManager: [33mtrue[39m, hasScene: [33mtrue[39m, nodeCount: [33m3[39m, linkCount: [33m1[39m }
[Graph3D] Clearing existing objects...
[Graph3D] Calling createSimulation...
[Graph3D] Simulation created, setting up event handlers...
[Graph3D] Data changed: {
  nodesLen: [33m3[39m,
  linksLen: [33m1[39m,
  key: [33m1776869814585[39m,
  timestamp: [33m1776869813582[39m
}
[Graph3D] Creating simulation: [33m3[39m nodes
[Graph3D] createGraphSimulation called: { hasObjectManager: [33mtrue[39m, hasScene: [33mtrue[39m, nodeCount: [33m3[39m, linkCount: [33m1[39m }
[Graph3D] Clearing existing objects...
[Graph3D] Calling createSimulation...
[Graph3D] Simulation created, setting up event handlers...
[Graph3D] Data changed: {
  nodesLen: [33m3[39m,
  linksLen: [33m1[39m,
  key: [33m1776869814626[39m,
  timestamp: [33m1776869813623[39m
}
[Graph3D] Creating simulation: [33m3[39m nodes
[Graph3D] createGraphSimulation called: { hasObjectManager: [33mtrue[39m, hasScene: [33mtrue[39m, nodeCount: [33m3[39m, linkCount: [33m1[39m }
[Graph3D] Clearing existing objects...
[Graph3D] Calling createSimulation...
[Graph3D] Simulation created, setting up event handlers...
[Graph3D] Data changed: {
  nodesLen: [33m3[39m,
  linksLen: [33m1[39m,
  key: [33m1776869814663[39m,
  timestamp: [33m1776869813660[39m
}
[Graph3D] Creating simulation: [33m3[39m nodes
[Graph3D] createGraphSimulation called: { hasObjectManager: [33mtrue[39m, hasScene: [33mtrue[39m, nodeCount: [33m3[39m, linkCount: [33m1[39m }
[Graph3D] Clearing existing objects...
[Graph3D] Calling createSimulation...
[Graph3D] Simulation created, setting up event handlers...
[Graph3D] Data changed: {
  nodesLen: [33m3[39m,
  linksLen: [33m1[39m,
  key: [33m1776869814706[39m,
  timestamp: [33m1776869813703[39m
}
[Graph3D] Creating simulation: [33m3[39m nodes
[Graph3D] createGraphSimulation called: { hasObjectManager: [33mtrue[39m, hasScene: [33mtrue[39m, nodeCount: [33m3[39m, linkCount: [33m1[39m }
[Graph3D] Clearing existing objects...
[Graph3D] Calling createSimulation...
[Graph3D] Simulation created, setting up event handlers...
[Graph3D] Data changed: {
  nodesLen: [33m3[39m,
  linksLen: [33m1[39m,
  key: [33m1776869814747[39m,
  timestamp: [33m1776869813744[39m
}
[Graph3D] Creating simulation: [33m3[39m nodes
[Graph3D] createGraphSimulation called: { hasObjectManager: [33mtrue[39m, hasScene: [33mtrue[39m, nodeCount: [33m3[39m, linkCount: [33m1[39m }
[Graph3D] Clearing existing objects...
[Graph3D] Calling createSimulation...
[Graph3D] Simulation created, setting up event handlers...
[Graph3D] Data changed: {
  nodesLen: [33m3[39m,
  linksLen: [33m1[39m,
  key: [33m1776869814789[39m,
  timestamp: [33m1776869813786[39m
}
[Graph3D] Creating simulation: [33m3[39m nodes
[Graph3D] createGraphSimulation called: { hasObjectManager: [33mtrue[39m, hasScene: [33mtrue[39m, nodeCount: [33m3[39m, linkCount: [33m1[39m }
[Graph3D] Clearing existing objects...
[Graph3D] Calling createSimulation...
[Graph3D] Simulation created, setting up event handlers...
[Graph3D] Data changed: {
  nodesLen: [33m3[39m,
  linksLen: [33m1[39m,
  key: [33m1776869814839[39m,
  timestamp: [33m1776869813836[39m
}
[Graph3D] Creating simulation: [33m3[39m nodes
[Graph3D] createGraphSimulation called: { hasObjectManager: [33mtrue[39m, hasScene: [33mtrue[39m, nodeCount: [33m3[39m, linkCount: [33m1[39m }
[Graph3D] Clearing existing objects...
[Graph3D] Calling createSimulation...
[Graph3D] Simulation created, setting up event handlers...
[Graph3D] Data changed: {
  nodesLen: [33m3[39m,
  linksLen: [33m1[39m,
  key: [33m1776869814879[39m,
  timestamp: [33m1776869813876[39m
}
[Graph3D] Creating simulation: [33m3[39m nodes
[Graph3D] createGraphSimulation called: { hasObjectManager: [33mtrue[39m, hasScene: [33mtrue[39m, nodeCount: [33m3[39m, linkCount: [33m1[39m }
[Graph3D] Clearing existing objects...
[Graph3D] Calling createSimulation...
[Graph3D] Simulation created, setting up event handlers...
[Graph3D] Data changed: {
  nodesLen: [33m3[39m,
  linksLen: [33m1[39m,
  key: [33m1776869814923[39m,
  timestamp: [33m1776869813920[39m
}
[Graph3D] Creating simulation: [33m3[39m nodes
[Graph3D] createGraphSimulation called: { hasObjectManager: [33mtrue[39m, hasScene: [33mtrue[39m, nodeCount: [33m3[39m, linkCount: [33m1[39m }
[Graph3D] Clearing existing objects...
[Graph3D] Calling createSimulation...
[Graph3D] Simulation created, setting up event handlers...
[Graph3D] Data changed: {
  nodesLen: [33m3[39m,
  linksLen: [33m1[39m,
  key: [33m1776869814985[39m,
  timestamp: [33m1776869813982[39m
}
[Graph3D] Creating simulation: [33m3[39m nodes
[Graph3D] createGraphSimulation called: { hasObjectManager: [33mtrue[39m, hasScene: [33mtrue[39m, nodeCount: [33m3[39m, linkCount: [33m1[39m }
[Graph3D] Clearing existing objects...
[Graph3D] Calling createSimulation...
[Graph3D] Simulation created, setting up event handlers...
[Graph3D] Data changed: {
  nodesLen: [33m3[39m,
  linksLen: [33m1[39m,
  key: [33m1776869815043[39m,
  timestamp: [33m1776869814040[39m
}
[Graph3D] Creating simulation: [33m3[39m nodes
[Graph3D] createGraphSimulation called: { hasObjectManager: [33mtrue[39m, hasScene: [33mtrue[39m, nodeCount: [33m3[39m, linkCount: [33m1[39m }
[Graph3D] Clearing existing objects...
[Graph3D] Calling createSimulation...
[Graph3D] Simulation created, setting up event handlers...
[Graph3D] Data changed: {
  nodesLen: [33m3[39m,
  linksLen: [33m1[39m,
  key: [33m1776869815103[39m,
  timestamp: [33m1776869814100[39m
}
[Graph3D] Creating simulation: [33m3[39m nodes
[Graph3D] createGraphSimulation called: { hasObjectManager: [33mtrue[39m, hasScene: [33mtrue[39m, nodeCount: [33m3[39m, linkCount: [33m1[39m }
[Graph3D] Clearing existing objects...
[Graph3D] Calling createSimulation...
[Graph3D] Simulation created, setting up event handlers...
[Graph3D] Data changed: {
  nodesLen: [33m3[39m,
  linksLen: [33m1[39m,
  key: [33m1776869815164[39m,
  timestamp: [33m1776869814161[39m
}
[Graph3D] Creating simulation: [33m3[39m nodes
[Graph3D] createGraphSimulation called: { hasObjectManager: [33mtrue[39m, hasScene: [33mtrue[39m, nodeCount: [33m3[39m, linkCount: [33m1[39m }
[Graph3D] Clearing existing objects...
[Graph3D] Calling createSimulation...
[Graph3D] Simulation created, setting up event handlers...
[Graph3D] Data changed: {
  nodesLen: [33m3[39m,
  linksLen: [33m1[39m,
  key: [33m1776869815208[39m,
  timestamp: [33m1776869814205[39m
}
[Graph3D] Creating simulation: [33m3[39m nodes
[Graph3D] createGraphSimulation called: { hasObjectManager: [33mtrue[39m, hasScene: [33mtrue[39m, nodeCount: [33m3[39m, linkCount: [33m1[39m }
[Graph3D] Clearing existing objects...
[Graph3D] Calling createSimulation...
[Graph3D] Simulation created, setting up event handlers...
[Graph3D] Data changed: {
  nodesLen: [33m3[39m,
  linksLen: [33m1[39m,
  key: [33m1776869815267[39m,
  timestamp: [33m1776869814264[39m
}
[Graph3D] Creating simulation: [33m3[39m nodes
[Graph3D] createGraphSimulation called: { hasObjectManager: [33mtrue[39m, hasScene: [33mtrue[39m, nodeCount: [33m3[39m, linkCount: [33m1[39m }
[Graph3D] Clearing existing objects...
[Graph3D] Calling createSimulation...
[Graph3D] Simulation created, setting up event handlers...
[Graph3D] Data changed: {
  nodesLen: [33m3[39m,
  linksLen: [33m1[39m,
  key: [33m1776869815331[39m,
  timestamp: [33m1776869814328[39m
}
[Graph3D] Creating simulation: [33m3[39m nodes
[Graph3D] createGraphSimulation called: { hasObjectManager: [33mtrue[39m, hasScene: [33mtrue[39m, nodeCount: [33m3[39m, linkCount: [33m1[39m }
[Graph3D] Clearing existing objects...
[Graph3D] Calling createSimulation...
[Graph3D] Simulation created, setting up event handlers...
[Graph3D] Data changed: {
  nodesLen: [33m3[39m,
  linksLen: [33m1[39m,
  key: [33m1776869815390[39m,
  timestamp: [33m1776869814387[39m
}
[Graph3D] Creating simulation: [33m3[39m nodes
[Graph3D] createGraphSimulation called: { hasObjectManager: [33mtrue[39m, hasScene: [33mtrue[39m, nodeCount: [33m3[39m, linkCount: [33m1[39m }
[Graph3D] Clearing existing objects...
[Graph3D] Calling createSimulation...
[Graph3D] Simulation created, setting up event handlers...
[Graph3D] Data changed: {
  nodesLen: [33m3[39m,
  linksLen: [33m1[39m,
  key: [33m1776869815441[39m,
  timestamp: [33m1776869814438[39m
}
[Graph3D] Creating simulation: [33m3[39m nodes
[Graph3D] createGraphSimulation called: { hasObjectManager: [33mtrue[39m, hasScene: [33mtrue[39m, nodeCount: [33m3[39m, linkCount: [33m1[39m }
[Graph3D] Clearing existing objects...
[Graph3D] Calling createSimulation...
[Graph3D] Simulation created, setting up event handlers...
[Graph3D] Data changed: {
  nodesLen: [33m3[39m,
  linksLen: [33m1[39m,
  key: [33m1776869815501[39m,
  timestamp: [33m1776869814498[39m
}
[Graph3D] Creating simulation: [33m3[39m nodes
[Graph3D] createGraphSimulation called: { hasObjectManager: [33mtrue[39m, hasScene: [33mtrue[39m, nodeCount: [33m3[39m, linkCount: [33m1[39m }
[Graph3D] Clearing existing objects...
[Graph3D] Calling createSimulation...
[Graph3D] Simulation created, setting up event handlers...
[Graph3D] Data changed: {
  nodesLen: [33m3[39m,
  linksLen: [33m1[39m,
  key: [33m1776869815556[39m,
  timestamp: [33m1776869814553[39m
}
[Graph3D] Creating simulation: [33m3[39m nodes
[Graph3D] createGraphSimulation called: { hasObjectManager: [33mtrue[39m, hasScene: [33mtrue[39m, nodeCount: [33m3[39m, linkCount: [33m1[39m }
[Graph3D] Clearing existing objects...
[Graph3D] Calling createSimulation...
[Graph3D] Simulation created, setting up event handlers...
[Graph3D] Data changed: {
  nodesLen: [33m3[39m,
  linksLen: [33m1[39m,
  key: [33m1776869815612[39m,
  timestamp: [33m1776869814609[39m
}
[Graph3D] Creating simulation: [33m3[39m nodes
[Graph3D] createGraphSimulation called: { hasObjectManager: [33mtrue[39m, hasScene: [33mtrue[39m, nodeCount: [33m3[39m, linkCount: [33m1[39m }
[Graph3D] Clearing existing objects...
[Graph3D] Calling createSimulation...
[Graph3D] Simulation created, setting up event handlers...
[Graph3D] Data changed: {
  nodesLen: [33m3[39m,
  linksLen: [33m1[39m,
  key: [33m1776869815656[39m,
  timestamp: [33m1776869814653[39m
}
[Graph3D] Creating simulation: [33m3[39m nodes
[Graph3D] createGraphSimulation called: { hasObjectManager: [33mtrue[39m, hasScene: [33mtrue[39m, nodeCount: [33m3[39m, linkCount: [33m1[39m }
[Graph3D] Clearing existing objects...
[Graph3D] Calling createSimulation...
[Graph3D] Simulation created, setting up event handlers...
[Graph3D] Data changed: {
  nodesLen: [33m3[39m,
  linksLen: [33m1[39m,
  key: [33m1776869815702[39m,
  timestamp: [33m1776869814699[39m
}
[Graph3D] Creating simulation: [33m3[39m nodes
[Graph3D] createGraphSimulation called: { hasObjectManager: [33mtrue[39m, hasScene: [33mtrue[39m, nodeCount: [33m3[39m, linkCount: [33m1[39m }
[Graph3D] Clearing existing objects...
[Graph3D] Calling createSimulation...
[Graph3D] Simulation created, setting up event handlers...
[Graph3D] Data changed: {
  nodesLen: [33m3[39m,
  linksLen: [33m1[39m,
  key: [33m1776869815754[39m,
  timestamp: [33m1776869814751[39m
}
[Graph3D] Creating simulation: [33m3[39m nodes
[Graph3D] createGraphSimulation called: { hasObjectManager: [33mtrue[39m, hasScene: [33mtrue[39m, nodeCount: [33m3[39m, linkCount: [33m1[39m }
[Graph3D] Clearing existing objects...
[Graph3D] Calling createSimulation...
[Graph3D] Simulation created, setting up event handlers...
[Graph3D] Data changed: {
  nodesLen: [33m3[39m,
  linksLen: [33m1[39m,
  key: [33m1776869815815[39m,
  timestamp: [33m1776869814812[39m
}
[Graph3D] Creating simulation: [33m3[39m nodes
[Graph3D] createGraphSimulation called: { hasObjectManager: [33mtrue[39m, hasScene: [33mtrue[39m, nodeCount: [33m3[39m, linkCount: [33m1[39m }
[Graph3D] Clearing existing objects...
[Graph3D] Calling createSimulation...
[Graph3D] Simulation created, setting up event handlers...
[Graph3D] Data changed: {
  nodesLen: [33m3[39m,
  linksLen: [33m1[39m,
  key: [33m1776869815866[39m,
  timestamp: [33m1776869814863[39m
}
[Graph3D] Creating simulation: [33m3[39m nodes
[Graph3D] createGraphSimulation called: { hasObjectManager: [33mtrue[39m, hasScene: [33mtrue[39m, nodeCount: [33m3[39m, linkCount: [33m1[39m }
[Graph3D] Clearing existing objects...
[Graph3D] Calling createSimulation...
[Graph3D] Simulation created, setting up event handlers...
[Graph3D] Data changed: {
  nodesLen: [33m3[39m,
  linksLen: [33m1[39m,
  key: [33m1776869815918[39m,
  timestamp: [33m1776869814915[39m
}
[Graph3D] Creating simulation: [33m3[39m nodes
[Graph3D] createGraphSimulation called: { hasObjectManager: [33mtrue[39m, hasScene: [33mtrue[39m, nodeCount: [33m3[39m, linkCount: [33m1[39m }
[Graph3D] Clearing existing objects...
[Graph3D] Calling createSimulation...
[Graph3D] Simulation created, setting up event handlers...
[Graph3D] Data changed: {
  nodesLen: [33m3[39m,
  linksLen: [33m1[39m,
  key: [33m1776869815960[39m,
  timestamp: [33m1776869814957[39m
}
[Graph3D] Creating simulation: [33m3[39m nodes
[Graph3D] createGraphSimulation called: { hasObjectManager: [33mtrue[39m, hasScene: [33mtrue[39m, nodeCount: [33m3[39m, linkCount: [33m1[39m }
[Graph3D] Clearing existing objects...
[Graph3D] Calling createSimulation...
[Graph3D] Simulation created, setting up event handlers...
[Graph3D] Data changed: {
  nodesLen: [33m3[39m,
  linksLen: [33m1[39m,
  key: [33m1776869816006[39m,
  timestamp: [33m1776869815003[39m
}
[Graph3D] Creating simulation: [33m3[39m nodes
[Graph3D] createGraphSimulation called: { hasObjectManager: [33mtrue[39m, hasScene: [33mtrue[39m, nodeCount: [33m3[39m, linkCount: [33m1[39m }
[Graph3D] Clearing existing objects...
[Graph3D] Calling createSimulation...
[Graph3D] Simulation created, setting up event handlers...
[Graph3D] Data changed: {
  nodesLen: [33m3[39m,
  linksLen: [33m1[39m,
  key: [33m1776869816050[39m,
  timestamp: [33m1776869815047[39m
}
[Graph3D] Creating simulation: [33m3[39m nodes
[Graph3D] createGraphSimulation called: { hasObjectManager: [33mtrue[39m, hasScene: [33mtrue[39m, nodeCount: [33m3[39m, linkCount: [33m1[39m }
[Graph3D] Clearing existing objects...
[Graph3D] Calling createSimulation...
[Graph3D] Simulation created, setting up event handlers...
[Graph3D] Data changed: {
  nodesLen: [33m3[39m,
  linksLen: [33m1[39m,
  key: [33m1776869816101[39m,
  timestamp: [33m1776869815098[39m
}
[Graph3D] Creating simulation: [33m3[39m nodes
[Graph3D] createGraphSimulation called: { hasObjectManager: [33mtrue[39m, hasScene: [33mtrue[39m, nodeCount: [33m3[39m, linkCount: [33m1[39m }
[Graph3D] Clearing existing objects...
[Graph3D] Calling createSimulation...
[Graph3D] Simulation created, setting up event handlers...
[Graph3D] Data changed: {
  nodesLen: [33m3[39m,
  linksLen: [33m1[39m,
  key: [33m1776869816146[39m,
  timestamp: [33m1776869815143[39m
}
[Graph3D] Creating simulation: [33m3[39m nodes
[Graph3D] createGraphSimulation called: { hasObjectManager: [33mtrue[39m, hasScene: [33mtrue[39m, nodeCount: [33m3[39m, linkCount: [33m1[39m }
[Graph3D] Clearing existing objects...
[Graph3D] Calling createSimulation...
[Graph3D] Simulation created, setting up event handlers...
[Graph3D] Data changed: {
  nodesLen: [33m3[39m,
  linksLen: [33m1[39m,
  key: [33m1776869816196[39m,
  timestamp: [33m1776869815193[39m
}
[Graph3D] Creating simulation: [33m3[39m nodes
[Graph3D] createGraphSimulation called: { hasObjectManager: [33mtrue[39m, hasScene: [33mtrue[39m, nodeCount: [33m3[39m, linkCount: [33m1[39m }
[Graph3D] Clearing existing objects...
[Graph3D] Calling createSimulation...
[Graph3D] Simulation created, setting up event handlers...
[Graph3D] Data changed: {
  nodesLen: [33m3[39m,
  linksLen: [33m1[39m,
  key: [33m1776869816240[39m,
  timestamp: [33m1776869815237[39m
}
[Graph3D] Creating simulation: [33m3[39m nodes
[Graph3D] createGraphSimulation called: { hasObjectManager: [33mtrue[39m, hasScene: [33mtrue[39m, nodeCount: [33m3[39m, linkCount: [33m1[39m }
[Graph3D] Clearing existing objects...
[Graph3D] Calling createSimulation...
[Graph3D] Simulation created, setting up event handlers...
[Graph3D] Data changed: {
  nodesLen: [33m3[39m,
  linksLen: [33m1[39m,
  key: [33m1776869816301[39m,
  timestamp: [33m1776869815298[39m
}
[Graph3D] Creating simulation: [33m3[39m nodes
[Graph3D] createGraphSimulation called: { hasObjectManager: [33mtrue[39m, hasScene: [33mtrue[39m, nodeCount: [33m3[39m, linkCount: [33m1[39m }
[Graph3D] Clearing existing objects...
[Graph3D] Calling createSimulation...
[Graph3D] Simulation created, setting up event handlers...
[Graph3D] Data changed: {
  nodesLen: [33m3[39m,
  linksLen: [33m1[39m,
  key: [33m1776869816350[39m,
  timestamp: [33m1776869815347[39m
}
[Graph3D] Creating simulation: [33m3[39m nodes
[Graph3D] createGraphSimulation called: { hasObjectManager: [33mtrue[39m, hasScene: [33mtrue[39m, nodeCount: [33m3[39m, linkCount: [33m1[39m }
[Graph3D] Clearing existing objects...
[Graph3D] Calling createSimulation...
[Graph3D] Simulation created, setting up event handlers...
[Graph3D] Data changed: {
  nodesLen: [33m3[39m,
  linksLen: [33m1[39m,
  key: [33m1776869816404[39m,
  timestamp: [33m1776869815401[39m
}
[Graph3D] Creating simulation: [33m3[39m nodes
[Graph3D] createGraphSimulation called: { hasObjectManager: [33mtrue[39m, hasScene: [33mtrue[39m, nodeCount: [33m3[39m, linkCount: [33m1[39m }
[Graph3D] Clearing existing objects...
[Graph3D] Calling createSimulation...
[Graph3D] Simulation created, setting up event handlers...
[Graph3D] Data changed: {
  nodesLen: [33m3[39m,
  linksLen: [33m1[39m,
  key: [33m1776869816455[39m,
  timestamp: [33m1776869815452[39m
}
[Graph3D] Creating simulation: [33m3[39m nodes
[Graph3D] createGraphSimulation called: { hasObjectManager: [33mtrue[39m, hasScene: [33mtrue[39m, nodeCount: [33m3[39m, linkCount: [33m1[39m }
[Graph3D] Clearing existing objects...
[Graph3D] Calling createSimulation...
[Graph3D] Simulation created, setting up event handlers...
[Graph3D] Data changed: {
  nodesLen: [33m3[39m,
  linksLen: [33m1[39m,
  key: [33m1776869816507[39m,
  timestamp: [33m1776869815504[39m
}
[Graph3D] Creating simulation: [33m3[39m nodes
[Graph3D] createGraphSimulation called: { hasObjectManager: [33mtrue[39m, hasScene: [33mtrue[39m, nodeCount: [33m3[39m, linkCount: [33m1[39m }
[Graph3D] Clearing existing objects...
[Graph3D] Calling createSimulation...
[Graph3D] Simulation created, setting up event handlers...
[Graph3D] Data changed: {
  nodesLen: [33m3[39m,
  linksLen: [33m1[39m,
  key: [33m1776869816554[39m,
  timestamp: [33m1776869815551[39m
}
[Graph3D] Creating simulation: [33m3[39m nodes
[Graph3D] createGraphSimulation called: { hasObjectManager: [33mtrue[39m, hasScene: [33mtrue[39m, nodeCount: [33m3[39m, linkCount: [33m1[39m }
[Graph3D] Clearing existing objects...
[Graph3D] Calling createSimulation...
[Graph3D] Simulation created, setting up event handlers...
[Graph3D] Data changed: {
  nodesLen: [33m3[39m,
  linksLen: [33m1[39m,
  key: [33m1776869816606[39m,
  timestamp: [33m1776869815603[39m
}
[Graph3D] Creating simulation: [33m3[39m nodes
[Graph3D] createGraphSimulation called: { hasObjectManager: [33mtrue[39m, hasScene: [33mtrue[39m, nodeCount: [33m3[39m, linkCount: [33m1[39m }
[Graph3D] Clearing existing objects...
[Graph3D] Calling createSimulation...
[Graph3D] Simulation created, setting up event handlers...
[Graph3D] Data changed: {
  nodesLen: [33m3[39m,
  linksLen: [33m1[39m,
  key: [33m1776869816656[39m,
  timestamp: [33m1776869815653[39m
}
[Graph3D] Creating simulation: [33m3[39m nodes
[Graph3D] createGraphSimulation called: { hasObjectManager: [33mtrue[39m, hasScene: [33mtrue[39m, nodeCount: [33m3[39m, linkCount: [33m1[39m }
[Graph3D] Clearing existing objects...
[Graph3D] Calling createSimulation...
[Graph3D] Simulation created, setting up event handlers...
[Graph3D] Data changed: {
  nodesLen: [33m3[39m,
  linksLen: [33m1[39m,
  key: [33m1776869816705[39m,
  timestamp: [33m1776869815702[39m
}
[Graph3D] Creating simulation: [33m3[39m nodes
[Graph3D] createGraphSimulation called: { hasObjectManager: [33mtrue[39m, hasScene: [33mtrue[39m, nodeCount: [33m3[39m, linkCount: [33m1[39m }
[Graph3D] Clearing existing objects...
[Graph3D] Calling createSimulation...
[Graph3D] Simulation created, setting up event handlers...
[Graph3D] Data changed: {
  nodesLen: [33m3[39m,
  linksLen: [33m1[39m,
  key: [33m1776869816756[39m,
  timestamp: [33m1776869815753[39m
}
[Graph3D] Creating simulation: [33m3[39m nodes
[Graph3D] createGraphSimulation called: { hasObjectManager: [33mtrue[39m, hasScene: [33mtrue[39m, nodeCount: [33m3[39m, linkCount: [33m1[39m }
[Graph3D] Clearing existing objects...
[Graph3D] Calling createSimulation...
[Graph3D] Simulation created, setting up event handlers...
[Graph3D] Data changed: {
  nodesLen: [33m3[39m,
  linksLen: [33m1[39m,
  key: [33m1776869816799[39m,
  timestamp: [33m1776869815796[39m
}
[Graph3D] Creating simulation: [33m3[39m nodes
[Graph3D] createGraphSimulation called: { hasObjectManager: [33mtrue[39m, hasScene: [33mtrue[39m, nodeCount: [33m3[39m, linkCount: [33m1[39m }
[Graph3D] Clearing existing objects...
[Graph3D] Calling createSimulation...
[Graph3D] Simulation created, setting up event handlers...
[Graph3D] Data changed: {
  nodesLen: [33m3[39m,
  linksLen: [33m1[39m,
  key: [33m1776869816846[39m,
  timestamp: [33m1776869815843[39m
}
[Graph3D] Creating simulation: [33m3[39m nodes
[Graph3D] createGraphSimulation called: { hasObjectManager: [33mtrue[39m, hasScene: [33mtrue[39m, nodeCount: [33m3[39m, linkCount: [33m1[39m }
[Graph3D] Clearing existing objects...
[Graph3D] Calling createSimulation...
[Graph3D] Simulation created, setting up event handlers...
[Graph3D] Data changed: {
  nodesLen: [33m3[39m,
  linksLen: [33m1[39m,
  key: [33m1776869816898[39m,
  timestamp: [33m1776869815895[39m
}
[Graph3D] Creating simulation: [33m3[39m nodes
[Graph3D] createGraphSimulation called: { hasObjectManager: [33mtrue[39m, hasScene: [33mtrue[39m, nodeCount: [33m3[39m, linkCount: [33m1[39m }
[Graph3D] Clearing existing objects...
[Graph3D] Calling createSimulation...
[Graph3D] Simulation created, setting up event handlers...
[Graph3D] Data changed: {
  nodesLen: [33m3[39m,
  linksLen: [33m1[39m,
  key: [33m1776869816963[39m,
  timestamp: [33m1776869815960[39m
}
[Graph3D] Creating simulation: [33m3[39m nodes
[Graph3D] createGraphSimulation called: { hasObjectManager: [33mtrue[39m, hasScene: [33mtrue[39m, nodeCount: [33m3[39m, linkCount: [33m1[39m }
[Graph3D] Clearing existing objects...
[Graph3D] Calling createSimulation...
[Graph3D] Simulation created, setting up event handlers...
[Graph3D] Data changed: {
  nodesLen: [33m3[39m,
  linksLen: [33m1[39m,
  key: [33m1776869817006[39m,
  timestamp: [33m1776869816003[39m
}
[Graph3D] Creating simulation: [33m3[39m nodes
[Graph3D] createGraphSimulation called: { hasObjectManager: [33mtrue[39m, hasScene: [33mtrue[39m, nodeCount: [33m3[39m, linkCount: [33m1[39m }
[Graph3D] Clearing existing objects...
[Graph3D] Calling createSimulation...
[Graph3D] Simulation created, setting up event handlers...
[Graph3D] Data changed: {
  nodesLen: [33m3[39m,
  linksLen: [33m1[39m,
  key: [33m1776869817048[39m,
  timestamp: [33m1776869816045[39m
}
[Graph3D] Creating simulation: [33m3[39m nodes
[Graph3D] createGraphSimulation called: { hasObjectManager: [33mtrue[39m, hasScene: [33mtrue[39m, nodeCount: [33m3[39m, linkCount: [33m1[39m }
[Graph3D] Clearing existing objects...
[Graph3D] Calling createSimulation...
[Graph3D] Simulation created, setting up event handlers...
[Graph3D] Data changed: {
  nodesLen: [33m3[39m,
  linksLen: [33m1[39m,
  key: [33m1776869817105[39m,
  timestamp: [33m1776869816102[39m
}
[Graph3D] Creating simulation: [33m3[39m nodes
[Graph3D] createGraphSimulation called: { hasObjectManager: [33mtrue[39m, hasScene: [33mtrue[39m, nodeCount: [33m3[39m, linkCount: [33m1[39m }
[Graph3D] Clearing existing objects...
[Graph3D] Calling createSimulation...
[Graph3D] Simulation created, setting up event handlers...
[Graph3D] Data changed: {
  nodesLen: [33m3[39m,
  linksLen: [33m1[39m,
  key: [33m1776869817165[39m,
  timestamp: [33m1776869816162[39m
}
[Graph3D] Creating simulation: [33m3[39m nodes
[Graph3D] createGraphSimulation called: { hasObjectManager: [33mtrue[39m, hasScene: [33mtrue[39m, nodeCount: [33m3[39m, linkCount: [33m1[39m }
[Graph3D] Clearing existing objects...
[Graph3D] Calling createSimulation...
[Graph3D] Simulation created, setting up event handlers...
[Graph3D] Data changed: {
  nodesLen: [33m3[39m,
  linksLen: [33m1[39m,
  key: [33m1776869817246[39m,
  timestamp: [33m1776869816243[39m
}
[Graph3D] Creating simulation: [33m3[39m nodes
[Graph3D] createGraphSimulation called: { hasObjectManager: [33mtrue[39m, hasScene: [33mtrue[39m, nodeCount: [33m3[39m, linkCount: [33m1[39m }
[Graph3D] Clearing existing objects...
[Graph3D] Calling createSimulation...
[Graph3D] Simulation created, setting up event handlers...
[Graph3D] Data changed: {
  nodesLen: [33m3[39m,
  linksLen: [33m1[39m,
  key: [33m1776869817317[39m,
  timestamp: [33m1776869816314[39m
}
[Graph3D] Creating simulation: [33m3[39m nodes
[Graph3D] createGraphSimulation called: { hasObjectManager: [33mtrue[39m, hasScene: [33mtrue[39m, nodeCount: [33m3[39m, linkCount: [33m1[39m }
[Graph3D] Clearing existing objects...
[Graph3D] Calling createSimulation...
[Graph3D] Simulation created, setting up event handlers...
[Graph3D] Data changed: {
  nodesLen: [33m3[39m,
  linksLen: [33m1[39m,
  key: [33m1776869817392[39m,
  timestamp: [33m1776869816389[39m
}
[Graph3D] Creating simulation: [33m3[39m nodes
[Graph3D] createGraphSimulation called: { hasObjectManager: [33mtrue[39m, hasScene: [33mtrue[39m, nodeCount: [33m3[39m, linkCount: [33m1[39m }
[Graph3D] Clearing existing objects...
[Graph3D] Calling createSimulation...
[Graph3D] Simulation created, setting up event handlers...
[Graph3D] Data changed: {
  nodesLen: [33m3[39m,
  linksLen: [33m1[39m,
  key: [33m1776869817457[39m,
  timestamp: [33m1776869816454[39m
}
[Graph3D] Creating simulation: [33m3[39m nodes
[Graph3D] createGraphSimulation called: { hasObjectManager: [33mtrue[39m, hasScene: [33mtrue[39m, nodeCount: [33m3[39m, linkCount: [33m1[39m }
[Graph3D] Clearing existing objects...
[Graph3D] Calling createSimulation...
[Graph3D] Simulation created, setting up event handlers...
[Graph3D] Data changed: {
  nodesLen: [33m3[39m,
  linksLen: [33m1[39m,
  key: [33m1776869817520[39m,
  timestamp: [33m1776869816517[39m
}
[Graph3D] Creating simulation: [33m3[39m nodes
[Graph3D] createGraphSimulation called: { hasObjectManager: [33mtrue[39m, hasScene: [33mtrue[39m, nodeCount: [33m3[39m, linkCount: [33m1[39m }
[Graph3D] Clearing existing objects...
[Graph3D] Calling createSimulation...
[Graph3D] Simulation created, setting up event handlers...
[Graph3D] Data changed: {
  nodesLen: [33m3[39m,
  linksLen: [33m1[39m,
  key: [33m1776869817585[39m,
  timestamp: [33m1776869816582[39m
}
[Graph3D] Creating simulation: [33m3[39m nodes
[Graph3D] createGraphSimulation called: { hasObjectManager: [33mtrue[39m, hasScene: [33mtrue[39m, nodeCount: [33m3[39m, linkCount: [33m1[39m }
[Graph3D] Clearing existing objects...
[Graph3D] Calling createSimulation...
[Graph3D] Simulation created, setting up event handlers...
[Graph3D] Data changed: {
  nodesLen: [33m3[39m,
  linksLen: [33m1[39m,
  key: [33m1776869817647[39m,
  timestamp: [33m1776869816644[39m
}
[Graph3D] Creating simulation: [33m3[39m nodes
[Graph3D] createGraphSimulation called: { hasObjectManager: [33mtrue[39m, hasScene: [33mtrue[39m, nodeCount: [33m3[39m, linkCount: [33m1[39m }
[Graph3D] Clearing existing objects...
[Graph3D] Calling createSimulation...
[Graph3D] Simulation created, setting up event handlers...
[Graph3D] Data changed: {
  nodesLen: [33m3[39m,
  linksLen: [33m1[39m,
  key: [33m1776869817699[39m,
  timestamp: [33m1776869816696[39m
}
[Graph3D] Creating simulation: [33m3[39m nodes
[Graph3D] createGraphSimulation called: { hasObjectManager: [33mtrue[39m, hasScene: [33mtrue[39m, nodeCount: [33m3[39m, linkCount: [33m1[39m }
[Graph3D] Clearing existing objects...
[Graph3D] Calling createSimulation...
[Graph3D] Simulation created, setting up event handlers...
[Graph3D] Data changed: {
  nodesLen: [33m3[39m,
  linksLen: [33m1[39m,
  key: [33m1776869817752[39m,
  timestamp: [33m1776869816749[39m
}
[Graph3D] Creating simulation: [33m3[39m nodes
[Graph3D] createGraphSimulation called: { hasObjectManager: [33mtrue[39m, hasScene: [33mtrue[39m, nodeCount: [33m3[39m, linkCount: [33m1[39m }
[Graph3D] Clearing existing objects...
[Graph3D] Calling createSimulation...
[Graph3D] Simulation created, setting up event handlers...
[Graph3D] Data changed: {
  nodesLen: [33m3[39m,
  linksLen: [33m1[39m,
  key: [33m1776869817804[39m,
  timestamp: [33m1776869816801[39m
}
[Graph3D] Creating simulation: [33m3[39m nodes
[Graph3D] createGraphSimulation called: { hasObjectManager: [33mtrue[39m, hasScene: [33mtrue[39m, nodeCount: [33m3[39m, linkCount: [33m1[39m }
[Graph3D] Clearing existing objects...
[Graph3D] Calling createSimulation...
[Graph3D] Simulation created, setting up event handlers...
[Graph3D] Data changed: {
  nodesLen: [33m3[39m,
  linksLen: [33m1[39m,
  key: [33m1776869817861[39m,
  timestamp: [33m1776869816858[39m
}
[Graph3D] Creating simulation: [33m3[39m nodes
[Graph3D] createGraphSimulation called: { hasObjectManager: [33mtrue[39m, hasScene: [33mtrue[39m, nodeCount: [33m3[39m, linkCount: [33m1[39m }
[Graph3D] Clearing existing objects...
[Graph3D] Calling createSimulation...
[Graph3D] Simulation created, setting up event handlers...
[Graph3D] Data changed: {
  nodesLen: [33m3[39m,
  linksLen: [33m1[39m,
  key: [33m1776869817918[39m,
  timestamp: [33m1776869816915[39m
}
[Graph3D] Creating simulation: [33m3[39m nodes
[Graph3D] createGraphSimulation called: { hasObjectManager: [33mtrue[39m, hasScene: [33mtrue[39m, nodeCount: [33m3[39m, linkCount: [33m1[39m }
[Graph3D] Clearing existing objects...
[Graph3D] Calling createSimulation...
[Graph3D] Simulation created, setting up event handlers...
[Graph3D] Data changed: {
  nodesLen: [33m3[39m,
  linksLen: [33m1[39m,
  key: [33m1776869817968[39m,
  timestamp: [33m1776869816965[39m
}
[Graph3D] Creating simulation: [33m3[39m nodes
[Graph3D] createGraphSimulation called: { hasObjectManager: [33mtrue[39m, hasScene: [33mtrue[39m, nodeCount: [33m3[39m, linkCount: [33m1[39m }
[Graph3D] Clearing existing objects...
[Graph3D] Calling createSimulation...
[Graph3D] Simulation created, setting up event handlers...
[Graph3D] Data changed: {
  nodesLen: [33m3[39m,
  linksLen: [33m1[39m,
  key: [33m1776869818026[39m,
  timestamp: [33m1776869817023[39m
}
[Graph3D] Creating simulation: [33m3[39m nodes
[Graph3D] createGraphSimulation called: { hasObjectManager: [33mtrue[39m, hasScene: [33mtrue[39m, nodeCount: [33m3[39m, linkCount: [33m1[39m }
[Graph3D] Clearing existing objects...
[Graph3D] Calling createSimulation...
[Graph3D] Simulation created, setting up event handlers...
[Graph3D] Data changed: {
  nodesLen: [33m3[39m,
  linksLen: [33m1[39m,
  key: [33m1776869818079[39m,
  timestamp: [33m1776869817076[39m
}
[Graph3D] Creating simulation: [33m3[39m nodes
[Graph3D] createGraphSimulation called: { hasObjectManager: [33mtrue[39m, hasScene: [33mtrue[39m, nodeCount: [33m3[39m, linkCount: [33m1[39m }
[Graph3D] Clearing existing objects...
[Graph3D] Calling createSimulation...
[Graph3D] Simulation created, setting up event handlers...
[Graph3D] Data changed: {
  nodesLen: [33m3[39m,
  linksLen: [33m1[39m,
  key: [33m1776869818128[39m,
  timestamp: [33m1776869817125[39m
}
[Graph3D] Creating simulation: [33m3[39m nodes
[Graph3D] createGraphSimulation called: { hasObjectManager: [33mtrue[39m, hasScene: [33mtrue[39m, nodeCount: [33m3[39m, linkCount: [33m1[39m }
[Graph3D] Clearing existing objects...
[Graph3D] Calling createSimulation...
[Graph3D] Simulation created, setting up event handlers...
[Graph3D] Data changed: {
  nodesLen: [33m3[39m,
  linksLen: [33m1[39m,
  key: [33m1776869818181[39m,
  timestamp: [33m1776869817178[39m
}
[Graph3D] Creating simulation: [33m3[39m nodes
[Graph3D] createGraphSimulation called: { hasObjectManager: [33mtrue[39m, hasScene: [33mtrue[39m, nodeCount: [33m3[39m, linkCount: [33m1[39m }
[Graph3D] Clearing existing objects...
[Graph3D] Calling createSimulation...
[Graph3D] Simulation created, setting up event handlers...
[Graph3D] Data changed: {
  nodesLen: [33m3[39m,
  linksLen: [33m1[39m,
  key: [33m1776869818233[39m,
  timestamp: [33m1776869817230[39m
}
[Graph3D] Creating simulation: [33m3[39m nodes
[Graph3D] createGraphSimulation called: { hasObjectManager: [33mtrue[39m, hasScene: [33mtrue[39m, nodeCount: [33m3[39m, linkCount: [33m1[39m }
[Graph3D] Clearing existing objects...
[Graph3D] Calling createSimulation...
[Graph3D] Simulation created, setting up event handlers...
[Graph3D] Data changed: {
  nodesLen: [33m3[39m,
  linksLen: [33m1[39m,
  key: [33m1776869818286[39m,
  timestamp: [33m1776869817283[39m
}
[Graph3D] Creating simulation: [33m3[39m nodes
[Graph3D] createGraphSimulation called: { hasObjectManager: [33mtrue[39m, hasScene: [33mtrue[39m, nodeCount: [33m3[39m, linkCount: [33m1[39m }
[Graph3D] Clearing existing objects...
[Graph3D] Calling createSimulation...
[Graph3D] Simulation created, setting up event handlers...
[Graph3D] Data changed: {
  nodesLen: [33m3[39m,
  linksLen: [33m1[39m,
  key: [33m1776869818339[39m,
  timestamp: [33m1776869817336[39m
}
[Graph3D] Creating simulation: [33m3[39m nodes
[Graph3D] createGraphSimulation called: { hasObjectManager: [33mtrue[39m, hasScene: [33mtrue[39m, nodeCount: [33m3[39m, linkCount: [33m1[39m }
[Graph3D] Clearing existing objects...
[Graph3D] Calling createSimulation...
[Graph3D] Simulation created, setting up event handlers...
[Graph3D] Data changed: {
  nodesLen: [33m3[39m,
  linksLen: [33m1[39m,
  key: [33m1776869818392[39m,
  timestamp: [33m1776869817389[39m
}
[Graph3D] Creating simulation: [33m3[39m nodes
[Graph3D] createGraphSimulation called: { hasObjectManager: [33mtrue[39m, hasScene: [33mtrue[39m, nodeCount: [33m3[39m, linkCount: [33m1[39m }
[Graph3D] Clearing existing objects...
[Graph3D] Calling createSimulation...
[Graph3D] Simulation created, setting up event handlers...
[Graph3D] Data changed: {
  nodesLen: [33m3[39m,
  linksLen: [33m1[39m,
  key: [33m1776869818442[39m,
  timestamp: [33m1776869817439[39m
}
[Graph3D] Creating simulation: [33m3[39m nodes
[Graph3D] createGraphSimulation called: { hasObjectManager: [33mtrue[39m, hasScene: [33mtrue[39m, nodeCount: [33m3[39m, linkCount: [33m1[39m }
[Graph3D] Clearing existing objects...
[Graph3D] Calling createSimulation...
[Graph3D] Simulation created, setting up event handlers...
[Graph3D] Data changed: {
  nodesLen: [33m3[39m,
  linksLen: [33m1[39m,
  key: [33m1776869818509[39m,
  timestamp: [33m1776869817506[39m
}
[Graph3D] Creating simulation: [33m3[39m nodes
[Graph3D] createGraphSimulation called: { hasObjectManager: [33mtrue[39m, hasScene: [33mtrue[39m, nodeCount: [33m3[39m, linkCount: [33m1[39m }
[Graph3D] Clearing existing objects...
[Graph3D] Calling createSimulation...
[Graph3D] Simulation created, setting up event handlers...
[Graph3D] Data changed: {
  nodesLen: [33m3[39m,
  linksLen: [33m1[39m,
  key: [33m1776869818567[39m,
  timestamp: [33m1776869817564[39m
}
[Graph3D] Creating simulation: [33m3[39m nodes
[Graph3D] createGraphSimulation called: { hasObjectManager: [33mtrue[39m, hasScene: [33mtrue[39m, nodeCount: [33m3[39m, linkCount: [33m1[39m }
[Graph3D] Clearing existing objects...
[Graph3D] Calling createSimulation...
[Graph3D] Simulation created, setting up event handlers...
[Graph3D] Data changed: {
  nodesLen: [33m3[39m,
  linksLen: [33m1[39m,
  key: [33m1776869818629[39m,
  timestamp: [33m1776869817626[39m
}
[Graph3D] Creating simulation: [33m3[39m nodes
[Graph3D] createGraphSimulation called: { hasObjectManager: [33mtrue[39m, hasScene: [33mtrue[39m, nodeCount: [33m3[39m, linkCount: [33m1[39m }
[Graph3D] Clearing existing objects...
[Graph3D] Calling createSimulation...
[Graph3D] Simulation created, setting up event handlers...
[Graph3D] Data changed: {
  nodesLen: [33m3[39m,
  linksLen: [33m1[39m,
  key: [33m1776869818679[39m,
  timestamp: [33m1776869817676[39m
}
[Graph3D] Creating simulation: [33m3[39m nodes
[Graph3D] createGraphSimulation called: { hasObjectManager: [33mtrue[39m, hasScene: [33mtrue[39m, nodeCount: [33m3[39m, linkCount: [33m1[39m }
[Graph3D] Clearing existing objects...
[Graph3D] Calling createSimulation...
[Graph3D] Simulation created, setting up event handlers...
[Graph3D] Data changed: {
  nodesLen: [33m3[39m,
  linksLen: [33m1[39m,
  key: [33m1776869818724[39m,
  timestamp: [33m1776869817721[39m
}
[Graph3D] Creating simulation: [33m3[39m nodes
[Graph3D] createGraphSimulation called: { hasObjectManager: [33mtrue[39m, hasScene: [33mtrue[39m, nodeCount: [33m3[39m, linkCount: [33m1[39m }
[Graph3D] Clearing existing objects...
[Graph3D] Calling createSimulation...
[Graph3D] Simulation created, setting up event handlers...
[Graph3D] Data changed: {
  nodesLen: [33m3[39m,
  linksLen: [33m1[39m,
  key: [33m1776869818771[39m,
  timestamp: [33m1776869817768[39m
}
[Graph3D] Creating simulation: [33m3[39m nodes
[Graph3D] createGraphSimulation called: { hasObjectManager: [33mtrue[39m, hasScene: [33mtrue[39m, nodeCount: [33m3[39m, linkCount: [33m1[39m }
[Graph3D] Clearing existing objects...
[Graph3D] Calling createSimulation...
[Graph3D] Simulation created, setting up event handlers...
[Graph3D] Data changed: {
  nodesLen: [33m3[39m,
  linksLen: [33m1[39m,
  key: [33m1776869818816[39m,
  timestamp: [33m1776869817813[39m
}
[Graph3D] Creating simulation: [33m3[39m nodes
[Graph3D] createGraphSimulation called: { hasObjectManager: [33mtrue[39m, hasScene: [33mtrue[39m, nodeCount: [33m3[39m, linkCount: [33m1[39m }
[Graph3D] Clearing existing objects...
[Graph3D] Calling createSimulation...
[Graph3D] Simulation created, setting up event handlers...
[Graph3D] Data changed: {
  nodesLen: [33m3[39m,
  linksLen: [33m1[39m,
  key: [33m1776869818863[39m,
  timestamp: [33m1776869817860[39m
}
[Graph3D] Creating simulation: [33m3[39m nodes
[Graph3D] createGraphSimulation called: { hasObjectManager: [33mtrue[39m, hasScene: [33mtrue[39m, nodeCount: [33m3[39m, linkCount: [33m1[39m }
[Graph3D] Clearing existing objects...
[Graph3D] Calling createSimulation...
[Graph3D] Simulation created, setting up event handlers...
[Graph3D] Data changed: {
  nodesLen: [33m3[39m,
  linksLen: [33m1[39m,
  key: [33m1776869818916[39m,
  timestamp: [33m1776869817913[39m
}
[Graph3D] Creating simulation: [33m3[39m nodes
[Graph3D] createGraphSimulation called: { hasObjectManager: [33mtrue[39m, hasScene: [33mtrue[39m, nodeCount: [33m3[39m, linkCount: [33m1[39m }
[Graph3D] Clearing existing objects...
[Graph3D] Calling createSimulation...
[Graph3D] Simulation created, setting up event handlers...
[Graph3D] Data changed: {
  nodesLen: [33m3[39m,
  linksLen: [33m1[39m,
  key: [33m1776869818962[39m,
  timestamp: [33m1776869817959[39m
}
[Graph3D] Creating simulation: [33m3[39m nodes
[Graph3D] createGraphSimulation called: { hasObjectManager: [33mtrue[39m, hasScene: [33mtrue[39m, nodeCount: [33m3[39m, linkCount: [33m1[39m }
[Graph3D] Clearing existing objects...
[Graph3D] Calling createSimulation...
[Graph3D] Simulation created, setting up event handlers...
[Graph3D] Data changed: {
  nodesLen: [33m3[39m,
  linksLen: [33m1[39m,
  key: [33m1776869819012[39m,
  timestamp: [33m1776869818009[39m
}
[Graph3D] Creating simulation: [33m3[39m nodes
[Graph3D] createGraphSimulation called: { hasObjectManager: [33mtrue[39m, hasScene: [33mtrue[39m, nodeCount: [33m3[39m, linkCount: [33m1[39m }
[Graph3D] Clearing existing objects...
[Graph3D] Calling createSimulation...
[Graph3D] Simulation created, setting up event handlers...
[Graph3D] Data changed: {
  nodesLen: [33m3[39m,
  linksLen: [33m1[39m,
  key: [33m1776869819060[39m,
  timestamp: [33m1776869818057[39m
}
[Graph3D] Creating simulation: [33m3[39m nodes
[Graph3D] createGraphSimulation called: { hasObjectManager: [33mtrue[39m, hasScene: [33mtrue[39m, nodeCount: [33m3[39m, linkCount: [33m1[39m }
[Graph3D] Clearing existing objects...
[Graph3D] Calling createSimulation...
[Graph3D] Simulation created, setting up event handlers...
[Graph3D] Data changed: {
  nodesLen: [33m3[39m,
  linksLen: [33m1[39m,
  key: [33m1776869819111[39m,
  timestamp: [33m1776869818108[39m
}
[Graph3D] Creating simulation: [33m3[39m nodes
[Graph3D] createGraphSimulation called: { hasObjectManager: [33mtrue[39m, hasScene: [33mtrue[39m, nodeCount: [33m3[39m, linkCount: [33m1[39m }
[Graph3D] Clearing existing objects...
[Graph3D] Calling createSimulation...
[Graph3D] Simulation created, setting up event handlers...
[Graph3D] Data changed: {
  nodesLen: [33m3[39m,
  linksLen: [33m1[39m,
  key: [33m1776869819159[39m,
  timestamp: [33m1776869818156[39m
}
[Graph3D] Creating simulation: [33m3[39m nodes
[Graph3D] createGraphSimulation called: { hasObjectManager: [33mtrue[39m, hasScene: [33mtrue[39m, nodeCount: [33m3[39m, linkCount: [33m1[39m }
[Graph3D] Clearing existing objects...
[Graph3D] Calling createSimulation...
[Graph3D] Simulation created, setting up event handlers...
[Graph3D] Data changed: {
  nodesLen: [33m3[39m,
  linksLen: [33m1[39m,
  key: [33m1776869819205[39m,
  timestamp: [33m1776869818202[39m
}
[Graph3D] Creating simulation: [33m3[39m nodes
[Graph3D] createGraphSimulation called: { hasObjectManager: [33mtrue[39m, hasScene: [33mtrue[39m, nodeCount: [33m3[39m, linkCount: [33m1[39m }
[Graph3D] Clearing existing objects...
[Graph3D] Calling createSimulation...
[Graph3D] Simulation created, setting up event handlers...
[Graph3D] Data changed: {
  nodesLen: [33m3[39m,
  linksLen: [33m1[39m,
  key: [33m1776869819250[39m,
  timestamp: [33m1776869818247[39m
}
[Graph3D] Creating simulation: [33m3[39m nodes
[Graph3D] createGraphSimulation called: { hasObjectManager: [33mtrue[39m, hasScene: [33mtrue[39m, nodeCount: [33m3[39m, linkCount: [33m1[39m }
[Graph3D] Clearing existing objects...
[Graph3D] Calling createSimulation...
[Graph3D] Simulation created, setting up event handlers...
[Graph3D] Data changed: {
  nodesLen: [33m3[39m,
  linksLen: [33m1[39m,
  key: [33m1776869819297[39m,
  timestamp: [33m1776869818294[39m
}
[Graph3D] Creating simulation: [33m3[39m nodes
[Graph3D] createGraphSimulation called: { hasObjectManager: [33mtrue[39m, hasScene: [33mtrue[39m, nodeCount: [33m3[39m, linkCount: [33m1[39m }
[Graph3D] Clearing existing objects...
[Graph3D] Calling createSimulation...
[Graph3D] Simulation created, setting up event handlers...
[Graph3D] Data changed: {
  nodesLen: [33m3[39m,
  linksLen: [33m1[39m,
  key: [33m1776869819355[39m,
  timestamp: [33m1776869818352[39m
}
[Graph3D] Creating simulation: [33m3[39m nodes
[Graph3D] createGraphSimulation called: { hasObjectManager: [33mtrue[39m, hasScene: [33mtrue[39m, nodeCount: [33m3[39m, linkCount: [33m1[39m }
[Graph3D] Clearing existing objects...
[Graph3D] Calling createSimulation...
[Graph3D] Simulation created, setting up event handlers...
[Graph3D] Data changed: {
  nodesLen: [33m3[39m,
  linksLen: [33m1[39m,
  key: [33m1776869819420[39m,
  timestamp: [33m1776869818417[39m
}
[Graph3D] Creating simulation: [33m3[39m nodes
[Graph3D] createGraphSimulation called: { hasObjectManager: [33mtrue[39m, hasScene: [33mtrue[39m, nodeCount: [33m3[39m, linkCount: [33m1[39m }
[Graph3D] Clearing existing objects...
[Graph3D] Calling createSimulation...
[Graph3D] Simulation created, setting up event handlers...
[Graph3D] Data changed: {
  nodesLen: [33m3[39m,
  linksLen: [33m1[39m,
  key: [33m1776869819474[39m,
  timestamp: [33m1776869818471[39m
}
[Graph3D] Creating simulation: [33m3[39m nodes
[Graph3D] createGraphSimulation called: { hasObjectManager: [33mtrue[39m, hasScene: [33mtrue[39m, nodeCount: [33m3[39m, linkCount: [33m1[39m }
[Graph3D] Clearing existing objects...
[Graph3D] Calling createSimulation...
[Graph3D] Simulation created, setting up event handlers...
[Graph3D] Data changed: {
  nodesLen: [33m3[39m,
  linksLen: [33m1[39m,
  key: [33m1776869819534[39m,
  timestamp: [33m1776869818531[39m
}
[Graph3D] Creating simulation: [33m3[39m nodes
[Graph3D] createGraphSimulation called: { hasObjectManager: [33mtrue[39m, hasScene: [33mtrue[39m, nodeCount: [33m3[39m, linkCount: [33m1[39m }
[Graph3D] Clearing existing objects...
[Graph3D] Calling createSimulation...
[Graph3D] Simulation created, setting up event handlers...
[Graph3D] Data changed: {
  nodesLen: [33m3[39m,
  linksLen: [33m1[39m,
  key: [33m1776869819585[39m,
  timestamp: [33m1776869818582[39m
}
[Graph3D] Creating simulation: [33m3[39m nodes
[Graph3D] createGraphSimulation called: { hasObjectManager: [33mtrue[39m, hasScene: [33mtrue[39m, nodeCount: [33m3[39m, linkCount: [33m1[39m }
[Graph3D] Clearing existing objects...
[Graph3D] Calling createSimulation...
[Graph3D] Simulation created, setting up event handlers...
[Graph3D] Data changed: {
  nodesLen: [33m3[39m,
  linksLen: [33m1[39m,
  key: [33m1776869819640[39m,
  timestamp: [33m1776869818637[39m
}
[Graph3D] Creating simulation: [33m3[39m nodes
[Graph3D] createGraphSimulation called: { hasObjectManager: [33mtrue[39m, hasScene: [33mtrue[39m, nodeCount: [33m3[39m, linkCount: [33m1[39m }
[Graph3D] Clearing existing objects...
[Graph3D] Calling createSimulation...
[Graph3D] Simulation created, setting up event handlers...
[Graph3D] Data changed: {
  nodesLen: [33m3[39m,
  linksLen: [33m1[39m,
  key: [33m1776869819690[39m,
  timestamp: [33m1776869818687[39m
}
[Graph3D] Creating simulation: [33m3[39m nodes
[Graph3D] createGraphSimulation called: { hasObjectManager: [33mtrue[39m, hasScene: [33mtrue[39m, nodeCount: [33m3[39m, linkCount: [33m1[39m }
[Graph3D] Clearing existing objects...
[Graph3D] Calling createSimulation...
[Graph3D] Simulation created, setting up event handlers...
[Graph3D] Data changed: {
  nodesLen: [33m3[39m,
  linksLen: [33m1[39m,
  key: [33m1776869819750[39m,
  timestamp: [33m1776869818747[39m
}
[Graph3D] Creating simulation: [33m3[39m nodes
[Graph3D] createGraphSimulation called: { hasObjectManager: [33mtrue[39m, hasScene: [33mtrue[39m, nodeCount: [33m3[39m, linkCount: [33m1[39m }
[Graph3D] Clearing existing objects...
[Graph3D] Calling createSimulation...
[Graph3D] Simulation created, setting up event handlers...
[Graph3D] Data changed: {
  nodesLen: [33m3[39m,
  linksLen: [33m1[39m,
  key: [33m1776869819802[39m,
  timestamp: [33m1776869818799[39m
}
[Graph3D] Creating simulation: [33m3[39m nodes
[Graph3D] createGraphSimulation called: { hasObjectManager: [33mtrue[39m, hasScene: [33mtrue[39m, nodeCount: [33m3[39m, linkCount: [33m1[39m }
[Graph3D] Clearing existing objects...
[Graph3D] Calling createSimulation...
[Graph3D] Simulation created, setting up event handlers...
[Graph3D] Data changed: {
  nodesLen: [33m3[39m,
  linksLen: [33m1[39m,
  key: [33m1776869819856[39m,
  timestamp: [33m1776869818853[39m
}
[Graph3D] Creating simulation: [33m3[39m nodes
[Graph3D] createGraphSimulation called: { hasObjectManager: [33mtrue[39m, hasScene: [33mtrue[39m, nodeCount: [33m3[39m, linkCount: [33m1[39m }
[Graph3D] Clearing existing objects...
[Graph3D] Calling createSimulation...
[Graph3D] Simulation created, setting up event handlers...
[Graph3D] Data changed: {
  nodesLen: [33m3[39m,
  linksLen: [33m1[39m,
  key: [33m1776869819915[39m,
  timestamp: [33m1776869818912[39m
}
[Graph3D] Creating simulation: [33m3[39m nodes
[Graph3D] createGraphSimulation called: { hasObjectManager: [33mtrue[39m, hasScene: [33mtrue[39m, nodeCount: [33m3[39m, linkCount: [33m1[39m }
[Graph3D] Clearing existing objects...
[Graph3D] Calling createSimulation...
[Graph3D] Simulation created, setting up event handlers...
[Graph3D] Data changed: {
  nodesLen: [33m3[39m,
  linksLen: [33m1[39m,
  key: [33m1776869819969[39m,
  timestamp: [33m1776869818966[39m
}
[Graph3D] Creating simulation: [33m3[39m nodes
[Graph3D] createGraphSimulation called: { hasObjectManager: [33mtrue[39m, hasScene: [33mtrue[39m, nodeCount: [33m3[39m, linkCount: [33m1[39m }
[Graph3D] Clearing existing objects...
[Graph3D] Calling createSimulation...
[Graph3D] Simulation created, setting up event handlers...
[Graph3D] Data changed: {
  nodesLen: [33m3[39m,
  linksLen: [33m1[39m,
  key: [33m1776869820032[39m,
  timestamp: [33m1776869819029[39m
}
[Graph3D] Creating simulation: [33m3[39m nodes
[Graph3D] createGraphSimulation called: { hasObjectManager: [33mtrue[39m, hasScene: [33mtrue[39m, nodeCount: [33m3[39m, linkCount: [33m1[39m }
[Graph3D] Clearing existing objects...
[Graph3D] Calling createSimulation...
[Graph3D] Simulation created, setting up event handlers...
[Graph3D] Data changed: {
  nodesLen: [33m3[39m,
  linksLen: [33m1[39m,
  key: [33m1776869820085[39m,
  timestamp: [33m1776869819082[39m
}
[Graph3D] Creating simulation: [33m3[39m nodes
[Graph3D] createGraphSimulation called: { hasObjectManager: [33mtrue[39m, hasScene: [33mtrue[39m, nodeCount: [33m3[39m, linkCount: [33m1[39m }
[Graph3D] Clearing existing objects...
[Graph3D] Calling createSimulation...
[Graph3D] Simulation created, setting up event handlers...
[Graph3D] Data changed: {
  nodesLen: [33m3[39m,
  linksLen: [33m1[39m,
  key: [33m1776869820140[39m,
  timestamp: [33m1776869819137[39m
}
[Graph3D] Creating simulation: [33m3[39m nodes
[Graph3D] createGraphSimulation called: { hasObjectManager: [33mtrue[39m, hasScene: [33mtrue[39m, nodeCount: [33m3[39m, linkCount: [33m1[39m }
[Graph3D] Clearing existing objects...
[Graph3D] Calling createSimulation...
[Graph3D] Simulation created, setting up event handlers...
[Graph3D] Data changed: {
  nodesLen: [33m3[39m,
  linksLen: [33m1[39m,
  key: [33m1776869820198[39m,
  timestamp: [33m1776869819195[39m
}
[Graph3D] Creating simulation: [33m3[39m nodes
[Graph3D] createGraphSimulation called: { hasObjectManager: [33mtrue[39m, hasScene: [33mtrue[39m, nodeCount: [33m3[39m, linkCount: [33m1[39m }
[Graph3D] Clearing existing objects...
[Graph3D] Calling createSimulation...
[Graph3D] Simulation created, setting up event handlers...
[Graph3D] Data changed: {
  nodesLen: [33m3[39m,
  linksLen: [33m1[39m,
  key: [33m1776869820250[39m,
  timestamp: [33m1776869819247[39m
}
[Graph3D] Creating simulation: [33m3[39m nodes
[Graph3D] createGraphSimulation called: { hasObjectManager: [33mtrue[39m, hasScene: [33mtrue[39m, nodeCount: [33m3[39m, linkCount: [33m1[39m }
[Graph3D] Clearing existing objects...
[Graph3D] Calling createSimulation...
[Graph3D] Simulation created, setting up event handlers...
[Graph3D] Data changed: {
  nodesLen: [33m3[39m,
  linksLen: [33m1[39m,
  key: [33m1776869820300[39m,
  timestamp: [33m1776869819297[39m
}
[Graph3D] Creating simulation: [33m3[39m nodes
[Graph3D] createGraphSimulation called: { hasObjectManager: [33mtrue[39m, hasScene: [33mtrue[39m, nodeCount: [33m3[39m, linkCount: [33m1[39m }
[Graph3D] Clearing existing objects...
[Graph3D] Calling createSimulation...
[Graph3D] Simulation created, setting up event handlers...
[Graph3D] Data changed: {
  nodesLen: [33m3[39m,
  linksLen: [33m1[39m,
  key: [33m1776869820350[39m,
  timestamp: [33m1776869819347[39m
}
[Graph3D] Creating simulation: [33m3[39m nodes
[Graph3D] createGraphSimulation called: { hasObjectManager: [33mtrue[39m, hasScene: [33mtrue[39m, nodeCount: [33m3[39m, linkCount: [33m1[39m }
[Graph3D] Clearing existing objects...
[Graph3D] Calling createSimulation...
[Graph3D] Simulation created, setting up event handlers...
[Graph3D] Data changed: {
  nodesLen: [33m3[39m,
  linksLen: [33m1[39m,
  key: [33m1776869820411[39m,
  timestamp: [33m1776869819408[39m
}
[Graph3D] Creating simulation: [33m3[39m nodes
[Graph3D] createGraphSimulation called: { hasObjectManager: [33mtrue[39m, hasScene: [33mtrue[39m, nodeCount: [33m3[39m, linkCount: [33m1[39m }
[Graph3D] Clearing existing objects...
[Graph3D] Calling createSimulation...
[Graph3D] Simulation created, setting up event handlers...
[Graph3D] Data changed: {
  nodesLen: [33m3[39m,
  linksLen: [33m1[39m,
  key: [33m1776869820465[39m,
  timestamp: [33m1776869819462[39m
}
[Graph3D] Creating simulation: [33m3[39m nodes
[Graph3D] createGraphSimulation called: { hasObjectManager: [33mtrue[39m, hasScene: [33mtrue[39m, nodeCount: [33m3[39m, linkCount: [33m1[39m }
[Graph3D] Clearing existing objects...
[Graph3D] Calling createSimulation...
[Graph3D] Simulation created, setting up event handlers...
[Graph3D] Data changed: {
  nodesLen: [33m3[39m,
  linksLen: [33m1[39m,
  key: [33m1776869820525[39m,
  timestamp: [33m1776869819522[39m
}
[Graph3D] Creating simulation: [33m3[39m nodes
[Graph3D] createGraphSimulation called: { hasObjectManager: [33mtrue[39m, hasScene: [33mtrue[39m, nodeCount: [33m3[39m, linkCount: [33m1[39m }
[Graph3D] Clearing existing objects...
[Graph3D] Calling createSimulation...
[Graph3D] Simulation created, setting up event handlers...
[Graph3D] Data changed: {
  nodesLen: [33m3[39m,
  linksLen: [33m1[39m,
  key: [33m1776869820580[39m,
  timestamp: [33m1776869819577[39m
}
[Graph3D] Creating simulation: [33m3[39m nodes
[Graph3D] createGraphSimulation called: { hasObjectManager: [33mtrue[39m, hasScene: [33mtrue[39m, nodeCount: [33m3[39m, linkCount: [33m1[39m }
[Graph3D] Clearing existing objects...
[Graph3D] Calling createSimulation...
[Graph3D] Simulation created, setting up event handlers...
[Graph3D] Data changed: {
  nodesLen: [33m3[39m,
  linksLen: [33m1[39m,
  key: [33m1776869820633[39m,
  timestamp: [33m1776869819630[39m
}
[Graph3D] Creating simulation: [33m3[39m nodes
[Graph3D] createGraphSimulation called: { hasObjectManager: [33mtrue[39m, hasScene: [33mtrue[39m, nodeCount: [33m3[39m, linkCount: [33m1[39m }
[Graph3D] Clearing existing objects...
[Graph3D] Calling createSimulation...
[Graph3D] Simulation created, setting up event handlers...
[Graph3D] Data changed: {
  nodesLen: [33m3[39m,
  linksLen: [33m1[39m,
  key: [33m1776869820691[39m,
  timestamp: [33m1776869819688[39m
}
[Graph3D] Creating simulation: [33m3[39m nodes
[Graph3D] createGraphSimulation called: { hasObjectManager: [33mtrue[39m, hasScene: [33mtrue[39m, nodeCount: [33m3[39m, linkCount: [33m1[39m }
[Graph3D] Clearing existing objects...
[Graph3D] Calling createSimulation...
[Graph3D] Simulation created, setting up event handlers...
[Graph3D] Data changed: {
  nodesLen: [33m3[39m,
  linksLen: [33m1[39m,
  key: [33m1776869820743[39m,
  timestamp: [33m1776869819740[39m
}
[Graph3D] Creating simulation: [33m3[39m nodes
[Graph3D] createGraphSimulation called: { hasObjectManager: [33mtrue[39m, hasScene: [33mtrue[39m, nodeCount: [33m3[39m, linkCount: [33m1[39m }
[Graph3D] Clearing existing objects...
[Graph3D] Calling createSimulation...
[Graph3D] Simulation created, setting up event handlers...
[Graph3D] Data changed: {
  nodesLen: [33m3[39m,
  linksLen: [33m1[39m,
  key: [33m1776869820794[39m,
  timestamp: [33m1776869819791[39m
}
[Graph3D] Creating simulation: [33m3[39m nodes
[Graph3D] createGraphSimulation called: { hasObjectManager: [33mtrue[39m, hasScene: [33mtrue[39m, nodeCount: [33m3[39m, linkCount: [33m1[39m }
[Graph3D] Clearing existing objects...
[Graph3D] Calling createSimulation...
[Graph3D] Simulation created, setting up event handlers...
[Graph3D] Data changed: {
  nodesLen: [33m3[39m,
  linksLen: [33m1[39m,
  key: [33m1776869820848[39m,
  timestamp: [33m1776869819845[39m
}
[Graph3D] Creating simulation: [33m3[39m nodes
[Graph3D] createGraphSimulation called: { hasObjectManager: [33mtrue[39m, hasScene: [33mtrue[39m, nodeCount: [33m3[39m, linkCount: [33m1[39m }
[Graph3D] Clearing existing objects...
[Graph3D] Calling createSimulation...
[Graph3D] Simulation created, setting up event handlers...
[Graph3D] Data changed: {
  nodesLen: [33m3[39m,
  linksLen: [33m1[39m,
  key: [33m1776869820899[39m,
  timestamp: [33m1776869819896[39m
}
[Graph3D] Creating simulation: [33m3[39m nodes
[Graph3D] createGraphSimulation called: { hasObjectManager: [33mtrue[39m, hasScene: [33mtrue[39m, nodeCount: [33m3[39m, linkCount: [33m1[39m }
[Graph3D] Clearing existing objects...
[Graph3D] Calling createSimulation...
[Graph3D] Simulation created, setting up event handlers...
[Graph3D] Data changed: {
  nodesLen: [33m3[39m,
  linksLen: [33m1[39m,
  key: [33m1776869820949[39m,
  timestamp: [33m1776869819946[39m
}
[Graph3D] Creating simulation: [33m3[39m nodes
[Graph3D] createGraphSimulation called: { hasObjectManager: [33mtrue[39m, hasScene: [33mtrue[39m, nodeCount: [33m3[39m, linkCount: [33m1[39m }
[Graph3D] Clearing existing objects...
[Graph3D] Calling createSimulation...
[Graph3D] Simulation created, setting up event handlers...
[Graph3D] Data changed: {
  nodesLen: [33m3[39m,
  linksLen: [33m1[39m,
  key: [33m1776869821013[39m,
  timestamp: [33m1776869820010[39m
}
[Graph3D] Creating simulation: [33m3[39m nodes
[Graph3D] createGraphSimulation called: { hasObjectManager: [33mtrue[39m, hasScene: [33mtrue[39m, nodeCount: [33m3[39m, linkCount: [33m1[39m }
[Graph3D] Clearing existing objects...
[Graph3D] Calling createSimulation...
[Graph3D] Simulation created, setting up event handlers...
[Graph3D] Data changed: {
  nodesLen: [33m3[39m,
  linksLen: [33m1[39m,
  key: [33m1776869821149[39m,
  timestamp: [33m1776869820146[39m
}
[Graph3D] Creating simulation: [33m3[39m nodes
[Graph3D] createGraphSimulation called: { hasObjectManager: [33mtrue[39m, hasScene: [33mtrue[39m, nodeCount: [33m3[39m, linkCount: [33m1[39m }
[Graph3D] Clearing existing objects...
[Graph3D] Calling createSimulation...
[Graph3D] Simulation created, setting up event handlers...
[Graph3D] Data changed: {
  nodesLen: [33m3[39m,
  linksLen: [33m1[39m,
  key: [33m1776869821223[39m,
  timestamp: [33m1776869820220[39m
}
[Graph3D] Creating simulation: [33m3[39m nodes
[Graph3D] createGraphSimulation called: { hasObjectManager: [33mtrue[39m, hasScene: [33mtrue[39m, nodeCount: [33m3[39m, linkCount: [33m1[39m }
[Graph3D] Clearing existing objects...
[Graph3D] Calling createSimulation...
[Graph3D] Simulation created, setting up event handlers...
[Graph3D] Data changed: {
  nodesLen: [33m3[39m,
  linksLen: [33m1[39m,
  key: [33m1776869821292[39m,
  timestamp: [33m1776869820289[39m
}
[Graph3D] Creating simulation: [33m3[39m nodes
[Graph3D] createGraphSimulation called: { hasObjectManager: [33mtrue[39m, hasScene: [33mtrue[39m, nodeCount: [33m3[39m, linkCount: [33m1[39m }
[Graph3D] Clearing existing objects...
[Graph3D] Calling createSimulation...
[Graph3D] Simulation created, setting up event handlers...
[Graph3D] Data changed: {
  nodesLen: [33m3[39m,
  linksLen: [33m1[39m,
  key: [33m1776869821353[39m,
  timestamp: [33m1776869820350[39m
}
[Graph3D] Creating simulation: [33m3[39m nodes
[Graph3D] createGraphSimulation called: { hasObjectManager: [33mtrue[39m, hasScene: [33mtrue[39m, nodeCount: [33m3[39m, linkCount: [33m1[39m }
[Graph3D] Clearing existing objects...
[Graph3D] Calling createSimulation...
[Graph3D] Simulation created, setting up event handlers...
[Graph3D] Data changed: {
  nodesLen: [33m3[39m,
  linksLen: [33m1[39m,
  key: [33m1776869821422[39m,
  timestamp: [33m1776869820419[39m
}
[Graph3D] Creating simulation: [33m3[39m nodes
[Graph3D] createGraphSimulation called: { hasObjectManager: [33mtrue[39m, hasScene: [33mtrue[39m, nodeCount: [33m3[39m, linkCount: [33m1[39m }
[Graph3D] Clearing existing objects...
[Graph3D] Calling createSimulation...
[Graph3D] Simulation created, setting up event handlers...
[Graph3D] Data changed: {
  nodesLen: [33m3[39m,
  linksLen: [33m1[39m,
  key: [33m1776869821499[39m,
  timestamp: [33m1776869820496[39m
}
[Graph3D] Creating simulation: [33m3[39m nodes
[Graph3D] createGraphSimulation called: { hasObjectManager: [33mtrue[39m, hasScene: [33mtrue[39m, nodeCount: [33m3[39m, linkCount: [33m1[39m }
[Graph3D] Clearing existing objects...
[Graph3D] Calling createSimulation...
[Graph3D] Simulation created, setting up event handlers...
[Graph3D] Data changed: {
  nodesLen: [33m3[39m,
  linksLen: [33m1[39m,
  key: [33m1776869821559[39m,
  timestamp: [33m1776869820556[39m
}
[Graph3D] Creating simulation: [33m3[39m nodes
[Graph3D] createGraphSimulation called: { hasObjectManager: [33mtrue[39m, hasScene: [33mtrue[39m, nodeCount: [33m3[39m, linkCount: [33m1[39m }
[Graph3D] Clearing existing objects...
[Graph3D] Calling createSimulation...
[Graph3D] Simulation created, setting up event handlers...
[Graph3D] Data changed: {
  nodesLen: [33m3[39m,
  linksLen: [33m1[39m,
  key: [33m1776869821617[39m,
  timestamp: [33m1776869820614[39m
}
[Graph3D] Creating simulation: [33m3[39m nodes
[Graph3D] createGraphSimulation called: { hasObjectManager: [33mtrue[39m, hasScene: [33mtrue[39m, nodeCount: [33m3[39m, linkCount: [33m1[39m }
[Graph3D] Clearing existing objects...
[Graph3D] Calling createSimulation...
[Graph3D] Simulation created, setting up event handlers...
[Graph3D] Data changed: {
  nodesLen: [33m3[39m,
  linksLen: [33m1[39m,
  key: [33m1776869821669[39m,
  timestamp: [33m1776869820666[39m
}
[Graph3D] Creating simulation: [33m3[39m nodes
[Graph3D] createGraphSimulation called: { hasObjectManager: [33mtrue[39m, hasScene: [33mtrue[39m, nodeCount: [33m3[39m, linkCount: [33m1[39m }
[Graph3D] Clearing existing objects...
[Graph3D] Calling createSimulation...
[Graph3D] Simulation created, setting up event handlers...
[Graph3D] Data changed: {
  nodesLen: [33m3[39m,
  linksLen: [33m1[39m,
  key: [33m1776869821722[39m,
  timestamp: [33m1776869820719[39m
}
[Graph3D] Creating simulation: [33m3[39m nodes
[Graph3D] createGraphSimulation called: { hasObjectManager: [33mtrue[39m, hasScene: [33mtrue[39m, nodeCount: [33m3[39m, linkCount: [33m1[39m }
[Graph3D] Clearing existing objects...
[Graph3D] Calling createSimulation...
[Graph3D] Simulation created, setting up event handlers...
[Graph3D] Data changed: {
  nodesLen: [33m3[39m,
  linksLen: [33m1[39m,
  key: [33m1776869821776[39m,
  timestamp: [33m1776869820773[39m
}
[Graph3D] Creating simulation: [33m3[39m nodes
[Graph3D] createGraphSimulation called: { hasObjectManager: [33mtrue[39m, hasScene: [33mtrue[39m, nodeCount: [33m3[39m, linkCount: [33m1[39m }
[Graph3D] Clearing existing objects...
[Graph3D] Calling createSimulation...
[Graph3D] Simulation created, setting up event handlers...
[Graph3D] Data changed: {
  nodesLen: [33m3[39m,
  linksLen: [33m1[39m,
  key: [33m1776869821834[39m,
  timestamp: [33m1776869820831[39m
}
[Graph3D] Creating simulation: [33m3[39m nodes
[Graph3D] createGraphSimulation called: { hasObjectManager: [33mtrue[39m, hasScene: [33mtrue[39m, nodeCount: [33m3[39m, linkCount: [33m1[39m }
[Graph3D] Clearing existing objects...
[Graph3D] Calling createSimulation...
[Graph3D] Simulation created, setting up event handlers...
[Graph3D] Data changed: {
  nodesLen: [33m3[39m,
  linksLen: [33m1[39m,
  key: [33m1776869821888[39m,
  timestamp: [33m1776869820885[39m
}
[Graph3D] Creating simulation: [33m3[39m nodes
[Graph3D] createGraphSimulation called: { hasObjectManager: [33mtrue[39m, hasScene: [33mtrue[39m, nodeCount: [33m3[39m, linkCount: [33m1[39m }
[Graph3D] Clearing existing objects...
[Graph3D] Calling createSimulation...
[Graph3D] Simulation created, setting up event handlers...
[Graph3D] Data changed: {
  nodesLen: [33m3[39m,
  linksLen: [33m1[39m,
  key: [33m1776869821948[39m,
  timestamp: [33m1776869820945[39m
}
[Graph3D] Creating simulation: [33m3[39m nodes
[Graph3D] createGraphSimulation called: { hasObjectManager: [33mtrue[39m, hasScene: [33mtrue[39m, nodeCount: [33m3[39m, linkCount: [33m1[39m }
[Graph3D] Clearing existing objects...
[Graph3D] Calling createSimulation...
[Graph3D] Simulation created, setting up event handlers...
[Graph3D] Data changed: {
  nodesLen: [33m3[39m,
  linksLen: [33m1[39m,
  key: [33m1776869822002[39m,
  timestamp: [33m1776869820999[39m
}
[Graph3D] Creating simulation: [33m3[39m nodes
[Graph3D] createGraphSimulation called: { hasObjectManager: [33mtrue[39m, hasScene: [33mtrue[39m, nodeCount: [33m3[39m, linkCount: [33m1[39m }
[Graph3D] Clearing existing objects...
[Graph3D] Calling createSimulation...
[Graph3D] Simulation created, setting up event handlers...
[Graph3D] Data changed: {
  nodesLen: [33m3[39m,
  linksLen: [33m1[39m,
  key: [33m1776869822059[39m,
  timestamp: [33m1776869821056[39m
}
[Graph3D] Creating simulation: [33m3[39m nodes
[Graph3D] createGraphSimulation called: { hasObjectManager: [33mtrue[39m, hasScene: [33mtrue[39m, nodeCount: [33m3[39m, linkCount: [33m1[39m }
[Graph3D] Clearing existing objects...
[Graph3D] Calling createSimulation...
[Graph3D] Simulation created, setting up event handlers...
[Graph3D] Data changed: {
  nodesLen: [33m3[39m,
  linksLen: [33m1[39m,
  key: [33m1776869822111[39m,
  timestamp: [33m1776869821108[39m
}
[Graph3D] Creating simulation: [33m3[39m nodes
[Graph3D] createGraphSimulation called: { hasObjectManager: [33mtrue[39m, hasScene: [33mtrue[39m, nodeCount: [33m3[39m, linkCount: [33m1[39m }
[Graph3D] Clearing existing objects...
[Graph3D] Calling createSimulation...
[Graph3D] Simulation created, setting up event handlers...
[Graph3D] Data changed: {
  nodesLen: [33m3[39m,
  linksLen: [33m1[39m,
  key: [33m1776869822186[39m,
  timestamp: [33m1776869821183[39m
}
[Graph3D] Creating simulation: [33m3[39m nodes
[Graph3D] createGraphSimulation called: { hasObjectManager: [33mtrue[39m, hasScene: [33mtrue[39m, nodeCount: [33m3[39m, linkCount: [33m1[39m }
[Graph3D] Clearing existing objects...
[Graph3D] Calling createSimulation...
[Graph3D] Simulation created, setting up event handlers...
[Graph3D] Data changed: {
  nodesLen: [33m3[39m,
  linksLen: [33m1[39m,
  key: [33m1776869822263[39m,
  timestamp: [33m1776869821260[39m
}
[Graph3D] Creating simulation: [33m3[39m nodes
[Graph3D] createGraphSimulation called: { hasObjectManager: [33mtrue[39m, hasScene: [33mtrue[39m, nodeCount: [33m3[39m, linkCount: [33m1[39m }
[Graph3D] Clearing existing objects...
[Graph3D] Calling createSimulation...
[Graph3D] Simulation created, setting up event handlers...
[Graph3D] Data changed: {
  nodesLen: [33m3[39m,
  linksLen: [33m1[39m,
  key: [33m1776869822323[39m,
  timestamp: [33m1776869821320[39m
}
[Graph3D] Creating simulation: [33m3[39m nodes
[Graph3D] createGraphSimulation called: { hasObjectManager: [33mtrue[39m, hasScene: [33mtrue[39m, nodeCount: [33m3[39m, linkCount: [33m1[39m }
[Graph3D] Clearing existing objects...
[Graph3D] Calling createSimulation...
[Graph3D] Simulation created, setting up event handlers...
[Graph3D] Data changed: {
  nodesLen: [33m3[39m,
  linksLen: [33m1[39m,
  key: [33m1776869822388[39m,
  timestamp: [33m1776869821385[39m
}
[Graph3D] Creating simulation: [33m3[39m nodes
[Graph3D] createGraphSimulation called: { hasObjectManager: [33mtrue[39m, hasScene: [33mtrue[39m, nodeCount: [33m3[39m, linkCount: [33m1[39m }
[Graph3D] Clearing existing objects...
[Graph3D] Calling createSimulation...
[Graph3D] Simulation created, setting up event handlers...
[Graph3D] Data changed: {
  nodesLen: [33m3[39m,
  linksLen: [33m1[39m,
  key: [33m1776869822446[39m,
  timestamp: [33m1776869821443[39m
}
[Graph3D] Creating simulation: [33m3[39m nodes
[Graph3D] createGraphSimulation called: { hasObjectManager: [33mtrue[39m, hasScene: [33mtrue[39m, nodeCount: [33m3[39m, linkCount: [33m1[39m }
[Graph3D] Clearing existing objects...
[Graph3D] Calling createSimulation...
[Graph3D] Simulation created, setting up event handlers...
[Graph3D] Data changed: {
  nodesLen: [33m3[39m,
  linksLen: [33m1[39m,
  key: [33m1776869822504[39m,
  timestamp: [33m1776869821501[39m
}
[Graph3D] Creating simulation: [33m3[39m nodes
[Graph3D] createGraphSimulation called: { hasObjectManager: [33mtrue[39m, hasScene: [33mtrue[39m, nodeCount: [33m3[39m, linkCount: [33m1[39m }
[Graph3D] Clearing existing objects...
[Graph3D] Calling createSimulation...
[Graph3D] Simulation created, setting up event handlers...
[Graph3D] Data changed: {
  nodesLen: [33m3[39m,
  linksLen: [33m1[39m,
  key: [33m1776869822564[39m,
  timestamp: [33m1776869821561[39m
}
[Graph3D] Creating simulation: [33m3[39m nodes
[Graph3D] createGraphSimulation called: { hasObjectManager: [33mtrue[39m, hasScene: [33mtrue[39m, nodeCount: [33m3[39m, linkCount: [33m1[39m }
[Graph3D] Clearing existing objects...
[Graph3D] Calling createSimulation...
[Graph3D] Simulation created, setting up event handlers...
[Graph3D] Data changed: {
  nodesLen: [33m3[39m,
  linksLen: [33m1[39m,
  key: [33m1776869822619[39m,
  timestamp: [33m1776869821616[39m
}
[Graph3D] Creating simulation: [33m3[39m nodes
[Graph3D] createGraphSimulation called: { hasObjectManager: [33mtrue[39m, hasScene: [33mtrue[39m, nodeCount: [33m3[39m, linkCount: [33m1[39m }
[Graph3D] Clearing existing objects...
[Graph3D] Calling createSimulation...
[Graph3D] Simulation created, setting up event handlers...
[Graph3D] Data changed: {
  nodesLen: [33m3[39m,
  linksLen: [33m1[39m,
  key: [33m1776869822681[39m,
  timestamp: [33m1776869821678[39m
}
[Graph3D] Creating simulation: [33m3[39m nodes
[Graph3D] createGraphSimulation called: { hasObjectManager: [33mtrue[39m, hasScene: [33mtrue[39m, nodeCount: [33m3[39m, linkCount: [33m1[39m }
[Graph3D] Clearing existing objects...
[Graph3D] Calling createSimulation...
[Graph3D] Simulation created, setting up event handlers...
[Graph3D] Data changed: {
  nodesLen: [33m3[39m,
  linksLen: [33m1[39m,
  key: [33m1776869822747[39m,
  timestamp: [33m1776869821744[39m
}
[Graph3D] Creating simulation: [33m3[39m nodes
[Graph3D] createGraphSimulation called: { hasObjectManager: [33mtrue[39m, hasScene: [33mtrue[39m, nodeCount: [33m3[39m, linkCount: [33m1[39m }
[Graph3D] Clearing existing objects...
[Graph3D] Calling createSimulation...
[Graph3D] Simulation created, setting up event handlers...
[Graph3D] Data changed: {
  nodesLen: [33m3[39m,
  linksLen: [33m1[39m,
  key: [33m1776869822801[39m,
  timestamp: [33m1776869821798[39m
}
[Graph3D] Creating simulation: [33m3[39m nodes
[Graph3D] createGraphSimulation called: { hasObjectManager: [33mtrue[39m, hasScene: [33mtrue[39m, nodeCount: [33m3[39m, linkCount: [33m1[39m }
[Graph3D] Clearing existing objects...
[Graph3D] Calling createSimulation...
[Graph3D] Simulation created, setting up event handlers...
[Graph3D] Data changed: {
  nodesLen: [33m3[39m,
  linksLen: [33m1[39m,
  key: [33m1776869822853[39m,
  timestamp: [33m1776869821850[39m
}
[Graph3D] Creating simulation: [33m3[39m nodes
[Graph3D] createGraphSimulation called: { hasObjectManager: [33mtrue[39m, hasScene: [33mtrue[39m, nodeCount: [33m3[39m, linkCount: [33m1[39m }
[Graph3D] Clearing existing objects...
[Graph3D] Calling createSimulation...
[Graph3D] Simulation created, setting up event handlers...
[Graph3D] Data changed: {
  nodesLen: [33m3[39m,
  linksLen: [33m1[39m,
  key: [33m1776869822905[39m,
  timestamp: [33m1776869821902[39m
}
[Graph3D] Creating simulation: [33m3[39m nodes
[Graph3D] createGraphSimulation called: { hasObjectManager: [33mtrue[39m, hasScene: [33mtrue[39m, nodeCount: [33m3[39m, linkCount: [33m1[39m }
[Graph3D] Clearing existing objects...
[Graph3D] Calling createSimulation...
[Graph3D] Simulation created, setting up event handlers...
[Graph3D] Data changed: {
  nodesLen: [33m3[39m,
  linksLen: [33m1[39m,
  key: [33m1776869822957[39m,
  timestamp: [33m1776869821954[39m
}
[Graph3D] Creating simulation: [33m3[39m nodes
[Graph3D] createGraphSimulation called: { hasObjectManager: [33mtrue[39m, hasScene: [33mtrue[39m, nodeCount: [33m3[39m, linkCount: [33m1[39m }
[Graph3D] Clearing existing objects...
[Graph3D] Calling createSimulation...
[Graph3D] Simulation created, setting up event handlers...
[Graph3D] Data changed: {
  nodesLen: [33m3[39m,
  linksLen: [33m1[39m,
  key: [33m1776869823011[39m,
  timestamp: [33m1776869822008[39m
}
[Graph3D] Creating simulation: [33m3[39m nodes
[Graph3D] createGraphSimulation called: { hasObjectManager: [33mtrue[39m, hasScene: [33mtrue[39m, nodeCount: [33m3[39m, linkCount: [33m1[39m }
[Graph3D] Clearing existing objects...
[Graph3D] Calling createSimulation...
[Graph3D] Simulation created, setting up event handlers...
[Graph3D] Data changed: {
  nodesLen: [33m3[39m,
  linksLen: [33m1[39m,
  key: [33m1776869823065[39m,
  timestamp: [33m1776869822062[39m
}
[Graph3D] Creating simulation: [33m3[39m nodes
[Graph3D] createGraphSimulation called: { hasObjectManager: [33mtrue[39m, hasScene: [33mtrue[39m, nodeCount: [33m3[39m, linkCount: [33m1[39m }
[Graph3D] Clearing existing objects...
[Graph3D] Calling createSimulation...
[Graph3D] Simulation created, setting up event handlers...
[Graph3D] Data changed: {
  nodesLen: [33m3[39m,
  linksLen: [33m1[39m,
  key: [33m1776869823118[39m,
  timestamp: [33m1776869822115[39m
}
[Graph3D] Creating simulation: [33m3[39m nodes
[Graph3D] createGraphSimulation called: { hasObjectManager: [33mtrue[39m, hasScene: [33mtrue[39m, nodeCount: [33m3[39m, linkCount: [33m1[39m }
[Graph3D] Clearing existing objects...
[Graph3D] Calling createSimulation...
[Graph3D] Simulation created, setting up event handlers...
[Graph3D] Data changed: {
  nodesLen: [33m3[39m,
  linksLen: [33m1[39m,
  key: [33m1776869823178[39m,
  timestamp: [33m1776869822175[39m
}
[Graph3D] Creating simulation: [33m3[39m nodes
[Graph3D] createGraphSimulation called: { hasObjectManager: [33mtrue[39m, hasScene: [33mtrue[39m, nodeCount: [33m3[39m, linkCount: [33m1[39m }
[Graph3D] Clearing existing objects...
[Graph3D] Calling createSimulation...
[Graph3D] Simulation created, setting up event handlers...
[Graph3D] Data changed: {
  nodesLen: [33m3[39m,
  linksLen: [33m1[39m,
  key: [33m1776869823230[39m,
  timestamp: [33m1776869822227[39m
}
[Graph3D] Creating simulation: [33m3[39m nodes
[Graph3D] createGraphSimulation called: { hasObjectManager: [33mtrue[39m, hasScene: [33mtrue[39m, nodeCount: [33m3[39m, linkCount: [33m1[39m }
[Graph3D] Clearing existing objects...
[Graph3D] Calling createSimulation...
[Graph3D] Simulation created, setting up event handlers...
[Graph3D] Data changed: {
  nodesLen: [33m3[39m,
  linksLen: [33m1[39m,
  key: [33m1776869823287[39m,
  timestamp: [33m1776869822284[39m
}
[Graph3D] Creating simulation: [33m3[39m nodes
[Graph3D] createGraphSimulation called: { hasObjectManager: [33mtrue[39m, hasScene: [33mtrue[39m, nodeCount: [33m3[39m, linkCount: [33m1[39m }
[Graph3D] Clearing existing objects...
[Graph3D] Calling createSimulation...
[Graph3D] Simulation created, setting up event handlers...
[Graph3D] Data changed: {
  nodesLen: [33m3[39m,
  linksLen: [33m1[39m,
  key: [33m1776869823352[39m,
  timestamp: [33m1776869822349[39m
}
[Graph3D] Creating simulation: [33m3[39m nodes
[Graph3D] createGraphSimulation called: { hasObjectManager: [33mtrue[39m, hasScene: [33mtrue[39m, nodeCount: [33m3[39m, linkCount: [33m1[39m }
[Graph3D] Clearing existing objects...
[Graph3D] Calling createSimulation...
[Graph3D] Simulation created, setting up event handlers...
[Graph3D] Data changed: {
  nodesLen: [33m3[39m,
  linksLen: [33m1[39m,
  key: [33m1776869823411[39m,
  timestamp: [33m1776869822408[39m
}
[Graph3D] Creating simulation: [33m3[39m nodes
[Graph3D] createGraphSimulation called: { hasObjectManager: [33mtrue[39m, hasScene: [33mtrue[39m, nodeCount: [33m3[39m, linkCount: [33m1[39m }
[Graph3D] Clearing existing objects...
[Graph3D] Calling createSimulation...
[Graph3D] Simulation created, setting up event handlers...
[Graph3D] Data changed: {
  nodesLen: [33m3[39m,
  linksLen: [33m1[39m,
  key: [33m1776869823468[39m,
  timestamp: [33m1776869822465[39m
}
[Graph3D] Creating simulation: [33m3[39m nodes
[Graph3D] createGraphSimulation called: { hasObjectManager: [33mtrue[39m, hasScene: [33mtrue[39m, nodeCount: [33m3[39m, linkCount: [33m1[39m }
[Graph3D] Clearing existing objects...
[Graph3D] Calling createSimulation...
[Graph3D] Simulation created, setting up event handlers...
[Graph3D] Data changed: {
  nodesLen: [33m3[39m,
  linksLen: [33m1[39m,
  key: [33m1776869823533[39m,
  timestamp: [33m1776869822530[39m
}
[Graph3D] Creating simulation: [33m3[39m nodes
[Graph3D] createGraphSimulation called: { hasObjectManager: [33mtrue[39m, hasScene: [33mtrue[39m, nodeCount: [33m3[39m, linkCount: [33m1[39m }
[Graph3D] Clearing existing objects...
[Graph3D] Calling createSimulation...
[Graph3D] Simulation created, setting up event handlers...
[Graph3D] Data changed: {
  nodesLen: [33m3[39m,
  linksLen: [33m1[39m,
  key: [33m1776869823599[39m,
  timestamp: [33m1776869822596[39m
}
[Graph3D] Creating simulation: [33m3[39m nodes
[Graph3D] createGraphSimulation called: { hasObjectManager: [33mtrue[39m, hasScene: [33mtrue[39m, nodeCount: [33m3[39m, linkCount: [33m1[39m }
[Graph3D] Clearing existing objects...
[Graph3D] Calling createSimulation...
[Graph3D] Simulation created, setting up event handlers...
[Graph3D] Data changed: {
  nodesLen: [33m3[39m,
  linksLen: [33m1[39m,
  key: [33m1776869823651[39m,
  timestamp: [33m1776869822648[39m
}
[Graph3D] Creating simulation: [33m3[39m nodes
[Graph3D] createGraphSimulation called: { hasObjectManager: [33mtrue[39m, hasScene: [33mtrue[39m, nodeCount: [33m3[39m, linkCount: [33m1[39m }
[Graph3D] Clearing existing objects...
[Graph3D] Calling createSimulation...
[Graph3D] Simulation created, setting up event handlers...
[Graph3D] Data changed: {
  nodesLen: [33m3[39m,
  linksLen: [33m1[39m,
  key: [33m1776869823704[39m,
  timestamp: [33m1776869822701[39m
}
[Graph3D] Creating simulation: [33m3[39m nodes
[Graph3D] createGraphSimulation called: { hasObjectManager: [33mtrue[39m, hasScene: [33mtrue[39m, nodeCount: [33m3[39m, linkCount: [33m1[39m }
[Graph3D] Clearing existing objects...
[Graph3D] Calling createSimulation...
[Graph3D] Simulation created, setting up event handlers...
[Graph3D] Data changed: {
  nodesLen: [33m3[39m,
  linksLen: [33m1[39m,
  key: [33m1776869823764[39m,
  timestamp: [33m1776869822761[39m
}
[Graph3D] Creating simulation: [33m3[39m nodes
[Graph3D] createGraphSimulation called: { hasObjectManager: [33mtrue[39m, hasScene: [33mtrue[39m, nodeCount: [33m3[39m, linkCount: [33m1[39m }
[Graph3D] Clearing existing objects...
[Graph3D] Calling createSimulation...
[Graph3D] Simulation created, setting up event handlers...
[Graph3D] Data changed: {
  nodesLen: [33m3[39m,
  linksLen: [33m1[39m,
  key: [33m1776869823817[39m,
  timestamp: [33m1776869822814[39m
}
[Graph3D] Creating simulation: [33m3[39m nodes
[Graph3D] createGraphSimulation called: { hasObjectManager: [33mtrue[39m, hasScene: [33mtrue[39m, nodeCount: [33m3[39m, linkCount: [33m1[39m }
[Graph3D] Clearing existing objects...
[Graph3D] Calling createSimulation...
[Graph3D] Simulation created, setting up event handlers...
[Graph3D] Data changed: {
  nodesLen: [33m3[39m,
  linksLen: [33m1[39m,
  key: [33m1776869823869[39m,
  timestamp: [33m1776869822866[39m
}
[Graph3D] Creating simulation: [33m3[39m nodes
[Graph3D] createGraphSimulation called: { hasObjectManager: [33mtrue[39m, hasScene: [33mtrue[39m, nodeCount: [33m3[39m, linkCount: [33m1[39m }
[Graph3D] Clearing existing objects...
[Graph3D] Calling createSimulation...
[Graph3D] Simulation created, setting up event handlers...
[Graph3D] Data changed: {
  nodesLen: [33m3[39m,
  linksLen: [33m1[39m,
  key: [33m1776869823924[39m,
  timestamp: [33m1776869822921[39m
}
[Graph3D] Creating simulation: [33m3[39m nodes
[Graph3D] createGraphSimulation called: { hasObjectManager: [33mtrue[39m, hasScene: [33mtrue[39m, nodeCount: [33m3[39m, linkCount: [33m1[39m }
[Graph3D] Clearing existing objects...
[Graph3D] Calling createSimulation...
[Graph3D] Simulation created, setting up event handlers...
[Graph3D] Data changed: {
  nodesLen: [33m3[39m,
  linksLen: [33m1[39m,
  key: [33m1776869823973[39m,
  timestamp: [33m1776869822970[39m
}
[Graph3D] Creating simulation: [33m3[39m nodes
[Graph3D] createGraphSimulation called: { hasObjectManager: [33mtrue[39m, hasScene: [33mtrue[39m, nodeCount: [33m3[39m, linkCount: [33m1[39m }
[Graph3D] Clearing existing objects...
[Graph3D] Calling createSimulation...
[Graph3D] Simulation created, setting up event handlers...
[Graph3D] Data changed: {
  nodesLen: [33m3[39m,
  linksLen: [33m1[39m,
  key: [33m1776869824023[39m,
  timestamp: [33m1776869823020[39m
}
[Graph3D] Creating simulation: [33m3[39m nodes
[Graph3D] createGraphSimulation called: { hasObjectManager: [33mtrue[39m, hasScene: [33mtrue[39m, nodeCount: [33m3[39m, linkCount: [33m1[39m }
[Graph3D] Clearing existing objects...
[Graph3D] Calling createSimulation...
[Graph3D] Simulation created, setting up event handlers...
[Graph3D] Data changed: {
  nodesLen: [33m3[39m,
  linksLen: [33m1[39m,
  key: [33m1776869824075[39m,
  timestamp: [33m1776869823072[39m
}
[Graph3D] Creating simulation: [33m3[39m nodes
[Graph3D] createGraphSimulation called: { hasObjectManager: [33mtrue[39m, hasScene: [33mtrue[39m, nodeCount: [33m3[39m, linkCount: [33m1[39m }
[Graph3D] Clearing existing objects...
[Graph3D] Calling createSimulation...
[Graph3D] Simulation created, setting up event handlers...
[Graph3D] Data changed: {
  nodesLen: [33m3[39m,
  linksLen: [33m1[39m,
  key: [33m1776869824129[39m,
  timestamp: [33m1776869823126[39m
}
[Graph3D] Creating simulation: [33m3[39m nodes
[Graph3D] createGraphSimulation called: { hasObjectManager: [33mtrue[39m, hasScene: [33mtrue[39m, nodeCount: [33m3[39m, linkCount: [33m1[39m }
[Graph3D] Clearing existing objects...
[Graph3D] Calling createSimulation...
[Graph3D] Simulation created, setting up event handlers...
[Graph3D] Data changed: {
  nodesLen: [33m3[39m,
  linksLen: [33m1[39m,
  key: [33m1776869824186[39m,
  timestamp: [33m1776869823183[39m
}
[Graph3D] Creating simulation: [33m3[39m nodes
[Graph3D] createGraphSimulation called: { hasObjectManager: [33mtrue[39m, hasScene: [33mtrue[39m, nodeCount: [33m3[39m, linkCount: [33m1[39m }
[Graph3D] Clearing existing objects...
[Graph3D] Calling createSimulation...
[Graph3D] Simulation created, setting up event handlers...
[Graph3D] Data changed: {
  nodesLen: [33m3[39m,
  linksLen: [33m1[39m,
  key: [33m1776869824240[39m,
  timestamp: [33m1776869823237[39m
}
[Graph3D] Creating simulation: [33m3[39m nodes
[Graph3D] createGraphSimulation called: { hasObjectManager: [33mtrue[39m, hasScene: [33mtrue[39m, nodeCount: [33m3[39m, linkCount: [33m1[39m }
[Graph3D] Clearing existing objects...
[Graph3D] Calling createSimulation...
[Graph3D] Simulation created, setting up event handlers...
[Graph3D] Data changed: {
  nodesLen: [33m3[39m,
  linksLen: [33m1[39m,
  key: [33m1776869824295[39m,
  timestamp: [33m1776869823292[39m
}
[Graph3D] Creating simulation: [33m3[39m nodes
[Graph3D] createGraphSimulation called: { hasObjectManager: [33mtrue[39m, hasScene: [33mtrue[39m, nodeCount: [33m3[39m, linkCount: [33m1[39m }
[Graph3D] Clearing existing objects...
[Graph3D] Calling createSimulation...
[Graph3D] Simulation created, setting up event handlers...
[Graph3D] Data changed: {
  nodesLen: [33m3[39m,
  linksLen: [33m1[39m,
  key: [33m1776869824352[39m,
  timestamp: [33m1776869823349[39m
}
[Graph3D] Creating simulation: [33m3[39m nodes
[Graph3D] createGraphSimulation called: { hasObjectManager: [33mtrue[39m, hasScene: [33mtrue[39m, nodeCount: [33m3[39m, linkCount: [33m1[39m }
[Graph3D] Clearing existing objects...
[Graph3D] Calling createSimulation...
[Graph3D] Simulation created, setting up event handlers...
[Graph3D] Data changed: {
  nodesLen: [33m3[39m,
  linksLen: [33m1[39m,
  key: [33m1776869824409[39m,
  timestamp: [33m1776869823406[39m
}
[Graph3D] Creating simulation: [33m3[39m nodes
[Graph3D] createGraphSimulation called: { hasObjectManager: [33mtrue[39m, hasScene: [33mtrue[39m, nodeCount: [33m3[39m, linkCount: [33m1[39m }
[Graph3D] Clearing existing objects...
[Graph3D] Calling createSimulation...
[Graph3D] Simulation created, setting up event handlers...
[Graph3D] Data changed: {
  nodesLen: [33m3[39m,
  linksLen: [33m1[39m,
  key: [33m1776869824460[39m,
  timestamp: [33m1776869823457[39m
}
[Graph3D] Creating simulation: [33m3[39m nodes
[Graph3D] createGraphSimulation called: { hasObjectManager: [33mtrue[39m, hasScene: [33mtrue[39m, nodeCount: [33m3[39m, linkCount: [33m1[39m }
[Graph3D] Clearing existing objects...
[Graph3D] Calling createSimulation...
[Graph3D] Simulation created, setting up event handlers...
[Graph3D] Data changed: {
  nodesLen: [33m3[39m,
  linksLen: [33m1[39m,
  key: [33m1776869824513[39m,
  timestamp: [33m1776869823510[39m
}
[Graph3D] Creating simulation: [33m3[39m nodes
[Graph3D] createGraphSimulation called: { hasObjectManager: [33mtrue[39m, hasScene: [33mtrue[39m, nodeCount: [33m3[39m, linkCount: [33m1[39m }
[Graph3D] Clearing existing objects...
[Graph3D] Calling createSimulation...
[Graph3D] Simulation created, setting up event handlers...
[Graph3D] Data changed: {
  nodesLen: [33m3[39m,
  linksLen: [33m1[39m,
  key: [33m1776869824568[39m,
  timestamp: [33m1776869823565[39m
}
[Graph3D] Creating simulation: [33m3[39m nodes
[Graph3D] createGraphSimulation called: { hasObjectManager: [33mtrue[39m, hasScene: [33mtrue[39m, nodeCount: [33m3[39m, linkCount: [33m1[39m }
[Graph3D] Clearing existing objects...
[Graph3D] Calling createSimulation...
[Graph3D] Simulation created, setting up event handlers...
[Graph3D] Data changed: {
  nodesLen: [33m3[39m,
  linksLen: [33m1[39m,
  key: [33m1776869824620[39m,
  timestamp: [33m1776869823617[39m
}
[Graph3D] Creating simulation: [33m3[39m nodes
[Graph3D] createGraphSimulation called: { hasObjectManager: [33mtrue[39m, hasScene: [33mtrue[39m, nodeCount: [33m3[39m, linkCount: [33m1[39m }
[Graph3D] Clearing existing objects...
[Graph3D] Calling createSimulation...
[Graph3D] Simulation created, setting up event handlers...
[Graph3D] Data changed: {
  nodesLen: [33m3[39m,
  linksLen: [33m1[39m,
  key: [33m1776869824673[39m,
  timestamp: [33m1776869823670[39m
}
[Graph3D] Creating simulation: [33m3[39m nodes
[Graph3D] createGraphSimulation called: { hasObjectManager: [33mtrue[39m, hasScene: [33mtrue[39m, nodeCount: [33m3[39m, linkCount: [33m1[39m }
[Graph3D] Clearing existing objects...
[Graph3D] Calling createSimulation...
[Graph3D] Simulation created, setting up event handlers...
[Graph3D] Data changed: {
  nodesLen: [33m3[39m,
  linksLen: [33m1[39m,
  key: [33m1776869824724[39m,
  timestamp: [33m1776869823721[39m
}
[Graph3D] Creating simulation: [33m3[39m nodes
[Graph3D] createGraphSimulation called: { hasObjectManager: [33mtrue[39m, hasScene: [33mtrue[39m, nodeCount: [33m3[39m, linkCount: [33m1[39m }
[Graph3D] Clearing existing objects...
[Graph3D] Calling createSimulation...
[Graph3D] Simulation created, setting up event handlers...
[Graph3D] Data changed: {
  nodesLen: [33m3[39m,
  linksLen: [33m1[39m,
  key: [33m1776869824776[39m,
  timestamp: [33m1776869823773[39m
}
[Graph3D] Creating simulation: [33m3[39m nodes
[Graph3D] createGraphSimulation called: { hasObjectManager: [33mtrue[39m, hasScene: [33mtrue[39m, nodeCount: [33m3[39m, linkCount: [33m1[39m }
[Graph3D] Clearing existing objects...
[Graph3D] Calling createSimulation...
[Graph3D] Simulation created, setting up event handlers...
[Graph3D] Data changed: {
  nodesLen: [33m3[39m,
  linksLen: [33m1[39m,
  key: [33m1776869824830[39m,
  timestamp: [33m1776869823827[39m
}
[Graph3D] Creating simulation: [33m3[39m nodes
[Graph3D] createGraphSimulation called: { hasObjectManager: [33mtrue[39m, hasScene: [33mtrue[39m, nodeCount: [33m3[39m, linkCount: [33m1[39m }
[Graph3D] Clearing existing objects...
[Graph3D] Calling createSimulation...
[Graph3D] Simulation created, setting up event handlers...
[Graph3D] Data changed: {
  nodesLen: [33m3[39m,
  linksLen: [33m1[39m,
  key: [33m1776869824885[39m,
  timestamp: [33m1776869823882[39m
}
[Graph3D] Creating simulation: [33m3[39m nodes
[Graph3D] createGraphSimulation called: { hasObjectManager: [33mtrue[39m, hasScene: [33mtrue[39m, nodeCount: [33m3[39m, linkCount: [33m1[39m }
[Graph3D] Clearing existing objects...
[Graph3D] Calling createSimulation...
[Graph3D] Simulation created, setting up event handlers...
[Graph3D] Data changed: {
  nodesLen: [33m3[39m,
  linksLen: [33m1[39m,
  key: [33m1776869824933[39m,
  timestamp: [33m1776869823930[39m
}
[Graph3D] Creating simulation: [33m3[39m nodes
[Graph3D] createGraphSimulation called: { hasObjectManager: [33mtrue[39m, hasScene: [33mtrue[39m, nodeCount: [33m3[39m, linkCount: [33m1[39m }
[Graph3D] Clearing existing objects...
[Graph3D] Calling createSimulation...
[Graph3D] Simulation created, setting up event handlers...
[Graph3D] Data changed: {
  nodesLen: [33m3[39m,
  linksLen: [33m1[39m,
  key: [33m1776869824989[39m,
  timestamp: [33m1776869823986[39m
}
[Graph3D] Creating simulation: [33m3[39m nodes
[Graph3D] createGraphSimulation called: { hasObjectManager: [33mtrue[39m, hasScene: [33mtrue[39m, nodeCount: [33m3[39m, linkCount: [33m1[39m }
[Graph3D] Clearing existing objects...
[Graph3D] Calling createSimulation...
[Graph3D] Simulation created, setting up event handlers...
[Graph3D] Data changed: {
  nodesLen: [33m3[39m,
  linksLen: [33m1[39m,
  key: [33m1776869825040[39m,
  timestamp: [33m1776869824037[39m
}
[Graph3D] Creating simulation: [33m3[39m nodes
[Graph3D] createGraphSimulation called: { hasObjectManager: [33mtrue[39m, hasScene: [33mtrue[39m, nodeCount: [33m3[39m, linkCount: [33m1[39m }
[Graph3D] Clearing existing objects...
[Graph3D] Calling createSimulation...
[Graph3D] Simulation created, setting up event handlers...
[Graph3D] Data changed: {
  nodesLen: [33m3[39m,
  linksLen: [33m1[39m,
  key: [33m1776869825096[39m,
  timestamp: [33m1776869824093[39m
}
[Graph3D] Creating simulation: [33m3[39m nodes
[Graph3D] createGraphSimulation called: { hasObjectManager: [33mtrue[39m, hasScene: [33mtrue[39m, nodeCount: [33m3[39m, linkCount: [33m1[39m }
[Graph3D] Clearing existing objects...
[Graph3D] Calling createSimulation...
[Graph3D] Simulation created, setting up event handlers...
[Graph3D] Data changed: {
  nodesLen: [33m3[39m,
  linksLen: [33m1[39m,
  key: [33m1776869825148[39m,
  timestamp: [33m1776869824145[39m
}
[Graph3D] Creating simulation: [33m3[39m nodes
[Graph3D] createGraphSimulation called: { hasObjectManager: [33mtrue[39m, hasScene: [33mtrue[39m, nodeCount: [33m3[39m, linkCount: [33m1[39m }
[Graph3D] Clearing existing objects...
[Graph3D] Calling createSimulation...
[Graph3D] Simulation created, setting up event handlers...
[Graph3D] Data changed: {
  nodesLen: [33m3[39m,
  linksLen: [33m1[39m,
  key: [33m1776869825200[39m,
  timestamp: [33m1776869824197[39m
}
[Graph3D] Creating simulation: [33m3[39m nodes
[Graph3D] createGraphSimulation called: { hasObjectManager: [33mtrue[39m, hasScene: [33mtrue[39m, nodeCount: [33m3[39m, linkCount: [33m1[39m }
[Graph3D] Clearing existing objects...
[Graph3D] Calling createSimulation...
[Graph3D] Simulation created, setting up event handlers...
[Graph3D] Data changed: {
  nodesLen: [33m3[39m,
  linksLen: [33m1[39m,
  key: [33m1776869825255[39m,
  timestamp: [33m1776869824252[39m
}
[Graph3D] Creating simulation: [33m3[39m nodes
[Graph3D] createGraphSimulation called: { hasObjectManager: [33mtrue[39m, hasScene: [33mtrue[39m, nodeCount: [33m3[39m, linkCount: [33m1[39m }
[Graph3D] Clearing existing objects...
[Graph3D] Calling createSimulation...
[Graph3D] Simulation created, setting up event handlers...
[Graph3D] Data changed: {
  nodesLen: [33m3[39m,
  linksLen: [33m1[39m,
  key: [33m1776869825307[39m,
  timestamp: [33m1776869824304[39m
}
[Graph3D] Creating simulation: [33m3[39m nodes
[Graph3D] createGraphSimulation called: { hasObjectManager: [33mtrue[39m, hasScene: [33mtrue[39m, nodeCount: [33m3[39m, linkCount: [33m1[39m }
[Graph3D] Clearing existing objects...
[Graph3D] Calling createSimulation...
[Graph3D] Simulation created, setting up event handlers...
[Graph3D] Data changed: {
  nodesLen: [33m3[39m,
  linksLen: [33m1[39m,
  key: [33m1776869825365[39m,
  timestamp: [33m1776869824362[39m
}
[Graph3D] Creating simulation: [33m3[39m nodes
[Graph3D] createGraphSimulation called: { hasObjectManager: [33mtrue[39m, hasScene: [33mtrue[39m, nodeCount: [33m3[39m, linkCount: [33m1[39m }
[Graph3D] Clearing existing objects...
[Graph3D] Calling createSimulation...
[Graph3D] Simulation created, setting up event handlers...
[Graph3D] Data changed: {
  nodesLen: [33m3[39m,
  linksLen: [33m1[39m,
  key: [33m1776869825418[39m,
  timestamp: [33m1776869824415[39m
}
[Graph3D] Creating simulation: [33m3[39m nodes
[Graph3D] createGraphSimulation called: { hasObjectManager: [33mtrue[39m, hasScene: [33mtrue[39m, nodeCount: [33m3[39m, linkCount: [33m1[39m }
[Graph3D] Clearing existing objects...
[Graph3D] Calling createSimulation...
[Graph3D] Simulation created, setting up event handlers...
[Graph3D] Data changed: {
  nodesLen: [33m3[39m,
  linksLen: [33m1[39m,
  key: [33m1776869825472[39m,
  timestamp: [33m1776869824469[39m
}
[Graph3D] Creating simulation: [33m3[39m nodes
[Graph3D] createGraphSimulation called: { hasObjectManager: [33mtrue[39m, hasScene: [33mtrue[39m, nodeCount: [33m3[39m, linkCount: [33m1[39m }
[Graph3D] Clearing existing objects...
[Graph3D] Calling createSimulation...
[Graph3D] Simulation created, setting up event handlers...
[Graph3D] Data changed: {
  nodesLen: [33m3[39m,
  linksLen: [33m1[39m,
  key: [33m1776869825529[39m,
  timestamp: [33m1776869824526[39m
}
[Graph3D] Creating simulation: [33m3[39m nodes
[Graph3D] createGraphSimulation called: { hasObjectManager: [33mtrue[39m, hasScene: [33mtrue[39m, nodeCount: [33m3[39m, linkCount: [33m1[39m }
[Graph3D] Clearing existing objects...
[Graph3D] Calling createSimulation...
[Graph3D] Simulation created, setting up event handlers...
[Graph3D] Data changed: {
  nodesLen: [33m3[39m,
  linksLen: [33m1[39m,
  key: [33m1776869825589[39m,
  timestamp: [33m1776869824586[39m
}
[Graph3D] Creating simulation: [33m3[39m nodes
[Graph3D] createGraphSimulation called: { hasObjectManager: [33mtrue[39m, hasScene: [33mtrue[39m, nodeCount: [33m3[39m, linkCount: [33m1[39m }
[Graph3D] Clearing existing objects...
[Graph3D] Calling createSimulation...
[Graph3D] Simulation created, setting up event handlers...
[Graph3D] Data changed: {
  nodesLen: [33m3[39m,
  linksLen: [33m1[39m,
  key: [33m1776869825646[39m,
  timestamp: [33m1776869824643[39m
}
[Graph3D] Creating simulation: [33m3[39m nodes
[Graph3D] createGraphSimulation called: { hasObjectManager: [33mtrue[39m, hasScene: [33mtrue[39m, nodeCount: [33m3[39m, linkCount: [33m1[39m }
[Graph3D] Clearing existing objects...
[Graph3D] Calling createSimulation...
[Graph3D] Simulation created, setting up event handlers...
[Graph3D] Data changed: {
  nodesLen: [33m3[39m,
  linksLen: [33m1[39m,
  key: [33m1776869825697[39m,
  timestamp: [33m1776869824694[39m
}
[Graph3D] Creating simulation: [33m3[39m nodes
[Graph3D] createGraphSimulation called: { hasObjectManager: [33mtrue[39m, hasScene: [33mtrue[39m, nodeCount: [33m3[39m, linkCount: [33m1[39m }
[Graph3D] Clearing existing objects...
[Graph3D] Calling createSimulation...
[Graph3D] Simulation created, setting up event handlers...
[Graph3D] Data changed: {
  nodesLen: [33m3[39m,
  linksLen: [33m1[39m,
  key: [33m1776869825752[39m,
  timestamp: [33m1776869824749[39m
}
[Graph3D] Creating simulation: [33m3[39m nodes
[Graph3D] createGraphSimulation called: { hasObjectManager: [33mtrue[39m, hasScene: [33mtrue[39m, nodeCount: [33m3[39m, linkCount: [33m1[39m }
[Graph3D] Clearing existing objects...
[Graph3D] Calling createSimulation...
[Graph3D] Simulation created, setting up event handlers...
[Graph3D] Data changed: {
  nodesLen: [33m3[39m,
  linksLen: [33m1[39m,
  key: [33m1776869825806[39m,
  timestamp: [33m1776869824803[39m
}
[Graph3D] Creating simulation: [33m3[39m nodes
[Graph3D] createGraphSimulation called: { hasObjectManager: [33mtrue[39m, hasScene: [33mtrue[39m, nodeCount: [33m3[39m, linkCount: [33m1[39m }
[Graph3D] Clearing existing objects...
[Graph3D] Calling createSimulation...
[Graph3D] Simulation created, setting up event handlers...
[Graph3D] Data changed: {
  nodesLen: [33m3[39m,
  linksLen: [33m1[39m,
  key: [33m1776869825863[39m,
  timestamp: [33m1776869824860[39m
}
[Graph3D] Creating simulation: [33m3[39m nodes
[Graph3D] createGraphSimulation called: { hasObjectManager: [33mtrue[39m, hasScene: [33mtrue[39m, nodeCount: [33m3[39m, linkCount: [33m1[39m }
[Graph3D] Clearing existing objects...
[Graph3D] Calling createSimulation...
[Graph3D] Simulation created, setting up event handlers...
[Graph3D] Data changed: {
  nodesLen: [33m3[39m,
  linksLen: [33m1[39m,
  key: [33m1776869825917[39m,
  timestamp: [33m1776869824914[39m
}
[Graph3D] Creating simulation: [33m3[39m nodes
[Graph3D] createGraphSimulation called: { hasObjectManager: [33mtrue[39m, hasScene: [33mtrue[39m, nodeCount: [33m3[39m, linkCount: [33m1[39m }
[Graph3D] Clearing existing objects...
[Graph3D] Calling createSimulation...
[Graph3D] Simulation created, setting up event handlers...
[Graph3D] Data changed: {
  nodesLen: [33m3[39m,
  linksLen: [33m1[39m,
  key: [33m1776869825972[39m,
  timestamp: [33m1776869824969[39m
}
[Graph3D] Creating simulation: [33m3[39m nodes
[Graph3D] createGraphSimulation called: { hasObjectManager: [33mtrue[39m, hasScene: [33mtrue[39m, nodeCount: [33m3[39m, linkCount: [33m1[39m }
[Graph3D] Clearing existing objects...
[Graph3D] Calling createSimulation...
[Graph3D] Simulation created, setting up event handlers...
[Graph3D] Data changed: {
  nodesLen: [33m3[39m,
  linksLen: [33m1[39m,
  key: [33m1776869826024[39m,
  timestamp: [33m1776869825021[39m
}
[Graph3D] Creating simulation: [33m3[39m nodes
[Graph3D] createGraphSimulation called: { hasObjectManager: [33mtrue[39m, hasScene: [33mtrue[39m, nodeCount: [33m3[39m, linkCount: [33m1[39m }
[Graph3D] Clearing existing objects...
[Graph3D] Calling createSimulation...
[Graph3D] Simulation created, setting up event handlers...
[Graph3D] Data changed: {
  nodesLen: [33m3[39m,
  linksLen: [33m1[39m,
  key: [33m1776869826080[39m,
  timestamp: [33m1776869825077[39m
}
[Graph3D] Creating simulation: [33m3[39m nodes
[Graph3D] createGraphSimulation called: { hasObjectManager: [33mtrue[39m, hasScene: [33mtrue[39m, nodeCount: [33m3[39m, linkCount: [33m1[39m }
[Graph3D] Clearing existing objects...
[Graph3D] Calling createSimulation...
[Graph3D] Simulation created, setting up event handlers...
[Graph3D] Data changed: {
  nodesLen: [33m3[39m,
  linksLen: [33m1[39m,
  key: [33m1776869826132[39m,
  timestamp: [33m1776869825129[39m
}
[Graph3D] Creating simulation: [33m3[39m nodes
[Graph3D] createGraphSimulation called: { hasObjectManager: [33mtrue[39m, hasScene: [33mtrue[39m, nodeCount: [33m3[39m, linkCount: [33m1[39m }
[Graph3D] Clearing existing objects...
[Graph3D] Calling createSimulation...
[Graph3D] Simulation created, setting up event handlers...
[Graph3D] Data changed: {
  nodesLen: [33m3[39m,
  linksLen: [33m1[39m,
  key: [33m1776869826208[39m,
  timestamp: [33m1776869825205[39m
}
[Graph3D] Creating simulation: [33m3[39m nodes
[Graph3D] createGraphSimulation called: { hasObjectManager: [33mtrue[39m, hasScene: [33mtrue[39m, nodeCount: [33m3[39m, linkCount: [33m1[39m }
[Graph3D] Clearing existing objects...
[Graph3D] Calling createSimulation...
[Graph3D] Simulation created, setting up event handlers...
[Graph3D] Data changed: {
  nodesLen: [33m3[39m,
  linksLen: [33m1[39m,
  key: [33m1776869826261[39m,
  timestamp: [33m1776869825258[39m
}
[Graph3D] Creating simulation: [33m3[39m nodes
[Graph3D] createGraphSimulation called: { hasObjectManager: [33mtrue[39m, hasScene: [33mtrue[39m, nodeCount: [33m3[39m, linkCount: [33m1[39m }
[Graph3D] Clearing existing objects...
[Graph3D] Calling createSimulation...
[Graph3D] Simulation created, setting up event handlers...
[Graph3D] Data changed: {
  nodesLen: [33m3[39m,
  linksLen: [33m1[39m,
  key: [33m1776869826317[39m,
  timestamp: [33m1776869825314[39m
}
[Graph3D] Creating simulation: [33m3[39m nodes
[Graph3D] createGraphSimulation called: { hasObjectManager: [33mtrue[39m, hasScene: [33mtrue[39m, nodeCount: [33m3[39m, linkCount: [33m1[39m }
[Graph3D] Clearing existing objects...
[Graph3D] Calling createSimulation...
[Graph3D] Simulation created, setting up event handlers...
[Graph3D] Data changed: {
  nodesLen: [33m3[39m,
  linksLen: [33m1[39m,
  key: [33m1776869826372[39m,
  timestamp: [33m1776869825369[39m
}
[Graph3D] Creating simulation: [33m3[39m nodes
[Graph3D] createGraphSimulation called: { hasObjectManager: [33mtrue[39m, hasScene: [33mtrue[39m, nodeCount: [33m3[39m, linkCount: [33m1[39m }
[Graph3D] Clearing existing objects...
[Graph3D] Calling createSimulation...
[Graph3D] Simulation created, setting up event handlers...
[Graph3D] Data changed: {
  nodesLen: [33m3[39m,
  linksLen: [33m1[39m,
  key: [33m1776869826429[39m,
  timestamp: [33m1776869825426[39m
}
[Graph3D] Creating simulation: [33m3[39m nodes
[Graph3D] createGraphSimulation called: { hasObjectManager: [33mtrue[39m, hasScene: [33mtrue[39m, nodeCount: [33m3[39m, linkCount: [33m1[39m }
[Graph3D] Clearing existing objects...
[Graph3D] Calling createSimulation...
[Graph3D] Simulation created, setting up event handlers...
[Graph3D] Data changed: {
  nodesLen: [33m3[39m,
  linksLen: [33m1[39m,
  key: [33m1776869826482[39m,
  timestamp: [33m1776869825479[39m
}
[Graph3D] Creating simulation: [33m3[39m nodes
[Graph3D] createGraphSimulation called: { hasObjectManager: [33mtrue[39m, hasScene: [33mtrue[39m, nodeCount: [33m3[39m, linkCount: [33m1[39m }
[Graph3D] Clearing existing objects...
[Graph3D] Calling createSimulation...
[Graph3D] Simulation created, setting up event handlers...
[Graph3D] Data changed: {
  nodesLen: [33m3[39m,
  linksLen: [33m1[39m,
  key: [33m1776869826540[39m,
  timestamp: [33m1776869825537[39m
}
[Graph3D] Creating simulation: [33m3[39m nodes
[Graph3D] createGraphSimulation called: { hasObjectManager: [33mtrue[39m, hasScene: [33mtrue[39m, nodeCount: [33m3[39m, linkCount: [33m1[39m }
[Graph3D] Clearing existing objects...
[Graph3D] Calling createSimulation...
[Graph3D] Simulation created, setting up event handlers...
[Graph3D] Data changed: {
  nodesLen: [33m3[39m,
  linksLen: [33m1[39m,
  key: [33m1776869826595[39m,
  timestamp: [33m1776869825592[39m
}
[Graph3D] Creating simulation: [33m3[39m nodes
[Graph3D] createGraphSimulation called: { hasObjectManager: [33mtrue[39m, hasScene: [33mtrue[39m, nodeCount: [33m3[39m, linkCount: [33m1[39m }
[Graph3D] Clearing existing objects...
[Graph3D] Calling createSimulation...
[Graph3D] Simulation created, setting up event handlers...
[Graph3D] Data changed: {
  nodesLen: [33m3[39m,
  linksLen: [33m1[39m,
  key: [33m1776869826652[39m,
  timestamp: [33m1776869825649[39m
}
[Graph3D] Creating simulation: [33m3[39m nodes
[Graph3D] createGraphSimulation called: { hasObjectManager: [33mtrue[39m, hasScene: [33mtrue[39m, nodeCount: [33m3[39m, linkCount: [33m1[39m }
[Graph3D] Clearing existing objects...
[Graph3D] Calling createSimulation...
[Graph3D] Simulation created, setting up event handlers...
[Graph3D] Data changed: {
  nodesLen: [33m3[39m,
  linksLen: [33m1[39m,
  key: [33m1776869826704[39m,
  timestamp: [33m1776869825701[39m
}
[Graph3D] Creating simulation: [33m3[39m nodes
[Graph3D] createGraphSimulation called: { hasObjectManager: [33mtrue[39m, hasScene: [33mtrue[39m, nodeCount: [33m3[39m, linkCount: [33m1[39m }
[Graph3D] Clearing existing objects...
[Graph3D] Calling createSimulation...
[Graph3D] Simulation created, setting up event handlers...
[Graph3D] Data changed: {
  nodesLen: [33m3[39m,
  linksLen: [33m1[39m,
  key: [33m1776869826759[39m,
  timestamp: [33m1776869825756[39m
}
[Graph3D] Creating simulation: [33m3[39m nodes
[Graph3D] createGraphSimulation called: { hasObjectManager: [33mtrue[39m, hasScene: [33mtrue[39m, nodeCount: [33m3[39m, linkCount: [33m1[39m }
[Graph3D] Clearing existing objects...
[Graph3D] Calling createSimulation...
[Graph3D] Simulation created, setting up event handlers...
[Graph3D] Data changed: {
  nodesLen: [33m3[39m,
  linksLen: [33m1[39m,
  key: [33m1776869826812[39m,
  timestamp: [33m1776869825809[39m
}
[Graph3D] Creating simulation: [33m3[39m nodes
[Graph3D] createGraphSimulation called: { hasObjectManager: [33mtrue[39m, hasScene: [33mtrue[39m, nodeCount: [33m3[39m, linkCount: [33m1[39m }
[Graph3D] Clearing existing objects...
[Graph3D] Calling createSimulation...
[Graph3D] Simulation created, setting up event handlers...
[Graph3D] Data changed: {
  nodesLen: [33m3[39m,
  linksLen: [33m1[39m,
  key: [33m1776869826874[39m,
  timestamp: [33m1776869825871[39m
}
[Graph3D] Creating simulation: [33m3[39m nodes
[Graph3D] createGraphSimulation called: { hasObjectManager: [33mtrue[39m, hasScene: [33mtrue[39m, nodeCount: [33m3[39m, linkCount: [33m1[39m }
[Graph3D] Clearing existing objects...
[Graph3D] Calling createSimulation...
[Graph3D] Simulation created, setting up event handlers...
[Graph3D] Data changed: {
  nodesLen: [33m3[39m,
  linksLen: [33m1[39m,
  key: [33m1776869826927[39m,
  timestamp: [33m1776869825924[39m
}
[Graph3D] Creating simulation: [33m3[39m nodes
[Graph3D] createGraphSimulation called: { hasObjectManager: [33mtrue[39m, hasScene: [33mtrue[39m, nodeCount: [33m3[39m, linkCount: [33m1[39m }
[Graph3D] Clearing existing objects...
[Graph3D] Calling createSimulation...
[Graph3D] Simulation created, setting up event handlers...
[Graph3D] Data changed: {
  nodesLen: [33m3[39m,
  linksLen: [33m1[39m,
  key: [33m1776869826984[39m,
  timestamp: [33m1776869825981[39m
}
[Graph3D] Creating simulation: [33m3[39m nodes
[Graph3D] createGraphSimulation called: { hasObjectManager: [33mtrue[39m, hasScene: [33mtrue[39m, nodeCount: [33m3[39m, linkCount: [33m1[39m }
[Graph3D] Clearing existing objects...
[Graph3D] Calling createSimulation...
[Graph3D] Simulation created, setting up event handlers...
[Graph3D] Data changed: {
  nodesLen: [33m3[39m,
  linksLen: [33m1[39m,
  key: [33m1776869827037[39m,
  timestamp: [33m1776869826034[39m
}
[Graph3D] Creating simulation: [33m3[39m nodes
[Graph3D] createGraphSimulation called: { hasObjectManager: [33mtrue[39m, hasScene: [33mtrue[39m, nodeCount: [33m3[39m, linkCount: [33m1[39m }
[Graph3D] Clearing existing objects...
[Graph3D] Calling createSimulation...
[Graph3D] Simulation created, setting up event handlers...
[Graph3D] Data changed: {
  nodesLen: [33m3[39m,
  linksLen: [33m1[39m,
  key: [33m1776869827097[39m,
  timestamp: [33m1776869826094[39m
}
[Graph3D] Creating simulation: [33m3[39m nodes
[Graph3D] createGraphSimulation called: { hasObjectManager: [33mtrue[39m, hasScene: [33mtrue[39m, nodeCount: [33m3[39m, linkCount: [33m1[39m }
[Graph3D] Clearing existing objects...
[Graph3D] Calling createSimulation...
[Graph3D] Simulation created, setting up event handlers...
[Graph3D] Data changed: {
  nodesLen: [33m3[39m,
  linksLen: [33m1[39m,
  key: [33m1776869827151[39m,
  timestamp: [33m1776869826148[39m
}
[Graph3D] Creating simulation: [33m3[39m nodes
[Graph3D] createGraphSimulation called: { hasObjectManager: [33mtrue[39m, hasScene: [33mtrue[39m, nodeCount: [33m3[39m, linkCount: [33m1[39m }
[Graph3D] Clearing existing objects...
[Graph3D] Calling createSimulation...
[Graph3D] Simulation created, setting up event handlers...
[Graph3D] Data changed: {
  nodesLen: [33m3[39m,
  linksLen: [33m1[39m,
  key: [33m1776869827209[39m,
  timestamp: [33m1776869826206[39m
}
[Graph3D] Creating simulation: [33m3[39m nodes
[Graph3D] createGraphSimulation called: { hasObjectManager: [33mtrue[39m, hasScene: [33mtrue[39m, nodeCount: [33m3[39m, linkCount: [33m1[39m }
[Graph3D] Clearing existing objects...
[Graph3D] Calling createSimulation...
[Graph3D] Simulation created, setting up event handlers...
[Graph3D] Data changed: {
  nodesLen: [33m3[39m,
  linksLen: [33m1[39m,
  key: [33m1776869827265[39m,
  timestamp: [33m1776869826262[39m
}
[Graph3D] Creating simulation: [33m3[39m nodes
[Graph3D] createGraphSimulation called: { hasObjectManager: [33mtrue[39m, hasScene: [33mtrue[39m, nodeCount: [33m3[39m, linkCount: [33m1[39m }
[Graph3D] Clearing existing objects...
[Graph3D] Calling createSimulation...
[Graph3D] Simulation created, setting up event handlers...
[Graph3D] Data changed: {
  nodesLen: [33m3[39m,
  linksLen: [33m1[39m,
  key: [33m1776869827319[39m,
  timestamp: [33m1776869826316[39m
}
[Graph3D] Creating simulation: [33m3[39m nodes
[Graph3D] createGraphSimulation called: { hasObjectManager: [33mtrue[39m, hasScene: [33mtrue[39m, nodeCount: [33m3[39m, linkCount: [33m1[39m }
[Graph3D] Clearing existing objects...
[Graph3D] Calling createSimulation...
[Graph3D] Simulation created, setting up event handlers...
[Graph3D] Data changed: {
  nodesLen: [33m3[39m,
  linksLen: [33m1[39m,
  key: [33m1776869827377[39m,
  timestamp: [33m1776869826374[39m
}
[Graph3D] Creating simulation: [33m3[39m nodes
[Graph3D] createGraphSimulation called: { hasObjectManager: [33mtrue[39m, hasScene: [33mtrue[39m, nodeCount: [33m3[39m, linkCount: [33m1[39m }
[Graph3D] Clearing existing objects...
[Graph3D] Calling createSimulation...
[Graph3D] Simulation created, setting up event handlers...
[Graph3D] Data changed: {
  nodesLen: [33m3[39m,
  linksLen: [33m1[39m,
  key: [33m1776869827431[39m,
  timestamp: [33m1776869826428[39m
}
[Graph3D] Creating simulation: [33m3[39m nodes
[Graph3D] createGraphSimulation called: { hasObjectManager: [33mtrue[39m, hasScene: [33mtrue[39m, nodeCount: [33m3[39m, linkCount: [33m1[39m }
[Graph3D] Clearing existing objects...
[Graph3D] Calling createSimulation...
[Graph3D] Simulation created, setting up event handlers...
[Graph3D] Data changed: {
  nodesLen: [33m3[39m,
  linksLen: [33m1[39m,
  key: [33m1776869827488[39m,
  timestamp: [33m1776869826485[39m
}
[Graph3D] Creating simulation: [33m3[39m nodes
[Graph3D] createGraphSimulation called: { hasObjectManager: [33mtrue[39m, hasScene: [33mtrue[39m, nodeCount: [33m3[39m, linkCount: [33m1[39m }
[Graph3D] Clearing existing objects...
[Graph3D] Calling createSimulation...
[Graph3D] Simulation created, setting up event handlers...
[Graph3D] Data changed: {
  nodesLen: [33m3[39m,
  linksLen: [33m1[39m,
  key: [33m1776869827547[39m,
  timestamp: [33m1776869826544[39m
}
[Graph3D] Creating simulation: [33m3[39m nodes
[Graph3D] createGraphSimulation called: { hasObjectManager: [33mtrue[39m, hasScene: [33mtrue[39m, nodeCount: [33m3[39m, linkCount: [33m1[39m }
[Graph3D] Clearing existing objects...
[Graph3D] Calling createSimulation...
[Graph3D] Simulation created, setting up event handlers...
[Graph3D] Data changed: {
  nodesLen: [33m3[39m,
  linksLen: [33m1[39m,
  key: [33m1776869827607[39m,
  timestamp: [33m1776869826604[39m
}
[Graph3D] Creating simulation: [33m3[39m nodes
[Graph3D] createGraphSimulation called: { hasObjectManager: [33mtrue[39m, hasScene: [33mtrue[39m, nodeCount: [33m3[39m, linkCount: [33m1[39m }
[Graph3D] Clearing existing objects...
[Graph3D] Calling createSimulation...
[Graph3D] Simulation created, setting up event handlers...
[Graph3D] Data changed: {
  nodesLen: [33m3[39m,
  linksLen: [33m1[39m,
  key: [33m1776869827661[39m,
  timestamp: [33m1776869826658[39m
}
[Graph3D] Creating simulation: [33m3[39m nodes
[Graph3D] createGraphSimulation called: { hasObjectManager: [33mtrue[39m, hasScene: [33mtrue[39m, nodeCount: [33m3[39m, linkCount: [33m1[39m }
[Graph3D] Clearing existing objects...
[Graph3D] Calling createSimulation...
[Graph3D] Simulation created, setting up event handlers...
[Graph3D] Data changed: {
  nodesLen: [33m3[39m,
  linksLen: [33m1[39m,
  key: [33m1776869827720[39m,
  timestamp: [33m1776869826717[39m
}
[Graph3D] Creating simulation: [33m3[39m nodes
[Graph3D] createGraphSimulation called: { hasObjectManager: [33mtrue[39m, hasScene: [33mtrue[39m, nodeCount: [33m3[39m, linkCount: [33m1[39m }
[Graph3D] Clearing existing objects...
[Graph3D] Calling createSimulation...
[Graph3D] Simulation created, setting up event handlers...
[Graph3D] Data changed: {
  nodesLen: [33m3[39m,
  linksLen: [33m1[39m,
  key: [33m1776869827778[39m,
  timestamp: [33m1776869826775[39m
}
[Graph3D] Creating simulation: [33m3[39m nodes
[Graph3D] createGraphSimulation called: { hasObjectManager: [33mtrue[39m, hasScene: [33mtrue[39m, nodeCount: [33m3[39m, linkCount: [33m1[39m }
[Graph3D] Clearing existing objects...
[Graph3D] Calling createSimulation...
[Graph3D] Simulation created, setting up event handlers...
[Graph3D] Data changed: {
  nodesLen: [33m3[39m,
  linksLen: [33m1[39m,
  key: [33m1776869827836[39m,
  timestamp: [33m1776869826833[39m
}
[Graph3D] Creating simulation: [33m3[39m nodes
[Graph3D] createGraphSimulation called: { hasObjectManager: [33mtrue[39m, hasScene: [33mtrue[39m, nodeCount: [33m3[39m, linkCount: [33m1[39m }
[Graph3D] Clearing existing objects...
[Graph3D] Calling createSimulation...
[Graph3D] Simulation created, setting up event handlers...
[Graph3D] Data changed: {
  nodesLen: [33m3[39m,
  linksLen: [33m1[39m,
  key: [33m1776869827898[39m,
  timestamp: [33m1776869826895[39m
}
[Graph3D] Creating simulation: [33m3[39m nodes
[Graph3D] createGraphSimulation called: { hasObjectManager: [33mtrue[39m, hasScene: [33mtrue[39m, nodeCount: [33m3[39m, linkCount: [33m1[39m }
[Graph3D] Clearing existing objects...
[Graph3D] Calling createSimulation...
[Graph3D] Simulation created, setting up event handlers...
[Graph3D] Data changed: {
  nodesLen: [33m3[39m,
  linksLen: [33m1[39m,
  key: [33m1776869827955[39m,
  timestamp: [33m1776869826952[39m
}
[Graph3D] Creating simulation: [33m3[39m nodes
[Graph3D] createGraphSimulation called: { hasObjectManager: [33mtrue[39m, hasScene: [33mtrue[39m, nodeCount: [33m3[39m, linkCount: [33m1[39m }
[Graph3D] Clearing existing objects...
[Graph3D] Calling createSimulation...
[Graph3D] Simulation created, setting up event handlers...
[Graph3D] Data changed: {
  nodesLen: [33m3[39m,
  linksLen: [33m1[39m,
  key: [33m1776869828019[39m,
  timestamp: [33m1776869827016[39m
}
[Graph3D] Creating simulation: [33m3[39m nodes
[Graph3D] createGraphSimulation called: { hasObjectManager: [33mtrue[39m, hasScene: [33mtrue[39m, nodeCount: [33m3[39m, linkCount: [33m1[39m }
[Graph3D] Clearing existing objects...
[Graph3D] Calling createSimulation...
[Graph3D] Simulation created, setting up event handlers...
[Graph3D] Data changed: {
  nodesLen: [33m3[39m,
  linksLen: [33m1[39m,
  key: [33m1776869828090[39m,
  timestamp: [33m1776869827087[39m
}
[Graph3D] Creating simulation: [33m3[39m nodes
[Graph3D] createGraphSimulation called: { hasObjectManager: [33mtrue[39m, hasScene: [33mtrue[39m, nodeCount: [33m3[39m, linkCount: [33m1[39m }
[Graph3D] Clearing existing objects...
[Graph3D] Calling createSimulation...
[Graph3D] Simulation created, setting up event handlers...
[Graph3D] Data changed: {
  nodesLen: [33m3[39m,
  linksLen: [33m1[39m,
  key: [33m1776869828154[39m,
  timestamp: [33m1776869827151[39m
}
[Graph3D] Creating simulation: [33m3[39m nodes
[Graph3D] createGraphSimulation called: { hasObjectManager: [33mtrue[39m, hasScene: [33mtrue[39m, nodeCount: [33m3[39m, linkCount: [33m1[39m }
[Graph3D] Clearing existing objects...
[Graph3D] Calling createSimulation...
[Graph3D] Simulation created, setting up event handlers...
[Graph3D] Data changed: {
  nodesLen: [33m3[39m,
  linksLen: [33m1[39m,
  key: [33m1776869828217[39m,
  timestamp: [33m1776869827214[39m
}
[Graph3D] Creating simulation: [33m3[39m nodes
[Graph3D] createGraphSimulation called: { hasObjectManager: [33mtrue[39m, hasScene: [33mtrue[39m, nodeCount: [33m3[39m, linkCount: [33m1[39m }
[Graph3D] Clearing existing objects...
[Graph3D] Calling createSimulation...
[Graph3D] Simulation created, setting up event handlers...
[Graph3D] Data changed: {
  nodesLen: [33m3[39m,
  linksLen: [33m1[39m,
  key: [33m1776869828279[39m,
  timestamp: [33m1776869827276[39m
}
[Graph3D] Creating simulation: [33m3[39m nodes
[Graph3D] createGraphSimulation called: { hasObjectManager: [33mtrue[39m, hasScene: [33mtrue[39m, nodeCount: [33m3[39m, linkCount: [33m1[39m }
[Graph3D] Clearing existing objects...
[Graph3D] Calling createSimulation...
[Graph3D] Simulation created, setting up event handlers...
[Graph3D] Data changed: {
  nodesLen: [33m3[39m,
  linksLen: [33m1[39m,
  key: [33m1776869828345[39m,
  timestamp: [33m1776869827342[39m
}
[Graph3D] Creating simulation: [33m3[39m nodes
[Graph3D] createGraphSimulation called: { hasObjectManager: [33mtrue[39m, hasScene: [33mtrue[39m, nodeCount: [33m3[39m, linkCount: [33m1[39m }
[Graph3D] Clearing existing objects...
[Graph3D] Calling createSimulation...
[Graph3D] Simulation created, setting up event handlers...
[Graph3D] Data changed: {
  nodesLen: [33m3[39m,
  linksLen: [33m1[39m,
  key: [33m1776869828420[39m,
  timestamp: [33m1776869827417[39m
}
[Graph3D] Creating simulation: [33m3[39m nodes
[Graph3D] createGraphSimulation called: { hasObjectManager: [33mtrue[39m, hasScene: [33mtrue[39m, nodeCount: [33m3[39m, linkCount: [33m1[39m }
[Graph3D] Clearing existing objects...
[Graph3D] Calling createSimulation...
[Graph3D] Simulation created, setting up event handlers...
[Graph3D] Data changed: {
  nodesLen: [33m3[39m,
  linksLen: [33m1[39m,
  key: [33m1776869828482[39m,
  timestamp: [33m1776869827479[39m
}
[Graph3D] Creating simulation: [33m3[39m nodes
[Graph3D] createGraphSimulation called: { hasObjectManager: [33mtrue[39m, hasScene: [33mtrue[39m, nodeCount: [33m3[39m, linkCount: [33m1[39m }
[Graph3D] Clearing existing objects...
[Graph3D] Calling createSimulation...
[Graph3D] Simulation created, setting up event handlers...
[Graph3D] Data changed: {
  nodesLen: [33m3[39m,
  linksLen: [33m1[39m,
  key: [33m1776869828546[39m,
  timestamp: [33m1776869827543[39m
}
[Graph3D] Creating simulation: [33m3[39m nodes
[Graph3D] createGraphSimulation called: { hasObjectManager: [33mtrue[39m, hasScene: [33mtrue[39m, nodeCount: [33m3[39m, linkCount: [33m1[39m }
[Graph3D] Clearing existing objects...
[Graph3D] Calling createSimulation...
[Graph3D] Simulation created, setting up event handlers...
[Graph3D] Data changed: {
  nodesLen: [33m3[39m,
  linksLen: [33m1[39m,
  key: [33m1776869828619[39m,
  timestamp: [33m1776869827616[39m
}
[Graph3D] Creating simulation: [33m3[39m nodes
[Graph3D] createGraphSimulation called: { hasObjectManager: [33mtrue[39m, hasScene: [33mtrue[39m, nodeCount: [33m3[39m, linkCount: [33m1[39m }
[Graph3D] Clearing existing objects...
[Graph3D] Calling createSimulation...
[Graph3D] Simulation created, setting up event handlers...
[Graph3D] Data changed: {
  nodesLen: [33m3[39m,
  linksLen: [33m1[39m,
  key: [33m1776869828691[39m,
  timestamp: [33m1776869827688[39m
}
[Graph3D] Creating simulation: [33m3[39m nodes
[Graph3D] createGraphSimulation called: { hasObjectManager: [33mtrue[39m, hasScene: [33mtrue[39m, nodeCount: [33m3[39m, linkCount: [33m1[39m }
[Graph3D] Clearing existing objects...
[Graph3D] Calling createSimulation...
[Graph3D] Simulation created, setting up event handlers...
[Graph3D] Data changed: {
  nodesLen: [33m3[39m,
  linksLen: [33m1[39m,
  key: [33m1776869828755[39m,
  timestamp: [33m1776869827752[39m
}
[Graph3D] Creating simulation: [33m3[39m nodes
[Graph3D] createGraphSimulation called: { hasObjectManager: [33mtrue[39m, hasScene: [33mtrue[39m, nodeCount: [33m3[39m, linkCount: [33m1[39m }
[Graph3D] Clearing existing objects...
[Graph3D] Calling createSimulation...
[Graph3D] Simulation created, setting up event handlers...
[Graph3D] Data changed: {
  nodesLen: [33m3[39m,
  linksLen: [33m1[39m,
  key: [33m1776869828816[39m,
  timestamp: [33m1776869827813[39m
}
[Graph3D] Creating simulation: [33m3[39m nodes
[Graph3D] createGraphSimulation called: { hasObjectManager: [33mtrue[39m, hasScene: [33mtrue[39m, nodeCount: [33m3[39m, linkCount: [33m1[39m }
[Graph3D] Clearing existing objects...
[Graph3D] Calling createSimulation...
[Graph3D] Simulation created, setting up event handlers...
[Graph3D] Data changed: {
  nodesLen: [33m3[39m,
  linksLen: [33m1[39m,
  key: [33m1776869828881[39m,
  timestamp: [33m1776869827878[39m
}
[Graph3D] Creating simulation: [33m3[39m nodes
[Graph3D] createGraphSimulation called: { hasObjectManager: [33mtrue[39m, hasScene: [33mtrue[39m, nodeCount: [33m3[39m, linkCount: [33m1[39m }
[Graph3D] Clearing existing objects...
[Graph3D] Calling createSimulation...
[Graph3D] Simulation created, setting up event handlers...
[Graph3D] Data changed: {
  nodesLen: [33m3[39m,
  linksLen: [33m1[39m,
  key: [33m1776869828942[39m,
  timestamp: [33m1776869827939[39m
}
[Graph3D] Creating simulation: [33m3[39m nodes
[Graph3D] createGraphSimulation called: { hasObjectManager: [33mtrue[39m, hasScene: [33mtrue[39m, nodeCount: [33m3[39m, linkCount: [33m1[39m }
[Graph3D] Clearing existing objects...
[Graph3D] Calling createSimulation...
[Graph3D] Simulation created, setting up event handlers...
[Graph3D] Data changed: {
  nodesLen: [33m3[39m,
  linksLen: [33m1[39m,
  key: [33m1776869829002[39m,
  timestamp: [33m1776869827999[39m
}
[Graph3D] Creating simulation: [33m3[39m nodes
[Graph3D] createGraphSimulation called: { hasObjectManager: [33mtrue[39m, hasScene: [33mtrue[39m, nodeCount: [33m3[39m, linkCount: [33m1[39m }
[Graph3D] Clearing existing objects...
[Graph3D] Calling createSimulation...
[Graph3D] Simulation created, setting up event handlers...
[Graph3D] Data changed: {
  nodesLen: [33m3[39m,
  linksLen: [33m1[39m,
  key: [33m1776869829068[39m,
  timestamp: [33m1776869828065[39m
}
[Graph3D] Creating simulation: [33m3[39m nodes
[Graph3D] createGraphSimulation called: { hasObjectManager: [33mtrue[39m, hasScene: [33mtrue[39m, nodeCount: [33m3[39m, linkCount: [33m1[39m }
[Graph3D] Clearing existing objects...
[Graph3D] Calling createSimulation...
[Graph3D] Simulation created, setting up event handlers...
[Graph3D] Data changed: {
  nodesLen: [33m3[39m,
  linksLen: [33m1[39m,
  key: [33m1776869829128[39m,
  timestamp: [33m1776869828125[39m
}
[Graph3D] Creating simulation: [33m3[39m nodes
[Graph3D] createGraphSimulation called: { hasObjectManager: [33mtrue[39m, hasScene: [33mtrue[39m, nodeCount: [33m3[39m, linkCount: [33m1[39m }
[Graph3D] Clearing existing objects...
[Graph3D] Calling createSimulation...
[Graph3D] Simulation created, setting up event handlers...
[Graph3D] Data changed: {
  nodesLen: [33m3[39m,
  linksLen: [33m1[39m,
  key: [33m1776869829188[39m,
  timestamp: [33m1776869828185[39m
}
[Graph3D] Creating simulation: [33m3[39m nodes
[Graph3D] createGraphSimulation called: { hasObjectManager: [33mtrue[39m, hasScene: [33mtrue[39m, nodeCount: [33m3[39m, linkCount: [33m1[39m }
[Graph3D] Clearing existing objects...
[Graph3D] Calling createSimulation...
[Graph3D] Simulation created, setting up event handlers...
[Graph3D] Data changed: {
  nodesLen: [33m3[39m,
  linksLen: [33m1[39m,
  key: [33m1776869829249[39m,
  timestamp: [33m1776869828246[39m
}
[Graph3D] Creating simulation: [33m3[39m nodes
[Graph3D] createGraphSimulation called: { hasObjectManager: [33mtrue[39m, hasScene: [33mtrue[39m, nodeCount: [33m3[39m, linkCount: [33m1[39m }
[Graph3D] Clearing existing objects...
[Graph3D] Calling createSimulation...
[Graph3D] Simulation created, setting up event handlers...
[Graph3D] Data changed: {
  nodesLen: [33m3[39m,
  linksLen: [33m1[39m,
  key: [33m1776869829312[39m,
  timestamp: [33m1776869828309[39m
}
[Graph3D] Creating simulation: [33m3[39m nodes
[Graph3D] createGraphSimulation called: { hasObjectManager: [33mtrue[39m, hasScene: [33mtrue[39m, nodeCount: [33m3[39m, linkCount: [33m1[39m }
[Graph3D] Clearing existing objects...
[Graph3D] Calling createSimulation...
[Graph3D] Simulation created, setting up event handlers...
[Graph3D] Data changed: {
  nodesLen: [33m3[39m,
  linksLen: [33m1[39m,
  key: [33m1776869829375[39m,
  timestamp: [33m1776869828372[39m
}
[Graph3D] Creating simulation: [33m3[39m nodes
[Graph3D] createGraphSimulation called: { hasObjectManager: [33mtrue[39m, hasScene: [33mtrue[39m, nodeCount: [33m3[39m, linkCount: [33m1[39m }
[Graph3D] Clearing existing objects...
[Graph3D] Calling createSimulation...
[Graph3D] Simulation created, setting up event handlers...
[Graph3D] Data changed: {
  nodesLen: [33m3[39m,
  linksLen: [33m1[39m,
  key: [33m1776869829439[39m,
  timestamp: [33m1776869828436[39m
}
[Graph3D] Creating simulation: [33m3[39m nodes
[Graph3D] createGraphSimulation called: { hasObjectManager: [33mtrue[39m, hasScene: [33mtrue[39m, nodeCount: [33m3[39m, linkCount: [33m1[39m }
[Graph3D] Clearing existing objects...
[Graph3D] Calling createSimulation...
[Graph3D] Simulation created, setting up event handlers...
[Graph3D] Data changed: {
  nodesLen: [33m3[39m,
  linksLen: [33m1[39m,
  key: [33m1776869829503[39m,
  timestamp: [33m1776869828500[39m
}
[Graph3D] Creating simulation: [33m3[39m nodes
[Graph3D] createGraphSimulation called: { hasObjectManager: [33mtrue[39m, hasScene: [33mtrue[39m, nodeCount: [33m3[39m, linkCount: [33m1[39m }
[Graph3D] Clearing existing objects...
[Graph3D] Calling createSimulation...
[Graph3D] Simulation created, setting up event handlers...
[Graph3D] Data changed: {
  nodesLen: [33m3[39m,
  linksLen: [33m1[39m,
  key: [33m1776869829565[39m,
  timestamp: [33m1776869828562[39m
}
[Graph3D] Creating simulation: [33m3[39m nodes
[Graph3D] createGraphSimulation called: { hasObjectManager: [33mtrue[39m, hasScene: [33mtrue[39m, nodeCount: [33m3[39m, linkCount: [33m1[39m }
[Graph3D] Clearing existing objects...
[Graph3D] Calling createSimulation...
[Graph3D] Simulation created, setting up event handlers...
[Graph3D] Data changed: {
  nodesLen: [33m3[39m,
  linksLen: [33m1[39m,
  key: [33m1776869829628[39m,
  timestamp: [33m1776869828625[39m
}
[Graph3D] Creating simulation: [33m3[39m nodes
[Graph3D] createGraphSimulation called: { hasObjectManager: [33mtrue[39m, hasScene: [33mtrue[39m, nodeCount: [33m3[39m, linkCount: [33m1[39m }
[Graph3D] Clearing existing objects...
[Graph3D] Calling createSimulation...
[Graph3D] Simulation created, setting up event handlers...
[Graph3D] Data changed: {
  nodesLen: [33m3[39m,
  linksLen: [33m1[39m,
  key: [33m1776869829688[39m,
  timestamp: [33m1776869828685[39m
}
[Graph3D] Creating simulation: [33m3[39m nodes
[Graph3D] createGraphSimulation called: { hasObjectManager: [33mtrue[39m, hasScene: [33mtrue[39m, nodeCount: [33m3[39m, linkCount: [33m1[39m }
[Graph3D] Clearing existing objects...
[Graph3D] Calling createSimulation...
[Graph3D] Simulation created, setting up event handlers...
[Graph3D] Data changed: {
  nodesLen: [33m3[39m,
  linksLen: [33m1[39m,
  key: [33m1776869829748[39m,
  timestamp: [33m1776869828745[39m
}
[Graph3D] Creating simulation: [33m3[39m nodes
[Graph3D] createGraphSimulation called: { hasObjectManager: [33mtrue[39m, hasScene: [33mtrue[39m, nodeCount: [33m3[39m, linkCount: [33m1[39m }
[Graph3D] Clearing existing objects...
[Graph3D] Calling createSimulation...
[Graph3D] Simulation created, setting up event handlers...
[Graph3D] Data changed: {
  nodesLen: [33m3[39m,
  linksLen: [33m1[39m,
  key: [33m1776869829805[39m,
  timestamp: [33m1776869828802[39m
}
[Graph3D] Creating simulation: [33m3[39m nodes
[Graph3D] createGraphSimulation called: { hasObjectManager: [33mtrue[39m, hasScene: [33mtrue[39m, nodeCount: [33m3[39m, linkCount: [33m1[39m }
[Graph3D] Clearing existing objects...
[Graph3D] Calling createSimulation...
[Graph3D] Simulation created, setting up event handlers...
[Graph3D] Data changed: {
  nodesLen: [33m3[39m,
  linksLen: [33m1[39m,
  key: [33m1776869829865[39m,
  timestamp: [33m1776869828862[39m
}
[Graph3D] Creating simulation: [33m3[39m nodes
[Graph3D] createGraphSimulation called: { hasObjectManager: [33mtrue[39m, hasScene: [33mtrue[39m, nodeCount: [33m3[39m, linkCount: [33m1[39m }
[Graph3D] Clearing existing objects...
[Graph3D] Calling createSimulation...
[Graph3D] Simulation created, setting up event handlers...
[Graph3D] Data changed: {
  nodesLen: [33m3[39m,
  linksLen: [33m1[39m,
  key: [33m1776869829925[39m,
  timestamp: [33m1776869828922[39m
}
[Graph3D] Creating simulation: [33m3[39m nodes
[Graph3D] createGraphSimulation called: { hasObjectManager: [33mtrue[39m, hasScene: [33mtrue[39m, nodeCount: [33m3[39m, linkCount: [33m1[39m }
[Graph3D] Clearing existing objects...
[Graph3D] Calling createSimulation...
[Graph3D] Simulation created, setting up event handlers...
[Graph3D] Data changed: {
  nodesLen: [33m3[39m,
  linksLen: [33m1[39m,
  key: [33m1776869829983[39m,
  timestamp: [33m1776869828980[39m
}
[Graph3D] Creating simulation: [33m3[39m nodes
[Graph3D] createGraphSimulation called: { hasObjectManager: [33mtrue[39m, hasScene: [33mtrue[39m, nodeCount: [33m3[39m, linkCount: [33m1[39m }
[Graph3D] Clearing existing objects...
[Graph3D] Calling createSimulation...
[Graph3D] Simulation created, setting up event handlers...
[Graph3D] Data changed: {
  nodesLen: [33m3[39m,
  linksLen: [33m1[39m,
  key: [33m1776869830042[39m,
  timestamp: [33m1776869829039[39m
}
[Graph3D] Creating simulation: [33m3[39m nodes
[Graph3D] createGraphSimulation called: { hasObjectManager: [33mtrue[39m, hasScene: [33mtrue[39m, nodeCount: [33m3[39m, linkCount: [33m1[39m }
[Graph3D] Clearing existing objects...
[Graph3D] Calling createSimulation...
[Graph3D] Simulation created, setting up event handlers...
[Graph3D] Data changed: {
  nodesLen: [33m3[39m,
  linksLen: [33m1[39m,
  key: [33m1776869830102[39m,
  timestamp: [33m1776869829099[39m
}
[Graph3D] Creating simulation: [33m3[39m nodes
[Graph3D] createGraphSimulation called: { hasObjectManager: [33mtrue[39m, hasScene: [33mtrue[39m, nodeCount: [33m3[39m, linkCount: [33m1[39m }
[Graph3D] Clearing existing objects...
[Graph3D] Calling createSimulation...
[Graph3D] Simulation created, setting up event handlers...
[Graph3D] Data changed: {
  nodesLen: [33m3[39m,
  linksLen: [33m1[39m,
  key: [33m1776869830161[39m,
  timestamp: [33m1776869829158[39m
}
[Graph3D] Creating simulation: [33m3[39m nodes
[Graph3D] createGraphSimulation called: { hasObjectManager: [33mtrue[39m, hasScene: [33mtrue[39m, nodeCount: [33m3[39m, linkCount: [33m1[39m }
[Graph3D] Clearing existing objects...
[Graph3D] Calling createSimulation...
[Graph3D] Simulation created, setting up event handlers...
[Graph3D] Data changed: {
  nodesLen: [33m3[39m,
  linksLen: [33m1[39m,
  key: [33m1776869830222[39m,
  timestamp: [33m1776869829219[39m
}
[Graph3D] Creating simulation: [33m3[39m nodes
[Graph3D] createGraphSimulation called: { hasObjectManager: [33mtrue[39m, hasScene: [33mtrue[39m, nodeCount: [33m3[39m, linkCount: [33m1[39m }
[Graph3D] Clearing existing objects...
[Graph3D] Calling createSimulation...
[Graph3D] Simulation created, setting up event handlers...
[Graph3D] Data changed: {
  nodesLen: [33m3[39m,
  linksLen: [33m1[39m,
  key: [33m1776869830283[39m,
  timestamp: [33m1776869829280[39m
}
[Graph3D] Creating simulation: [33m3[39m nodes
[Graph3D] createGraphSimulation called: { hasObjectManager: [33mtrue[39m, hasScene: [33mtrue[39m, nodeCount: [33m3[39m, linkCount: [33m1[39m }
[Graph3D] Clearing existing objects...
[Graph3D] Calling createSimulation...
[Graph3D] Simulation created, setting up event handlers...
[Graph3D] Data changed: {
  nodesLen: [33m3[39m,
  linksLen: [33m1[39m,
  key: [33m1776869830344[39m,
  timestamp: [33m1776869829341[39m
}
[Graph3D] Creating simulation: [33m3[39m nodes
[Graph3D] createGraphSimulation called: { hasObjectManager: [33mtrue[39m, hasScene: [33mtrue[39m, nodeCount: [33m3[39m, linkCount: [33m1[39m }
[Graph3D] Clearing existing objects...
[Graph3D] Calling createSimulation...
[Graph3D] Simulation created, setting up event handlers...
[Graph3D] Data changed: {
  nodesLen: [33m3[39m,
  linksLen: [33m1[39m,
  key: [33m1776869830405[39m,
  timestamp: [33m1776869829402[39m
}
[Graph3D] Creating simulation: [33m3[39m nodes
[Graph3D] createGraphSimulation called: { hasObjectManager: [33mtrue[39m, hasScene: [33mtrue[39m, nodeCount: [33m3[39m, linkCount: [33m1[39m }
[Graph3D] Clearing existing objects...
[Graph3D] Calling createSimulation...
[Graph3D] Simulation created, setting up event handlers...
[Graph3D] Data changed: {
  nodesLen: [33m3[39m,
  linksLen: [33m1[39m,
  key: [33m1776869830475[39m,
  timestamp: [33m1776869829472[39m
}
[Graph3D] Creating simulation: [33m3[39m nodes
[Graph3D] createGraphSimulation called: { hasObjectManager: [33mtrue[39m, hasScene: [33mtrue[39m, nodeCount: [33m3[39m, linkCount: [33m1[39m }
[Graph3D] Clearing existing objects...
[Graph3D] Calling createSimulation...
[Graph3D] Simulation created, setting up event handlers...
[Graph3D] Data changed: {
  nodesLen: [33m3[39m,
  linksLen: [33m1[39m,
  key: [33m1776869830537[39m,
  timestamp: [33m1776869829534[39m
}
[Graph3D] Creating simulation: [33m3[39m nodes
[Graph3D] createGraphSimulation called: { hasObjectManager: [33mtrue[39m, hasScene: [33mtrue[39m, nodeCount: [33m3[39m, linkCount: [33m1[39m }
[Graph3D] Clearing existing objects...
[Graph3D] Calling createSimulation...
[Graph3D] Simulation created, setting up event handlers...
[Graph3D] Data changed: {
  nodesLen: [33m3[39m,
  linksLen: [33m1[39m,
  key: [33m1776869830599[39m,
  timestamp: [33m1776869829596[39m
}
[Graph3D] Creating simulation: [33m3[39m nodes
[Graph3D] createGraphSimulation called: { hasObjectManager: [33mtrue[39m, hasScene: [33mtrue[39m, nodeCount: [33m3[39m, linkCount: [33m1[39m }
[Graph3D] Clearing existing objects...
[Graph3D] Calling createSimulation...
[Graph3D] Simulation created, setting up event handlers...
[Graph3D] Data changed: {
  nodesLen: [33m3[39m,
  linksLen: [33m1[39m,
  key: [33m1776869830657[39m,
  timestamp: [33m1776869829654[39m
}
[Graph3D] Creating simulation: [33m3[39m nodes
[Graph3D] createGraphSimulation called: { hasObjectManager: [33mtrue[39m, hasScene: [33mtrue[39m, nodeCount: [33m3[39m, linkCount: [33m1[39m }
[Graph3D] Clearing existing objects...
[Graph3D] Calling createSimulation...
[Graph3D] Simulation created, setting up event handlers...
[Graph3D] Data changed: {
  nodesLen: [33m3[39m,
  linksLen: [33m1[39m,
  key: [33m1776869830719[39m,
  timestamp: [33m1776869829716[39m
}
[Graph3D] Creating simulation: [33m3[39m nodes
[Graph3D] createGraphSimulation called: { hasObjectManager: [33mtrue[39m, hasScene: [33mtrue[39m, nodeCount: [33m3[39m, linkCount: [33m1[39m }
[Graph3D] Clearing existing objects...
[Graph3D] Calling createSimulation...
[Graph3D] Simulation created, setting up event handlers...
[Graph3D] Data changed: {
  nodesLen: [33m3[39m,
  linksLen: [33m1[39m,
  key: [33m1776869830780[39m,
  timestamp: [33m1776869829777[39m
}
[Graph3D] Creating simulation: [33m3[39m nodes
[Graph3D] createGraphSimulation called: { hasObjectManager: [33mtrue[39m, hasScene: [33mtrue[39m, nodeCount: [33m3[39m, linkCount: [33m1[39m }
[Graph3D] Clearing existing objects...
[Graph3D] Calling createSimulation...
[Graph3D] Simulation created, setting up event handlers...
[Graph3D] Data changed: {
  nodesLen: [33m3[39m,
  linksLen: [33m1[39m,
  key: [33m1776869830841[39m,
  timestamp: [33m1776869829838[39m
}
[Graph3D] Creating simulation: [33m3[39m nodes
[Graph3D] createGraphSimulation called: { hasObjectManager: [33mtrue[39m, hasScene: [33mtrue[39m, nodeCount: [33m3[39m, linkCount: [33m1[39m }
[Graph3D] Clearing existing objects...
[Graph3D] Calling createSimulation...
[Graph3D] Simulation created, setting up event handlers...
[Graph3D] Data changed: {
  nodesLen: [33m3[39m,
  linksLen: [33m1[39m,
  key: [33m1776869830899[39m,
  timestamp: [33m1776869829896[39m
}
[Graph3D] Creating simulation: [33m3[39m nodes
[Graph3D] createGraphSimulation called: { hasObjectManager: [33mtrue[39m, hasScene: [33mtrue[39m, nodeCount: [33m3[39m, linkCount: [33m1[39m }
[Graph3D] Clearing existing objects...
[Graph3D] Calling createSimulation...
[Graph3D] Simulation created, setting up event handlers...
[Graph3D] Data changed: {
  nodesLen: [33m3[39m,
  linksLen: [33m1[39m,
  key: [33m1776869830961[39m,
  timestamp: [33m1776869829958[39m
}
[Graph3D] Creating simulation: [33m3[39m nodes
[Graph3D] createGraphSimulation called: { hasObjectManager: [33mtrue[39m, hasScene: [33mtrue[39m, nodeCount: [33m3[39m, linkCount: [33m1[39m }
[Graph3D] Clearing existing objects...
[Graph3D] Calling createSimulation...
[Graph3D] Simulation created, setting up event handlers...
[Graph3D] Data changed: {
  nodesLen: [33m3[39m,
  linksLen: [33m1[39m,
  key: [33m1776869831027[39m,
  timestamp: [33m1776869830024[39m
}
[Graph3D] Creating simulation: [33m3[39m nodes
[Graph3D] createGraphSimulation called: { hasObjectManager: [33mtrue[39m, hasScene: [33mtrue[39m, nodeCount: [33m3[39m, linkCount: [33m1[39m }
[Graph3D] Clearing existing objects...
[Graph3D] Calling createSimulation...
[Graph3D] Simulation created, setting up event handlers...
[Graph3D] Data changed: {
  nodesLen: [33m3[39m,
  linksLen: [33m1[39m,
  key: [33m1776869831110[39m,
  timestamp: [33m1776869830107[39m
}
[Graph3D] Creating simulation: [33m3[39m nodes
[Graph3D] createGraphSimulation called: { hasObjectManager: [33mtrue[39m, hasScene: [33mtrue[39m, nodeCount: [33m3[39m, linkCount: [33m1[39m }
[Graph3D] Clearing existing objects...
[Graph3D] Calling createSimulation...
[Graph3D] Simulation created, setting up event handlers...
[Graph3D] Data changed: {
  nodesLen: [33m3[39m,
  linksLen: [33m1[39m,
  key: [33m1776869831172[39m,
  timestamp: [33m1776869830169[39m
}
[Graph3D] Creating simulation: [33m3[39m nodes
[Graph3D] createGraphSimulation called: { hasObjectManager: [33mtrue[39m, hasScene: [33mtrue[39m, nodeCount: [33m3[39m, linkCount: [33m1[39m }
[Graph3D] Clearing existing objects...
[Graph3D] Calling createSimulation...
[Graph3D] Simulation created, setting up event handlers...
[Graph3D] Data changed: {
  nodesLen: [33m3[39m,
  linksLen: [33m1[39m,
  key: [33m1776869831236[39m,
  timestamp: [33m1776869830233[39m
}
[Graph3D] Creating simulation: [33m3[39m nodes
[Graph3D] createGraphSimulation called: { hasObjectManager: [33mtrue[39m, hasScene: [33mtrue[39m, nodeCount: [33m3[39m, linkCount: [33m1[39m }
[Graph3D] Clearing existing objects...
[Graph3D] Calling createSimulation...
[Graph3D] Simulation created, setting up event handlers...
[Graph3D] Data changed: {
  nodesLen: [33m3[39m,
  linksLen: [33m1[39m,
  key: [33m1776869831295[39m,
  timestamp: [33m1776869830292[39m
}
[Graph3D] Creating simulation: [33m3[39m nodes
[Graph3D] createGraphSimulation called: { hasObjectManager: [33mtrue[39m, hasScene: [33mtrue[39m, nodeCount: [33m3[39m, linkCount: [33m1[39m }
[Graph3D] Clearing existing objects...
[Graph3D] Calling createSimulation...
[Graph3D] Simulation created, setting up event handlers...
[Graph3D] Data changed: {
  nodesLen: [33m3[39m,
  linksLen: [33m1[39m,
  key: [33m1776869831357[39m,
  timestamp: [33m1776869830354[39m
}
[Graph3D] Creating simulation: [33m3[39m nodes
[Graph3D] createGraphSimulation called: { hasObjectManager: [33mtrue[39m, hasScene: [33mtrue[39m, nodeCount: [33m3[39m, linkCount: [33m1[39m }
[Graph3D] Clearing existing objects...
[Graph3D] Calling createSimulation...
[Graph3D] Simulation created, setting up event handlers...
[Graph3D] Data changed: {
  nodesLen: [33m3[39m,
  linksLen: [33m1[39m,
  key: [33m1776869831422[39m,
  timestamp: [33m1776869830419[39m
}
[Graph3D] Creating simulation: [33m3[39m nodes
[Graph3D] createGraphSimulation called: { hasObjectManager: [33mtrue[39m, hasScene: [33mtrue[39m, nodeCount: [33m3[39m, linkCount: [33m1[39m }
[Graph3D] Clearing existing objects...
[Graph3D] Calling createSimulation...
[Graph3D] Simulation created, setting up event handlers...
[Graph3D] Data changed: {
  nodesLen: [33m3[39m,
  linksLen: [33m1[39m,
  key: [33m1776869831487[39m,
  timestamp: [33m1776869830484[39m
}
[Graph3D] Creating simulation: [33m3[39m nodes
[Graph3D] createGraphSimulation called: { hasObjectManager: [33mtrue[39m, hasScene: [33mtrue[39m, nodeCount: [33m3[39m, linkCount: [33m1[39m }
[Graph3D] Clearing existing objects...
[Graph3D] Calling createSimulation...
[Graph3D] Simulation created, setting up event handlers...
[Graph3D] Data changed: {
  nodesLen: [33m3[39m,
  linksLen: [33m1[39m,
  key: [33m1776869831548[39m,
  timestamp: [33m1776869830545[39m
}
[Graph3D] Creating simulation: [33m3[39m nodes
[Graph3D] createGraphSimulation called: { hasObjectManager: [33mtrue[39m, hasScene: [33mtrue[39m, nodeCount: [33m3[39m, linkCount: [33m1[39m }
[Graph3D] Clearing existing objects...
[Graph3D] Calling createSimulation...
[Graph3D] Simulation created, setting up event handlers...
[Graph3D] Data changed: {
  nodesLen: [33m3[39m,
  linksLen: [33m1[39m,
  key: [33m1776869831608[39m,
  timestamp: [33m1776869830605[39m
}
[Graph3D] Creating simulation: [33m3[39m nodes
[Graph3D] createGraphSimulation called: { hasObjectManager: [33mtrue[39m, hasScene: [33mtrue[39m, nodeCount: [33m3[39m, linkCount: [33m1[39m }
[Graph3D] Clearing existing objects...
[Graph3D] Calling createSimulation...
[Graph3D] Simulation created, setting up event handlers...
[Graph3D] Data changed: {
  nodesLen: [33m3[39m,
  linksLen: [33m1[39m,
  key: [33m1776869831670[39m,
  timestamp: [33m1776869830667[39m
}
[Graph3D] Creating simulation: [33m3[39m nodes
[Graph3D] createGraphSimulation called: { hasObjectManager: [33mtrue[39m, hasScene: [33mtrue[39m, nodeCount: [33m3[39m, linkCount: [33m1[39m }
[Graph3D] Clearing existing objects...
[Graph3D] Calling createSimulation...
[Graph3D] Simulation created, setting up event handlers...
[Graph3D] Data changed: {
  nodesLen: [33m3[39m,
  linksLen: [33m1[39m,
  key: [33m1776869831732[39m,
  timestamp: [33m1776869830729[39m
}
[Graph3D] Creating simulation: [33m3[39m nodes
[Graph3D] createGraphSimulation called: { hasObjectManager: [33mtrue[39m, hasScene: [33mtrue[39m, nodeCount: [33m3[39m, linkCount: [33m1[39m }
[Graph3D] Clearing existing objects...
[Graph3D] Calling createSimulation...
[Graph3D] Simulation created, setting up event handlers...
[Graph3D] Data changed: {
  nodesLen: [33m3[39m,
  linksLen: [33m1[39m,
  key: [33m1776869831794[39m,
  timestamp: [33m1776869830791[39m
}
[Graph3D] Creating simulation: [33m3[39m nodes
[Graph3D] createGraphSimulation called: { hasObjectManager: [33mtrue[39m, hasScene: [33mtrue[39m, nodeCount: [33m3[39m, linkCount: [33m1[39m }
[Graph3D] Clearing existing objects...
[Graph3D] Calling createSimulation...
[Graph3D] Simulation created, setting up event handlers...
[Graph3D] Data changed: {
  nodesLen: [33m3[39m,
  linksLen: [33m1[39m,
  key: [33m1776869831856[39m,
  timestamp: [33m1776869830853[39m
}
[Graph3D] Creating simulation: [33m3[39m nodes
[Graph3D] createGraphSimulation called: { hasObjectManager: [33mtrue[39m, hasScene: [33mtrue[39m, nodeCount: [33m3[39m, linkCount: [33m1[39m }
[Graph3D] Clearing existing objects...
[Graph3D] Calling createSimulation...
[Graph3D] Simulation created, setting up event handlers...
[Graph3D] Data changed: {
  nodesLen: [33m3[39m,
  linksLen: [33m1[39m,
  key: [33m1776869831919[39m,
  timestamp: [33m1776869830916[39m
}
[Graph3D] Creating simulation: [33m3[39m nodes
[Graph3D] createGraphSimulation called: { hasObjectManager: [33mtrue[39m, hasScene: [33mtrue[39m, nodeCount: [33m3[39m, linkCount: [33m1[39m }
[Graph3D] Clearing existing objects...
[Graph3D] Calling createSimulation...
[Graph3D] Simulation created, setting up event handlers...
[Graph3D] Data changed: {
  nodesLen: [33m3[39m,
  linksLen: [33m1[39m,
  key: [33m1776869831980[39m,
  timestamp: [33m1776869830977[39m
}
[Graph3D] Creating simulation: [33m3[39m nodes
[Graph3D] createGraphSimulation called: { hasObjectManager: [33mtrue[39m, hasScene: [33mtrue[39m, nodeCount: [33m3[39m, linkCount: [33m1[39m }
[Graph3D] Clearing existing objects...
[Graph3D] Calling createSimulation...
[Graph3D] Simulation created, setting up event handlers...
[Graph3D] Data changed: {
  nodesLen: [33m3[39m,
  linksLen: [33m1[39m,
  key: [33m1776869832042[39m,
  timestamp: [33m1776869831039[39m
}
[Graph3D] Creating simulation: [33m3[39m nodes
[Graph3D] createGraphSimulation called: { hasObjectManager: [33mtrue[39m, hasScene: [33mtrue[39m, nodeCount: [33m3[39m, linkCount: [33m1[39m }
[Graph3D] Clearing existing objects...
[Graph3D] Calling createSimulation...
[Graph3D] Simulation created, setting up event handlers...
[Graph3D] Data changed: {
  nodesLen: [33m3[39m,
  linksLen: [33m1[39m,
  key: [33m1776869832104[39m,
  timestamp: [33m1776869831101[39m
}
[Graph3D] Creating simulation: [33m3[39m nodes
[Graph3D] createGraphSimulation called: { hasObjectManager: [33mtrue[39m, hasScene: [33mtrue[39m, nodeCount: [33m3[39m, linkCount: [33m1[39m }
[Graph3D] Clearing existing objects...
[Graph3D] Calling createSimulation...
[Graph3D] Simulation created, setting up event handlers...
[Graph3D] Data changed: {
  nodesLen: [33m3[39m,
  linksLen: [33m1[39m,
  key: [33m1776869832165[39m,
  timestamp: [33m1776869831162[39m
}
[Graph3D] Creating simulation: [33m3[39m nodes
[Graph3D] createGraphSimulation called: { hasObjectManager: [33mtrue[39m, hasScene: [33mtrue[39m, nodeCount: [33m3[39m, linkCount: [33m1[39m }
[Graph3D] Clearing existing objects...
[Graph3D] Calling createSimulation...
[Graph3D] Simulation created, setting up event handlers...
[Graph3D] Data changed: {
  nodesLen: [33m3[39m,
  linksLen: [33m1[39m,
  key: [33m1776869832238[39m,
  timestamp: [33m1776869831235[39m
}
[Graph3D] Creating simulation: [33m3[39m nodes
[Graph3D] createGraphSimulation called: { hasObjectManager: [33mtrue[39m, hasScene: [33mtrue[39m, nodeCount: [33m3[39m, linkCount: [33m1[39m }
[Graph3D] Clearing existing objects...
[Graph3D] Calling createSimulation...
[Graph3D] Simulation created, setting up event handlers...
[Graph3D] Data changed: {
  nodesLen: [33m3[39m,
  linksLen: [33m1[39m,
  key: [33m1776869832303[39m,
  timestamp: [33m1776869831300[39m
}
[Graph3D] Creating simulation: [33m3[39m nodes
[Graph3D] createGraphSimulation called: { hasObjectManager: [33mtrue[39m, hasScene: [33mtrue[39m, nodeCount: [33m3[39m, linkCount: [33m1[39m }
[Graph3D] Clearing existing objects...
[Graph3D] Calling createSimulation...
[Graph3D] Simulation created, setting up event handlers...
[Graph3D] Data changed: {
  nodesLen: [33m3[39m,
  linksLen: [33m1[39m,
  key: [33m1776869832367[39m,
  timestamp: [33m1776869831364[39m
}
[Graph3D] Creating simulation: [33m3[39m nodes
[Graph3D] createGraphSimulation called: { hasObjectManager: [33mtrue[39m, hasScene: [33mtrue[39m, nodeCount: [33m3[39m, linkCount: [33m1[39m }
[Graph3D] Clearing existing objects...
[Graph3D] Calling createSimulation...
[Graph3D] Simulation created, setting up event handlers...
[Graph3D] Data changed: {
  nodesLen: [33m3[39m,
  linksLen: [33m1[39m,
  key: [33m1776869832433[39m,
  timestamp: [33m1776869831430[39m
}
[Graph3D] Creating simulation: [33m3[39m nodes
[Graph3D] createGraphSimulation called: { hasObjectManager: [33mtrue[39m, hasScene: [33mtrue[39m, nodeCount: [33m3[39m, linkCount: [33m1[39m }
[Graph3D] Clearing existing objects...
[Graph3D] Calling createSimulation...
[Graph3D] Simulation created, setting up event handlers...
[Graph3D] Data changed: {
  nodesLen: [33m3[39m,
  linksLen: [33m1[39m,
  key: [33m1776869832498[39m,
  timestamp: [33m1776869831495[39m
}
[Graph3D] Creating simulation: [33m3[39m nodes
[Graph3D] createGraphSimulation called: { hasObjectManager: [33mtrue[39m, hasScene: [33mtrue[39m, nodeCount: [33m3[39m, linkCount: [33m1[39m }
[Graph3D] Clearing existing objects...
[Graph3D] Calling createSimulation...
[Graph3D] Simulation created, setting up event handlers...
[Graph3D] Data changed: {
  nodesLen: [33m3[39m,
  linksLen: [33m1[39m,
  key: [33m1776869832572[39m,
  timestamp: [33m1776869831569[39m
}
[Graph3D] Creating simulation: [33m3[39m nodes
[Graph3D] createGraphSimulation called: { hasObjectManager: [33mtrue[39m, hasScene: [33mtrue[39m, nodeCount: [33m3[39m, linkCount: [33m1[39m }
[Graph3D] Clearing existing objects...
[Graph3D] Calling createSimulation...
[Graph3D] Simulation created, setting up event handlers...
[Graph3D] Data changed: {
  nodesLen: [33m3[39m,
  linksLen: [33m1[39m,
  key: [33m1776869832636[39m,
  timestamp: [33m1776869831633[39m
}
[Graph3D] Creating simulation: [33m3[39m nodes
[Graph3D] createGraphSimulation called: { hasObjectManager: [33mtrue[39m, hasScene: [33mtrue[39m, nodeCount: [33m3[39m, linkCount: [33m1[39m }
[Graph3D] Clearing existing objects...
[Graph3D] Calling createSimulation...
[Graph3D] Simulation created, setting up event handlers...
[Graph3D] Data changed: {
  nodesLen: [33m3[39m,
  linksLen: [33m1[39m,
  key: [33m1776869832700[39m,
  timestamp: [33m1776869831697[39m
}
[Graph3D] Creating simulation: [33m3[39m nodes
[Graph3D] createGraphSimulation called: { hasObjectManager: [33mtrue[39m, hasScene: [33mtrue[39m, nodeCount: [33m3[39m, linkCount: [33m1[39m }
[Graph3D] Clearing existing objects...
[Graph3D] Calling createSimulation...
[Graph3D] Simulation created, setting up event handlers...
[Graph3D] Data changed: {
  nodesLen: [33m3[39m,
  linksLen: [33m1[39m,
  key: [33m1776869832765[39m,
  timestamp: [33m1776869831762[39m
}
[Graph3D] Creating simulation: [33m3[39m nodes
[Graph3D] createGraphSimulation called: { hasObjectManager: [33mtrue[39m, hasScene: [33mtrue[39m, nodeCount: [33m3[39m, linkCount: [33m1[39m }
[Graph3D] Clearing existing objects...
[Graph3D] Calling createSimulation...
[Graph3D] Simulation created, setting up event handlers...
[Graph3D] Data changed: {
  nodesLen: [33m3[39m,
  linksLen: [33m1[39m,
  key: [33m1776869832828[39m,
  timestamp: [33m1776869831825[39m
}
[Graph3D] Creating simulation: [33m3[39m nodes
[Graph3D] createGraphSimulation called: { hasObjectManager: [33mtrue[39m, hasScene: [33mtrue[39m, nodeCount: [33m3[39m, linkCount: [33m1[39m }
[Graph3D] Clearing existing objects...
[Graph3D] Calling createSimulation...
[Graph3D] Simulation created, setting up event handlers...
[Graph3D] Data changed: {
  nodesLen: [33m3[39m,
  linksLen: [33m1[39m,
  key: [33m1776869832888[39m,
  timestamp: [33m1776869831885[39m
}
[Graph3D] Creating simulation: [33m3[39m nodes
[Graph3D] createGraphSimulation called: { hasObjectManager: [33mtrue[39m, hasScene: [33mtrue[39m, nodeCount: [33m3[39m, linkCount: [33m1[39m }
[Graph3D] Clearing existing objects...
[Graph3D] Calling createSimulation...
[Graph3D] Simulation created, setting up event handlers...
[Graph3D] Data changed: {
  nodesLen: [33m3[39m,
  linksLen: [33m1[39m,
  key: [33m1776869832951[39m,
  timestamp: [33m1776869831948[39m
}
[Graph3D] Creating simulation: [33m3[39m nodes
[Graph3D] createGraphSimulation called: { hasObjectManager: [33mtrue[39m, hasScene: [33mtrue[39m, nodeCount: [33m3[39m, linkCount: [33m1[39m }
[Graph3D] Clearing existing objects...
[Graph3D] Calling createSimulation...
[Graph3D] Simulation created, setting up event handlers...
[Graph3D] Data changed: {
  nodesLen: [33m3[39m,
  linksLen: [33m1[39m,
  key: [33m1776869833014[39m,
  timestamp: [33m1776869832011[39m
}
[Graph3D] Creating simulation: [33m3[39m nodes
[Graph3D] createGraphSimulation called: { hasObjectManager: [33mtrue[39m, hasScene: [33mtrue[39m, nodeCount: [33m3[39m, linkCount: [33m1[39m }
[Graph3D] Clearing existing objects...
[Graph3D] Calling createSimulation...
[Graph3D] Simulation created, setting up event handlers...
[Graph3D] Data changed: {
  nodesLen: [33m3[39m,
  linksLen: [33m1[39m,
  key: [33m1776869833082[39m,
  timestamp: [33m1776869832079[39m
}
[Graph3D] Creating simulation: [33m3[39m nodes
[Graph3D] createGraphSimulation called: { hasObjectManager: [33mtrue[39m, hasScene: [33mtrue[39m, nodeCount: [33m3[39m, linkCount: [33m1[39m }
[Graph3D] Clearing existing objects...
[Graph3D] Calling createSimulation...
[Graph3D] Simulation created, setting up event handlers...
[Graph3D] Data changed: {
  nodesLen: [33m3[39m,
  linksLen: [33m1[39m,
  key: [33m1776869833143[39m,
  timestamp: [33m1776869832140[39m
}
[Graph3D] Creating simulation: [33m3[39m nodes
[Graph3D] createGraphSimulation called: { hasObjectManager: [33mtrue[39m, hasScene: [33mtrue[39m, nodeCount: [33m3[39m, linkCount: [33m1[39m }
[Graph3D] Clearing existing objects...
[Graph3D] Calling createSimulation...
[Graph3D] Simulation created, setting up event handlers...
[Graph3D] Data changed: {
  nodesLen: [33m3[39m,
  linksLen: [33m1[39m,
  key: [33m1776869833209[39m,
  timestamp: [33m1776869832206[39m
}
[Graph3D] Creating simulation: [33m3[39m nodes
[Graph3D] createGraphSimulation called: { hasObjectManager: [33mtrue[39m, hasScene: [33mtrue[39m, nodeCount: [33m3[39m, linkCount: [33m1[39m }
[Graph3D] Clearing existing objects...
[Graph3D] Calling createSimulation...
[Graph3D] Simulation created, setting up event handlers...
[Graph3D] Data changed: {
  nodesLen: [33m3[39m,
  linksLen: [33m1[39m,
  key: [33m1776869833273[39m,
  timestamp: [33m1776869832270[39m
}
[Graph3D] Creating simulation: [33m3[39m nodes
[Graph3D] createGraphSimulation called: { hasObjectManager: [33mtrue[39m, hasScene: [33mtrue[39m, nodeCount: [33m3[39m, linkCount: [33m1[39m }
[Graph3D] Clearing existing objects...
[Graph3D] Calling createSimulation...
[Graph3D] Simulation created, setting up event handlers...
[Graph3D] Data changed: {
  nodesLen: [33m3[39m,
  linksLen: [33m1[39m,
  key: [33m1776869833340[39m,
  timestamp: [33m1776869832337[39m
}
[Graph3D] Creating simulation: [33m3[39m nodes
[Graph3D] createGraphSimulation called: { hasObjectManager: [33mtrue[39m, hasScene: [33mtrue[39m, nodeCount: [33m3[39m, linkCount: [33m1[39m }
[Graph3D] Clearing existing objects...
[Graph3D] Calling createSimulation...
[Graph3D] Simulation created, setting up event handlers...
[Graph3D] Data changed: {
  nodesLen: [33m3[39m,
  linksLen: [33m1[39m,
  key: [33m1776869833409[39m,
  timestamp: [33m1776869832406[39m
}
[Graph3D] Creating simulation: [33m3[39m nodes
[Graph3D] createGraphSimulation called: { hasObjectManager: [33mtrue[39m, hasScene: [33mtrue[39m, nodeCount: [33m3[39m, linkCount: [33m1[39m }
[Graph3D] Clearing existing objects...
[Graph3D] Calling createSimulation...
[Graph3D] Simulation created, setting up event handlers...
[Graph3D] Data changed: {
  nodesLen: [33m3[39m,
  linksLen: [33m1[39m,
  key: [33m1776869833472[39m,
  timestamp: [33m1776869832469[39m
}
[Graph3D] Creating simulation: [33m3[39m nodes
[Graph3D] createGraphSimulation called: { hasObjectManager: [33mtrue[39m, hasScene: [33mtrue[39m, nodeCount: [33m3[39m, linkCount: [33m1[39m }
[Graph3D] Clearing existing objects...
[Graph3D] Calling createSimulation...
[Graph3D] Simulation created, setting up event handlers...
[Graph3D] Data changed: {
  nodesLen: [33m3[39m,
  linksLen: [33m1[39m,
  key: [33m1776869833537[39m,
  timestamp: [33m1776869832534[39m
}
[Graph3D] Creating simulation: [33m3[39m nodes
[Graph3D] createGraphSimulation called: { hasObjectManager: [33mtrue[39m, hasScene: [33mtrue[39m, nodeCount: [33m3[39m, linkCount: [33m1[39m }
[Graph3D] Clearing existing objects...
[Graph3D] Calling createSimulation...
[Graph3D] Simulation created, setting up event handlers...
[Graph3D] Data changed: {
  nodesLen: [33m3[39m,
  linksLen: [33m1[39m,
  key: [33m1776869833602[39m,
  timestamp: [33m1776869832599[39m
}
[Graph3D] Creating simulation: [33m3[39m nodes
[Graph3D] createGraphSimulation called: { hasObjectManager: [33mtrue[39m, hasScene: [33mtrue[39m, nodeCount: [33m3[39m, linkCount: [33m1[39m }
[Graph3D] Clearing existing objects...
[Graph3D] Calling createSimulation...
[Graph3D] Simulation created, setting up event handlers...
[Graph3D] Data changed: {
  nodesLen: [33m3[39m,
  linksLen: [33m1[39m,
  key: [33m1776869833667[39m,
  timestamp: [33m1776869832664[39m
}
[Graph3D] Creating simulation: [33m3[39m nodes
[Graph3D] createGraphSimulation called: { hasObjectManager: [33mtrue[39m, hasScene: [33mtrue[39m, nodeCount: [33m3[39m, linkCount: [33m1[39m }
[Graph3D] Clearing existing objects...
[Graph3D] Calling createSimulation...
[Graph3D] Simulation created, setting up event handlers...
[Graph3D] Data changed: {
  nodesLen: [33m3[39m,
  linksLen: [33m1[39m,
  key: [33m1776869833733[39m,
  timestamp: [33m1776869832730[39m
}
[Graph3D] Creating simulation: [33m3[39m nodes
[Graph3D] createGraphSimulation called: { hasObjectManager: [33mtrue[39m, hasScene: [33mtrue[39m, nodeCount: [33m3[39m, linkCount: [33m1[39m }
[Graph3D] Clearing existing objects...
[Graph3D] Calling createSimulation...
[Graph3D] Simulation created, setting up event handlers...
[Graph3D] Data changed: {
  nodesLen: [33m3[39m,
  linksLen: [33m1[39m,
  key: [33m1776869833801[39m,
  timestamp: [33m1776869832798[39m
}
[Graph3D] Creating simulation: [33m3[39m nodes
[Graph3D] createGraphSimulation called: { hasObjectManager: [33mtrue[39m, hasScene: [33mtrue[39m, nodeCount: [33m3[39m, linkCount: [33m1[39m }
[Graph3D] Clearing existing objects...
[Graph3D] Calling createSimulation...
[Graph3D] Simulation created, setting up event handlers...
[Graph3D] Data changed: {
  nodesLen: [33m3[39m,
  linksLen: [33m1[39m,
  key: [33m1776869833868[39m,
  timestamp: [33m1776869832865[39m
}
[Graph3D] Creating simulation: [33m3[39m nodes
[Graph3D] createGraphSimulation called: { hasObjectManager: [33mtrue[39m, hasScene: [33mtrue[39m, nodeCount: [33m3[39m, linkCount: [33m1[39m }
[Graph3D] Clearing existing objects...
[Graph3D] Calling createSimulation...
[Graph3D] Simulation created, setting up event handlers...
[Graph3D] Data changed: {
  nodesLen: [33m3[39m,
  linksLen: [33m1[39m,
  key: [33m1776869833939[39m,
  timestamp: [33m1776869832936[39m
}
[Graph3D] Creating simulation: [33m3[39m nodes
[Graph3D] createGraphSimulation called: { hasObjectManager: [33mtrue[39m, hasScene: [33mtrue[39m, nodeCount: [33m3[39m, linkCount: [33m1[39m }
[Graph3D] Clearing existing objects...
[Graph3D] Calling createSimulation...
[Graph3D] Simulation created, setting up event handlers...
[Graph3D] Data changed: {
  nodesLen: [33m3[39m,
  linksLen: [33m1[39m,
  key: [33m1776869834008[39m,
  timestamp: [33m1776869833005[39m
}
[Graph3D] Creating simulation: [33m3[39m nodes
[Graph3D] createGraphSimulation called: { hasObjectManager: [33mtrue[39m, hasScene: [33mtrue[39m, nodeCount: [33m3[39m, linkCount: [33m1[39m }
[Graph3D] Clearing existing objects...
[Graph3D] Calling createSimulation...
[Graph3D] Simulation created, setting up event handlers...
[Graph3D] Data changed: {
  nodesLen: [33m3[39m,
  linksLen: [33m1[39m,
  key: [33m1776869834073[39m,
  timestamp: [33m1776869833070[39m
}
[Graph3D] Creating simulation: [33m3[39m nodes
[Graph3D] createGraphSimulation called: { hasObjectManager: [33mtrue[39m, hasScene: [33mtrue[39m, nodeCount: [33m3[39m, linkCount: [33m1[39m }
[Graph3D] Clearing existing objects...
[Graph3D] Calling createSimulation...
[Graph3D] Simulation created, setting up event handlers...
[Graph3D] Data changed: {
  nodesLen: [33m3[39m,
  linksLen: [33m1[39m,
  key: [33m1776869834137[39m,
  timestamp: [33m1776869833134[39m
}
[Graph3D] Creating simulation: [33m3[39m nodes
[Graph3D] createGraphSimulation called: { hasObjectManager: [33mtrue[39m, hasScene: [33mtrue[39m, nodeCount: [33m3[39m, linkCount: [33m1[39m }
[Graph3D] Clearing existing objects...
[Graph3D] Calling createSimulation...
[Graph3D] Simulation created, setting up event handlers...
[Graph3D] Data changed: {
  nodesLen: [33m3[39m,
  linksLen: [33m1[39m,
  key: [33m1776869834202[39m,
  timestamp: [33m1776869833199[39m
}
[Graph3D] Creating simulation: [33m3[39m nodes
[Graph3D] createGraphSimulation called: { hasObjectManager: [33mtrue[39m, hasScene: [33mtrue[39m, nodeCount: [33m3[39m, linkCount: [33m1[39m }
[Graph3D] Clearing existing objects...
[Graph3D] Calling createSimulation...
[Graph3D] Simulation created, setting up event handlers...
[Graph3D] Data changed: {
  nodesLen: [33m3[39m,
  linksLen: [33m1[39m,
  key: [33m1776869834269[39m,
  timestamp: [33m1776869833266[39m
}
[Graph3D] Creating simulation: [33m3[39m nodes
[Graph3D] createGraphSimulation called: { hasObjectManager: [33mtrue[39m, hasScene: [33mtrue[39m, nodeCount: [33m3[39m, linkCount: [33m1[39m }
[Graph3D] Clearing existing objects...
[Graph3D] Calling createSimulation...
[Graph3D] Simulation created, setting up event handlers...
[Graph3D] Data changed: {
  nodesLen: [33m3[39m,
  linksLen: [33m1[39m,
  key: [33m1776869834336[39m,
  timestamp: [33m1776869833333[39m
}
[Graph3D] Creating simulation: [33m3[39m nodes
[Graph3D] createGraphSimulation called: { hasObjectManager: [33mtrue[39m, hasScene: [33mtrue[39m, nodeCount: [33m3[39m, linkCount: [33m1[39m }
[Graph3D] Clearing existing objects...
[Graph3D] Calling createSimulation...
[Graph3D] Simulation created, setting up event handlers...
[Graph3D] Data changed: {
  nodesLen: [33m3[39m,
  linksLen: [33m1[39m,
  key: [33m1776869834402[39m,
  timestamp: [33m1776869833399[39m
}
[Graph3D] Creating simulation: [33m3[39m nodes
[Graph3D] createGraphSimulation called: { hasObjectManager: [33mtrue[39m, hasScene: [33mtrue[39m, nodeCount: [33m3[39m, linkCount: [33m1[39m }
[Graph3D] Clearing existing objects...
[Graph3D] Calling createSimulation...
[Graph3D] Simulation created, setting up event handlers...
[Graph3D] Data changed: {
  nodesLen: [33m3[39m,
  linksLen: [33m1[39m,
  key: [33m1776869834471[39m,
  timestamp: [33m1776869833468[39m
}
[Graph3D] Creating simulation: [33m3[39m nodes
[Graph3D] createGraphSimulation called: { hasObjectManager: [33mtrue[39m, hasScene: [33mtrue[39m, nodeCount: [33m3[39m, linkCount: [33m1[39m }
[Graph3D] Clearing existing objects...
[Graph3D] Calling createSimulation...
[Graph3D] Simulation created, setting up event handlers...
[Graph3D] Data changed: {
  nodesLen: [33m3[39m,
  linksLen: [33m1[39m,
  key: [33m1776869834540[39m,
  timestamp: [33m1776869833537[39m
}
[Graph3D] Creating simulation: [33m3[39m nodes
[Graph3D] createGraphSimulation called: { hasObjectManager: [33mtrue[39m, hasScene: [33mtrue[39m, nodeCount: [33m3[39m, linkCount: [33m1[39m }
[Graph3D] Clearing existing objects...
[Graph3D] Calling createSimulation...
[Graph3D] Simulation created, setting up event handlers...
[Graph3D] Data changed: {
  nodesLen: [33m3[39m,
  linksLen: [33m1[39m,
  key: [33m1776869834605[39m,
  timestamp: [33m1776869833602[39m
}
[Graph3D] Creating simulation: [33m3[39m nodes
[Graph3D] createGraphSimulation called: { hasObjectManager: [33mtrue[39m, hasScene: [33mtrue[39m, nodeCount: [33m3[39m, linkCount: [33m1[39m }
[Graph3D] Clearing existing objects...
[Graph3D] Calling createSimulation...
[Graph3D] Simulation created, setting up event handlers...
[Graph3D] Data changed: {
  nodesLen: [33m3[39m,
  linksLen: [33m1[39m,
  key: [33m1776869834673[39m,
  timestamp: [33m1776869833670[39m
}
[Graph3D] Creating simulation: [33m3[39m nodes
[Graph3D] createGraphSimulation called: { hasObjectManager: [33mtrue[39m, hasScene: [33mtrue[39m, nodeCount: [33m3[39m, linkCount: [33m1[39m }
[Graph3D] Clearing existing objects...
[Graph3D] Calling createSimulation...
[Graph3D] Simulation created, setting up event handlers...
[Graph3D] Data changed: {
  nodesLen: [33m3[39m,
  linksLen: [33m1[39m,
  key: [33m1776869834740[39m,
  timestamp: [33m1776869833737[39m
}
[Graph3D] Creating simulation: [33m3[39m nodes
[Graph3D] createGraphSimulation called: { hasObjectManager: [33mtrue[39m, hasScene: [33mtrue[39m, nodeCount: [33m3[39m, linkCount: [33m1[39m }
[Graph3D] Clearing existing objects...
[Graph3D] Calling createSimulation...
[Graph3D] Simulation created, setting up event handlers...
[Graph3D] Data changed: {
  nodesLen: [33m3[39m,
  linksLen: [33m1[39m,
  key: [33m1776869834806[39m,
  timestamp: [33m1776869833803[39m
}
[Graph3D] Creating simulation: [33m3[39m nodes
[Graph3D] createGraphSimulation called: { hasObjectManager: [33mtrue[39m, hasScene: [33mtrue[39m, nodeCount: [33m3[39m, linkCount: [33m1[39m }
[Graph3D] Clearing existing objects...
[Graph3D] Calling createSimulation...
[Graph3D] Simulation created, setting up event handlers...
[Graph3D] Data changed: {
  nodesLen: [33m3[39m,
  linksLen: [33m1[39m,
  key: [33m1776869834872[39m,
  timestamp: [33m1776869833869[39m
}
[Graph3D] Creating simulation: [33m3[39m nodes
[Graph3D] createGraphSimulation called: { hasObjectManager: [33mtrue[39m, hasScene: [33mtrue[39m, nodeCount: [33m3[39m, linkCount: [33m1[39m }
[Graph3D] Clearing existing objects...
[Graph3D] Calling createSimulation...
[Graph3D] Simulation created, setting up event handlers...
[Graph3D] Data changed: {
  nodesLen: [33m3[39m,
  linksLen: [33m1[39m,
  key: [33m1776869834938[39m,
  timestamp: [33m1776869833935[39m
}
[Graph3D] Creating simulation: [33m3[39m nodes
[Graph3D] createGraphSimulation called: { hasObjectManager: [33mtrue[39m, hasScene: [33mtrue[39m, nodeCount: [33m3[39m, linkCount: [33m1[39m }
[Graph3D] Clearing existing objects...
[Graph3D] Calling createSimulation...
[Graph3D] Simulation created, setting up event handlers...
[Graph3D] Data changed: {
  nodesLen: [33m3[39m,
  linksLen: [33m1[39m,
  key: [33m1776869835004[39m,
  timestamp: [33m1776869834001[39m
}
[Graph3D] Creating simulation: [33m3[39m nodes
[Graph3D] createGraphSimulation called: { hasObjectManager: [33mtrue[39m, hasScene: [33mtrue[39m, nodeCount: [33m3[39m, linkCount: [33m1[39m }
[Graph3D] Clearing existing objects...
[Graph3D] Calling createSimulation...
[Graph3D] Simulation created, setting up event handlers...
[Graph3D] Data changed: {
  nodesLen: [33m3[39m,
  linksLen: [33m1[39m,
  key: [33m1776869835070[39m,
  timestamp: [33m1776869834067[39m
}
[Graph3D] Creating simulation: [33m3[39m nodes
[Graph3D] createGraphSimulation called: { hasObjectManager: [33mtrue[39m, hasScene: [33mtrue[39m, nodeCount: [33m3[39m, linkCount: [33m1[39m }
[Graph3D] Clearing existing objects...
[Graph3D] Calling createSimulation...
[Graph3D] Simulation created, setting up event handlers...
[Graph3D] Data changed: {
  nodesLen: [33m3[39m,
  linksLen: [33m1[39m,
  key: [33m1776869835136[39m,
  timestamp: [33m1776869834133[39m
}
[Graph3D] Creating simulation: [33m3[39m nodes
[Graph3D] createGraphSimulation called: { hasObjectManager: [33mtrue[39m, hasScene: [33mtrue[39m, nodeCount: [33m3[39m, linkCount: [33m1[39m }
[Graph3D] Clearing existing objects...
[Graph3D] Calling createSimulation...
[Graph3D] Simulation created, setting up event handlers...
[Graph3D] Data changed: {
  nodesLen: [33m3[39m,
  linksLen: [33m1[39m,
  key: [33m1776869835202[39m,
  timestamp: [33m1776869834199[39m
}
[Graph3D] Creating simulation: [33m3[39m nodes
[Graph3D] createGraphSimulation called: { hasObjectManager: [33mtrue[39m, hasScene: [33mtrue[39m, nodeCount: [33m3[39m, linkCount: [33m1[39m }
[Graph3D] Clearing existing objects...
[Graph3D] Calling createSimulation...
[Graph3D] Simulation created, setting up event handlers...
[Graph3D] Data changed: {
  nodesLen: [33m3[39m,
  linksLen: [33m1[39m,
  key: [33m1776869835268[39m,
  timestamp: [33m1776869834265[39m
}
[Graph3D] Creating simulation: [33m3[39m nodes
[Graph3D] createGraphSimulation called: { hasObjectManager: [33mtrue[39m, hasScene: [33mtrue[39m, nodeCount: [33m3[39m, linkCount: [33m1[39m }
[Graph3D] Clearing existing objects...
[Graph3D] Calling createSimulation...
[Graph3D] Simulation created, setting up event handlers...
[Graph3D] Data changed: {
  nodesLen: [33m3[39m,
  linksLen: [33m1[39m,
  key: [33m1776869835334[39m,
  timestamp: [33m1776869834331[39m
}
[Graph3D] Creating simulation: [33m3[39m nodes
[Graph3D] createGraphSimulation called: { hasObjectManager: [33mtrue[39m, hasScene: [33mtrue[39m, nodeCount: [33m3[39m, linkCount: [33m1[39m }
[Graph3D] Clearing existing objects...
[Graph3D] Calling createSimulation...
[Graph3D] Simulation created, setting up event handlers...
[Graph3D] Data changed: {
  nodesLen: [33m3[39m,
  linksLen: [33m1[39m,
  key: [33m1776869835418[39m,
  timestamp: [33m1776869834415[39m
}
[Graph3D] Creating simulation: [33m3[39m nodes
[Graph3D] createGraphSimulation called: { hasObjectManager: [33mtrue[39m, hasScene: [33mtrue[39m, nodeCount: [33m3[39m, linkCount: [33m1[39m }
[Graph3D] Clearing existing objects...
[Graph3D] Calling createSimulation...
[Graph3D] Simulation created, setting up event handlers...
[Graph3D] Data changed: {
  nodesLen: [33m3[39m,
  linksLen: [33m1[39m,
  key: [33m1776869835492[39m,
  timestamp: [33m1776869834489[39m
}
[Graph3D] Creating simulation: [33m3[39m nodes
[Graph3D] createGraphSimulation called: { hasObjectManager: [33mtrue[39m, hasScene: [33mtrue[39m, nodeCount: [33m3[39m, linkCount: [33m1[39m }
[Graph3D] Clearing existing objects...
[Graph3D] Calling createSimulation...
[Graph3D] Simulation created, setting up event handlers...
[Graph3D] Data changed: {
  nodesLen: [33m3[39m,
  linksLen: [33m1[39m,
  key: [33m1776869835567[39m,
  timestamp: [33m1776869834564[39m
}
[Graph3D] Creating simulation: [33m3[39m nodes
[Graph3D] createGraphSimulation called: { hasObjectManager: [33mtrue[39m, hasScene: [33mtrue[39m, nodeCount: [33m3[39m, linkCount: [33m1[39m }
[Graph3D] Clearing existing objects...
[Graph3D] Calling createSimulation...
[Graph3D] Simulation created, setting up event handlers...
[Graph3D] Data changed: {
  nodesLen: [33m3[39m,
  linksLen: [33m1[39m,
  key: [33m1776869835639[39m,
  timestamp: [33m1776869834636[39m
}
[Graph3D] Creating simulation: [33m3[39m nodes
[Graph3D] createGraphSimulation called: { hasObjectManager: [33mtrue[39m, hasScene: [33mtrue[39m, nodeCount: [33m3[39m, linkCount: [33m1[39m }
[Graph3D] Clearing existing objects...
[Graph3D] Calling createSimulation...
[Graph3D] Simulation created, setting up event handlers...
[Graph3D] Data changed: {
  nodesLen: [33m3[39m,
  linksLen: [33m1[39m,
  key: [33m1776869835708[39m,
  timestamp: [33m1776869834705[39m
}
[Graph3D] Creating simulation: [33m3[39m nodes
[Graph3D] createGraphSimulation called: { hasObjectManager: [33mtrue[39m, hasScene: [33mtrue[39m, nodeCount: [33m3[39m, linkCount: [33m1[39m }
[Graph3D] Clearing existing objects...
[Graph3D] Calling createSimulation...
[Graph3D] Simulation created, setting up event handlers...
[Graph3D] Data changed: {
  nodesLen: [33m3[39m,
  linksLen: [33m1[39m,
  key: [33m1776869835775[39m,
  timestamp: [33m1776869834772[39m
}
[Graph3D] Creating simulation: [33m3[39m nodes
[Graph3D] createGraphSimulation called: { hasObjectManager: [33mtrue[39m, hasScene: [33mtrue[39m, nodeCount: [33m3[39m, linkCount: [33m1[39m }
[Graph3D] Clearing existing objects...
[Graph3D] Calling createSimulation...
[Graph3D] Simulation created, setting up event handlers...
[Graph3D] Data changed: {
  nodesLen: [33m3[39m,
  linksLen: [33m1[39m,
  key: [33m1776869835841[39m,
  timestamp: [33m1776869834838[39m
}
[Graph3D] Creating simulation: [33m3[39m nodes
[Graph3D] createGraphSimulation called: { hasObjectManager: [33mtrue[39m, hasScene: [33mtrue[39m, nodeCount: [33m3[39m, linkCount: [33m1[39m }
[Graph3D] Clearing existing objects...
[Graph3D] Calling createSimulation...
[Graph3D] Simulation created, setting up event handlers...
[Graph3D] Data changed: {
  nodesLen: [33m3[39m,
  linksLen: [33m1[39m,
  key: [33m1776869835932[39m,
  timestamp: [33m1776869834929[39m
}
[Graph3D] Creating simulation: [33m3[39m nodes
[Graph3D] createGraphSimulation called: { hasObjectManager: [33mtrue[39m, hasScene: [33mtrue[39m, nodeCount: [33m3[39m, linkCount: [33m1[39m }
[Graph3D] Clearing existing objects...
[Graph3D] Calling createSimulation...
[Graph3D] Simulation created, setting up event handlers...
[Graph3D] Data changed: {
  nodesLen: [33m3[39m,
  linksLen: [33m1[39m,
  key: [33m1776869836001[39m,
  timestamp: [33m1776869834998[39m
}
[Graph3D] Creating simulation: [33m3[39m nodes
[Graph3D] createGraphSimulation called: { hasObjectManager: [33mtrue[39m, hasScene: [33mtrue[39m, nodeCount: [33m3[39m, linkCount: [33m1[39m }
[Graph3D] Clearing existing objects...
[Graph3D] Calling createSimulation...
[Graph3D] Simulation created, setting up event handlers...
[Graph3D] Data changed: {
  nodesLen: [33m3[39m,
  linksLen: [33m1[39m,
  key: [33m1776869836068[39m,
  timestamp: [33m1776869835065[39m
}
[Graph3D] Creating simulation: [33m3[39m nodes
[Graph3D] createGraphSimulation called: { hasObjectManager: [33mtrue[39m, hasScene: [33mtrue[39m, nodeCount: [33m3[39m, linkCount: [33m1[39m }
[Graph3D] Clearing existing objects...
[Graph3D] Calling createSimulation...
[Graph3D] Simulation created, setting up event handlers...
[Graph3D] Data changed: {
  nodesLen: [33m3[39m,
  linksLen: [33m1[39m,
  key: [33m1776869836136[39m,
  timestamp: [33m1776869835133[39m
}
[Graph3D] Creating simulation: [33m3[39m nodes
[Graph3D] createGraphSimulation called: { hasObjectManager: [33mtrue[39m, hasScene: [33mtrue[39m, nodeCount: [33m3[39m, linkCount: [33m1[39m }
[Graph3D] Clearing existing objects...
[Graph3D] Calling createSimulation...
[Graph3D] Simulation created, setting up event handlers...
[Graph3D] Data changed: {
  nodesLen: [33m3[39m,
  linksLen: [33m1[39m,
  key: [33m1776869836203[39m,
  timestamp: [33m1776869835200[39m
}
[Graph3D] Creating simulation: [33m3[39m nodes
[Graph3D] createGraphSimulation called: { hasObjectManager: [33mtrue[39m, hasScene: [33mtrue[39m, nodeCount: [33m3[39m, linkCount: [33m1[39m }
[Graph3D] Clearing existing objects...
[Graph3D] Calling createSimulation...
[Graph3D] Simulation created, setting up event handlers...
[Graph3D] Data changed: {
  nodesLen: [33m3[39m,
  linksLen: [33m1[39m,
  key: [33m1776869836274[39m,
  timestamp: [33m1776869835271[39m
}
[Graph3D] Creating simulation: [33m3[39m nodes
[Graph3D] createGraphSimulation called: { hasObjectManager: [33mtrue[39m, hasScene: [33mtrue[39m, nodeCount: [33m3[39m, linkCount: [33m1[39m }
[Graph3D] Clearing existing objects...
[Graph3D] Calling createSimulation...
[Graph3D] Simulation created, setting up event handlers...
[Graph3D] Data changed: {
  nodesLen: [33m3[39m,
  linksLen: [33m1[39m,
  key: [33m1776869836343[39m,
  timestamp: [33m1776869835340[39m
}
[Graph3D] Creating simulation: [33m3[39m nodes
[Graph3D] createGraphSimulation called: { hasObjectManager: [33mtrue[39m, hasScene: [33mtrue[39m, nodeCount: [33m3[39m, linkCount: [33m1[39m }
[Graph3D] Clearing existing objects...
[Graph3D] Calling createSimulation...
[Graph3D] Simulation created, setting up event handlers...
[Graph3D] Data changed: {
  nodesLen: [33m3[39m,
  linksLen: [33m1[39m,
  key: [33m1776869836418[39m,
  timestamp: [33m1776869835415[39m
}
[Graph3D] Creating simulation: [33m3[39m nodes
[Graph3D] createGraphSimulation called: { hasObjectManager: [33mtrue[39m, hasScene: [33mtrue[39m, nodeCount: [33m3[39m, linkCount: [33m1[39m }
[Graph3D] Clearing existing objects...
[Graph3D] Calling createSimulation...
[Graph3D] Simulation created, setting up event handlers...
[Graph3D] Data changed: {
  nodesLen: [33m3[39m,
  linksLen: [33m1[39m,
  key: [33m1776869836484[39m,
  timestamp: [33m1776869835481[39m
}
[Graph3D] Creating simulation: [33m3[39m nodes
[Graph3D] createGraphSimulation called: { hasObjectManager: [33mtrue[39m, hasScene: [33mtrue[39m, nodeCount: [33m3[39m, linkCount: [33m1[39m }
[Graph3D] Clearing existing objects...
[Graph3D] Calling createSimulation...
[Graph3D] Simulation created, setting up event handlers...
[Graph3D] Data changed: {
  nodesLen: [33m3[39m,
  linksLen: [33m1[39m,
  key: [33m1776869836555[39m,
  timestamp: [33m1776869835552[39m
}
[Graph3D] Creating simulation: [33m3[39m nodes
[Graph3D] createGraphSimulation called: { hasObjectManager: [33mtrue[39m, hasScene: [33mtrue[39m, nodeCount: [33m3[39m, linkCount: [33m1[39m }
[Graph3D] Clearing existing objects...
[Graph3D] Calling createSimulation...
[Graph3D] Simulation created, setting up event handlers...
[Graph3D] Data changed: {
  nodesLen: [33m3[39m,
  linksLen: [33m1[39m,
  key: [33m1776869836625[39m,
  timestamp: [33m1776869835622[39m
}
[Graph3D] Creating simulation: [33m3[39m nodes
[Graph3D] createGraphSimulation called: { hasObjectManager: [33mtrue[39m, hasScene: [33mtrue[39m, nodeCount: [33m3[39m, linkCount: [33m1[39m }
[Graph3D] Clearing existing objects...
[Graph3D] Calling createSimulation...
[Graph3D] Simulation created, setting up event handlers...
[Graph3D] Data changed: {
  nodesLen: [33m3[39m,
  linksLen: [33m1[39m,
  key: [33m1776869836695[39m,
  timestamp: [33m1776869835692[39m
}
[Graph3D] Creating simulation: [33m3[39m nodes
[Graph3D] createGraphSimulation called: { hasObjectManager: [33mtrue[39m, hasScene: [33mtrue[39m, nodeCount: [33m3[39m, linkCount: [33m1[39m }
[Graph3D] Clearing existing objects...
[Graph3D] Calling createSimulation...
[Graph3D] Simulation created, setting up event handlers...
[Graph3D] Data changed: {
  nodesLen: [33m3[39m,
  linksLen: [33m1[39m,
  key: [33m1776869836761[39m,
  timestamp: [33m1776869835758[39m
}
[Graph3D] Creating simulation: [33m3[39m nodes
[Graph3D] createGraphSimulation called: { hasObjectManager: [33mtrue[39m, hasScene: [33mtrue[39m, nodeCount: [33m3[39m, linkCount: [33m1[39m }
[Graph3D] Clearing existing objects...
[Graph3D] Calling createSimulation...
[Graph3D] Simulation created, setting up event handlers...
[Graph3D] Data changed: {
  nodesLen: [33m3[39m,
  linksLen: [33m1[39m,
  key: [33m1776869836831[39m,
  timestamp: [33m1776869835828[39m
}
[Graph3D] Creating simulation: [33m3[39m nodes
[Graph3D] createGraphSimulation called: { hasObjectManager: [33mtrue[39m, hasScene: [33mtrue[39m, nodeCount: [33m3[39m, linkCount: [33m1[39m }
[Graph3D] Clearing existing objects...
[Graph3D] Calling createSimulation...
[Graph3D] Simulation created, setting up event handlers...
[Graph3D] Data changed: {
  nodesLen: [33m3[39m,
  linksLen: [33m1[39m,
  key: [33m1776869836901[39m,
  timestamp: [33m1776869835898[39m
}
[Graph3D] Creating simulation: [33m3[39m nodes
[Graph3D] createGraphSimulation called: { hasObjectManager: [33mtrue[39m, hasScene: [33mtrue[39m, nodeCount: [33m3[39m, linkCount: [33m1[39m }
[Graph3D] Clearing existing objects...
[Graph3D] Calling createSimulation...
[Graph3D] Simulation created, setting up event handlers...
[Graph3D] Data changed: {
  nodesLen: [33m3[39m,
  linksLen: [33m1[39m,
  key: [33m1776869836968[39m,
  timestamp: [33m1776869835965[39m
}
[Graph3D] Creating simulation: [33m3[39m nodes
[Graph3D] createGraphSimulation called: { hasObjectManager: [33mtrue[39m, hasScene: [33mtrue[39m, nodeCount: [33m3[39m, linkCount: [33m1[39m }
[Graph3D] Clearing existing objects...
[Graph3D] Calling createSimulation...
[Graph3D] Simulation created, setting up event handlers...
[Graph3D] Data changed: {
  nodesLen: [33m3[39m,
  linksLen: [33m1[39m,
  key: [33m1776869837034[39m,
  timestamp: [33m1776869836031[39m
}
[Graph3D] Creating simulation: [33m3[39m nodes
[Graph3D] createGraphSimulation called: { hasObjectManager: [33mtrue[39m, hasScene: [33mtrue[39m, nodeCount: [33m3[39m, linkCount: [33m1[39m }
[Graph3D] Clearing existing objects...
[Graph3D] Calling createSimulation...
[Graph3D] Simulation created, setting up event handlers...
[Graph3D] Data changed: {
  nodesLen: [33m3[39m,
  linksLen: [33m1[39m,
  key: [33m1776869837109[39m,
  timestamp: [33m1776869836106[39m
}
[Graph3D] Creating simulation: [33m3[39m nodes
[Graph3D] createGraphSimulation called: { hasObjectManager: [33mtrue[39m, hasScene: [33mtrue[39m, nodeCount: [33m3[39m, linkCount: [33m1[39m }
[Graph3D] Clearing existing objects...
[Graph3D] Calling createSimulation...
[Graph3D] Simulation created, setting up event handlers...
[Graph3D] Data changed: {
  nodesLen: [33m3[39m,
  linksLen: [33m1[39m,
  key: [33m1776869837182[39m,
  timestamp: [33m1776869836179[39m
}
[Graph3D] Creating simulation: [33m3[39m nodes
[Graph3D] createGraphSimulation called: { hasObjectManager: [33mtrue[39m, hasScene: [33mtrue[39m, nodeCount: [33m3[39m, linkCount: [33m1[39m }
[Graph3D] Clearing existing objects...
[Graph3D] Calling createSimulation...
[Graph3D] Simulation created, setting up event handlers...
[Graph3D] Data changed: {
  nodesLen: [33m3[39m,
  linksLen: [33m1[39m,
  key: [33m1776869837254[39m,
  timestamp: [33m1776869836251[39m
}
[Graph3D] Creating simulation: [33m3[39m nodes
[Graph3D] createGraphSimulation called: { hasObjectManager: [33mtrue[39m, hasScene: [33mtrue[39m, nodeCount: [33m3[39m, linkCount: [33m1[39m }
[Graph3D] Clearing existing objects...
[Graph3D] Calling createSimulation...
[Graph3D] Simulation created, setting up event handlers...
[Graph3D] Data changed: {
  nodesLen: [33m3[39m,
  linksLen: [33m1[39m,
  key: [33m1776869837322[39m,
  timestamp: [33m1776869836319[39m
}
[Graph3D] Creating simulation: [33m3[39m nodes
[Graph3D] createGraphSimulation called: { hasObjectManager: [33mtrue[39m, hasScene: [33mtrue[39m, nodeCount: [33m3[39m, linkCount: [33m1[39m }
[Graph3D] Clearing existing objects...
[Graph3D] Calling createSimulation...
[Graph3D] Simulation created, setting up event handlers...
[Graph3D] Data changed: {
  nodesLen: [33m3[39m,
  linksLen: [33m1[39m,
  key: [33m1776869837393[39m,
  timestamp: [33m1776869836390[39m
}
[Graph3D] Creating simulation: [33m3[39m nodes
[Graph3D] createGraphSimulation called: { hasObjectManager: [33mtrue[39m, hasScene: [33mtrue[39m, nodeCount: [33m3[39m, linkCount: [33m1[39m }
[Graph3D] Clearing existing objects...
[Graph3D] Calling createSimulation...
[Graph3D] Simulation created, setting up event handlers...
[Graph3D] Data changed: {
  nodesLen: [33m3[39m,
  linksLen: [33m1[39m,
  key: [33m1776869837463[39m,
  timestamp: [33m1776869836460[39m
}
[Graph3D] Creating simulation: [33m3[39m nodes
[Graph3D] createGraphSimulation called: { hasObjectManager: [33mtrue[39m, hasScene: [33mtrue[39m, nodeCount: [33m3[39m, linkCount: [33m1[39m }
[Graph3D] Clearing existing objects...
[Graph3D] Calling createSimulation...
[Graph3D] Simulation created, setting up event handlers...
[Graph3D] Data changed: {
  nodesLen: [33m3[39m,
  linksLen: [33m1[39m,
  key: [33m1776869837535[39m,
  timestamp: [33m1776869836532[39m
}
[Graph3D] Creating simulation: [33m3[39m nodes
[Graph3D] createGraphSimulation called: { hasObjectManager: [33mtrue[39m, hasScene: [33mtrue[39m, nodeCount: [33m3[39m, linkCount: [33m1[39m }
[Graph3D] Clearing existing objects...
[Graph3D] Calling createSimulation...
[Graph3D] Simulation created, setting up event handlers...
[Graph3D] Data changed: {
  nodesLen: [33m3[39m,
  linksLen: [33m1[39m,
  key: [33m1776869837602[39m,
  timestamp: [33m1776869836599[39m
}
[Graph3D] Creating simulation: [33m3[39m nodes
[Graph3D] createGraphSimulation called: { hasObjectManager: [33mtrue[39m, hasScene: [33mtrue[39m, nodeCount: [33m3[39m, linkCount: [33m1[39m }
[Graph3D] Clearing existing objects...
[Graph3D] Calling createSimulation...
[Graph3D] Simulation created, setting up event handlers...
[Graph3D] Data changed: {
  nodesLen: [33m3[39m,
  linksLen: [33m1[39m,
  key: [33m1776869837682[39m,
  timestamp: [33m1776869836679[39m
}
[Graph3D] Creating simulation: [33m3[39m nodes
[Graph3D] createGraphSimulation called: { hasObjectManager: [33mtrue[39m, hasScene: [33mtrue[39m, nodeCount: [33m3[39m, linkCount: [33m1[39m }
[Graph3D] Clearing existing objects...
[Graph3D] Calling createSimulation...
[Graph3D] Simulation created, setting up event handlers...
[Graph3D] Data changed: {
  nodesLen: [33m3[39m,
  linksLen: [33m1[39m,
  key: [33m1776869837750[39m,
  timestamp: [33m1776869836747[39m
}
[Graph3D] Creating simulation: [33m3[39m nodes
[Graph3D] createGraphSimulation called: { hasObjectManager: [33mtrue[39m, hasScene: [33mtrue[39m, nodeCount: [33m3[39m, linkCount: [33m1[39m }
[Graph3D] Clearing existing objects...
[Graph3D] Calling createSimulation...
[Graph3D] Simulation created, setting up event handlers...
[Graph3D] Data changed: {
  nodesLen: [33m3[39m,
  linksLen: [33m1[39m,
  key: [33m1776869837818[39m,
  timestamp: [33m1776869836815[39m
}
[Graph3D] Creating simulation: [33m3[39m nodes
[Graph3D] createGraphSimulation called: { hasObjectManager: [33mtrue[39m, hasScene: [33mtrue[39m, nodeCount: [33m3[39m, linkCount: [33m1[39m }
[Graph3D] Clearing existing objects...
[Graph3D] Calling createSimulation...
[Graph3D] Simulation created, setting up event handlers...
[Graph3D] Data changed: {
  nodesLen: [33m3[39m,
  linksLen: [33m1[39m,
  key: [33m1776869837890[39m,
  timestamp: [33m1776869836887[39m
}
[Graph3D] Creating simulation: [33m3[39m nodes
[Graph3D] createGraphSimulation called: { hasObjectManager: [33mtrue[39m, hasScene: [33mtrue[39m, nodeCount: [33m3[39m, linkCount: [33m1[39m }
[Graph3D] Clearing existing objects...
[Graph3D] Calling createSimulation...
[Graph3D] Simulation created, setting up event handlers...
[Graph3D] Data changed: {
  nodesLen: [33m3[39m,
  linksLen: [33m1[39m,
  key: [33m1776869837959[39m,
  timestamp: [33m1776869836956[39m
}
[Graph3D] Creating simulation: [33m3[39m nodes
[Graph3D] createGraphSimulation called: { hasObjectManager: [33mtrue[39m, hasScene: [33mtrue[39m, nodeCount: [33m3[39m, linkCount: [33m1[39m }
[Graph3D] Clearing existing objects...
[Graph3D] Calling createSimulation...
[Graph3D] Simulation created, setting up event handlers...
[Graph3D] Data changed: {
  nodesLen: [33m3[39m,
  linksLen: [33m1[39m,
  key: [33m1776869838029[39m,
  timestamp: [33m1776869837026[39m
}
[Graph3D] Creating simulation: [33m3[39m nodes
[Graph3D] createGraphSimulation called: { hasObjectManager: [33mtrue[39m, hasScene: [33mtrue[39m, nodeCount: [33m3[39m, linkCount: [33m1[39m }
[Graph3D] Clearing existing objects...
[Graph3D] Calling createSimulation...
[Graph3D] Simulation created, setting up event handlers...
[Graph3D] Data changed: {
  nodesLen: [33m3[39m,
  linksLen: [33m1[39m,
  key: [33m1776869838100[39m,
  timestamp: [33m1776869837097[39m
}
[Graph3D] Creating simulation: [33m3[39m nodes
[Graph3D] createGraphSimulation called: { hasObjectManager: [33mtrue[39m, hasScene: [33mtrue[39m, nodeCount: [33m3[39m, linkCount: [33m1[39m }
[Graph3D] Clearing existing objects...
[Graph3D] Calling createSimulation...
[Graph3D] Simulation created, setting up event handlers...
[Graph3D] Data changed: {
  nodesLen: [33m3[39m,
  linksLen: [33m1[39m,
  key: [33m1776869838169[39m,
  timestamp: [33m1776869837166[39m
}
[Graph3D] Creating simulation: [33m3[39m nodes
[Graph3D] createGraphSimulation called: { hasObjectManager: [33mtrue[39m, hasScene: [33mtrue[39m, nodeCount: [33m3[39m, linkCount: [33m1[39m }
[Graph3D] Clearing existing objects...
[Graph3D] Calling createSimulation...
[Graph3D] Simulation created, setting up event handlers...
[Graph3D] Data changed: {
  nodesLen: [33m3[39m,
  linksLen: [33m1[39m,
  key: [33m1776869838237[39m,
  timestamp: [33m1776869837234[39m
}
[Graph3D] Creating simulation: [33m3[39m nodes
[Graph3D] createGraphSimulation called: { hasObjectManager: [33mtrue[39m, hasScene: [33mtrue[39m, nodeCount: [33m3[39m, linkCount: [33m1[39m }
[Graph3D] Clearing existing objects...
[Graph3D] Calling createSimulation...
[Graph3D] Simulation created, setting up event handlers...
[Graph3D] Data changed: {
  nodesLen: [33m3[39m,
  linksLen: [33m1[39m,
  key: [33m1776869838307[39m,
  timestamp: [33m1776869837304[39m
}
[Graph3D] Creating simulation: [33m3[39m nodes
[Graph3D] createGraphSimulation called: { hasObjectManager: [33mtrue[39m, hasScene: [33mtrue[39m, nodeCount: [33m3[39m, linkCount: [33m1[39m }
[Graph3D] Clearing existing objects...
[Graph3D] Calling createSimulation...
[Graph3D] Simulation created, setting up event handlers...
[Graph3D] Data changed: {
  nodesLen: [33m3[39m,
  linksLen: [33m1[39m,
  key: [33m1776869838380[39m,
  timestamp: [33m1776869837377[39m
}
[Graph3D] Creating simulation: [33m3[39m nodes
[Graph3D] createGraphSimulation called: { hasObjectManager: [33mtrue[39m, hasScene: [33mtrue[39m, nodeCount: [33m3[39m, linkCount: [33m1[39m }
[Graph3D] Clearing existing objects...
[Graph3D] Calling createSimulation...
[Graph3D] Simulation created, setting up event handlers...
[Graph3D] Data changed: {
  nodesLen: [33m3[39m,
  linksLen: [33m1[39m,
  key: [33m1776869838452[39m,
  timestamp: [33m1776869837449[39m
}
[Graph3D] Creating simulation: [33m3[39m nodes
[Graph3D] createGraphSimulation called: { hasObjectManager: [33mtrue[39m, hasScene: [33mtrue[39m, nodeCount: [33m3[39m, linkCount: [33m1[39m }
[Graph3D] Clearing existing objects...
[Graph3D] Calling createSimulation...
[Graph3D] Simulation created, setting up event handlers...
[Graph3D] Data changed: {
  nodesLen: [33m3[39m,
  linksLen: [33m1[39m,
  key: [33m1776869838522[39m,
  timestamp: [33m1776869837519[39m
}
[Graph3D] Creating simulation: [33m3[39m nodes
[Graph3D] createGraphSimulation called: { hasObjectManager: [33mtrue[39m, hasScene: [33mtrue[39m, nodeCount: [33m3[39m, linkCount: [33m1[39m }
[Graph3D] Clearing existing objects...
[Graph3D] Calling createSimulation...
[Graph3D] Simulation created, setting up event handlers...
[Graph3D] Data changed: {
  nodesLen: [33m3[39m,
  linksLen: [33m1[39m,
  key: [33m1776869838591[39m,
  timestamp: [33m1776869837588[39m
}
[Graph3D] Creating simulation: [33m3[39m nodes
[Graph3D] createGraphSimulation called: { hasObjectManager: [33mtrue[39m, hasScene: [33mtrue[39m, nodeCount: [33m3[39m, linkCount: [33m1[39m }
[Graph3D] Clearing existing objects...
[Graph3D] Calling createSimulation...
[Graph3D] Simulation created, setting up event handlers...
[Graph3D] Data changed: {
  nodesLen: [33m3[39m,
  linksLen: [33m1[39m,
  key: [33m1776869838663[39m,
  timestamp: [33m1776869837660[39m
}
[Graph3D] Creating simulation: [33m3[39m nodes
[Graph3D] createGraphSimulation called: { hasObjectManager: [33mtrue[39m, hasScene: [33mtrue[39m, nodeCount: [33m3[39m, linkCount: [33m1[39m }
[Graph3D] Clearing existing objects...
[Graph3D] Calling createSimulation...
[Graph3D] Simulation created, setting up event handlers...
[Graph3D] Data changed: {
  nodesLen: [33m3[39m,
  linksLen: [33m1[39m,
  key: [33m1776869838735[39m,
  timestamp: [33m1776869837732[39m
}
[Graph3D] Creating simulation: [33m3[39m nodes
[Graph3D] createGraphSimulation called: { hasObjectManager: [33mtrue[39m, hasScene: [33mtrue[39m, nodeCount: [33m3[39m, linkCount: [33m1[39m }
[Graph3D] Clearing existing objects...
[Graph3D] Calling createSimulation...
[Graph3D] Simulation created, setting up event handlers...
[Graph3D] Data changed: {
  nodesLen: [33m3[39m,
  linksLen: [33m1[39m,
  key: [33m1776869838805[39m,
  timestamp: [33m1776869837802[39m
}
[Graph3D] Creating simulation: [33m3[39m nodes
[Graph3D] createGraphSimulation called: { hasObjectManager: [33mtrue[39m, hasScene: [33mtrue[39m, nodeCount: [33m3[39m, linkCount: [33m1[39m }
[Graph3D] Clearing existing objects...
[Graph3D] Calling createSimulation...
[Graph3D] Simulation created, setting up event handlers...
[Graph3D] Data changed: {
  nodesLen: [33m3[39m,
  linksLen: [33m1[39m,
  key: [33m1776869838877[39m,
  timestamp: [33m1776869837874[39m
}
[Graph3D] Creating simulation: [33m3[39m nodes
[Graph3D] createGraphSimulation called: { hasObjectManager: [33mtrue[39m, hasScene: [33mtrue[39m, nodeCount: [33m3[39m, linkCount: [33m1[39m }
[Graph3D] Clearing existing objects...
[Graph3D] Calling createSimulation...
[Graph3D] Simulation created, setting up event handlers...
[Graph3D] Data changed: {
  nodesLen: [33m3[39m,
  linksLen: [33m1[39m,
  key: [33m1776869838945[39m,
  timestamp: [33m1776869837942[39m
}
[Graph3D] Creating simulation: [33m3[39m nodes
[Graph3D] createGraphSimulation called: { hasObjectManager: [33mtrue[39m, hasScene: [33mtrue[39m, nodeCount: [33m3[39m, linkCount: [33m1[39m }
[Graph3D] Clearing existing objects...
[Graph3D] Calling createSimulation...
[Graph3D] Simulation created, setting up event handlers...
[Graph3D] Data changed: {
  nodesLen: [33m3[39m,
  linksLen: [33m1[39m,
  key: [33m1776869839014[39m,
  timestamp: [33m1776869838011[39m
}
[Graph3D] Creating simulation: [33m3[39m nodes
[Graph3D] createGraphSimulation called: { hasObjectManager: [33mtrue[39m, hasScene: [33mtrue[39m, nodeCount: [33m3[39m, linkCount: [33m1[39m }
[Graph3D] Clearing existing objects...
[Graph3D] Calling createSimulation...
[Graph3D] Simulation created, setting up event handlers...
[Graph3D] Data changed: {
  nodesLen: [33m3[39m,
  linksLen: [33m1[39m,
  key: [33m1776869839085[39m,
  timestamp: [33m1776869838082[39m
}
[Graph3D] Creating simulation: [33m3[39m nodes
[Graph3D] createGraphSimulation called: { hasObjectManager: [33mtrue[39m, hasScene: [33mtrue[39m, nodeCount: [33m3[39m, linkCount: [33m1[39m }
[Graph3D] Clearing existing objects...
[Graph3D] Calling createSimulation...
[Graph3D] Simulation created, setting up event handlers...
[Graph3D] Data changed: {
  nodesLen: [33m3[39m,
  linksLen: [33m1[39m,
  key: [33m1776869839155[39m,
  timestamp: [33m1776869838152[39m
}
[Graph3D] Creating simulation: [33m3[39m nodes
[Graph3D] createGraphSimulation called: { hasObjectManager: [33mtrue[39m, hasScene: [33mtrue[39m, nodeCount: [33m3[39m, linkCount: [33m1[39m }
[Graph3D] Clearing existing objects...
[Graph3D] Calling createSimulation...
[Graph3D] Simulation created, setting up event handlers...
[Graph3D] Data changed: {
  nodesLen: [33m3[39m,
  linksLen: [33m1[39m,
  key: [33m1776869839232[39m,
  timestamp: [33m1776869838229[39m
}
[Graph3D] Creating simulation: [33m3[39m nodes
[Graph3D] createGraphSimulation called: { hasObjectManager: [33mtrue[39m, hasScene: [33mtrue[39m, nodeCount: [33m3[39m, linkCount: [33m1[39m }
[Graph3D] Clearing existing objects...
[Graph3D] Calling createSimulation...
[Graph3D] Simulation created, setting up event handlers...
[Graph3D] Data changed: {
  nodesLen: [33m3[39m,
  linksLen: [33m1[39m,
  key: [33m1776869839302[39m,
  timestamp: [33m1776869838299[39m
}
[Graph3D] Creating simulation: [33m3[39m nodes
[Graph3D] createGraphSimulation called: { hasObjectManager: [33mtrue[39m, hasScene: [33mtrue[39m, nodeCount: [33m3[39m, linkCount: [33m1[39m }
[Graph3D] Clearing existing objects...
[Graph3D] Calling createSimulation...
[Graph3D] Simulation created, setting up event handlers...
[Graph3D] Data changed: {
  nodesLen: [33m3[39m,
  linksLen: [33m1[39m,
  key: [33m1776869839375[39m,
  timestamp: [33m1776869838372[39m
}
[Graph3D] Creating simulation: [33m3[39m nodes
[Graph3D] createGraphSimulation called: { hasObjectManager: [33mtrue[39m, hasScene: [33mtrue[39m, nodeCount: [33m3[39m, linkCount: [33m1[39m }
[Graph3D] Clearing existing objects...
[Graph3D] Calling createSimulation...
[Graph3D] Simulation created, setting up event handlers...
[Graph3D] Data changed: {
  nodesLen: [33m3[39m,
  linksLen: [33m1[39m,
  key: [33m1776869839448[39m,
  timestamp: [33m1776869838445[39m
}
[Graph3D] Creating simulation: [33m3[39m nodes
[Graph3D] createGraphSimulation called: { hasObjectManager: [33mtrue[39m, hasScene: [33mtrue[39m, nodeCount: [33m3[39m, linkCount: [33m1[39m }
[Graph3D] Clearing existing objects...
[Graph3D] Calling createSimulation...
[Graph3D] Simulation created, setting up event handlers...
[Graph3D] Data changed: {
  nodesLen: [33m3[39m,
  linksLen: [33m1[39m,
  key: [33m1776869839522[39m,
  timestamp: [33m1776869838519[39m
}
[Graph3D] Creating simulation: [33m3[39m nodes
[Graph3D] createGraphSimulation called: { hasObjectManager: [33mtrue[39m, hasScene: [33mtrue[39m, nodeCount: [33m3[39m, linkCount: [33m1[39m }
[Graph3D] Clearing existing objects...
[Graph3D] Calling createSimulation...
[Graph3D] Simulation created, setting up event handlers...
[Graph3D] Data changed: {
  nodesLen: [33m3[39m,
  linksLen: [33m1[39m,
  key: [33m1776869839595[39m,
  timestamp: [33m1776869838592[39m
}
[Graph3D] Creating simulation: [33m3[39m nodes
[Graph3D] createGraphSimulation called: { hasObjectManager: [33mtrue[39m, hasScene: [33mtrue[39m, nodeCount: [33m3[39m, linkCount: [33m1[39m }
[Graph3D] Clearing existing objects...
[Graph3D] Calling createSimulation...
[Graph3D] Simulation created, setting up event handlers...
[Graph3D] Data changed: {
  nodesLen: [33m3[39m,
  linksLen: [33m1[39m,
  key: [33m1776869839665[39m,
  timestamp: [33m1776869838662[39m
}
[Graph3D] Creating simulation: [33m3[39m nodes
[Graph3D] createGraphSimulation called: { hasObjectManager: [33mtrue[39m, hasScene: [33mtrue[39m, nodeCount: [33m3[39m, linkCount: [33m1[39m }
[Graph3D] Clearing existing objects...
[Graph3D] Calling createSimulation...
[Graph3D] Simulation created, setting up event handlers...
[Graph3D] Data changed: {
  nodesLen: [33m3[39m,
  linksLen: [33m1[39m,
  key: [33m1776869839737[39m,
  timestamp: [33m1776869838734[39m
}
[Graph3D] Creating simulation: [33m3[39m nodes
[Graph3D] createGraphSimulation called: { hasObjectManager: [33mtrue[39m, hasScene: [33mtrue[39m, nodeCount: [33m3[39m, linkCount: [33m1[39m }
[Graph3D] Clearing existing objects...
[Graph3D] Calling createSimulation...
[Graph3D] Simulation created, setting up event handlers...
[Graph3D] Data changed: {
  nodesLen: [33m3[39m,
  linksLen: [33m1[39m,
  key: [33m1776869839806[39m,
  timestamp: [33m1776869838803[39m
}
[Graph3D] Creating simulation: [33m3[39m nodes
[Graph3D] createGraphSimulation called: { hasObjectManager: [33mtrue[39m, hasScene: [33mtrue[39m, nodeCount: [33m3[39m, linkCount: [33m1[39m }
[Graph3D] Clearing existing objects...
[Graph3D] Calling createSimulation...
[Graph3D] Simulation created, setting up event handlers...
[Graph3D] Data changed: {
  nodesLen: [33m3[39m,
  linksLen: [33m1[39m,
  key: [33m1776869839876[39m,
  timestamp: [33m1776869838873[39m
}
[Graph3D] Creating simulation: [33m3[39m nodes
[Graph3D] createGraphSimulation called: { hasObjectManager: [33mtrue[39m, hasScene: [33mtrue[39m, nodeCount: [33m3[39m, linkCount: [33m1[39m }
[Graph3D] Clearing existing objects...
[Graph3D] Calling createSimulation...
[Graph3D] Simulation created, setting up event handlers...
[Graph3D] Data changed: {
  nodesLen: [33m3[39m,
  linksLen: [33m1[39m,
  key: [33m1776869839945[39m,
  timestamp: [33m1776869838942[39m
}
[Graph3D] Creating simulation: [33m3[39m nodes
[Graph3D] createGraphSimulation called: { hasObjectManager: [33mtrue[39m, hasScene: [33mtrue[39m, nodeCount: [33m3[39m, linkCount: [33m1[39m }
[Graph3D] Clearing existing objects...
[Graph3D] Calling createSimulation...
[Graph3D] Simulation created, setting up event handlers...
[Graph3D] Data changed: {
  nodesLen: [33m3[39m,
  linksLen: [33m1[39m,
  key: [33m1776869840018[39m,
  timestamp: [33m1776869839015[39m
}
[Graph3D] Creating simulation: [33m3[39m nodes
[Graph3D] createGraphSimulation called: { hasObjectManager: [33mtrue[39m, hasScene: [33mtrue[39m, nodeCount: [33m3[39m, linkCount: [33m1[39m }
[Graph3D] Clearing existing objects...
[Graph3D] Calling createSimulation...
[Graph3D] Simulation created, setting up event handlers...
[Graph3D] Data changed: {
  nodesLen: [33m3[39m,
  linksLen: [33m1[39m,
  key: [33m1776869840088[39m,
  timestamp: [33m1776869839085[39m
}
[Graph3D] Creating simulation: [33m3[39m nodes
[Graph3D] createGraphSimulation called: { hasObjectManager: [33mtrue[39m, hasScene: [33mtrue[39m, nodeCount: [33m3[39m, linkCount: [33m1[39m }
[Graph3D] Clearing existing objects...
[Graph3D] Calling createSimulation...
[Graph3D] Simulation created, setting up event handlers...
[Graph3D] Data changed: {
  nodesLen: [33m3[39m,
  linksLen: [33m1[39m,
  key: [33m1776869840158[39m,
  timestamp: [33m1776869839155[39m
}
[Graph3D] Creating simulation: [33m3[39m nodes
[Graph3D] createGraphSimulation called: { hasObjectManager: [33mtrue[39m, hasScene: [33mtrue[39m, nodeCount: [33m3[39m, linkCount: [33m1[39m }
[Graph3D] Clearing existing objects...
[Graph3D] Calling createSimulation...
[Graph3D] Simulation created, setting up event handlers...
[Graph3D] Data changed: {
  nodesLen: [33m3[39m,
  linksLen: [33m1[39m,
  key: [33m1776869840230[39m,
  timestamp: [33m1776869839227[39m
}
[Graph3D] Creating simulation: [33m3[39m nodes
[Graph3D] createGraphSimulation called: { hasObjectManager: [33mtrue[39m, hasScene: [33mtrue[39m, nodeCount: [33m3[39m, linkCount: [33m1[39m }
[Graph3D] Clearing existing objects...
[Graph3D] Calling createSimulation...
[Graph3D] Simulation created, setting up event handlers...
[Graph3D] Data changed: {
  nodesLen: [33m3[39m,
  linksLen: [33m1[39m,
  key: [33m1776869840305[39m,
  timestamp: [33m1776869839302[39m
}
[Graph3D] Creating simulation: [33m3[39m nodes
[Graph3D] createGraphSimulation called: { hasObjectManager: [33mtrue[39m, hasScene: [33mtrue[39m, nodeCount: [33m3[39m, linkCount: [33m1[39m }
[Graph3D] Clearing existing objects...
[Graph3D] Calling createSimulation...
[Graph3D] Simulation created, setting up event handlers...
[Graph3D] Data changed: {
  nodesLen: [33m3[39m,
  linksLen: [33m1[39m,
  key: [33m1776869840379[39m,
  timestamp: [33m1776869839376[39m
}
[Graph3D] Creating simulation: [33m3[39m nodes
[Graph3D] createGraphSimulation called: { hasObjectManager: [33mtrue[39m, hasScene: [33mtrue[39m, nodeCount: [33m3[39m, linkCount: [33m1[39m }
[Graph3D] Clearing existing objects...
[Graph3D] Calling createSimulation...
[Graph3D] Simulation created, setting up event handlers...
[Graph3D] Data changed: {
  nodesLen: [33m3[39m,
  linksLen: [33m1[39m,
  key: [33m1776869840451[39m,
  timestamp: [33m1776869839448[39m
}
[Graph3D] Creating simulation: [33m3[39m nodes
[Graph3D] createGraphSimulation called: { hasObjectManager: [33mtrue[39m, hasScene: [33mtrue[39m, nodeCount: [33m3[39m, linkCount: [33m1[39m }
[Graph3D] Clearing existing objects...
[Graph3D] Calling createSimulation...
[Graph3D] Simulation created, setting up event handlers...
[Graph3D] Data changed: {
  nodesLen: [33m3[39m,
  linksLen: [33m1[39m,
  key: [33m1776869840529[39m,
  timestamp: [33m1776869839526[39m
}
[Graph3D] Creating simulation: [33m3[39m nodes
[Graph3D] createGraphSimulation called: { hasObjectManager: [33mtrue[39m, hasScene: [33mtrue[39m, nodeCount: [33m3[39m, linkCount: [33m1[39m }
[Graph3D] Clearing existing objects...
[Graph3D] Calling createSimulation...
[Graph3D] Simulation created, setting up event handlers...
[Graph3D] Data changed: {
  nodesLen: [33m3[39m,
  linksLen: [33m1[39m,
  key: [33m1776869840598[39m,
  timestamp: [33m1776869839595[39m
}
[Graph3D] Creating simulation: [33m3[39m nodes
[Graph3D] createGraphSimulation called: { hasObjectManager: [33mtrue[39m, hasScene: [33mtrue[39m, nodeCount: [33m3[39m, linkCount: [33m1[39m }
[Graph3D] Clearing existing objects...
[Graph3D] Calling createSimulation...
[Graph3D] Simulation created, setting up event handlers...
[Graph3D] Data changed: {
  nodesLen: [33m3[39m,
  linksLen: [33m1[39m,
  key: [33m1776869840669[39m,
  timestamp: [33m1776869839666[39m
}
[Graph3D] Creating simulation: [33m3[39m nodes
[Graph3D] createGraphSimulation called: { hasObjectManager: [33mtrue[39m, hasScene: [33mtrue[39m, nodeCount: [33m3[39m, linkCount: [33m1[39m }
[Graph3D] Clearing existing objects...
[Graph3D] Calling createSimulation...
[Graph3D] Simulation created, setting up event handlers...
[Graph3D] Data changed: {
  nodesLen: [33m3[39m,
  linksLen: [33m1[39m,
  key: [33m1776869840747[39m,
  timestamp: [33m1776869839744[39m
}
[Graph3D] Creating simulation: [33m3[39m nodes
[Graph3D] createGraphSimulation called: { hasObjectManager: [33mtrue[39m, hasScene: [33mtrue[39m, nodeCount: [33m3[39m, linkCount: [33m1[39m }
[Graph3D] Clearing existing objects...
[Graph3D] Calling createSimulation...
[Graph3D] Simulation created, setting up event handlers...
[Graph3D] Data changed: {
  nodesLen: [33m3[39m,
  linksLen: [33m1[39m,
  key: [33m1776869840818[39m,
  timestamp: [33m1776869839815[39m
}
[Graph3D] Creating simulation: [33m3[39m nodes
[Graph3D] createGraphSimulation called: { hasObjectManager: [33mtrue[39m, hasScene: [33mtrue[39m, nodeCount: [33m3[39m, linkCount: [33m1[39m }
[Graph3D] Clearing existing objects...
[Graph3D] Calling createSimulation...
[Graph3D] Simulation created, setting up event handlers...
[Graph3D] Data changed: {
  nodesLen: [33m3[39m,
  linksLen: [33m1[39m,
  key: [33m1776869840916[39m,
  timestamp: [33m1776869839913[39m
}
[Graph3D] Creating simulation: [33m3[39m nodes
[Graph3D] createGraphSimulation called: { hasObjectManager: [33mtrue[39m, hasScene: [33mtrue[39m, nodeCount: [33m3[39m, linkCount: [33m1[39m }
[Graph3D] Clearing existing objects...
[Graph3D] Calling createSimulation...
[Graph3D] Simulation created, setting up event handlers...
[Graph3D] Data changed: {
  nodesLen: [33m3[39m,
  linksLen: [33m1[39m,
  key: [33m1776869840992[39m,
  timestamp: [33m1776869839989[39m
}
[Graph3D] Creating simulation: [33m3[39m nodes
[Graph3D] createGraphSimulation called: { hasObjectManager: [33mtrue[39m, hasScene: [33mtrue[39m, nodeCount: [33m3[39m, linkCount: [33m1[39m }
[Graph3D] Clearing existing objects...
[Graph3D] Calling createSimulation...
[Graph3D] Simulation created, setting up event handlers...
[Graph3D] Data changed: {
  nodesLen: [33m3[39m,
  linksLen: [33m1[39m,
  key: [33m1776869841066[39m,
  timestamp: [33m1776869840063[39m
}
[Graph3D] Creating simulation: [33m3[39m nodes
[Graph3D] createGraphSimulation called: { hasObjectManager: [33mtrue[39m, hasScene: [33mtrue[39m, nodeCount: [33m3[39m, linkCount: [33m1[39m }
[Graph3D] Clearing existing objects...
[Graph3D] Calling createSimulation...
[Graph3D] Simulation created, setting up event handlers...
[Graph3D] Data changed: {
  nodesLen: [33m3[39m,
  linksLen: [33m1[39m,
  key: [33m1776869841139[39m,
  timestamp: [33m1776869840136[39m
}
[Graph3D] Creating simulation: [33m3[39m nodes
[Graph3D] createGraphSimulation called: { hasObjectManager: [33mtrue[39m, hasScene: [33mtrue[39m, nodeCount: [33m3[39m, linkCount: [33m1[39m }
[Graph3D] Clearing existing objects...
[Graph3D] Calling createSimulation...
[Graph3D] Simulation created, setting up event handlers...
[Graph3D] Data changed: {
  nodesLen: [33m3[39m,
  linksLen: [33m1[39m,
  key: [33m1776869841218[39m,
  timestamp: [33m1776869840215[39m
}
[Graph3D] Creating simulation: [33m3[39m nodes
[Graph3D] createGraphSimulation called: { hasObjectManager: [33mtrue[39m, hasScene: [33mtrue[39m, nodeCount: [33m3[39m, linkCount: [33m1[39m }
[Graph3D] Clearing existing objects...
[Graph3D] Calling createSimulation...
[Graph3D] Simulation created, setting up event handlers...
[Graph3D] Data changed: {
  nodesLen: [33m3[39m,
  linksLen: [33m1[39m,
  key: [33m1776869841288[39m,
  timestamp: [33m1776869840285[39m
}
[Graph3D] Creating simulation: [33m3[39m nodes
[Graph3D] createGraphSimulation called: { hasObjectManager: [33mtrue[39m, hasScene: [33mtrue[39m, nodeCount: [33m3[39m, linkCount: [33m1[39m }
[Graph3D] Clearing existing objects...
[Graph3D] Calling createSimulation...
[Graph3D] Simulation created, setting up event handlers...
[Graph3D] Data changed: {
  nodesLen: [33m3[39m,
  linksLen: [33m1[39m,
  key: [33m1776869841363[39m,
  timestamp: [33m1776869840360[39m
}
[Graph3D] Creating simulation: [33m3[39m nodes
[Graph3D] createGraphSimulation called: { hasObjectManager: [33mtrue[39m, hasScene: [33mtrue[39m, nodeCount: [33m3[39m, linkCount: [33m1[39m }
[Graph3D] Clearing existing objects...
[Graph3D] Calling createSimulation...
[Graph3D] Simulation created, setting up event handlers...
[Graph3D] Data changed: {
  nodesLen: [33m3[39m,
  linksLen: [33m1[39m,
  key: [33m1776869841437[39m,
  timestamp: [33m1776869840434[39m
}
[Graph3D] Creating simulation: [33m3[39m nodes
[Graph3D] createGraphSimulation called: { hasObjectManager: [33mtrue[39m, hasScene: [33mtrue[39m, nodeCount: [33m3[39m, linkCount: [33m1[39m }
[Graph3D] Clearing existing objects...
[Graph3D] Calling createSimulation...
[Graph3D] Simulation created, setting up event handlers...
[Graph3D] Data changed: {
  nodesLen: [33m3[39m,
  linksLen: [33m1[39m,
  key: [33m1776869841514[39m,
  timestamp: [33m1776869840511[39m
}
[Graph3D] Creating simulation: [33m3[39m nodes
[Graph3D] createGraphSimulation called: { hasObjectManager: [33mtrue[39m, hasScene: [33mtrue[39m, nodeCount: [33m3[39m, linkCount: [33m1[39m }
[Graph3D] Clearing existing objects...
[Graph3D] Calling createSimulation...
[Graph3D] Simulation created, setting up event handlers...
[Graph3D] Data changed: {
  nodesLen: [33m3[39m,
  linksLen: [33m1[39m,
  key: [33m1776869841592[39m,
  timestamp: [33m1776869840589[39m
}
[Graph3D] Creating simulation: [33m3[39m nodes
[Graph3D] createGraphSimulation called: { hasObjectManager: [33mtrue[39m, hasScene: [33mtrue[39m, nodeCount: [33m3[39m, linkCount: [33m1[39m }
[Graph3D] Clearing existing objects...
[Graph3D] Calling createSimulation...
[Graph3D] Simulation created, setting up event handlers...
[Graph3D] Data changed: {
  nodesLen: [33m3[39m,
  linksLen: [33m1[39m,
  key: [33m1776869841671[39m,
  timestamp: [33m1776869840668[39m
}
[Graph3D] Creating simulation: [33m3[39m nodes
[Graph3D] createGraphSimulation called: { hasObjectManager: [33mtrue[39m, hasScene: [33mtrue[39m, nodeCount: [33m3[39m, linkCount: [33m1[39m }
[Graph3D] Clearing existing objects...
[Graph3D] Calling createSimulation...
[Graph3D] Simulation created, setting up event handlers...
[Graph3D] Data changed: {
  nodesLen: [33m3[39m,
  linksLen: [33m1[39m,
  key: [33m1776869841762[39m,
  timestamp: [33m1776869840759[39m
}
[Graph3D] Creating simulation: [33m3[39m nodes
[Graph3D] createGraphSimulation called: { hasObjectManager: [33mtrue[39m, hasScene: [33mtrue[39m, nodeCount: [33m3[39m, linkCount: [33m1[39m }
[Graph3D] Clearing existing objects...
[Graph3D] Calling createSimulation...
[Graph3D] Simulation created, setting up event handlers...
[Graph3D] Data changed: {
  nodesLen: [33m3[39m,
  linksLen: [33m1[39m,
  key: [33m1776869841839[39m,
  timestamp: [33m1776869840836[39m
}
[Graph3D] Creating simulation: [33m3[39m nodes
[Graph3D] createGraphSimulation called: { hasObjectManager: [33mtrue[39m, hasScene: [33mtrue[39m, nodeCount: [33m3[39m, linkCount: [33m1[39m }
[Graph3D] Clearing existing objects...
[Graph3D] Calling createSimulation...
[Graph3D] Simulation created, setting up event handlers...
[Graph3D] Data changed: {
  nodesLen: [33m3[39m,
  linksLen: [33m1[39m,
  key: [33m1776869841921[39m,
  timestamp: [33m1776869840918[39m
}
[Graph3D] Creating simulation: [33m3[39m nodes
[Graph3D] createGraphSimulation called: { hasObjectManager: [33mtrue[39m, hasScene: [33mtrue[39m, nodeCount: [33m3[39m, linkCount: [33m1[39m }
[Graph3D] Clearing existing objects...
[Graph3D] Calling createSimulation...
[Graph3D] Simulation created, setting up event handlers...
[Graph3D] Data changed: {
  nodesLen: [33m3[39m,
  linksLen: [33m1[39m,
  key: [33m1776869841994[39m,
  timestamp: [33m1776869840991[39m
}
[Graph3D] Creating simulation: [33m3[39m nodes
[Graph3D] createGraphSimulation called: { hasObjectManager: [33mtrue[39m, hasScene: [33mtrue[39m, nodeCount: [33m3[39m, linkCount: [33m1[39m }
[Graph3D] Clearing existing objects...
[Graph3D] Calling createSimulation...
[Graph3D] Simulation created, setting up event handlers...
[Graph3D] Data changed: {
  nodesLen: [33m3[39m,
  linksLen: [33m1[39m,
  key: [33m1776869842070[39m,
  timestamp: [33m1776869841067[39m
}
[Graph3D] Creating simulation: [33m3[39m nodes
[Graph3D] createGraphSimulation called: { hasObjectManager: [33mtrue[39m, hasScene: [33mtrue[39m, nodeCount: [33m3[39m, linkCount: [33m1[39m }
[Graph3D] Clearing existing objects...
[Graph3D] Calling createSimulation...
[Graph3D] Simulation created, setting up event handlers...
[Graph3D] Data changed: {
  nodesLen: [33m3[39m,
  linksLen: [33m1[39m,
  key: [33m1776869842145[39m,
  timestamp: [33m1776869841142[39m
}
[Graph3D] Creating simulation: [33m3[39m nodes
[Graph3D] createGraphSimulation called: { hasObjectManager: [33mtrue[39m, hasScene: [33mtrue[39m, nodeCount: [33m3[39m, linkCount: [33m1[39m }
[Graph3D] Clearing existing objects...
[Graph3D] Calling createSimulation...
[Graph3D] Simulation created, setting up event handlers...
[Graph3D] Data changed: {
  nodesLen: [33m3[39m,
  linksLen: [33m1[39m,
  key: [33m1776869842217[39m,
  timestamp: [33m1776869841214[39m
}
[Graph3D] Creating simulation: [33m3[39m nodes
[Graph3D] createGraphSimulation called: { hasObjectManager: [33mtrue[39m, hasScene: [33mtrue[39m, nodeCount: [33m3[39m, linkCount: [33m1[39m }
[Graph3D] Clearing existing objects...
[Graph3D] Calling createSimulation...
[Graph3D] Simulation created, setting up event handlers...
[Graph3D] Data changed: {
  nodesLen: [33m3[39m,
  linksLen: [33m1[39m,
  key: [33m1776869842292[39m,
  timestamp: [33m1776869841289[39m
}
[Graph3D] Creating simulation: [33m3[39m nodes
[Graph3D] createGraphSimulation called: { hasObjectManager: [33mtrue[39m, hasScene: [33mtrue[39m, nodeCount: [33m3[39m, linkCount: [33m1[39m }
[Graph3D] Clearing existing objects...
[Graph3D] Calling createSimulation...
[Graph3D] Simulation created, setting up event handlers...
[Graph3D] Data changed: {
  nodesLen: [33m3[39m,
  linksLen: [33m1[39m,
  key: [33m1776869842368[39m,
  timestamp: [33m1776869841365[39m
}
[Graph3D] Creating simulation: [33m3[39m nodes
[Graph3D] createGraphSimulation called: { hasObjectManager: [33mtrue[39m, hasScene: [33mtrue[39m, nodeCount: [33m3[39m, linkCount: [33m1[39m }
[Graph3D] Clearing existing objects...
[Graph3D] Calling createSimulation...
[Graph3D] Simulation created, setting up event handlers...
[Graph3D] Data changed: {
  nodesLen: [33m3[39m,
  linksLen: [33m1[39m,
  key: [33m1776869842446[39m,
  timestamp: [33m1776869841443[39m
}
[Graph3D] Creating simulation: [33m3[39m nodes
[Graph3D] createGraphSimulation called: { hasObjectManager: [33mtrue[39m, hasScene: [33mtrue[39m, nodeCount: [33m3[39m, linkCount: [33m1[39m }
[Graph3D] Clearing existing objects...
[Graph3D] Calling createSimulation...
[Graph3D] Simulation created, setting up event handlers...
[Graph3D] Data changed: {
  nodesLen: [33m3[39m,
  linksLen: [33m1[39m,
  key: [33m1776869842520[39m,
  timestamp: [33m1776869841517[39m
}
[Graph3D] Creating simulation: [33m3[39m nodes
[Graph3D] createGraphSimulation called: { hasObjectManager: [33mtrue[39m, hasScene: [33mtrue[39m, nodeCount: [33m3[39m, linkCount: [33m1[39m }
[Graph3D] Clearing existing objects...
[Graph3D] Calling createSimulation...
[Graph3D] Simulation created, setting up event handlers...
[Graph3D] Data changed: {
  nodesLen: [33m3[39m,
  linksLen: [33m1[39m,
  key: [33m1776869842592[39m,
  timestamp: [33m1776869841589[39m
}
[Graph3D] Creating simulation: [33m3[39m nodes
[Graph3D] createGraphSimulation called: { hasObjectManager: [33mtrue[39m, hasScene: [33mtrue[39m, nodeCount: [33m3[39m, linkCount: [33m1[39m }
[Graph3D] Clearing existing objects...
[Graph3D] Calling createSimulation...
[Graph3D] Simulation created, setting up event handlers...
[Graph3D] Data changed: {
  nodesLen: [33m3[39m,
  linksLen: [33m1[39m,
  key: [33m1776869842668[39m,
  timestamp: [33m1776869841665[39m
}
[Graph3D] Creating simulation: [33m3[39m nodes
[Graph3D] createGraphSimulation called: { hasObjectManager: [33mtrue[39m, hasScene: [33mtrue[39m, nodeCount: [33m3[39m, linkCount: [33m1[39m }
[Graph3D] Clearing existing objects...
[Graph3D] Calling createSimulation...
[Graph3D] Simulation created, setting up event handlers...
[Graph3D] Data changed: {
  nodesLen: [33m3[39m,
  linksLen: [33m1[39m,
  key: [33m1776869842742[39m,
  timestamp: [33m1776869841739[39m
}
[Graph3D] Creating simulation: [33m3[39m nodes
[Graph3D] createGraphSimulation called: { hasObjectManager: [33mtrue[39m, hasScene: [33mtrue[39m, nodeCount: [33m3[39m, linkCount: [33m1[39m }
[Graph3D] Clearing existing objects...
[Graph3D] Calling createSimulation...
[Graph3D] Simulation created, setting up event handlers...
[Graph3D] Data changed: {
  nodesLen: [33m3[39m,
  linksLen: [33m1[39m,
  key: [33m1776869842819[39m,
  timestamp: [33m1776869841816[39m
}
[Graph3D] Creating simulation: [33m3[39m nodes
[Graph3D] createGraphSimulation called: { hasObjectManager: [33mtrue[39m, hasScene: [33mtrue[39m, nodeCount: [33m3[39m, linkCount: [33m1[39m }
[Graph3D] Clearing existing objects...
[Graph3D] Calling createSimulation...
[Graph3D] Simulation created, setting up event handlers...
[Graph3D] Data changed: {
  nodesLen: [33m3[39m,
  linksLen: [33m1[39m,
  key: [33m1776869842895[39m,
  timestamp: [33m1776869841892[39m
}
[Graph3D] Creating simulation: [33m3[39m nodes
[Graph3D] createGraphSimulation called: { hasObjectManager: [33mtrue[39m, hasScene: [33mtrue[39m, nodeCount: [33m3[39m, linkCount: [33m1[39m }
[Graph3D] Clearing existing objects...
[Graph3D] Calling createSimulation...
[Graph3D] Simulation created, setting up event handlers...
[Graph3D] Data changed: {
  nodesLen: [33m3[39m,
  linksLen: [33m1[39m,
  key: [33m1776869842972[39m,
  timestamp: [33m1776869841969[39m
}
[Graph3D] Creating simulation: [33m3[39m nodes
[Graph3D] createGraphSimulation called: { hasObjectManager: [33mtrue[39m, hasScene: [33mtrue[39m, nodeCount: [33m3[39m, linkCount: [33m1[39m }
[Graph3D] Clearing existing objects...
[Graph3D] Calling createSimulation...
[Graph3D] Simulation created, setting up event handlers...
[Graph3D] Data changed: {
  nodesLen: [33m3[39m,
  linksLen: [33m1[39m,
  key: [33m1776869843062[39m,
  timestamp: [33m1776869842059[39m
}
[Graph3D] Creating simulation: [33m3[39m nodes
[Graph3D] createGraphSimulation called: { hasObjectManager: [33mtrue[39m, hasScene: [33mtrue[39m, nodeCount: [33m3[39m, linkCount: [33m1[39m }
[Graph3D] Clearing existing objects...
[Graph3D] Calling createSimulation...
[Graph3D] Simulation created, setting up event handlers...
[Graph3D] Data changed: {
  nodesLen: [33m3[39m,
  linksLen: [33m1[39m,
  key: [33m1776869843136[39m,
  timestamp: [33m1776869842133[39m
}
[Graph3D] Creating simulation: [33m3[39m nodes
[Graph3D] createGraphSimulation called: { hasObjectManager: [33mtrue[39m, hasScene: [33mtrue[39m, nodeCount: [33m3[39m, linkCount: [33m1[39m }
[Graph3D] Clearing existing objects...
[Graph3D] Calling createSimulation...
[Graph3D] Simulation created, setting up event handlers...
[Graph3D] Data changed: {
  nodesLen: [33m3[39m,
  linksLen: [33m1[39m,
  key: [33m1776869843217[39m,
  timestamp: [33m1776869842214[39m
}
[Graph3D] Creating simulation: [33m3[39m nodes
[Graph3D] createGraphSimulation called: { hasObjectManager: [33mtrue[39m, hasScene: [33mtrue[39m, nodeCount: [33m3[39m, linkCount: [33m1[39m }
[Graph3D] Clearing existing objects...
[Graph3D] Calling createSimulation...
[Graph3D] Simulation created, setting up event handlers...
[Graph3D] Data changed: {
  nodesLen: [33m3[39m,
  linksLen: [33m1[39m,
  key: [33m1776869843289[39m,
  timestamp: [33m1776869842286[39m
}
[Graph3D] Creating simulation: [33m3[39m nodes
[Graph3D] createGraphSimulation called: { hasObjectManager: [33mtrue[39m, hasScene: [33mtrue[39m, nodeCount: [33m3[39m, linkCount: [33m1[39m }
[Graph3D] Clearing existing objects...
[Graph3D] Calling createSimulation...
[Graph3D] Simulation created, setting up event handlers...
[Graph3D] Data changed: {
  nodesLen: [33m3[39m,
  linksLen: [33m1[39m,
  key: [33m1776869843366[39m,
  timestamp: [33m1776869842363[39m
}
[Graph3D] Creating simulation: [33m3[39m nodes
[Graph3D] createGraphSimulation called: { hasObjectManager: [33mtrue[39m, hasScene: [33mtrue[39m, nodeCount: [33m3[39m, linkCount: [33m1[39m }
[Graph3D] Clearing existing objects...
[Graph3D] Calling createSimulation...
[Graph3D] Simulation created, setting up event handlers...
[Graph3D] Data changed: {
  nodesLen: [33m3[39m,
  linksLen: [33m1[39m,
  key: [33m1776869843447[39m,
  timestamp: [33m1776869842444[39m
}
[Graph3D] Creating simulation: [33m3[39m nodes
[Graph3D] createGraphSimulation called: { hasObjectManager: [33mtrue[39m, hasScene: [33mtrue[39m, nodeCount: [33m3[39m, linkCount: [33m1[39m }
[Graph3D] Clearing existing objects...
[Graph3D] Calling createSimulation...
[Graph3D] Simulation created, setting up event handlers...
[Graph3D] Data changed: {
  nodesLen: [33m3[39m,
  linksLen: [33m1[39m,
  key: [33m1776869843521[39m,
  timestamp: [33m1776869842518[39m
}
[Graph3D] Creating simulation: [33m3[39m nodes
[Graph3D] createGraphSimulation called: { hasObjectManager: [33mtrue[39m, hasScene: [33mtrue[39m, nodeCount: [33m3[39m, linkCount: [33m1[39m }
[Graph3D] Clearing existing objects...
[Graph3D] Calling createSimulation...
[Graph3D] Simulation created, setting up event handlers...
[Graph3D] Data changed: {
  nodesLen: [33m3[39m,
  linksLen: [33m1[39m,
  key: [33m1776869843598[39m,
  timestamp: [33m1776869842595[39m
}
[Graph3D] Creating simulation: [33m3[39m nodes
[Graph3D] createGraphSimulation called: { hasObjectManager: [33mtrue[39m, hasScene: [33mtrue[39m, nodeCount: [33m3[39m, linkCount: [33m1[39m }
[Graph3D] Clearing existing objects...
[Graph3D] Calling createSimulation...
[Graph3D] Simulation created, setting up event handlers...
[Graph3D] Data changed: {
  nodesLen: [33m3[39m,
  linksLen: [33m1[39m,
  key: [33m1776869843671[39m,
  timestamp: [33m1776869842668[39m
}
[Graph3D] Creating simulation: [33m3[39m nodes
[Graph3D] createGraphSimulation called: { hasObjectManager: [33mtrue[39m, hasScene: [33mtrue[39m, nodeCount: [33m3[39m, linkCount: [33m1[39m }
[Graph3D] Clearing existing objects...
[Graph3D] Calling createSimulation...
[Graph3D] Simulation created, setting up event handlers...
[Graph3D] Data changed: {
  nodesLen: [33m3[39m,
  linksLen: [33m1[39m,
  key: [33m1776869843748[39m,
  timestamp: [33m1776869842745[39m
}
[Graph3D] Creating simulation: [33m3[39m nodes
[Graph3D] createGraphSimulation called: { hasObjectManager: [33mtrue[39m, hasScene: [33mtrue[39m, nodeCount: [33m3[39m, linkCount: [33m1[39m }
[Graph3D] Clearing existing objects...
[Graph3D] Calling createSimulation...
[Graph3D] Simulation created, setting up event handlers...
[Graph3D] Data changed: {
  nodesLen: [33m3[39m,
  linksLen: [33m1[39m,
  key: [33m1776869843821[39m,
  timestamp: [33m1776869842818[39m
}
[Graph3D] Creating simulation: [33m3[39m nodes
[Graph3D] createGraphSimulation called: { hasObjectManager: [33mtrue[39m, hasScene: [33mtrue[39m, nodeCount: [33m3[39m, linkCount: [33m1[39m }
[Graph3D] Clearing existing objects...
[Graph3D] Calling createSimulation...
[Graph3D] Simulation created, setting up event handlers...
[Graph3D] Data changed: {
  nodesLen: [33m3[39m,
  linksLen: [33m1[39m,
  key: [33m1776869843899[39m,
  timestamp: [33m1776869842896[39m
}
[Graph3D] Creating simulation: [33m3[39m nodes
[Graph3D] createGraphSimulation called: { hasObjectManager: [33mtrue[39m, hasScene: [33mtrue[39m, nodeCount: [33m3[39m, linkCount: [33m1[39m }
[Graph3D] Clearing existing objects...
[Graph3D] Calling createSimulation...
[Graph3D] Simulation created, setting up event handlers...
[Graph3D] Data changed: {
  nodesLen: [33m3[39m,
  linksLen: [33m1[39m,
  key: [33m1776869843977[39m,
  timestamp: [33m1776869842974[39m
}
[Graph3D] Creating simulation: [33m3[39m nodes
[Graph3D] createGraphSimulation called: { hasObjectManager: [33mtrue[39m, hasScene: [33mtrue[39m, nodeCount: [33m3[39m, linkCount: [33m1[39m }
[Graph3D] Clearing existing objects...
[Graph3D] Calling createSimulation...
[Graph3D] Simulation created, setting up event handlers...
[Graph3D] Data changed: {
  nodesLen: [33m3[39m,
  linksLen: [33m1[39m,
  key: [33m1776869844059[39m,
  timestamp: [33m1776869843056[39m
}
[Graph3D] Creating simulation: [33m3[39m nodes
[Graph3D] createGraphSimulation called: { hasObjectManager: [33mtrue[39m, hasScene: [33mtrue[39m, nodeCount: [33m3[39m, linkCount: [33m1[39m }
[Graph3D] Clearing existing objects...
[Graph3D] Calling createSimulation...
[Graph3D] Simulation created, setting up event handlers...
[Graph3D] Data changed: {
  nodesLen: [33m3[39m,
  linksLen: [33m1[39m,
  key: [33m1776869844133[39m,
  timestamp: [33m1776869843130[39m
}
[Graph3D] Creating simulation: [33m3[39m nodes
[Graph3D] createGraphSimulation called: { hasObjectManager: [33mtrue[39m, hasScene: [33mtrue[39m, nodeCount: [33m3[39m, linkCount: [33m1[39m }
[Graph3D] Clearing existing objects...
[Graph3D] Calling createSimulation...
[Graph3D] Simulation created, setting up event handlers...
[Graph3D] Data changed: {
  nodesLen: [33m3[39m,
  linksLen: [33m1[39m,
  key: [33m1776869844210[39m,
  timestamp: [33m1776869843207[39m
}
[Graph3D] Creating simulation: [33m3[39m nodes
[Graph3D] createGraphSimulation called: { hasObjectManager: [33mtrue[39m, hasScene: [33mtrue[39m, nodeCount: [33m3[39m, linkCount: [33m1[39m }
[Graph3D] Clearing existing objects...
[Graph3D] Calling createSimulation...
[Graph3D] Simulation created, setting up event handlers...
[Graph3D] Data changed: {
  nodesLen: [33m3[39m,
  linksLen: [33m1[39m,
  key: [33m1776869844288[39m,
  timestamp: [33m1776869843285[39m
}
[Graph3D] Creating simulation: [33m3[39m nodes
[Graph3D] createGraphSimulation called: { hasObjectManager: [33mtrue[39m, hasScene: [33mtrue[39m, nodeCount: [33m3[39m, linkCount: [33m1[39m }
[Graph3D] Clearing existing objects...
[Graph3D] Calling createSimulation...
[Graph3D] Simulation created, setting up event handlers...
[Graph3D] Data changed: {
  nodesLen: [33m3[39m,
  linksLen: [33m1[39m,
  key: [33m1776869844367[39m,
  timestamp: [33m1776869843364[39m
}
[Graph3D] Creating simulation: [33m3[39m nodes
[Graph3D] createGraphSimulation called: { hasObjectManager: [33mtrue[39m, hasScene: [33mtrue[39m, nodeCount: [33m3[39m, linkCount: [33m1[39m }
[Graph3D] Clearing existing objects...
[Graph3D] Calling createSimulation...
[Graph3D] Simulation created, setting up event handlers...
[Graph3D] Data changed: {
  nodesLen: [33m3[39m,
  linksLen: [33m1[39m,
  key: [33m1776869844443[39m,
  timestamp: [33m1776869843440[39m
}
[Graph3D] Creating simulation: [33m3[39m nodes
[Graph3D] createGraphSimulation called: { hasObjectManager: [33mtrue[39m, hasScene: [33mtrue[39m, nodeCount: [33m3[39m, linkCount: [33m1[39m }
[Graph3D] Clearing existing objects...
[Graph3D] Calling createSimulation...
[Graph3D] Simulation created, setting up event handlers...
[Graph3D] Data changed: {
  nodesLen: [33m3[39m,
  linksLen: [33m1[39m,
  key: [33m1776869844518[39m,
  timestamp: [33m1776869843515[39m
}
[Graph3D] Creating simulation: [33m3[39m nodes
[Graph3D] createGraphSimulation called: { hasObjectManager: [33mtrue[39m, hasScene: [33mtrue[39m, nodeCount: [33m3[39m, linkCount: [33m1[39m }
[Graph3D] Clearing existing objects...
[Graph3D] Calling createSimulation...
[Graph3D] Simulation created, setting up event handlers...
[Graph3D] Data changed: {
  nodesLen: [33m3[39m,
  linksLen: [33m1[39m,
  key: [33m1776869844593[39m,
  timestamp: [33m1776869843590[39m
}
[Graph3D] Creating simulation: [33m3[39m nodes
[Graph3D] createGraphSimulation called: { hasObjectManager: [33mtrue[39m, hasScene: [33mtrue[39m, nodeCount: [33m3[39m, linkCount: [33m1[39m }
[Graph3D] Clearing existing objects...
[Graph3D] Calling createSimulation...
[Graph3D] Simulation created, setting up event handlers...
[Graph3D] Data changed: {
  nodesLen: [33m3[39m,
  linksLen: [33m1[39m,
  key: [33m1776869844665[39m,
  timestamp: [33m1776869843662[39m
}
[Graph3D] Creating simulation: [33m3[39m nodes
[Graph3D] createGraphSimulation called: { hasObjectManager: [33mtrue[39m, hasScene: [33mtrue[39m, nodeCount: [33m3[39m, linkCount: [33m1[39m }
[Graph3D] Clearing existing objects...
[Graph3D] Calling createSimulation...
[Graph3D] Simulation created, setting up event handlers...
[Graph3D] Data changed: {
  nodesLen: [33m3[39m,
  linksLen: [33m1[39m,
  key: [33m1776869844747[39m,
  timestamp: [33m1776869843744[39m
}
[Graph3D] Creating simulation: [33m3[39m nodes
[Graph3D] createGraphSimulation called: { hasObjectManager: [33mtrue[39m, hasScene: [33mtrue[39m, nodeCount: [33m3[39m, linkCount: [33m1[39m }
[Graph3D] Clearing existing objects...
[Graph3D] Calling createSimulation...
[Graph3D] Simulation created, setting up event handlers...
[Graph3D] Data changed: {
  nodesLen: [33m3[39m,
  linksLen: [33m1[39m,
  key: [33m1776869844818[39m,
  timestamp: [33m1776869843815[39m
}
[Graph3D] Creating simulation: [33m3[39m nodes
[Graph3D] createGraphSimulation called: { hasObjectManager: [33mtrue[39m, hasScene: [33mtrue[39m, nodeCount: [33m3[39m, linkCount: [33m1[39m }
[Graph3D] Clearing existing objects...
[Graph3D] Calling createSimulation...
[Graph3D] Simulation created, setting up event handlers...
[Graph3D] Data changed: {
  nodesLen: [33m3[39m,
  linksLen: [33m1[39m,
  key: [33m1776869844892[39m,
  timestamp: [33m1776869843889[39m
}
[Graph3D] Creating simulation: [33m3[39m nodes
[Graph3D] createGraphSimulation called: { hasObjectManager: [33mtrue[39m, hasScene: [33mtrue[39m, nodeCount: [33m3[39m, linkCount: [33m1[39m }
[Graph3D] Clearing existing objects...
[Graph3D] Calling createSimulation...
[Graph3D] Simulation created, setting up event handlers...
[Graph3D] Data changed: {
  nodesLen: [33m3[39m,
  linksLen: [33m1[39m,
  key: [33m1776869844967[39m,
  timestamp: [33m1776869843964[39m
}
[Graph3D] Creating simulation: [33m3[39m nodes
[Graph3D] createGraphSimulation called: { hasObjectManager: [33mtrue[39m, hasScene: [33mtrue[39m, nodeCount: [33m3[39m, linkCount: [33m1[39m }
[Graph3D] Clearing existing objects...
[Graph3D] Calling createSimulation...
[Graph3D] Simulation created, setting up event handlers...
[Graph3D] Data changed: {
  nodesLen: [33m3[39m,
  linksLen: [33m1[39m,
  key: [33m1776869845049[39m,
  timestamp: [33m1776869844046[39m
}
[Graph3D] Creating simulation: [33m3[39m nodes
[Graph3D] createGraphSimulation called: { hasObjectManager: [33mtrue[39m, hasScene: [33mtrue[39m, nodeCount: [33m3[39m, linkCount: [33m1[39m }
[Graph3D] Clearing existing objects...
[Graph3D] Calling createSimulation...
[Graph3D] Simulation created, setting up event handlers...
[Graph3D] Data changed: {
  nodesLen: [33m3[39m,
  linksLen: [33m1[39m,
  key: [33m1776869845133[39m,
  timestamp: [33m1776869844130[39m
}
[Graph3D] Creating simulation: [33m3[39m nodes
[Graph3D] createGraphSimulation called: { hasObjectManager: [33mtrue[39m, hasScene: [33mtrue[39m, nodeCount: [33m3[39m, linkCount: [33m1[39m }
[Graph3D] Clearing existing objects...
[Graph3D] Calling createSimulation...
[Graph3D] Simulation created, setting up event handlers...
[Graph3D] Data changed: {
  nodesLen: [33m3[39m,
  linksLen: [33m1[39m,
  key: [33m1776869845210[39m,
  timestamp: [33m1776869844207[39m
}
[Graph3D] Creating simulation: [33m3[39m nodes
[Graph3D] createGraphSimulation called: { hasObjectManager: [33mtrue[39m, hasScene: [33mtrue[39m, nodeCount: [33m3[39m, linkCount: [33m1[39m }
[Graph3D] Clearing existing objects...
[Graph3D] Calling createSimulation...
[Graph3D] Simulation created, setting up event handlers...
[Graph3D] Data changed: {
  nodesLen: [33m3[39m,
  linksLen: [33m1[39m,
  key: [33m1776869845288[39m,
  timestamp: [33m1776869844285[39m
}
[Graph3D] Creating simulation: [33m3[39m nodes
[Graph3D] createGraphSimulation called: { hasObjectManager: [33mtrue[39m, hasScene: [33mtrue[39m, nodeCount: [33m3[39m, linkCount: [33m1[39m }
[Graph3D] Clearing existing objects...
[Graph3D] Calling createSimulation...
[Graph3D] Simulation created, setting up event handlers...
[Graph3D] Data changed: {
  nodesLen: [33m3[39m,
  linksLen: [33m1[39m,
  key: [33m1776869845366[39m,
  timestamp: [33m1776869844363[39m
}
[Graph3D] Creating simulation: [33m3[39m nodes
[Graph3D] createGraphSimulation called: { hasObjectManager: [33mtrue[39m, hasScene: [33mtrue[39m, nodeCount: [33m3[39m, linkCount: [33m1[39m }
[Graph3D] Clearing existing objects...
[Graph3D] Calling createSimulation...
[Graph3D] Simulation created, setting up event handlers...
[Graph3D] Data changed: {
  nodesLen: [33m3[39m,
  linksLen: [33m1[39m,
  key: [33m1776869845444[39m,
  timestamp: [33m1776869844441[39m
}
[Graph3D] Creating simulation: [33m3[39m nodes
[Graph3D] createGraphSimulation called: { hasObjectManager: [33mtrue[39m, hasScene: [33mtrue[39m, nodeCount: [33m3[39m, linkCount: [33m1[39m }
[Graph3D] Clearing existing objects...
[Graph3D] Calling createSimulation...
[Graph3D] Simulation created, setting up event handlers...
[Graph3D] Data changed: {
  nodesLen: [33m3[39m,
  linksLen: [33m1[39m,
  key: [33m1776869845520[39m,
  timestamp: [33m1776869844517[39m
}
[Graph3D] Creating simulation: [33m3[39m nodes
[Graph3D] createGraphSimulation called: { hasObjectManager: [33mtrue[39m, hasScene: [33mtrue[39m, nodeCount: [33m3[39m, linkCount: [33m1[39m }
[Graph3D] Clearing existing objects...
[Graph3D] Calling createSimulation...
[Graph3D] Simulation created, setting up event handlers...
[Graph3D] Data changed: {
  nodesLen: [33m3[39m,
  linksLen: [33m1[39m,
  key: [33m1776869845595[39m,
  timestamp: [33m1776869844592[39m
}
[Graph3D] Creating simulation: [33m3[39m nodes
[Graph3D] createGraphSimulation called: { hasObjectManager: [33mtrue[39m, hasScene: [33mtrue[39m, nodeCount: [33m3[39m, linkCount: [33m1[39m }
[Graph3D] Clearing existing objects...
[Graph3D] Calling createSimulation...
[Graph3D] Simulation created, setting up event handlers...
[Graph3D] Data changed: {
  nodesLen: [33m3[39m,
  linksLen: [33m1[39m,
  key: [33m1776869845669[39m,
  timestamp: [33m1776869844666[39m
}
[Graph3D] Creating simulation: [33m3[39m nodes
[Graph3D] createGraphSimulation called: { hasObjectManager: [33mtrue[39m, hasScene: [33mtrue[39m, nodeCount: [33m3[39m, linkCount: [33m1[39m }
[Graph3D] Clearing existing objects...
[Graph3D] Calling createSimulation...
[Graph3D] Simulation created, setting up event handlers...
[Graph3D] Data changed: {
  nodesLen: [33m3[39m,
  linksLen: [33m1[39m,
  key: [33m1776869845749[39m,
  timestamp: [33m1776869844746[39m
}
[Graph3D] Creating simulation: [33m3[39m nodes
[Graph3D] createGraphSimulation called: { hasObjectManager: [33mtrue[39m, hasScene: [33mtrue[39m, nodeCount: [33m3[39m, linkCount: [33m1[39m }
[Graph3D] Clearing existing objects...
[Graph3D] Calling createSimulation...
[Graph3D] Simulation created, setting up event handlers...
[Graph3D] Data changed: {
  nodesLen: [33m3[39m,
  linksLen: [33m1[39m,
  key: [33m1776869845851[39m,
  timestamp: [33m1776869844848[39m
}
[Graph3D] Creating simulation: [33m3[39m nodes
[Graph3D] createGraphSimulation called: { hasObjectManager: [33mtrue[39m, hasScene: [33mtrue[39m, nodeCount: [33m3[39m, linkCount: [33m1[39m }
[Graph3D] Clearing existing objects...
[Graph3D] Calling createSimulation...
[Graph3D] Simulation created, setting up event handlers...
[Graph3D] Data changed: {
  nodesLen: [33m3[39m,
  linksLen: [33m1[39m,
  key: [33m1776869845934[39m,
  timestamp: [33m1776869844931[39m
}
[Graph3D] Creating simulation: [33m3[39m nodes
[Graph3D] createGraphSimulation called: { hasObjectManager: [33mtrue[39m, hasScene: [33mtrue[39m, nodeCount: [33m3[39m, linkCount: [33m1[39m }
[Graph3D] Clearing existing objects...
[Graph3D] Calling createSimulation...
[Graph3D] Simulation created, setting up event handlers...
[Graph3D] Data changed: {
  nodesLen: [33m3[39m,
  linksLen: [33m1[39m,
  key: [33m1776869846017[39m,
  timestamp: [33m1776869845014[39m
}
[Graph3D] Creating simulation: [33m3[39m nodes
[Graph3D] createGraphSimulation called: { hasObjectManager: [33mtrue[39m, hasScene: [33mtrue[39m, nodeCount: [33m3[39m, linkCount: [33m1[39m }
[Graph3D] Clearing existing objects...
[Graph3D] Calling createSimulation...
[Graph3D] Simulation created, setting up event handlers...
[Graph3D] Data changed: {
  nodesLen: [33m3[39m,
  linksLen: [33m1[39m,
  key: [33m1776869846091[39m,
  timestamp: [33m1776869845088[39m
}
[Graph3D] Creating simulation: [33m3[39m nodes
[Graph3D] createGraphSimulation called: { hasObjectManager: [33mtrue[39m, hasScene: [33mtrue[39m, nodeCount: [33m3[39m, linkCount: [33m1[39m }
[Graph3D] Clearing existing objects...
[Graph3D] Calling createSimulation...
[Graph3D] Simulation created, setting up event handlers...
[Graph3D] Data changed: {
  nodesLen: [33m3[39m,
  linksLen: [33m1[39m,
  key: [33m1776869846169[39m,
  timestamp: [33m1776869845166[39m
}
[Graph3D] Creating simulation: [33m3[39m nodes
[Graph3D] createGraphSimulation called: { hasObjectManager: [33mtrue[39m, hasScene: [33mtrue[39m, nodeCount: [33m3[39m, linkCount: [33m1[39m }
[Graph3D] Clearing existing objects...
[Graph3D] Calling createSimulation...
[Graph3D] Simulation created, setting up event handlers...
[Graph3D] Data changed: {
  nodesLen: [33m3[39m,
  linksLen: [33m1[39m,
  key: [33m1776869846245[39m,
  timestamp: [33m1776869845242[39m
}
[Graph3D] Creating simulation: [33m3[39m nodes
[Graph3D] createGraphSimulation called: { hasObjectManager: [33mtrue[39m, hasScene: [33mtrue[39m, nodeCount: [33m3[39m, linkCount: [33m1[39m }
[Graph3D] Clearing existing objects...
[Graph3D] Calling createSimulation...
[Graph3D] Simulation created, setting up event handlers...
[Graph3D] Data changed: {
  nodesLen: [33m3[39m,
  linksLen: [33m1[39m,
  key: [33m1776869846321[39m,
  timestamp: [33m1776869845318[39m
}
[Graph3D] Creating simulation: [33m3[39m nodes
[Graph3D] createGraphSimulation called: { hasObjectManager: [33mtrue[39m, hasScene: [33mtrue[39m, nodeCount: [33m3[39m, linkCount: [33m1[39m }
[Graph3D] Clearing existing objects...
[Graph3D] Calling createSimulation...
[Graph3D] Simulation created, setting up event handlers...
[Graph3D] Data changed: {
  nodesLen: [33m3[39m,
  linksLen: [33m1[39m,
  key: [33m1776869846404[39m,
  timestamp: [33m1776869845401[39m
}
[Graph3D] Creating simulation: [33m3[39m nodes
[Graph3D] createGraphSimulation called: { hasObjectManager: [33mtrue[39m, hasScene: [33mtrue[39m, nodeCount: [33m3[39m, linkCount: [33m1[39m }
[Graph3D] Clearing existing objects...
[Graph3D] Calling createSimulation...
[Graph3D] Simulation created, setting up event handlers...
[Graph3D] Data changed: {
  nodesLen: [33m3[39m,
  linksLen: [33m1[39m,
  key: [33m1776869846487[39m,
  timestamp: [33m1776869845484[39m
}
[Graph3D] Creating simulation: [33m3[39m nodes
[Graph3D] createGraphSimulation called: { hasObjectManager: [33mtrue[39m, hasScene: [33mtrue[39m, nodeCount: [33m3[39m, linkCount: [33m1[39m }
[Graph3D] Clearing existing objects...
[Graph3D] Calling createSimulation...
[Graph3D] Simulation created, setting up event handlers...
[Graph3D] Data changed: {
  nodesLen: [33m3[39m,
  linksLen: [33m1[39m,
  key: [33m1776869846569[39m,
  timestamp: [33m1776869845566[39m
}
[Graph3D] Creating simulation: [33m3[39m nodes
[Graph3D] createGraphSimulation called: { hasObjectManager: [33mtrue[39m, hasScene: [33mtrue[39m, nodeCount: [33m3[39m, linkCount: [33m1[39m }
[Graph3D] Clearing existing objects...
[Graph3D] Calling createSimulation...
[Graph3D] Simulation created, setting up event handlers...
[Graph3D] Data changed: {
  nodesLen: [33m3[39m,
  linksLen: [33m1[39m,
  key: [33m1776869846644[39m,
  timestamp: [33m1776869845641[39m
}
[Graph3D] Creating simulation: [33m3[39m nodes
[Graph3D] createGraphSimulation called: { hasObjectManager: [33mtrue[39m, hasScene: [33mtrue[39m, nodeCount: [33m3[39m, linkCount: [33m1[39m }
[Graph3D] Clearing existing objects...
[Graph3D] Calling createSimulation...
[Graph3D] Simulation created, setting up event handlers...
[Graph3D] Data changed: {
  nodesLen: [33m3[39m,
  linksLen: [33m1[39m,
  key: [33m1776869846722[39m,
  timestamp: [33m1776869845719[39m
}
[Graph3D] Creating simulation: [33m3[39m nodes
[Graph3D] createGraphSimulation called: { hasObjectManager: [33mtrue[39m, hasScene: [33mtrue[39m, nodeCount: [33m3[39m, linkCount: [33m1[39m }
[Graph3D] Clearing existing objects...
[Graph3D] Calling createSimulation...
[Graph3D] Simulation created, setting up event handlers...
[Graph3D] Data changed: {
  nodesLen: [33m3[39m,
  linksLen: [33m1[39m,
  key: [33m1776869846803[39m,
  timestamp: [33m1776869845800[39m
}
[Graph3D] Creating simulation: [33m3[39m nodes
[Graph3D] createGraphSimulation called: { hasObjectManager: [33mtrue[39m, hasScene: [33mtrue[39m, nodeCount: [33m3[39m, linkCount: [33m1[39m }
[Graph3D] Clearing existing objects...
[Graph3D] Calling createSimulation...
[Graph3D] Simulation created, setting up event handlers...
[Graph3D] Data changed: {
  nodesLen: [33m3[39m,
  linksLen: [33m1[39m,
  key: [33m1776869846880[39m,
  timestamp: [33m1776869845877[39m
}
[Graph3D] Creating simulation: [33m3[39m nodes
[Graph3D] createGraphSimulation called: { hasObjectManager: [33mtrue[39m, hasScene: [33mtrue[39m, nodeCount: [33m3[39m, linkCount: [33m1[39m }
[Graph3D] Clearing existing objects...
[Graph3D] Calling createSimulation...
[Graph3D] Simulation created, setting up event handlers...
[Graph3D] Data changed: {
  nodesLen: [33m3[39m,
  linksLen: [33m1[39m,
  key: [33m1776869846959[39m,
  timestamp: [33m1776869845956[39m
}
[Graph3D] Creating simulation: [33m3[39m nodes
[Graph3D] createGraphSimulation called: { hasObjectManager: [33mtrue[39m, hasScene: [33mtrue[39m, nodeCount: [33m3[39m, linkCount: [33m1[39m }
[Graph3D] Clearing existing objects...
[Graph3D] Calling createSimulation...
[Graph3D] Simulation created, setting up event handlers...
[Graph3D] Data changed: {
  nodesLen: [33m3[39m,
  linksLen: [33m1[39m,
  key: [33m1776869847037[39m,
  timestamp: [33m1776869846034[39m
}
[Graph3D] Creating simulation: [33m3[39m nodes
[Graph3D] createGraphSimulation called: { hasObjectManager: [33mtrue[39m, hasScene: [33mtrue[39m, nodeCount: [33m3[39m, linkCount: [33m1[39m }
[Graph3D] Clearing existing objects...
[Graph3D] Calling createSimulation...
[Graph3D] Simulation created, setting up event handlers...
[Graph3D] Data changed: {
  nodesLen: [33m3[39m,
  linksLen: [33m1[39m,
  key: [33m1776869847118[39m,
  timestamp: [33m1776869846115[39m
}
[Graph3D] Creating simulation: [33m3[39m nodes
[Graph3D] createGraphSimulation called: { hasObjectManager: [33mtrue[39m, hasScene: [33mtrue[39m, nodeCount: [33m3[39m, linkCount: [33m1[39m }
[Graph3D] Clearing existing objects...
[Graph3D] Calling createSimulation...
[Graph3D] Simulation created, setting up event handlers...
[Graph3D] Data changed: {
  nodesLen: [33m3[39m,
  linksLen: [33m1[39m,
  key: [33m1776869847198[39m,
  timestamp: [33m1776869846195[39m
}
[Graph3D] Creating simulation: [33m3[39m nodes
[Graph3D] createGraphSimulation called: { hasObjectManager: [33mtrue[39m, hasScene: [33mtrue[39m, nodeCount: [33m3[39m, linkCount: [33m1[39m }
[Graph3D] Clearing existing objects...
[Graph3D] Calling createSimulation...
[Graph3D] Simulation created, setting up event handlers...
[Graph3D] Data changed: {
  nodesLen: [33m3[39m,
  linksLen: [33m1[39m,
  key: [33m1776869847276[39m,
  timestamp: [33m1776869846273[39m
}
[Graph3D] Creating simulation: [33m3[39m nodes
[Graph3D] createGraphSimulation called: { hasObjectManager: [33mtrue[39m, hasScene: [33mtrue[39m, nodeCount: [33m3[39m, linkCount: [33m1[39m }
[Graph3D] Clearing existing objects...
[Graph3D] Calling createSimulation...
[Graph3D] Simulation created, setting up event handlers...
[Graph3D] Data changed: {
  nodesLen: [33m3[39m,
  linksLen: [33m1[39m,
  key: [33m1776869847360[39m,
  timestamp: [33m1776869846357[39m
}
[Graph3D] Creating simulation: [33m3[39m nodes
[Graph3D] createGraphSimulation called: { hasObjectManager: [33mtrue[39m, hasScene: [33mtrue[39m, nodeCount: [33m3[39m, linkCount: [33m1[39m }
[Graph3D] Clearing existing objects...
[Graph3D] Calling createSimulation...
[Graph3D] Simulation created, setting up event handlers...
[Graph3D] Data changed: {
  nodesLen: [33m3[39m,
  linksLen: [33m1[39m,
  key: [33m1776869847450[39m,
  timestamp: [33m1776869846447[39m
}
[Graph3D] Creating simulation: [33m3[39m nodes
[Graph3D] createGraphSimulation called: { hasObjectManager: [33mtrue[39m, hasScene: [33mtrue[39m, nodeCount: [33m3[39m, linkCount: [33m1[39m }
[Graph3D] Clearing existing objects...
[Graph3D] Calling createSimulation...
[Graph3D] Simulation created, setting up event handlers...
[Graph3D] Data changed: {
  nodesLen: [33m3[39m,
  linksLen: [33m1[39m,
  key: [33m1776869847539[39m,
  timestamp: [33m1776869846536[39m
}
[Graph3D] Creating simulation: [33m3[39m nodes
[Graph3D] createGraphSimulation called: { hasObjectManager: [33mtrue[39m, hasScene: [33mtrue[39m, nodeCount: [33m3[39m, linkCount: [33m1[39m }
[Graph3D] Clearing existing objects...
[Graph3D] Calling createSimulation...
[Graph3D] Simulation created, setting up event handlers...
[Graph3D] Data changed: {
  nodesLen: [33m3[39m,
  linksLen: [33m1[39m,
  key: [33m1776869847622[39m,
  timestamp: [33m1776869846619[39m
}
[Graph3D] Creating simulation: [33m3[39m nodes
[Graph3D] createGraphSimulation called: { hasObjectManager: [33mtrue[39m, hasScene: [33mtrue[39m, nodeCount: [33m3[39m, linkCount: [33m1[39m }
[Graph3D] Clearing existing objects...
[Graph3D] Calling createSimulation...
[Graph3D] Simulation created, setting up event handlers...
[Graph3D] Data changed: {
  nodesLen: [33m3[39m,
  linksLen: [33m1[39m,
  key: [33m1776869847699[39m,
  timestamp: [33m1776869846696[39m
}
[Graph3D] Creating simulation: [33m3[39m nodes
[Graph3D] createGraphSimulation called: { hasObjectManager: [33mtrue[39m, hasScene: [33mtrue[39m, nodeCount: [33m3[39m, linkCount: [33m1[39m }
[Graph3D] Clearing existing objects...
[Graph3D] Calling createSimulation...
[Graph3D] Simulation created, setting up event handlers...
[Graph3D] Data changed: {
  nodesLen: [33m3[39m,
  linksLen: [33m1[39m,
  key: [33m1776869847782[39m,
  timestamp: [33m1776869846779[39m
}
[Graph3D] Creating simulation: [33m3[39m nodes
[Graph3D] createGraphSimulation called: { hasObjectManager: [33mtrue[39m, hasScene: [33mtrue[39m, nodeCount: [33m3[39m, linkCount: [33m1[39m }
[Graph3D] Clearing existing objects...
[Graph3D] Calling createSimulation...
[Graph3D] Simulation created, setting up event handlers...
[Graph3D] Data changed: {
  nodesLen: [33m3[39m,
  linksLen: [33m1[39m,
  key: [33m1776869847869[39m,
  timestamp: [33m1776869846866[39m
}
[Graph3D] Creating simulation: [33m3[39m nodes
[Graph3D] createGraphSimulation called: { hasObjectManager: [33mtrue[39m, hasScene: [33mtrue[39m, nodeCount: [33m3[39m, linkCount: [33m1[39m }
[Graph3D] Clearing existing objects...
[Graph3D] Calling createSimulation...
[Graph3D] Simulation created, setting up event handlers...
[Graph3D] Data changed: {
  nodesLen: [33m3[39m,
  linksLen: [33m1[39m,
  key: [33m1776869847948[39m,
  timestamp: [33m1776869846945[39m
}
[Graph3D] Creating simulation: [33m3[39m nodes
[Graph3D] createGraphSimulation called: { hasObjectManager: [33mtrue[39m, hasScene: [33mtrue[39m, nodeCount: [33m3[39m, linkCount: [33m1[39m }
[Graph3D] Clearing existing objects...
[Graph3D] Calling createSimulation...
[Graph3D] Simulation created, setting up event handlers...
[Graph3D] Data changed: {
  nodesLen: [33m3[39m,
  linksLen: [33m1[39m,
  key: [33m1776869848031[39m,
  timestamp: [33m1776869847028[39m
}
[Graph3D] Creating simulation: [33m3[39m nodes
[Graph3D] createGraphSimulation called: { hasObjectManager: [33mtrue[39m, hasScene: [33mtrue[39m, nodeCount: [33m3[39m, linkCount: [33m1[39m }
[Graph3D] Clearing existing objects...
[Graph3D] Calling createSimulation...
[Graph3D] Simulation created, setting up event handlers...
[Graph3D] Data changed: {
  nodesLen: [33m3[39m,
  linksLen: [33m1[39m,
  key: [33m1776869848113[39m,
  timestamp: [33m1776869847110[39m
}
[Graph3D] Creating simulation: [33m3[39m nodes
[Graph3D] createGraphSimulation called: { hasObjectManager: [33mtrue[39m, hasScene: [33mtrue[39m, nodeCount: [33m3[39m, linkCount: [33m1[39m }
[Graph3D] Clearing existing objects...
[Graph3D] Calling createSimulation...
[Graph3D] Simulation created, setting up event handlers...
[Graph3D] Data changed: {
  nodesLen: [33m3[39m,
  linksLen: [33m1[39m,
  key: [33m1776869848192[39m,
  timestamp: [33m1776869847189[39m
}
[Graph3D] Creating simulation: [33m3[39m nodes
[Graph3D] createGraphSimulation called: { hasObjectManager: [33mtrue[39m, hasScene: [33mtrue[39m, nodeCount: [33m3[39m, linkCount: [33m1[39m }
[Graph3D] Clearing existing objects...
[Graph3D] Calling createSimulation...
[Graph3D] Simulation created, setting up event handlers...
[Graph3D] Data changed: {
  nodesLen: [33m3[39m,
  linksLen: [33m1[39m,
  key: [33m1776869848272[39m,
  timestamp: [33m1776869847269[39m
}
[Graph3D] Creating simulation: [33m3[39m nodes
[Graph3D] createGraphSimulation called: { hasObjectManager: [33mtrue[39m, hasScene: [33mtrue[39m, nodeCount: [33m3[39m, linkCount: [33m1[39m }
[Graph3D] Clearing existing objects...
[Graph3D] Calling createSimulation...
[Graph3D] Simulation created, setting up event handlers...
[Graph3D] Data changed: {
  nodesLen: [33m3[39m,
  linksLen: [33m1[39m,
  key: [33m1776869848354[39m,
  timestamp: [33m1776869847351[39m
}
[Graph3D] Creating simulation: [33m3[39m nodes
[Graph3D] createGraphSimulation called: { hasObjectManager: [33mtrue[39m, hasScene: [33mtrue[39m, nodeCount: [33m3[39m, linkCount: [33m1[39m }
[Graph3D] Clearing existing objects...
[Graph3D] Calling createSimulation...
[Graph3D] Simulation created, setting up event handlers...
[Graph3D] Data changed: {
  nodesLen: [33m3[39m,
  linksLen: [33m1[39m,
  key: [33m1776869848433[39m,
  timestamp: [33m1776869847430[39m
}
[Graph3D] Creating simulation: [33m3[39m nodes
[Graph3D] createGraphSimulation called: { hasObjectManager: [33mtrue[39m, hasScene: [33mtrue[39m, nodeCount: [33m3[39m, linkCount: [33m1[39m }
[Graph3D] Clearing existing objects...
[Graph3D] Calling createSimulation...
[Graph3D] Simulation created, setting up event handlers...
[Graph3D] Data changed: {
  nodesLen: [33m3[39m,
  linksLen: [33m1[39m,
  key: [33m1776869848521[39m,
  timestamp: [33m1776869847518[39m
}
[Graph3D] Creating simulation: [33m3[39m nodes
[Graph3D] createGraphSimulation called: { hasObjectManager: [33mtrue[39m, hasScene: [33mtrue[39m, nodeCount: [33m3[39m, linkCount: [33m1[39m }
[Graph3D] Clearing existing objects...
[Graph3D] Calling createSimulation...
[Graph3D] Simulation created, setting up event handlers...
[Graph3D] Data changed: {
  nodesLen: [33m3[39m,
  linksLen: [33m1[39m,
  key: [33m1776869848610[39m,
  timestamp: [33m1776869847607[39m
}
[Graph3D] Creating simulation: [33m3[39m nodes
[Graph3D] createGraphSimulation called: { hasObjectManager: [33mtrue[39m, hasScene: [33mtrue[39m, nodeCount: [33m3[39m, linkCount: [33m1[39m }
[Graph3D] Clearing existing objects...
[Graph3D] Calling createSimulation...
[Graph3D] Simulation created, setting up event handlers...
[Graph3D] Data changed: {
  nodesLen: [33m3[39m,
  linksLen: [33m1[39m,
  key: [33m1776869848686[39m,
  timestamp: [33m1776869847683[39m
}
[Graph3D] Creating simulation: [33m3[39m nodes
[Graph3D] createGraphSimulation called: { hasObjectManager: [33mtrue[39m, hasScene: [33mtrue[39m, nodeCount: [33m3[39m, linkCount: [33m1[39m }
[Graph3D] Clearing existing objects...
[Graph3D] Calling createSimulation...
[Graph3D] Simulation created, setting up event handlers...
[Graph3D] Data changed: {
  nodesLen: [33m3[39m,
  linksLen: [33m1[39m,
  key: [33m1776869848774[39m,
  timestamp: [33m1776869847771[39m
}
[Graph3D] Creating simulation: [33m3[39m nodes
[Graph3D] createGraphSimulation called: { hasObjectManager: [33mtrue[39m, hasScene: [33mtrue[39m, nodeCount: [33m3[39m, linkCount: [33m1[39m }
[Graph3D] Clearing existing objects...
[Graph3D] Calling createSimulation...
[Graph3D] Simulation created, setting up event handlers...
[Graph3D] Data changed: {
  nodesLen: [33m3[39m,
  linksLen: [33m1[39m,
  key: [33m1776869848857[39m,
  timestamp: [33m1776869847854[39m
}
[Graph3D] Creating simulation: [33m3[39m nodes
[Graph3D] createGraphSimulation called: { hasObjectManager: [33mtrue[39m, hasScene: [33mtrue[39m, nodeCount: [33m3[39m, linkCount: [33m1[39m }
[Graph3D] Clearing existing objects...
[Graph3D] Calling createSimulation...
[Graph3D] Simulation created, setting up event handlers...
[Graph3D] Data changed: {
  nodesLen: [33m3[39m,
  linksLen: [33m1[39m,
  key: [33m1776869848941[39m,
  timestamp: [33m1776869847938[39m
}
[Graph3D] Creating simulation: [33m3[39m nodes
[Graph3D] createGraphSimulation called: { hasObjectManager: [33mtrue[39m, hasScene: [33mtrue[39m, nodeCount: [33m3[39m, linkCount: [33m1[39m }
[Graph3D] Clearing existing objects...
[Graph3D] Calling createSimulation...
[Graph3D] Simulation created, setting up event handlers...
[Graph3D] Data changed: {
  nodesLen: [33m3[39m,
  linksLen: [33m1[39m,
  key: [33m1776869849021[39m,
  timestamp: [33m1776869848018[39m
}
[Graph3D] Creating simulation: [33m3[39m nodes
[Graph3D] createGraphSimulation called: { hasObjectManager: [33mtrue[39m, hasScene: [33mtrue[39m, nodeCount: [33m3[39m, linkCount: [33m1[39m }
[Graph3D] Clearing existing objects...
[Graph3D] Calling createSimulation...
[Graph3D] Simulation created, setting up event handlers...
[Graph3D] Data changed: {
  nodesLen: [33m3[39m,
  linksLen: [33m1[39m,
  key: [33m1776869849101[39m,
  timestamp: [33m1776869848098[39m
}
[Graph3D] Creating simulation: [33m3[39m nodes
[Graph3D] createGraphSimulation called: { hasObjectManager: [33mtrue[39m, hasScene: [33mtrue[39m, nodeCount: [33m3[39m, linkCount: [33m1[39m }
[Graph3D] Clearing existing objects...
[Graph3D] Calling createSimulation...
[Graph3D] Simulation created, setting up event handlers...
[Graph3D] Data changed: {
  nodesLen: [33m3[39m,
  linksLen: [33m1[39m,
  key: [33m1776869849184[39m,
  timestamp: [33m1776869848181[39m
}
[Graph3D] Creating simulation: [33m3[39m nodes
[Graph3D] createGraphSimulation called: { hasObjectManager: [33mtrue[39m, hasScene: [33mtrue[39m, nodeCount: [33m3[39m, linkCount: [33m1[39m }
[Graph3D] Clearing existing objects...
[Graph3D] Calling createSimulation...
[Graph3D] Simulation created, setting up event handlers...
[Graph3D] Data changed: {
  nodesLen: [33m3[39m,
  linksLen: [33m1[39m,
  key: [33m1776869849265[39m,
  timestamp: [33m1776869848262[39m
}
[Graph3D] Creating simulation: [33m3[39m nodes
[Graph3D] createGraphSimulation called: { hasObjectManager: [33mtrue[39m, hasScene: [33mtrue[39m, nodeCount: [33m3[39m, linkCount: [33m1[39m }
[Graph3D] Clearing existing objects...
[Graph3D] Calling createSimulation...
[Graph3D] Simulation created, setting up event handlers...
[Graph3D] Data changed: {
  nodesLen: [33m3[39m,
  linksLen: [33m1[39m,
  key: [33m1776869849351[39m,
  timestamp: [33m1776869848348[39m
}
[Graph3D] Creating simulation: [33m3[39m nodes
[Graph3D] createGraphSimulation called: { hasObjectManager: [33mtrue[39m, hasScene: [33mtrue[39m, nodeCount: [33m3[39m, linkCount: [33m1[39m }
[Graph3D] Clearing existing objects...
[Graph3D] Calling createSimulation...
[Graph3D] Simulation created, setting up event handlers...
[Graph3D] Data changed: {
  nodesLen: [33m3[39m,
  linksLen: [33m1[39m,
  key: [33m1776869849440[39m,
  timestamp: [33m1776869848437[39m
}
[Graph3D] Creating simulation: [33m3[39m nodes
[Graph3D] createGraphSimulation called: { hasObjectManager: [33mtrue[39m, hasScene: [33mtrue[39m, nodeCount: [33m3[39m, linkCount: [33m1[39m }
[Graph3D] Clearing existing objects...
[Graph3D] Calling createSimulation...
[Graph3D] Simulation created, setting up event handlers...
[Graph3D] Data changed: {
  nodesLen: [33m3[39m,
  linksLen: [33m1[39m,
  key: [33m1776869849522[39m,
  timestamp: [33m1776869848519[39m
}
[Graph3D] Creating simulation: [33m3[39m nodes
[Graph3D] createGraphSimulation called: { hasObjectManager: [33mtrue[39m, hasScene: [33mtrue[39m, nodeCount: [33m3[39m, linkCount: [33m1[39m }
[Graph3D] Clearing existing objects...
[Graph3D] Calling createSimulation...
[Graph3D] Simulation created, setting up event handlers...
[Graph3D] Data changed: {
  nodesLen: [33m3[39m,
  linksLen: [33m1[39m,
  key: [33m1776869849599[39m,
  timestamp: [33m1776869848596[39m
}
[Graph3D] Creating simulation: [33m3[39m nodes
[Graph3D] createGraphSimulation called: { hasObjectManager: [33mtrue[39m, hasScene: [33mtrue[39m, nodeCount: [33m3[39m, linkCount: [33m1[39m }
[Graph3D] Clearing existing objects...
[Graph3D] Calling createSimulation...
[Graph3D] Simulation created, setting up event handlers...
[Graph3D] Data changed: {
  nodesLen: [33m3[39m,
  linksLen: [33m1[39m,
  key: [33m1776869849680[39m,
  timestamp: [33m1776869848677[39m
}
[Graph3D] Creating simulation: [33m3[39m nodes
[Graph3D] createGraphSimulation called: { hasObjectManager: [33mtrue[39m, hasScene: [33mtrue[39m, nodeCount: [33m3[39m, linkCount: [33m1[39m }
[Graph3D] Clearing existing objects...
[Graph3D] Calling createSimulation...
[Graph3D] Simulation created, setting up event handlers...
[Graph3D] Data changed: {
  nodesLen: [33m3[39m,
  linksLen: [33m1[39m,
  key: [33m1776869849760[39m,
  timestamp: [33m1776869848757[39m
}
[Graph3D] Creating simulation: [33m3[39m nodes
[Graph3D] createGraphSimulation called: { hasObjectManager: [33mtrue[39m, hasScene: [33mtrue[39m, nodeCount: [33m3[39m, linkCount: [33m1[39m }
[Graph3D] Clearing existing objects...
[Graph3D] Calling createSimulation...
[Graph3D] Simulation created, setting up event handlers...
[Graph3D] Data changed: {
  nodesLen: [33m3[39m,
  linksLen: [33m1[39m,
  key: [33m1776869849838[39m,
  timestamp: [33m1776869848835[39m
}
[Graph3D] Creating simulation: [33m3[39m nodes
[Graph3D] createGraphSimulation called: { hasObjectManager: [33mtrue[39m, hasScene: [33mtrue[39m, nodeCount: [33m3[39m, linkCount: [33m1[39m }
[Graph3D] Clearing existing objects...
[Graph3D] Calling createSimulation...
[Graph3D] Simulation created, setting up event handlers...
[Graph3D] Data changed: {
  nodesLen: [33m3[39m,
  linksLen: [33m1[39m,
  key: [33m1776869849918[39m,
  timestamp: [33m1776869848915[39m
}
[Graph3D] Creating simulation: [33m3[39m nodes
[Graph3D] createGraphSimulation called: { hasObjectManager: [33mtrue[39m, hasScene: [33mtrue[39m, nodeCount: [33m3[39m, linkCount: [33m1[39m }
[Graph3D] Clearing existing objects...
[Graph3D] Calling createSimulation...
[Graph3D] Simulation created, setting up event handlers...
[Graph3D] Data changed: {
  nodesLen: [33m3[39m,
  linksLen: [33m1[39m,
  key: [33m1776869850001[39m,
  timestamp: [33m1776869848998[39m
}
[Graph3D] Creating simulation: [33m3[39m nodes
[Graph3D] createGraphSimulation called: { hasObjectManager: [33mtrue[39m, hasScene: [33mtrue[39m, nodeCount: [33m3[39m, linkCount: [33m1[39m }
[Graph3D] Clearing existing objects...
[Graph3D] Calling createSimulation...
[Graph3D] Simulation created, setting up event handlers...
[Graph3D] Data changed: {
  nodesLen: [33m3[39m,
  linksLen: [33m1[39m,
  key: [33m1776869850084[39m,
  timestamp: [33m1776869849081[39m
}
[Graph3D] Creating simulation: [33m3[39m nodes
[Graph3D] createGraphSimulation called: { hasObjectManager: [33mtrue[39m, hasScene: [33mtrue[39m, nodeCount: [33m3[39m, linkCount: [33m1[39m }
[Graph3D] Clearing existing objects...
[Graph3D] Calling createSimulation...
[Graph3D] Simulation created, setting up event handlers...
[Graph3D] Data changed: {
  nodesLen: [33m3[39m,
  linksLen: [33m1[39m,
  key: [33m1776869850172[39m,
  timestamp: [33m1776869849169[39m
}
[Graph3D] Creating simulation: [33m3[39m nodes
[Graph3D] createGraphSimulation called: { hasObjectManager: [33mtrue[39m, hasScene: [33mtrue[39m, nodeCount: [33m3[39m, linkCount: [33m1[39m }
[Graph3D] Clearing existing objects...
[Graph3D] Calling createSimulation...
[Graph3D] Simulation created, setting up event handlers...
[Graph3D] Data changed: {
  nodesLen: [33m3[39m,
  linksLen: [33m1[39m,
  key: [33m1776869850263[39m,
  timestamp: [33m1776869849260[39m
}
[Graph3D] Creating simulation: [33m3[39m nodes
[Graph3D] createGraphSimulation called: { hasObjectManager: [33mtrue[39m, hasScene: [33mtrue[39m, nodeCount: [33m3[39m, linkCount: [33m1[39m }
[Graph3D] Clearing existing objects...
[Graph3D] Calling createSimulation...
[Graph3D] Simulation created, setting up event handlers...
[Graph3D] Data changed: {
  nodesLen: [33m3[39m,
  linksLen: [33m1[39m,
  key: [33m1776869850344[39m,
  timestamp: [33m1776869849341[39m
}
[Graph3D] Creating simulation: [33m3[39m nodes
[Graph3D] createGraphSimulation called: { hasObjectManager: [33mtrue[39m, hasScene: [33mtrue[39m, nodeCount: [33m3[39m, linkCount: [33m1[39m }
[Graph3D] Clearing existing objects...
[Graph3D] Calling createSimulation...
[Graph3D] Simulation created, setting up event handlers...
[Graph3D] Data changed: {
  nodesLen: [33m3[39m,
  linksLen: [33m1[39m,
  key: [33m1776869850435[39m,
  timestamp: [33m1776869849432[39m
}
[Graph3D] Creating simulation: [33m3[39m nodes
[Graph3D] createGraphSimulation called: { hasObjectManager: [33mtrue[39m, hasScene: [33mtrue[39m, nodeCount: [33m3[39m, linkCount: [33m1[39m }
[Graph3D] Clearing existing objects...
[Graph3D] Calling createSimulation...
[Graph3D] Simulation created, setting up event handlers...
[Graph3D] Data changed: {
  nodesLen: [33m3[39m,
  linksLen: [33m1[39m,
  key: [33m1776869850518[39m,
  timestamp: [33m1776869849515[39m
}
[Graph3D] Creating simulation: [33m3[39m nodes
[Graph3D] createGraphSimulation called: { hasObjectManager: [33mtrue[39m, hasScene: [33mtrue[39m, nodeCount: [33m3[39m, linkCount: [33m1[39m }
[Graph3D] Clearing existing objects...
[Graph3D] Calling createSimulation...
[Graph3D] Simulation created, setting up event handlers...
[Graph3D] Data changed: {
  nodesLen: [33m3[39m,
  linksLen: [33m1[39m,
  key: [33m1776869850598[39m,
  timestamp: [33m1776869849595[39m
}
[Graph3D] Creating simulation: [33m3[39m nodes
[Graph3D] createGraphSimulation called: { hasObjectManager: [33mtrue[39m, hasScene: [33mtrue[39m, nodeCount: [33m3[39m, linkCount: [33m1[39m }
[Graph3D] Clearing existing objects...
[Graph3D] Calling createSimulation...
[Graph3D] Simulation created, setting up event handlers...
[Graph3D] Data changed: {
  nodesLen: [33m3[39m,
  linksLen: [33m1[39m,
  key: [33m1776869850681[39m,
  timestamp: [33m1776869849678[39m
}
[Graph3D] Creating simulation: [33m3[39m nodes
[Graph3D] createGraphSimulation called: { hasObjectManager: [33mtrue[39m, hasScene: [33mtrue[39m, nodeCount: [33m3[39m, linkCount: [33m1[39m }
[Graph3D] Clearing existing objects...
[Graph3D] Calling createSimulation...
[Graph3D] Simulation created, setting up event handlers...
[Graph3D] Data changed: {
  nodesLen: [33m3[39m,
  linksLen: [33m1[39m,
  key: [33m1776869850765[39m,
  timestamp: [33m1776869849762[39m
}
[Graph3D] Creating simulation: [33m3[39m nodes
[Graph3D] createGraphSimulation called: { hasObjectManager: [33mtrue[39m, hasScene: [33mtrue[39m, nodeCount: [33m3[39m, linkCount: [33m1[39m }
[Graph3D] Clearing existing objects...
[Graph3D] Calling createSimulation...
[Graph3D] Simulation created, setting up event handlers...
[Graph3D] Data changed: {
  nodesLen: [33m3[39m,
  linksLen: [33m1[39m,
  key: [33m1776869850872[39m,
  timestamp: [33m1776869849869[39m
}
[Graph3D] Creating simulation: [33m3[39m nodes
[Graph3D] createGraphSimulation called: { hasObjectManager: [33mtrue[39m, hasScene: [33mtrue[39m, nodeCount: [33m3[39m, linkCount: [33m1[39m }
[Graph3D] Clearing existing objects...
[Graph3D] Calling createSimulation...
[Graph3D] Simulation created, setting up event handlers...
[Graph3D] Data changed: {
  nodesLen: [33m3[39m,
  linksLen: [33m1[39m,
  key: [33m1776869850952[39m,
  timestamp: [33m1776869849949[39m
}
[Graph3D] Creating simulation: [33m3[39m nodes
[Graph3D] createGraphSimulation called: { hasObjectManager: [33mtrue[39m, hasScene: [33mtrue[39m, nodeCount: [33m3[39m, linkCount: [33m1[39m }
[Graph3D] Clearing existing objects...
[Graph3D] Calling createSimulation...
[Graph3D] Simulation created, setting up event handlers...
[Graph3D] Data changed: {
  nodesLen: [33m3[39m,
  linksLen: [33m1[39m,
  key: [33m1776869851039[39m,
  timestamp: [33m1776869850036[39m
}
[Graph3D] Creating simulation: [33m3[39m nodes
[Graph3D] createGraphSimulation called: { hasObjectManager: [33mtrue[39m, hasScene: [33mtrue[39m, nodeCount: [33m3[39m, linkCount: [33m1[39m }
[Graph3D] Clearing existing objects...
[Graph3D] Calling createSimulation...
[Graph3D] Simulation created, setting up event handlers...
[Graph3D] Data changed: {
  nodesLen: [33m3[39m,
  linksLen: [33m1[39m,
  key: [33m1776869851124[39m,
  timestamp: [33m1776869850121[39m
}
[Graph3D] Creating simulation: [33m3[39m nodes
[Graph3D] createGraphSimulation called: { hasObjectManager: [33mtrue[39m, hasScene: [33mtrue[39m, nodeCount: [33m3[39m, linkCount: [33m1[39m }
[Graph3D] Clearing existing objects...
[Graph3D] Calling createSimulation...
[Graph3D] Simulation created, setting up event handlers...
[Graph3D] Data changed: {
  nodesLen: [33m3[39m,
  linksLen: [33m1[39m,
  key: [33m1776869851206[39m,
  timestamp: [33m1776869850203[39m
}
[Graph3D] Creating simulation: [33m3[39m nodes
[Graph3D] createGraphSimulation called: { hasObjectManager: [33mtrue[39m, hasScene: [33mtrue[39m, nodeCount: [33m3[39m, linkCount: [33m1[39m }
[Graph3D] Clearing existing objects...
[Graph3D] Calling createSimulation...
[Graph3D] Simulation created, setting up event handlers...
[Graph3D] Data changed: {
  nodesLen: [33m3[39m,
  linksLen: [33m1[39m,
  key: [33m1776869851289[39m,
  timestamp: [33m1776869850286[39m
}
[Graph3D] Creating simulation: [33m3[39m nodes
[Graph3D] createGraphSimulation called: { hasObjectManager: [33mtrue[39m, hasScene: [33mtrue[39m, nodeCount: [33m3[39m, linkCount: [33m1[39m }
[Graph3D] Clearing existing objects...
[Graph3D] Calling createSimulation...
[Graph3D] Simulation created, setting up event handlers...
[Graph3D] Data changed: {
  nodesLen: [33m3[39m,
  linksLen: [33m1[39m,
  key: [33m1776869851371[39m,
  timestamp: [33m1776869850368[39m
}
[Graph3D] Creating simulation: [33m3[39m nodes
[Graph3D] createGraphSimulation called: { hasObjectManager: [33mtrue[39m, hasScene: [33mtrue[39m, nodeCount: [33m3[39m, linkCount: [33m1[39m }
[Graph3D] Clearing existing objects...
[Graph3D] Calling createSimulation...
[Graph3D] Simulation created, setting up event handlers...
[Graph3D] Data changed: {
  nodesLen: [33m3[39m,
  linksLen: [33m1[39m,
  key: [33m1776869851455[39m,
  timestamp: [33m1776869850452[39m
}
[Graph3D] Creating simulation: [33m3[39m nodes
[Graph3D] createGraphSimulation called: { hasObjectManager: [33mtrue[39m, hasScene: [33mtrue[39m, nodeCount: [33m3[39m, linkCount: [33m1[39m }
[Graph3D] Clearing existing objects...
[Graph3D] Calling createSimulation...
[Graph3D] Simulation created, setting up event handlers...
[Graph3D] Data changed: {
  nodesLen: [33m3[39m,
  linksLen: [33m1[39m,
  key: [33m1776869851540[39m,
  timestamp: [33m1776869850537[39m
}
[Graph3D] Creating simulation: [33m3[39m nodes
[Graph3D] createGraphSimulation called: { hasObjectManager: [33mtrue[39m, hasScene: [33mtrue[39m, nodeCount: [33m3[39m, linkCount: [33m1[39m }
[Graph3D] Clearing existing objects...
[Graph3D] Calling createSimulation...
[Graph3D] Simulation created, setting up event handlers...
[Graph3D] Data changed: {
  nodesLen: [33m3[39m,
  linksLen: [33m1[39m,
  key: [33m1776869851622[39m,
  timestamp: [33m1776869850619[39m
}
[Graph3D] Creating simulation: [33m3[39m nodes
[Graph3D] createGraphSimulation called: { hasObjectManager: [33mtrue[39m, hasScene: [33mtrue[39m, nodeCount: [33m3[39m, linkCount: [33m1[39m }
[Graph3D] Clearing existing objects...
[Graph3D] Calling createSimulation...
[Graph3D] Simulation created, setting up event handlers...
[Graph3D] Data changed: {
  nodesLen: [33m3[39m,
  linksLen: [33m1[39m,
  key: [33m1776869851704[39m,
  timestamp: [33m1776869850701[39m
}
[Graph3D] Creating simulation: [33m3[39m nodes
[Graph3D] createGraphSimulation called: { hasObjectManager: [33mtrue[39m, hasScene: [33mtrue[39m, nodeCount: [33m3[39m, linkCount: [33m1[39m }
[Graph3D] Clearing existing objects...
[Graph3D] Calling createSimulation...
[Graph3D] Simulation created, setting up event handlers...

stderr | src/lib/components/Graph3D.spec.ts > Graph3D > shows loading state initially


Error: 
    at $effect (D:\knowledge-graph\frontend\src\lib\components\Graph3D.svelte:74:26)
    at mountModern (D:\knowledge-graph\frontend\node_modules\@testing-library\svelte-core\src\mount.js:34:10)
    at Module.mount (D:\knowledge-graph\frontend\node_modules\@testing-library\svelte-core\src\mount.js:85:44)
    at Module.render (D:\knowledge-graph\frontend\node_modules\@testing-library\svelte-core\src\render.js:16:23)
    at Module.render (D:\knowledge-graph\frontend\node_modules\@testing-library\svelte\src\pure.js:49:73)
    at D:\knowledge-graph\frontend\src\lib\components\Graph3D.spec.ts:120:5
    at file:///D:/knowledge-graph/frontend/node_modules/@vitest/runner/dist/chunk-hooks.js:155:11
    at file:///D:/knowledge-graph/frontend/node_modules/@vitest/runner/dist/chunk-hooks.js:752:26
    at file:///D:/knowledge-graph/frontend/node_modules/@vitest/runner/dist/chunk-hooks.js:1897:20
    at new Promise (<anonymous>)
    at runWithTimeout (file:///D:/knowledge-graph/frontend/node_modules/@vitest/runner/dist/chunk-hooks.js:1863:10)
    at runTest (file:///D:/knowledge-graph/frontend/node_modules/@vitest/runner/dist/chunk-hooks.js:1574:12)
    at processTicksAndRejections (node:internal/process/task_queues:105:5)
    at runSuite (file:///D:/knowledge-graph/frontend/node_modules/@vitest/runner/dist/chunk-hooks.js:1729:8)
    at runSuite (file:///D:/knowledge-graph/frontend/node_modules/@vitest/runner/dist/chunk-hooks.js:1729:8)
    at runFiles (file:///D:/knowledge-graph/frontend/node_modules/@vitest/runner/dist/chunk-hooks.js:1787:3)
    at startTests (file:///D:/knowledge-graph/frontend/node_modules/@vitest/runner/dist/chunk-hooks.js:1820:3)
    at file:///D:/knowledge-graph/frontend/node_modules/vitest/dist/chunks/runBaseTests.9Ij9_de-.js:117:26
    at withEnv (file:///D:/knowledge-graph/frontend/node_modules/vitest/dist/chunks/runBaseTests.9Ij9_de-.js:84:3)
    at run (file:///D:/knowledge-graph/frontend/node_modules/vitest/dist/chunks/runBaseTests.9Ij9_de-.js:109:2)
    at runBaseTests (file:///D:/knowledge-graph/frontend/node_modules/vitest/dist/chunks/base.DfmxU-tU.js:32:2)
    at ForksBaseWorker.executeTests (file:///D:/knowledge-graph/frontend/node_modules/vitest/dist/workers/forks.js:29:4)
    at execute (file:///D:/knowledge-graph/frontend/node_modules/vitest/dist/worker.js:108:3)
    at onMessage (file:///D:/knowledge-graph/frontend/node_modules/tinypool/dist/entry/process.js:39:18)


Error: 
    at $effect (D:\knowledge-graph\frontend\src\lib\components\Graph3D.svelte:75:26)
    at mountModern (D:\knowledge-graph\frontend\node_modules\@testing-library\svelte-core\src\mount.js:34:10)
    at Module.mount (D:\knowledge-graph\frontend\node_modules\@testing-library\svelte-core\src\mount.js:85:44)
    at Module.render (D:\knowledge-graph\frontend\node_modules\@testing-library\svelte-core\src\render.js:16:23)
    at Module.render (D:\knowledge-graph\frontend\node_modules\@testing-library\svelte\src\pure.js:49:73)
    at D:\knowledge-graph\frontend\src\lib\components\Graph3D.spec.ts:120:5
    at file:///D:/knowledge-graph/frontend/node_modules/@vitest/runner/dist/chunk-hooks.js:155:11
    at file:///D:/knowledge-graph/frontend/node_modules/@vitest/runner/dist/chunk-hooks.js:752:26
    at file:///D:/knowledge-graph/frontend/node_modules/@vitest/runner/dist/chunk-hooks.js:1897:20
    at new Promise (<anonymous>)
    at runWithTimeout (file:///D:/knowledge-graph/frontend/node_modules/@vitest/runner/dist/chunk-hooks.js:1863:10)
    at runTest (file:///D:/knowledge-graph/frontend/node_modules/@vitest/runner/dist/chunk-hooks.js:1574:12)
    at processTicksAndRejections (node:internal/process/task_queues:105:5)
    at runSuite (file:///D:/knowledge-graph/frontend/node_modules/@vitest/runner/dist/chunk-hooks.js:1729:8)
    at runSuite (file:///D:/knowledge-graph/frontend/node_modules/@vitest/runner/dist/chunk-hooks.js:1729:8)
    at runFiles (file:///D:/knowledge-graph/frontend/node_modules/@vitest/runner/dist/chunk-hooks.js:1787:3)
    at startTests (file:///D:/knowledge-graph/frontend/node_modules/@vitest/runner/dist/chunk-hooks.js:1820:3)
    at file:///D:/knowledge-graph/frontend/node_modules/vitest/dist/chunks/runBaseTests.9Ij9_de-.js:117:26
    at withEnv (file:///D:/knowledge-graph/frontend/node_modules/vitest/dist/chunks/runBaseTests.9Ij9_de-.js:84:3)
    at run (file:///D:/knowledge-graph/frontend/node_modules/vitest/dist/chunks/runBaseTests.9Ij9_de-.js:109:2)
    at runBaseTests (file:///D:/knowledge-graph/frontend/node_modules/vitest/dist/chunks/base.DfmxU-tU.js:32:2)
    at ForksBaseWorker.executeTests (file:///D:/knowledge-graph/frontend/node_modules/vitest/dist/workers/forks.js:29:4)
    at execute (file:///D:/knowledge-graph/frontend/node_modules/vitest/dist/worker.js:108:3)
    at onMessage (file:///D:/knowledge-graph/frontend/node_modules/tinypool/dist/entry/process.js:39:18)


Error: 
    at $effect (D:\knowledge-graph\frontend\src\lib\components\Graph3D.svelte:82:26)
    at mountModern (D:\knowledge-graph\frontend\node_modules\@testing-library\svelte-core\src\mount.js:34:10)
    at Module.mount (D:\knowledge-graph\frontend\node_modules\@testing-library\svelte-core\src\mount.js:85:44)
    at Module.render (D:\knowledge-graph\frontend\node_modules\@testing-library\svelte-core\src\render.js:16:23)
    at Module.render (D:\knowledge-graph\frontend\node_modules\@testing-library\svelte\src\pure.js:49:73)
    at D:\knowledge-graph\frontend\src\lib\components\Graph3D.spec.ts:120:5
    at file:///D:/knowledge-graph/frontend/node_modules/@vitest/runner/dist/chunk-hooks.js:155:11
    at file:///D:/knowledge-graph/frontend/node_modules/@vitest/runner/dist/chunk-hooks.js:752:26
    at file:///D:/knowledge-graph/frontend/node_modules/@vitest/runner/dist/chunk-hooks.js:1897:20
    at new Promise (<anonymous>)
    at runWithTimeout (file:///D:/knowledge-graph/frontend/node_modules/@vitest/runner/dist/chunk-hooks.js:1863:10)
    at runTest (file:///D:/knowledge-graph/frontend/node_modules/@vitest/runner/dist/chunk-hooks.js:1574:12)
    at processTicksAndRejections (node:internal/process/task_queues:105:5)
    at runSuite (file:///D:/knowledge-graph/frontend/node_modules/@vitest/runner/dist/chunk-hooks.js:1729:8)
    at runSuite (file:///D:/knowledge-graph/frontend/node_modules/@vitest/runner/dist/chunk-hooks.js:1729:8)
    at runFiles (file:///D:/knowledge-graph/frontend/node_modules/@vitest/runner/dist/chunk-hooks.js:1787:3)
    at startTests (file:///D:/knowledge-graph/frontend/node_modules/@vitest/runner/dist/chunk-hooks.js:1820:3)
    at file:///D:/knowledge-graph/frontend/node_modules/vitest/dist/chunks/runBaseTests.9Ij9_de-.js:117:26
    at withEnv (file:///D:/knowledge-graph/frontend/node_modules/vitest/dist/chunks/runBaseTests.9Ij9_de-.js:84:3)
    at run (file:///D:/knowledge-graph/frontend/node_modules/vitest/dist/chunks/runBaseTests.9Ij9_de-.js:109:2)
    at runBaseTests (file:///D:/knowledge-graph/frontend/node_modules/vitest/dist/chunks/base.DfmxU-tU.js:32:2)
    at ForksBaseWorker.executeTests (file:///D:/knowledge-graph/frontend/node_modules/vitest/dist/workers/forks.js:29:4)
    at execute (file:///D:/knowledge-graph/frontend/node_modules/vitest/dist/worker.js:108:3)
    at onMessage (file:///D:/knowledge-graph/frontend/node_modules/tinypool/dist/entry/process.js:39:18)


Error: 
    at $effect (D:\knowledge-graph\frontend\src\lib\components\Graph3D.svelte:116:25)
    at mountModern (D:\knowledge-graph\frontend\node_modules\@testing-library\svelte-core\src\mount.js:34:10)
    at Module.mount (D:\knowledge-graph\frontend\node_modules\@testing-library\svelte-core\src\mount.js:85:44)
    at Module.render (D:\knowledge-graph\frontend\node_modules\@testing-library\svelte-core\src\render.js:16:23)
    at Module.render (D:\knowledge-graph\frontend\node_modules\@testing-library\svelte\src\pure.js:49:73)
    at D:\knowledge-graph\frontend\src\lib\components\Graph3D.spec.ts:120:5
    at file:///D:/knowledge-graph/frontend/node_modules/@vitest/runner/dist/chunk-hooks.js:155:11
    at file:///D:/knowledge-graph/frontend/node_modules/@vitest/runner/dist/chunk-hooks.js:752:26
    at file:///D:/knowledge-graph/frontend/node_modules/@vitest/runner/dist/chunk-hooks.js:1897:20
    at new Promise (<anonymous>)
    at runWithTimeout (file:///D:/knowledge-graph/frontend/node_modules/@vitest/runner/dist/chunk-hooks.js:1863:10)
    at runTest (file:///D:/knowledge-graph/frontend/node_modules/@vitest/runner/dist/chunk-hooks.js:1574:12)
    at processTicksAndRejections (node:internal/process/task_queues:105:5)
    at runSuite (file:///D:/knowledge-graph/frontend/node_modules/@vitest/runner/dist/chunk-hooks.js:1729:8)
    at runSuite (file:///D:/knowledge-graph/frontend/node_modules/@vitest/runner/dist/chunk-hooks.js:1729:8)
    at runFiles (file:///D:/knowledge-graph/frontend/node_modules/@vitest/runner/dist/chunk-hooks.js:1787:3)
    at startTests (file:///D:/knowledge-graph/frontend/node_modules/@vitest/runner/dist/chunk-hooks.js:1820:3)
    at file:///D:/knowledge-graph/frontend/node_modules/vitest/dist/chunks/runBaseTests.9Ij9_de-.js:117:26
    at withEnv (file:///D:/knowledge-graph/frontend/node_modules/vitest/dist/chunks/runBaseTests.9Ij9_de-.js:84:3)
    at run (file:///D:/knowledge-graph/frontend/node_modules/vitest/dist/chunks/runBaseTests.9Ij9_de-.js:109:2)
    at runBaseTests (file:///D:/knowledge-graph/frontend/node_modules/vitest/dist/chunks/base.DfmxU-tU.js:32:2)
    at ForksBaseWorker.executeTests (file:///D:/knowledge-graph/frontend/node_modules/vitest/dist/workers/forks.js:29:4)
    at execute (file:///D:/knowledge-graph/frontend/node_modules/vitest/dist/worker.js:108:3)
    at onMessage (file:///D:/knowledge-graph/frontend/node_modules/tinypool/dist/entry/process.js:39:18)


Error: 
    at createGraphSimulation (D:\knowledge-graph\frontend\src\lib\components\Graph3D.svelte:297:25)
    at $effect (D:\knowledge-graph\frontend\src\lib\components\Graph3D.svelte:92:5)
    at mountModern (D:\knowledge-graph\frontend\node_modules\@testing-library\svelte-core\src\mount.js:34:10)
    at Module.mount (D:\knowledge-graph\frontend\node_modules\@testing-library\svelte-core\src\mount.js:85:44)
    at Module.render (D:\knowledge-graph\frontend\node_modules\@testing-library\svelte-core\src\render.js:16:23)
    at Module.render (D:\knowledge-graph\frontend\node_modules\@testing-library\svelte\src\pure.js:49:73)
    at D:\knowledge-graph\frontend\src\lib\components\Graph3D.spec.ts:120:5
    at file:///D:/knowledge-graph/frontend/node_modules/@vitest/runner/dist/chunk-hooks.js:155:11
    at file:///D:/knowledge-graph/frontend/node_modules/@vitest/runner/dist/chunk-hooks.js:752:26
    at file:///D:/knowledge-graph/frontend/node_modules/@vitest/runner/dist/chunk-hooks.js:1897:20
    at new Promise (<anonymous>)
    at runWithTimeout (file:///D:/knowledge-graph/frontend/node_modules/@vitest/runner/dist/chunk-hooks.js:1863:10)
    at runTest (file:///D:/knowledge-graph/frontend/node_modules/@vitest/runner/dist/chunk-hooks.js:1574:12)
    at processTicksAndRejections (node:internal/process/task_queues:105:5)
    at runSuite (file:///D:/knowledge-graph/frontend/node_modules/@vitest/runner/dist/chunk-hooks.js:1729:8)
    at runSuite (file:///D:/knowledge-graph/frontend/node_modules/@vitest/runner/dist/chunk-hooks.js:1729:8)
    at runFiles (file:///D:/knowledge-graph/frontend/node_modules/@vitest/runner/dist/chunk-hooks.js:1787:3)
    at startTests (file:///D:/knowledge-graph/frontend/node_modules/@vitest/runner/dist/chunk-hooks.js:1820:3)
    at file:///D:/knowledge-graph/frontend/node_modules/vitest/dist/chunks/runBaseTests.9Ij9_de-.js:117:26
    at withEnv (file:///D:/knowledge-graph/frontend/node_modules/vitest/dist/chunks/runBaseTests.9Ij9_de-.js:84:3)
    at run (file:///D:/knowledge-graph/frontend/node_modules/vitest/dist/chunks/runBaseTests.9Ij9_de-.js:109:2)
    at runBaseTests (file:///D:/knowledge-graph/frontend/node_modules/vitest/dist/chunks/base.DfmxU-tU.js:32:2)
    at ForksBaseWorker.executeTests (file:///D:/knowledge-graph/frontend/node_modules/vitest/dist/workers/forks.js:29:4)
    at execute (file:///D:/knowledge-graph/frontend/node_modules/vitest/dist/worker.js:108:3)
    at onMessage (file:///D:/knowledge-graph/frontend/node_modules/tinypool/dist/entry/process.js:39:18)

[90mstdout[2m | src/lib/components/Graph3D.spec.ts[2m > [22m[2mGraph3D[2m > [22m[2mprocesses data without errors
[22m[39m[Graph3D] Data changed: {
  nodesLen: [33m3[39m,
  linksLen: [33m1[39m,
  key: [33m1776869851828[39m,
  timestamp: [33m1776869850825[39m
}
[Graph3D] Initializing scene...
[Graph3D] Animation loop started
[Graph3D] Scene initialized, isInitialized = true
[Graph3D] Initial data available, creating simulation: [33m3[39m nodes
[Graph3D] createGraphSimulation called: { hasObjectManager: [33mtrue[39m, hasScene: [33mtrue[39m, nodeCount: [33m3[39m, linkCount: [33m1[39m }
[Graph3D] Clearing existing objects...
[Graph3D] Calling createSimulation...
[Graph3D] Simulation created, setting up event handlers...
[Graph3D] Data changed: {
  nodesLen: [33m3[39m,
  linksLen: [33m1[39m,
  key: [33m1776869851830[39m,
  timestamp: [33m1776869850827[39m
}
[Graph3D] Creating simulation: [33m3[39m nodes
[Graph3D] createGraphSimulation called: { hasObjectManager: [33mtrue[39m, hasScene: [33mtrue[39m, nodeCount: [33m3[39m, linkCount: [33m1[39m }
[Graph3D] Clearing existing objects...
[Graph3D] Calling createSimulation...
[Graph3D] Simulation created, setting up event handlers...
[Graph3D] Data changed: {
  nodesLen: [33m3[39m,
  linksLen: [33m1[39m,
  key: [33m1776869851831[39m,
  timestamp: [33m1776869850828[39m
}
[Graph3D] Creating simulation: [33m3[39m nodes
[Graph3D] createGraphSimulation called: { hasObjectManager: [33mtrue[39m, hasScene: [33mtrue[39m, nodeCount: [33m3[39m, linkCount: [33m1[39m }
[Graph3D] Clearing existing objects...
[Graph3D] Calling createSimulation...
[Graph3D] Simulation created, setting up event handlers...
[Graph3D] Data changed: {
  nodesLen: [33m3[39m,
  linksLen: [33m1[39m,
  key: [33m1776869851832[39m,
  timestamp: [33m1776869850829[39m
}
[Graph3D] Creating simulation: [33m3[39m nodes
[Graph3D] createGraphSimulation called: { hasObjectManager: [33mtrue[39m, hasScene: [33mtrue[39m, nodeCount: [33m3[39m, linkCount: [33m1[39m }
[Graph3D] Clearing existing objects...
[Graph3D] Calling createSimulation...
[Graph3D] Simulation created, setting up event handlers...
[Graph3D] Data changed: {
  nodesLen: [33m3[39m,
  linksLen: [33m1[39m,
  key: [33m1776869851833[39m,
  timestamp: [33m1776869850830[39m
}
[Graph3D] Creating simulation: [33m3[39m nodes
[Graph3D] createGraphSimulation called: { hasObjectManager: [33mtrue[39m, hasScene: [33mtrue[39m, nodeCount: [33m3[39m, linkCount: [33m1[39m }
[Graph3D] Clearing existing objects...
[Graph3D] Calling createSimulation...
[Graph3D] Simulation created, setting up event handlers...
[Graph3D] Data changed: {
  nodesLen: [33m3[39m,
  linksLen: [33m1[39m,
  key: [33m1776869851834[39m,
  timestamp: [33m1776869850831[39m
}
[Graph3D] Creating simulation: [33m3[39m nodes
[Graph3D] createGraphSimulation called: { hasObjectManager: [33mtrue[39m, hasScene: [33mtrue[39m, nodeCount: [33m3[39m, linkCount: [33m1[39m }
[Graph3D] Clearing existing objects...
[Graph3D] Calling createSimulation...
[Graph3D] Simulation created, setting up event handlers...
[Graph3D] Data changed: {
  nodesLen: [33m3[39m,
  linksLen: [33m1[39m,
  key: [33m1776869851838[39m,
  timestamp: [33m1776869850835[39m
}
[Graph3D] Creating simulation: [33m3[39m nodes
[Graph3D] createGraphSimulation called: { hasObjectManager: [33mtrue[39m, hasScene: [33mtrue[39m, nodeCount: [33m3[39m, linkCount: [33m1[39m }
[Graph3D] Clearing existing objects...
[Graph3D] Calling createSimulation...
[Graph3D] Simulation created, setting up event handlers...
[Graph3D] Data changed: {
  nodesLen: [33m3[39m,
  linksLen: [33m1[39m,
  key: [33m1776869851844[39m,
  timestamp: [33m1776869850841[39m
}
[Graph3D] Creating simulation: [33m3[39m nodes
[Graph3D] createGraphSimulation called: { hasObjectManager: [33mtrue[39m, hasScene: [33mtrue[39m, nodeCount: [33m3[39m, linkCount: [33m1[39m }
[Graph3D] Clearing existing objects...
[Graph3D] Calling createSimulation...
[Graph3D] Simulation created, setting up event handlers...
[Graph3D] Data changed: {
  nodesLen: [33m3[39m,
  linksLen: [33m1[39m,
  key: [33m1776869851852[39m,
  timestamp: [33m1776869850849[39m
}
[Graph3D] Creating simulation: [33m3[39m nodes
[Graph3D] createGraphSimulation called: { hasObjectManager: [33mtrue[39m, hasScene: [33mtrue[39m, nodeCount: [33m3[39m, linkCount: [33m1[39m }
[Graph3D] Clearing existing objects...
[Graph3D] Calling createSimulation...
[Graph3D] Simulation created, setting up event handlers...
[Graph3D] Data changed: {
  nodesLen: [33m3[39m,
  linksLen: [33m1[39m,
  key: [33m1776869851857[39m,
  timestamp: [33m1776869850854[39m
}
[Graph3D] Creating simulation: [33m3[39m nodes
[Graph3D] createGraphSimulation called: { hasObjectManager: [33mtrue[39m, hasScene: [33mtrue[39m, nodeCount: [33m3[39m, linkCount: [33m1[39m }
[Graph3D] Clearing existing objects...
[Graph3D] Calling createSimulation...
[Graph3D] Simulation created, setting up event handlers...
[Graph3D] Data changed: {
  nodesLen: [33m3[39m,
  linksLen: [33m1[39m,
  key: [33m1776869851868[39m,
  timestamp: [33m1776869850865[39m
}
[Graph3D] Creating simulation: [33m3[39m nodes
[Graph3D] createGraphSimulation called: { hasObjectManager: [33mtrue[39m, hasScene: [33mtrue[39m, nodeCount: [33m3[39m, linkCount: [33m1[39m }
[Graph3D] Clearing existing objects...
[Graph3D] Calling createSimulation...
[Graph3D] Simulation created, setting up event handlers...
[Graph3D] Data changed: {
  nodesLen: [33m3[39m,
  linksLen: [33m1[39m,
  key: [33m1776869851874[39m,
  timestamp: [33m1776869850871[39m
}
[Graph3D] Creating simulation: [33m3[39m nodes
[Graph3D] createGraphSimulation called: { hasObjectManager: [33mtrue[39m, hasScene: [33mtrue[39m, nodeCount: [33m3[39m, linkCount: [33m1[39m }
[Graph3D] Clearing existing objects...
[Graph3D] Calling createSimulation...
[Graph3D] Simulation created, setting up event handlers...
[Graph3D] Data changed: {
  nodesLen: [33m3[39m,
  linksLen: [33m1[39m,
  key: [33m1776869851880[39m,
  timestamp: [33m1776869850877[39m
}
[Graph3D] Creating simulation: [33m3[39m nodes
[Graph3D] createGraphSimulation called: { hasObjectManager: [33mtrue[39m, hasScene: [33mtrue[39m, nodeCount: [33m3[39m, linkCount: [33m1[39m }
[Graph3D] Clearing existing objects...
[Graph3D] Calling createSimulation...
[Graph3D] Simulation created, setting up event handlers...
[Graph3D] Data changed: {
  nodesLen: [33m3[39m,
  linksLen: [33m1[39m,
  key: [33m1776869851885[39m,
  timestamp: [33m1776869850882[39m
}
[Graph3D] Creating simulation: [33m3[39m nodes
[Graph3D] createGraphSimulation called: { hasObjectManager: [33mtrue[39m, hasScene: [33mtrue[39m, nodeCount: [33m3[39m, linkCount: [33m1[39m }
[Graph3D] Clearing existing objects...
[Graph3D] Calling createSimulation...
[Graph3D] Simulation created, setting up event handlers...
[Graph3D] Data changed: {
  nodesLen: [33m3[39m,
  linksLen: [33m1[39m,
  key: [33m1776869851889[39m,
  timestamp: [33m1776869850886[39m
}
[Graph3D] Creating simulation: [33m3[39m nodes
[Graph3D] createGraphSimulation called: { hasObjectManager: [33mtrue[39m, hasScene: [33mtrue[39m, nodeCount: [33m3[39m, linkCount: [33m1[39m }
[Graph3D] Clearing existing objects...
[Graph3D] Calling createSimulation...
[Graph3D] Simulation created, setting up event handlers...
[Graph3D] Data changed: {
  nodesLen: [33m3[39m,
  linksLen: [33m1[39m,
  key: [33m1776869851896[39m,
  timestamp: [33m1776869850893[39m
}
[Graph3D] Creating simulation: [33m3[39m nodes
[Graph3D] createGraphSimulation called: { hasObjectManager: [33mtrue[39m, hasScene: [33mtrue[39m, nodeCount: [33m3[39m, linkCount: [33m1[39m }
[Graph3D] Clearing existing objects...
[Graph3D] Calling createSimulation...
[Graph3D] Simulation created, setting up event handlers...
[Graph3D] Data changed: {
  nodesLen: [33m3[39m,
  linksLen: [33m1[39m,
  key: [33m1776869851904[39m,
  timestamp: [33m1776869850901[39m
}
[Graph3D] Creating simulation: [33m3[39m nodes
[Graph3D] createGraphSimulation called: { hasObjectManager: [33mtrue[39m, hasScene: [33mtrue[39m, nodeCount: [33m3[39m, linkCount: [33m1[39m }
[Graph3D] Clearing existing objects...
[Graph3D] Calling createSimulation...
[Graph3D] Simulation created, setting up event handlers...
[Graph3D] Data changed: {
  nodesLen: [33m3[39m,
  linksLen: [33m1[39m,
  key: [33m1776869851909[39m,
  timestamp: [33m1776869850906[39m
}
[Graph3D] Creating simulation: [33m3[39m nodes
[Graph3D] createGraphSimulation called: { hasObjectManager: [33mtrue[39m, hasScene: [33mtrue[39m, nodeCount: [33m3[39m, linkCount: [33m1[39m }
[Graph3D] Clearing existing objects...
[Graph3D] Calling createSimulation...
[Graph3D] Simulation created, setting up event handlers...
[Graph3D] Data changed: {
  nodesLen: [33m3[39m,
  linksLen: [33m1[39m,
  key: [33m1776869851916[39m,
  timestamp: [33m1776869850913[39m
}
[Graph3D] Creating simulation: [33m3[39m nodes
[Graph3D] createGraphSimulation called: { hasObjectManager: [33mtrue[39m, hasScene: [33mtrue[39m, nodeCount: [33m3[39m, linkCount: [33m1[39m }
[Graph3D] Clearing existing objects...
[Graph3D] Calling createSimulation...
[Graph3D] Simulation created, setting up event handlers...
[Graph3D] Data changed: {
  nodesLen: [33m3[39m,
  linksLen: [33m1[39m,
  key: [33m1776869851921[39m,
  timestamp: [33m1776869850918[39m
}
[Graph3D] Creating simulation: [33m3[39m nodes
[Graph3D] createGraphSimulation called: { hasObjectManager: [33mtrue[39m, hasScene: [33mtrue[39m, nodeCount: [33m3[39m, linkCount: [33m1[39m }
[Graph3D] Clearing existing objects...
[Graph3D] Calling createSimulation...
[Graph3D] Simulation created, setting up event handlers...
[Graph3D] Data changed: {
  nodesLen: [33m3[39m,
  linksLen: [33m1[39m,
  key: [33m1776869851926[39m,
  timestamp: [33m1776869850923[39m
}
[Graph3D] Creating simulation: [33m3[39m nodes
[Graph3D] createGraphSimulation called: { hasObjectManager: [33mtrue[39m, hasScene: [33mtrue[39m, nodeCount: [33m3[39m, linkCount: [33m1[39m }
[Graph3D] Clearing existing objects...
[Graph3D] Calling createSimulation...
[Graph3D] Simulation created, setting up event handlers...
[Graph3D] Data changed: {
  nodesLen: [33m3[39m,
  linksLen: [33m1[39m,
  key: [33m1776869851934[39m,
  timestamp: [33m1776869850931[39m
}
[Graph3D] Creating simulation: [33m3[39m nodes
[Graph3D] createGraphSimulation called: { hasObjectManager: [33mtrue[39m, hasScene: [33mtrue[39m, nodeCount: [33m3[39m, linkCount: [33m1[39m }
[Graph3D] Clearing existing objects...
[Graph3D] Calling createSimulation...
[Graph3D] Simulation created, setting up event handlers...
[Graph3D] Data changed: {
  nodesLen: [33m3[39m,
  linksLen: [33m1[39m,
  key: [33m1776869851940[39m,
  timestamp: [33m1776869850937[39m
}
[Graph3D] Creating simulation: [33m3[39m nodes
[Graph3D] createGraphSimulation called: { hasObjectManager: [33mtrue[39m, hasScene: [33mtrue[39m, nodeCount: [33m3[39m, linkCount: [33m1[39m }
[Graph3D] Clearing existing objects...
[Graph3D] Calling createSimulation...
[Graph3D] Simulation created, setting up event handlers...
[Graph3D] Data changed: {
  nodesLen: [33m3[39m,
  linksLen: [33m1[39m,
  key: [33m1776869851947[39m,
  timestamp: [33m1776869850944[39m
}
[Graph3D] Creating simulation: [33m3[39m nodes
[Graph3D] createGraphSimulation called: { hasObjectManager: [33mtrue[39m, hasScene: [33mtrue[39m, nodeCount: [33m3[39m, linkCount: [33m1[39m }
[Graph3D] Clearing existing objects...
[Graph3D] Calling createSimulation...
[Graph3D] Simulation created, setting up event handlers...
[Graph3D] Data changed: {
  nodesLen: [33m3[39m,
  linksLen: [33m1[39m,
  key: [33m1776869851953[39m,
  timestamp: [33m1776869850950[39m
}
[Graph3D] Creating simulation: [33m3[39m nodes
[Graph3D] createGraphSimulation called: { hasObjectManager: [33mtrue[39m, hasScene: [33mtrue[39m, nodeCount: [33m3[39m, linkCount: [33m1[39m }
[Graph3D] Clearing existing objects...
[Graph3D] Calling createSimulation...
[Graph3D] Simulation created, setting up event handlers...
[Graph3D] Data changed: {
  nodesLen: [33m3[39m,
  linksLen: [33m1[39m,
  key: [33m1776869851961[39m,
  timestamp: [33m1776869850958[39m
}
[Graph3D] Creating simulation: [33m3[39m nodes
[Graph3D] createGraphSimulation called: { hasObjectManager: [33mtrue[39m, hasScene: [33mtrue[39m, nodeCount: [33m3[39m, linkCount: [33m1[39m }
[Graph3D] Clearing existing objects...
[Graph3D] Calling createSimulation...
[Graph3D] Simulation created, setting up event handlers...
[Graph3D] Data changed: {
  nodesLen: [33m3[39m,
  linksLen: [33m1[39m,
  key: [33m1776869851970[39m,
  timestamp: [33m1776869850967[39m
}
[Graph3D] Creating simulation: [33m3[39m nodes
[Graph3D] createGraphSimulation called: { hasObjectManager: [33mtrue[39m, hasScene: [33mtrue[39m, nodeCount: [33m3[39m, linkCount: [33m1[39m }
[Graph3D] Clearing existing objects...
[Graph3D] Calling createSimulation...
[Graph3D] Simulation created, setting up event handlers...
[Graph3D] Data changed: {
  nodesLen: [33m3[39m,
  linksLen: [33m1[39m,
  key: [33m1776869851977[39m,
  timestamp: [33m1776869850974[39m
}
[Graph3D] Creating simulation: [33m3[39m nodes
[Graph3D] createGraphSimulation called: { hasObjectManager: [33mtrue[39m, hasScene: [33mtrue[39m, nodeCount: [33m3[39m, linkCount: [33m1[39m }
[Graph3D] Clearing existing objects...
[Graph3D] Calling createSimulation...
[Graph3D] Simulation created, setting up event handlers...
[Graph3D] Data changed: {
  nodesLen: [33m3[39m,
  linksLen: [33m1[39m,
  key: [33m1776869851984[39m,
  timestamp: [33m1776869850981[39m
}
[Graph3D] Creating simulation: [33m3[39m nodes
[Graph3D] createGraphSimulation called: { hasObjectManager: [33mtrue[39m, hasScene: [33mtrue[39m, nodeCount: [33m3[39m, linkCount: [33m1[39m }
[Graph3D] Clearing existing objects...
[Graph3D] Calling createSimulation...
[Graph3D] Simulation created, setting up event handlers...
[Graph3D] Data changed: {
  nodesLen: [33m3[39m,
  linksLen: [33m1[39m,
  key: [33m1776869851991[39m,
  timestamp: [33m1776869850988[39m
}
[Graph3D] Creating simulation: [33m3[39m nodes
[Graph3D] createGraphSimulation called: { hasObjectManager: [33mtrue[39m, hasScene: [33mtrue[39m, nodeCount: [33m3[39m, linkCount: [33m1[39m }
[Graph3D] Clearing existing objects...
[Graph3D] Calling createSimulation...
[Graph3D] Simulation created, setting up event handlers...
[Graph3D] Data changed: {
  nodesLen: [33m3[39m,
  linksLen: [33m1[39m,
  key: [33m1776869852001[39m,
  timestamp: [33m1776869850998[39m
}
[Graph3D] Creating simulation: [33m3[39m nodes
[Graph3D] createGraphSimulation called: { hasObjectManager: [33mtrue[39m, hasScene: [33mtrue[39m, nodeCount: [33m3[39m, linkCount: [33m1[39m }
[Graph3D] Clearing existing objects...
[Graph3D] Calling createSimulation...
[Graph3D] Simulation created, setting up event handlers...
[Graph3D] Data changed: {
  nodesLen: [33m3[39m,
  linksLen: [33m1[39m,
  key: [33m1776869852007[39m,
  timestamp: [33m1776869851004[39m
}
[Graph3D] Creating simulation: [33m3[39m nodes
[Graph3D] createGraphSimulation called: { hasObjectManager: [33mtrue[39m, hasScene: [33mtrue[39m, nodeCount: [33m3[39m, linkCount: [33m1[39m }
[Graph3D] Clearing existing objects...
[Graph3D] Calling createSimulation...
[Graph3D] Simulation created, setting up event handlers...
[Graph3D] Data changed: {
  nodesLen: [33m3[39m,
  linksLen: [33m1[39m,
  key: [33m1776869852014[39m,
  timestamp: [33m1776869851011[39m
}
[Graph3D] Creating simulation: [33m3[39m nodes
[Graph3D] createGraphSimulation called: { hasObjectManager: [33mtrue[39m, hasScene: [33mtrue[39m, nodeCount: [33m3[39m, linkCount: [33m1[39m }
[Graph3D] Clearing existing objects...
[Graph3D] Calling createSimulation...
[Graph3D] Simulation created, setting up event handlers...
[Graph3D] Data changed: {
  nodesLen: [33m3[39m,
  linksLen: [33m1[39m,
  key: [33m1776869852021[39m,
  timestamp: [33m1776869851018[39m
}
[Graph3D] Creating simulation: [33m3[39m nodes
[Graph3D] createGraphSimulation called: { hasObjectManager: [33mtrue[39m, hasScene: [33mtrue[39m, nodeCount: [33m3[39m, linkCount: [33m1[39m }
[Graph3D] Clearing existing objects...
[Graph3D] Calling createSimulation...
[Graph3D] Simulation created, setting up event handlers...
[Graph3D] Data changed: {
  nodesLen: [33m3[39m,
  linksLen: [33m1[39m,
  key: [33m1776869852031[39m,
  timestamp: [33m1776869851028[39m
}
[Graph3D] Creating simulation: [33m3[39m nodes
[Graph3D] createGraphSimulation called: { hasObjectManager: [33mtrue[39m, hasScene: [33mtrue[39m, nodeCount: [33m3[39m, linkCount: [33m1[39m }
[Graph3D] Clearing existing objects...
[Graph3D] Calling createSimulation...
[Graph3D] Simulation created, setting up event handlers...
[Graph3D] Data changed: {
  nodesLen: [33m3[39m,
  linksLen: [33m1[39m,
  key: [33m1776869852037[39m,
  timestamp: [33m1776869851034[39m
}
[Graph3D] Creating simulation: [33m3[39m nodes
[Graph3D] createGraphSimulation called: { hasObjectManager: [33mtrue[39m, hasScene: [33mtrue[39m, nodeCount: [33m3[39m, linkCount: [33m1[39m }
[Graph3D] Clearing existing objects...
[Graph3D] Calling createSimulation...
[Graph3D] Simulation created, setting up event handlers...
[Graph3D] Data changed: {
  nodesLen: [33m3[39m,
  linksLen: [33m1[39m,
  key: [33m1776869852046[39m,
  timestamp: [33m1776869851043[39m
}
[Graph3D] Creating simulation: [33m3[39m nodes
[Graph3D] createGraphSimulation called: { hasObjectManager: [33mtrue[39m, hasScene: [33mtrue[39m, nodeCount: [33m3[39m, linkCount: [33m1[39m }
[Graph3D] Clearing existing objects...
[Graph3D] Calling createSimulation...
[Graph3D] Simulation created, setting up event handlers...
[Graph3D] Data changed: {
  nodesLen: [33m3[39m,
  linksLen: [33m1[39m,
  key: [33m1776869852052[39m,
  timestamp: [33m1776869851049[39m
}
[Graph3D] Creating simulation: [33m3[39m nodes
[Graph3D] createGraphSimulation called: { hasObjectManager: [33mtrue[39m, hasScene: [33mtrue[39m, nodeCount: [33m3[39m, linkCount: [33m1[39m }
[Graph3D] Clearing existing objects...
[Graph3D] Calling createSimulation...
[Graph3D] Simulation created, setting up event handlers...
[Graph3D] Data changed: {
  nodesLen: [33m3[39m,
  linksLen: [33m1[39m,
  key: [33m1776869852062[39m,
  timestamp: [33m1776869851059[39m
}
[Graph3D] Creating simulation: [33m3[39m nodes
[Graph3D] createGraphSimulation called: { hasObjectManager: [33mtrue[39m, hasScene: [33mtrue[39m, nodeCount: [33m3[39m, linkCount: [33m1[39m }
[Graph3D] Clearing existing objects...
[Graph3D] Calling createSimulation...
[Graph3D] Simulation created, setting up event handlers...
[Graph3D] Data changed: {
  nodesLen: [33m3[39m,
  linksLen: [33m1[39m,
  key: [33m1776869852070[39m,
  timestamp: [33m1776869851067[39m
}
[Graph3D] Creating simulation: [33m3[39m nodes
[Graph3D] createGraphSimulation called: { hasObjectManager: [33mtrue[39m, hasScene: [33mtrue[39m, nodeCount: [33m3[39m, linkCount: [33m1[39m }
[Graph3D] Clearing existing objects...
[Graph3D] Calling createSimulation...
[Graph3D] Simulation created, setting up event handlers...
[Graph3D] Data changed: {
  nodesLen: [33m3[39m,
  linksLen: [33m1[39m,
  key: [33m1776869852077[39m,
  timestamp: [33m1776869851074[39m
}
[Graph3D] Creating simulation: [33m3[39m nodes
[Graph3D] createGraphSimulation called: { hasObjectManager: [33mtrue[39m, hasScene: [33mtrue[39m, nodeCount: [33m3[39m, linkCount: [33m1[39m }
[Graph3D] Clearing existing objects...
[Graph3D] Calling createSimulation...
[Graph3D] Simulation created, setting up event handlers...
[Graph3D] Data changed: {
  nodesLen: [33m3[39m,
  linksLen: [33m1[39m,
  key: [33m1776869852086[39m,
  timestamp: [33m1776869851083[39m
}
[Graph3D] Creating simulation: [33m3[39m nodes
[Graph3D] createGraphSimulation called: { hasObjectManager: [33mtrue[39m, hasScene: [33mtrue[39m, nodeCount: [33m3[39m, linkCount: [33m1[39m }
[Graph3D] Clearing existing objects...
[Graph3D] Calling createSimulation...
[Graph3D] Simulation created, setting up event handlers...
[Graph3D] Data changed: {
  nodesLen: [33m3[39m,
  linksLen: [33m1[39m,
  key: [33m1776869852096[39m,
  timestamp: [33m1776869851093[39m
}
[Graph3D] Creating simulation: [33m3[39m nodes
[Graph3D] createGraphSimulation called: { hasObjectManager: [33mtrue[39m, hasScene: [33mtrue[39m, nodeCount: [33m3[39m, linkCount: [33m1[39m }
[Graph3D] Clearing existing objects...
[Graph3D] Calling createSimulation...
[Graph3D] Simulation created, setting up event handlers...
[Graph3D] Data changed: {
  nodesLen: [33m3[39m,
  linksLen: [33m1[39m,
  key: [33m1776869852104[39m,
  timestamp: [33m1776869851101[39m
}
[Graph3D] Creating simulation: [33m3[39m nodes
[Graph3D] createGraphSimulation called: { hasObjectManager: [33mtrue[39m, hasScene: [33mtrue[39m, nodeCount: [33m3[39m, linkCount: [33m1[39m }
[Graph3D] Clearing existing objects...
[Graph3D] Calling createSimulation...
[Graph3D] Simulation created, setting up event handlers...
[Graph3D] Data changed: {
  nodesLen: [33m3[39m,
  linksLen: [33m1[39m,
  key: [33m1776869852113[39m,
  timestamp: [33m1776869851110[39m
}
[Graph3D] Creating simulation: [33m3[39m nodes
[Graph3D] createGraphSimulation called: { hasObjectManager: [33mtrue[39m, hasScene: [33mtrue[39m, nodeCount: [33m3[39m, linkCount: [33m1[39m }
[Graph3D] Clearing existing objects...
[Graph3D] Calling createSimulation...
[Graph3D] Simulation created, setting up event handlers...
[Graph3D] Data changed: {
  nodesLen: [33m3[39m,
  linksLen: [33m1[39m,
  key: [33m1776869852126[39m,
  timestamp: [33m1776869851123[39m
}
[Graph3D] Creating simulation: [33m3[39m nodes
[Graph3D] createGraphSimulation called: { hasObjectManager: [33mtrue[39m, hasScene: [33mtrue[39m, nodeCount: [33m3[39m, linkCount: [33m1[39m }
[Graph3D] Clearing existing objects...
[Graph3D] Calling createSimulation...
[Graph3D] Simulation created, setting up event handlers...
[Graph3D] Data changed: {
  nodesLen: [33m3[39m,
  linksLen: [33m1[39m,
  key: [33m1776869852134[39m,
  timestamp: [33m1776869851131[39m
}
[Graph3D] Creating simulation: [33m3[39m nodes
[Graph3D] createGraphSimulation called: { hasObjectManager: [33mtrue[39m, hasScene: [33mtrue[39m, nodeCount: [33m3[39m, linkCount: [33m1[39m }
[Graph3D] Clearing existing objects...
[Graph3D] Calling createSimulation...
[Graph3D] Simulation created, setting up event handlers...
[Graph3D] Data changed: {
  nodesLen: [33m3[39m,
  linksLen: [33m1[39m,
  key: [33m1776869852141[39m,
  timestamp: [33m1776869851138[39m
}
[Graph3D] Creating simulation: [33m3[39m nodes
[Graph3D] createGraphSimulation called: { hasObjectManager: [33mtrue[39m, hasScene: [33mtrue[39m, nodeCount: [33m3[39m, linkCount: [33m1[39m }
[Graph3D] Clearing existing objects...
[Graph3D] Calling createSimulation...
[Graph3D] Simulation created, setting up event handlers...
[Graph3D] Data changed: {
  nodesLen: [33m3[39m,
  linksLen: [33m1[39m,
  key: [33m1776869852154[39m,
  timestamp: [33m1776869851151[39m
}
[Graph3D] Creating simulation: [33m3[39m nodes
[Graph3D] createGraphSimulation called: { hasObjectManager: [33mtrue[39m, hasScene: [33mtrue[39m, nodeCount: [33m3[39m, linkCount: [33m1[39m }
[Graph3D] Clearing existing objects...
[Graph3D] Calling createSimulation...
[Graph3D] Simulation created, setting up event handlers...
[Graph3D] Data changed: {
  nodesLen: [33m3[39m,
  linksLen: [33m1[39m,
  key: [33m1776869852162[39m,
  timestamp: [33m1776869851159[39m
}
[Graph3D] Creating simulation: [33m3[39m nodes
[Graph3D] createGraphSimulation called: { hasObjectManager: [33mtrue[39m, hasScene: [33mtrue[39m, nodeCount: [33m3[39m, linkCount: [33m1[39m }
[Graph3D] Clearing existing objects...
[Graph3D] Calling createSimulation...
[Graph3D] Simulation created, setting up event handlers...
[Graph3D] Data changed: {
  nodesLen: [33m3[39m,
  linksLen: [33m1[39m,
  key: [33m1776869852172[39m,
  timestamp: [33m1776869851169[39m
}
[Graph3D] Creating simulation: [33m3[39m nodes
[Graph3D] createGraphSimulation called: { hasObjectManager: [33mtrue[39m, hasScene: [33mtrue[39m, nodeCount: [33m3[39m, linkCount: [33m1[39m }
[Graph3D] Clearing existing objects...
[Graph3D] Calling createSimulation...
[Graph3D] Simulation created, setting up event handlers...
[Graph3D] Data changed: {
  nodesLen: [33m3[39m,
  linksLen: [33m1[39m,
  key: [33m1776869852180[39m,
  timestamp: [33m1776869851177[39m
}
[Graph3D] Creating simulation: [33m3[39m nodes
[Graph3D] createGraphSimulation called: { hasObjectManager: [33mtrue[39m, hasScene: [33mtrue[39m, nodeCount: [33m3[39m, linkCount: [33m1[39m }
[Graph3D] Clearing existing objects...
[Graph3D] Calling createSimulation...
[Graph3D] Simulation created, setting up event handlers...
[Graph3D] Data changed: {
  nodesLen: [33m3[39m,
  linksLen: [33m1[39m,
  key: [33m1776869852192[39m,
  timestamp: [33m1776869851189[39m
}
[Graph3D] Creating simulation: [33m3[39m nodes
[Graph3D] createGraphSimulation called: { hasObjectManager: [33mtrue[39m, hasScene: [33mtrue[39m, nodeCount: [33m3[39m, linkCount: [33m1[39m }
[Graph3D] Clearing existing objects...
[Graph3D] Calling createSimulation...
[Graph3D] Simulation created, setting up event handlers...
[Graph3D] Data changed: {
  nodesLen: [33m3[39m,
  linksLen: [33m1[39m,
  key: [33m1776869852201[39m,
  timestamp: [33m1776869851198[39m
}
[Graph3D] Creating simulation: [33m3[39m nodes
[Graph3D] createGraphSimulation called: { hasObjectManager: [33mtrue[39m, hasScene: [33mtrue[39m, nodeCount: [33m3[39m, linkCount: [33m1[39m }
[Graph3D] Clearing existing objects...
[Graph3D] Calling createSimulation...
[Graph3D] Simulation created, setting up event handlers...
[Graph3D] Data changed: {
  nodesLen: [33m3[39m,
  linksLen: [33m1[39m,
  key: [33m1776869852211[39m,
  timestamp: [33m1776869851208[39m
}
[Graph3D] Creating simulation: [33m3[39m nodes
[Graph3D] createGraphSimulation called: { hasObjectManager: [33mtrue[39m, hasScene: [33mtrue[39m, nodeCount: [33m3[39m, linkCount: [33m1[39m }
[Graph3D] Clearing existing objects...
[Graph3D] Calling createSimulation...
[Graph3D] Simulation created, setting up event handlers...
[Graph3D] Data changed: {
  nodesLen: [33m3[39m,
  linksLen: [33m1[39m,
  key: [33m1776869852221[39m,
  timestamp: [33m1776869851218[39m
}
[Graph3D] Creating simulation: [33m3[39m nodes
[Graph3D] createGraphSimulation called: { hasObjectManager: [33mtrue[39m, hasScene: [33mtrue[39m, nodeCount: [33m3[39m, linkCount: [33m1[39m }
[Graph3D] Clearing existing objects...
[Graph3D] Calling createSimulation...
[Graph3D] Simulation created, setting up event handlers...
[Graph3D] Data changed: {
  nodesLen: [33m3[39m,
  linksLen: [33m1[39m,
  key: [33m1776869852230[39m,
  timestamp: [33m1776869851227[39m
}
[Graph3D] Creating simulation: [33m3[39m nodes
[Graph3D] createGraphSimulation called: { hasObjectManager: [33mtrue[39m, hasScene: [33mtrue[39m, nodeCount: [33m3[39m, linkCount: [33m1[39m }
[Graph3D] Clearing existing objects...
[Graph3D] Calling createSimulation...
[Graph3D] Simulation created, setting up event handlers...
[Graph3D] Data changed: {
  nodesLen: [33m3[39m,
  linksLen: [33m1[39m,
  key: [33m1776869852238[39m,
  timestamp: [33m1776869851235[39m
}
[Graph3D] Creating simulation: [33m3[39m nodes
[Graph3D] createGraphSimulation called: { hasObjectManager: [33mtrue[39m, hasScene: [33mtrue[39m, nodeCount: [33m3[39m, linkCount: [33m1[39m }
[Graph3D] Clearing existing objects...
[Graph3D] Calling createSimulation...
[Graph3D] Simulation created, setting up event handlers...
[Graph3D] Data changed: {
  nodesLen: [33m3[39m,
  linksLen: [33m1[39m,
  key: [33m1776869852250[39m,
  timestamp: [33m1776869851247[39m
}
[Graph3D] Creating simulation: [33m3[39m nodes
[Graph3D] createGraphSimulation called: { hasObjectManager: [33mtrue[39m, hasScene: [33mtrue[39m, nodeCount: [33m3[39m, linkCount: [33m1[39m }
[Graph3D] Clearing existing objects...
[Graph3D] Calling createSimulation...
[Graph3D] Simulation created, setting up event handlers...
[Graph3D] Data changed: {
  nodesLen: [33m3[39m,
  linksLen: [33m1[39m,
  key: [33m1776869852258[39m,
  timestamp: [33m1776869851255[39m
}
[Graph3D] Creating simulation: [33m3[39m nodes
[Graph3D] createGraphSimulation called: { hasObjectManager: [33mtrue[39m, hasScene: [33mtrue[39m, nodeCount: [33m3[39m, linkCount: [33m1[39m }
[Graph3D] Clearing existing objects...
[Graph3D] Calling createSimulation...
[Graph3D] Simulation created, setting up event handlers...
[Graph3D] Data changed: {
  nodesLen: [33m3[39m,
  linksLen: [33m1[39m,
  key: [33m1776869852267[39m,
  timestamp: [33m1776869851264[39m
}
[Graph3D] Creating simulation: [33m3[39m nodes
[Graph3D] createGraphSimulation called: { hasObjectManager: [33mtrue[39m, hasScene: [33mtrue[39m, nodeCount: [33m3[39m, linkCount: [33m1[39m }
[Graph3D] Clearing existing objects...
[Graph3D] Calling createSimulation...
[Graph3D] Simulation created, setting up event handlers...
[Graph3D] Data changed: {
  nodesLen: [33m3[39m,
  linksLen: [33m1[39m,
  key: [33m1776869852281[39m,
  timestamp: [33m1776869851278[39m
}
[Graph3D] Creating simulation: [33m3[39m nodes
[Graph3D] createGraphSimulation called: { hasObjectManager: [33mtrue[39m, hasScene: [33mtrue[39m, nodeCount: [33m3[39m, linkCount: [33m1[39m }
[Graph3D] Clearing existing objects...
[Graph3D] Calling createSimulation...
[Graph3D] Simulation created, setting up event handlers...
[Graph3D] Data changed: {
  nodesLen: [33m3[39m,
  linksLen: [33m1[39m,
  key: [33m1776869852293[39m,
  timestamp: [33m1776869851290[39m
}
[Graph3D] Creating simulation: [33m3[39m nodes
[Graph3D] createGraphSimulation called: { hasObjectManager: [33mtrue[39m, hasScene: [33mtrue[39m, nodeCount: [33m3[39m, linkCount: [33m1[39m }
[Graph3D] Clearing existing objects...
[Graph3D] Calling createSimulation...
[Graph3D] Simulation created, setting up event handlers...
[Graph3D] Data changed: {
  nodesLen: [33m3[39m,
  linksLen: [33m1[39m,
  key: [33m1776869852307[39m,
  timestamp: [33m1776869851304[39m
}
[Graph3D] Creating simulation: [33m3[39m nodes
[Graph3D] createGraphSimulation called: { hasObjectManager: [33mtrue[39m, hasScene: [33mtrue[39m, nodeCount: [33m3[39m, linkCount: [33m1[39m }
[Graph3D] Clearing existing objects...
[Graph3D] Calling createSimulation...
[Graph3D] Simulation created, setting up event handlers...
[Graph3D] Data changed: {
  nodesLen: [33m3[39m,
  linksLen: [33m1[39m,
  key: [33m1776869852318[39m,
  timestamp: [33m1776869851315[39m
}
[Graph3D] Creating simulation: [33m3[39m nodes
[Graph3D] createGraphSimulation called: { hasObjectManager: [33mtrue[39m, hasScene: [33mtrue[39m, nodeCount: [33m3[39m, linkCount: [33m1[39m }
[Graph3D] Clearing existing objects...
[Graph3D] Calling createSimulation...
[Graph3D] Simulation created, setting up event handlers...
[Graph3D] Data changed: {
  nodesLen: [33m3[39m,
  linksLen: [33m1[39m,
  key: [33m1776869852331[39m,
  timestamp: [33m1776869851328[39m
}
[Graph3D] Creating simulation: [33m3[39m nodes
[Graph3D] createGraphSimulation called: { hasObjectManager: [33mtrue[39m, hasScene: [33mtrue[39m, nodeCount: [33m3[39m, linkCount: [33m1[39m }
[Graph3D] Clearing existing objects...
[Graph3D] Calling createSimulation...
[Graph3D] Simulation created, setting up event handlers...
[Graph3D] Data changed: {
  nodesLen: [33m3[39m,
  linksLen: [33m1[39m,
  key: [33m1776869852344[39m,
  timestamp: [33m1776869851341[39m
}
[Graph3D] Creating simulation: [33m3[39m nodes
[Graph3D] createGraphSimulation called: { hasObjectManager: [33mtrue[39m, hasScene: [33mtrue[39m, nodeCount: [33m3[39m, linkCount: [33m1[39m }
[Graph3D] Clearing existing objects...
[Graph3D] Calling createSimulation...
[Graph3D] Simulation created, setting up event handlers...
[Graph3D] Data changed: {
  nodesLen: [33m3[39m,
  linksLen: [33m1[39m,
  key: [33m1776869852354[39m,
  timestamp: [33m1776869851351[39m
}
[Graph3D] Creating simulation: [33m3[39m nodes
[Graph3D] createGraphSimulation called: { hasObjectManager: [33mtrue[39m, hasScene: [33mtrue[39m, nodeCount: [33m3[39m, linkCount: [33m1[39m }
[Graph3D] Clearing existing objects...
[Graph3D] Calling createSimulation...
[Graph3D] Simulation created, setting up event handlers...
[Graph3D] Data changed: {
  nodesLen: [33m3[39m,
  linksLen: [33m1[39m,
  key: [33m1776869852363[39m,
  timestamp: [33m1776869851360[39m
}
[Graph3D] Creating simulation: [33m3[39m nodes
[Graph3D] createGraphSimulation called: { hasObjectManager: [33mtrue[39m, hasScene: [33mtrue[39m, nodeCount: [33m3[39m, linkCount: [33m1[39m }
[Graph3D] Clearing existing objects...
[Graph3D] Calling createSimulation...
[Graph3D] Simulation created, setting up event handlers...
[Graph3D] Data changed: {
  nodesLen: [33m3[39m,
  linksLen: [33m1[39m,
  key: [33m1776869852380[39m,
  timestamp: [33m1776869851377[39m
}
[Graph3D] Creating simulation: [33m3[39m nodes
[Graph3D] createGraphSimulation called: { hasObjectManager: [33mtrue[39m, hasScene: [33mtrue[39m, nodeCount: [33m3[39m, linkCount: [33m1[39m }
[Graph3D] Clearing existing objects...
[Graph3D] Calling createSimulation...
[Graph3D] Simulation created, setting up event handlers...
[Graph3D] Data changed: {
  nodesLen: [33m3[39m,
  linksLen: [33m1[39m,
  key: [33m1776869852392[39m,
  timestamp: [33m1776869851389[39m
}
[Graph3D] Creating simulation: [33m3[39m nodes
[Graph3D] createGraphSimulation called: { hasObjectManager: [33mtrue[39m, hasScene: [33mtrue[39m, nodeCount: [33m3[39m, linkCount: [33m1[39m }
[Graph3D] Clearing existing objects...
[Graph3D] Calling createSimulation...
[Graph3D] Simulation created, setting up event handlers...
[Graph3D] Data changed: {
  nodesLen: [33m3[39m,
  linksLen: [33m1[39m,
  key: [33m1776869852409[39m,
  timestamp: [33m1776869851406[39m
}
[Graph3D] Creating simulation: [33m3[39m nodes
[Graph3D] createGraphSimulation called: { hasObjectManager: [33mtrue[39m, hasScene: [33mtrue[39m, nodeCount: [33m3[39m, linkCount: [33m1[39m }
[Graph3D] Clearing existing objects...
[Graph3D] Calling createSimulation...
[Graph3D] Simulation created, setting up event handlers...
[Graph3D] Data changed: {
  nodesLen: [33m3[39m,
  linksLen: [33m1[39m,
  key: [33m1776869852421[39m,
  timestamp: [33m1776869851418[39m
}
[Graph3D] Creating simulation: [33m3[39m nodes
[Graph3D] createGraphSimulation called: { hasObjectManager: [33mtrue[39m, hasScene: [33mtrue[39m, nodeCount: [33m3[39m, linkCount: [33m1[39m }
[Graph3D] Clearing existing objects...
[Graph3D] Calling createSimulation...
[Graph3D] Simulation created, setting up event handlers...
[Graph3D] Data changed: {
  nodesLen: [33m3[39m,
  linksLen: [33m1[39m,
  key: [33m1776869852433[39m,
  timestamp: [33m1776869851430[39m
}
[Graph3D] Creating simulation: [33m3[39m nodes
[Graph3D] createGraphSimulation called: { hasObjectManager: [33mtrue[39m, hasScene: [33mtrue[39m, nodeCount: [33m3[39m, linkCount: [33m1[39m }
[Graph3D] Clearing existing objects...
[Graph3D] Calling createSimulation...
[Graph3D] Simulation created, setting up event handlers...
[Graph3D] Data changed: {
  nodesLen: [33m3[39m,
  linksLen: [33m1[39m,
  key: [33m1776869852447[39m,
  timestamp: [33m1776869851444[39m
}
[Graph3D] Creating simulation: [33m3[39m nodes
[Graph3D] createGraphSimulation called: { hasObjectManager: [33mtrue[39m, hasScene: [33mtrue[39m, nodeCount: [33m3[39m, linkCount: [33m1[39m }
[Graph3D] Clearing existing objects...
[Graph3D] Calling createSimulation...
[Graph3D] Simulation created, setting up event handlers...
[Graph3D] Data changed: {
  nodesLen: [33m3[39m,
  linksLen: [33m1[39m,
  key: [33m1776869852457[39m,
  timestamp: [33m1776869851454[39m
}
[Graph3D] Creating simulation: [33m3[39m nodes
[Graph3D] createGraphSimulation called: { hasObjectManager: [33mtrue[39m, hasScene: [33mtrue[39m, nodeCount: [33m3[39m, linkCount: [33m1[39m }
[Graph3D] Clearing existing objects...
[Graph3D] Calling createSimulation...
[Graph3D] Simulation created, setting up event handlers...
[Graph3D] Data changed: {
  nodesLen: [33m3[39m,
  linksLen: [33m1[39m,
  key: [33m1776869852471[39m,
  timestamp: [33m1776869851468[39m
}
[Graph3D] Creating simulation: [33m3[39m nodes
[Graph3D] createGraphSimulation called: { hasObjectManager: [33mtrue[39m, hasScene: [33mtrue[39m, nodeCount: [33m3[39m, linkCount: [33m1[39m }
[Graph3D] Clearing existing objects...
[Graph3D] Calling createSimulation...
[Graph3D] Simulation created, setting up event handlers...
[Graph3D] Data changed: {
  nodesLen: [33m3[39m,
  linksLen: [33m1[39m,
  key: [33m1776869852483[39m,
  timestamp: [33m1776869851480[39m
}
[Graph3D] Creating simulation: [33m3[39m nodes
[Graph3D] createGraphSimulation called: { hasObjectManager: [33mtrue[39m, hasScene: [33mtrue[39m, nodeCount: [33m3[39m, linkCount: [33m1[39m }
[Graph3D] Clearing existing objects...
[Graph3D] Calling createSimulation...
[Graph3D] Simulation created, setting up event handlers...
[Graph3D] Data changed: {
  nodesLen: [33m3[39m,
  linksLen: [33m1[39m,
  key: [33m1776869852496[39m,
  timestamp: [33m1776869851493[39m
}
[Graph3D] Creating simulation: [33m3[39m nodes
[Graph3D] createGraphSimulation called: { hasObjectManager: [33mtrue[39m, hasScene: [33mtrue[39m, nodeCount: [33m3[39m, linkCount: [33m1[39m }
[Graph3D] Clearing existing objects...
[Graph3D] Calling createSimulation...
[Graph3D] Simulation created, setting up event handlers...
[Graph3D] Data changed: {
  nodesLen: [33m3[39m,
  linksLen: [33m1[39m,
  key: [33m1776869852509[39m,
  timestamp: [33m1776869851506[39m
}
[Graph3D] Creating simulation: [33m3[39m nodes
[Graph3D] createGraphSimulation called: { hasObjectManager: [33mtrue[39m, hasScene: [33mtrue[39m, nodeCount: [33m3[39m, linkCount: [33m1[39m }
[Graph3D] Clearing existing objects...
[Graph3D] Calling createSimulation...
[Graph3D] Simulation created, setting up event handlers...
[Graph3D] Data changed: {
  nodesLen: [33m3[39m,
  linksLen: [33m1[39m,
  key: [33m1776869852520[39m,
  timestamp: [33m1776869851517[39m
}
[Graph3D] Creating simulation: [33m3[39m nodes
[Graph3D] createGraphSimulation called: { hasObjectManager: [33mtrue[39m, hasScene: [33mtrue[39m, nodeCount: [33m3[39m, linkCount: [33m1[39m }
[Graph3D] Clearing existing objects...
[Graph3D] Calling createSimulation...
[Graph3D] Simulation created, setting up event handlers...
[Graph3D] Data changed: {
  nodesLen: [33m3[39m,
  linksLen: [33m1[39m,
  key: [33m1776869852535[39m,
  timestamp: [33m1776869851532[39m
}
[Graph3D] Creating simulation: [33m3[39m nodes
[Graph3D] createGraphSimulation called: { hasObjectManager: [33mtrue[39m, hasScene: [33mtrue[39m, nodeCount: [33m3[39m, linkCount: [33m1[39m }
[Graph3D] Clearing existing objects...
[Graph3D] Calling createSimulation...
[Graph3D] Simulation created, setting up event handlers...
[Graph3D] Data changed: {
  nodesLen: [33m3[39m,
  linksLen: [33m1[39m,
  key: [33m1776869852546[39m,
  timestamp: [33m1776869851543[39m
}
[Graph3D] Creating simulation: [33m3[39m nodes
[Graph3D] createGraphSimulation called: { hasObjectManager: [33mtrue[39m, hasScene: [33mtrue[39m, nodeCount: [33m3[39m, linkCount: [33m1[39m }
[Graph3D] Clearing existing objects...
[Graph3D] Calling createSimulation...
[Graph3D] Simulation created, setting up event handlers...
[Graph3D] Data changed: {
  nodesLen: [33m3[39m,
  linksLen: [33m1[39m,
  key: [33m1776869852557[39m,
  timestamp: [33m1776869851554[39m
}
[Graph3D] Creating simulation: [33m3[39m nodes
[Graph3D] createGraphSimulation called: { hasObjectManager: [33mtrue[39m, hasScene: [33mtrue[39m, nodeCount: [33m3[39m, linkCount: [33m1[39m }
[Graph3D] Clearing existing objects...
[Graph3D] Calling createSimulation...
[Graph3D] Simulation created, setting up event handlers...
[Graph3D] Data changed: {
  nodesLen: [33m3[39m,
  linksLen: [33m1[39m,
  key: [33m1776869852571[39m,
  timestamp: [33m1776869851568[39m
}
[Graph3D] Creating simulation: [33m3[39m nodes
[Graph3D] createGraphSimulation called: { hasObjectManager: [33mtrue[39m, hasScene: [33mtrue[39m, nodeCount: [33m3[39m, linkCount: [33m1[39m }
[Graph3D] Clearing existing objects...
[Graph3D] Calling createSimulation...
[Graph3D] Simulation created, setting up event handlers...
[Graph3D] Data changed: {
  nodesLen: [33m3[39m,
  linksLen: [33m1[39m,
  key: [33m1776869852584[39m,
  timestamp: [33m1776869851581[39m
}
[Graph3D] Creating simulation: [33m3[39m nodes
[Graph3D] createGraphSimulation called: { hasObjectManager: [33mtrue[39m, hasScene: [33mtrue[39m, nodeCount: [33m3[39m, linkCount: [33m1[39m }
[Graph3D] Clearing existing objects...
[Graph3D] Calling createSimulation...
[Graph3D] Simulation created, setting up event handlers...
[Graph3D] Data changed: {
  nodesLen: [33m3[39m,
  linksLen: [33m1[39m,
  key: [33m1776869852598[39m,
  timestamp: [33m1776869851595[39m
}
[Graph3D] Creating simulation: [33m3[39m nodes
[Graph3D] createGraphSimulation called: { hasObjectManager: [33mtrue[39m, hasScene: [33mtrue[39m, nodeCount: [33m3[39m, linkCount: [33m1[39m }
[Graph3D] Clearing existing objects...
[Graph3D] Calling createSimulation...
[Graph3D] Simulation created, setting up event handlers...
[Graph3D] Data changed: {
  nodesLen: [33m3[39m,
  linksLen: [33m1[39m,
  key: [33m1776869852607[39m,
  timestamp: [33m1776869851604[39m
}
[Graph3D] Creating simulation: [33m3[39m nodes
[Graph3D] createGraphSimulation called: { hasObjectManager: [33mtrue[39m, hasScene: [33mtrue[39m, nodeCount: [33m3[39m, linkCount: [33m1[39m }
[Graph3D] Clearing existing objects...
[Graph3D] Calling createSimulation...
[Graph3D] Simulation created, setting up event handlers...
[Graph3D] Data changed: {
  nodesLen: [33m3[39m,
  linksLen: [33m1[39m,
  key: [33m1776869852622[39m,
  timestamp: [33m1776869851619[39m
}
[Graph3D] Creating simulation: [33m3[39m nodes
[Graph3D] createGraphSimulation called: { hasObjectManager: [33mtrue[39m, hasScene: [33mtrue[39m, nodeCount: [33m3[39m, linkCount: [33m1[39m }
[Graph3D] Clearing existing objects...
[Graph3D] Calling createSimulation...
[Graph3D] Simulation created, setting up event handlers...
[Graph3D] Data changed: {
  nodesLen: [33m3[39m,
  linksLen: [33m1[39m,
  key: [33m1776869852634[39m,
  timestamp: [33m1776869851631[39m
}
[Graph3D] Creating simulation: [33m3[39m nodes
[Graph3D] createGraphSimulation called: { hasObjectManager: [33mtrue[39m, hasScene: [33mtrue[39m, nodeCount: [33m3[39m, linkCount: [33m1[39m }
[Graph3D] Clearing existing objects...
[Graph3D] Calling createSimulation...
[Graph3D] Simulation created, setting up event handlers...
[Graph3D] Data changed: {
  nodesLen: [33m3[39m,
  linksLen: [33m1[39m,
  key: [33m1776869852649[39m,
  timestamp: [33m1776869851646[39m
}
[Graph3D] Creating simulation: [33m3[39m nodes
[Graph3D] createGraphSimulation called: { hasObjectManager: [33mtrue[39m, hasScene: [33mtrue[39m, nodeCount: [33m3[39m, linkCount: [33m1[39m }
[Graph3D] Clearing existing objects...
[Graph3D] Calling createSimulation...
[Graph3D] Simulation created, setting up event handlers...
[Graph3D] Data changed: {
  nodesLen: [33m3[39m,
  linksLen: [33m1[39m,
  key: [33m1776869852659[39m,
  timestamp: [33m1776869851656[39m
}
[Graph3D] Creating simulation: [33m3[39m nodes
[Graph3D] createGraphSimulation called: { hasObjectManager: [33mtrue[39m, hasScene: [33mtrue[39m, nodeCount: [33m3[39m, linkCount: [33m1[39m }
[Graph3D] Clearing existing objects...
[Graph3D] Calling createSimulation...
[Graph3D] Simulation created, setting up event handlers...
[Graph3D] Data changed: {
  nodesLen: [33m3[39m,
  linksLen: [33m1[39m,
  key: [33m1776869852671[39m,
  timestamp: [33m1776869851668[39m
}
[Graph3D] Creating simulation: [33m3[39m nodes
[Graph3D] createGraphSimulation called: { hasObjectManager: [33mtrue[39m, hasScene: [33mtrue[39m, nodeCount: [33m3[39m, linkCount: [33m1[39m }
[Graph3D] Clearing existing objects...
[Graph3D] Calling createSimulation...
[Graph3D] Simulation created, setting up event handlers...
[Graph3D] Data changed: {
  nodesLen: [33m3[39m,
  linksLen: [33m1[39m,
  key: [33m1776869852685[39m,
  timestamp: [33m1776869851682[39m
}
[Graph3D] Creating simulation: [33m3[39m nodes
[Graph3D] createGraphSimulation called: { hasObjectManager: [33mtrue[39m, hasScene: [33mtrue[39m, nodeCount: [33m3[39m, linkCount: [33m1[39m }
[Graph3D] Clearing existing objects...
[Graph3D] Calling createSimulation...
[Graph3D] Simulation created, setting up event handlers...
[Graph3D] Data changed: {
  nodesLen: [33m3[39m,
  linksLen: [33m1[39m,
  key: [33m1776869852698[39m,
  timestamp: [33m1776869851695[39m
}
[Graph3D] Creating simulation: [33m3[39m nodes
[Graph3D] createGraphSimulation called: { hasObjectManager: [33mtrue[39m, hasScene: [33mtrue[39m, nodeCount: [33m3[39m, linkCount: [33m1[39m }
[Graph3D] Clearing existing objects...
[Graph3D] Calling createSimulation...
[Graph3D] Simulation created, setting up event handlers...
[Graph3D] Data changed: {
  nodesLen: [33m3[39m,
  linksLen: [33m1[39m,
  key: [33m1776869852713[39m,
  timestamp: [33m1776869851710[39m
}
[Graph3D] Creating simulation: [33m3[39m nodes
[Graph3D] createGraphSimulation called: { hasObjectManager: [33mtrue[39m, hasScene: [33mtrue[39m, nodeCount: [33m3[39m, linkCount: [33m1[39m }
[Graph3D] Clearing existing objects...
[Graph3D] Calling createSimulation...
[Graph3D] Simulation created, setting up event handlers...
[Graph3D] Data changed: {
  nodesLen: [33m3[39m,
  linksLen: [33m1[39m,
  key: [33m1776869852724[39m,
  timestamp: [33m1776869851721[39m
}
[Graph3D] Creating simulation: [33m3[39m nodes
[Graph3D] createGraphSimulation called: { hasObjectManager: [33mtrue[39m, hasScene: [33mtrue[39m, nodeCount: [33m3[39m, linkCount: [33m1[39m }
[Graph3D] Clearing existing objects...
[Graph3D] Calling createSimulation...
[Graph3D] Simulation created, setting up event handlers...
[Graph3D] Data changed: {
  nodesLen: [33m3[39m,
  linksLen: [33m1[39m,
  key: [33m1776869852740[39m,
  timestamp: [33m1776869851737[39m
}
[Graph3D] Creating simulation: [33m3[39m nodes
[Graph3D] createGraphSimulation called: { hasObjectManager: [33mtrue[39m, hasScene: [33mtrue[39m, nodeCount: [33m3[39m, linkCount: [33m1[39m }
[Graph3D] Clearing existing objects...
[Graph3D] Calling createSimulation...
[Graph3D] Simulation created, setting up event handlers...
[Graph3D] Data changed: {
  nodesLen: [33m3[39m,
  linksLen: [33m1[39m,
  key: [33m1776869852756[39m,
  timestamp: [33m1776869851753[39m
}
[Graph3D] Creating simulation: [33m3[39m nodes
[Graph3D] createGraphSimulation called: { hasObjectManager: [33mtrue[39m, hasScene: [33mtrue[39m, nodeCount: [33m3[39m, linkCount: [33m1[39m }
[Graph3D] Clearing existing objects...
[Graph3D] Calling createSimulation...
[Graph3D] Simulation created, setting up event handlers...
[Graph3D] Data changed: {
  nodesLen: [33m3[39m,
  linksLen: [33m1[39m,
  key: [33m1776869852771[39m,
  timestamp: [33m1776869851768[39m
}
[Graph3D] Creating simulation: [33m3[39m nodes
[Graph3D] createGraphSimulation called: { hasObjectManager: [33mtrue[39m, hasScene: [33mtrue[39m, nodeCount: [33m3[39m, linkCount: [33m1[39m }
[Graph3D] Clearing existing objects...
[Graph3D] Calling createSimulation...
[Graph3D] Simulation created, setting up event handlers...
[Graph3D] Data changed: {
  nodesLen: [33m3[39m,
  linksLen: [33m1[39m,
  key: [33m1776869852784[39m,
  timestamp: [33m1776869851781[39m
}
[Graph3D] Creating simulation: [33m3[39m nodes
[Graph3D] createGraphSimulation called: { hasObjectManager: [33mtrue[39m, hasScene: [33mtrue[39m, nodeCount: [33m3[39m, linkCount: [33m1[39m }
[Graph3D] Clearing existing objects...
[Graph3D] Calling createSimulation...
[Graph3D] Simulation created, setting up event handlers...
[Graph3D] Data changed: {
  nodesLen: [33m3[39m,
  linksLen: [33m1[39m,
  key: [33m1776869852799[39m,
  timestamp: [33m1776869851796[39m
}
[Graph3D] Creating simulation: [33m3[39m nodes
[Graph3D] createGraphSimulation called: { hasObjectManager: [33mtrue[39m, hasScene: [33mtrue[39m, nodeCount: [33m3[39m, linkCount: [33m1[39m }
[Graph3D] Clearing existing objects...
[Graph3D] Calling createSimulation...
[Graph3D] Simulation created, setting up event handlers...
[Graph3D] Data changed: {
  nodesLen: [33m3[39m,
  linksLen: [33m1[39m,
  key: [33m1776869852814[39m,
  timestamp: [33m1776869851811[39m
}
[Graph3D] Creating simulation: [33m3[39m nodes
[Graph3D] createGraphSimulation called: { hasObjectManager: [33mtrue[39m, hasScene: [33mtrue[39m, nodeCount: [33m3[39m, linkCount: [33m1[39m }
[Graph3D] Clearing existing objects...
[Graph3D] Calling createSimulation...
[Graph3D] Simulation created, setting up event handlers...
[Graph3D] Data changed: {
  nodesLen: [33m3[39m,
  linksLen: [33m1[39m,
  key: [33m1776869852831[39m,
  timestamp: [33m1776869851828[39m
}
[Graph3D] Creating simulation: [33m3[39m nodes
[Graph3D] createGraphSimulation called: { hasObjectManager: [33mtrue[39m, hasScene: [33mtrue[39m, nodeCount: [33m3[39m, linkCount: [33m1[39m }
[Graph3D] Clearing existing objects...
[Graph3D] Calling createSimulation...
[Graph3D] Simulation created, setting up event handlers...
[Graph3D] Data changed: {
  nodesLen: [33m3[39m,
  linksLen: [33m1[39m,
  key: [33m1776869852844[39m,
  timestamp: [33m1776869851841[39m
}
[Graph3D] Creating simulation: [33m3[39m nodes
[Graph3D] createGraphSimulation called: { hasObjectManager: [33mtrue[39m, hasScene: [33mtrue[39m, nodeCount: [33m3[39m, linkCount: [33m1[39m }
[Graph3D] Clearing existing objects...
[Graph3D] Calling createSimulation...
[Graph3D] Simulation created, setting up event handlers...
[Graph3D] Data changed: {
  nodesLen: [33m3[39m,
  linksLen: [33m1[39m,
  key: [33m1776869852861[39m,
  timestamp: [33m1776869851858[39m
}
[Graph3D] Creating simulation: [33m3[39m nodes
[Graph3D] createGraphSimulation called: { hasObjectManager: [33mtrue[39m, hasScene: [33mtrue[39m, nodeCount: [33m3[39m, linkCount: [33m1[39m }
[Graph3D] Clearing existing objects...
[Graph3D] Calling createSimulation...
[Graph3D] Simulation created, setting up event handlers...
[Graph3D] Data changed: {
  nodesLen: [33m3[39m,
  linksLen: [33m1[39m,
  key: [33m1776869852877[39m,
  timestamp: [33m1776869851874[39m
}
[Graph3D] Creating simulation: [33m3[39m nodes
[Graph3D] createGraphSimulation called: { hasObjectManager: [33mtrue[39m, hasScene: [33mtrue[39m, nodeCount: [33m3[39m, linkCount: [33m1[39m }
[Graph3D] Clearing existing objects...
[Graph3D] Calling createSimulation...
[Graph3D] Simulation created, setting up event handlers...
[Graph3D] Data changed: {
  nodesLen: [33m3[39m,
  linksLen: [33m1[39m,
  key: [33m1776869852900[39m,
  timestamp: [33m1776869851897[39m
}
[Graph3D] Creating simulation: [33m3[39m nodes
[Graph3D] createGraphSimulation called: { hasObjectManager: [33mtrue[39m, hasScene: [33mtrue[39m, nodeCount: [33m3[39m, linkCount: [33m1[39m }
[Graph3D] Clearing existing objects...
[Graph3D] Calling createSimulation...
[Graph3D] Simulation created, setting up event handlers...
[Graph3D] Data changed: {
  nodesLen: [33m3[39m,
  linksLen: [33m1[39m,
  key: [33m1776869852916[39m,
  timestamp: [33m1776869851913[39m
}
[Graph3D] Creating simulation: [33m3[39m nodes
[Graph3D] createGraphSimulation called: { hasObjectManager: [33mtrue[39m, hasScene: [33mtrue[39m, nodeCount: [33m3[39m, linkCount: [33m1[39m }
[Graph3D] Clearing existing objects...
[Graph3D] Calling createSimulation...
[Graph3D] Simulation created, setting up event handlers...
[Graph3D] Data changed: {
  nodesLen: [33m3[39m,
  linksLen: [33m1[39m,
  key: [33m1776869852938[39m,
  timestamp: [33m1776869851935[39m
}
[Graph3D] Creating simulation: [33m3[39m nodes
[Graph3D] createGraphSimulation called: { hasObjectManager: [33mtrue[39m, hasScene: [33mtrue[39m, nodeCount: [33m3[39m, linkCount: [33m1[39m }
[Graph3D] Clearing existing objects...
[Graph3D] Calling createSimulation...
[Graph3D] Simulation created, setting up event handlers...
[Graph3D] Data changed: {
  nodesLen: [33m3[39m,
  linksLen: [33m1[39m,
  key: [33m1776869852951[39m,
  timestamp: [33m1776869851948[39m
}
[Graph3D] Creating simulation: [33m3[39m nodes
[Graph3D] createGraphSimulation called: { hasObjectManager: [33mtrue[39m, hasScene: [33mtrue[39m, nodeCount: [33m3[39m, linkCount: [33m1[39m }
[Graph3D] Clearing existing objects...
[Graph3D] Calling createSimulation...
[Graph3D] Simulation created, setting up event handlers...
[Graph3D] Data changed: {
  nodesLen: [33m3[39m,
  linksLen: [33m1[39m,
  key: [33m1776869852969[39m,
  timestamp: [33m1776869851966[39m
}
[Graph3D] Creating simulation: [33m3[39m nodes
[Graph3D] createGraphSimulation called: { hasObjectManager: [33mtrue[39m, hasScene: [33mtrue[39m, nodeCount: [33m3[39m, linkCount: [33m1[39m }
[Graph3D] Clearing existing objects...
[Graph3D] Calling createSimulation...
[Graph3D] Simulation created, setting up event handlers...
[Graph3D] Data changed: {
  nodesLen: [33m3[39m,
  linksLen: [33m1[39m,
  key: [33m1776869852990[39m,
  timestamp: [33m1776869851987[39m
}
[Graph3D] Creating simulation: [33m3[39m nodes
[Graph3D] createGraphSimulation called: { hasObjectManager: [33mtrue[39m, hasScene: [33mtrue[39m, nodeCount: [33m3[39m, linkCount: [33m1[39m }
[Graph3D] Clearing existing objects...
[Graph3D] Calling createSimulation...
[Graph3D] Simulation created, setting up event handlers...
[Graph3D] Data changed: {
  nodesLen: [33m3[39m,
  linksLen: [33m1[39m,
  key: [33m1776869853004[39m,
  timestamp: [33m1776869852001[39m
}
[Graph3D] Creating simulation: [33m3[39m nodes
[Graph3D] createGraphSimulation called: { hasObjectManager: [33mtrue[39m, hasScene: [33mtrue[39m, nodeCount: [33m3[39m, linkCount: [33m1[39m }
[Graph3D] Clearing existing objects...
[Graph3D] Calling createSimulation...
[Graph3D] Simulation created, setting up event handlers...
[Graph3D] Data changed: {
  nodesLen: [33m3[39m,
  linksLen: [33m1[39m,
  key: [33m1776869853020[39m,
  timestamp: [33m1776869852017[39m
}
[Graph3D] Creating simulation: [33m3[39m nodes
[Graph3D] createGraphSimulation called: { hasObjectManager: [33mtrue[39m, hasScene: [33mtrue[39m, nodeCount: [33m3[39m, linkCount: [33m1[39m }
[Graph3D] Clearing existing objects...
[Graph3D] Calling createSimulation...
[Graph3D] Simulation created, setting up event handlers...
[Graph3D] Data changed: {
  nodesLen: [33m3[39m,
  linksLen: [33m1[39m,
  key: [33m1776869853034[39m,
  timestamp: [33m1776869852031[39m
}
[Graph3D] Creating simulation: [33m3[39m nodes
[Graph3D] createGraphSimulation called: { hasObjectManager: [33mtrue[39m, hasScene: [33mtrue[39m, nodeCount: [33m3[39m, linkCount: [33m1[39m }
[Graph3D] Clearing existing objects...
[Graph3D] Calling createSimulation...
[Graph3D] Simulation created, setting up event handlers...
[Graph3D] Data changed: {
  nodesLen: [33m3[39m,
  linksLen: [33m1[39m,
  key: [33m1776869853053[39m,
  timestamp: [33m1776869852050[39m
}
[Graph3D] Creating simulation: [33m3[39m nodes
[Graph3D] createGraphSimulation called: { hasObjectManager: [33mtrue[39m, hasScene: [33mtrue[39m, nodeCount: [33m3[39m, linkCount: [33m1[39m }
[Graph3D] Clearing existing objects...
[Graph3D] Calling createSimulation...
[Graph3D] Simulation created, setting up event handlers...
[Graph3D] Data changed: {
  nodesLen: [33m3[39m,
  linksLen: [33m1[39m,
  key: [33m1776869853068[39m,
  timestamp: [33m1776869852065[39m
}
[Graph3D] Creating simulation: [33m3[39m nodes
[Graph3D] createGraphSimulation called: { hasObjectManager: [33mtrue[39m, hasScene: [33mtrue[39m, nodeCount: [33m3[39m, linkCount: [33m1[39m }
[Graph3D] Clearing existing objects...
[Graph3D] Calling createSimulation...
[Graph3D] Simulation created, setting up event handlers...
[Graph3D] Data changed: {
  nodesLen: [33m3[39m,
  linksLen: [33m1[39m,
  key: [33m1776869853084[39m,
  timestamp: [33m1776869852081[39m
}
[Graph3D] Creating simulation: [33m3[39m nodes
[Graph3D] createGraphSimulation called: { hasObjectManager: [33mtrue[39m, hasScene: [33mtrue[39m, nodeCount: [33m3[39m, linkCount: [33m1[39m }
[Graph3D] Clearing existing objects...
[Graph3D] Calling createSimulation...
[Graph3D] Simulation created, setting up event handlers...
[Graph3D] Data changed: {
  nodesLen: [33m3[39m,
  linksLen: [33m1[39m,
  key: [33m1776869853097[39m,
  timestamp: [33m1776869852094[39m
}
[Graph3D] Creating simulation: [33m3[39m nodes
[Graph3D] createGraphSimulation called: { hasObjectManager: [33mtrue[39m, hasScene: [33mtrue[39m, nodeCount: [33m3[39m, linkCount: [33m1[39m }
[Graph3D] Clearing existing objects...
[Graph3D] Calling createSimulation...
[Graph3D] Simulation created, setting up event handlers...
[Graph3D] Data changed: {
  nodesLen: [33m3[39m,
  linksLen: [33m1[39m,
  key: [33m1776869853113[39m,
  timestamp: [33m1776869852110[39m
}
[Graph3D] Creating simulation: [33m3[39m nodes
[Graph3D] createGraphSimulation called: { hasObjectManager: [33mtrue[39m, hasScene: [33mtrue[39m, nodeCount: [33m3[39m, linkCount: [33m1[39m }
[Graph3D] Clearing existing objects...
[Graph3D] Calling createSimulation...
[Graph3D] Simulation created, setting up event handlers...
[Graph3D] Data changed: {
  nodesLen: [33m3[39m,
  linksLen: [33m1[39m,
  key: [33m1776869853130[39m,
  timestamp: [33m1776869852127[39m
}
[Graph3D] Creating simulation: [33m3[39m nodes
[Graph3D] createGraphSimulation called: { hasObjectManager: [33mtrue[39m, hasScene: [33mtrue[39m, nodeCount: [33m3[39m, linkCount: [33m1[39m }
[Graph3D] Clearing existing objects...
[Graph3D] Calling createSimulation...
[Graph3D] Simulation created, setting up event handlers...
[Graph3D] Data changed: {
  nodesLen: [33m3[39m,
  linksLen: [33m1[39m,
  key: [33m1776869853143[39m,
  timestamp: [33m1776869852140[39m
}
[Graph3D] Creating simulation: [33m3[39m nodes
[Graph3D] createGraphSimulation called: { hasObjectManager: [33mtrue[39m, hasScene: [33mtrue[39m, nodeCount: [33m3[39m, linkCount: [33m1[39m }
[Graph3D] Clearing existing objects...
[Graph3D] Calling createSimulation...
[Graph3D] Simulation created, setting up event handlers...
[Graph3D] Data changed: {
  nodesLen: [33m3[39m,
  linksLen: [33m1[39m,
  key: [33m1776869853160[39m,
  timestamp: [33m1776869852157[39m
}
[Graph3D] Creating simulation: [33m3[39m nodes
[Graph3D] createGraphSimulation called: { hasObjectManager: [33mtrue[39m, hasScene: [33mtrue[39m, nodeCount: [33m3[39m, linkCount: [33m1[39m }
[Graph3D] Clearing existing objects...
[Graph3D] Calling createSimulation...
[Graph3D] Simulation created, setting up event handlers...
[Graph3D] Data changed: {
  nodesLen: [33m3[39m,
  linksLen: [33m1[39m,
  key: [33m1776869853178[39m,
  timestamp: [33m1776869852175[39m
}
[Graph3D] Creating simulation: [33m3[39m nodes
[Graph3D] createGraphSimulation called: { hasObjectManager: [33mtrue[39m, hasScene: [33mtrue[39m, nodeCount: [33m3[39m, linkCount: [33m1[39m }
[Graph3D] Clearing existing objects...
[Graph3D] Calling createSimulation...
[Graph3D] Simulation created, setting up event handlers...
[Graph3D] Data changed: {
  nodesLen: [33m3[39m,
  linksLen: [33m1[39m,
  key: [33m1776869853197[39m,
  timestamp: [33m1776869852194[39m
}
[Graph3D] Creating simulation: [33m3[39m nodes
[Graph3D] createGraphSimulation called: { hasObjectManager: [33mtrue[39m, hasScene: [33mtrue[39m, nodeCount: [33m3[39m, linkCount: [33m1[39m }
[Graph3D] Clearing existing objects...
[Graph3D] Calling createSimulation...
[Graph3D] Simulation created, setting up event handlers...
[Graph3D] Data changed: {
  nodesLen: [33m3[39m,
  linksLen: [33m1[39m,
  key: [33m1776869853210[39m,
  timestamp: [33m1776869852207[39m
}
[Graph3D] Creating simulation: [33m3[39m nodes
[Graph3D] createGraphSimulation called: { hasObjectManager: [33mtrue[39m, hasScene: [33mtrue[39m, nodeCount: [33m3[39m, linkCount: [33m1[39m }
[Graph3D] Clearing existing objects...
[Graph3D] Calling createSimulation...
[Graph3D] Simulation created, setting up event handlers...
[Graph3D] Data changed: {
  nodesLen: [33m3[39m,
  linksLen: [33m1[39m,
  key: [33m1776869853228[39m,
  timestamp: [33m1776869852225[39m
}
[Graph3D] Creating simulation: [33m3[39m nodes
[Graph3D] createGraphSimulation called: { hasObjectManager: [33mtrue[39m, hasScene: [33mtrue[39m, nodeCount: [33m3[39m, linkCount: [33m1[39m }
[Graph3D] Clearing existing objects...
[Graph3D] Calling createSimulation...
[Graph3D] Simulation created, setting up event handlers...
[Graph3D] Data changed: {
  nodesLen: [33m3[39m,
  linksLen: [33m1[39m,
  key: [33m1776869853244[39m,
  timestamp: [33m1776869852241[39m
}
[Graph3D] Creating simulation: [33m3[39m nodes
[Graph3D] createGraphSimulation called: { hasObjectManager: [33mtrue[39m, hasScene: [33mtrue[39m, nodeCount: [33m3[39m, linkCount: [33m1[39m }
[Graph3D] Clearing existing objects...
[Graph3D] Calling createSimulation...
[Graph3D] Simulation created, setting up event handlers...
[Graph3D] Data changed: {
  nodesLen: [33m3[39m,
  linksLen: [33m1[39m,
  key: [33m1776869853261[39m,
  timestamp: [33m1776869852258[39m
}
[Graph3D] Creating simulation: [33m3[39m nodes
[Graph3D] createGraphSimulation called: { hasObjectManager: [33mtrue[39m, hasScene: [33mtrue[39m, nodeCount: [33m3[39m, linkCount: [33m1[39m }
[Graph3D] Clearing existing objects...
[Graph3D] Calling createSimulation...
[Graph3D] Simulation created, setting up event handlers...
[Graph3D] Data changed: {
  nodesLen: [33m3[39m,
  linksLen: [33m1[39m,
  key: [33m1776869853281[39m,
  timestamp: [33m1776869852278[39m
}
[Graph3D] Creating simulation: [33m3[39m nodes
[Graph3D] createGraphSimulation called: { hasObjectManager: [33mtrue[39m, hasScene: [33mtrue[39m, nodeCount: [33m3[39m, linkCount: [33m1[39m }
[Graph3D] Clearing existing objects...
[Graph3D] Calling createSimulation...
[Graph3D] Simulation created, setting up event handlers...
[Graph3D] Data changed: {
  nodesLen: [33m3[39m,
  linksLen: [33m1[39m,
  key: [33m1776869853296[39m,
  timestamp: [33m1776869852293[39m
}
[Graph3D] Creating simulation: [33m3[39m nodes
[Graph3D] createGraphSimulation called: { hasObjectManager: [33mtrue[39m, hasScene: [33mtrue[39m, nodeCount: [33m3[39m, linkCount: [33m1[39m }
[Graph3D] Clearing existing objects...
[Graph3D] Calling createSimulation...
[Graph3D] Simulation created, setting up event handlers...
[Graph3D] Data changed: {
  nodesLen: [33m3[39m,
  linksLen: [33m1[39m,
  key: [33m1776869853315[39m,
  timestamp: [33m1776869852312[39m
}
[Graph3D] Creating simulation: [33m3[39m nodes
[Graph3D] createGraphSimulation called: { hasObjectManager: [33mtrue[39m, hasScene: [33mtrue[39m, nodeCount: [33m3[39m, linkCount: [33m1[39m }
[Graph3D] Clearing existing objects...
[Graph3D] Calling createSimulation...
[Graph3D] Simulation created, setting up event handlers...
[Graph3D] Data changed: {
  nodesLen: [33m3[39m,
  linksLen: [33m1[39m,
  key: [33m1776869853333[39m,
  timestamp: [33m1776869852330[39m
}
[Graph3D] Creating simulation: [33m3[39m nodes
[Graph3D] createGraphSimulation called: { hasObjectManager: [33mtrue[39m, hasScene: [33mtrue[39m, nodeCount: [33m3[39m, linkCount: [33m1[39m }
[Graph3D] Clearing existing objects...
[Graph3D] Calling createSimulation...
[Graph3D] Simulation created, setting up event handlers...
[Graph3D] Data changed: {
  nodesLen: [33m3[39m,
  linksLen: [33m1[39m,
  key: [33m1776869853351[39m,
  timestamp: [33m1776869852348[39m
}
[Graph3D] Creating simulation: [33m3[39m nodes
[Graph3D] createGraphSimulation called: { hasObjectManager: [33mtrue[39m, hasScene: [33mtrue[39m, nodeCount: [33m3[39m, linkCount: [33m1[39m }
[Graph3D] Clearing existing objects...
[Graph3D] Calling createSimulation...
[Graph3D] Simulation created, setting up event handlers...
[Graph3D] Data changed: {
  nodesLen: [33m3[39m,
  linksLen: [33m1[39m,
  key: [33m1776869853373[39m,
  timestamp: [33m1776869852370[39m
}
[Graph3D] Creating simulation: [33m3[39m nodes
[Graph3D] createGraphSimulation called: { hasObjectManager: [33mtrue[39m, hasScene: [33mtrue[39m, nodeCount: [33m3[39m, linkCount: [33m1[39m }
[Graph3D] Clearing existing objects...
[Graph3D] Calling createSimulation...
[Graph3D] Simulation created, setting up event handlers...
[Graph3D] Data changed: {
  nodesLen: [33m3[39m,
  linksLen: [33m1[39m,
  key: [33m1776869853393[39m,
  timestamp: [33m1776869852390[39m
}
[Graph3D] Creating simulation: [33m3[39m nodes
[Graph3D] createGraphSimulation called: { hasObjectManager: [33mtrue[39m, hasScene: [33mtrue[39m, nodeCount: [33m3[39m, linkCount: [33m1[39m }
[Graph3D] Clearing existing objects...
[Graph3D] Calling createSimulation...
[Graph3D] Simulation created, setting up event handlers...
[Graph3D] Data changed: {
  nodesLen: [33m3[39m,
  linksLen: [33m1[39m,
  key: [33m1776869853411[39m,
  timestamp: [33m1776869852408[39m
}
[Graph3D] Creating simulation: [33m3[39m nodes
[Graph3D] createGraphSimulation called: { hasObjectManager: [33mtrue[39m, hasScene: [33mtrue[39m, nodeCount: [33m3[39m, linkCount: [33m1[39m }
[Graph3D] Clearing existing objects...
[Graph3D] Calling createSimulation...
[Graph3D] Simulation created, setting up event handlers...
[Graph3D] Data changed: {
  nodesLen: [33m3[39m,
  linksLen: [33m1[39m,
  key: [33m1776869853430[39m,
  timestamp: [33m1776869852427[39m
}
[Graph3D] Creating simulation: [33m3[39m nodes
[Graph3D] createGraphSimulation called: { hasObjectManager: [33mtrue[39m, hasScene: [33mtrue[39m, nodeCount: [33m3[39m, linkCount: [33m1[39m }
[Graph3D] Clearing existing objects...
[Graph3D] Calling createSimulation...
[Graph3D] Simulation created, setting up event handlers...
[Graph3D] Data changed: {
  nodesLen: [33m3[39m,
  linksLen: [33m1[39m,
  key: [33m1776869853444[39m,
  timestamp: [33m1776869852441[39m
}
[Graph3D] Creating simulation: [33m3[39m nodes
[Graph3D] createGraphSimulation called: { hasObjectManager: [33mtrue[39m, hasScene: [33mtrue[39m, nodeCount: [33m3[39m, linkCount: [33m1[39m }
[Graph3D] Clearing existing objects...
[Graph3D] Calling createSimulation...
[Graph3D] Simulation created, setting up event handlers...
[Graph3D] Data changed: {
  nodesLen: [33m3[39m,
  linksLen: [33m1[39m,
  key: [33m1776869853462[39m,
  timestamp: [33m1776869852459[39m
}
[Graph3D] Creating simulation: [33m3[39m nodes
[Graph3D] createGraphSimulation called: { hasObjectManager: [33mtrue[39m, hasScene: [33mtrue[39m, nodeCount: [33m3[39m, linkCount: [33m1[39m }
[Graph3D] Clearing existing objects...
[Graph3D] Calling createSimulation...
[Graph3D] Simulation created, setting up event handlers...
[Graph3D] Data changed: {
  nodesLen: [33m3[39m,
  linksLen: [33m1[39m,
  key: [33m1776869853480[39m,
  timestamp: [33m1776869852477[39m
}
[Graph3D] Creating simulation: [33m3[39m nodes
[Graph3D] createGraphSimulation called: { hasObjectManager: [33mtrue[39m, hasScene: [33mtrue[39m, nodeCount: [33m3[39m, linkCount: [33m1[39m }
[Graph3D] Clearing existing objects...
[Graph3D] Calling createSimulation...
[Graph3D] Simulation created, setting up event handlers...
[Graph3D] Data changed: {
  nodesLen: [33m3[39m,
  linksLen: [33m1[39m,
  key: [33m1776869853498[39m,
  timestamp: [33m1776869852495[39m
}
[Graph3D] Creating simulation: [33m3[39m nodes
[Graph3D] createGraphSimulation called: { hasObjectManager: [33mtrue[39m, hasScene: [33mtrue[39m, nodeCount: [33m3[39m, linkCount: [33m1[39m }
[Graph3D] Clearing existing objects...
[Graph3D] Calling createSimulation...
[Graph3D] Simulation created, setting up event handlers...
[Graph3D] Data changed: {
  nodesLen: [33m3[39m,
  linksLen: [33m1[39m,
  key: [33m1776869853517[39m,
  timestamp: [33m1776869852514[39m
}
[Graph3D] Creating simulation: [33m3[39m nodes
[Graph3D] createGraphSimulation called: { hasObjectManager: [33mtrue[39m, hasScene: [33mtrue[39m, nodeCount: [33m3[39m, linkCount: [33m1[39m }
[Graph3D] Clearing existing objects...
[Graph3D] Calling createSimulation...
[Graph3D] Simulation created, setting up event handlers...
[Graph3D] Data changed: {
  nodesLen: [33m3[39m,
  linksLen: [33m1[39m,
  key: [33m1776869853537[39m,
  timestamp: [33m1776869852534[39m
}
[Graph3D] Creating simulation: [33m3[39m nodes
[Graph3D] createGraphSimulation called: { hasObjectManager: [33mtrue[39m, hasScene: [33mtrue[39m, nodeCount: [33m3[39m, linkCount: [33m1[39m }
[Graph3D] Clearing existing objects...
[Graph3D] Calling createSimulation...
[Graph3D] Simulation created, setting up event handlers...
[Graph3D] Data changed: {
  nodesLen: [33m3[39m,
  linksLen: [33m1[39m,
  key: [33m1776869853553[39m,
  timestamp: [33m1776869852550[39m
}
[Graph3D] Creating simulation: [33m3[39m nodes
[Graph3D] createGraphSimulation called: { hasObjectManager: [33mtrue[39m, hasScene: [33mtrue[39m, nodeCount: [33m3[39m, linkCount: [33m1[39m }
[Graph3D] Clearing existing objects...
[Graph3D] Calling createSimulation...
[Graph3D] Simulation created, setting up event handlers...
[Graph3D] Data changed: {
  nodesLen: [33m3[39m,
  linksLen: [33m1[39m,
  key: [33m1776869853572[39m,
  timestamp: [33m1776869852569[39m
}
[Graph3D] Creating simulation: [33m3[39m nodes
[Graph3D] createGraphSimulation called: { hasObjectManager: [33mtrue[39m, hasScene: [33mtrue[39m, nodeCount: [33m3[39m, linkCount: [33m1[39m }
[Graph3D] Clearing existing objects...
[Graph3D] Calling createSimulation...
[Graph3D] Simulation created, setting up event handlers...
[Graph3D] Data changed: {
  nodesLen: [33m3[39m,
  linksLen: [33m1[39m,
  key: [33m1776869853591[39m,
  timestamp: [33m1776869852588[39m
}
[Graph3D] Creating simulation: [33m3[39m nodes
[Graph3D] createGraphSimulation called: { hasObjectManager: [33mtrue[39m, hasScene: [33mtrue[39m, nodeCount: [33m3[39m, linkCount: [33m1[39m }
[Graph3D] Clearing existing objects...
[Graph3D] Calling createSimulation...
[Graph3D] Simulation created, setting up event handlers...
[Graph3D] Data changed: {
  nodesLen: [33m3[39m,
  linksLen: [33m1[39m,
  key: [33m1776869853608[39m,
  timestamp: [33m1776869852605[39m
}
[Graph3D] Creating simulation: [33m3[39m nodes
[Graph3D] createGraphSimulation called: { hasObjectManager: [33mtrue[39m, hasScene: [33mtrue[39m, nodeCount: [33m3[39m, linkCount: [33m1[39m }
[Graph3D] Clearing existing objects...
[Graph3D] Calling createSimulation...
[Graph3D] Simulation created, setting up event handlers...
[Graph3D] Data changed: {
  nodesLen: [33m3[39m,
  linksLen: [33m1[39m,
  key: [33m1776869853626[39m,
  timestamp: [33m1776869852623[39m
}
[Graph3D] Creating simulation: [33m3[39m nodes
[Graph3D] createGraphSimulation called: { hasObjectManager: [33mtrue[39m, hasScene: [33mtrue[39m, nodeCount: [33m3[39m, linkCount: [33m1[39m }
[Graph3D] Clearing existing objects...
[Graph3D] Calling createSimulation...
[Graph3D] Simulation created, setting up event handlers...
[Graph3D] Data changed: {
  nodesLen: [33m3[39m,
  linksLen: [33m1[39m,
  key: [33m1776869853646[39m,
  timestamp: [33m1776869852643[39m
}
[Graph3D] Creating simulation: [33m3[39m nodes
[Graph3D] createGraphSimulation called: { hasObjectManager: [33mtrue[39m, hasScene: [33mtrue[39m, nodeCount: [33m3[39m, linkCount: [33m1[39m }
[Graph3D] Clearing existing objects...
[Graph3D] Calling createSimulation...
[Graph3D] Simulation created, setting up event handlers...
[Graph3D] Data changed: {
  nodesLen: [33m3[39m,
  linksLen: [33m1[39m,
  key: [33m1776869853667[39m,
  timestamp: [33m1776869852664[39m
}
[Graph3D] Creating simulation: [33m3[39m nodes
[Graph3D] createGraphSimulation called: { hasObjectManager: [33mtrue[39m, hasScene: [33mtrue[39m, nodeCount: [33m3[39m, linkCount: [33m1[39m }
[Graph3D] Clearing existing objects...
[Graph3D] Calling createSimulation...
[Graph3D] Simulation created, setting up event handlers...
[Graph3D] Data changed: {
  nodesLen: [33m3[39m,
  linksLen: [33m1[39m,
  key: [33m1776869853687[39m,
  timestamp: [33m1776869852684[39m
}
[Graph3D] Creating simulation: [33m3[39m nodes
[Graph3D] createGraphSimulation called: { hasObjectManager: [33mtrue[39m, hasScene: [33mtrue[39m, nodeCount: [33m3[39m, linkCount: [33m1[39m }
[Graph3D] Clearing existing objects...
[Graph3D] Calling createSimulation...
[Graph3D] Simulation created, setting up event handlers...
[Graph3D] Data changed: {
  nodesLen: [33m3[39m,
  linksLen: [33m1[39m,
  key: [33m1776869853707[39m,
  timestamp: [33m1776869852704[39m
}
[Graph3D] Creating simulation: [33m3[39m nodes
[Graph3D] createGraphSimulation called: { hasObjectManager: [33mtrue[39m, hasScene: [33mtrue[39m, nodeCount: [33m3[39m, linkCount: [33m1[39m }
[Graph3D] Clearing existing objects...
[Graph3D] Calling createSimulation...
[Graph3D] Simulation created, setting up event handlers...
[Graph3D] Data changed: {
  nodesLen: [33m3[39m,
  linksLen: [33m1[39m,
  key: [33m1776869853725[39m,
  timestamp: [33m1776869852722[39m
}
[Graph3D] Creating simulation: [33m3[39m nodes
[Graph3D] createGraphSimulation called: { hasObjectManager: [33mtrue[39m, hasScene: [33mtrue[39m, nodeCount: [33m3[39m, linkCount: [33m1[39m }
[Graph3D] Clearing existing objects...
[Graph3D] Calling createSimulation...
[Graph3D] Simulation created, setting up event handlers...
[Graph3D] Data changed: {
  nodesLen: [33m3[39m,
  linksLen: [33m1[39m,
  key: [33m1776869853744[39m,
  timestamp: [33m1776869852741[39m
}
[Graph3D] Creating simulation: [33m3[39m nodes
[Graph3D] createGraphSimulation called: { hasObjectManager: [33mtrue[39m, hasScene: [33mtrue[39m, nodeCount: [33m3[39m, linkCount: [33m1[39m }
[Graph3D] Clearing existing objects...
[Graph3D] Calling createSimulation...
[Graph3D] Simulation created, setting up event handlers...
[Graph3D] Data changed: {
  nodesLen: [33m3[39m,
  linksLen: [33m1[39m,
  key: [33m1776869853763[39m,
  timestamp: [33m1776869852760[39m
}
[Graph3D] Creating simulation: [33m3[39m nodes
[Graph3D] createGraphSimulation called: { hasObjectManager: [33mtrue[39m, hasScene: [33mtrue[39m, nodeCount: [33m3[39m, linkCount: [33m1[39m }
[Graph3D] Clearing existing objects...
[Graph3D] Calling createSimulation...
[Graph3D] Simulation created, setting up event handlers...
[Graph3D] Data changed: {
  nodesLen: [33m3[39m,
  linksLen: [33m1[39m,
  key: [33m1776869853780[39m,
  timestamp: [33m1776869852777[39m
}
[Graph3D] Creating simulation: [33m3[39m nodes
[Graph3D] createGraphSimulation called: { hasObjectManager: [33mtrue[39m, hasScene: [33mtrue[39m, nodeCount: [33m3[39m, linkCount: [33m1[39m }
[Graph3D] Clearing existing objects...
[Graph3D] Calling createSimulation...
[Graph3D] Simulation created, setting up event handlers...
[Graph3D] Data changed: {
  nodesLen: [33m3[39m,
  linksLen: [33m1[39m,
  key: [33m1776869853800[39m,
  timestamp: [33m1776869852797[39m
}
[Graph3D] Creating simulation: [33m3[39m nodes
[Graph3D] createGraphSimulation called: { hasObjectManager: [33mtrue[39m, hasScene: [33mtrue[39m, nodeCount: [33m3[39m, linkCount: [33m1[39m }
[Graph3D] Clearing existing objects...
[Graph3D] Calling createSimulation...
[Graph3D] Simulation created, setting up event handlers...
[Graph3D] Data changed: {
  nodesLen: [33m3[39m,
  linksLen: [33m1[39m,
  key: [33m1776869853820[39m,
  timestamp: [33m1776869852817[39m
}
[Graph3D] Creating simulation: [33m3[39m nodes
[Graph3D] createGraphSimulation called: { hasObjectManager: [33mtrue[39m, hasScene: [33mtrue[39m, nodeCount: [33m3[39m, linkCount: [33m1[39m }
[Graph3D] Clearing existing objects...
[Graph3D] Calling createSimulation...
[Graph3D] Simulation created, setting up event handlers...
[Graph3D] Data changed: {
  nodesLen: [33m3[39m,
  linksLen: [33m1[39m,
  key: [33m1776869853839[39m,
  timestamp: [33m1776869852836[39m
}
[Graph3D] Creating simulation: [33m3[39m nodes
[Graph3D] createGraphSimulation called: { hasObjectManager: [33mtrue[39m, hasScene: [33mtrue[39m, nodeCount: [33m3[39m, linkCount: [33m1[39m }
[Graph3D] Clearing existing objects...
[Graph3D] Calling createSimulation...
[Graph3D] Simulation created, setting up event handlers...
[Graph3D] Data changed: {
  nodesLen: [33m3[39m,
  linksLen: [33m1[39m,
  key: [33m1776869853856[39m,
  timestamp: [33m1776869852853[39m
}
[Graph3D] Creating simulation: [33m3[39m nodes
[Graph3D] createGraphSimulation called: { hasObjectManager: [33mtrue[39m, hasScene: [33mtrue[39m, nodeCount: [33m3[39m, linkCount: [33m1[39m }
[Graph3D] Clearing existing objects...
[Graph3D] Calling createSimulation...
[Graph3D] Simulation created, setting up event handlers...
[Graph3D] Data changed: {
  nodesLen: [33m3[39m,
  linksLen: [33m1[39m,
  key: [33m1776869853880[39m,
  timestamp: [33m1776869852877[39m
}
[Graph3D] Creating simulation: [33m3[39m nodes
[Graph3D] createGraphSimulation called: { hasObjectManager: [33mtrue[39m, hasScene: [33mtrue[39m, nodeCount: [33m3[39m, linkCount: [33m1[39m }
[Graph3D] Clearing existing objects...
[Graph3D] Calling createSimulation...
[Graph3D] Simulation created, setting up event handlers...
[Graph3D] Data changed: {
  nodesLen: [33m3[39m,
  linksLen: [33m1[39m,
  key: [33m1776869853900[39m,
  timestamp: [33m1776869852897[39m
}
[Graph3D] Creating simulation: [33m3[39m nodes
[Graph3D] createGraphSimulation called: { hasObjectManager: [33mtrue[39m, hasScene: [33mtrue[39m, nodeCount: [33m3[39m, linkCount: [33m1[39m }
[Graph3D] Clearing existing objects...
[Graph3D] Calling createSimulation...
[Graph3D] Simulation created, setting up event handlers...
[Graph3D] Data changed: {
  nodesLen: [33m3[39m,
  linksLen: [33m1[39m,
  key: [33m1776869853920[39m,
  timestamp: [33m1776869852917[39m
}
[Graph3D] Creating simulation: [33m3[39m nodes
[Graph3D] createGraphSimulation called: { hasObjectManager: [33mtrue[39m, hasScene: [33mtrue[39m, nodeCount: [33m3[39m, linkCount: [33m1[39m }
[Graph3D] Clearing existing objects...
[Graph3D] Calling createSimulation...
[Graph3D] Simulation created, setting up event handlers...
[Graph3D] Data changed: {
  nodesLen: [33m3[39m,
  linksLen: [33m1[39m,
  key: [33m1776869853942[39m,
  timestamp: [33m1776869852939[39m
}
[Graph3D] Creating simulation: [33m3[39m nodes
[Graph3D] createGraphSimulation called: { hasObjectManager: [33mtrue[39m, hasScene: [33mtrue[39m, nodeCount: [33m3[39m, linkCount: [33m1[39m }
[Graph3D] Clearing existing objects...
[Graph3D] Calling createSimulation...
[Graph3D] Simulation created, setting up event handlers...
[Graph3D] Data changed: {
  nodesLen: [33m3[39m,
  linksLen: [33m1[39m,
  key: [33m1776869853965[39m,
  timestamp: [33m1776869852962[39m
}
[Graph3D] Creating simulation: [33m3[39m nodes
[Graph3D] createGraphSimulation called: { hasObjectManager: [33mtrue[39m, hasScene: [33mtrue[39m, nodeCount: [33m3[39m, linkCount: [33m1[39m }
[Graph3D] Clearing existing objects...
[Graph3D] Calling createSimulation...
[Graph3D] Simulation created, setting up event handlers...
[Graph3D] Data changed: {
  nodesLen: [33m3[39m,
  linksLen: [33m1[39m,
  key: [33m1776869853985[39m,
  timestamp: [33m1776869852982[39m
}
[Graph3D] Creating simulation: [33m3[39m nodes
[Graph3D] createGraphSimulation called: { hasObjectManager: [33mtrue[39m, hasScene: [33mtrue[39m, nodeCount: [33m3[39m, linkCount: [33m1[39m }
[Graph3D] Clearing existing objects...
[Graph3D] Calling createSimulation...
[Graph3D] Simulation created, setting up event handlers...
[Graph3D] Data changed: {
  nodesLen: [33m3[39m,
  linksLen: [33m1[39m,
  key: [33m1776869854002[39m,
  timestamp: [33m1776869852999[39m
}
[Graph3D] Creating simulation: [33m3[39m nodes
[Graph3D] createGraphSimulation called: { hasObjectManager: [33mtrue[39m, hasScene: [33mtrue[39m, nodeCount: [33m3[39m, linkCount: [33m1[39m }
[Graph3D] Clearing existing objects...
[Graph3D] Calling createSimulation...
[Graph3D] Simulation created, setting up event handlers...
[Graph3D] Data changed: {
  nodesLen: [33m3[39m,
  linksLen: [33m1[39m,
  key: [33m1776869854024[39m,
  timestamp: [33m1776869853021[39m
}
[Graph3D] Creating simulation: [33m3[39m nodes
[Graph3D] createGraphSimulation called: { hasObjectManager: [33mtrue[39m, hasScene: [33mtrue[39m, nodeCount: [33m3[39m, linkCount: [33m1[39m }
[Graph3D] Clearing existing objects...
[Graph3D] Calling createSimulation...
[Graph3D] Simulation created, setting up event handlers...
[Graph3D] Data changed: {
  nodesLen: [33m3[39m,
  linksLen: [33m1[39m,
  key: [33m1776869854045[39m,
  timestamp: [33m1776869853042[39m
}
[Graph3D] Creating simulation: [33m3[39m nodes
[Graph3D] createGraphSimulation called: { hasObjectManager: [33mtrue[39m, hasScene: [33mtrue[39m, nodeCount: [33m3[39m, linkCount: [33m1[39m }
[Graph3D] Clearing existing objects...
[Graph3D] Calling createSimulation...
[Graph3D] Simulation created, setting up event handlers...
[Graph3D] Data changed: {
  nodesLen: [33m3[39m,
  linksLen: [33m1[39m,
  key: [33m1776869854063[39m,
  timestamp: [33m1776869853060[39m
}
[Graph3D] Creating simulation: [33m3[39m nodes
[Graph3D] createGraphSimulation called: { hasObjectManager: [33mtrue[39m, hasScene: [33mtrue[39m, nodeCount: [33m3[39m, linkCount: [33m1[39m }
[Graph3D] Clearing existing objects...
[Graph3D] Calling createSimulation...
[Graph3D] Simulation created, setting up event handlers...
[Graph3D] Data changed: {
  nodesLen: [33m3[39m,
  linksLen: [33m1[39m,
  key: [33m1776869854078[39m,
  timestamp: [33m1776869853075[39m
}
[Graph3D] Creating simulation: [33m3[39m nodes
[Graph3D] createGraphSimulation called: { hasObjectManager: [33mtrue[39m, hasScene: [33mtrue[39m, nodeCount: [33m3[39m, linkCount: [33m1[39m }
[Graph3D] Clearing existing objects...
[Graph3D] Calling createSimulation...
[Graph3D] Simulation created, setting up event handlers...
[Graph3D] Data changed: {
  nodesLen: [33m3[39m,
  linksLen: [33m1[39m,
  key: [33m1776869854096[39m,
  timestamp: [33m1776869853093[39m
}
[Graph3D] Creating simulation: [33m3[39m nodes
[Graph3D] createGraphSimulation called: { hasObjectManager: [33mtrue[39m, hasScene: [33mtrue[39m, nodeCount: [33m3[39m, linkCount: [33m1[39m }
[Graph3D] Clearing existing objects...
[Graph3D] Calling createSimulation...
[Graph3D] Simulation created, setting up event handlers...
[Graph3D] Data changed: {
  nodesLen: [33m3[39m,
  linksLen: [33m1[39m,
  key: [33m1776869854113[39m,
  timestamp: [33m1776869853110[39m
}
[Graph3D] Creating simulation: [33m3[39m nodes
[Graph3D] createGraphSimulation called: { hasObjectManager: [33mtrue[39m, hasScene: [33mtrue[39m, nodeCount: [33m3[39m, linkCount: [33m1[39m }
[Graph3D] Clearing existing objects...
[Graph3D] Calling createSimulation...
[Graph3D] Simulation created, setting up event handlers...
[Graph3D] Data changed: {
  nodesLen: [33m3[39m,
  linksLen: [33m1[39m,
  key: [33m1776869854131[39m,
  timestamp: [33m1776869853128[39m
}
[Graph3D] Creating simulation: [33m3[39m nodes
[Graph3D] createGraphSimulation called: { hasObjectManager: [33mtrue[39m, hasScene: [33mtrue[39m, nodeCount: [33m3[39m, linkCount: [33m1[39m }
[Graph3D] Clearing existing objects...
[Graph3D] Calling createSimulation...
[Graph3D] Simulation created, setting up event handlers...
[Graph3D] Data changed: {
  nodesLen: [33m3[39m,
  linksLen: [33m1[39m,
  key: [33m1776869854148[39m,
  timestamp: [33m1776869853145[39m
}
[Graph3D] Creating simulation: [33m3[39m nodes
[Graph3D] createGraphSimulation called: { hasObjectManager: [33mtrue[39m, hasScene: [33mtrue[39m, nodeCount: [33m3[39m, linkCount: [33m1[39m }
[Graph3D] Clearing existing objects...
[Graph3D] Calling createSimulation...
[Graph3D] Simulation created, setting up event handlers...
[Graph3D] Data changed: {
  nodesLen: [33m3[39m,
  linksLen: [33m1[39m,
  key: [33m1776869854168[39m,
  timestamp: [33m1776869853165[39m
}
[Graph3D] Creating simulation: [33m3[39m nodes
[Graph3D] createGraphSimulation called: { hasObjectManager: [33mtrue[39m, hasScene: [33mtrue[39m, nodeCount: [33m3[39m, linkCount: [33m1[39m }
[Graph3D] Clearing existing objects...
[Graph3D] Calling createSimulation...
[Graph3D] Simulation created, setting up event handlers...
[Graph3D] Data changed: {
  nodesLen: [33m3[39m,
  linksLen: [33m1[39m,
  key: [33m1776869854186[39m,
  timestamp: [33m1776869853183[39m
}
[Graph3D] Creating simulation: [33m3[39m nodes
[Graph3D] createGraphSimulation called: { hasObjectManager: [33mtrue[39m, hasScene: [33mtrue[39m, nodeCount: [33m3[39m, linkCount: [33m1[39m }
[Graph3D] Clearing existing objects...
[Graph3D] Calling createSimulation...
[Graph3D] Simulation created, setting up event handlers...
[Graph3D] Data changed: {
  nodesLen: [33m3[39m,
  linksLen: [33m1[39m,
  key: [33m1776869854210[39m,
  timestamp: [33m1776869853207[39m
}
[Graph3D] Creating simulation: [33m3[39m nodes
[Graph3D] createGraphSimulation called: { hasObjectManager: [33mtrue[39m, hasScene: [33mtrue[39m, nodeCount: [33m3[39m, linkCount: [33m1[39m }
[Graph3D] Clearing existing objects...
[Graph3D] Calling createSimulation...
[Graph3D] Simulation created, setting up event handlers...
[Graph3D] Data changed: {
  nodesLen: [33m3[39m,
  linksLen: [33m1[39m,
  key: [33m1776869854227[39m,
  timestamp: [33m1776869853224[39m
}
[Graph3D] Creating simulation: [33m3[39m nodes
[Graph3D] createGraphSimulation called: { hasObjectManager: [33mtrue[39m, hasScene: [33mtrue[39m, nodeCount: [33m3[39m, linkCount: [33m1[39m }
[Graph3D] Clearing existing objects...
[Graph3D] Calling createSimulation...
[Graph3D] Simulation created, setting up event handlers...
[Graph3D] Data changed: {
  nodesLen: [33m3[39m,
  linksLen: [33m1[39m,
  key: [33m1776869854242[39m,
  timestamp: [33m1776869853239[39m
}
[Graph3D] Creating simulation: [33m3[39m nodes
[Graph3D] createGraphSimulation called: { hasObjectManager: [33mtrue[39m, hasScene: [33mtrue[39m, nodeCount: [33m3[39m, linkCount: [33m1[39m }
[Graph3D] Clearing existing objects...
[Graph3D] Calling createSimulation...
[Graph3D] Simulation created, setting up event handlers...
[Graph3D] Data changed: {
  nodesLen: [33m3[39m,
  linksLen: [33m1[39m,
  key: [33m1776869854260[39m,
  timestamp: [33m1776869853257[39m
}
[Graph3D] Creating simulation: [33m3[39m nodes
[Graph3D] createGraphSimulation called: { hasObjectManager: [33mtrue[39m, hasScene: [33mtrue[39m, nodeCount: [33m3[39m, linkCount: [33m1[39m }
[Graph3D] Clearing existing objects...
[Graph3D] Calling createSimulation...
[Graph3D] Simulation created, setting up event handlers...
[Graph3D] Data changed: {
  nodesLen: [33m3[39m,
  linksLen: [33m1[39m,
  key: [33m1776869854278[39m,
  timestamp: [33m1776869853275[39m
}
[Graph3D] Creating simulation: [33m3[39m nodes
[Graph3D] createGraphSimulation called: { hasObjectManager: [33mtrue[39m, hasScene: [33mtrue[39m, nodeCount: [33m3[39m, linkCount: [33m1[39m }
[Graph3D] Clearing existing objects...
[Graph3D] Calling createSimulation...
[Graph3D] Simulation created, setting up event handlers...
[Graph3D] Data changed: {
  nodesLen: [33m3[39m,
  linksLen: [33m1[39m,
  key: [33m1776869854297[39m,
  timestamp: [33m1776869853294[39m
}
[Graph3D] Creating simulation: [33m3[39m nodes
[Graph3D] createGraphSimulation called: { hasObjectManager: [33mtrue[39m, hasScene: [33mtrue[39m, nodeCount: [33m3[39m, linkCount: [33m1[39m }
[Graph3D] Clearing existing objects...
[Graph3D] Calling createSimulation...
[Graph3D] Simulation created, setting up event handlers...
[Graph3D] Data changed: {
  nodesLen: [33m3[39m,
  linksLen: [33m1[39m,
  key: [33m1776869854315[39m,
  timestamp: [33m1776869853312[39m
}
[Graph3D] Creating simulation: [33m3[39m nodes
[Graph3D] createGraphSimulation called: { hasObjectManager: [33mtrue[39m, hasScene: [33mtrue[39m, nodeCount: [33m3[39m, linkCount: [33m1[39m }
[Graph3D] Clearing existing objects...
[Graph3D] Calling createSimulation...
[Graph3D] Simulation created, setting up event handlers...
[Graph3D] Data changed: {
  nodesLen: [33m3[39m,
  linksLen: [33m1[39m,
  key: [33m1776869854331[39m,
  timestamp: [33m1776869853328[39m
}
[Graph3D] Creating simulation: [33m3[39m nodes
[Graph3D] createGraphSimulation called: { hasObjectManager: [33mtrue[39m, hasScene: [33mtrue[39m, nodeCount: [33m3[39m, linkCount: [33m1[39m }
[Graph3D] Clearing existing objects...
[Graph3D] Calling createSimulation...
[Graph3D] Simulation created, setting up event handlers...
[Graph3D] Data changed: {
  nodesLen: [33m3[39m,
  linksLen: [33m1[39m,
  key: [33m1776869854351[39m,
  timestamp: [33m1776869853348[39m
}
[Graph3D] Creating simulation: [33m3[39m nodes
[Graph3D] createGraphSimulation called: { hasObjectManager: [33mtrue[39m, hasScene: [33mtrue[39m, nodeCount: [33m3[39m, linkCount: [33m1[39m }
[Graph3D] Clearing existing objects...
[Graph3D] Calling createSimulation...
[Graph3D] Simulation created, setting up event handlers...
[Graph3D] Data changed: {
  nodesLen: [33m3[39m,
  linksLen: [33m1[39m,
  key: [33m1776869854372[39m,
  timestamp: [33m1776869853369[39m
}
[Graph3D] Creating simulation: [33m3[39m nodes
[Graph3D] createGraphSimulation called: { hasObjectManager: [33mtrue[39m, hasScene: [33mtrue[39m, nodeCount: [33m3[39m, linkCount: [33m1[39m }
[Graph3D] Clearing existing objects...
[Graph3D] Calling createSimulation...
[Graph3D] Simulation created, setting up event handlers...
[Graph3D] Data changed: {
  nodesLen: [33m3[39m,
  linksLen: [33m1[39m,
  key: [33m1776869854391[39m,
  timestamp: [33m1776869853388[39m
}
[Graph3D] Creating simulation: [33m3[39m nodes
[Graph3D] createGraphSimulation called: { hasObjectManager: [33mtrue[39m, hasScene: [33mtrue[39m, nodeCount: [33m3[39m, linkCount: [33m1[39m }
[Graph3D] Clearing existing objects...
[Graph3D] Calling createSimulation...
[Graph3D] Simulation created, setting up event handlers...
[Graph3D] Data changed: {
  nodesLen: [33m3[39m,
  linksLen: [33m1[39m,
  key: [33m1776869854411[39m,
  timestamp: [33m1776869853408[39m
}
[Graph3D] Creating simulation: [33m3[39m nodes
[Graph3D] createGraphSimulation called: { hasObjectManager: [33mtrue[39m, hasScene: [33mtrue[39m, nodeCount: [33m3[39m, linkCount: [33m1[39m }
[Graph3D] Clearing existing objects...
[Graph3D] Calling createSimulation...
[Graph3D] Simulation created, setting up event handlers...
[Graph3D] Data changed: {
  nodesLen: [33m3[39m,
  linksLen: [33m1[39m,
  key: [33m1776869854432[39m,
  timestamp: [33m1776869853429[39m
}
[Graph3D] Creating simulation: [33m3[39m nodes
[Graph3D] createGraphSimulation called: { hasObjectManager: [33mtrue[39m, hasScene: [33mtrue[39m, nodeCount: [33m3[39m, linkCount: [33m1[39m }
[Graph3D] Clearing existing objects...
[Graph3D] Calling createSimulation...
[Graph3D] Simulation created, setting up event handlers...
[Graph3D] Data changed: {
  nodesLen: [33m3[39m,
  linksLen: [33m1[39m,
  key: [33m1776869854450[39m,
  timestamp: [33m1776869853447[39m
}
[Graph3D] Creating simulation: [33m3[39m nodes
[Graph3D] createGraphSimulation called: { hasObjectManager: [33mtrue[39m, hasScene: [33mtrue[39m, nodeCount: [33m3[39m, linkCount: [33m1[39m }
[Graph3D] Clearing existing objects...
[Graph3D] Calling createSimulation...
[Graph3D] Simulation created, setting up event handlers...
[Graph3D] Data changed: {
  nodesLen: [33m3[39m,
  linksLen: [33m1[39m,
  key: [33m1776869854469[39m,
  timestamp: [33m1776869853466[39m
}
[Graph3D] Creating simulation: [33m3[39m nodes
[Graph3D] createGraphSimulation called: { hasObjectManager: [33mtrue[39m, hasScene: [33mtrue[39m, nodeCount: [33m3[39m, linkCount: [33m1[39m }
[Graph3D] Clearing existing objects...
[Graph3D] Calling createSimulation...
[Graph3D] Simulation created, setting up event handlers...
[Graph3D] Data changed: {
  nodesLen: [33m3[39m,
  linksLen: [33m1[39m,
  key: [33m1776869854489[39m,
  timestamp: [33m1776869853486[39m
}
[Graph3D] Creating simulation: [33m3[39m nodes
[Graph3D] createGraphSimulation called: { hasObjectManager: [33mtrue[39m, hasScene: [33mtrue[39m, nodeCount: [33m3[39m, linkCount: [33m1[39m }
[Graph3D] Clearing existing objects...
[Graph3D] Calling createSimulation...
[Graph3D] Simulation created, setting up event handlers...
[Graph3D] Data changed: {
  nodesLen: [33m3[39m,
  linksLen: [33m1[39m,
  key: [33m1776869854509[39m,
  timestamp: [33m1776869853506[39m
}
[Graph3D] Creating simulation: [33m3[39m nodes
[Graph3D] createGraphSimulation called: { hasObjectManager: [33mtrue[39m, hasScene: [33mtrue[39m, nodeCount: [33m3[39m, linkCount: [33m1[39m }
[Graph3D] Clearing existing objects...
[Graph3D] Calling createSimulation...
[Graph3D] Simulation created, setting up event handlers...
[Graph3D] Data changed: {
  nodesLen: [33m3[39m,
  linksLen: [33m1[39m,
  key: [33m1776869854530[39m,
  timestamp: [33m1776869853527[39m
}
[Graph3D] Creating simulation: [33m3[39m nodes
[Graph3D] createGraphSimulation called: { hasObjectManager: [33mtrue[39m, hasScene: [33mtrue[39m, nodeCount: [33m3[39m, linkCount: [33m1[39m }
[Graph3D] Clearing existing objects...
[Graph3D] Calling createSimulation...
[Graph3D] Simulation created, setting up event handlers...
[Graph3D] Data changed: {
  nodesLen: [33m3[39m,
  linksLen: [33m1[39m,
  key: [33m1776869854548[39m,
  timestamp: [33m1776869853545[39m
}
[Graph3D] Creating simulation: [33m3[39m nodes
[Graph3D] createGraphSimulation called: { hasObjectManager: [33mtrue[39m, hasScene: [33mtrue[39m, nodeCount: [33m3[39m, linkCount: [33m1[39m }
[Graph3D] Clearing existing objects...
[Graph3D] Calling createSimulation...
[Graph3D] Simulation created, setting up event handlers...
[Graph3D] Data changed: {
  nodesLen: [33m3[39m,
  linksLen: [33m1[39m,
  key: [33m1776869854566[39m,
  timestamp: [33m1776869853563[39m
}
[Graph3D] Creating simulation: [33m3[39m nodes
[Graph3D] createGraphSimulation called: { hasObjectManager: [33mtrue[39m, hasScene: [33mtrue[39m, nodeCount: [33m3[39m, linkCount: [33m1[39m }
[Graph3D] Clearing existing objects...
[Graph3D] Calling createSimulation...
[Graph3D] Simulation created, setting up event handlers...
[Graph3D] Data changed: {
  nodesLen: [33m3[39m,
  linksLen: [33m1[39m,
  key: [33m1776869854585[39m,
  timestamp: [33m1776869853582[39m
}
[Graph3D] Creating simulation: [33m3[39m nodes
[Graph3D] createGraphSimulation called: { hasObjectManager: [33mtrue[39m, hasScene: [33mtrue[39m, nodeCount: [33m3[39m, linkCount: [33m1[39m }
[Graph3D] Clearing existing objects...
[Graph3D] Calling createSimulation...
[Graph3D] Simulation created, setting up event handlers...
[Graph3D] Data changed: {
  nodesLen: [33m3[39m,
  linksLen: [33m1[39m,
  key: [33m1776869854605[39m,
  timestamp: [33m1776869853602[39m
}
[Graph3D] Creating simulation: [33m3[39m nodes
[Graph3D] createGraphSimulation called: { hasObjectManager: [33mtrue[39m, hasScene: [33mtrue[39m, nodeCount: [33m3[39m, linkCount: [33m1[39m }
[Graph3D] Clearing existing objects...
[Graph3D] Calling createSimulation...
[Graph3D] Simulation created, setting up event handlers...
[Graph3D] Data changed: {
  nodesLen: [33m3[39m,
  linksLen: [33m1[39m,
  key: [33m1776869854624[39m,
  timestamp: [33m1776869853621[39m
}
[Graph3D] Creating simulation: [33m3[39m nodes
[Graph3D] createGraphSimulation called: { hasObjectManager: [33mtrue[39m, hasScene: [33mtrue[39m, nodeCount: [33m3[39m, linkCount: [33m1[39m }
[Graph3D] Clearing existing objects...
[Graph3D] Calling createSimulation...
[Graph3D] Simulation created, setting up event handlers...
[Graph3D] Data changed: {
  nodesLen: [33m3[39m,
  linksLen: [33m1[39m,
  key: [33m1776869854644[39m,
  timestamp: [33m1776869853641[39m
}
[Graph3D] Creating simulation: [33m3[39m nodes
[Graph3D] createGraphSimulation called: { hasObjectManager: [33mtrue[39m, hasScene: [33mtrue[39m, nodeCount: [33m3[39m, linkCount: [33m1[39m }
[Graph3D] Clearing existing objects...
[Graph3D] Calling createSimulation...
[Graph3D] Simulation created, setting up event handlers...
[Graph3D] Data changed: {
  nodesLen: [33m3[39m,
  linksLen: [33m1[39m,
  key: [33m1776869854664[39m,
  timestamp: [33m1776869853661[39m
}
[Graph3D] Creating simulation: [33m3[39m nodes
[Graph3D] createGraphSimulation called: { hasObjectManager: [33mtrue[39m, hasScene: [33mtrue[39m, nodeCount: [33m3[39m, linkCount: [33m1[39m }
[Graph3D] Clearing existing objects...
[Graph3D] Calling createSimulation...
[Graph3D] Simulation created, setting up event handlers...
[Graph3D] Data changed: {
  nodesLen: [33m3[39m,
  linksLen: [33m1[39m,
  key: [33m1776869854685[39m,
  timestamp: [33m1776869853682[39m
}
[Graph3D] Creating simulation: [33m3[39m nodes
[Graph3D] createGraphSimulation called: { hasObjectManager: [33mtrue[39m, hasScene: [33mtrue[39m, nodeCount: [33m3[39m, linkCount: [33m1[39m }
[Graph3D] Clearing existing objects...
[Graph3D] Calling createSimulation...
[Graph3D] Simulation created, setting up event handlers...
[Graph3D] Data changed: {
  nodesLen: [33m3[39m,
  linksLen: [33m1[39m,
  key: [33m1776869854703[39m,
  timestamp: [33m1776869853700[39m
}
[Graph3D] Creating simulation: [33m3[39m nodes
[Graph3D] createGraphSimulation called: { hasObjectManager: [33mtrue[39m, hasScene: [33mtrue[39m, nodeCount: [33m3[39m, linkCount: [33m1[39m }
[Graph3D] Clearing existing objects...
[Graph3D] Calling createSimulation...
[Graph3D] Simulation created, setting up event handlers...
[Graph3D] Data changed: {
  nodesLen: [33m3[39m,
  linksLen: [33m1[39m,
  key: [33m1776869854723[39m,
  timestamp: [33m1776869853720[39m
}
[Graph3D] Creating simulation: [33m3[39m nodes
[Graph3D] createGraphSimulation called: { hasObjectManager: [33mtrue[39m, hasScene: [33mtrue[39m, nodeCount: [33m3[39m, linkCount: [33m1[39m }
[Graph3D] Clearing existing objects...
[Graph3D] Calling createSimulation...
[Graph3D] Simulation created, setting up event handlers...
[Graph3D] Data changed: {
  nodesLen: [33m3[39m,
  linksLen: [33m1[39m,
  key: [33m1776869854744[39m,
  timestamp: [33m1776869853741[39m
}
[Graph3D] Creating simulation: [33m3[39m nodes
[Graph3D] createGraphSimulation called: { hasObjectManager: [33mtrue[39m, hasScene: [33mtrue[39m, nodeCount: [33m3[39m, linkCount: [33m1[39m }
[Graph3D] Clearing existing objects...
[Graph3D] Calling createSimulation...
[Graph3D] Simulation created, setting up event handlers...
[Graph3D] Data changed: {
  nodesLen: [33m3[39m,
  linksLen: [33m1[39m,
  key: [33m1776869854764[39m,
  timestamp: [33m1776869853761[39m
}
[Graph3D] Creating simulation: [33m3[39m nodes
[Graph3D] createGraphSimulation called: { hasObjectManager: [33mtrue[39m, hasScene: [33mtrue[39m, nodeCount: [33m3[39m, linkCount: [33m1[39m }
[Graph3D] Clearing existing objects...
[Graph3D] Calling createSimulation...
[Graph3D] Simulation created, setting up event handlers...
[Graph3D] Data changed: {
  nodesLen: [33m3[39m,
  linksLen: [33m1[39m,
  key: [33m1776869854785[39m,
  timestamp: [33m1776869853782[39m
}
[Graph3D] Creating simulation: [33m3[39m nodes
[Graph3D] createGraphSimulation called: { hasObjectManager: [33mtrue[39m, hasScene: [33mtrue[39m, nodeCount: [33m3[39m, linkCount: [33m1[39m }
[Graph3D] Clearing existing objects...
[Graph3D] Calling createSimulation...
[Graph3D] Simulation created, setting up event handlers...
[Graph3D] Data changed: {
  nodesLen: [33m3[39m,
  linksLen: [33m1[39m,
  key: [33m1776869854805[39m,
  timestamp: [33m1776869853802[39m
}
[Graph3D] Creating simulation: [33m3[39m nodes
[Graph3D] createGraphSimulation called: { hasObjectManager: [33mtrue[39m, hasScene: [33mtrue[39m, nodeCount: [33m3[39m, linkCount: [33m1[39m }
[Graph3D] Clearing existing objects...
[Graph3D] Calling createSimulation...
[Graph3D] Simulation created, setting up event handlers...
[Graph3D] Data changed: {
  nodesLen: [33m3[39m,
  linksLen: [33m1[39m,
  key: [33m1776869854827[39m,
  timestamp: [33m1776869853824[39m
}
[Graph3D] Creating simulation: [33m3[39m nodes
[Graph3D] createGraphSimulation called: { hasObjectManager: [33mtrue[39m, hasScene: [33mtrue[39m, nodeCount: [33m3[39m, linkCount: [33m1[39m }
[Graph3D] Clearing existing objects...
[Graph3D] Calling createSimulation...
[Graph3D] Simulation created, setting up event handlers...
[Graph3D] Data changed: {
  nodesLen: [33m3[39m,
  linksLen: [33m1[39m,
  key: [33m1776869854853[39m,
  timestamp: [33m1776869853850[39m
}
[Graph3D] Creating simulation: [33m3[39m nodes
[Graph3D] createGraphSimulation called: { hasObjectManager: [33mtrue[39m, hasScene: [33mtrue[39m, nodeCount: [33m3[39m, linkCount: [33m1[39m }
[Graph3D] Clearing existing objects...
[Graph3D] Calling createSimulation...
[Graph3D] Simulation created, setting up event handlers...
[Graph3D] Data changed: {
  nodesLen: [33m3[39m,
  linksLen: [33m1[39m,
  key: [33m1776869854878[39m,
  timestamp: [33m1776869853875[39m
}
[Graph3D] Creating simulation: [33m3[39m nodes
[Graph3D] createGraphSimulation called: { hasObjectManager: [33mtrue[39m, hasScene: [33mtrue[39m, nodeCount: [33m3[39m, linkCount: [33m1[39m }
[Graph3D] Clearing existing objects...
[Graph3D] Calling createSimulation...
[Graph3D] Simulation created, setting up event handlers...
[Graph3D] Data changed: {
  nodesLen: [33m3[39m,
  linksLen: [33m1[39m,
  key: [33m1776869854906[39m,
  timestamp: [33m1776869853903[39m
}
[Graph3D] Creating simulation: [33m3[39m nodes
[Graph3D] createGraphSimulation called: { hasObjectManager: [33mtrue[39m, hasScene: [33mtrue[39m, nodeCount: [33m3[39m, linkCount: [33m1[39m }
[Graph3D] Clearing existing objects...
[Graph3D] Calling createSimulation...
[Graph3D] Simulation created, setting up event handlers...
[Graph3D] Data changed: {
  nodesLen: [33m3[39m,
  linksLen: [33m1[39m,
  key: [33m1776869854930[39m,
  timestamp: [33m1776869853927[39m
}
[Graph3D] Creating simulation: [33m3[39m nodes
[Graph3D] createGraphSimulation called: { hasObjectManager: [33mtrue[39m, hasScene: [33mtrue[39m, nodeCount: [33m3[39m, linkCount: [33m1[39m }
[Graph3D] Clearing existing objects...
[Graph3D] Calling createSimulation...
[Graph3D] Simulation created, setting up event handlers...
[Graph3D] Data changed: {
  nodesLen: [33m3[39m,
  linksLen: [33m1[39m,
  key: [33m1776869854951[39m,
  timestamp: [33m1776869853948[39m
}
[Graph3D] Creating simulation: [33m3[39m nodes
[Graph3D] createGraphSimulation called: { hasObjectManager: [33mtrue[39m, hasScene: [33mtrue[39m, nodeCount: [33m3[39m, linkCount: [33m1[39m }
[Graph3D] Clearing existing objects...
[Graph3D] Calling createSimulation...
[Graph3D] Simulation created, setting up event handlers...
[Graph3D] Data changed: {
  nodesLen: [33m3[39m,
  linksLen: [33m1[39m,
  key: [33m1776869854972[39m,
  timestamp: [33m1776869853969[39m
}
[Graph3D] Creating simulation: [33m3[39m nodes
[Graph3D] createGraphSimulation called: { hasObjectManager: [33mtrue[39m, hasScene: [33mtrue[39m, nodeCount: [33m3[39m, linkCount: [33m1[39m }
[Graph3D] Clearing existing objects...
[Graph3D] Calling createSimulation...
[Graph3D] Simulation created, setting up event handlers...
[Graph3D] Data changed: {
  nodesLen: [33m3[39m,
  linksLen: [33m1[39m,
  key: [33m1776869854994[39m,
  timestamp: [33m1776869853991[39m
}
[Graph3D] Creating simulation: [33m3[39m nodes
[Graph3D] createGraphSimulation called: { hasObjectManager: [33mtrue[39m, hasScene: [33mtrue[39m, nodeCount: [33m3[39m, linkCount: [33m1[39m }
[Graph3D] Clearing existing objects...
[Graph3D] Calling createSimulation...
[Graph3D] Simulation created, setting up event handlers...
[Graph3D] Data changed: {
  nodesLen: [33m3[39m,
  linksLen: [33m1[39m,
  key: [33m1776869855020[39m,
  timestamp: [33m1776869854017[39m
}
[Graph3D] Creating simulation: [33m3[39m nodes
[Graph3D] createGraphSimulation called: { hasObjectManager: [33mtrue[39m, hasScene: [33mtrue[39m, nodeCount: [33m3[39m, linkCount: [33m1[39m }
[Graph3D] Clearing existing objects...
[Graph3D] Calling createSimulation...
[Graph3D] Simulation created, setting up event handlers...
[Graph3D] Data changed: {
  nodesLen: [33m3[39m,
  linksLen: [33m1[39m,
  key: [33m1776869855041[39m,
  timestamp: [33m1776869854038[39m
}
[Graph3D] Creating simulation: [33m3[39m nodes
[Graph3D] createGraphSimulation called: { hasObjectManager: [33mtrue[39m, hasScene: [33mtrue[39m, nodeCount: [33m3[39m, linkCount: [33m1[39m }
[Graph3D] Clearing existing objects...
[Graph3D] Calling createSimulation...
[Graph3D] Simulation created, setting up event handlers...
[Graph3D] Data changed: {
  nodesLen: [33m3[39m,
  linksLen: [33m1[39m,
  key: [33m1776869855062[39m,
  timestamp: [33m1776869854059[39m
}
[Graph3D] Creating simulation: [33m3[39m nodes
[Graph3D] createGraphSimulation called: { hasObjectManager: [33mtrue[39m, hasScene: [33mtrue[39m, nodeCount: [33m3[39m, linkCount: [33m1[39m }
[Graph3D] Clearing existing objects...
[Graph3D] Calling createSimulation...
[Graph3D] Simulation created, setting up event handlers...
[Graph3D] Data changed: {
  nodesLen: [33m3[39m,
  linksLen: [33m1[39m,
  key: [33m1776869855083[39m,
  timestamp: [33m1776869854080[39m
}
[Graph3D] Creating simulation: [33m3[39m nodes
[Graph3D] createGraphSimulation called: { hasObjectManager: [33mtrue[39m, hasScene: [33mtrue[39m, nodeCount: [33m3[39m, linkCount: [33m1[39m }
[Graph3D] Clearing existing objects...
[Graph3D] Calling createSimulation...
[Graph3D] Simulation created, setting up event handlers...
[Graph3D] Data changed: {
  nodesLen: [33m3[39m,
  linksLen: [33m1[39m,
  key: [33m1776869855104[39m,
  timestamp: [33m1776869854101[39m
}
[Graph3D] Creating simulation: [33m3[39m nodes
[Graph3D] createGraphSimulation called: { hasObjectManager: [33mtrue[39m, hasScene: [33mtrue[39m, nodeCount: [33m3[39m, linkCount: [33m1[39m }
[Graph3D] Clearing existing objects...
[Graph3D] Calling createSimulation...
[Graph3D] Simulation created, setting up event handlers...
[Graph3D] Data changed: {
  nodesLen: [33m3[39m,
  linksLen: [33m1[39m,
  key: [33m1776869855126[39m,
  timestamp: [33m1776869854123[39m
}
[Graph3D] Creating simulation: [33m3[39m nodes
[Graph3D] createGraphSimulation called: { hasObjectManager: [33mtrue[39m, hasScene: [33mtrue[39m, nodeCount: [33m3[39m, linkCount: [33m1[39m }
[Graph3D] Clearing existing objects...
[Graph3D] Calling createSimulation...
[Graph3D] Simulation created, setting up event handlers...
[Graph3D] Data changed: {
  nodesLen: [33m3[39m,
  linksLen: [33m1[39m,
  key: [33m1776869855148[39m,
  timestamp: [33m1776869854145[39m
}
[Graph3D] Creating simulation: [33m3[39m nodes
[Graph3D] createGraphSimulation called: { hasObjectManager: [33mtrue[39m, hasScene: [33mtrue[39m, nodeCount: [33m3[39m, linkCount: [33m1[39m }
[Graph3D] Clearing existing objects...
[Graph3D] Calling createSimulation...
[Graph3D] Simulation created, setting up event handlers...
[Graph3D] Data changed: {
  nodesLen: [33m3[39m,
  linksLen: [33m1[39m,
  key: [33m1776869855169[39m,
  timestamp: [33m1776869854166[39m
}
[Graph3D] Creating simulation: [33m3[39m nodes
[Graph3D] createGraphSimulation called: { hasObjectManager: [33mtrue[39m, hasScene: [33mtrue[39m, nodeCount: [33m3[39m, linkCount: [33m1[39m }
[Graph3D] Clearing existing objects...
[Graph3D] Calling createSimulation...
[Graph3D] Simulation created, setting up event handlers...
[Graph3D] Data changed: {
  nodesLen: [33m3[39m,
  linksLen: [33m1[39m,
  key: [33m1776869855191[39m,
  timestamp: [33m1776869854188[39m
}
[Graph3D] Creating simulation: [33m3[39m nodes
[Graph3D] createGraphSimulation called: { hasObjectManager: [33mtrue[39m, hasScene: [33mtrue[39m, nodeCount: [33m3[39m, linkCount: [33m1[39m }
[Graph3D] Clearing existing objects...
[Graph3D] Calling createSimulation...
[Graph3D] Simulation created, setting up event handlers...
[Graph3D] Data changed: {
  nodesLen: [33m3[39m,
  linksLen: [33m1[39m,
  key: [33m1776869855213[39m,
  timestamp: [33m1776869854210[39m
}
[Graph3D] Creating simulation: [33m3[39m nodes
[Graph3D] createGraphSimulation called: { hasObjectManager: [33mtrue[39m, hasScene: [33mtrue[39m, nodeCount: [33m3[39m, linkCount: [33m1[39m }
[Graph3D] Clearing existing objects...
[Graph3D] Calling createSimulation...
[Graph3D] Simulation created, setting up event handlers...
[Graph3D] Data changed: {
  nodesLen: [33m3[39m,
  linksLen: [33m1[39m,
  key: [33m1776869855234[39m,
  timestamp: [33m1776869854231[39m
}
[Graph3D] Creating simulation: [33m3[39m nodes
[Graph3D] createGraphSimulation called: { hasObjectManager: [33mtrue[39m, hasScene: [33mtrue[39m, nodeCount: [33m3[39m, linkCount: [33m1[39m }
[Graph3D] Clearing existing objects...
[Graph3D] Calling createSimulation...
[Graph3D] Simulation created, setting up event handlers...
[Graph3D] Data changed: {
  nodesLen: [33m3[39m,
  linksLen: [33m1[39m,
  key: [33m1776869855256[39m,
  timestamp: [33m1776869854253[39m
}
[Graph3D] Creating simulation: [33m3[39m nodes
[Graph3D] createGraphSimulation called: { hasObjectManager: [33mtrue[39m, hasScene: [33mtrue[39m, nodeCount: [33m3[39m, linkCount: [33m1[39m }
[Graph3D] Clearing existing objects...
[Graph3D] Calling createSimulation...
[Graph3D] Simulation created, setting up event handlers...
[Graph3D] Data changed: {
  nodesLen: [33m3[39m,
  linksLen: [33m1[39m,
  key: [33m1776869855279[39m,
  timestamp: [33m1776869854276[39m
}
[Graph3D] Creating simulation: [33m3[39m nodes
[Graph3D] createGraphSimulation called: { hasObjectManager: [33mtrue[39m, hasScene: [33mtrue[39m, nodeCount: [33m3[39m, linkCount: [33m1[39m }
[Graph3D] Clearing existing objects...
[Graph3D] Calling createSimulation...
[Graph3D] Simulation created, setting up event handlers...
[Graph3D] Data changed: {
  nodesLen: [33m3[39m,
  linksLen: [33m1[39m,
  key: [33m1776869855300[39m,
  timestamp: [33m1776869854297[39m
}
[Graph3D] Creating simulation: [33m3[39m nodes
[Graph3D] createGraphSimulation called: { hasObjectManager: [33mtrue[39m, hasScene: [33mtrue[39m, nodeCount: [33m3[39m, linkCount: [33m1[39m }
[Graph3D] Clearing existing objects...
[Graph3D] Calling createSimulation...
[Graph3D] Simulation created, setting up event handlers...
[Graph3D] Data changed: {
  nodesLen: [33m3[39m,
  linksLen: [33m1[39m,
  key: [33m1776869855321[39m,
  timestamp: [33m1776869854318[39m
}
[Graph3D] Creating simulation: [33m3[39m nodes
[Graph3D] createGraphSimulation called: { hasObjectManager: [33mtrue[39m, hasScene: [33mtrue[39m, nodeCount: [33m3[39m, linkCount: [33m1[39m }
[Graph3D] Clearing existing objects...
[Graph3D] Calling createSimulation...
[Graph3D] Simulation created, setting up event handlers...
[Graph3D] Data changed: {
  nodesLen: [33m3[39m,
  linksLen: [33m1[39m,
  key: [33m1776869855345[39m,
  timestamp: [33m1776869854342[39m
}
[Graph3D] Creating simulation: [33m3[39m nodes
[Graph3D] createGraphSimulation called: { hasObjectManager: [33mtrue[39m, hasScene: [33mtrue[39m, nodeCount: [33m3[39m, linkCount: [33m1[39m }
[Graph3D] Clearing existing objects...
[Graph3D] Calling createSimulation...
[Graph3D] Simulation created, setting up event handlers...
[Graph3D] Data changed: {
  nodesLen: [33m3[39m,
  linksLen: [33m1[39m,
  key: [33m1776869855369[39m,
  timestamp: [33m1776869854366[39m
}
[Graph3D] Creating simulation: [33m3[39m nodes
[Graph3D] createGraphSimulation called: { hasObjectManager: [33mtrue[39m, hasScene: [33mtrue[39m, nodeCount: [33m3[39m, linkCount: [33m1[39m }
[Graph3D] Clearing existing objects...
[Graph3D] Calling createSimulation...
[Graph3D] Simulation created, setting up event handlers...
[Graph3D] Data changed: {
  nodesLen: [33m3[39m,
  linksLen: [33m1[39m,
  key: [33m1776869855391[39m,
  timestamp: [33m1776869854388[39m
}
[Graph3D] Creating simulation: [33m3[39m nodes
[Graph3D] createGraphSimulation called: { hasObjectManager: [33mtrue[39m, hasScene: [33mtrue[39m, nodeCount: [33m3[39m, linkCount: [33m1[39m }
[Graph3D] Clearing existing objects...
[Graph3D] Calling createSimulation...
[Graph3D] Simulation created, setting up event handlers...
[Graph3D] Data changed: {
  nodesLen: [33m3[39m,
  linksLen: [33m1[39m,
  key: [33m1776869855414[39m,
  timestamp: [33m1776869854411[39m
}
[Graph3D] Creating simulation: [33m3[39m nodes
[Graph3D] createGraphSimulation called: { hasObjectManager: [33mtrue[39m, hasScene: [33mtrue[39m, nodeCount: [33m3[39m, linkCount: [33m1[39m }
[Graph3D] Clearing existing objects...
[Graph3D] Calling createSimulation...
[Graph3D] Simulation created, setting up event handlers...
[Graph3D] Data changed: {
  nodesLen: [33m3[39m,
  linksLen: [33m1[39m,
  key: [33m1776869855437[39m,
  timestamp: [33m1776869854434[39m
}
[Graph3D] Creating simulation: [33m3[39m nodes
[Graph3D] createGraphSimulation called: { hasObjectManager: [33mtrue[39m, hasScene: [33mtrue[39m, nodeCount: [33m3[39m, linkCount: [33m1[39m }
[Graph3D] Clearing existing objects...
[Graph3D] Calling createSimulation...
[Graph3D] Simulation created, setting up event handlers...
[Graph3D] Data changed: {
  nodesLen: [33m3[39m,
  linksLen: [33m1[39m,
  key: [33m1776869855459[39m,
  timestamp: [33m1776869854456[39m
}
[Graph3D] Creating simulation: [33m3[39m nodes
[Graph3D] createGraphSimulation called: { hasObjectManager: [33mtrue[39m, hasScene: [33mtrue[39m, nodeCount: [33m3[39m, linkCount: [33m1[39m }
[Graph3D] Clearing existing objects...
[Graph3D] Calling createSimulation...
[Graph3D] Simulation created, setting up event handlers...
[Graph3D] Data changed: {
  nodesLen: [33m3[39m,
  linksLen: [33m1[39m,
  key: [33m1776869855483[39m,
  timestamp: [33m1776869854480[39m
}
[Graph3D] Creating simulation: [33m3[39m nodes
[Graph3D] createGraphSimulation called: { hasObjectManager: [33mtrue[39m, hasScene: [33mtrue[39m, nodeCount: [33m3[39m, linkCount: [33m1[39m }
[Graph3D] Clearing existing objects...
[Graph3D] Calling createSimulation...
[Graph3D] Simulation created, setting up event handlers...
[Graph3D] Data changed: {
  nodesLen: [33m3[39m,
  linksLen: [33m1[39m,
  key: [33m1776869855505[39m,
  timestamp: [33m1776869854502[39m
}
[Graph3D] Creating simulation: [33m3[39m nodes
[Graph3D] createGraphSimulation called: { hasObjectManager: [33mtrue[39m, hasScene: [33mtrue[39m, nodeCount: [33m3[39m, linkCount: [33m1[39m }
[Graph3D] Clearing existing objects...
[Graph3D] Calling createSimulation...
[Graph3D] Simulation created, setting up event handlers...
[Graph3D] Data changed: {
  nodesLen: [33m3[39m,
  linksLen: [33m1[39m,
  key: [33m1776869855528[39m,
  timestamp: [33m1776869854525[39m
}
[Graph3D] Creating simulation: [33m3[39m nodes
[Graph3D] createGraphSimulation called: { hasObjectManager: [33mtrue[39m, hasScene: [33mtrue[39m, nodeCount: [33m3[39m, linkCount: [33m1[39m }
[Graph3D] Clearing existing objects...
[Graph3D] Calling createSimulation...
[Graph3D] Simulation created, setting up event handlers...
[Graph3D] Data changed: {
  nodesLen: [33m3[39m,
  linksLen: [33m1[39m,
  key: [33m1776869855552[39m,
  timestamp: [33m1776869854549[39m
}
[Graph3D] Creating simulation: [33m3[39m nodes
[Graph3D] createGraphSimulation called: { hasObjectManager: [33mtrue[39m, hasScene: [33mtrue[39m, nodeCount: [33m3[39m, linkCount: [33m1[39m }
[Graph3D] Clearing existing objects...
[Graph3D] Calling createSimulation...
[Graph3D] Simulation created, setting up event handlers...
[Graph3D] Data changed: {
  nodesLen: [33m3[39m,
  linksLen: [33m1[39m,
  key: [33m1776869855574[39m,
  timestamp: [33m1776869854571[39m
}
[Graph3D] Creating simulation: [33m3[39m nodes
[Graph3D] createGraphSimulation called: { hasObjectManager: [33mtrue[39m, hasScene: [33mtrue[39m, nodeCount: [33m3[39m, linkCount: [33m1[39m }
[Graph3D] Clearing existing objects...
[Graph3D] Calling createSimulation...
[Graph3D] Simulation created, setting up event handlers...
[Graph3D] Data changed: {
  nodesLen: [33m3[39m,
  linksLen: [33m1[39m,
  key: [33m1776869855598[39m,
  timestamp: [33m1776869854595[39m
}
[Graph3D] Creating simulation: [33m3[39m nodes
[Graph3D] createGraphSimulation called: { hasObjectManager: [33mtrue[39m, hasScene: [33mtrue[39m, nodeCount: [33m3[39m, linkCount: [33m1[39m }
[Graph3D] Clearing existing objects...
[Graph3D] Calling createSimulation...
[Graph3D] Simulation created, setting up event handlers...
[Graph3D] Data changed: {
  nodesLen: [33m3[39m,
  linksLen: [33m1[39m,
  key: [33m1776869855621[39m,
  timestamp: [33m1776869854618[39m
}
[Graph3D] Creating simulation: [33m3[39m nodes
[Graph3D] createGraphSimulation called: { hasObjectManager: [33mtrue[39m, hasScene: [33mtrue[39m, nodeCount: [33m3[39m, linkCount: [33m1[39m }
[Graph3D] Clearing existing objects...
[Graph3D] Calling createSimulation...
[Graph3D] Simulation created, setting up event handlers...
[Graph3D] Data changed: {
  nodesLen: [33m3[39m,
  linksLen: [33m1[39m,
  key: [33m1776869855646[39m,
  timestamp: [33m1776869854643[39m
}
[Graph3D] Creating simulation: [33m3[39m nodes
[Graph3D] createGraphSimulation called: { hasObjectManager: [33mtrue[39m, hasScene: [33mtrue[39m, nodeCount: [33m3[39m, linkCount: [33m1[39m }
[Graph3D] Clearing existing objects...
[Graph3D] Calling createSimulation...
[Graph3D] Simulation created, setting up event handlers...
[Graph3D] Data changed: {
  nodesLen: [33m3[39m,
  linksLen: [33m1[39m,
  key: [33m1776869855668[39m,
  timestamp: [33m1776869854665[39m
}
[Graph3D] Creating simulation: [33m3[39m nodes
[Graph3D] createGraphSimulation called: { hasObjectManager: [33mtrue[39m, hasScene: [33mtrue[39m, nodeCount: [33m3[39m, linkCount: [33m1[39m }
[Graph3D] Clearing existing objects...
[Graph3D] Calling createSimulation...
[Graph3D] Simulation created, setting up event handlers...
[Graph3D] Data changed: {
  nodesLen: [33m3[39m,
  linksLen: [33m1[39m,
  key: [33m1776869855692[39m,
  timestamp: [33m1776869854689[39m
}
[Graph3D] Creating simulation: [33m3[39m nodes
[Graph3D] createGraphSimulation called: { hasObjectManager: [33mtrue[39m, hasScene: [33mtrue[39m, nodeCount: [33m3[39m, linkCount: [33m1[39m }
[Graph3D] Clearing existing objects...
[Graph3D] Calling createSimulation...
[Graph3D] Simulation created, setting up event handlers...
[Graph3D] Data changed: {
  nodesLen: [33m3[39m,
  linksLen: [33m1[39m,
  key: [33m1776869855717[39m,
  timestamp: [33m1776869854714[39m
}
[Graph3D] Creating simulation: [33m3[39m nodes
[Graph3D] createGraphSimulation called: { hasObjectManager: [33mtrue[39m, hasScene: [33mtrue[39m, nodeCount: [33m3[39m, linkCount: [33m1[39m }
[Graph3D] Clearing existing objects...
[Graph3D] Calling createSimulation...
[Graph3D] Simulation created, setting up event handlers...
[Graph3D] Data changed: {
  nodesLen: [33m3[39m,
  linksLen: [33m1[39m,
  key: [33m1776869855739[39m,
  timestamp: [33m1776869854736[39m
}
[Graph3D] Creating simulation: [33m3[39m nodes
[Graph3D] createGraphSimulation called: { hasObjectManager: [33mtrue[39m, hasScene: [33mtrue[39m, nodeCount: [33m3[39m, linkCount: [33m1[39m }
[Graph3D] Clearing existing objects...
[Graph3D] Calling createSimulation...
[Graph3D] Simulation created, setting up event handlers...
[Graph3D] Data changed: {
  nodesLen: [33m3[39m,
  linksLen: [33m1[39m,
  key: [33m1776869855763[39m,
  timestamp: [33m1776869854760[39m
}
[Graph3D] Creating simulation: [33m3[39m nodes
[Graph3D] createGraphSimulation called: { hasObjectManager: [33mtrue[39m, hasScene: [33mtrue[39m, nodeCount: [33m3[39m, linkCount: [33m1[39m }
[Graph3D] Clearing existing objects...
[Graph3D] Calling createSimulation...
[Graph3D] Simulation created, setting up event handlers...
[Graph3D] Data changed: {
  nodesLen: [33m3[39m,
  linksLen: [33m1[39m,
  key: [33m1776869855785[39m,
  timestamp: [33m1776869854782[39m
}
[Graph3D] Creating simulation: [33m3[39m nodes
[Graph3D] createGraphSimulation called: { hasObjectManager: [33mtrue[39m, hasScene: [33mtrue[39m, nodeCount: [33m3[39m, linkCount: [33m1[39m }
[Graph3D] Clearing existing objects...
[Graph3D] Calling createSimulation...
[Graph3D] Simulation created, setting up event handlers...
[Graph3D] Data changed: {
  nodesLen: [33m3[39m,
  linksLen: [33m1[39m,
  key: [33m1776869855809[39m,
  timestamp: [33m1776869854806[39m
}
[Graph3D] Creating simulation: [33m3[39m nodes
[Graph3D] createGraphSimulation called: { hasObjectManager: [33mtrue[39m, hasScene: [33mtrue[39m, nodeCount: [33m3[39m, linkCount: [33m1[39m }
[Graph3D] Clearing existing objects...
[Graph3D] Calling createSimulation...
[Graph3D] Simulation created, setting up event handlers...
[Graph3D] Data changed: {
  nodesLen: [33m3[39m,
  linksLen: [33m1[39m,
  key: [33m1776869855839[39m,
  timestamp: [33m1776869854836[39m
}
[Graph3D] Creating simulation: [33m3[39m nodes
[Graph3D] createGraphSimulation called: { hasObjectManager: [33mtrue[39m, hasScene: [33mtrue[39m, nodeCount: [33m3[39m, linkCount: [33m1[39m }
[Graph3D] Clearing existing objects...
[Graph3D] Calling createSimulation...
[Graph3D] Simulation created, setting up event handlers...
[Graph3D] Data changed: {
  nodesLen: [33m3[39m,
  linksLen: [33m1[39m,
  key: [33m1776869855864[39m,
  timestamp: [33m1776869854861[39m
}
[Graph3D] Creating simulation: [33m3[39m nodes
[Graph3D] createGraphSimulation called: { hasObjectManager: [33mtrue[39m, hasScene: [33mtrue[39m, nodeCount: [33m3[39m, linkCount: [33m1[39m }
[Graph3D] Clearing existing objects...
[Graph3D] Calling createSimulation...
[Graph3D] Simulation created, setting up event handlers...
[Graph3D] Data changed: {
  nodesLen: [33m3[39m,
  linksLen: [33m1[39m,
  key: [33m1776869855888[39m,
  timestamp: [33m1776869854885[39m
}
[Graph3D] Creating simulation: [33m3[39m nodes
[Graph3D] createGraphSimulation called: { hasObjectManager: [33mtrue[39m, hasScene: [33mtrue[39m, nodeCount: [33m3[39m, linkCount: [33m1[39m }
[Graph3D] Clearing existing objects...
[Graph3D] Calling createSimulation...
[Graph3D] Simulation created, setting up event handlers...
[Graph3D] Data changed: {
  nodesLen: [33m3[39m,
  linksLen: [33m1[39m,
  key: [33m1776869855913[39m,
  timestamp: [33m1776869854910[39m
}
[Graph3D] Creating simulation: [33m3[39m nodes
[Graph3D] createGraphSimulation called: { hasObjectManager: [33mtrue[39m, hasScene: [33mtrue[39m, nodeCount: [33m3[39m, linkCount: [33m1[39m }
[Graph3D] Clearing existing objects...
[Graph3D] Calling createSimulation...
[Graph3D] Simulation created, setting up event handlers...
[Graph3D] Data changed: {
  nodesLen: [33m3[39m,
  linksLen: [33m1[39m,
  key: [33m1776869855944[39m,
  timestamp: [33m1776869854941[39m
}
[Graph3D] Creating simulation: [33m3[39m nodes
[Graph3D] createGraphSimulation called: { hasObjectManager: [33mtrue[39m, hasScene: [33mtrue[39m, nodeCount: [33m3[39m, linkCount: [33m1[39m }
[Graph3D] Clearing existing objects...
[Graph3D] Calling createSimulation...
[Graph3D] Simulation created, setting up event handlers...
[Graph3D] Data changed: {
  nodesLen: [33m3[39m,
  linksLen: [33m1[39m,
  key: [33m1776869855969[39m,
  timestamp: [33m1776869854966[39m
}
[Graph3D] Creating simulation: [33m3[39m nodes
[Graph3D] createGraphSimulation called: { hasObjectManager: [33mtrue[39m, hasScene: [33mtrue[39m, nodeCount: [33m3[39m, linkCount: [33m1[39m }
[Graph3D] Clearing existing objects...
[Graph3D] Calling createSimulation...
[Graph3D] Simulation created, setting up event handlers...
[Graph3D] Data changed: {
  nodesLen: [33m3[39m,
  linksLen: [33m1[39m,
  key: [33m1776869855996[39m,
  timestamp: [33m1776869854993[39m
}
[Graph3D] Creating simulation: [33m3[39m nodes
[Graph3D] createGraphSimulation called: { hasObjectManager: [33mtrue[39m, hasScene: [33mtrue[39m, nodeCount: [33m3[39m, linkCount: [33m1[39m }
[Graph3D] Clearing existing objects...
[Graph3D] Calling createSimulation...
[Graph3D] Simulation created, setting up event handlers...
[Graph3D] Data changed: {
  nodesLen: [33m3[39m,
  linksLen: [33m1[39m,
  key: [33m1776869856020[39m,
  timestamp: [33m1776869855017[39m
}
[Graph3D] Creating simulation: [33m3[39m nodes
[Graph3D] createGraphSimulation called: { hasObjectManager: [33mtrue[39m, hasScene: [33mtrue[39m, nodeCount: [33m3[39m, linkCount: [33m1[39m }
[Graph3D] Clearing existing objects...
[Graph3D] Calling createSimulation...
[Graph3D] Simulation created, setting up event handlers...
[Graph3D] Data changed: {
  nodesLen: [33m3[39m,
  linksLen: [33m1[39m,
  key: [33m1776869856045[39m,
  timestamp: [33m1776869855042[39m
}
[Graph3D] Creating simulation: [33m3[39m nodes
[Graph3D] createGraphSimulation called: { hasObjectManager: [33mtrue[39m, hasScene: [33mtrue[39m, nodeCount: [33m3[39m, linkCount: [33m1[39m }
[Graph3D] Clearing existing objects...
[Graph3D] Calling createSimulation...
[Graph3D] Simulation created, setting up event handlers...
[Graph3D] Data changed: {
  nodesLen: [33m3[39m,
  linksLen: [33m1[39m,
  key: [33m1776869856069[39m,
  timestamp: [33m1776869855066[39m
}
[Graph3D] Creating simulation: [33m3[39m nodes
[Graph3D] createGraphSimulation called: { hasObjectManager: [33mtrue[39m, hasScene: [33mtrue[39m, nodeCount: [33m3[39m, linkCount: [33m1[39m }
[Graph3D] Clearing existing objects...
[Graph3D] Calling createSimulation...
[Graph3D] Simulation created, setting up event handlers...
[Graph3D] Data changed: {
  nodesLen: [33m3[39m,
  linksLen: [33m1[39m,
  key: [33m1776869856093[39m,
  timestamp: [33m1776869855090[39m
}
[Graph3D] Creating simulation: [33m3[39m nodes
[Graph3D] createGraphSimulation called: { hasObjectManager: [33mtrue[39m, hasScene: [33mtrue[39m, nodeCount: [33m3[39m, linkCount: [33m1[39m }
[Graph3D] Clearing existing objects...
[Graph3D] Calling createSimulation...
[Graph3D] Simulation created, setting up event handlers...
[Graph3D] Data changed: {
  nodesLen: [33m3[39m,
  linksLen: [33m1[39m,
  key: [33m1776869856117[39m,
  timestamp: [33m1776869855114[39m
}
[Graph3D] Creating simulation: [33m3[39m nodes
[Graph3D] createGraphSimulation called: { hasObjectManager: [33mtrue[39m, hasScene: [33mtrue[39m, nodeCount: [33m3[39m, linkCount: [33m1[39m }
[Graph3D] Clearing existing objects...
[Graph3D] Calling createSimulation...
[Graph3D] Simulation created, setting up event handlers...
[Graph3D] Data changed: {
  nodesLen: [33m3[39m,
  linksLen: [33m1[39m,
  key: [33m1776869856141[39m,
  timestamp: [33m1776869855138[39m
}
[Graph3D] Creating simulation: [33m3[39m nodes
[Graph3D] createGraphSimulation called: { hasObjectManager: [33mtrue[39m, hasScene: [33mtrue[39m, nodeCount: [33m3[39m, linkCount: [33m1[39m }
[Graph3D] Clearing existing objects...
[Graph3D] Calling createSimulation...
[Graph3D] Simulation created, setting up event handlers...
[Graph3D] Data changed: {
  nodesLen: [33m3[39m,
  linksLen: [33m1[39m,
  key: [33m1776869856165[39m,
  timestamp: [33m1776869855162[39m
}
[Graph3D] Creating simulation: [33m3[39m nodes
[Graph3D] createGraphSimulation called: { hasObjectManager: [33mtrue[39m, hasScene: [33mtrue[39m, nodeCount: [33m3[39m, linkCount: [33m1[39m }
[Graph3D] Clearing existing objects...
[Graph3D] Calling createSimulation...
[Graph3D] Simulation created, setting up event handlers...
[Graph3D] Data changed: {
  nodesLen: [33m3[39m,
  linksLen: [33m1[39m,
  key: [33m1776869856191[39m,
  timestamp: [33m1776869855188[39m
}
[Graph3D] Creating simulation: [33m3[39m nodes
[Graph3D] createGraphSimulation called: { hasObjectManager: [33mtrue[39m, hasScene: [33mtrue[39m, nodeCount: [33m3[39m, linkCount: [33m1[39m }
[Graph3D] Clearing existing objects...
[Graph3D] Calling createSimulation...
[Graph3D] Simulation created, setting up event handlers...
[Graph3D] Data changed: {
  nodesLen: [33m3[39m,
  linksLen: [33m1[39m,
  key: [33m1776869856216[39m,
  timestamp: [33m1776869855213[39m
}
[Graph3D] Creating simulation: [33m3[39m nodes
[Graph3D] createGraphSimulation called: { hasObjectManager: [33mtrue[39m, hasScene: [33mtrue[39m, nodeCount: [33m3[39m, linkCount: [33m1[39m }
[Graph3D] Clearing existing objects...
[Graph3D] Calling createSimulation...
[Graph3D] Simulation created, setting up event handlers...
[Graph3D] Data changed: {
  nodesLen: [33m3[39m,
  linksLen: [33m1[39m,
  key: [33m1776869856242[39m,
  timestamp: [33m1776869855239[39m
}
[Graph3D] Creating simulation: [33m3[39m nodes
[Graph3D] createGraphSimulation called: { hasObjectManager: [33mtrue[39m, hasScene: [33mtrue[39m, nodeCount: [33m3[39m, linkCount: [33m1[39m }
[Graph3D] Clearing existing objects...
[Graph3D] Calling createSimulation...
[Graph3D] Simulation created, setting up event handlers...
[Graph3D] Data changed: {
  nodesLen: [33m3[39m,
  linksLen: [33m1[39m,
  key: [33m1776869856265[39m,
  timestamp: [33m1776869855262[39m
}
[Graph3D] Creating simulation: [33m3[39m nodes
[Graph3D] createGraphSimulation called: { hasObjectManager: [33mtrue[39m, hasScene: [33mtrue[39m, nodeCount: [33m3[39m, linkCount: [33m1[39m }
[Graph3D] Clearing existing objects...
[Graph3D] Calling createSimulation...
[Graph3D] Simulation created, setting up event handlers...
[Graph3D] Data changed: {
  nodesLen: [33m3[39m,
  linksLen: [33m1[39m,
  key: [33m1776869856289[39m,
  timestamp: [33m1776869855286[39m
}
[Graph3D] Creating simulation: [33m3[39m nodes
[Graph3D] createGraphSimulation called: { hasObjectManager: [33mtrue[39m, hasScene: [33mtrue[39m, nodeCount: [33m3[39m, linkCount: [33m1[39m }
[Graph3D] Clearing existing objects...
[Graph3D] Calling createSimulation...
[Graph3D] Simulation created, setting up event handlers...
[Graph3D] Data changed: {
  nodesLen: [33m3[39m,
  linksLen: [33m1[39m,
  key: [33m1776869856313[39m,
  timestamp: [33m1776869855310[39m
}
[Graph3D] Creating simulation: [33m3[39m nodes
[Graph3D] createGraphSimulation called: { hasObjectManager: [33mtrue[39m, hasScene: [33mtrue[39m, nodeCount: [33m3[39m, linkCount: [33m1[39m }
[Graph3D] Clearing existing objects...
[Graph3D] Calling createSimulation...
[Graph3D] Simulation created, setting up event handlers...
[Graph3D] Data changed: {
  nodesLen: [33m3[39m,
  linksLen: [33m1[39m,
  key: [33m1776869856342[39m,
  timestamp: [33m1776869855339[39m
}
[Graph3D] Creating simulation: [33m3[39m nodes
[Graph3D] createGraphSimulation called: { hasObjectManager: [33mtrue[39m, hasScene: [33mtrue[39m, nodeCount: [33m3[39m, linkCount: [33m1[39m }
[Graph3D] Clearing existing objects...
[Graph3D] Calling createSimulation...
[Graph3D] Simulation created, setting up event handlers...
[Graph3D] Data changed: {
  nodesLen: [33m3[39m,
  linksLen: [33m1[39m,
  key: [33m1776869856368[39m,
  timestamp: [33m1776869855365[39m
}
[Graph3D] Creating simulation: [33m3[39m nodes
[Graph3D] createGraphSimulation called: { hasObjectManager: [33mtrue[39m, hasScene: [33mtrue[39m, nodeCount: [33m3[39m, linkCount: [33m1[39m }
[Graph3D] Clearing existing objects...
[Graph3D] Calling createSimulation...
[Graph3D] Simulation created, setting up event handlers...
[Graph3D] Data changed: {
  nodesLen: [33m3[39m,
  linksLen: [33m1[39m,
  key: [33m1776869856401[39m,
  timestamp: [33m1776869855398[39m
}
[Graph3D] Creating simulation: [33m3[39m nodes
[Graph3D] createGraphSimulation called: { hasObjectManager: [33mtrue[39m, hasScene: [33mtrue[39m, nodeCount: [33m3[39m, linkCount: [33m1[39m }
[Graph3D] Clearing existing objects...
[Graph3D] Calling createSimulation...
[Graph3D] Simulation created, setting up event handlers...
[Graph3D] Data changed: {
  nodesLen: [33m3[39m,
  linksLen: [33m1[39m,
  key: [33m1776869856432[39m,
  timestamp: [33m1776869855429[39m
}
[Graph3D] Creating simulation: [33m3[39m nodes
[Graph3D] createGraphSimulation called: { hasObjectManager: [33mtrue[39m, hasScene: [33mtrue[39m, nodeCount: [33m3[39m, linkCount: [33m1[39m }
[Graph3D] Clearing existing objects...
[Graph3D] Calling createSimulation...
[Graph3D] Simulation created, setting up event handlers...
[Graph3D] Data changed: {
  nodesLen: [33m3[39m,
  linksLen: [33m1[39m,
  key: [33m1776869856458[39m,
  timestamp: [33m1776869855455[39m
}
[Graph3D] Creating simulation: [33m3[39m nodes
[Graph3D] createGraphSimulation called: { hasObjectManager: [33mtrue[39m, hasScene: [33mtrue[39m, nodeCount: [33m3[39m, linkCount: [33m1[39m }
[Graph3D] Clearing existing objects...
[Graph3D] Calling createSimulation...
[Graph3D] Simulation created, setting up event handlers...
[Graph3D] Data changed: {
  nodesLen: [33m3[39m,
  linksLen: [33m1[39m,
  key: [33m1776869856485[39m,
  timestamp: [33m1776869855482[39m
}
[Graph3D] Creating simulation: [33m3[39m nodes
[Graph3D] createGraphSimulation called: { hasObjectManager: [33mtrue[39m, hasScene: [33mtrue[39m, nodeCount: [33m3[39m, linkCount: [33m1[39m }
[Graph3D] Clearing existing objects...
[Graph3D] Calling createSimulation...
[Graph3D] Simulation created, setting up event handlers...
[Graph3D] Data changed: {
  nodesLen: [33m3[39m,
  linksLen: [33m1[39m,
  key: [33m1776869856509[39m,
  timestamp: [33m1776869855506[39m
}
[Graph3D] Creating simulation: [33m3[39m nodes
[Graph3D] createGraphSimulation called: { hasObjectManager: [33mtrue[39m, hasScene: [33mtrue[39m, nodeCount: [33m3[39m, linkCount: [33m1[39m }
[Graph3D] Clearing existing objects...
[Graph3D] Calling createSimulation...
[Graph3D] Simulation created, setting up event handlers...
[Graph3D] Data changed: {
  nodesLen: [33m3[39m,
  linksLen: [33m1[39m,
  key: [33m1776869856534[39m,
  timestamp: [33m1776869855531[39m
}
[Graph3D] Creating simulation: [33m3[39m nodes
[Graph3D] createGraphSimulation called: { hasObjectManager: [33mtrue[39m, hasScene: [33mtrue[39m, nodeCount: [33m3[39m, linkCount: [33m1[39m }
[Graph3D] Clearing existing objects...
[Graph3D] Calling createSimulation...
[Graph3D] Simulation created, setting up event handlers...
[Graph3D] Data changed: {
  nodesLen: [33m3[39m,
  linksLen: [33m1[39m,
  key: [33m1776869856559[39m,
  timestamp: [33m1776869855556[39m
}
[Graph3D] Creating simulation: [33m3[39m nodes
[Graph3D] createGraphSimulation called: { hasObjectManager: [33mtrue[39m, hasScene: [33mtrue[39m, nodeCount: [33m3[39m, linkCount: [33m1[39m }
[Graph3D] Clearing existing objects...
[Graph3D] Calling createSimulation...
[Graph3D] Simulation created, setting up event handlers...
[Graph3D] Data changed: {
  nodesLen: [33m3[39m,
  linksLen: [33m1[39m,
  key: [33m1776869856584[39m,
  timestamp: [33m1776869855581[39m
}
[Graph3D] Creating simulation: [33m3[39m nodes
[Graph3D] createGraphSimulation called: { hasObjectManager: [33mtrue[39m, hasScene: [33mtrue[39m, nodeCount: [33m3[39m, linkCount: [33m1[39m }
[Graph3D] Clearing existing objects...
[Graph3D] Calling createSimulation...
[Graph3D] Simulation created, setting up event handlers...
[Graph3D] Data changed: {
  nodesLen: [33m3[39m,
  linksLen: [33m1[39m,
  key: [33m1776869856611[39m,
  timestamp: [33m1776869855608[39m
}
[Graph3D] Creating simulation: [33m3[39m nodes
[Graph3D] createGraphSimulation called: { hasObjectManager: [33mtrue[39m, hasScene: [33mtrue[39m, nodeCount: [33m3[39m, linkCount: [33m1[39m }
[Graph3D] Clearing existing objects...
[Graph3D] Calling createSimulation...
[Graph3D] Simulation created, setting up event handlers...
[Graph3D] Data changed: {
  nodesLen: [33m3[39m,
  linksLen: [33m1[39m,
  key: [33m1776869856635[39m,
  timestamp: [33m1776869855632[39m
}
[Graph3D] Creating simulation: [33m3[39m nodes
[Graph3D] createGraphSimulation called: { hasObjectManager: [33mtrue[39m, hasScene: [33mtrue[39m, nodeCount: [33m3[39m, linkCount: [33m1[39m }
[Graph3D] Clearing existing objects...
[Graph3D] Calling createSimulation...
[Graph3D] Simulation created, setting up event handlers...
[Graph3D] Data changed: {
  nodesLen: [33m3[39m,
  linksLen: [33m1[39m,
  key: [33m1776869856660[39m,
  timestamp: [33m1776869855657[39m
}
[Graph3D] Creating simulation: [33m3[39m nodes
[Graph3D] createGraphSimulation called: { hasObjectManager: [33mtrue[39m, hasScene: [33mtrue[39m, nodeCount: [33m3[39m, linkCount: [33m1[39m }
[Graph3D] Clearing existing objects...
[Graph3D] Calling createSimulation...
[Graph3D] Simulation created, setting up event handlers...
[Graph3D] Data changed: {
  nodesLen: [33m3[39m,
  linksLen: [33m1[39m,
  key: [33m1776869856685[39m,
  timestamp: [33m1776869855682[39m
}
[Graph3D] Creating simulation: [33m3[39m nodes
[Graph3D] createGraphSimulation called: { hasObjectManager: [33mtrue[39m, hasScene: [33mtrue[39m, nodeCount: [33m3[39m, linkCount: [33m1[39m }
[Graph3D] Clearing existing objects...
[Graph3D] Calling createSimulation...
[Graph3D] Simulation created, setting up event handlers...
[Graph3D] Data changed: {
  nodesLen: [33m3[39m,
  linksLen: [33m1[39m,
  key: [33m1776869856712[39m,
  timestamp: [33m1776869855709[39m
}
[Graph3D] Creating simulation: [33m3[39m nodes
[Graph3D] createGraphSimulation called: { hasObjectManager: [33mtrue[39m, hasScene: [33mtrue[39m, nodeCount: [33m3[39m, linkCount: [33m1[39m }
[Graph3D] Clearing existing objects...
[Graph3D] Calling createSimulation...
[Graph3D] Simulation created, setting up event handlers...
[Graph3D] Data changed: {
  nodesLen: [33m3[39m,
  linksLen: [33m1[39m,
  key: [33m1776869856743[39m,
  timestamp: [33m1776869855740[39m
}
[Graph3D] Creating simulation: [33m3[39m nodes
[Graph3D] createGraphSimulation called: { hasObjectManager: [33mtrue[39m, hasScene: [33mtrue[39m, nodeCount: [33m3[39m, linkCount: [33m1[39m }
[Graph3D] Clearing existing objects...
[Graph3D] Calling createSimulation...
[Graph3D] Simulation created, setting up event handlers...
[Graph3D] Data changed: {
  nodesLen: [33m3[39m,
  linksLen: [33m1[39m,
  key: [33m1776869856769[39m,
  timestamp: [33m1776869855766[39m
}
[Graph3D] Creating simulation: [33m3[39m nodes
[Graph3D] createGraphSimulation called: { hasObjectManager: [33mtrue[39m, hasScene: [33mtrue[39m, nodeCount: [33m3[39m, linkCount: [33m1[39m }
[Graph3D] Clearing existing objects...
[Graph3D] Calling createSimulation...
[Graph3D] Simulation created, setting up event handlers...
[Graph3D] Data changed: {
  nodesLen: [33m3[39m,
  linksLen: [33m1[39m,
  key: [33m1776869856797[39m,
  timestamp: [33m1776869855794[39m
}
[Graph3D] Creating simulation: [33m3[39m nodes
[Graph3D] createGraphSimulation called: { hasObjectManager: [33mtrue[39m, hasScene: [33mtrue[39m, nodeCount: [33m3[39m, linkCount: [33m1[39m }
[Graph3D] Clearing existing objects...
[Graph3D] Calling createSimulation...
[Graph3D] Simulation created, setting up event handlers...
[Graph3D] Data changed: {
  nodesLen: [33m3[39m,
  linksLen: [33m1[39m,
  key: [33m1776869856837[39m,
  timestamp: [33m1776869855834[39m
}
[Graph3D] Creating simulation: [33m3[39m nodes
[Graph3D] createGraphSimulation called: { hasObjectManager: [33mtrue[39m, hasScene: [33mtrue[39m, nodeCount: [33m3[39m, linkCount: [33m1[39m }
[Graph3D] Clearing existing objects...
[Graph3D] Calling createSimulation...
[Graph3D] Simulation created, setting up event handlers...
[Graph3D] Data changed: {
  nodesLen: [33m3[39m,
  linksLen: [33m1[39m,
  key: [33m1776869856865[39m,
  timestamp: [33m1776869855862[39m
}
[Graph3D] Creating simulation: [33m3[39m nodes
[Graph3D] createGraphSimulation called: { hasObjectManager: [33mtrue[39m, hasScene: [33mtrue[39m, nodeCount: [33m3[39m, linkCount: [33m1[39m }
[Graph3D] Clearing existing objects...
[Graph3D] Calling createSimulation...
[Graph3D] Simulation created, setting up event handlers...
[Graph3D] Data changed: {
  nodesLen: [33m3[39m,
  linksLen: [33m1[39m,
  key: [33m1776869856891[39m,
  timestamp: [33m1776869855888[39m
}
[Graph3D] Creating simulation: [33m3[39m nodes
[Graph3D] createGraphSimulation called: { hasObjectManager: [33mtrue[39m, hasScene: [33mtrue[39m, nodeCount: [33m3[39m, linkCount: [33m1[39m }
[Graph3D] Clearing existing objects...
[Graph3D] Calling createSimulation...
[Graph3D] Simulation created, setting up event handlers...
[Graph3D] Data changed: {
  nodesLen: [33m3[39m,
  linksLen: [33m1[39m,
  key: [33m1776869856917[39m,
  timestamp: [33m1776869855914[39m
}
[Graph3D] Creating simulation: [33m3[39m nodes
[Graph3D] createGraphSimulation called: { hasObjectManager: [33mtrue[39m, hasScene: [33mtrue[39m, nodeCount: [33m3[39m, linkCount: [33m1[39m }
[Graph3D] Clearing existing objects...
[Graph3D] Calling createSimulation...
[Graph3D] Simulation created, setting up event handlers...
[Graph3D] Data changed: {
  nodesLen: [33m3[39m,
  linksLen: [33m1[39m,
  key: [33m1776869856944[39m,
  timestamp: [33m1776869855941[39m
}
[Graph3D] Creating simulation: [33m3[39m nodes
[Graph3D] createGraphSimulation called: { hasObjectManager: [33mtrue[39m, hasScene: [33mtrue[39m, nodeCount: [33m3[39m, linkCount: [33m1[39m }
[Graph3D] Clearing existing objects...
[Graph3D] Calling createSimulation...
[Graph3D] Simulation created, setting up event handlers...
[Graph3D] Data changed: {
  nodesLen: [33m3[39m,
  linksLen: [33m1[39m,
  key: [33m1776869856973[39m,
  timestamp: [33m1776869855970[39m
}
[Graph3D] Creating simulation: [33m3[39m nodes
[Graph3D] createGraphSimulation called: { hasObjectManager: [33mtrue[39m, hasScene: [33mtrue[39m, nodeCount: [33m3[39m, linkCount: [33m1[39m }
[Graph3D] Clearing existing objects...
[Graph3D] Calling createSimulation...
[Graph3D] Simulation created, setting up event handlers...
[Graph3D] Data changed: {
  nodesLen: [33m3[39m,
  linksLen: [33m1[39m,
  key: [33m1776869857000[39m,
  timestamp: [33m1776869855997[39m
}
[Graph3D] Creating simulation: [33m3[39m nodes
[Graph3D] createGraphSimulation called: { hasObjectManager: [33mtrue[39m, hasScene: [33mtrue[39m, nodeCount: [33m3[39m, linkCount: [33m1[39m }
[Graph3D] Clearing existing objects...
[Graph3D] Calling createSimulation...
[Graph3D] Simulation created, setting up event handlers...
[Graph3D] Data changed: {
  nodesLen: [33m3[39m,
  linksLen: [33m1[39m,
  key: [33m1776869857027[39m,
  timestamp: [33m1776869856024[39m
}
[Graph3D] Creating simulation: [33m3[39m nodes
[Graph3D] createGraphSimulation called: { hasObjectManager: [33mtrue[39m, hasScene: [33mtrue[39m, nodeCount: [33m3[39m, linkCount: [33m1[39m }
[Graph3D] Clearing existing objects...
[Graph3D] Calling createSimulation...
[Graph3D] Simulation created, setting up event handlers...
[Graph3D] Data changed: {
  nodesLen: [33m3[39m,
  linksLen: [33m1[39m,
  key: [33m1776869857056[39m,
  timestamp: [33m1776869856053[39m
}
[Graph3D] Creating simulation: [33m3[39m nodes
[Graph3D] createGraphSimulation called: { hasObjectManager: [33mtrue[39m, hasScene: [33mtrue[39m, nodeCount: [33m3[39m, linkCount: [33m1[39m }
[Graph3D] Clearing existing objects...
[Graph3D] Calling createSimulation...
[Graph3D] Simulation created, setting up event handlers...
[Graph3D] Data changed: {
  nodesLen: [33m3[39m,
  linksLen: [33m1[39m,
  key: [33m1776869857082[39m,
  timestamp: [33m1776869856079[39m
}
[Graph3D] Creating simulation: [33m3[39m nodes
[Graph3D] createGraphSimulation called: { hasObjectManager: [33mtrue[39m, hasScene: [33mtrue[39m, nodeCount: [33m3[39m, linkCount: [33m1[39m }
[Graph3D] Clearing existing objects...
[Graph3D] Calling createSimulation...
[Graph3D] Simulation created, setting up event handlers...
[Graph3D] Data changed: {
  nodesLen: [33m3[39m,
  linksLen: [33m1[39m,
  key: [33m1776869857111[39m,
  timestamp: [33m1776869856108[39m
}
[Graph3D] Creating simulation: [33m3[39m nodes
[Graph3D] createGraphSimulation called: { hasObjectManager: [33mtrue[39m, hasScene: [33mtrue[39m, nodeCount: [33m3[39m, linkCount: [33m1[39m }
[Graph3D] Clearing existing objects...
[Graph3D] Calling createSimulation...
[Graph3D] Simulation created, setting up event handlers...
[Graph3D] Data changed: {
  nodesLen: [33m3[39m,
  linksLen: [33m1[39m,
  key: [33m1776869857138[39m,
  timestamp: [33m1776869856135[39m
}
[Graph3D] Creating simulation: [33m3[39m nodes
[Graph3D] createGraphSimulation called: { hasObjectManager: [33mtrue[39m, hasScene: [33mtrue[39m, nodeCount: [33m3[39m, linkCount: [33m1[39m }
[Graph3D] Clearing existing objects...
[Graph3D] Calling createSimulation...
[Graph3D] Simulation created, setting up event handlers...
[Graph3D] Data changed: {
  nodesLen: [33m3[39m,
  linksLen: [33m1[39m,
  key: [33m1776869857168[39m,
  timestamp: [33m1776869856165[39m
}
[Graph3D] Creating simulation: [33m3[39m nodes
[Graph3D] createGraphSimulation called: { hasObjectManager: [33mtrue[39m, hasScene: [33mtrue[39m, nodeCount: [33m3[39m, linkCount: [33m1[39m }
[Graph3D] Clearing existing objects...
[Graph3D] Calling createSimulation...
[Graph3D] Simulation created, setting up event handlers...
[Graph3D] Data changed: {
  nodesLen: [33m3[39m,
  linksLen: [33m1[39m,
  key: [33m1776869857197[39m,
  timestamp: [33m1776869856194[39m
}
[Graph3D] Creating simulation: [33m3[39m nodes
[Graph3D] createGraphSimulation called: { hasObjectManager: [33mtrue[39m, hasScene: [33mtrue[39m, nodeCount: [33m3[39m, linkCount: [33m1[39m }
[Graph3D] Clearing existing objects...
[Graph3D] Calling createSimulation...
[Graph3D] Simulation created, setting up event handlers...
[Graph3D] Data changed: {
  nodesLen: [33m3[39m,
  linksLen: [33m1[39m,
  key: [33m1776869857227[39m,
  timestamp: [33m1776869856224[39m
}
[Graph3D] Creating simulation: [33m3[39m nodes
[Graph3D] createGraphSimulation called: { hasObjectManager: [33mtrue[39m, hasScene: [33mtrue[39m, nodeCount: [33m3[39m, linkCount: [33m1[39m }
[Graph3D] Clearing existing objects...
[Graph3D] Calling createSimulation...
[Graph3D] Simulation created, setting up event handlers...
[Graph3D] Data changed: {
  nodesLen: [33m3[39m,
  linksLen: [33m1[39m,
  key: [33m1776869857255[39m,
  timestamp: [33m1776869856252[39m
}
[Graph3D] Creating simulation: [33m3[39m nodes
[Graph3D] createGraphSimulation called: { hasObjectManager: [33mtrue[39m, hasScene: [33mtrue[39m, nodeCount: [33m3[39m, linkCount: [33m1[39m }
[Graph3D] Clearing existing objects...
[Graph3D] Calling createSimulation...
[Graph3D] Simulation created, setting up event handlers...
[Graph3D] Data changed: {
  nodesLen: [33m3[39m,
  linksLen: [33m1[39m,
  key: [33m1776869857282[39m,
  timestamp: [33m1776869856279[39m
}
[Graph3D] Creating simulation: [33m3[39m nodes
[Graph3D] createGraphSimulation called: { hasObjectManager: [33mtrue[39m, hasScene: [33mtrue[39m, nodeCount: [33m3[39m, linkCount: [33m1[39m }
[Graph3D] Clearing existing objects...
[Graph3D] Calling createSimulation...
[Graph3D] Simulation created, setting up event handlers...
[Graph3D] Data changed: {
  nodesLen: [33m3[39m,
  linksLen: [33m1[39m,
  key: [33m1776869857309[39m,
  timestamp: [33m1776869856306[39m
}
[Graph3D] Creating simulation: [33m3[39m nodes
[Graph3D] createGraphSimulation called: { hasObjectManager: [33mtrue[39m, hasScene: [33mtrue[39m, nodeCount: [33m3[39m, linkCount: [33m1[39m }
[Graph3D] Clearing existing objects...
[Graph3D] Calling createSimulation...
[Graph3D] Simulation created, setting up event handlers...
[Graph3D] Data changed: {
  nodesLen: [33m3[39m,
  linksLen: [33m1[39m,
  key: [33m1776869857339[39m,
  timestamp: [33m1776869856336[39m
}
[Graph3D] Creating simulation: [33m3[39m nodes
[Graph3D] createGraphSimulation called: { hasObjectManager: [33mtrue[39m, hasScene: [33mtrue[39m, nodeCount: [33m3[39m, linkCount: [33m1[39m }
[Graph3D] Clearing existing objects...
[Graph3D] Calling createSimulation...
[Graph3D] Simulation created, setting up event handlers...
[Graph3D] Data changed: {
  nodesLen: [33m3[39m,
  linksLen: [33m1[39m,
  key: [33m1776869857371[39m,
  timestamp: [33m1776869856368[39m
}
[Graph3D] Creating simulation: [33m3[39m nodes
[Graph3D] createGraphSimulation called: { hasObjectManager: [33mtrue[39m, hasScene: [33mtrue[39m, nodeCount: [33m3[39m, linkCount: [33m1[39m }
[Graph3D] Clearing existing objects...
[Graph3D] Calling createSimulation...
[Graph3D] Simulation created, setting up event handlers...
[Graph3D] Data changed: {
  nodesLen: [33m3[39m,
  linksLen: [33m1[39m,
  key: [33m1776869857401[39m,
  timestamp: [33m1776869856398[39m
}
[Graph3D] Creating simulation: [33m3[39m nodes
[Graph3D] createGraphSimulation called: { hasObjectManager: [33mtrue[39m, hasScene: [33mtrue[39m, nodeCount: [33m3[39m, linkCount: [33m1[39m }
[Graph3D] Clearing existing objects...
[Graph3D] Calling createSimulation...
[Graph3D] Simulation created, setting up event handlers...
[Graph3D] Data changed: {
  nodesLen: [33m3[39m,
  linksLen: [33m1[39m,
  key: [33m1776869857429[39m,
  timestamp: [33m1776869856426[39m
}
[Graph3D] Creating simulation: [33m3[39m nodes
[Graph3D] createGraphSimulation called: { hasObjectManager: [33mtrue[39m, hasScene: [33mtrue[39m, nodeCount: [33m3[39m, linkCount: [33m1[39m }
[Graph3D] Clearing existing objects...
[Graph3D] Calling createSimulation...
[Graph3D] Simulation created, setting up event handlers...
[Graph3D] Data changed: {
  nodesLen: [33m3[39m,
  linksLen: [33m1[39m,
  key: [33m1776869857461[39m,
  timestamp: [33m1776869856458[39m
}
[Graph3D] Creating simulation: [33m3[39m nodes
[Graph3D] createGraphSimulation called: { hasObjectManager: [33mtrue[39m, hasScene: [33mtrue[39m, nodeCount: [33m3[39m, linkCount: [33m1[39m }
[Graph3D] Clearing existing objects...
[Graph3D] Calling createSimulation...
[Graph3D] Simulation created, setting up event handlers...
[Graph3D] Data changed: {
  nodesLen: [33m3[39m,
  linksLen: [33m1[39m,
  key: [33m1776869857493[39m,
  timestamp: [33m1776869856490[39m
}
[Graph3D] Creating simulation: [33m3[39m nodes
[Graph3D] createGraphSimulation called: { hasObjectManager: [33mtrue[39m, hasScene: [33mtrue[39m, nodeCount: [33m3[39m, linkCount: [33m1[39m }
[Graph3D] Clearing existing objects...
[Graph3D] Calling createSimulation...
[Graph3D] Simulation created, setting up event handlers...
[Graph3D] Data changed: {
  nodesLen: [33m3[39m,
  linksLen: [33m1[39m,
  key: [33m1776869857523[39m,
  timestamp: [33m1776869856520[39m
}
[Graph3D] Creating simulation: [33m3[39m nodes
[Graph3D] createGraphSimulation called: { hasObjectManager: [33mtrue[39m, hasScene: [33mtrue[39m, nodeCount: [33m3[39m, linkCount: [33m1[39m }
[Graph3D] Clearing existing objects...
[Graph3D] Calling createSimulation...
[Graph3D] Simulation created, setting up event handlers...
[Graph3D] Data changed: {
  nodesLen: [33m3[39m,
  linksLen: [33m1[39m,
  key: [33m1776869857554[39m,
  timestamp: [33m1776869856551[39m
}
[Graph3D] Creating simulation: [33m3[39m nodes
[Graph3D] createGraphSimulation called: { hasObjectManager: [33mtrue[39m, hasScene: [33mtrue[39m, nodeCount: [33m3[39m, linkCount: [33m1[39m }
[Graph3D] Clearing existing objects...
[Graph3D] Calling createSimulation...
[Graph3D] Simulation created, setting up event handlers...
[Graph3D] Data changed: {
  nodesLen: [33m3[39m,
  linksLen: [33m1[39m,
  key: [33m1776869857581[39m,
  timestamp: [33m1776869856578[39m
}
[Graph3D] Creating simulation: [33m3[39m nodes
[Graph3D] createGraphSimulation called: { hasObjectManager: [33mtrue[39m, hasScene: [33mtrue[39m, nodeCount: [33m3[39m, linkCount: [33m1[39m }
[Graph3D] Clearing existing objects...
[Graph3D] Calling createSimulation...
[Graph3D] Simulation created, setting up event handlers...
[Graph3D] Data changed: {
  nodesLen: [33m3[39m,
  linksLen: [33m1[39m,
  key: [33m1776869857609[39m,
  timestamp: [33m1776869856606[39m
}
[Graph3D] Creating simulation: [33m3[39m nodes
[Graph3D] createGraphSimulation called: { hasObjectManager: [33mtrue[39m, hasScene: [33mtrue[39m, nodeCount: [33m3[39m, linkCount: [33m1[39m }
[Graph3D] Clearing existing objects...
[Graph3D] Calling createSimulation...
[Graph3D] Simulation created, setting up event handlers...
[Graph3D] Data changed: {
  nodesLen: [33m3[39m,
  linksLen: [33m1[39m,
  key: [33m1776869857639[39m,
  timestamp: [33m1776869856636[39m
}
[Graph3D] Creating simulation: [33m3[39m nodes
[Graph3D] createGraphSimulation called: { hasObjectManager: [33mtrue[39m, hasScene: [33mtrue[39m, nodeCount: [33m3[39m, linkCount: [33m1[39m }
[Graph3D] Clearing existing objects...
[Graph3D] Calling createSimulation...
[Graph3D] Simulation created, setting up event handlers...
[Graph3D] Data changed: {
  nodesLen: [33m3[39m,
  linksLen: [33m1[39m,
  key: [33m1776869857667[39m,
  timestamp: [33m1776869856664[39m
}
[Graph3D] Creating simulation: [33m3[39m nodes
[Graph3D] createGraphSimulation called: { hasObjectManager: [33mtrue[39m, hasScene: [33mtrue[39m, nodeCount: [33m3[39m, linkCount: [33m1[39m }
[Graph3D] Clearing existing objects...
[Graph3D] Calling createSimulation...
[Graph3D] Simulation created, setting up event handlers...
[Graph3D] Data changed: {
  nodesLen: [33m3[39m,
  linksLen: [33m1[39m,
  key: [33m1776869857696[39m,
  timestamp: [33m1776869856693[39m
}
[Graph3D] Creating simulation: [33m3[39m nodes
[Graph3D] createGraphSimulation called: { hasObjectManager: [33mtrue[39m, hasScene: [33mtrue[39m, nodeCount: [33m3[39m, linkCount: [33m1[39m }
[Graph3D] Clearing existing objects...
[Graph3D] Calling createSimulation...
[Graph3D] Simulation created, setting up event handlers...
[Graph3D] Data changed: {
  nodesLen: [33m3[39m,
  linksLen: [33m1[39m,
  key: [33m1776869857723[39m,
  timestamp: [33m1776869856720[39m
}
[Graph3D] Creating simulation: [33m3[39m nodes
[Graph3D] createGraphSimulation called: { hasObjectManager: [33mtrue[39m, hasScene: [33mtrue[39m, nodeCount: [33m3[39m, linkCount: [33m1[39m }
[Graph3D] Clearing existing objects...
[Graph3D] Calling createSimulation...
[Graph3D] Simulation created, setting up event handlers...
[Graph3D] Data changed: {
  nodesLen: [33m3[39m,
  linksLen: [33m1[39m,
  key: [33m1776869857753[39m,
  timestamp: [33m1776869856750[39m
}
[Graph3D] Creating simulation: [33m3[39m nodes
[Graph3D] createGraphSimulation called: { hasObjectManager: [33mtrue[39m, hasScene: [33mtrue[39m, nodeCount: [33m3[39m, linkCount: [33m1[39m }
[Graph3D] Clearing existing objects...
[Graph3D] Calling createSimulation...
[Graph3D] Simulation created, setting up event handlers...
[Graph3D] Data changed: {
  nodesLen: [33m3[39m,
  linksLen: [33m1[39m,
  key: [33m1776869857785[39m,
  timestamp: [33m1776869856782[39m
}
[Graph3D] Creating simulation: [33m3[39m nodes
[Graph3D] createGraphSimulation called: { hasObjectManager: [33mtrue[39m, hasScene: [33mtrue[39m, nodeCount: [33m3[39m, linkCount: [33m1[39m }
[Graph3D] Clearing existing objects...
[Graph3D] Calling createSimulation...
[Graph3D] Simulation created, setting up event handlers...
[Graph3D] Data changed: {
  nodesLen: [33m3[39m,
  linksLen: [33m1[39m,
  key: [33m1776869857817[39m,
  timestamp: [33m1776869856814[39m
}
[Graph3D] Creating simulation: [33m3[39m nodes
[Graph3D] createGraphSimulation called: { hasObjectManager: [33mtrue[39m, hasScene: [33mtrue[39m, nodeCount: [33m3[39m, linkCount: [33m1[39m }
[Graph3D] Clearing existing objects...
[Graph3D] Calling createSimulation...
[Graph3D] Simulation created, setting up event handlers...
[Graph3D] Data changed: {
  nodesLen: [33m3[39m,
  linksLen: [33m1[39m,
  key: [33m1776869857851[39m,
  timestamp: [33m1776869856848[39m
}
[Graph3D] Creating simulation: [33m3[39m nodes
[Graph3D] createGraphSimulation called: { hasObjectManager: [33mtrue[39m, hasScene: [33mtrue[39m, nodeCount: [33m3[39m, linkCount: [33m1[39m }
[Graph3D] Clearing existing objects...
[Graph3D] Calling createSimulation...
[Graph3D] Simulation created, setting up event handlers...
[Graph3D] Data changed: {
  nodesLen: [33m3[39m,
  linksLen: [33m1[39m,
  key: [33m1776869857887[39m,
  timestamp: [33m1776869856884[39m
}
[Graph3D] Creating simulation: [33m3[39m nodes
[Graph3D] createGraphSimulation called: { hasObjectManager: [33mtrue[39m, hasScene: [33mtrue[39m, nodeCount: [33m3[39m, linkCount: [33m1[39m }
[Graph3D] Clearing existing objects...
[Graph3D] Calling createSimulation...
[Graph3D] Simulation created, setting up event handlers...
[Graph3D] Data changed: {
  nodesLen: [33m3[39m,
  linksLen: [33m1[39m,
  key: [33m1776869857924[39m,
  timestamp: [33m1776869856921[39m
}
[Graph3D] Creating simulation: [33m3[39m nodes
[Graph3D] createGraphSimulation called: { hasObjectManager: [33mtrue[39m, hasScene: [33mtrue[39m, nodeCount: [33m3[39m, linkCount: [33m1[39m }
[Graph3D] Clearing existing objects...
[Graph3D] Calling createSimulation...
[Graph3D] Simulation created, setting up event handlers...
[Graph3D] Data changed: {
  nodesLen: [33m3[39m,
  linksLen: [33m1[39m,
  key: [33m1776869857960[39m,
  timestamp: [33m1776869856957[39m
}
[Graph3D] Creating simulation: [33m3[39m nodes
[Graph3D] createGraphSimulation called: { hasObjectManager: [33mtrue[39m, hasScene: [33mtrue[39m, nodeCount: [33m3[39m, linkCount: [33m1[39m }
[Graph3D] Clearing existing objects...
[Graph3D] Calling createSimulation...
[Graph3D] Simulation created, setting up event handlers...
[Graph3D] Data changed: {
  nodesLen: [33m3[39m,
  linksLen: [33m1[39m,
  key: [33m1776869857991[39m,
  timestamp: [33m1776869856988[39m
}
[Graph3D] Creating simulation: [33m3[39m nodes
[Graph3D] createGraphSimulation called: { hasObjectManager: [33mtrue[39m, hasScene: [33mtrue[39m, nodeCount: [33m3[39m, linkCount: [33m1[39m }
[Graph3D] Clearing existing objects...
[Graph3D] Calling createSimulation...
[Graph3D] Simulation created, setting up event handlers...
[Graph3D] Data changed: {
  nodesLen: [33m3[39m,
  linksLen: [33m1[39m,
  key: [33m1776869858024[39m,
  timestamp: [33m1776869857021[39m
}
[Graph3D] Creating simulation: [33m3[39m nodes
[Graph3D] createGraphSimulation called: { hasObjectManager: [33mtrue[39m, hasScene: [33mtrue[39m, nodeCount: [33m3[39m, linkCount: [33m1[39m }
[Graph3D] Clearing existing objects...
[Graph3D] Calling createSimulation...
[Graph3D] Simulation created, setting up event handlers...
[Graph3D] Data changed: {
  nodesLen: [33m3[39m,
  linksLen: [33m1[39m,
  key: [33m1776869858060[39m,
  timestamp: [33m1776869857057[39m
}
[Graph3D] Creating simulation: [33m3[39m nodes
[Graph3D] createGraphSimulation called: { hasObjectManager: [33mtrue[39m, hasScene: [33mtrue[39m, nodeCount: [33m3[39m, linkCount: [33m1[39m }
[Graph3D] Clearing existing objects...
[Graph3D] Calling createSimulation...
[Graph3D] Simulation created, setting up event handlers...
[Graph3D] Data changed: {
  nodesLen: [33m3[39m,
  linksLen: [33m1[39m,
  key: [33m1776869858096[39m,
  timestamp: [33m1776869857093[39m
}
[Graph3D] Creating simulation: [33m3[39m nodes
[Graph3D] createGraphSimulation called: { hasObjectManager: [33mtrue[39m, hasScene: [33mtrue[39m, nodeCount: [33m3[39m, linkCount: [33m1[39m }
[Graph3D] Clearing existing objects...
[Graph3D] Calling createSimulation...
[Graph3D] Simulation created, setting up event handlers...
[Graph3D] Data changed: {
  nodesLen: [33m3[39m,
  linksLen: [33m1[39m,
  key: [33m1776869858140[39m,
  timestamp: [33m1776869857137[39m
}
[Graph3D] Creating simulation: [33m3[39m nodes
[Graph3D] createGraphSimulation called: { hasObjectManager: [33mtrue[39m, hasScene: [33mtrue[39m, nodeCount: [33m3[39m, linkCount: [33m1[39m }
[Graph3D] Clearing existing objects...
[Graph3D] Calling createSimulation...
[Graph3D] Simulation created, setting up event handlers...
[Graph3D] Data changed: {
  nodesLen: [33m3[39m,
  linksLen: [33m1[39m,
  key: [33m1776869858175[39m,
  timestamp: [33m1776869857172[39m
}
[Graph3D] Creating simulation: [33m3[39m nodes
[Graph3D] createGraphSimulation called: { hasObjectManager: [33mtrue[39m, hasScene: [33mtrue[39m, nodeCount: [33m3[39m, linkCount: [33m1[39m }
[Graph3D] Clearing existing objects...
[Graph3D] Calling createSimulation...
[Graph3D] Simulation created, setting up event handlers...
[Graph3D] Data changed: {
  nodesLen: [33m3[39m,
  linksLen: [33m1[39m,
  key: [33m1776869858212[39m,
  timestamp: [33m1776869857209[39m
}
[Graph3D] Creating simulation: [33m3[39m nodes
[Graph3D] createGraphSimulation called: { hasObjectManager: [33mtrue[39m, hasScene: [33mtrue[39m, nodeCount: [33m3[39m, linkCount: [33m1[39m }
[Graph3D] Clearing existing objects...
[Graph3D] Calling createSimulation...
[Graph3D] Simulation created, setting up event handlers...
[Graph3D] Data changed: {
  nodesLen: [33m3[39m,
  linksLen: [33m1[39m,
  key: [33m1776869858245[39m,
  timestamp: [33m1776869857242[39m
}
[Graph3D] Creating simulation: [33m3[39m nodes
[Graph3D] createGraphSimulation called: { hasObjectManager: [33mtrue[39m, hasScene: [33mtrue[39m, nodeCount: [33m3[39m, linkCount: [33m1[39m }
[Graph3D] Clearing existing objects...
[Graph3D] Calling createSimulation...
[Graph3D] Simulation created, setting up event handlers...
[Graph3D] Data changed: {
  nodesLen: [33m3[39m,
  linksLen: [33m1[39m,
  key: [33m1776869858278[39m,
  timestamp: [33m1776869857275[39m
}
[Graph3D] Creating simulation: [33m3[39m nodes
[Graph3D] createGraphSimulation called: { hasObjectManager: [33mtrue[39m, hasScene: [33mtrue[39m, nodeCount: [33m3[39m, linkCount: [33m1[39m }
[Graph3D] Clearing existing objects...
[Graph3D] Calling createSimulation...
[Graph3D] Simulation created, setting up event handlers...
[Graph3D] Data changed: {
  nodesLen: [33m3[39m,
  linksLen: [33m1[39m,
  key: [33m1776869858309[39m,
  timestamp: [33m1776869857306[39m
}
[Graph3D] Creating simulation: [33m3[39m nodes
[Graph3D] createGraphSimulation called: { hasObjectManager: [33mtrue[39m, hasScene: [33mtrue[39m, nodeCount: [33m3[39m, linkCount: [33m1[39m }
[Graph3D] Clearing existing objects...
[Graph3D] Calling createSimulation...
[Graph3D] Simulation created, setting up event handlers...
[Graph3D] Data changed: {
  nodesLen: [33m3[39m,
  linksLen: [33m1[39m,
  key: [33m1776869858343[39m,
  timestamp: [33m1776869857340[39m
}
[Graph3D] Creating simulation: [33m3[39m nodes
[Graph3D] createGraphSimulation called: { hasObjectManager: [33mtrue[39m, hasScene: [33mtrue[39m, nodeCount: [33m3[39m, linkCount: [33m1[39m }
[Graph3D] Clearing existing objects...
[Graph3D] Calling createSimulation...
[Graph3D] Simulation created, setting up event handlers...
[Graph3D] Data changed: {
  nodesLen: [33m3[39m,
  linksLen: [33m1[39m,
  key: [33m1776869858379[39m,
  timestamp: [33m1776869857376[39m
}
[Graph3D] Creating simulation: [33m3[39m nodes
[Graph3D] createGraphSimulation called: { hasObjectManager: [33mtrue[39m, hasScene: [33mtrue[39m, nodeCount: [33m3[39m, linkCount: [33m1[39m }
[Graph3D] Clearing existing objects...
[Graph3D] Calling createSimulation...
[Graph3D] Simulation created, setting up event handlers...
[Graph3D] Data changed: {
  nodesLen: [33m3[39m,
  linksLen: [33m1[39m,
  key: [33m1776869858417[39m,
  timestamp: [33m1776869857414[39m
}
[Graph3D] Creating simulation: [33m3[39m nodes
[Graph3D] createGraphSimulation called: { hasObjectManager: [33mtrue[39m, hasScene: [33mtrue[39m, nodeCount: [33m3[39m, linkCount: [33m1[39m }
[Graph3D] Clearing existing objects...
[Graph3D] Calling createSimulation...
[Graph3D] Simulation created, setting up event handlers...
[Graph3D] Data changed: {
  nodesLen: [33m3[39m,
  linksLen: [33m1[39m,
  key: [33m1776869858450[39m,
  timestamp: [33m1776869857447[39m
}
[Graph3D] Creating simulation: [33m3[39m nodes
[Graph3D] createGraphSimulation called: { hasObjectManager: [33mtrue[39m, hasScene: [33mtrue[39m, nodeCount: [33m3[39m, linkCount: [33m1[39m }
[Graph3D] Clearing existing objects...
[Graph3D] Calling createSimulation...
[Graph3D] Simulation created, setting up event handlers...
[Graph3D] Data changed: {
  nodesLen: [33m3[39m,
  linksLen: [33m1[39m,
  key: [33m1776869858492[39m,
  timestamp: [33m1776869857489[39m
}
[Graph3D] Creating simulation: [33m3[39m nodes
[Graph3D] createGraphSimulation called: { hasObjectManager: [33mtrue[39m, hasScene: [33mtrue[39m, nodeCount: [33m3[39m, linkCount: [33m1[39m }
[Graph3D] Clearing existing objects...
[Graph3D] Calling createSimulation...
[Graph3D] Simulation created, setting up event handlers...
[Graph3D] Data changed: {
  nodesLen: [33m3[39m,
  linksLen: [33m1[39m,
  key: [33m1776869858538[39m,
  timestamp: [33m1776869857535[39m
}
[Graph3D] Creating simulation: [33m3[39m nodes
[Graph3D] createGraphSimulation called: { hasObjectManager: [33mtrue[39m, hasScene: [33mtrue[39m, nodeCount: [33m3[39m, linkCount: [33m1[39m }
[Graph3D] Clearing existing objects...
[Graph3D] Calling createSimulation...
[Graph3D] Simulation created, setting up event handlers...
[Graph3D] Data changed: {
  nodesLen: [33m3[39m,
  linksLen: [33m1[39m,
  key: [33m1776869858571[39m,
  timestamp: [33m1776869857568[39m
}
[Graph3D] Creating simulation: [33m3[39m nodes
[Graph3D] createGraphSimulation called: { hasObjectManager: [33mtrue[39m, hasScene: [33mtrue[39m, nodeCount: [33m3[39m, linkCount: [33m1[39m }
[Graph3D] Clearing existing objects...
[Graph3D] Calling createSimulation...
[Graph3D] Simulation created, setting up event handlers...
[Graph3D] Data changed: {
  nodesLen: [33m3[39m,
  linksLen: [33m1[39m,
  key: [33m1776869858608[39m,
  timestamp: [33m1776869857605[39m
}
[Graph3D] Creating simulation: [33m3[39m nodes
[Graph3D] createGraphSimulation called: { hasObjectManager: [33mtrue[39m, hasScene: [33mtrue[39m, nodeCount: [33m3[39m, linkCount: [33m1[39m }
[Graph3D] Clearing existing objects...
[Graph3D] Calling createSimulation...
[Graph3D] Simulation created, setting up event handlers...
[Graph3D] Data changed: {
  nodesLen: [33m3[39m,
  linksLen: [33m1[39m,
  key: [33m1776869858646[39m,
  timestamp: [33m1776869857643[39m
}
[Graph3D] Creating simulation: [33m3[39m nodes
[Graph3D] createGraphSimulation called: { hasObjectManager: [33mtrue[39m, hasScene: [33mtrue[39m, nodeCount: [33m3[39m, linkCount: [33m1[39m }
[Graph3D] Clearing existing objects...
[Graph3D] Calling createSimulation...
[Graph3D] Simulation created, setting up event handlers...
[Graph3D] Data changed: {
  nodesLen: [33m3[39m,
  linksLen: [33m1[39m,
  key: [33m1776869858684[39m,
  timestamp: [33m1776869857681[39m
}
[Graph3D] Creating simulation: [33m3[39m nodes
[Graph3D] createGraphSimulation called: { hasObjectManager: [33mtrue[39m, hasScene: [33mtrue[39m, nodeCount: [33m3[39m, linkCount: [33m1[39m }
[Graph3D] Clearing existing objects...
[Graph3D] Calling createSimulation...
[Graph3D] Simulation created, setting up event handlers...
[Graph3D] Data changed: {
  nodesLen: [33m3[39m,
  linksLen: [33m1[39m,
  key: [33m1776869858726[39m,
  timestamp: [33m1776869857723[39m
}
[Graph3D] Creating simulation: [33m3[39m nodes
[Graph3D] createGraphSimulation called: { hasObjectManager: [33mtrue[39m, hasScene: [33mtrue[39m, nodeCount: [33m3[39m, linkCount: [33m1[39m }
[Graph3D] Clearing existing objects...
[Graph3D] Calling createSimulation...
[Graph3D] Simulation created, setting up event handlers...
[Graph3D] Data changed: {
  nodesLen: [33m3[39m,
  linksLen: [33m1[39m,
  key: [33m1776869858759[39m,
  timestamp: [33m1776869857756[39m
}
[Graph3D] Creating simulation: [33m3[39m nodes
[Graph3D] createGraphSimulation called: { hasObjectManager: [33mtrue[39m, hasScene: [33mtrue[39m, nodeCount: [33m3[39m, linkCount: [33m1[39m }
[Graph3D] Clearing existing objects...
[Graph3D] Calling createSimulation...
[Graph3D] Simulation created, setting up event handlers...
[Graph3D] Data changed: {
  nodesLen: [33m3[39m,
  linksLen: [33m1[39m,
  key: [33m1776869858797[39m,
  timestamp: [33m1776869857794[39m
}
[Graph3D] Creating simulation: [33m3[39m nodes
[Graph3D] createGraphSimulation called: { hasObjectManager: [33mtrue[39m, hasScene: [33mtrue[39m, nodeCount: [33m3[39m, linkCount: [33m1[39m }
[Graph3D] Clearing existing objects...
[Graph3D] Calling createSimulation...
[Graph3D] Simulation created, setting up event handlers...
[Graph3D] Data changed: {
  nodesLen: [33m3[39m,
  linksLen: [33m1[39m,
  key: [33m1776869858839[39m,
  timestamp: [33m1776869857836[39m
}
[Graph3D] Creating simulation: [33m3[39m nodes
[Graph3D] createGraphSimulation called: { hasObjectManager: [33mtrue[39m, hasScene: [33mtrue[39m, nodeCount: [33m3[39m, linkCount: [33m1[39m }
[Graph3D] Clearing existing objects...
[Graph3D] Calling createSimulation...
[Graph3D] Simulation created, setting up event handlers...
[Graph3D] Data changed: {
  nodesLen: [33m3[39m,
  linksLen: [33m1[39m,
  key: [33m1776869858875[39m,
  timestamp: [33m1776869857872[39m
}
[Graph3D] Creating simulation: [33m3[39m nodes
[Graph3D] createGraphSimulation called: { hasObjectManager: [33mtrue[39m, hasScene: [33mtrue[39m, nodeCount: [33m3[39m, linkCount: [33m1[39m }
[Graph3D] Clearing existing objects...
[Graph3D] Calling createSimulation...
[Graph3D] Simulation created, setting up event handlers...
[Graph3D] Data changed: {
  nodesLen: [33m3[39m,
  linksLen: [33m1[39m,
  key: [33m1776869858907[39m,
  timestamp: [33m1776869857904[39m
}
[Graph3D] Creating simulation: [33m3[39m nodes
[Graph3D] createGraphSimulation called: { hasObjectManager: [33mtrue[39m, hasScene: [33mtrue[39m, nodeCount: [33m3[39m, linkCount: [33m1[39m }
[Graph3D] Clearing existing objects...
[Graph3D] Calling createSimulation...
[Graph3D] Simulation created, setting up event handlers...
[Graph3D] Data changed: {
  nodesLen: [33m3[39m,
  linksLen: [33m1[39m,
  key: [33m1776869858941[39m,
  timestamp: [33m1776869857938[39m
}
[Graph3D] Creating simulation: [33m3[39m nodes
[Graph3D] createGraphSimulation called: { hasObjectManager: [33mtrue[39m, hasScene: [33mtrue[39m, nodeCount: [33m3[39m, linkCount: [33m1[39m }
[Graph3D] Clearing existing objects...
[Graph3D] Calling createSimulation...
[Graph3D] Simulation created, setting up event handlers...
[Graph3D] Data changed: {
  nodesLen: [33m3[39m,
  linksLen: [33m1[39m,
  key: [33m1776869858979[39m,
  timestamp: [33m1776869857976[39m
}
[Graph3D] Creating simulation: [33m3[39m nodes
[Graph3D] createGraphSimulation called: { hasObjectManager: [33mtrue[39m, hasScene: [33mtrue[39m, nodeCount: [33m3[39m, linkCount: [33m1[39m }
[Graph3D] Clearing existing objects...
[Graph3D] Calling createSimulation...
[Graph3D] Simulation created, setting up event handlers...
[Graph3D] Data changed: {
  nodesLen: [33m3[39m,
  linksLen: [33m1[39m,
  key: [33m1776869859013[39m,
  timestamp: [33m1776869858010[39m
}
[Graph3D] Creating simulation: [33m3[39m nodes
[Graph3D] createGraphSimulation called: { hasObjectManager: [33mtrue[39m, hasScene: [33mtrue[39m, nodeCount: [33m3[39m, linkCount: [33m1[39m }
[Graph3D] Clearing existing objects...
[Graph3D] Calling createSimulation...
[Graph3D] Simulation created, setting up event handlers...
[Graph3D] Data changed: {
  nodesLen: [33m3[39m,
  linksLen: [33m1[39m,
  key: [33m1776869859050[39m,
  timestamp: [33m1776869858047[39m
}
[Graph3D] Creating simulation: [33m3[39m nodes
[Graph3D] createGraphSimulation called: { hasObjectManager: [33mtrue[39m, hasScene: [33mtrue[39m, nodeCount: [33m3[39m, linkCount: [33m1[39m }
[Graph3D] Clearing existing objects...
[Graph3D] Calling createSimulation...
[Graph3D] Simulation created, setting up event handlers...
[Graph3D] Data changed: {
  nodesLen: [33m3[39m,
  linksLen: [33m1[39m,
  key: [33m1776869859080[39m,
  timestamp: [33m1776869858077[39m
}
[Graph3D] Creating simulation: [33m3[39m nodes
[Graph3D] createGraphSimulation called: { hasObjectManager: [33mtrue[39m, hasScene: [33mtrue[39m, nodeCount: [33m3[39m, linkCount: [33m1[39m }
[Graph3D] Clearing existing objects...
[Graph3D] Calling createSimulation...
[Graph3D] Simulation created, setting up event handlers...
[Graph3D] Data changed: {
  nodesLen: [33m3[39m,
  linksLen: [33m1[39m,
  key: [33m1776869859114[39m,
  timestamp: [33m1776869858111[39m
}
[Graph3D] Creating simulation: [33m3[39m nodes
[Graph3D] createGraphSimulation called: { hasObjectManager: [33mtrue[39m, hasScene: [33mtrue[39m, nodeCount: [33m3[39m, linkCount: [33m1[39m }
[Graph3D] Clearing existing objects...
[Graph3D] Calling createSimulation...
[Graph3D] Simulation created, setting up event handlers...
[Graph3D] Data changed: {
  nodesLen: [33m3[39m,
  linksLen: [33m1[39m,
  key: [33m1776869859145[39m,
  timestamp: [33m1776869858142[39m
}
[Graph3D] Creating simulation: [33m3[39m nodes
[Graph3D] createGraphSimulation called: { hasObjectManager: [33mtrue[39m, hasScene: [33mtrue[39m, nodeCount: [33m3[39m, linkCount: [33m1[39m }
[Graph3D] Clearing existing objects...
[Graph3D] Calling createSimulation...
[Graph3D] Simulation created, setting up event handlers...
[Graph3D] Data changed: {
  nodesLen: [33m3[39m,
  linksLen: [33m1[39m,
  key: [33m1776869859179[39m,
  timestamp: [33m1776869858176[39m
}
[Graph3D] Creating simulation: [33m3[39m nodes
[Graph3D] createGraphSimulation called: { hasObjectManager: [33mtrue[39m, hasScene: [33mtrue[39m, nodeCount: [33m3[39m, linkCount: [33m1[39m }
[Graph3D] Clearing existing objects...
[Graph3D] Calling createSimulation...
[Graph3D] Simulation created, setting up event handlers...
[Graph3D] Data changed: {
  nodesLen: [33m3[39m,
  linksLen: [33m1[39m,
  key: [33m1776869859210[39m,
  timestamp: [33m1776869858207[39m
}
[Graph3D] Creating simulation: [33m3[39m nodes
[Graph3D] createGraphSimulation called: { hasObjectManager: [33mtrue[39m, hasScene: [33mtrue[39m, nodeCount: [33m3[39m, linkCount: [33m1[39m }
[Graph3D] Clearing existing objects...
[Graph3D] Calling createSimulation...
[Graph3D] Simulation created, setting up event handlers...
[Graph3D] Data changed: {
  nodesLen: [33m3[39m,
  linksLen: [33m1[39m,
  key: [33m1776869859244[39m,
  timestamp: [33m1776869858241[39m
}
[Graph3D] Creating simulation: [33m3[39m nodes
[Graph3D] createGraphSimulation called: { hasObjectManager: [33mtrue[39m, hasScene: [33mtrue[39m, nodeCount: [33m3[39m, linkCount: [33m1[39m }
[Graph3D] Clearing existing objects...
[Graph3D] Calling createSimulation...
[Graph3D] Simulation created, setting up event handlers...
[Graph3D] Data changed: {
  nodesLen: [33m3[39m,
  linksLen: [33m1[39m,
  key: [33m1776869859276[39m,
  timestamp: [33m1776869858273[39m
}
[Graph3D] Creating simulation: [33m3[39m nodes
[Graph3D] createGraphSimulation called: { hasObjectManager: [33mtrue[39m, hasScene: [33mtrue[39m, nodeCount: [33m3[39m, linkCount: [33m1[39m }
[Graph3D] Clearing existing objects...
[Graph3D] Calling createSimulation...
[Graph3D] Simulation created, setting up event handlers...
[Graph3D] Data changed: {
  nodesLen: [33m3[39m,
  linksLen: [33m1[39m,
  key: [33m1776869859307[39m,
  timestamp: [33m1776869858304[39m
}
[Graph3D] Creating simulation: [33m3[39m nodes
[Graph3D] createGraphSimulation called: { hasObjectManager: [33mtrue[39m, hasScene: [33mtrue[39m, nodeCount: [33m3[39m, linkCount: [33m1[39m }
[Graph3D] Clearing existing objects...
[Graph3D] Calling createSimulation...
[Graph3D] Simulation created, setting up event handlers...
[Graph3D] Data changed: {
  nodesLen: [33m3[39m,
  linksLen: [33m1[39m,
  key: [33m1776869859342[39m,
  timestamp: [33m1776869858339[39m
}
[Graph3D] Creating simulation: [33m3[39m nodes
[Graph3D] createGraphSimulation called: { hasObjectManager: [33mtrue[39m, hasScene: [33mtrue[39m, nodeCount: [33m3[39m, linkCount: [33m1[39m }
[Graph3D] Clearing existing objects...
[Graph3D] Calling createSimulation...
[Graph3D] Simulation created, setting up event handlers...
[Graph3D] Data changed: {
  nodesLen: [33m3[39m,
  linksLen: [33m1[39m,
  key: [33m1776869859377[39m,
  timestamp: [33m1776869858374[39m
}
[Graph3D] Creating simulation: [33m3[39m nodes
[Graph3D] createGraphSimulation called: { hasObjectManager: [33mtrue[39m, hasScene: [33mtrue[39m, nodeCount: [33m3[39m, linkCount: [33m1[39m }
[Graph3D] Clearing existing objects...
[Graph3D] Calling createSimulation...
[Graph3D] Simulation created, setting up event handlers...
[Graph3D] Data changed: {
  nodesLen: [33m3[39m,
  linksLen: [33m1[39m,
  key: [33m1776869859412[39m,
  timestamp: [33m1776869858409[39m
}
[Graph3D] Creating simulation: [33m3[39m nodes
[Graph3D] createGraphSimulation called: { hasObjectManager: [33mtrue[39m, hasScene: [33mtrue[39m, nodeCount: [33m3[39m, linkCount: [33m1[39m }
[Graph3D] Clearing existing objects...
[Graph3D] Calling createSimulation...
[Graph3D] Simulation created, setting up event handlers...
[Graph3D] Data changed: {
  nodesLen: [33m3[39m,
  linksLen: [33m1[39m,
  key: [33m1776869859445[39m,
  timestamp: [33m1776869858442[39m
}
[Graph3D] Creating simulation: [33m3[39m nodes
[Graph3D] createGraphSimulation called: { hasObjectManager: [33mtrue[39m, hasScene: [33mtrue[39m, nodeCount: [33m3[39m, linkCount: [33m1[39m }
[Graph3D] Clearing existing objects...
[Graph3D] Calling createSimulation...
[Graph3D] Simulation created, setting up event handlers...
[Graph3D] Data changed: {
  nodesLen: [33m3[39m,
  linksLen: [33m1[39m,
  key: [33m1776869859487[39m,
  timestamp: [33m1776869858484[39m
}
[Graph3D] Creating simulation: [33m3[39m nodes
[Graph3D] createGraphSimulation called: { hasObjectManager: [33mtrue[39m, hasScene: [33mtrue[39m, nodeCount: [33m3[39m, linkCount: [33m1[39m }
[Graph3D] Clearing existing objects...
[Graph3D] Calling createSimulation...
[Graph3D] Simulation created, setting up event handlers...
[Graph3D] Data changed: {
  nodesLen: [33m3[39m,
  linksLen: [33m1[39m,
  key: [33m1776869859520[39m,
  timestamp: [33m1776869858517[39m
}
[Graph3D] Creating simulation: [33m3[39m nodes
[Graph3D] createGraphSimulation called: { hasObjectManager: [33mtrue[39m, hasScene: [33mtrue[39m, nodeCount: [33m3[39m, linkCount: [33m1[39m }
[Graph3D] Clearing existing objects...
[Graph3D] Calling createSimulation...
[Graph3D] Simulation created, setting up event handlers...
[Graph3D] Data changed: {
  nodesLen: [33m3[39m,
  linksLen: [33m1[39m,
  key: [33m1776869859554[39m,
  timestamp: [33m1776869858551[39m
}
[Graph3D] Creating simulation: [33m3[39m nodes
[Graph3D] createGraphSimulation called: { hasObjectManager: [33mtrue[39m, hasScene: [33mtrue[39m, nodeCount: [33m3[39m, linkCount: [33m1[39m }
[Graph3D] Clearing existing objects...
[Graph3D] Calling createSimulation...
[Graph3D] Simulation created, setting up event handlers...
[Graph3D] Data changed: {
  nodesLen: [33m3[39m,
  linksLen: [33m1[39m,
  key: [33m1776869859586[39m,
  timestamp: [33m1776869858583[39m
}
[Graph3D] Creating simulation: [33m3[39m nodes
[Graph3D] createGraphSimulation called: { hasObjectManager: [33mtrue[39m, hasScene: [33mtrue[39m, nodeCount: [33m3[39m, linkCount: [33m1[39m }
[Graph3D] Clearing existing objects...
[Graph3D] Calling createSimulation...
[Graph3D] Simulation created, setting up event handlers...
[Graph3D] Data changed: {
  nodesLen: [33m3[39m,
  linksLen: [33m1[39m,
  key: [33m1776869859619[39m,
  timestamp: [33m1776869858616[39m
}
[Graph3D] Creating simulation: [33m3[39m nodes
[Graph3D] createGraphSimulation called: { hasObjectManager: [33mtrue[39m, hasScene: [33mtrue[39m, nodeCount: [33m3[39m, linkCount: [33m1[39m }
[Graph3D] Clearing existing objects...
[Graph3D] Calling createSimulation...
[Graph3D] Simulation created, setting up event handlers...
[Graph3D] Data changed: {
  nodesLen: [33m3[39m,
  linksLen: [33m1[39m,
  key: [33m1776869859653[39m,
  timestamp: [33m1776869858650[39m
}
[Graph3D] Creating simulation: [33m3[39m nodes
[Graph3D] createGraphSimulation called: { hasObjectManager: [33mtrue[39m, hasScene: [33mtrue[39m, nodeCount: [33m3[39m, linkCount: [33m1[39m }
[Graph3D] Clearing existing objects...
[Graph3D] Calling createSimulation...
[Graph3D] Simulation created, setting up event handlers...
[Graph3D] Data changed: {
  nodesLen: [33m3[39m,
  linksLen: [33m1[39m,
  key: [33m1776869859686[39m,
  timestamp: [33m1776869858683[39m
}
[Graph3D] Creating simulation: [33m3[39m nodes
[Graph3D] createGraphSimulation called: { hasObjectManager: [33mtrue[39m, hasScene: [33mtrue[39m, nodeCount: [33m3[39m, linkCount: [33m1[39m }
[Graph3D] Clearing existing objects...
[Graph3D] Calling createSimulation...
[Graph3D] Simulation created, setting up event handlers...
[Graph3D] Data changed: {
  nodesLen: [33m3[39m,
  linksLen: [33m1[39m,
  key: [33m1776869859721[39m,
  timestamp: [33m1776869858718[39m
}
[Graph3D] Creating simulation: [33m3[39m nodes
[Graph3D] createGraphSimulation called: { hasObjectManager: [33mtrue[39m, hasScene: [33mtrue[39m, nodeCount: [33m3[39m, linkCount: [33m1[39m }
[Graph3D] Clearing existing objects...
[Graph3D] Calling createSimulation...
[Graph3D] Simulation created, setting up event handlers...
[Graph3D] Data changed: {
  nodesLen: [33m3[39m,
  linksLen: [33m1[39m,
  key: [33m1776869859753[39m,
  timestamp: [33m1776869858750[39m
}
[Graph3D] Creating simulation: [33m3[39m nodes
[Graph3D] createGraphSimulation called: { hasObjectManager: [33mtrue[39m, hasScene: [33mtrue[39m, nodeCount: [33m3[39m, linkCount: [33m1[39m }
[Graph3D] Clearing existing objects...
[Graph3D] Calling createSimulation...
[Graph3D] Simulation created, setting up event handlers...
[Graph3D] Data changed: {
  nodesLen: [33m3[39m,
  linksLen: [33m1[39m,
  key: [33m1776869859788[39m,
  timestamp: [33m1776869858785[39m
}
[Graph3D] Creating simulation: [33m3[39m nodes
[Graph3D] createGraphSimulation called: { hasObjectManager: [33mtrue[39m, hasScene: [33mtrue[39m, nodeCount: [33m3[39m, linkCount: [33m1[39m }
[Graph3D] Clearing existing objects...
[Graph3D] Calling createSimulation...
[Graph3D] Simulation created, setting up event handlers...
[Graph3D] Data changed: {
  nodesLen: [33m3[39m,
  linksLen: [33m1[39m,
  key: [33m1776869859820[39m,
  timestamp: [33m1776869858817[39m
}
[Graph3D] Creating simulation: [33m3[39m nodes
[Graph3D] createGraphSimulation called: { hasObjectManager: [33mtrue[39m, hasScene: [33mtrue[39m, nodeCount: [33m3[39m, linkCount: [33m1[39m }
[Graph3D] Clearing existing objects...
[Graph3D] Calling createSimulation...
[Graph3D] Simulation created, setting up event handlers...
[Graph3D] Data changed: {
  nodesLen: [33m3[39m,
  linksLen: [33m1[39m,
  key: [33m1776869859858[39m,
  timestamp: [33m1776869858855[39m
}
[Graph3D] Creating simulation: [33m3[39m nodes
[Graph3D] createGraphSimulation called: { hasObjectManager: [33mtrue[39m, hasScene: [33mtrue[39m, nodeCount: [33m3[39m, linkCount: [33m1[39m }
[Graph3D] Clearing existing objects...
[Graph3D] Calling createSimulation...
[Graph3D] Simulation created, setting up event handlers...
[Graph3D] Data changed: {
  nodesLen: [33m3[39m,
  linksLen: [33m1[39m,
  key: [33m1776869859892[39m,
  timestamp: [33m1776869858889[39m
}
[Graph3D] Creating simulation: [33m3[39m nodes
[Graph3D] createGraphSimulation called: { hasObjectManager: [33mtrue[39m, hasScene: [33mtrue[39m, nodeCount: [33m3[39m, linkCount: [33m1[39m }
[Graph3D] Clearing existing objects...
[Graph3D] Calling createSimulation...
[Graph3D] Simulation created, setting up event handlers...
[Graph3D] Data changed: {
  nodesLen: [33m3[39m,
  linksLen: [33m1[39m,
  key: [33m1776869859927[39m,
  timestamp: [33m1776869858924[39m
}
[Graph3D] Creating simulation: [33m3[39m nodes
[Graph3D] createGraphSimulation called: { hasObjectManager: [33mtrue[39m, hasScene: [33mtrue[39m, nodeCount: [33m3[39m, linkCount: [33m1[39m }
[Graph3D] Clearing existing objects...
[Graph3D] Calling createSimulation...
[Graph3D] Simulation created, setting up event handlers...
[Graph3D] Data changed: {
  nodesLen: [33m3[39m,
  linksLen: [33m1[39m,
  key: [33m1776869859961[39m,
  timestamp: [33m1776869858958[39m
}
[Graph3D] Creating simulation: [33m3[39m nodes
[Graph3D] createGraphSimulation called: { hasObjectManager: [33mtrue[39m, hasScene: [33mtrue[39m, nodeCount: [33m3[39m, linkCount: [33m1[39m }
[Graph3D] Clearing existing objects...
[Graph3D] Calling createSimulation...
[Graph3D] Simulation created, setting up event handlers...
[Graph3D] Data changed: {
  nodesLen: [33m3[39m,
  linksLen: [33m1[39m,
  key: [33m1776869859997[39m,
  timestamp: [33m1776869858994[39m
}
[Graph3D] Creating simulation: [33m3[39m nodes
[Graph3D] createGraphSimulation called: { hasObjectManager: [33mtrue[39m, hasScene: [33mtrue[39m, nodeCount: [33m3[39m, linkCount: [33m1[39m }
[Graph3D] Clearing existing objects...
[Graph3D] Calling createSimulation...
[Graph3D] Simulation created, setting up event handlers...
[Graph3D] Data changed: {
  nodesLen: [33m3[39m,
  linksLen: [33m1[39m,
  key: [33m1776869860031[39m,
  timestamp: [33m1776869859028[39m
}
[Graph3D] Creating simulation: [33m3[39m nodes
[Graph3D] createGraphSimulation called: { hasObjectManager: [33mtrue[39m, hasScene: [33mtrue[39m, nodeCount: [33m3[39m, linkCount: [33m1[39m }
[Graph3D] Clearing existing objects...
[Graph3D] Calling createSimulation...
[Graph3D] Simulation created, setting up event handlers...
[Graph3D] Data changed: {
  nodesLen: [33m3[39m,
  linksLen: [33m1[39m,
  key: [33m1776869860068[39m,
  timestamp: [33m1776869859065[39m
}
[Graph3D] Creating simulation: [33m3[39m nodes
[Graph3D] createGraphSimulation called: { hasObjectManager: [33mtrue[39m, hasScene: [33mtrue[39m, nodeCount: [33m3[39m, linkCount: [33m1[39m }
[Graph3D] Clearing existing objects...
[Graph3D] Calling createSimulation...
[Graph3D] Simulation created, setting up event handlers...
[Graph3D] Data changed: {
  nodesLen: [33m3[39m,
  linksLen: [33m1[39m,
  key: [33m1776869860103[39m,
  timestamp: [33m1776869859100[39m
}
[Graph3D] Creating simulation: [33m3[39m nodes
[Graph3D] createGraphSimulation called: { hasObjectManager: [33mtrue[39m, hasScene: [33mtrue[39m, nodeCount: [33m3[39m, linkCount: [33m1[39m }
[Graph3D] Clearing existing objects...
[Graph3D] Calling createSimulation...
[Graph3D] Simulation created, setting up event handlers...
[Graph3D] Data changed: {
  nodesLen: [33m3[39m,
  linksLen: [33m1[39m,
  key: [33m1776869860136[39m,
  timestamp: [33m1776869859133[39m
}
[Graph3D] Creating simulation: [33m3[39m nodes
[Graph3D] createGraphSimulation called: { hasObjectManager: [33mtrue[39m, hasScene: [33mtrue[39m, nodeCount: [33m3[39m, linkCount: [33m1[39m }
[Graph3D] Clearing existing objects...
[Graph3D] Calling createSimulation...
[Graph3D] Simulation created, setting up event handlers...
[Graph3D] Data changed: {
  nodesLen: [33m3[39m,
  linksLen: [33m1[39m,
  key: [33m1776869860170[39m,
  timestamp: [33m1776869859167[39m
}
[Graph3D] Creating simulation: [33m3[39m nodes
[Graph3D] createGraphSimulation called: { hasObjectManager: [33mtrue[39m, hasScene: [33mtrue[39m, nodeCount: [33m3[39m, linkCount: [33m1[39m }
[Graph3D] Clearing existing objects...
[Graph3D] Calling createSimulation...
[Graph3D] Simulation created, setting up event handlers...
[Graph3D] Data changed: {
  nodesLen: [33m3[39m,
  linksLen: [33m1[39m,
  key: [33m1776869860203[39m,
  timestamp: [33m1776869859200[39m
}
[Graph3D] Creating simulation: [33m3[39m nodes
[Graph3D] createGraphSimulation called: { hasObjectManager: [33mtrue[39m, hasScene: [33mtrue[39m, nodeCount: [33m3[39m, linkCount: [33m1[39m }
[Graph3D] Clearing existing objects...
[Graph3D] Calling createSimulation...
[Graph3D] Simulation created, setting up event handlers...
[Graph3D] Data changed: {
  nodesLen: [33m3[39m,
  linksLen: [33m1[39m,
  key: [33m1776869860240[39m,
  timestamp: [33m1776869859237[39m
}
[Graph3D] Creating simulation: [33m3[39m nodes
[Graph3D] createGraphSimulation called: { hasObjectManager: [33mtrue[39m, hasScene: [33mtrue[39m, nodeCount: [33m3[39m, linkCount: [33m1[39m }
[Graph3D] Clearing existing objects...
[Graph3D] Calling createSimulation...
[Graph3D] Simulation created, setting up event handlers...
[Graph3D] Data changed: {
  nodesLen: [33m3[39m,
  linksLen: [33m1[39m,
  key: [33m1776869860284[39m,
  timestamp: [33m1776869859281[39m
}
[Graph3D] Creating simulation: [33m3[39m nodes
[Graph3D] createGraphSimulation called: { hasObjectManager: [33mtrue[39m, hasScene: [33mtrue[39m, nodeCount: [33m3[39m, linkCount: [33m1[39m }
[Graph3D] Clearing existing objects...
[Graph3D] Calling createSimulation...
[Graph3D] Simulation created, setting up event handlers...
[Graph3D] Data changed: {
  nodesLen: [33m3[39m,
  linksLen: [33m1[39m,
  key: [33m1776869860320[39m,
  timestamp: [33m1776869859317[39m
}
[Graph3D] Creating simulation: [33m3[39m nodes
[Graph3D] createGraphSimulation called: { hasObjectManager: [33mtrue[39m, hasScene: [33mtrue[39m, nodeCount: [33m3[39m, linkCount: [33m1[39m }
[Graph3D] Clearing existing objects...
[Graph3D] Calling createSimulation...
[Graph3D] Simulation created, setting up event handlers...
[Graph3D] Data changed: {
  nodesLen: [33m3[39m,
  linksLen: [33m1[39m,
  key: [33m1776869860357[39m,
  timestamp: [33m1776869859354[39m
}
[Graph3D] Creating simulation: [33m3[39m nodes
[Graph3D] createGraphSimulation called: { hasObjectManager: [33mtrue[39m, hasScene: [33mtrue[39m, nodeCount: [33m3[39m, linkCount: [33m1[39m }
[Graph3D] Clearing existing objects...
[Graph3D] Calling createSimulation...
[Graph3D] Simulation created, setting up event handlers...
[Graph3D] Data changed: {
  nodesLen: [33m3[39m,
  linksLen: [33m1[39m,
  key: [33m1776869860391[39m,
  timestamp: [33m1776869859388[39m
}
[Graph3D] Creating simulation: [33m3[39m nodes
[Graph3D] createGraphSimulation called: { hasObjectManager: [33mtrue[39m, hasScene: [33mtrue[39m, nodeCount: [33m3[39m, linkCount: [33m1[39m }
[Graph3D] Clearing existing objects...
[Graph3D] Calling createSimulation...
[Graph3D] Simulation created, setting up event handlers...
[Graph3D] Data changed: {
  nodesLen: [33m3[39m,
  linksLen: [33m1[39m,
  key: [33m1776869860428[39m,
  timestamp: [33m1776869859425[39m
}
[Graph3D] Creating simulation: [33m3[39m nodes
[Graph3D] createGraphSimulation called: { hasObjectManager: [33mtrue[39m, hasScene: [33mtrue[39m, nodeCount: [33m3[39m, linkCount: [33m1[39m }
[Graph3D] Clearing existing objects...
[Graph3D] Calling createSimulation...
[Graph3D] Simulation created, setting up event handlers...
[Graph3D] Data changed: {
  nodesLen: [33m3[39m,
  linksLen: [33m1[39m,
  key: [33m1776869860462[39m,
  timestamp: [33m1776869859459[39m
}
[Graph3D] Creating simulation: [33m3[39m nodes
[Graph3D] createGraphSimulation called: { hasObjectManager: [33mtrue[39m, hasScene: [33mtrue[39m, nodeCount: [33m3[39m, linkCount: [33m1[39m }
[Graph3D] Clearing existing objects...
[Graph3D] Calling createSimulation...
[Graph3D] Simulation created, setting up event handlers...
[Graph3D] Data changed: {
  nodesLen: [33m3[39m,
  linksLen: [33m1[39m,
  key: [33m1776869860500[39m,
  timestamp: [33m1776869859497[39m
}
[Graph3D] Creating simulation: [33m3[39m nodes
[Graph3D] createGraphSimulation called: { hasObjectManager: [33mtrue[39m, hasScene: [33mtrue[39m, nodeCount: [33m3[39m, linkCount: [33m1[39m }
[Graph3D] Clearing existing objects...
[Graph3D] Calling createSimulation...
[Graph3D] Simulation created, setting up event handlers...
[Graph3D] Data changed: {
  nodesLen: [33m3[39m,
  linksLen: [33m1[39m,
  key: [33m1776869860535[39m,
  timestamp: [33m1776869859532[39m
}
[Graph3D] Creating simulation: [33m3[39m nodes
[Graph3D] createGraphSimulation called: { hasObjectManager: [33mtrue[39m, hasScene: [33mtrue[39m, nodeCount: [33m3[39m, linkCount: [33m1[39m }
[Graph3D] Clearing existing objects...
[Graph3D] Calling createSimulation...
[Graph3D] Simulation created, setting up event handlers...
[Graph3D] Data changed: {
  nodesLen: [33m3[39m,
  linksLen: [33m1[39m,
  key: [33m1776869860568[39m,
  timestamp: [33m1776869859565[39m
}
[Graph3D] Creating simulation: [33m3[39m nodes
[Graph3D] createGraphSimulation called: { hasObjectManager: [33mtrue[39m, hasScene: [33mtrue[39m, nodeCount: [33m3[39m, linkCount: [33m1[39m }
[Graph3D] Clearing existing objects...
[Graph3D] Calling createSimulation...
[Graph3D] Simulation created, setting up event handlers...
[Graph3D] Data changed: {
  nodesLen: [33m3[39m,
  linksLen: [33m1[39m,
  key: [33m1776869860604[39m,
  timestamp: [33m1776869859601[39m
}
[Graph3D] Creating simulation: [33m3[39m nodes
[Graph3D] createGraphSimulation called: { hasObjectManager: [33mtrue[39m, hasScene: [33mtrue[39m, nodeCount: [33m3[39m, linkCount: [33m1[39m }
[Graph3D] Clearing existing objects...
[Graph3D] Calling createSimulation...
[Graph3D] Simulation created, setting up event handlers...
[Graph3D] Data changed: {
  nodesLen: [33m3[39m,
  linksLen: [33m1[39m,
  key: [33m1776869860638[39m,
  timestamp: [33m1776869859635[39m
}
[Graph3D] Creating simulation: [33m3[39m nodes
[Graph3D] createGraphSimulation called: { hasObjectManager: [33mtrue[39m, hasScene: [33mtrue[39m, nodeCount: [33m3[39m, linkCount: [33m1[39m }
[Graph3D] Clearing existing objects...
[Graph3D] Calling createSimulation...
[Graph3D] Simulation created, setting up event handlers...
[Graph3D] Data changed: {
  nodesLen: [33m3[39m,
  linksLen: [33m1[39m,
  key: [33m1776869860674[39m,
  timestamp: [33m1776869859671[39m
}
[Graph3D] Creating simulation: [33m3[39m nodes
[Graph3D] createGraphSimulation called: { hasObjectManager: [33mtrue[39m, hasScene: [33mtrue[39m, nodeCount: [33m3[39m, linkCount: [33m1[39m }
[Graph3D] Clearing existing objects...
[Graph3D] Calling createSimulation...
[Graph3D] Simulation created, setting up event handlers...
[Graph3D] Data changed: {
  nodesLen: [33m3[39m,
  linksLen: [33m1[39m,
  key: [33m1776869860711[39m,
  timestamp: [33m1776869859708[39m
}
[Graph3D] Creating simulation: [33m3[39m nodes
[Graph3D] createGraphSimulation called: { hasObjectManager: [33mtrue[39m, hasScene: [33mtrue[39m, nodeCount: [33m3[39m, linkCount: [33m1[39m }
[Graph3D] Clearing existing objects...
[Graph3D] Calling createSimulation...
[Graph3D] Simulation created, setting up event handlers...
[Graph3D] Data changed: {
  nodesLen: [33m3[39m,
  linksLen: [33m1[39m,
  key: [33m1776869860745[39m,
  timestamp: [33m1776869859742[39m
}
[Graph3D] Creating simulation: [33m3[39m nodes
[Graph3D] createGraphSimulation called: { hasObjectManager: [33mtrue[39m, hasScene: [33mtrue[39m, nodeCount: [33m3[39m, linkCount: [33m1[39m }
[Graph3D] Clearing existing objects...
[Graph3D] Calling createSimulation...
[Graph3D] Simulation created, setting up event handlers...
[Graph3D] Data changed: {
  nodesLen: [33m3[39m,
  linksLen: [33m1[39m,
  key: [33m1776869860782[39m,
  timestamp: [33m1776869859779[39m
}
[Graph3D] Creating simulation: [33m3[39m nodes
[Graph3D] createGraphSimulation called: { hasObjectManager: [33mtrue[39m, hasScene: [33mtrue[39m, nodeCount: [33m3[39m, linkCount: [33m1[39m }
[Graph3D] Clearing existing objects...
[Graph3D] Calling createSimulation...
[Graph3D] Simulation created, setting up event handlers...
[Graph3D] Data changed: {
  nodesLen: [33m3[39m,
  linksLen: [33m1[39m,
  key: [33m1776869860819[39m,
  timestamp: [33m1776869859816[39m
}
[Graph3D] Creating simulation: [33m3[39m nodes
[Graph3D] createGraphSimulation called: { hasObjectManager: [33mtrue[39m, hasScene: [33mtrue[39m, nodeCount: [33m3[39m, linkCount: [33m1[39m }
[Graph3D] Clearing existing objects...
[Graph3D] Calling createSimulation...
[Graph3D] Simulation created, setting up event handlers...
[Graph3D] Data changed: {
  nodesLen: [33m3[39m,
  linksLen: [33m1[39m,
  key: [33m1776869860853[39m,
  timestamp: [33m1776869859850[39m
}
[Graph3D] Creating simulation: [33m3[39m nodes
[Graph3D] createGraphSimulation called: { hasObjectManager: [33mtrue[39m, hasScene: [33mtrue[39m, nodeCount: [33m3[39m, linkCount: [33m1[39m }
[Graph3D] Clearing existing objects...
[Graph3D] Calling createSimulation...
[Graph3D] Simulation created, setting up event handlers...
[Graph3D] Data changed: {
  nodesLen: [33m3[39m,
  linksLen: [33m1[39m,
  key: [33m1776869860890[39m,
  timestamp: [33m1776869859887[39m
}
[Graph3D] Creating simulation: [33m3[39m nodes
[Graph3D] createGraphSimulation called: { hasObjectManager: [33mtrue[39m, hasScene: [33mtrue[39m, nodeCount: [33m3[39m, linkCount: [33m1[39m }
[Graph3D] Clearing existing objects...
[Graph3D] Calling createSimulation...
[Graph3D] Simulation created, setting up event handlers...
[Graph3D] Data changed: {
  nodesLen: [33m3[39m,
  linksLen: [33m1[39m,
  key: [33m1776869860927[39m,
  timestamp: [33m1776869859924[39m
}
[Graph3D] Creating simulation: [33m3[39m nodes
[Graph3D] createGraphSimulation called: { hasObjectManager: [33mtrue[39m, hasScene: [33mtrue[39m, nodeCount: [33m3[39m, linkCount: [33m1[39m }
[Graph3D] Clearing existing objects...
[Graph3D] Calling createSimulation...
[Graph3D] Simulation created, setting up event handlers...
[Graph3D] Data changed: {
  nodesLen: [33m3[39m,
  linksLen: [33m1[39m,
  key: [33m1776869860961[39m,
  timestamp: [33m1776869859958[39m
}
[Graph3D] Creating simulation: [33m3[39m nodes
[Graph3D] createGraphSimulation called: { hasObjectManager: [33mtrue[39m, hasScene: [33mtrue[39m, nodeCount: [33m3[39m, linkCount: [33m1[39m }
[Graph3D] Clearing existing objects...
[Graph3D] Calling createSimulation...
[Graph3D] Simulation created, setting up event handlers...
[Graph3D] Data changed: {
  nodesLen: [33m3[39m,
  linksLen: [33m1[39m,
  key: [33m1776869860998[39m,
  timestamp: [33m1776869859995[39m
}
[Graph3D] Creating simulation: [33m3[39m nodes
[Graph3D] createGraphSimulation called: { hasObjectManager: [33mtrue[39m, hasScene: [33mtrue[39m, nodeCount: [33m3[39m, linkCount: [33m1[39m }
[Graph3D] Clearing existing objects...
[Graph3D] Calling createSimulation...
[Graph3D] Simulation created, setting up event handlers...
[Graph3D] Data changed: {
  nodesLen: [33m3[39m,
  linksLen: [33m1[39m,
  key: [33m1776869861035[39m,
  timestamp: [33m1776869860032[39m
}
[Graph3D] Creating simulation: [33m3[39m nodes
[Graph3D] createGraphSimulation called: { hasObjectManager: [33mtrue[39m, hasScene: [33mtrue[39m, nodeCount: [33m3[39m, linkCount: [33m1[39m }
[Graph3D] Clearing existing objects...
[Graph3D] Calling createSimulation...
[Graph3D] Simulation created, setting up event handlers...
[Graph3D] Data changed: {
  nodesLen: [33m3[39m,
  linksLen: [33m1[39m,
  key: [33m1776869861069[39m,
  timestamp: [33m1776869860066[39m
}
[Graph3D] Creating simulation: [33m3[39m nodes
[Graph3D] createGraphSimulation called: { hasObjectManager: [33mtrue[39m, hasScene: [33mtrue[39m, nodeCount: [33m3[39m, linkCount: [33m1[39m }
[Graph3D] Clearing existing objects...
[Graph3D] Calling createSimulation...
[Graph3D] Simulation created, setting up event handlers...
[Graph3D] Data changed: {
  nodesLen: [33m3[39m,
  linksLen: [33m1[39m,
  key: [33m1776869861105[39m,
  timestamp: [33m1776869860102[39m
}
[Graph3D] Creating simulation: [33m3[39m nodes
[Graph3D] createGraphSimulation called: { hasObjectManager: [33mtrue[39m, hasScene: [33mtrue[39m, nodeCount: [33m3[39m, linkCount: [33m1[39m }
[Graph3D] Clearing existing objects...
[Graph3D] Calling createSimulation...
[Graph3D] Simulation created, setting up event handlers...
[Graph3D] Data changed: {
  nodesLen: [33m3[39m,
  linksLen: [33m1[39m,
  key: [33m1776869861141[39m,
  timestamp: [33m1776869860138[39m
}
[Graph3D] Creating simulation: [33m3[39m nodes
[Graph3D] createGraphSimulation called: { hasObjectManager: [33mtrue[39m, hasScene: [33mtrue[39m, nodeCount: [33m3[39m, linkCount: [33m1[39m }
[Graph3D] Clearing existing objects...
[Graph3D] Calling createSimulation...
[Graph3D] Simulation created, setting up event handlers...
[Graph3D] Data changed: {
  nodesLen: [33m3[39m,
  linksLen: [33m1[39m,
  key: [33m1776869861176[39m,
  timestamp: [33m1776869860173[39m
}
[Graph3D] Creating simulation: [33m3[39m nodes
[Graph3D] createGraphSimulation called: { hasObjectManager: [33mtrue[39m, hasScene: [33mtrue[39m, nodeCount: [33m3[39m, linkCount: [33m1[39m }
[Graph3D] Clearing existing objects...
[Graph3D] Calling createSimulation...
[Graph3D] Simulation created, setting up event handlers...
[Graph3D] Data changed: {
  nodesLen: [33m3[39m,
  linksLen: [33m1[39m,
  key: [33m1776869861213[39m,
  timestamp: [33m1776869860210[39m
}
[Graph3D] Creating simulation: [33m3[39m nodes
[Graph3D] createGraphSimulation called: { hasObjectManager: [33mtrue[39m, hasScene: [33mtrue[39m, nodeCount: [33m3[39m, linkCount: [33m1[39m }
[Graph3D] Clearing existing objects...
[Graph3D] Calling createSimulation...
[Graph3D] Simulation created, setting up event handlers...
[Graph3D] Data changed: {
  nodesLen: [33m3[39m,
  linksLen: [33m1[39m,
  key: [33m1776869861251[39m,
  timestamp: [33m1776869860248[39m
}
[Graph3D] Creating simulation: [33m3[39m nodes
[Graph3D] createGraphSimulation called: { hasObjectManager: [33mtrue[39m, hasScene: [33mtrue[39m, nodeCount: [33m3[39m, linkCount: [33m1[39m }
[Graph3D] Clearing existing objects...
[Graph3D] Calling createSimulation...
[Graph3D] Simulation created, setting up event handlers...
[Graph3D] Data changed: {
  nodesLen: [33m3[39m,
  linksLen: [33m1[39m,
  key: [33m1776869861286[39m,
  timestamp: [33m1776869860283[39m
}
[Graph3D] Creating simulation: [33m3[39m nodes
[Graph3D] createGraphSimulation called: { hasObjectManager: [33mtrue[39m, hasScene: [33mtrue[39m, nodeCount: [33m3[39m, linkCount: [33m1[39m }
[Graph3D] Clearing existing objects...
[Graph3D] Calling createSimulation...
[Graph3D] Simulation created, setting up event handlers...
[Graph3D] Data changed: {
  nodesLen: [33m3[39m,
  linksLen: [33m1[39m,
  key: [33m1776869861323[39m,
  timestamp: [33m1776869860320[39m
}
[Graph3D] Creating simulation: [33m3[39m nodes
[Graph3D] createGraphSimulation called: { hasObjectManager: [33mtrue[39m, hasScene: [33mtrue[39m, nodeCount: [33m3[39m, linkCount: [33m1[39m }
[Graph3D] Clearing existing objects...
[Graph3D] Calling createSimulation...
[Graph3D] Simulation created, setting up event handlers...
[Graph3D] Data changed: {
  nodesLen: [33m3[39m,
  linksLen: [33m1[39m,
  key: [33m1776869861362[39m,
  timestamp: [33m1776869860359[39m
}
[Graph3D] Creating simulation: [33m3[39m nodes
[Graph3D] createGraphSimulation called: { hasObjectManager: [33mtrue[39m, hasScene: [33mtrue[39m, nodeCount: [33m3[39m, linkCount: [33m1[39m }
[Graph3D] Clearing existing objects...
[Graph3D] Calling createSimulation...
[Graph3D] Simulation created, setting up event handlers...
[Graph3D] Data changed: {
  nodesLen: [33m3[39m,
  linksLen: [33m1[39m,
  key: [33m1776869861398[39m,
  timestamp: [33m1776869860395[39m
}
[Graph3D] Creating simulation: [33m3[39m nodes
[Graph3D] createGraphSimulation called: { hasObjectManager: [33mtrue[39m, hasScene: [33mtrue[39m, nodeCount: [33m3[39m, linkCount: [33m1[39m }
[Graph3D] Clearing existing objects...
[Graph3D] Calling createSimulation...
[Graph3D] Simulation created, setting up event handlers...
[Graph3D] Data changed: {
  nodesLen: [33m3[39m,
  linksLen: [33m1[39m,
  key: [33m1776869861435[39m,
  timestamp: [33m1776869860432[39m
}
[Graph3D] Creating simulation: [33m3[39m nodes
[Graph3D] createGraphSimulation called: { hasObjectManager: [33mtrue[39m, hasScene: [33mtrue[39m, nodeCount: [33m3[39m, linkCount: [33m1[39m }
[Graph3D] Clearing existing objects...
[Graph3D] Calling createSimulation...
[Graph3D] Simulation created, setting up event handlers...
[Graph3D] Data changed: {
  nodesLen: [33m3[39m,
  linksLen: [33m1[39m,
  key: [33m1776869861475[39m,
  timestamp: [33m1776869860472[39m
}
[Graph3D] Creating simulation: [33m3[39m nodes
[Graph3D] createGraphSimulation called: { hasObjectManager: [33mtrue[39m, hasScene: [33mtrue[39m, nodeCount: [33m3[39m, linkCount: [33m1[39m }
[Graph3D] Clearing existing objects...
[Graph3D] Calling createSimulation...
[Graph3D] Simulation created, setting up event handlers...
[Graph3D] Data changed: {
  nodesLen: [33m3[39m,
  linksLen: [33m1[39m,
  key: [33m1776869861516[39m,
  timestamp: [33m1776869860513[39m
}
[Graph3D] Creating simulation: [33m3[39m nodes
[Graph3D] createGraphSimulation called: { hasObjectManager: [33mtrue[39m, hasScene: [33mtrue[39m, nodeCount: [33m3[39m, linkCount: [33m1[39m }
[Graph3D] Clearing existing objects...
[Graph3D] Calling createSimulation...
[Graph3D] Simulation created, setting up event handlers...
[Graph3D] Data changed: {
  nodesLen: [33m3[39m,
  linksLen: [33m1[39m,
  key: [33m1776869861571[39m,
  timestamp: [33m1776869860568[39m
}
[Graph3D] Creating simulation: [33m3[39m nodes
[Graph3D] createGraphSimulation called: { hasObjectManager: [33mtrue[39m, hasScene: [33mtrue[39m, nodeCount: [33m3[39m, linkCount: [33m1[39m }
[Graph3D] Clearing existing objects...
[Graph3D] Calling createSimulation...
[Graph3D] Simulation created, setting up event handlers...
[Graph3D] Data changed: {
  nodesLen: [33m3[39m,
  linksLen: [33m1[39m,
  key: [33m1776869861607[39m,
  timestamp: [33m1776869860604[39m
}
[Graph3D] Creating simulation: [33m3[39m nodes
[Graph3D] createGraphSimulation called: { hasObjectManager: [33mtrue[39m, hasScene: [33mtrue[39m, nodeCount: [33m3[39m, linkCount: [33m1[39m }
[Graph3D] Clearing existing objects...
[Graph3D] Calling createSimulation...
[Graph3D] Simulation created, setting up event handlers...
[Graph3D] Data changed: {
  nodesLen: [33m3[39m,
  linksLen: [33m1[39m,
  key: [33m1776869861646[39m,
  timestamp: [33m1776869860643[39m
}
[Graph3D] Creating simulation: [33m3[39m nodes
[Graph3D] createGraphSimulation called: { hasObjectManager: [33mtrue[39m, hasScene: [33mtrue[39m, nodeCount: [33m3[39m, linkCount: [33m1[39m }
[Graph3D] Clearing existing objects...
[Graph3D] Calling createSimulation...
[Graph3D] Simulation created, setting up event handlers...
[Graph3D] Data changed: {
  nodesLen: [33m3[39m,
  linksLen: [33m1[39m,
  key: [33m1776869861685[39m,
  timestamp: [33m1776869860682[39m
}
[Graph3D] Creating simulation: [33m3[39m nodes
[Graph3D] createGraphSimulation called: { hasObjectManager: [33mtrue[39m, hasScene: [33mtrue[39m, nodeCount: [33m3[39m, linkCount: [33m1[39m }
[Graph3D] Clearing existing objects...
[Graph3D] Calling createSimulation...
[Graph3D] Simulation created, setting up event handlers...
[Graph3D] Data changed: {
  nodesLen: [33m3[39m,
  linksLen: [33m1[39m,
  key: [33m1776869861720[39m,
  timestamp: [33m1776869860717[39m
}
[Graph3D] Creating simulation: [33m3[39m nodes
[Graph3D] createGraphSimulation called: { hasObjectManager: [33mtrue[39m, hasScene: [33mtrue[39m, nodeCount: [33m3[39m, linkCount: [33m1[39m }
[Graph3D] Clearing existing objects...
[Graph3D] Calling createSimulation...
[Graph3D] Simulation created, setting up event handlers...
[Graph3D] Data changed: {
  nodesLen: [33m3[39m,
  linksLen: [33m1[39m,
  key: [33m1776869861759[39m,
  timestamp: [33m1776869860756[39m
}
[Graph3D] Creating simulation: [33m3[39m nodes
[Graph3D] createGraphSimulation called: { hasObjectManager: [33mtrue[39m, hasScene: [33mtrue[39m, nodeCount: [33m3[39m, linkCount: [33m1[39m }
[Graph3D] Clearing existing objects...
[Graph3D] Calling createSimulation...
[Graph3D] Simulation created, setting up event handlers...
[Graph3D] Data changed: {
  nodesLen: [33m3[39m,
  linksLen: [33m1[39m,
  key: [33m1776869861798[39m,
  timestamp: [33m1776869860795[39m
}
[Graph3D] Creating simulation: [33m3[39m nodes
[Graph3D] createGraphSimulation called: { hasObjectManager: [33mtrue[39m, hasScene: [33mtrue[39m, nodeCount: [33m3[39m, linkCount: [33m1[39m }
[Graph3D] Clearing existing objects...
[Graph3D] Calling createSimulation...
[Graph3D] Simulation created, setting up event handlers...
[Graph3D] Data changed: {
  nodesLen: [33m3[39m,
  linksLen: [33m1[39m,
  key: [33m1776869861838[39m,
  timestamp: [33m1776869860835[39m
}
[Graph3D] Creating simulation: [33m3[39m nodes
[Graph3D] createGraphSimulation called: { hasObjectManager: [33mtrue[39m, hasScene: [33mtrue[39m, nodeCount: [33m3[39m, linkCount: [33m1[39m }
[Graph3D] Clearing existing objects...
[Graph3D] Calling createSimulation...
[Graph3D] Simulation created, setting up event handlers...
[Graph3D] Data changed: {
  nodesLen: [33m3[39m,
  linksLen: [33m1[39m,
  key: [33m1776869861876[39m,
  timestamp: [33m1776869860873[39m
}
[Graph3D] Creating simulation: [33m3[39m nodes
[Graph3D] createGraphSimulation called: { hasObjectManager: [33mtrue[39m, hasScene: [33mtrue[39m, nodeCount: [33m3[39m, linkCount: [33m1[39m }
[Graph3D] Clearing existing objects...
[Graph3D] Calling createSimulation...
[Graph3D] Simulation created, setting up event handlers...
[Graph3D] Data changed: {
  nodesLen: [33m3[39m,
  linksLen: [33m1[39m,
  key: [33m1776869861914[39m,
  timestamp: [33m1776869860911[39m
}
[Graph3D] Creating simulation: [33m3[39m nodes
[Graph3D] createGraphSimulation called: { hasObjectManager: [33mtrue[39m, hasScene: [33mtrue[39m, nodeCount: [33m3[39m, linkCount: [33m1[39m }
[Graph3D] Clearing existing objects...
[Graph3D] Calling createSimulation...
[Graph3D] Simulation created, setting up event handlers...
[Graph3D] Data changed: {
  nodesLen: [33m3[39m,
  linksLen: [33m1[39m,
  key: [33m1776869861954[39m,
  timestamp: [33m1776869860951[39m
}
[Graph3D] Creating simulation: [33m3[39m nodes
[Graph3D] createGraphSimulation called: { hasObjectManager: [33mtrue[39m, hasScene: [33mtrue[39m, nodeCount: [33m3[39m, linkCount: [33m1[39m }
[Graph3D] Clearing existing objects...
[Graph3D] Calling createSimulation...
[Graph3D] Simulation created, setting up event handlers...
[Graph3D] Data changed: {
  nodesLen: [33m3[39m,
  linksLen: [33m1[39m,
  key: [33m1776869861993[39m,
  timestamp: [33m1776869860990[39m
}
[Graph3D] Creating simulation: [33m3[39m nodes
[Graph3D] createGraphSimulation called: { hasObjectManager: [33mtrue[39m, hasScene: [33mtrue[39m, nodeCount: [33m3[39m, linkCount: [33m1[39m }
[Graph3D] Clearing existing objects...
[Graph3D] Calling createSimulation...
[Graph3D] Simulation created, setting up event handlers...
[Graph3D] Data changed: {
  nodesLen: [33m3[39m,
  linksLen: [33m1[39m,
  key: [33m1776869862029[39m,
  timestamp: [33m1776869861026[39m
}
[Graph3D] Creating simulation: [33m3[39m nodes
[Graph3D] createGraphSimulation called: { hasObjectManager: [33mtrue[39m, hasScene: [33mtrue[39m, nodeCount: [33m3[39m, linkCount: [33m1[39m }
[Graph3D] Clearing existing objects...
[Graph3D] Calling createSimulation...
[Graph3D] Simulation created, setting up event handlers...
[Graph3D] Data changed: {
  nodesLen: [33m3[39m,
  linksLen: [33m1[39m,
  key: [33m1776869862069[39m,
  timestamp: [33m1776869861066[39m
}
[Graph3D] Creating simulation: [33m3[39m nodes
[Graph3D] createGraphSimulation called: { hasObjectManager: [33mtrue[39m, hasScene: [33mtrue[39m, nodeCount: [33m3[39m, linkCount: [33m1[39m }
[Graph3D] Clearing existing objects...
[Graph3D] Calling createSimulation...
[Graph3D] Simulation created, setting up event handlers...
[Graph3D] Data changed: {
  nodesLen: [33m3[39m,
  linksLen: [33m1[39m,
  key: [33m1776869862109[39m,
  timestamp: [33m1776869861106[39m
}
[Graph3D] Creating simulation: [33m3[39m nodes
[Graph3D] createGraphSimulation called: { hasObjectManager: [33mtrue[39m, hasScene: [33mtrue[39m, nodeCount: [33m3[39m, linkCount: [33m1[39m }
[Graph3D] Clearing existing objects...
[Graph3D] Calling createSimulation...
[Graph3D] Simulation created, setting up event handlers...
[Graph3D] Data changed: {
  nodesLen: [33m3[39m,
  linksLen: [33m1[39m,
  key: [33m1776869862148[39m,
  timestamp: [33m1776869861145[39m
}
[Graph3D] Creating simulation: [33m3[39m nodes
[Graph3D] createGraphSimulation called: { hasObjectManager: [33mtrue[39m, hasScene: [33mtrue[39m, nodeCount: [33m3[39m, linkCount: [33m1[39m }
[Graph3D] Clearing existing objects...
[Graph3D] Calling createSimulation...
[Graph3D] Simulation created, setting up event handlers...
[Graph3D] Data changed: {
  nodesLen: [33m3[39m,
  linksLen: [33m1[39m,
  key: [33m1776869862185[39m,
  timestamp: [33m1776869861182[39m
}
[Graph3D] Creating simulation: [33m3[39m nodes
[Graph3D] createGraphSimulation called: { hasObjectManager: [33mtrue[39m, hasScene: [33mtrue[39m, nodeCount: [33m3[39m, linkCount: [33m1[39m }
[Graph3D] Clearing existing objects...
[Graph3D] Calling createSimulation...
[Graph3D] Simulation created, setting up event handlers...
[Graph3D] Data changed: {
  nodesLen: [33m3[39m,
  linksLen: [33m1[39m,
  key: [33m1776869862221[39m,
  timestamp: [33m1776869861218[39m
}
[Graph3D] Creating simulation: [33m3[39m nodes
[Graph3D] createGraphSimulation called: { hasObjectManager: [33mtrue[39m, hasScene: [33mtrue[39m, nodeCount: [33m3[39m, linkCount: [33m1[39m }
[Graph3D] Clearing existing objects...
[Graph3D] Calling createSimulation...
[Graph3D] Simulation created, setting up event handlers...
[Graph3D] Data changed: {
  nodesLen: [33m3[39m,
  linksLen: [33m1[39m,
  key: [33m1776869862266[39m,
  timestamp: [33m1776869861263[39m
}
[Graph3D] Creating simulation: [33m3[39m nodes
[Graph3D] createGraphSimulation called: { hasObjectManager: [33mtrue[39m, hasScene: [33mtrue[39m, nodeCount: [33m3[39m, linkCount: [33m1[39m }
[Graph3D] Clearing existing objects...
[Graph3D] Calling createSimulation...
[Graph3D] Simulation created, setting up event handlers...
[Graph3D] Data changed: {
  nodesLen: [33m3[39m,
  linksLen: [33m1[39m,
  key: [33m1776869862306[39m,
  timestamp: [33m1776869861303[39m
}
[Graph3D] Creating simulation: [33m3[39m nodes
[Graph3D] createGraphSimulation called: { hasObjectManager: [33mtrue[39m, hasScene: [33mtrue[39m, nodeCount: [33m3[39m, linkCount: [33m1[39m }
[Graph3D] Clearing existing objects...
[Graph3D] Calling createSimulation...
[Graph3D] Simulation created, setting up event handlers...
[Graph3D] Data changed: {
  nodesLen: [33m3[39m,
  linksLen: [33m1[39m,
  key: [33m1776869862351[39m,
  timestamp: [33m1776869861348[39m
}
[Graph3D] Creating simulation: [33m3[39m nodes
[Graph3D] createGraphSimulation called: { hasObjectManager: [33mtrue[39m, hasScene: [33mtrue[39m, nodeCount: [33m3[39m, linkCount: [33m1[39m }
[Graph3D] Clearing existing objects...
[Graph3D] Calling createSimulation...
[Graph3D] Simulation created, setting up event handlers...
[Graph3D] Data changed: {
  nodesLen: [33m3[39m,
  linksLen: [33m1[39m,
  key: [33m1776869862390[39m,
  timestamp: [33m1776869861387[39m
}
[Graph3D] Creating simulation: [33m3[39m nodes
[Graph3D] createGraphSimulation called: { hasObjectManager: [33mtrue[39m, hasScene: [33mtrue[39m, nodeCount: [33m3[39m, linkCount: [33m1[39m }
[Graph3D] Clearing existing objects...
[Graph3D] Calling createSimulation...
[Graph3D] Simulation created, setting up event handlers...
[Graph3D] Data changed: {
  nodesLen: [33m3[39m,
  linksLen: [33m1[39m,
  key: [33m1776869862428[39m,
  timestamp: [33m1776869861425[39m
}
[Graph3D] Creating simulation: [33m3[39m nodes
[Graph3D] createGraphSimulation called: { hasObjectManager: [33mtrue[39m, hasScene: [33mtrue[39m, nodeCount: [33m3[39m, linkCount: [33m1[39m }
[Graph3D] Clearing existing objects...
[Graph3D] Calling createSimulation...
[Graph3D] Simulation created, setting up event handlers...
[Graph3D] Data changed: {
  nodesLen: [33m3[39m,
  linksLen: [33m1[39m,
  key: [33m1776869862467[39m,
  timestamp: [33m1776869861464[39m
}
[Graph3D] Creating simulation: [33m3[39m nodes
[Graph3D] createGraphSimulation called: { hasObjectManager: [33mtrue[39m, hasScene: [33mtrue[39m, nodeCount: [33m3[39m, linkCount: [33m1[39m }
[Graph3D] Clearing existing objects...
[Graph3D] Calling createSimulation...
[Graph3D] Simulation created, setting up event handlers...
[Graph3D] Data changed: {
  nodesLen: [33m3[39m,
  linksLen: [33m1[39m,
  key: [33m1776869862513[39m,
  timestamp: [33m1776869861510[39m
}
[Graph3D] Creating simulation: [33m3[39m nodes
[Graph3D] createGraphSimulation called: { hasObjectManager: [33mtrue[39m, hasScene: [33mtrue[39m, nodeCount: [33m3[39m, linkCount: [33m1[39m }
[Graph3D] Clearing existing objects...
[Graph3D] Calling createSimulation...
[Graph3D] Simulation created, setting up event handlers...
[Graph3D] Data changed: {
  nodesLen: [33m3[39m,
  linksLen: [33m1[39m,
  key: [33m1776869862551[39m,
  timestamp: [33m1776869861548[39m
}
[Graph3D] Creating simulation: [33m3[39m nodes
[Graph3D] createGraphSimulation called: { hasObjectManager: [33mtrue[39m, hasScene: [33mtrue[39m, nodeCount: [33m3[39m, linkCount: [33m1[39m }
[Graph3D] Clearing existing objects...
[Graph3D] Calling createSimulation...
[Graph3D] Simulation created, setting up event handlers...
[Graph3D] Data changed: {
  nodesLen: [33m3[39m,
  linksLen: [33m1[39m,
  key: [33m1776869862588[39m,
  timestamp: [33m1776869861585[39m
}
[Graph3D] Creating simulation: [33m3[39m nodes
[Graph3D] createGraphSimulation called: { hasObjectManager: [33mtrue[39m, hasScene: [33mtrue[39m, nodeCount: [33m3[39m, linkCount: [33m1[39m }
[Graph3D] Clearing existing objects...
[Graph3D] Calling createSimulation...
[Graph3D] Simulation created, setting up event handlers...
[Graph3D] Data changed: {
  nodesLen: [33m3[39m,
  linksLen: [33m1[39m,
  key: [33m1776869862627[39m,
  timestamp: [33m1776869861624[39m
}
[Graph3D] Creating simulation: [33m3[39m nodes
[Graph3D] createGraphSimulation called: { hasObjectManager: [33mtrue[39m, hasScene: [33mtrue[39m, nodeCount: [33m3[39m, linkCount: [33m1[39m }
[Graph3D] Clearing existing objects...
[Graph3D] Calling createSimulation...
[Graph3D] Simulation created, setting up event handlers...
[Graph3D] Data changed: {
  nodesLen: [33m3[39m,
  linksLen: [33m1[39m,
  key: [33m1776869862668[39m,
  timestamp: [33m1776869861665[39m
}
[Graph3D] Creating simulation: [33m3[39m nodes
[Graph3D] createGraphSimulation called: { hasObjectManager: [33mtrue[39m, hasScene: [33mtrue[39m, nodeCount: [33m3[39m, linkCount: [33m1[39m }
[Graph3D] Clearing existing objects...
[Graph3D] Calling createSimulation...
[Graph3D] Simulation created, setting up event handlers...
[Graph3D] Data changed: {
  nodesLen: [33m3[39m,
  linksLen: [33m1[39m,
  key: [33m1776869862717[39m,
  timestamp: [33m1776869861714[39m
}
[Graph3D] Creating simulation: [33m3[39m nodes
[Graph3D] createGraphSimulation called: { hasObjectManager: [33mtrue[39m, hasScene: [33mtrue[39m, nodeCount: [33m3[39m, linkCount: [33m1[39m }
[Graph3D] Clearing existing objects...
[Graph3D] Calling createSimulation...
[Graph3D] Simulation created, setting up event handlers...
[Graph3D] Data changed: {
  nodesLen: [33m3[39m,
  linksLen: [33m1[39m,
  key: [33m1776869862758[39m,
  timestamp: [33m1776869861755[39m
}
[Graph3D] Creating simulation: [33m3[39m nodes
[Graph3D] createGraphSimulation called: { hasObjectManager: [33mtrue[39m, hasScene: [33mtrue[39m, nodeCount: [33m3[39m, linkCount: [33m1[39m }
[Graph3D] Clearing existing objects...
[Graph3D] Calling createSimulation...
[Graph3D] Simulation created, setting up event handlers...
[Graph3D] Data changed: {
  nodesLen: [33m3[39m,
  linksLen: [33m1[39m,
  key: [33m1776869862797[39m,
  timestamp: [33m1776869861794[39m
}
[Graph3D] Creating simulation: [33m3[39m nodes
[Graph3D] createGraphSimulation called: { hasObjectManager: [33mtrue[39m, hasScene: [33mtrue[39m, nodeCount: [33m3[39m, linkCount: [33m1[39m }
[Graph3D] Clearing existing objects...
[Graph3D] Calling createSimulation...
[Graph3D] Simulation created, setting up event handlers...
[Graph3D] Data changed: {
  nodesLen: [33m3[39m,
  linksLen: [33m1[39m,
  key: [33m1776869862836[39m,
  timestamp: [33m1776869861833[39m
}
[Graph3D] Creating simulation: [33m3[39m nodes
[Graph3D] createGraphSimulation called: { hasObjectManager: [33mtrue[39m, hasScene: [33mtrue[39m, nodeCount: [33m3[39m, linkCount: [33m1[39m }
[Graph3D] Clearing existing objects...
[Graph3D] Calling createSimulation...
[Graph3D] Simulation created, setting up event handlers...
[Graph3D] Data changed: {
  nodesLen: [33m3[39m,
  linksLen: [33m1[39m,
  key: [33m1776869862876[39m,
  timestamp: [33m1776869861873[39m
}
[Graph3D] Creating simulation: [33m3[39m nodes
[Graph3D] createGraphSimulation called: { hasObjectManager: [33mtrue[39m, hasScene: [33mtrue[39m, nodeCount: [33m3[39m, linkCount: [33m1[39m }
[Graph3D] Clearing existing objects...
[Graph3D] Calling createSimulation...
[Graph3D] Simulation created, setting up event handlers...
[Graph3D] Data changed: {
  nodesLen: [33m3[39m,
  linksLen: [33m1[39m,
  key: [33m1776869862917[39m,
  timestamp: [33m1776869861914[39m
}
[Graph3D] Creating simulation: [33m3[39m nodes
[Graph3D] createGraphSimulation called: { hasObjectManager: [33mtrue[39m, hasScene: [33mtrue[39m, nodeCount: [33m3[39m, linkCount: [33m1[39m }
[Graph3D] Clearing existing objects...
[Graph3D] Calling createSimulation...
[Graph3D] Simulation created, setting up event handlers...
[Graph3D] Data changed: {
  nodesLen: [33m3[39m,
  linksLen: [33m1[39m,
  key: [33m1776869862959[39m,
  timestamp: [33m1776869861956[39m
}
[Graph3D] Creating simulation: [33m3[39m nodes
[Graph3D] createGraphSimulation called: { hasObjectManager: [33mtrue[39m, hasScene: [33mtrue[39m, nodeCount: [33m3[39m, linkCount: [33m1[39m }
[Graph3D] Clearing existing objects...
[Graph3D] Calling createSimulation...
[Graph3D] Simulation created, setting up event handlers...
[Graph3D] Data changed: {
  nodesLen: [33m3[39m,
  linksLen: [33m1[39m,
  key: [33m1776869863001[39m,
  timestamp: [33m1776869861998[39m
}
[Graph3D] Creating simulation: [33m3[39m nodes
[Graph3D] createGraphSimulation called: { hasObjectManager: [33mtrue[39m, hasScene: [33mtrue[39m, nodeCount: [33m3[39m, linkCount: [33m1[39m }
[Graph3D] Clearing existing objects...
[Graph3D] Calling createSimulation...
[Graph3D] Simulation created, setting up event handlers...
[Graph3D] Data changed: {
  nodesLen: [33m3[39m,
  linksLen: [33m1[39m,
  key: [33m1776869863041[39m,
  timestamp: [33m1776869862038[39m
}
[Graph3D] Creating simulation: [33m3[39m nodes
[Graph3D] createGraphSimulation called: { hasObjectManager: [33mtrue[39m, hasScene: [33mtrue[39m, nodeCount: [33m3[39m, linkCount: [33m1[39m }
[Graph3D] Clearing existing objects...
[Graph3D] Calling createSimulation...
[Graph3D] Simulation created, setting up event handlers...
[Graph3D] Data changed: {
  nodesLen: [33m3[39m,
  linksLen: [33m1[39m,
  key: [33m1776869863082[39m,
  timestamp: [33m1776869862079[39m
}
[Graph3D] Creating simulation: [33m3[39m nodes
[Graph3D] createGraphSimulation called: { hasObjectManager: [33mtrue[39m, hasScene: [33mtrue[39m, nodeCount: [33m3[39m, linkCount: [33m1[39m }
[Graph3D] Clearing existing objects...
[Graph3D] Calling createSimulation...
[Graph3D] Simulation created, setting up event handlers...
[Graph3D] Data changed: {
  nodesLen: [33m3[39m,
  linksLen: [33m1[39m,
  key: [33m1776869863128[39m,
  timestamp: [33m1776869862125[39m
}
[Graph3D] Creating simulation: [33m3[39m nodes
[Graph3D] createGraphSimulation called: { hasObjectManager: [33mtrue[39m, hasScene: [33mtrue[39m, nodeCount: [33m3[39m, linkCount: [33m1[39m }
[Graph3D] Clearing existing objects...
[Graph3D] Calling createSimulation...
[Graph3D] Simulation created, setting up event handlers...
[Graph3D] Data changed: {
  nodesLen: [33m3[39m,
  linksLen: [33m1[39m,
  key: [33m1776869863169[39m,
  timestamp: [33m1776869862166[39m
}
[Graph3D] Creating simulation: [33m3[39m nodes
[Graph3D] createGraphSimulation called: { hasObjectManager: [33mtrue[39m, hasScene: [33mtrue[39m, nodeCount: [33m3[39m, linkCount: [33m1[39m }
[Graph3D] Clearing existing objects...
[Graph3D] Calling createSimulation...
[Graph3D] Simulation created, setting up event handlers...
[Graph3D] Data changed: {
  nodesLen: [33m3[39m,
  linksLen: [33m1[39m,
  key: [33m1776869863209[39m,
  timestamp: [33m1776869862206[39m
}
[Graph3D] Creating simulation: [33m3[39m nodes
[Graph3D] createGraphSimulation called: { hasObjectManager: [33mtrue[39m, hasScene: [33mtrue[39m, nodeCount: [33m3[39m, linkCount: [33m1[39m }
[Graph3D] Clearing existing objects...
[Graph3D] Calling createSimulation...
[Graph3D] Simulation created, setting up event handlers...
[Graph3D] Data changed: {
  nodesLen: [33m3[39m,
  linksLen: [33m1[39m,
  key: [33m1776869863249[39m,
  timestamp: [33m1776869862246[39m
}
[Graph3D] Creating simulation: [33m3[39m nodes
[Graph3D] createGraphSimulation called: { hasObjectManager: [33mtrue[39m, hasScene: [33mtrue[39m, nodeCount: [33m3[39m, linkCount: [33m1[39m }
[Graph3D] Clearing existing objects...
[Graph3D] Calling createSimulation...
[Graph3D] Simulation created, setting up event handlers...
[Graph3D] Data changed: {
  nodesLen: [33m3[39m,
  linksLen: [33m1[39m,
  key: [33m1776869863290[39m,
  timestamp: [33m1776869862287[39m
}
[Graph3D] Creating simulation: [33m3[39m nodes
[Graph3D] createGraphSimulation called: { hasObjectManager: [33mtrue[39m, hasScene: [33mtrue[39m, nodeCount: [33m3[39m, linkCount: [33m1[39m }
[Graph3D] Clearing existing objects...
[Graph3D] Calling createSimulation...
[Graph3D] Simulation created, setting up event handlers...
[Graph3D] Data changed: {
  nodesLen: [33m3[39m,
  linksLen: [33m1[39m,
  key: [33m1776869863332[39m,
  timestamp: [33m1776869862329[39m
}
[Graph3D] Creating simulation: [33m3[39m nodes
[Graph3D] createGraphSimulation called: { hasObjectManager: [33mtrue[39m, hasScene: [33mtrue[39m, nodeCount: [33m3[39m, linkCount: [33m1[39m }
[Graph3D] Clearing existing objects...
[Graph3D] Calling createSimulation...
[Graph3D] Simulation created, setting up event handlers...
[Graph3D] Data changed: {
  nodesLen: [33m3[39m,
  linksLen: [33m1[39m,
  key: [33m1776869863377[39m,
  timestamp: [33m1776869862374[39m
}
[Graph3D] Creating simulation: [33m3[39m nodes
[Graph3D] createGraphSimulation called: { hasObjectManager: [33mtrue[39m, hasScene: [33mtrue[39m, nodeCount: [33m3[39m, linkCount: [33m1[39m }
[Graph3D] Clearing existing objects...
[Graph3D] Calling createSimulation...
[Graph3D] Simulation created, setting up event handlers...
[Graph3D] Data changed: {
  nodesLen: [33m3[39m,
  linksLen: [33m1[39m,
  key: [33m1776869863419[39m,
  timestamp: [33m1776869862416[39m
}
[Graph3D] Creating simulation: [33m3[39m nodes
[Graph3D] createGraphSimulation called: { hasObjectManager: [33mtrue[39m, hasScene: [33mtrue[39m, nodeCount: [33m3[39m, linkCount: [33m1[39m }
[Graph3D] Clearing existing objects...
[Graph3D] Calling createSimulation...
[Graph3D] Simulation created, setting up event handlers...
[Graph3D] Data changed: {
  nodesLen: [33m3[39m,
  linksLen: [33m1[39m,
  key: [33m1776869863461[39m,
  timestamp: [33m1776869862458[39m
}
[Graph3D] Creating simulation: [33m3[39m nodes
[Graph3D] createGraphSimulation called: { hasObjectManager: [33mtrue[39m, hasScene: [33mtrue[39m, nodeCount: [33m3[39m, linkCount: [33m1[39m }
[Graph3D] Clearing existing objects...
[Graph3D] Calling createSimulation...
[Graph3D] Simulation created, setting up event handlers...
[Graph3D] Data changed: {
  nodesLen: [33m3[39m,
  linksLen: [33m1[39m,
  key: [33m1776869863506[39m,
  timestamp: [33m1776869862503[39m
}
[Graph3D] Creating simulation: [33m3[39m nodes
[Graph3D] createGraphSimulation called: { hasObjectManager: [33mtrue[39m, hasScene: [33mtrue[39m, nodeCount: [33m3[39m, linkCount: [33m1[39m }
[Graph3D] Clearing existing objects...
[Graph3D] Calling createSimulation...
[Graph3D] Simulation created, setting up event handlers...
[Graph3D] Data changed: {
  nodesLen: [33m3[39m,
  linksLen: [33m1[39m,
  key: [33m1776869863547[39m,
  timestamp: [33m1776869862544[39m
}
[Graph3D] Creating simulation: [33m3[39m nodes
[Graph3D] createGraphSimulation called: { hasObjectManager: [33mtrue[39m, hasScene: [33mtrue[39m, nodeCount: [33m3[39m, linkCount: [33m1[39m }
[Graph3D] Clearing existing objects...
[Graph3D] Calling createSimulation...
[Graph3D] Simulation created, setting up event handlers...
[Graph3D] Data changed: {
  nodesLen: [33m3[39m,
  linksLen: [33m1[39m,
  key: [33m1776869863589[39m,
  timestamp: [33m1776869862586[39m
}
[Graph3D] Creating simulation: [33m3[39m nodes
[Graph3D] createGraphSimulation called: { hasObjectManager: [33mtrue[39m, hasScene: [33mtrue[39m, nodeCount: [33m3[39m, linkCount: [33m1[39m }
[Graph3D] Clearing existing objects...
[Graph3D] Calling createSimulation...
[Graph3D] Simulation created, setting up event handlers...
[Graph3D] Data changed: {
  nodesLen: [33m3[39m,
  linksLen: [33m1[39m,
  key: [33m1776869863632[39m,
  timestamp: [33m1776869862629[39m
}
[Graph3D] Creating simulation: [33m3[39m nodes
[Graph3D] createGraphSimulation called: { hasObjectManager: [33mtrue[39m, hasScene: [33mtrue[39m, nodeCount: [33m3[39m, linkCount: [33m1[39m }
[Graph3D] Clearing existing objects...
[Graph3D] Calling createSimulation...
[Graph3D] Simulation created, setting up event handlers...
[Graph3D] Data changed: {
  nodesLen: [33m3[39m,
  linksLen: [33m1[39m,
  key: [33m1776869863674[39m,
  timestamp: [33m1776869862671[39m
}
[Graph3D] Creating simulation: [33m3[39m nodes
[Graph3D] createGraphSimulation called: { hasObjectManager: [33mtrue[39m, hasScene: [33mtrue[39m, nodeCount: [33m3[39m, linkCount: [33m1[39m }
[Graph3D] Clearing existing objects...
[Graph3D] Calling createSimulation...
[Graph3D] Simulation created, setting up event handlers...
[Graph3D] Data changed: {
  nodesLen: [33m3[39m,
  linksLen: [33m1[39m,
  key: [33m1776869863717[39m,
  timestamp: [33m1776869862714[39m
}
[Graph3D] Creating simulation: [33m3[39m nodes
[Graph3D] createGraphSimulation called: { hasObjectManager: [33mtrue[39m, hasScene: [33mtrue[39m, nodeCount: [33m3[39m, linkCount: [33m1[39m }
[Graph3D] Clearing existing objects...
[Graph3D] Calling createSimulation...
[Graph3D] Simulation created, setting up event handlers...
[Graph3D] Data changed: {
  nodesLen: [33m3[39m,
  linksLen: [33m1[39m,
  key: [33m1776869863759[39m,
  timestamp: [33m1776869862756[39m
}
[Graph3D] Creating simulation: [33m3[39m nodes
[Graph3D] createGraphSimulation called: { hasObjectManager: [33mtrue[39m, hasScene: [33mtrue[39m, nodeCount: [33m3[39m, linkCount: [33m1[39m }
[Graph3D] Clearing existing objects...
[Graph3D] Calling createSimulation...
[Graph3D] Simulation created, setting up event handlers...
[Graph3D] Data changed: {
  nodesLen: [33m3[39m,
  linksLen: [33m1[39m,
  key: [33m1776869863806[39m,
  timestamp: [33m1776869862803[39m
}
[Graph3D] Creating simulation: [33m3[39m nodes
[Graph3D] createGraphSimulation called: { hasObjectManager: [33mtrue[39m, hasScene: [33mtrue[39m, nodeCount: [33m3[39m, linkCount: [33m1[39m }
[Graph3D] Clearing existing objects...
[Graph3D] Calling createSimulation...
[Graph3D] Simulation created, setting up event handlers...
[Graph3D] Data changed: {
  nodesLen: [33m3[39m,
  linksLen: [33m1[39m,
  key: [33m1776869863845[39m,
  timestamp: [33m1776869862842[39m
}
[Graph3D] Creating simulation: [33m3[39m nodes
[Graph3D] createGraphSimulation called: { hasObjectManager: [33mtrue[39m, hasScene: [33mtrue[39m, nodeCount: [33m3[39m, linkCount: [33m1[39m }
[Graph3D] Clearing existing objects...
[Graph3D] Calling createSimulation...
[Graph3D] Simulation created, setting up event handlers...
[Graph3D] Data changed: {
  nodesLen: [33m3[39m,
  linksLen: [33m1[39m,
  key: [33m1776869863889[39m,
  timestamp: [33m1776869862886[39m
}
[Graph3D] Creating simulation: [33m3[39m nodes
[Graph3D] createGraphSimulation called: { hasObjectManager: [33mtrue[39m, hasScene: [33mtrue[39m, nodeCount: [33m3[39m, linkCount: [33m1[39m }
[Graph3D] Clearing existing objects...
[Graph3D] Calling createSimulation...
[Graph3D] Simulation created, setting up event handlers...
[Graph3D] Data changed: {
  nodesLen: [33m3[39m,
  linksLen: [33m1[39m,
  key: [33m1776869863937[39m,
  timestamp: [33m1776869862934[39m
}
[Graph3D] Creating simulation: [33m3[39m nodes
[Graph3D] createGraphSimulation called: { hasObjectManager: [33mtrue[39m, hasScene: [33mtrue[39m, nodeCount: [33m3[39m, linkCount: [33m1[39m }
[Graph3D] Clearing existing objects...
[Graph3D] Calling createSimulation...
[Graph3D] Simulation created, setting up event handlers...
[Graph3D] Data changed: {
  nodesLen: [33m3[39m,
  linksLen: [33m1[39m,
  key: [33m1776869863981[39m,
  timestamp: [33m1776869862978[39m
}
[Graph3D] Creating simulation: [33m3[39m nodes
[Graph3D] createGraphSimulation called: { hasObjectManager: [33mtrue[39m, hasScene: [33mtrue[39m, nodeCount: [33m3[39m, linkCount: [33m1[39m }
[Graph3D] Clearing existing objects...
[Graph3D] Calling createSimulation...
[Graph3D] Simulation created, setting up event handlers...
[Graph3D] Data changed: {
  nodesLen: [33m3[39m,
  linksLen: [33m1[39m,
  key: [33m1776869864024[39m,
  timestamp: [33m1776869863021[39m
}
[Graph3D] Creating simulation: [33m3[39m nodes
[Graph3D] createGraphSimulation called: { hasObjectManager: [33mtrue[39m, hasScene: [33mtrue[39m, nodeCount: [33m3[39m, linkCount: [33m1[39m }
[Graph3D] Clearing existing objects...
[Graph3D] Calling createSimulation...
[Graph3D] Simulation created, setting up event handlers...
[Graph3D] Data changed: {
  nodesLen: [33m3[39m,
  linksLen: [33m1[39m,
  key: [33m1776869864067[39m,
  timestamp: [33m1776869863064[39m
}
[Graph3D] Creating simulation: [33m3[39m nodes
[Graph3D] createGraphSimulation called: { hasObjectManager: [33mtrue[39m, hasScene: [33mtrue[39m, nodeCount: [33m3[39m, linkCount: [33m1[39m }
[Graph3D] Clearing existing objects...
[Graph3D] Calling createSimulation...
[Graph3D] Simulation created, setting up event handlers...
[Graph3D] Data changed: {
  nodesLen: [33m3[39m,
  linksLen: [33m1[39m,
  key: [33m1776869864110[39m,
  timestamp: [33m1776869863107[39m
}
[Graph3D] Creating simulation: [33m3[39m nodes
[Graph3D] createGraphSimulation called: { hasObjectManager: [33mtrue[39m, hasScene: [33mtrue[39m, nodeCount: [33m3[39m, linkCount: [33m1[39m }
[Graph3D] Clearing existing objects...
[Graph3D] Calling createSimulation...
[Graph3D] Simulation created, setting up event handlers...
[Graph3D] Data changed: {
  nodesLen: [33m3[39m,
  linksLen: [33m1[39m,
  key: [33m1776869864155[39m,
  timestamp: [33m1776869863152[39m
}
[Graph3D] Creating simulation: [33m3[39m nodes
[Graph3D] createGraphSimulation called: { hasObjectManager: [33mtrue[39m, hasScene: [33mtrue[39m, nodeCount: [33m3[39m, linkCount: [33m1[39m }
[Graph3D] Clearing existing objects...
[Graph3D] Calling createSimulation...
[Graph3D] Simulation created, setting up event handlers...
[Graph3D] Data changed: {
  nodesLen: [33m3[39m,
  linksLen: [33m1[39m,
  key: [33m1776869864197[39m,
  timestamp: [33m1776869863194[39m
}
[Graph3D] Creating simulation: [33m3[39m nodes
[Graph3D] createGraphSimulation called: { hasObjectManager: [33mtrue[39m, hasScene: [33mtrue[39m, nodeCount: [33m3[39m, linkCount: [33m1[39m }
[Graph3D] Clearing existing objects...
[Graph3D] Calling createSimulation...
[Graph3D] Simulation created, setting up event handlers...
[Graph3D] Data changed: {
  nodesLen: [33m3[39m,
  linksLen: [33m1[39m,
  key: [33m1776869864244[39m,
  timestamp: [33m1776869863241[39m
}
[Graph3D] Creating simulation: [33m3[39m nodes
[Graph3D] createGraphSimulation called: { hasObjectManager: [33mtrue[39m, hasScene: [33mtrue[39m, nodeCount: [33m3[39m, linkCount: [33m1[39m }
[Graph3D] Clearing existing objects...
[Graph3D] Calling createSimulation...
[Graph3D] Simulation created, setting up event handlers...
[Graph3D] Data changed: {
  nodesLen: [33m3[39m,
  linksLen: [33m1[39m,
  key: [33m1776869864289[39m,
  timestamp: [33m1776869863286[39m
}
[Graph3D] Creating simulation: [33m3[39m nodes
[Graph3D] createGraphSimulation called: { hasObjectManager: [33mtrue[39m, hasScene: [33mtrue[39m, nodeCount: [33m3[39m, linkCount: [33m1[39m }
[Graph3D] Clearing existing objects...
[Graph3D] Calling createSimulation...
[Graph3D] Simulation created, setting up event handlers...
[Graph3D] Data changed: {
  nodesLen: [33m3[39m,
  linksLen: [33m1[39m,
  key: [33m1776869864334[39m,
  timestamp: [33m1776869863331[39m
}
[Graph3D] Creating simulation: [33m3[39m nodes
[Graph3D] createGraphSimulation called: { hasObjectManager: [33mtrue[39m, hasScene: [33mtrue[39m, nodeCount: [33m3[39m, linkCount: [33m1[39m }
[Graph3D] Clearing existing objects...
[Graph3D] Calling createSimulation...
[Graph3D] Simulation created, setting up event handlers...
[Graph3D] Data changed: {
  nodesLen: [33m3[39m,
  linksLen: [33m1[39m,
  key: [33m1776869864379[39m,
  timestamp: [33m1776869863376[39m
}
[Graph3D] Creating simulation: [33m3[39m nodes
[Graph3D] createGraphSimulation called: { hasObjectManager: [33mtrue[39m, hasScene: [33mtrue[39m, nodeCount: [33m3[39m, linkCount: [33m1[39m }
[Graph3D] Clearing existing objects...
[Graph3D] Calling createSimulation...
[Graph3D] Simulation created, setting up event handlers...
[Graph3D] Data changed: {
  nodesLen: [33m3[39m,
  linksLen: [33m1[39m,
  key: [33m1776869864429[39m,
  timestamp: [33m1776869863426[39m
}
[Graph3D] Creating simulation: [33m3[39m nodes
[Graph3D] createGraphSimulation called: { hasObjectManager: [33mtrue[39m, hasScene: [33mtrue[39m, nodeCount: [33m3[39m, linkCount: [33m1[39m }
[Graph3D] Clearing existing objects...
[Graph3D] Calling createSimulation...
[Graph3D] Simulation created, setting up event handlers...
[Graph3D] Data changed: {
  nodesLen: [33m3[39m,
  linksLen: [33m1[39m,
  key: [33m1776869864472[39m,
  timestamp: [33m1776869863469[39m
}
[Graph3D] Creating simulation: [33m3[39m nodes
[Graph3D] createGraphSimulation called: { hasObjectManager: [33mtrue[39m, hasScene: [33mtrue[39m, nodeCount: [33m3[39m, linkCount: [33m1[39m }
[Graph3D] Clearing existing objects...
[Graph3D] Calling createSimulation...
[Graph3D] Simulation created, setting up event handlers...
[Graph3D] Data changed: {
  nodesLen: [33m3[39m,
  linksLen: [33m1[39m,
  key: [33m1776869864515[39m,
  timestamp: [33m1776869863512[39m
}
[Graph3D] Creating simulation: [33m3[39m nodes
[Graph3D] createGraphSimulation called: { hasObjectManager: [33mtrue[39m, hasScene: [33mtrue[39m, nodeCount: [33m3[39m, linkCount: [33m1[39m }
[Graph3D] Clearing existing objects...
[Graph3D] Calling createSimulation...
[Graph3D] Simulation created, setting up event handlers...
[Graph3D] Data changed: {
  nodesLen: [33m3[39m,
  linksLen: [33m1[39m,
  key: [33m1776869864558[39m,
  timestamp: [33m1776869863555[39m
}
[Graph3D] Creating simulation: [33m3[39m nodes
[Graph3D] createGraphSimulation called: { hasObjectManager: [33mtrue[39m, hasScene: [33mtrue[39m, nodeCount: [33m3[39m, linkCount: [33m1[39m }
[Graph3D] Clearing existing objects...
[Graph3D] Calling createSimulation...
[Graph3D] Simulation created, setting up event handlers...
[Graph3D] Data changed: {
  nodesLen: [33m3[39m,
  linksLen: [33m1[39m,
  key: [33m1776869864602[39m,
  timestamp: [33m1776869863599[39m
}
[Graph3D] Creating simulation: [33m3[39m nodes
[Graph3D] createGraphSimulation called: { hasObjectManager: [33mtrue[39m, hasScene: [33mtrue[39m, nodeCount: [33m3[39m, linkCount: [33m1[39m }
[Graph3D] Clearing existing objects...
[Graph3D] Calling createSimulation...
[Graph3D] Simulation created, setting up event handlers...
[Graph3D] Data changed: {
  nodesLen: [33m3[39m,
  linksLen: [33m1[39m,
  key: [33m1776869864650[39m,
  timestamp: [33m1776869863647[39m
}
[Graph3D] Creating simulation: [33m3[39m nodes
[Graph3D] createGraphSimulation called: { hasObjectManager: [33mtrue[39m, hasScene: [33mtrue[39m, nodeCount: [33m3[39m, linkCount: [33m1[39m }
[Graph3D] Clearing existing objects...
[Graph3D] Calling createSimulation...
[Graph3D] Simulation created, setting up event handlers...
[Graph3D] Data changed: {
  nodesLen: [33m3[39m,
  linksLen: [33m1[39m,
  key: [33m1776869864693[39m,
  timestamp: [33m1776869863690[39m
}
[Graph3D] Creating simulation: [33m3[39m nodes
[Graph3D] createGraphSimulation called: { hasObjectManager: [33mtrue[39m, hasScene: [33mtrue[39m, nodeCount: [33m3[39m, linkCount: [33m1[39m }
[Graph3D] Clearing existing objects...
[Graph3D] Calling createSimulation...
[Graph3D] Simulation created, setting up event handlers...
[Graph3D] Data changed: {
  nodesLen: [33m3[39m,
  linksLen: [33m1[39m,
  key: [33m1776869864737[39m,
  timestamp: [33m1776869863734[39m
}
[Graph3D] Creating simulation: [33m3[39m nodes
[Graph3D] createGraphSimulation called: { hasObjectManager: [33mtrue[39m, hasScene: [33mtrue[39m, nodeCount: [33m3[39m, linkCount: [33m1[39m }
[Graph3D] Clearing existing objects...
[Graph3D] Calling createSimulation...
[Graph3D] Simulation created, setting up event handlers...
[Graph3D] Data changed: {
  nodesLen: [33m3[39m,
  linksLen: [33m1[39m,
  key: [33m1776869864780[39m,
  timestamp: [33m1776869863777[39m
}
[Graph3D] Creating simulation: [33m3[39m nodes
[Graph3D] createGraphSimulation called: { hasObjectManager: [33mtrue[39m, hasScene: [33mtrue[39m, nodeCount: [33m3[39m, linkCount: [33m1[39m }
[Graph3D] Clearing existing objects...
[Graph3D] Calling createSimulation...
[Graph3D] Simulation created, setting up event handlers...
[Graph3D] Data changed: {
  nodesLen: [33m3[39m,
  linksLen: [33m1[39m,
  key: [33m1776869864823[39m,
  timestamp: [33m1776869863820[39m
}
[Graph3D] Creating simulation: [33m3[39m nodes
[Graph3D] createGraphSimulation called: { hasObjectManager: [33mtrue[39m, hasScene: [33mtrue[39m, nodeCount: [33m3[39m, linkCount: [33m1[39m }
[Graph3D] Clearing existing objects...
[Graph3D] Calling createSimulation...
[Graph3D] Simulation created, setting up event handlers...
[Graph3D] Data changed: {
  nodesLen: [33m3[39m,
  linksLen: [33m1[39m,
  key: [33m1776869864867[39m,
  timestamp: [33m1776869863864[39m
}
[Graph3D] Creating simulation: [33m3[39m nodes
[Graph3D] createGraphSimulation called: { hasObjectManager: [33mtrue[39m, hasScene: [33mtrue[39m, nodeCount: [33m3[39m, linkCount: [33m1[39m }
[Graph3D] Clearing existing objects...
[Graph3D] Calling createSimulation...
[Graph3D] Simulation created, setting up event handlers...
[Graph3D] Data changed: {
  nodesLen: [33m3[39m,
  linksLen: [33m1[39m,
  key: [33m1776869864910[39m,
  timestamp: [33m1776869863907[39m
}
[Graph3D] Creating simulation: [33m3[39m nodes
[Graph3D] createGraphSimulation called: { hasObjectManager: [33mtrue[39m, hasScene: [33mtrue[39m, nodeCount: [33m3[39m, linkCount: [33m1[39m }
[Graph3D] Clearing existing objects...
[Graph3D] Calling createSimulation...
[Graph3D] Simulation created, setting up event handlers...
[Graph3D] Data changed: {
  nodesLen: [33m3[39m,
  linksLen: [33m1[39m,
  key: [33m1776869864954[39m,
  timestamp: [33m1776869863951[39m
}
[Graph3D] Creating simulation: [33m3[39m nodes
[Graph3D] createGraphSimulation called: { hasObjectManager: [33mtrue[39m, hasScene: [33mtrue[39m, nodeCount: [33m3[39m, linkCount: [33m1[39m }
[Graph3D] Clearing existing objects...
[Graph3D] Calling createSimulation...
[Graph3D] Simulation created, setting up event handlers...
[Graph3D] Data changed: {
  nodesLen: [33m3[39m,
  linksLen: [33m1[39m,
  key: [33m1776869864999[39m,
  timestamp: [33m1776869863996[39m
}
[Graph3D] Creating simulation: [33m3[39m nodes
[Graph3D] createGraphSimulation called: { hasObjectManager: [33mtrue[39m, hasScene: [33mtrue[39m, nodeCount: [33m3[39m, linkCount: [33m1[39m }
[Graph3D] Clearing existing objects...
[Graph3D] Calling createSimulation...
[Graph3D] Simulation created, setting up event handlers...
[Graph3D] Data changed: {
  nodesLen: [33m3[39m,
  linksLen: [33m1[39m,
  key: [33m1776869865043[39m,
  timestamp: [33m1776869864040[39m
}
[Graph3D] Creating simulation: [33m3[39m nodes
[Graph3D] createGraphSimulation called: { hasObjectManager: [33mtrue[39m, hasScene: [33mtrue[39m, nodeCount: [33m3[39m, linkCount: [33m1[39m }
[Graph3D] Clearing existing objects...
[Graph3D] Calling createSimulation...
[Graph3D] Simulation created, setting up event handlers...
[Graph3D] Data changed: {
  nodesLen: [33m3[39m,
  linksLen: [33m1[39m,
  key: [33m1776869865086[39m,
  timestamp: [33m1776869864083[39m
}
[Graph3D] Creating simulation: [33m3[39m nodes
[Graph3D] createGraphSimulation called: { hasObjectManager: [33mtrue[39m, hasScene: [33mtrue[39m, nodeCount: [33m3[39m, linkCount: [33m1[39m }
[Graph3D] Clearing existing objects...
[Graph3D] Calling createSimulation...
[Graph3D] Simulation created, setting up event handlers...
[Graph3D] Data changed: {
  nodesLen: [33m3[39m,
  linksLen: [33m1[39m,
  key: [33m1776869865130[39m,
  timestamp: [33m1776869864127[39m
}
[Graph3D] Creating simulation: [33m3[39m nodes
[Graph3D] createGraphSimulation called: { hasObjectManager: [33mtrue[39m, hasScene: [33mtrue[39m, nodeCount: [33m3[39m, linkCount: [33m1[39m }
[Graph3D] Clearing existing objects...
[Graph3D] Calling createSimulation...
[Graph3D] Simulation created, setting up event handlers...
[Graph3D] Data changed: {
  nodesLen: [33m3[39m,
  linksLen: [33m1[39m,
  key: [33m1776869865174[39m,
  timestamp: [33m1776869864171[39m
}
[Graph3D] Creating simulation: [33m3[39m nodes
[Graph3D] createGraphSimulation called: { hasObjectManager: [33mtrue[39m, hasScene: [33mtrue[39m, nodeCount: [33m3[39m, linkCount: [33m1[39m }
[Graph3D] Clearing existing objects...
[Graph3D] Calling createSimulation...
[Graph3D] Simulation created, setting up event handlers...
[Graph3D] Data changed: {
  nodesLen: [33m3[39m,
  linksLen: [33m1[39m,
  key: [33m1776869865223[39m,
  timestamp: [33m1776869864220[39m
}
[Graph3D] Creating simulation: [33m3[39m nodes
[Graph3D] createGraphSimulation called: { hasObjectManager: [33mtrue[39m, hasScene: [33mtrue[39m, nodeCount: [33m3[39m, linkCount: [33m1[39m }
[Graph3D] Clearing existing objects...
[Graph3D] Calling createSimulation...
[Graph3D] Simulation created, setting up event handlers...
[Graph3D] Data changed: {
  nodesLen: [33m3[39m,
  linksLen: [33m1[39m,
  key: [33m1776869865268[39m,
  timestamp: [33m1776869864265[39m
}
[Graph3D] Creating simulation: [33m3[39m nodes
[Graph3D] createGraphSimulation called: { hasObjectManager: [33mtrue[39m, hasScene: [33mtrue[39m, nodeCount: [33m3[39m, linkCount: [33m1[39m }
[Graph3D] Clearing existing objects...
[Graph3D] Calling createSimulation...
[Graph3D] Simulation created, setting up event handlers...
[Graph3D] Data changed: {
  nodesLen: [33m3[39m,
  linksLen: [33m1[39m,
  key: [33m1776869865314[39m,
  timestamp: [33m1776869864311[39m
}
[Graph3D] Creating simulation: [33m3[39m nodes
[Graph3D] createGraphSimulation called: { hasObjectManager: [33mtrue[39m, hasScene: [33mtrue[39m, nodeCount: [33m3[39m, linkCount: [33m1[39m }
[Graph3D] Clearing existing objects...
[Graph3D] Calling createSimulation...
[Graph3D] Simulation created, setting up event handlers...
[Graph3D] Data changed: {
  nodesLen: [33m3[39m,
  linksLen: [33m1[39m,
  key: [33m1776869865361[39m,
  timestamp: [33m1776869864358[39m
}
[Graph3D] Creating simulation: [33m3[39m nodes
[Graph3D] createGraphSimulation called: { hasObjectManager: [33mtrue[39m, hasScene: [33mtrue[39m, nodeCount: [33m3[39m, linkCount: [33m1[39m }
[Graph3D] Clearing existing objects...
[Graph3D] Calling createSimulation...
[Graph3D] Simulation created, setting up event handlers...
[Graph3D] Data changed: {
  nodesLen: [33m3[39m,
  linksLen: [33m1[39m,
  key: [33m1776869865409[39m,
  timestamp: [33m1776869864406[39m
}
[Graph3D] Creating simulation: [33m3[39m nodes
[Graph3D] createGraphSimulation called: { hasObjectManager: [33mtrue[39m, hasScene: [33mtrue[39m, nodeCount: [33m3[39m, linkCount: [33m1[39m }
[Graph3D] Clearing existing objects...
[Graph3D] Calling createSimulation...
[Graph3D] Simulation created, setting up event handlers...
[Graph3D] Data changed: {
  nodesLen: [33m3[39m,
  linksLen: [33m1[39m,
  key: [33m1776869865454[39m,
  timestamp: [33m1776869864451[39m
}
[Graph3D] Creating simulation: [33m3[39m nodes
[Graph3D] createGraphSimulation called: { hasObjectManager: [33mtrue[39m, hasScene: [33mtrue[39m, nodeCount: [33m3[39m, linkCount: [33m1[39m }
[Graph3D] Clearing existing objects...
[Graph3D] Calling createSimulation...
[Graph3D] Simulation created, setting up event handlers...
[Graph3D] Data changed: {
  nodesLen: [33m3[39m,
  linksLen: [33m1[39m,
  key: [33m1776869865501[39m,
  timestamp: [33m1776869864498[39m
}
[Graph3D] Creating simulation: [33m3[39m nodes
[Graph3D] createGraphSimulation called: { hasObjectManager: [33mtrue[39m, hasScene: [33mtrue[39m, nodeCount: [33m3[39m, linkCount: [33m1[39m }
[Graph3D] Clearing existing objects...
[Graph3D] Calling createSimulation...
[Graph3D] Simulation created, setting up event handlers...
[Graph3D] Data changed: {
  nodesLen: [33m3[39m,
  linksLen: [33m1[39m,
  key: [33m1776869865546[39m,
  timestamp: [33m1776869864543[39m
}
[Graph3D] Creating simulation: [33m3[39m nodes
[Graph3D] createGraphSimulation called: { hasObjectManager: [33mtrue[39m, hasScene: [33mtrue[39m, nodeCount: [33m3[39m, linkCount: [33m1[39m }
[Graph3D] Clearing existing objects...
[Graph3D] Calling createSimulation...
[Graph3D] Simulation created, setting up event handlers...
[Graph3D] Data changed: {
  nodesLen: [33m3[39m,
  linksLen: [33m1[39m,
  key: [33m1776869865589[39m,
  timestamp: [33m1776869864586[39m
}
[Graph3D] Creating simulation: [33m3[39m nodes
[Graph3D] createGraphSimulation called: { hasObjectManager: [33mtrue[39m, hasScene: [33mtrue[39m, nodeCount: [33m3[39m, linkCount: [33m1[39m }
[Graph3D] Clearing existing objects...
[Graph3D] Calling createSimulation...
[Graph3D] Simulation created, setting up event handlers...
[Graph3D] Data changed: {
  nodesLen: [33m3[39m,
  linksLen: [33m1[39m,
  key: [33m1776869865633[39m,
  timestamp: [33m1776869864630[39m
}
[Graph3D] Creating simulation: [33m3[39m nodes
[Graph3D] createGraphSimulation called: { hasObjectManager: [33mtrue[39m, hasScene: [33mtrue[39m, nodeCount: [33m3[39m, linkCount: [33m1[39m }
[Graph3D] Clearing existing objects...
[Graph3D] Calling createSimulation...
[Graph3D] Simulation created, setting up event handlers...
[Graph3D] Data changed: {
  nodesLen: [33m3[39m,
  linksLen: [33m1[39m,
  key: [33m1776869865677[39m,
  timestamp: [33m1776869864674[39m
}
[Graph3D] Creating simulation: [33m3[39m nodes
[Graph3D] createGraphSimulation called: { hasObjectManager: [33mtrue[39m, hasScene: [33mtrue[39m, nodeCount: [33m3[39m, linkCount: [33m1[39m }
[Graph3D] Clearing existing objects...
[Graph3D] Calling createSimulation...
[Graph3D] Simulation created, setting up event handlers...
[Graph3D] Data changed: {
  nodesLen: [33m3[39m,
  linksLen: [33m1[39m,
  key: [33m1776869865722[39m,
  timestamp: [33m1776869864719[39m
}
[Graph3D] Creating simulation: [33m3[39m nodes
[Graph3D] createGraphSimulation called: { hasObjectManager: [33mtrue[39m, hasScene: [33mtrue[39m, nodeCount: [33m3[39m, linkCount: [33m1[39m }
[Graph3D] Clearing existing objects...
[Graph3D] Calling createSimulation...
[Graph3D] Simulation created, setting up event handlers...
[Graph3D] Data changed: {
  nodesLen: [33m3[39m,
  linksLen: [33m1[39m,
  key: [33m1776869865771[39m,
  timestamp: [33m1776869864768[39m
}
[Graph3D] Creating simulation: [33m3[39m nodes
[Graph3D] createGraphSimulation called: { hasObjectManager: [33mtrue[39m, hasScene: [33mtrue[39m, nodeCount: [33m3[39m, linkCount: [33m1[39m }
[Graph3D] Clearing existing objects...
[Graph3D] Calling createSimulation...
[Graph3D] Simulation created, setting up event handlers...
[Graph3D] Data changed: {
  nodesLen: [33m3[39m,
  linksLen: [33m1[39m,
  key: [33m1776869865817[39m,
  timestamp: [33m1776869864814[39m
}
[Graph3D] Creating simulation: [33m3[39m nodes
[Graph3D] createGraphSimulation called: { hasObjectManager: [33mtrue[39m, hasScene: [33mtrue[39m, nodeCount: [33m3[39m, linkCount: [33m1[39m }
[Graph3D] Clearing existing objects...
[Graph3D] Calling createSimulation...
[Graph3D] Simulation created, setting up event handlers...
[Graph3D] Data changed: {
  nodesLen: [33m3[39m,
  linksLen: [33m1[39m,
  key: [33m1776869865865[39m,
  timestamp: [33m1776869864862[39m
}
[Graph3D] Creating simulation: [33m3[39m nodes
[Graph3D] createGraphSimulation called: { hasObjectManager: [33mtrue[39m, hasScene: [33mtrue[39m, nodeCount: [33m3[39m, linkCount: [33m1[39m }
[Graph3D] Clearing existing objects...
[Graph3D] Calling createSimulation...
[Graph3D] Simulation created, setting up event handlers...
[Graph3D] Data changed: {
  nodesLen: [33m3[39m,
  linksLen: [33m1[39m,
  key: [33m1776869865911[39m,
  timestamp: [33m1776869864908[39m
}
[Graph3D] Creating simulation: [33m3[39m nodes
[Graph3D] createGraphSimulation called: { hasObjectManager: [33mtrue[39m, hasScene: [33mtrue[39m, nodeCount: [33m3[39m, linkCount: [33m1[39m }
[Graph3D] Clearing existing objects...
[Graph3D] Calling createSimulation...
[Graph3D] Simulation created, setting up event handlers...
[Graph3D] Data changed: {
  nodesLen: [33m3[39m,
  linksLen: [33m1[39m,
  key: [33m1776869865963[39m,
  timestamp: [33m1776869864960[39m
}
[Graph3D] Creating simulation: [33m3[39m nodes
[Graph3D] createGraphSimulation called: { hasObjectManager: [33mtrue[39m, hasScene: [33mtrue[39m, nodeCount: [33m3[39m, linkCount: [33m1[39m }
[Graph3D] Clearing existing objects...
[Graph3D] Calling createSimulation...
[Graph3D] Simulation created, setting up event handlers...
[Graph3D] Data changed: {
  nodesLen: [33m3[39m,
  linksLen: [33m1[39m,
  key: [33m1776869866012[39m,
  timestamp: [33m1776869865009[39m
}
[Graph3D] Creating simulation: [33m3[39m nodes
[Graph3D] createGraphSimulation called: { hasObjectManager: [33mtrue[39m, hasScene: [33mtrue[39m, nodeCount: [33m3[39m, linkCount: [33m1[39m }
[Graph3D] Clearing existing objects...
[Graph3D] Calling createSimulation...
[Graph3D] Simulation created, setting up event handlers...
[Graph3D] Data changed: {
  nodesLen: [33m3[39m,
  linksLen: [33m1[39m,
  key: [33m1776869866062[39m,
  timestamp: [33m1776869865059[39m
}
[Graph3D] Creating simulation: [33m3[39m nodes
[Graph3D] createGraphSimulation called: { hasObjectManager: [33mtrue[39m, hasScene: [33mtrue[39m, nodeCount: [33m3[39m, linkCount: [33m1[39m }
[Graph3D] Clearing existing objects...
[Graph3D] Calling createSimulation...
[Graph3D] Simulation created, setting up event handlers...
[Graph3D] Data changed: {
  nodesLen: [33m3[39m,
  linksLen: [33m1[39m,
  key: [33m1776869866128[39m,
  timestamp: [33m1776869865125[39m
}
[Graph3D] Creating simulation: [33m3[39m nodes
[Graph3D] createGraphSimulation called: { hasObjectManager: [33mtrue[39m, hasScene: [33mtrue[39m, nodeCount: [33m3[39m, linkCount: [33m1[39m }
[Graph3D] Clearing existing objects...
[Graph3D] Calling createSimulation...
[Graph3D] Simulation created, setting up event handlers...
[Graph3D] Data changed: {
  nodesLen: [33m3[39m,
  linksLen: [33m1[39m,
  key: [33m1776869866178[39m,
  timestamp: [33m1776869865175[39m
}
[Graph3D] Creating simulation: [33m3[39m nodes
[Graph3D] createGraphSimulation called: { hasObjectManager: [33mtrue[39m, hasScene: [33mtrue[39m, nodeCount: [33m3[39m, linkCount: [33m1[39m }
[Graph3D] Clearing existing objects...
[Graph3D] Calling createSimulation...
[Graph3D] Simulation created, setting up event handlers...
[Graph3D] Data changed: {
  nodesLen: [33m3[39m,
  linksLen: [33m1[39m,
  key: [33m1776869866228[39m,
  timestamp: [33m1776869865225[39m
}
[Graph3D] Creating simulation: [33m3[39m nodes
[Graph3D] createGraphSimulation called: { hasObjectManager: [33mtrue[39m, hasScene: [33mtrue[39m, nodeCount: [33m3[39m, linkCount: [33m1[39m }
[Graph3D] Clearing existing objects...
[Graph3D] Calling createSimulation...
[Graph3D] Simulation created, setting up event handlers...
[Graph3D] Data changed: {
  nodesLen: [33m3[39m,
  linksLen: [33m1[39m,
  key: [33m1776869866274[39m,
  timestamp: [33m1776869865271[39m
}
[Graph3D] Creating simulation: [33m3[39m nodes
[Graph3D] createGraphSimulation called: { hasObjectManager: [33mtrue[39m, hasScene: [33mtrue[39m, nodeCount: [33m3[39m, linkCount: [33m1[39m }
[Graph3D] Clearing existing objects...
[Graph3D] Calling createSimulation...
[Graph3D] Simulation created, setting up event handlers...
[Graph3D] Data changed: {
  nodesLen: [33m3[39m,
  linksLen: [33m1[39m,
  key: [33m1776869866322[39m,
  timestamp: [33m1776869865319[39m
}
[Graph3D] Creating simulation: [33m3[39m nodes
[Graph3D] createGraphSimulation called: { hasObjectManager: [33mtrue[39m, hasScene: [33mtrue[39m, nodeCount: [33m3[39m, linkCount: [33m1[39m }
[Graph3D] Clearing existing objects...
[Graph3D] Calling createSimulation...
[Graph3D] Simulation created, setting up event handlers...
[Graph3D] Data changed: {
  nodesLen: [33m3[39m,
  linksLen: [33m1[39m,
  key: [33m1776869866370[39m,
  timestamp: [33m1776869865367[39m
}
[Graph3D] Creating simulation: [33m3[39m nodes
[Graph3D] createGraphSimulation called: { hasObjectManager: [33mtrue[39m, hasScene: [33mtrue[39m, nodeCount: [33m3[39m, linkCount: [33m1[39m }
[Graph3D] Clearing existing objects...
[Graph3D] Calling createSimulation...
[Graph3D] Simulation created, setting up event handlers...
[Graph3D] Data changed: {
  nodesLen: [33m3[39m,
  linksLen: [33m1[39m,
  key: [33m1776869866418[39m,
  timestamp: [33m1776869865415[39m
}
[Graph3D] Creating simulation: [33m3[39m nodes
[Graph3D] createGraphSimulation called: { hasObjectManager: [33mtrue[39m, hasScene: [33mtrue[39m, nodeCount: [33m3[39m, linkCount: [33m1[39m }
[Graph3D] Clearing existing objects...
[Graph3D] Calling createSimulation...
[Graph3D] Simulation created, setting up event handlers...
[Graph3D] Data changed: {
  nodesLen: [33m3[39m,
  linksLen: [33m1[39m,
  key: [33m1776869866465[39m,
  timestamp: [33m1776869865462[39m
}
[Graph3D] Creating simulation: [33m3[39m nodes
[Graph3D] createGraphSimulation called: { hasObjectManager: [33mtrue[39m, hasScene: [33mtrue[39m, nodeCount: [33m3[39m, linkCount: [33m1[39m }
[Graph3D] Clearing existing objects...
[Graph3D] Calling createSimulation...
[Graph3D] Simulation created, setting up event handlers...
[Graph3D] Data changed: {
  nodesLen: [33m3[39m,
  linksLen: [33m1[39m,
  key: [33m1776869866514[39m,
  timestamp: [33m1776869865511[39m
}
[Graph3D] Creating simulation: [33m3[39m nodes
[Graph3D] createGraphSimulation called: { hasObjectManager: [33mtrue[39m, hasScene: [33mtrue[39m, nodeCount: [33m3[39m, linkCount: [33m1[39m }
[Graph3D] Clearing existing objects...
[Graph3D] Calling createSimulation...
[Graph3D] Simulation created, setting up event handlers...
[Graph3D] Data changed: {
  nodesLen: [33m3[39m,
  linksLen: [33m1[39m,
  key: [33m1776869866563[39m,
  timestamp: [33m1776869865560[39m
}
[Graph3D] Creating simulation: [33m3[39m nodes
[Graph3D] createGraphSimulation called: { hasObjectManager: [33mtrue[39m, hasScene: [33mtrue[39m, nodeCount: [33m3[39m, linkCount: [33m1[39m }
[Graph3D] Clearing existing objects...
[Graph3D] Calling createSimulation...
[Graph3D] Simulation created, setting up event handlers...
[Graph3D] Data changed: {
  nodesLen: [33m3[39m,
  linksLen: [33m1[39m,
  key: [33m1776869866612[39m,
  timestamp: [33m1776869865609[39m
}
[Graph3D] Creating simulation: [33m3[39m nodes
[Graph3D] createGraphSimulation called: { hasObjectManager: [33mtrue[39m, hasScene: [33mtrue[39m, nodeCount: [33m3[39m, linkCount: [33m1[39m }
[Graph3D] Clearing existing objects...
[Graph3D] Calling createSimulation...
[Graph3D] Simulation created, setting up event handlers...
[Graph3D] Data changed: {
  nodesLen: [33m3[39m,
  linksLen: [33m1[39m,
  key: [33m1776869866661[39m,
  timestamp: [33m1776869865658[39m
}
[Graph3D] Creating simulation: [33m3[39m nodes
[Graph3D] createGraphSimulation called: { hasObjectManager: [33mtrue[39m, hasScene: [33mtrue[39m, nodeCount: [33m3[39m, linkCount: [33m1[39m }
[Graph3D] Clearing existing objects...
[Graph3D] Calling createSimulation...
[Graph3D] Simulation created, setting up event handlers...
[Graph3D] Data changed: {
  nodesLen: [33m3[39m,
  linksLen: [33m1[39m,
  key: [33m1776869866707[39m,
  timestamp: [33m1776869865704[39m
}
[Graph3D] Creating simulation: [33m3[39m nodes
[Graph3D] createGraphSimulation called: { hasObjectManager: [33mtrue[39m, hasScene: [33mtrue[39m, nodeCount: [33m3[39m, linkCount: [33m1[39m }
[Graph3D] Clearing existing objects...
[Graph3D] Calling createSimulation...
[Graph3D] Simulation created, setting up event handlers...
[Graph3D] Data changed: {
  nodesLen: [33m3[39m,
  linksLen: [33m1[39m,
  key: [33m1776869866752[39m,
  timestamp: [33m1776869865749[39m
}
[Graph3D] Creating simulation: [33m3[39m nodes
[Graph3D] createGraphSimulation called: { hasObjectManager: [33mtrue[39m, hasScene: [33mtrue[39m, nodeCount: [33m3[39m, linkCount: [33m1[39m }
[Graph3D] Clearing existing objects...
[Graph3D] Calling createSimulation...
[Graph3D] Simulation created, setting up event handlers...
[Graph3D] Data changed: {
  nodesLen: [33m3[39m,
  linksLen: [33m1[39m,
  key: [33m1776869866799[39m,
  timestamp: [33m1776869865796[39m
}
[Graph3D] Creating simulation: [33m3[39m nodes
[Graph3D] createGraphSimulation called: { hasObjectManager: [33mtrue[39m, hasScene: [33mtrue[39m, nodeCount: [33m3[39m, linkCount: [33m1[39m }
[Graph3D] Clearing existing objects...
[Graph3D] Calling createSimulation...
[Graph3D] Simulation created, setting up event handlers...
[Graph3D] Data changed: {
  nodesLen: [33m3[39m,
  linksLen: [33m1[39m,
  key: [33m1776869866844[39m,
  timestamp: [33m1776869865841[39m
}
[Graph3D] Creating simulation: [33m3[39m nodes
[Graph3D] createGraphSimulation called: { hasObjectManager: [33mtrue[39m, hasScene: [33mtrue[39m, nodeCount: [33m3[39m, linkCount: [33m1[39m }
[Graph3D] Clearing existing objects...
[Graph3D] Calling createSimulation...
[Graph3D] Simulation created, setting up event handlers...
[Graph3D] Data changed: {
  nodesLen: [33m3[39m,
  linksLen: [33m1[39m,
  key: [33m1776869866893[39m,
  timestamp: [33m1776869865890[39m
}
[Graph3D] Creating simulation: [33m3[39m nodes
[Graph3D] createGraphSimulation called: { hasObjectManager: [33mtrue[39m, hasScene: [33mtrue[39m, nodeCount: [33m3[39m, linkCount: [33m1[39m }
[Graph3D] Clearing existing objects...
[Graph3D] Calling createSimulation...
[Graph3D] Simulation created, setting up event handlers...
[Graph3D] Data changed: {
  nodesLen: [33m3[39m,
  linksLen: [33m1[39m,
  key: [33m1776869866939[39m,
  timestamp: [33m1776869865936[39m
}
[Graph3D] Creating simulation: [33m3[39m nodes
[Graph3D] createGraphSimulation called: { hasObjectManager: [33mtrue[39m, hasScene: [33mtrue[39m, nodeCount: [33m3[39m, linkCount: [33m1[39m }
[Graph3D] Clearing existing objects...
[Graph3D] Calling createSimulation...
[Graph3D] Simulation created, setting up event handlers...
[Graph3D] Data changed: {
  nodesLen: [33m3[39m,
  linksLen: [33m1[39m,
  key: [33m1776869866986[39m,
  timestamp: [33m1776869865983[39m
}
[Graph3D] Creating simulation: [33m3[39m nodes
[Graph3D] createGraphSimulation called: { hasObjectManager: [33mtrue[39m, hasScene: [33mtrue[39m, nodeCount: [33m3[39m, linkCount: [33m1[39m }
[Graph3D] Clearing existing objects...
[Graph3D] Calling createSimulation...
[Graph3D] Simulation created, setting up event handlers...
[Graph3D] Data changed: {
  nodesLen: [33m3[39m,
  linksLen: [33m1[39m,
  key: [33m1776869867034[39m,
  timestamp: [33m1776869866031[39m
}
[Graph3D] Creating simulation: [33m3[39m nodes
[Graph3D] createGraphSimulation called: { hasObjectManager: [33mtrue[39m, hasScene: [33mtrue[39m, nodeCount: [33m3[39m, linkCount: [33m1[39m }
[Graph3D] Clearing existing objects...
[Graph3D] Calling createSimulation...
[Graph3D] Simulation created, setting up event handlers...
[Graph3D] Data changed: {
  nodesLen: [33m3[39m,
  linksLen: [33m1[39m,
  key: [33m1776869867081[39m,
  timestamp: [33m1776869866078[39m
}
[Graph3D] Creating simulation: [33m3[39m nodes
[Graph3D] createGraphSimulation called: { hasObjectManager: [33mtrue[39m, hasScene: [33mtrue[39m, nodeCount: [33m3[39m, linkCount: [33m1[39m }
[Graph3D] Clearing existing objects...
[Graph3D] Calling createSimulation...
[Graph3D] Simulation created, setting up event handlers...
[Graph3D] Data changed: {
  nodesLen: [33m3[39m,
  linksLen: [33m1[39m,
  key: [33m1776869867130[39m,
  timestamp: [33m1776869866127[39m
}
[Graph3D] Creating simulation: [33m3[39m nodes
[Graph3D] createGraphSimulation called: { hasObjectManager: [33mtrue[39m, hasScene: [33mtrue[39m, nodeCount: [33m3[39m, linkCount: [33m1[39m }
[Graph3D] Clearing existing objects...
[Graph3D] Calling createSimulation...
[Graph3D] Simulation created, setting up event handlers...
[Graph3D] Data changed: {
  nodesLen: [33m3[39m,
  linksLen: [33m1[39m,
  key: [33m1776869867179[39m,
  timestamp: [33m1776869866176[39m
}
[Graph3D] Creating simulation: [33m3[39m nodes
[Graph3D] createGraphSimulation called: { hasObjectManager: [33mtrue[39m, hasScene: [33mtrue[39m, nodeCount: [33m3[39m, linkCount: [33m1[39m }
[Graph3D] Clearing existing objects...
[Graph3D] Calling createSimulation...
[Graph3D] Simulation created, setting up event handlers...
[Graph3D] Data changed: {
  nodesLen: [33m3[39m,
  linksLen: [33m1[39m,
  key: [33m1776869867235[39m,
  timestamp: [33m1776869866232[39m
}
[Graph3D] Creating simulation: [33m3[39m nodes
[Graph3D] createGraphSimulation called: { hasObjectManager: [33mtrue[39m, hasScene: [33mtrue[39m, nodeCount: [33m3[39m, linkCount: [33m1[39m }
[Graph3D] Clearing existing objects...
[Graph3D] Calling createSimulation...
[Graph3D] Simulation created, setting up event handlers...
[Graph3D] Data changed: {
  nodesLen: [33m3[39m,
  linksLen: [33m1[39m,
  key: [33m1776869867282[39m,
  timestamp: [33m1776869866279[39m
}
[Graph3D] Creating simulation: [33m3[39m nodes
[Graph3D] createGraphSimulation called: { hasObjectManager: [33mtrue[39m, hasScene: [33mtrue[39m, nodeCount: [33m3[39m, linkCount: [33m1[39m }
[Graph3D] Clearing existing objects...
[Graph3D] Calling createSimulation...
[Graph3D] Simulation created, setting up event handlers...
[Graph3D] Data changed: {
  nodesLen: [33m3[39m,
  linksLen: [33m1[39m,
  key: [33m1776869867329[39m,
  timestamp: [33m1776869866326[39m
}
[Graph3D] Creating simulation: [33m3[39m nodes
[Graph3D] createGraphSimulation called: { hasObjectManager: [33mtrue[39m, hasScene: [33mtrue[39m, nodeCount: [33m3[39m, linkCount: [33m1[39m }
[Graph3D] Clearing existing objects...
[Graph3D] Calling createSimulation...
[Graph3D] Simulation created, setting up event handlers...
[Graph3D] Data changed: {
  nodesLen: [33m3[39m,
  linksLen: [33m1[39m,
  key: [33m1776869867381[39m,
  timestamp: [33m1776869866378[39m
}
[Graph3D] Creating simulation: [33m3[39m nodes
[Graph3D] createGraphSimulation called: { hasObjectManager: [33mtrue[39m, hasScene: [33mtrue[39m, nodeCount: [33m3[39m, linkCount: [33m1[39m }
[Graph3D] Clearing existing objects...
[Graph3D] Calling createSimulation...
[Graph3D] Simulation created, setting up event handlers...
[Graph3D] Data changed: {
  nodesLen: [33m3[39m,
  linksLen: [33m1[39m,
  key: [33m1776869867430[39m,
  timestamp: [33m1776869866427[39m
}
[Graph3D] Creating simulation: [33m3[39m nodes
[Graph3D] createGraphSimulation called: { hasObjectManager: [33mtrue[39m, hasScene: [33mtrue[39m, nodeCount: [33m3[39m, linkCount: [33m1[39m }
[Graph3D] Clearing existing objects...
[Graph3D] Calling createSimulation...
[Graph3D] Simulation created, setting up event handlers...
[Graph3D] Data changed: {
  nodesLen: [33m3[39m,
  linksLen: [33m1[39m,
  key: [33m1776869867478[39m,
  timestamp: [33m1776869866475[39m
}
[Graph3D] Creating simulation: [33m3[39m nodes
[Graph3D] createGraphSimulation called: { hasObjectManager: [33mtrue[39m, hasScene: [33mtrue[39m, nodeCount: [33m3[39m, linkCount: [33m1[39m }
[Graph3D] Clearing existing objects...
[Graph3D] Calling createSimulation...
[Graph3D] Simulation created, setting up event handlers...
[Graph3D] Data changed: {
  nodesLen: [33m3[39m,
  linksLen: [33m1[39m,
  key: [33m1776869867526[39m,
  timestamp: [33m1776869866523[39m
}
[Graph3D] Creating simulation: [33m3[39m nodes
[Graph3D] createGraphSimulation called: { hasObjectManager: [33mtrue[39m, hasScene: [33mtrue[39m, nodeCount: [33m3[39m, linkCount: [33m1[39m }
[Graph3D] Clearing existing objects...
[Graph3D] Calling createSimulation...
[Graph3D] Simulation created, setting up event handlers...
[Graph3D] Data changed: {
  nodesLen: [33m3[39m,
  linksLen: [33m1[39m,
  key: [33m1776869867575[39m,
  timestamp: [33m1776869866572[39m
}
[Graph3D] Creating simulation: [33m3[39m nodes
[Graph3D] createGraphSimulation called: { hasObjectManager: [33mtrue[39m, hasScene: [33mtrue[39m, nodeCount: [33m3[39m, linkCount: [33m1[39m }
[Graph3D] Clearing existing objects...
[Graph3D] Calling createSimulation...
[Graph3D] Simulation created, setting up event handlers...
[Graph3D] Data changed: {
  nodesLen: [33m3[39m,
  linksLen: [33m1[39m,
  key: [33m1776869867624[39m,
  timestamp: [33m1776869866621[39m
}
[Graph3D] Creating simulation: [33m3[39m nodes
[Graph3D] createGraphSimulation called: { hasObjectManager: [33mtrue[39m, hasScene: [33mtrue[39m, nodeCount: [33m3[39m, linkCount: [33m1[39m }
[Graph3D] Clearing existing objects...
[Graph3D] Calling createSimulation...
[Graph3D] Simulation created, setting up event handlers...
[Graph3D] Data changed: {
  nodesLen: [33m3[39m,
  linksLen: [33m1[39m,
  key: [33m1776869867672[39m,
  timestamp: [33m1776869866669[39m
}
[Graph3D] Creating simulation: [33m3[39m nodes
[Graph3D] createGraphSimulation called: { hasObjectManager: [33mtrue[39m, hasScene: [33mtrue[39m, nodeCount: [33m3[39m, linkCount: [33m1[39m }
[Graph3D] Clearing existing objects...
[Graph3D] Calling createSimulation...
[Graph3D] Simulation created, setting up event handlers...
[Graph3D] Data changed: {
  nodesLen: [33m3[39m,
  linksLen: [33m1[39m,
  key: [33m1776869867719[39m,
  timestamp: [33m1776869866716[39m
}
[Graph3D] Creating simulation: [33m3[39m nodes
[Graph3D] createGraphSimulation called: { hasObjectManager: [33mtrue[39m, hasScene: [33mtrue[39m, nodeCount: [33m3[39m, linkCount: [33m1[39m }
[Graph3D] Clearing existing objects...
[Graph3D] Calling createSimulation...
[Graph3D] Simulation created, setting up event handlers...
[Graph3D] Data changed: {
  nodesLen: [33m3[39m,
  linksLen: [33m1[39m,
  key: [33m1776869867768[39m,
  timestamp: [33m1776869866765[39m
}
[Graph3D] Creating simulation: [33m3[39m nodes
[Graph3D] createGraphSimulation called: { hasObjectManager: [33mtrue[39m, hasScene: [33mtrue[39m, nodeCount: [33m3[39m, linkCount: [33m1[39m }
[Graph3D] Clearing existing objects...
[Graph3D] Calling createSimulation...
[Graph3D] Simulation created, setting up event handlers...
[Graph3D] Data changed: {
  nodesLen: [33m3[39m,
  linksLen: [33m1[39m,
  key: [33m1776869867818[39m,
  timestamp: [33m1776869866815[39m
}
[Graph3D] Creating simulation: [33m3[39m nodes
[Graph3D] createGraphSimulation called: { hasObjectManager: [33mtrue[39m, hasScene: [33mtrue[39m, nodeCount: [33m3[39m, linkCount: [33m1[39m }
[Graph3D] Clearing existing objects...
[Graph3D] Calling createSimulation...
[Graph3D] Simulation created, setting up event handlers...
[Graph3D] Data changed: {
  nodesLen: [33m3[39m,
  linksLen: [33m1[39m,
  key: [33m1776869867865[39m,
  timestamp: [33m1776869866862[39m
}
[Graph3D] Creating simulation: [33m3[39m nodes
[Graph3D] createGraphSimulation called: { hasObjectManager: [33mtrue[39m, hasScene: [33mtrue[39m, nodeCount: [33m3[39m, linkCount: [33m1[39m }
[Graph3D] Clearing existing objects...
[Graph3D] Calling createSimulation...
[Graph3D] Simulation created, setting up event handlers...
[Graph3D] Data changed: {
  nodesLen: [33m3[39m,
  linksLen: [33m1[39m,
  key: [33m1776869867914[39m,
  timestamp: [33m1776869866911[39m
}
[Graph3D] Creating simulation: [33m3[39m nodes
[Graph3D] createGraphSimulation called: { hasObjectManager: [33mtrue[39m, hasScene: [33mtrue[39m, nodeCount: [33m3[39m, linkCount: [33m1[39m }
[Graph3D] Clearing existing objects...
[Graph3D] Calling createSimulation...
[Graph3D] Simulation created, setting up event handlers...
[Graph3D] Data changed: {
  nodesLen: [33m3[39m,
  linksLen: [33m1[39m,
  key: [33m1776869867963[39m,
  timestamp: [33m1776869866960[39m
}
[Graph3D] Creating simulation: [33m3[39m nodes
[Graph3D] createGraphSimulation called: { hasObjectManager: [33mtrue[39m, hasScene: [33mtrue[39m, nodeCount: [33m3[39m, linkCount: [33m1[39m }
[Graph3D] Clearing existing objects...
[Graph3D] Calling createSimulation...
[Graph3D] Simulation created, setting up event handlers...
[Graph3D] Data changed: {
  nodesLen: [33m3[39m,
  linksLen: [33m1[39m,
  key: [33m1776869868011[39m,
  timestamp: [33m1776869867008[39m
}
[Graph3D] Creating simulation: [33m3[39m nodes
[Graph3D] createGraphSimulation called: { hasObjectManager: [33mtrue[39m, hasScene: [33mtrue[39m, nodeCount: [33m3[39m, linkCount: [33m1[39m }
[Graph3D] Clearing existing objects...
[Graph3D] Calling createSimulation...
[Graph3D] Simulation created, setting up event handlers...
[Graph3D] Data changed: {
  nodesLen: [33m3[39m,
  linksLen: [33m1[39m,
  key: [33m1776869868064[39m,
  timestamp: [33m1776869867061[39m
}
[Graph3D] Creating simulation: [33m3[39m nodes
[Graph3D] createGraphSimulation called: { hasObjectManager: [33mtrue[39m, hasScene: [33mtrue[39m, nodeCount: [33m3[39m, linkCount: [33m1[39m }
[Graph3D] Clearing existing objects...
[Graph3D] Calling createSimulation...
[Graph3D] Simulation created, setting up event handlers...
[Graph3D] Data changed: {
  nodesLen: [33m3[39m,
  linksLen: [33m1[39m,
  key: [33m1776869868113[39m,
  timestamp: [33m1776869867110[39m
}
[Graph3D] Creating simulation: [33m3[39m nodes
[Graph3D] createGraphSimulation called: { hasObjectManager: [33mtrue[39m, hasScene: [33mtrue[39m, nodeCount: [33m3[39m, linkCount: [33m1[39m }
[Graph3D] Clearing existing objects...
[Graph3D] Calling createSimulation...
[Graph3D] Simulation created, setting up event handlers...
[Graph3D] Data changed: {
  nodesLen: [33m3[39m,
  linksLen: [33m1[39m,
  key: [33m1776869868162[39m,
  timestamp: [33m1776869867159[39m
}
[Graph3D] Creating simulation: [33m3[39m nodes
[Graph3D] createGraphSimulation called: { hasObjectManager: [33mtrue[39m, hasScene: [33mtrue[39m, nodeCount: [33m3[39m, linkCount: [33m1[39m }
[Graph3D] Clearing existing objects...
[Graph3D] Calling createSimulation...
[Graph3D] Simulation created, setting up event handlers...
[Graph3D] Data changed: {
  nodesLen: [33m3[39m,
  linksLen: [33m1[39m,
  key: [33m1776869868214[39m,
  timestamp: [33m1776869867211[39m
}
[Graph3D] Creating simulation: [33m3[39m nodes
[Graph3D] createGraphSimulation called: { hasObjectManager: [33mtrue[39m, hasScene: [33mtrue[39m, nodeCount: [33m3[39m, linkCount: [33m1[39m }
[Graph3D] Clearing existing objects...
[Graph3D] Calling createSimulation...
[Graph3D] Simulation created, setting up event handlers...
[Graph3D] Data changed: {
  nodesLen: [33m3[39m,
  linksLen: [33m1[39m,
  key: [33m1776869868266[39m,
  timestamp: [33m1776869867263[39m
}
[Graph3D] Creating simulation: [33m3[39m nodes
[Graph3D] createGraphSimulation called: { hasObjectManager: [33mtrue[39m, hasScene: [33mtrue[39m, nodeCount: [33m3[39m, linkCount: [33m1[39m }
[Graph3D] Clearing existing objects...
[Graph3D] Calling createSimulation...
[Graph3D] Simulation created, setting up event handlers...
[Graph3D] Data changed: {
  nodesLen: [33m3[39m,
  linksLen: [33m1[39m,
  key: [33m1776869868314[39m,
  timestamp: [33m1776869867311[39m
}
[Graph3D] Creating simulation: [33m3[39m nodes
[Graph3D] createGraphSimulation called: { hasObjectManager: [33mtrue[39m, hasScene: [33mtrue[39m, nodeCount: [33m3[39m, linkCount: [33m1[39m }
[Graph3D] Clearing existing objects...
[Graph3D] Calling createSimulation...
[Graph3D] Simulation created, setting up event handlers...
[Graph3D] Data changed: {
  nodesLen: [33m3[39m,
  linksLen: [33m1[39m,
  key: [33m1776869868366[39m,
  timestamp: [33m1776869867363[39m
}
[Graph3D] Creating simulation: [33m3[39m nodes
[Graph3D] createGraphSimulation called: { hasObjectManager: [33mtrue[39m, hasScene: [33mtrue[39m, nodeCount: [33m3[39m, linkCount: [33m1[39m }
[Graph3D] Clearing existing objects...
[Graph3D] Calling createSimulation...
[Graph3D] Simulation created, setting up event handlers...
[Graph3D] Data changed: {
  nodesLen: [33m3[39m,
  linksLen: [33m1[39m,
  key: [33m1776869868417[39m,
  timestamp: [33m1776869867414[39m
}
[Graph3D] Creating simulation: [33m3[39m nodes
[Graph3D] createGraphSimulation called: { hasObjectManager: [33mtrue[39m, hasScene: [33mtrue[39m, nodeCount: [33m3[39m, linkCount: [33m1[39m }
[Graph3D] Clearing existing objects...
[Graph3D] Calling createSimulation...
[Graph3D] Simulation created, setting up event handlers...
[Graph3D] Data changed: {
  nodesLen: [33m3[39m,
  linksLen: [33m1[39m,
  key: [33m1776869868468[39m,
  timestamp: [33m1776869867465[39m
}
[Graph3D] Creating simulation: [33m3[39m nodes
[Graph3D] createGraphSimulation called: { hasObjectManager: [33mtrue[39m, hasScene: [33mtrue[39m, nodeCount: [33m3[39m, linkCount: [33m1[39m }
[Graph3D] Clearing existing objects...
[Graph3D] Calling createSimulation...
[Graph3D] Simulation created, setting up event handlers...
[Graph3D] Data changed: {
  nodesLen: [33m3[39m,
  linksLen: [33m1[39m,
  key: [33m1776869868523[39m,
  timestamp: [33m1776869867520[39m
}
[Graph3D] Creating simulation: [33m3[39m nodes
[Graph3D] createGraphSimulation called: { hasObjectManager: [33mtrue[39m, hasScene: [33mtrue[39m, nodeCount: [33m3[39m, linkCount: [33m1[39m }
[Graph3D] Clearing existing objects...
[Graph3D] Calling createSimulation...
[Graph3D] Simulation created, setting up event handlers...
[Graph3D] Data changed: {
  nodesLen: [33m3[39m,
  linksLen: [33m1[39m,
  key: [33m1776869868572[39m,
  timestamp: [33m1776869867569[39m
}
[Graph3D] Creating simulation: [33m3[39m nodes
[Graph3D] createGraphSimulation called: { hasObjectManager: [33mtrue[39m, hasScene: [33mtrue[39m, nodeCount: [33m3[39m, linkCount: [33m1[39m }
[Graph3D] Clearing existing objects...
[Graph3D] Calling createSimulation...
[Graph3D] Simulation created, setting up event handlers...
[Graph3D] Data changed: {
  nodesLen: [33m3[39m,
  linksLen: [33m1[39m,
  key: [33m1776869868622[39m,
  timestamp: [33m1776869867619[39m
}
[Graph3D] Creating simulation: [33m3[39m nodes
[Graph3D] createGraphSimulation called: { hasObjectManager: [33mtrue[39m, hasScene: [33mtrue[39m, nodeCount: [33m3[39m, linkCount: [33m1[39m }
[Graph3D] Clearing existing objects...
[Graph3D] Calling createSimulation...
[Graph3D] Simulation created, setting up event handlers...
[Graph3D] Data changed: {
  nodesLen: [33m3[39m,
  linksLen: [33m1[39m,
  key: [33m1776869868672[39m,
  timestamp: [33m1776869867669[39m
}
[Graph3D] Creating simulation: [33m3[39m nodes
[Graph3D] createGraphSimulation called: { hasObjectManager: [33mtrue[39m, hasScene: [33mtrue[39m, nodeCount: [33m3[39m, linkCount: [33m1[39m }
[Graph3D] Clearing existing objects...
[Graph3D] Calling createSimulation...
[Graph3D] Simulation created, setting up event handlers...
[Graph3D] Data changed: {
  nodesLen: [33m3[39m,
  linksLen: [33m1[39m,
  key: [33m1776869868721[39m,
  timestamp: [33m1776869867718[39m
}
[Graph3D] Creating simulation: [33m3[39m nodes
[Graph3D] createGraphSimulation called: { hasObjectManager: [33mtrue[39m, hasScene: [33mtrue[39m, nodeCount: [33m3[39m, linkCount: [33m1[39m }
[Graph3D] Clearing existing objects...
[Graph3D] Calling createSimulation...
[Graph3D] Simulation created, setting up event handlers...
[Graph3D] Data changed: {
  nodesLen: [33m3[39m,
  linksLen: [33m1[39m,
  key: [33m1776869868772[39m,
  timestamp: [33m1776869867769[39m
}
[Graph3D] Creating simulation: [33m3[39m nodes
[Graph3D] createGraphSimulation called: { hasObjectManager: [33mtrue[39m, hasScene: [33mtrue[39m, nodeCount: [33m3[39m, linkCount: [33m1[39m }
[Graph3D] Clearing existing objects...
[Graph3D] Calling createSimulation...
[Graph3D] Simulation created, setting up event handlers...
[Graph3D] Data changed: {
  nodesLen: [33m3[39m,
  linksLen: [33m1[39m,
  key: [33m1776869868822[39m,
  timestamp: [33m1776869867819[39m
}
[Graph3D] Creating simulation: [33m3[39m nodes
[Graph3D] createGraphSimulation called: { hasObjectManager: [33mtrue[39m, hasScene: [33mtrue[39m, nodeCount: [33m3[39m, linkCount: [33m1[39m }
[Graph3D] Clearing existing objects...
[Graph3D] Calling createSimulation...
[Graph3D] Simulation created, setting up event handlers...
[Graph3D] Data changed: {
  nodesLen: [33m3[39m,
  linksLen: [33m1[39m,
  key: [33m1776869868873[39m,
  timestamp: [33m1776869867870[39m
}
[Graph3D] Creating simulation: [33m3[39m nodes
[Graph3D] createGraphSimulation called: { hasObjectManager: [33mtrue[39m, hasScene: [33mtrue[39m, nodeCount: [33m3[39m, linkCount: [33m1[39m }
[Graph3D] Clearing existing objects...
[Graph3D] Calling createSimulation...
[Graph3D] Simulation created, setting up event handlers...
[Graph3D] Data changed: {
  nodesLen: [33m3[39m,
  linksLen: [33m1[39m,
  key: [33m1776869868927[39m,
  timestamp: [33m1776869867924[39m
}
[Graph3D] Creating simulation: [33m3[39m nodes
[Graph3D] createGraphSimulation called: { hasObjectManager: [33mtrue[39m, hasScene: [33mtrue[39m, nodeCount: [33m3[39m, linkCount: [33m1[39m }
[Graph3D] Clearing existing objects...
[Graph3D] Calling createSimulation...
[Graph3D] Simulation created, setting up event handlers...
[Graph3D] Data changed: {
  nodesLen: [33m3[39m,
  linksLen: [33m1[39m,
  key: [33m1776869868976[39m,
  timestamp: [33m1776869867973[39m
}
[Graph3D] Creating simulation: [33m3[39m nodes
[Graph3D] createGraphSimulation called: { hasObjectManager: [33mtrue[39m, hasScene: [33mtrue[39m, nodeCount: [33m3[39m, linkCount: [33m1[39m }
[Graph3D] Clearing existing objects...
[Graph3D] Calling createSimulation...
[Graph3D] Simulation created, setting up event handlers...
[Graph3D] Data changed: {
  nodesLen: [33m3[39m,
  linksLen: [33m1[39m,
  key: [33m1776869869027[39m,
  timestamp: [33m1776869868024[39m
}
[Graph3D] Creating simulation: [33m3[39m nodes
[Graph3D] createGraphSimulation called: { hasObjectManager: [33mtrue[39m, hasScene: [33mtrue[39m, nodeCount: [33m3[39m, linkCount: [33m1[39m }
[Graph3D] Clearing existing objects...
[Graph3D] Calling createSimulation...
[Graph3D] Simulation created, setting up event handlers...
[Graph3D] Data changed: {
  nodesLen: [33m3[39m,
  linksLen: [33m1[39m,
  key: [33m1776869869081[39m,
  timestamp: [33m1776869868078[39m
}
[Graph3D] Creating simulation: [33m3[39m nodes
[Graph3D] createGraphSimulation called: { hasObjectManager: [33mtrue[39m, hasScene: [33mtrue[39m, nodeCount: [33m3[39m, linkCount: [33m1[39m }
[Graph3D] Clearing existing objects...
[Graph3D] Calling createSimulation...
[Graph3D] Simulation created, setting up event handlers...
[Graph3D] Data changed: {
  nodesLen: [33m3[39m,
  linksLen: [33m1[39m,
  key: [33m1776869869135[39m,
  timestamp: [33m1776869868132[39m
}
[Graph3D] Creating simulation: [33m3[39m nodes
[Graph3D] createGraphSimulation called: { hasObjectManager: [33mtrue[39m, hasScene: [33mtrue[39m, nodeCount: [33m3[39m, linkCount: [33m1[39m }
[Graph3D] Clearing existing objects...
[Graph3D] Calling createSimulation...
[Graph3D] Simulation created, setting up event handlers...
[Graph3D] Data changed: {
  nodesLen: [33m3[39m,
  linksLen: [33m1[39m,
  key: [33m1776869869185[39m,
  timestamp: [33m1776869868182[39m
}
[Graph3D] Creating simulation: [33m3[39m nodes
[Graph3D] createGraphSimulation called: { hasObjectManager: [33mtrue[39m, hasScene: [33mtrue[39m, nodeCount: [33m3[39m, linkCount: [33m1[39m }
[Graph3D] Clearing existing objects...
[Graph3D] Calling createSimulation...
[Graph3D] Simulation created, setting up event handlers...
[Graph3D] Data changed: {
  nodesLen: [33m3[39m,
  linksLen: [33m1[39m,
  key: [33m1776869869238[39m,
  timestamp: [33m1776869868235[39m
}
[Graph3D] Creating simulation: [33m3[39m nodes
[Graph3D] createGraphSimulation called: { hasObjectManager: [33mtrue[39m, hasScene: [33mtrue[39m, nodeCount: [33m3[39m, linkCount: [33m1[39m }
[Graph3D] Clearing existing objects...
[Graph3D] Calling createSimulation...
[Graph3D] Simulation created, setting up event handlers...
[Graph3D] Data changed: {
  nodesLen: [33m3[39m,
  linksLen: [33m1[39m,
  key: [33m1776869869289[39m,
  timestamp: [33m1776869868286[39m
}
[Graph3D] Creating simulation: [33m3[39m nodes
[Graph3D] createGraphSimulation called: { hasObjectManager: [33mtrue[39m, hasScene: [33mtrue[39m, nodeCount: [33m3[39m, linkCount: [33m1[39m }
[Graph3D] Clearing existing objects...
[Graph3D] Calling createSimulation...
[Graph3D] Simulation created, setting up event handlers...
[Graph3D] Data changed: {
  nodesLen: [33m3[39m,
  linksLen: [33m1[39m,
  key: [33m1776869869340[39m,
  timestamp: [33m1776869868337[39m
}
[Graph3D] Creating simulation: [33m3[39m nodes
[Graph3D] createGraphSimulation called: { hasObjectManager: [33mtrue[39m, hasScene: [33mtrue[39m, nodeCount: [33m3[39m, linkCount: [33m1[39m }
[Graph3D] Clearing existing objects...
[Graph3D] Calling createSimulation...
[Graph3D] Simulation created, setting up event handlers...
[Graph3D] Data changed: {
  nodesLen: [33m3[39m,
  linksLen: [33m1[39m,
  key: [33m1776869869393[39m,
  timestamp: [33m1776869868390[39m
}
[Graph3D] Creating simulation: [33m3[39m nodes
[Graph3D] createGraphSimulation called: { hasObjectManager: [33mtrue[39m, hasScene: [33mtrue[39m, nodeCount: [33m3[39m, linkCount: [33m1[39m }
[Graph3D] Clearing existing objects...
[Graph3D] Calling createSimulation...
[Graph3D] Simulation created, setting up event handlers...
[Graph3D] Data changed: {
  nodesLen: [33m3[39m,
  linksLen: [33m1[39m,
  key: [33m1776869869442[39m,
  timestamp: [33m1776869868439[39m
}
[Graph3D] Creating simulation: [33m3[39m nodes
[Graph3D] createGraphSimulation called: { hasObjectManager: [33mtrue[39m, hasScene: [33mtrue[39m, nodeCount: [33m3[39m, linkCount: [33m1[39m }
[Graph3D] Clearing existing objects...
[Graph3D] Calling createSimulation...
[Graph3D] Simulation created, setting up event handlers...
[Graph3D] Data changed: {
  nodesLen: [33m3[39m,
  linksLen: [33m1[39m,
  key: [33m1776869869494[39m,
  timestamp: [33m1776869868491[39m
}
[Graph3D] Creating simulation: [33m3[39m nodes
[Graph3D] createGraphSimulation called: { hasObjectManager: [33mtrue[39m, hasScene: [33mtrue[39m, nodeCount: [33m3[39m, linkCount: [33m1[39m }
[Graph3D] Clearing existing objects...
[Graph3D] Calling createSimulation...
[Graph3D] Simulation created, setting up event handlers...
[Graph3D] Data changed: {
  nodesLen: [33m3[39m,
  linksLen: [33m1[39m,
  key: [33m1776869869547[39m,
  timestamp: [33m1776869868544[39m
}
[Graph3D] Creating simulation: [33m3[39m nodes
[Graph3D] createGraphSimulation called: { hasObjectManager: [33mtrue[39m, hasScene: [33mtrue[39m, nodeCount: [33m3[39m, linkCount: [33m1[39m }
[Graph3D] Clearing existing objects...
[Graph3D] Calling createSimulation...
[Graph3D] Simulation created, setting up event handlers...
[Graph3D] Data changed: {
  nodesLen: [33m3[39m,
  linksLen: [33m1[39m,
  key: [33m1776869869597[39m,
  timestamp: [33m1776869868594[39m
}
[Graph3D] Creating simulation: [33m3[39m nodes
[Graph3D] createGraphSimulation called: { hasObjectManager: [33mtrue[39m, hasScene: [33mtrue[39m, nodeCount: [33m3[39m, linkCount: [33m1[39m }
[Graph3D] Clearing existing objects...
[Graph3D] Calling createSimulation...
[Graph3D] Simulation created, setting up event handlers...
[Graph3D] Data changed: {
  nodesLen: [33m3[39m,
  linksLen: [33m1[39m,
  key: [33m1776869869646[39m,
  timestamp: [33m1776869868643[39m
}
[Graph3D] Creating simulation: [33m3[39m nodes
[Graph3D] createGraphSimulation called: { hasObjectManager: [33mtrue[39m, hasScene: [33mtrue[39m, nodeCount: [33m3[39m, linkCount: [33m1[39m }
[Graph3D] Clearing existing objects...
[Graph3D] Calling createSimulation...
[Graph3D] Simulation created, setting up event handlers...
[Graph3D] Data changed: {
  nodesLen: [33m3[39m,
  linksLen: [33m1[39m,
  key: [33m1776869869702[39m,
  timestamp: [33m1776869868699[39m
}
[Graph3D] Creating simulation: [33m3[39m nodes
[Graph3D] createGraphSimulation called: { hasObjectManager: [33mtrue[39m, hasScene: [33mtrue[39m, nodeCount: [33m3[39m, linkCount: [33m1[39m }
[Graph3D] Clearing existing objects...
[Graph3D] Calling createSimulation...
[Graph3D] Simulation created, setting up event handlers...
[Graph3D] Data changed: {
  nodesLen: [33m3[39m,
  linksLen: [33m1[39m,
  key: [33m1776869869754[39m,
  timestamp: [33m1776869868751[39m
}
[Graph3D] Creating simulation: [33m3[39m nodes
[Graph3D] createGraphSimulation called: { hasObjectManager: [33mtrue[39m, hasScene: [33mtrue[39m, nodeCount: [33m3[39m, linkCount: [33m1[39m }
[Graph3D] Clearing existing objects...
[Graph3D] Calling createSimulation...
[Graph3D] Simulation created, setting up event handlers...
[Graph3D] Data changed: {
  nodesLen: [33m3[39m,
  linksLen: [33m1[39m,
  key: [33m1776869869808[39m,
  timestamp: [33m1776869868805[39m
}
[Graph3D] Creating simulation: [33m3[39m nodes
[Graph3D] createGraphSimulation called: { hasObjectManager: [33mtrue[39m, hasScene: [33mtrue[39m, nodeCount: [33m3[39m, linkCount: [33m1[39m }
[Graph3D] Clearing existing objects...
[Graph3D] Calling createSimulation...
[Graph3D] Simulation created, setting up event handlers...
[Graph3D] Data changed: {
  nodesLen: [33m3[39m,
  linksLen: [33m1[39m,
  key: [33m1776869869859[39m,
  timestamp: [33m1776869868856[39m
}
[Graph3D] Creating simulation: [33m3[39m nodes
[Graph3D] createGraphSimulation called: { hasObjectManager: [33mtrue[39m, hasScene: [33mtrue[39m, nodeCount: [33m3[39m, linkCount: [33m1[39m }
[Graph3D] Clearing existing objects...
[Graph3D] Calling createSimulation...
[Graph3D] Simulation created, setting up event handlers...
[Graph3D] Data changed: {
  nodesLen: [33m3[39m,
  linksLen: [33m1[39m,
  key: [33m1776869869910[39m,
  timestamp: [33m1776869868907[39m
}
[Graph3D] Creating simulation: [33m3[39m nodes
[Graph3D] createGraphSimulation called: { hasObjectManager: [33mtrue[39m, hasScene: [33mtrue[39m, nodeCount: [33m3[39m, linkCount: [33m1[39m }
[Graph3D] Clearing existing objects...
[Graph3D] Calling createSimulation...
[Graph3D] Simulation created, setting up event handlers...
[Graph3D] Data changed: {
  nodesLen: [33m3[39m,
  linksLen: [33m1[39m,
  key: [33m1776869869963[39m,
  timestamp: [33m1776869868960[39m
}
[Graph3D] Creating simulation: [33m3[39m nodes
[Graph3D] createGraphSimulation called: { hasObjectManager: [33mtrue[39m, hasScene: [33mtrue[39m, nodeCount: [33m3[39m, linkCount: [33m1[39m }
[Graph3D] Clearing existing objects...
[Graph3D] Calling createSimulation...
[Graph3D] Simulation created, setting up event handlers...
[Graph3D] Data changed: {
  nodesLen: [33m3[39m,
  linksLen: [33m1[39m,
  key: [33m1776869870014[39m,
  timestamp: [33m1776869869011[39m
}
[Graph3D] Creating simulation: [33m3[39m nodes
[Graph3D] createGraphSimulation called: { hasObjectManager: [33mtrue[39m, hasScene: [33mtrue[39m, nodeCount: [33m3[39m, linkCount: [33m1[39m }
[Graph3D] Clearing existing objects...
[Graph3D] Calling createSimulation...
[Graph3D] Simulation created, setting up event handlers...
[Graph3D] Data changed: {
  nodesLen: [33m3[39m,
  linksLen: [33m1[39m,
  key: [33m1776869870067[39m,
  timestamp: [33m1776869869064[39m
}
[Graph3D] Creating simulation: [33m3[39m nodes
[Graph3D] createGraphSimulation called: { hasObjectManager: [33mtrue[39m, hasScene: [33mtrue[39m, nodeCount: [33m3[39m, linkCount: [33m1[39m }
[Graph3D] Clearing existing objects...
[Graph3D] Calling createSimulation...
[Graph3D] Simulation created, setting up event handlers...
[Graph3D] Data changed: {
  nodesLen: [33m3[39m,
  linksLen: [33m1[39m,
  key: [33m1776869870118[39m,
  timestamp: [33m1776869869115[39m
}
[Graph3D] Creating simulation: [33m3[39m nodes
[Graph3D] createGraphSimulation called: { hasObjectManager: [33mtrue[39m, hasScene: [33mtrue[39m, nodeCount: [33m3[39m, linkCount: [33m1[39m }
[Graph3D] Clearing existing objects...
[Graph3D] Calling createSimulation...
[Graph3D] Simulation created, setting up event handlers...
[Graph3D] Data changed: {
  nodesLen: [33m3[39m,
  linksLen: [33m1[39m,
  key: [33m1776869870169[39m,
  timestamp: [33m1776869869166[39m
}
[Graph3D] Creating simulation: [33m3[39m nodes
[Graph3D] createGraphSimulation called: { hasObjectManager: [33mtrue[39m, hasScene: [33mtrue[39m, nodeCount: [33m3[39m, linkCount: [33m1[39m }
[Graph3D] Clearing existing objects...
[Graph3D] Calling createSimulation...
[Graph3D] Simulation created, setting up event handlers...
[Graph3D] Data changed: {
  nodesLen: [33m3[39m,
  linksLen: [33m1[39m,
  key: [33m1776869870225[39m,
  timestamp: [33m1776869869222[39m
}
[Graph3D] Creating simulation: [33m3[39m nodes
[Graph3D] createGraphSimulation called: { hasObjectManager: [33mtrue[39m, hasScene: [33mtrue[39m, nodeCount: [33m3[39m, linkCount: [33m1[39m }
[Graph3D] Clearing existing objects...
[Graph3D] Calling createSimulation...
[Graph3D] Simulation created, setting up event handlers...
[Graph3D] Data changed: {
  nodesLen: [33m3[39m,
  linksLen: [33m1[39m,
  key: [33m1776869870276[39m,
  timestamp: [33m1776869869273[39m
}
[Graph3D] Creating simulation: [33m3[39m nodes
[Graph3D] createGraphSimulation called: { hasObjectManager: [33mtrue[39m, hasScene: [33mtrue[39m, nodeCount: [33m3[39m, linkCount: [33m1[39m }
[Graph3D] Clearing existing objects...
[Graph3D] Calling createSimulation...
[Graph3D] Simulation created, setting up event handlers...
[Graph3D] Data changed: {
  nodesLen: [33m3[39m,
  linksLen: [33m1[39m,
  key: [33m1776869870334[39m,
  timestamp: [33m1776869869331[39m
}
[Graph3D] Creating simulation: [33m3[39m nodes
[Graph3D] createGraphSimulation called: { hasObjectManager: [33mtrue[39m, hasScene: [33mtrue[39m, nodeCount: [33m3[39m, linkCount: [33m1[39m }
[Graph3D] Clearing existing objects...
[Graph3D] Calling createSimulation...
[Graph3D] Simulation created, setting up event handlers...
[Graph3D] Data changed: {
  nodesLen: [33m3[39m,
  linksLen: [33m1[39m,
  key: [33m1776869870386[39m,
  timestamp: [33m1776869869383[39m
}
[Graph3D] Creating simulation: [33m3[39m nodes
[Graph3D] createGraphSimulation called: { hasObjectManager: [33mtrue[39m, hasScene: [33mtrue[39m, nodeCount: [33m3[39m, linkCount: [33m1[39m }
[Graph3D] Clearing existing objects...
[Graph3D] Calling createSimulation...
[Graph3D] Simulation created, setting up event handlers...
[Graph3D] Data changed: {
  nodesLen: [33m3[39m,
  linksLen: [33m1[39m,
  key: [33m1776869870438[39m,
  timestamp: [33m1776869869435[39m
}
[Graph3D] Creating simulation: [33m3[39m nodes
[Graph3D] createGraphSimulation called: { hasObjectManager: [33mtrue[39m, hasScene: [33mtrue[39m, nodeCount: [33m3[39m, linkCount: [33m1[39m }
[Graph3D] Clearing existing objects...
[Graph3D] Calling createSimulation...
[Graph3D] Simulation created, setting up event handlers...
[Graph3D] Data changed: {
  nodesLen: [33m3[39m,
  linksLen: [33m1[39m,
  key: [33m1776869870492[39m,
  timestamp: [33m1776869869489[39m
}
[Graph3D] Creating simulation: [33m3[39m nodes
[Graph3D] createGraphSimulation called: { hasObjectManager: [33mtrue[39m, hasScene: [33mtrue[39m, nodeCount: [33m3[39m, linkCount: [33m1[39m }
[Graph3D] Clearing existing objects...
[Graph3D] Calling createSimulation...
[Graph3D] Simulation created, setting up event handlers...
[Graph3D] Data changed: {
  nodesLen: [33m3[39m,
  linksLen: [33m1[39m,
  key: [33m1776869870544[39m,
  timestamp: [33m1776869869541[39m
}
[Graph3D] Creating simulation: [33m3[39m nodes
[Graph3D] createGraphSimulation called: { hasObjectManager: [33mtrue[39m, hasScene: [33mtrue[39m, nodeCount: [33m3[39m, linkCount: [33m1[39m }
[Graph3D] Clearing existing objects...
[Graph3D] Calling createSimulation...
[Graph3D] Simulation created, setting up event handlers...
[Graph3D] Data changed: {
  nodesLen: [33m3[39m,
  linksLen: [33m1[39m,
  key: [33m1776869870598[39m,
  timestamp: [33m1776869869595[39m
}
[Graph3D] Creating simulation: [33m3[39m nodes
[Graph3D] createGraphSimulation called: { hasObjectManager: [33mtrue[39m, hasScene: [33mtrue[39m, nodeCount: [33m3[39m, linkCount: [33m1[39m }
[Graph3D] Clearing existing objects...
[Graph3D] Calling createSimulation...
[Graph3D] Simulation created, setting up event handlers...
[Graph3D] Data changed: {
  nodesLen: [33m3[39m,
  linksLen: [33m1[39m,
  key: [33m1776869870649[39m,
  timestamp: [33m1776869869646[39m
}
[Graph3D] Creating simulation: [33m3[39m nodes
[Graph3D] createGraphSimulation called: { hasObjectManager: [33mtrue[39m, hasScene: [33mtrue[39m, nodeCount: [33m3[39m, linkCount: [33m1[39m }
[Graph3D] Clearing existing objects...
[Graph3D] Calling createSimulation...
[Graph3D] Simulation created, setting up event handlers...
[Graph3D] Data changed: {
  nodesLen: [33m3[39m,
  linksLen: [33m1[39m,
  key: [33m1776869870705[39m,
  timestamp: [33m1776869869702[39m
}
[Graph3D] Creating simulation: [33m3[39m nodes
[Graph3D] createGraphSimulation called: { hasObjectManager: [33mtrue[39m, hasScene: [33mtrue[39m, nodeCount: [33m3[39m, linkCount: [33m1[39m }
[Graph3D] Clearing existing objects...
[Graph3D] Calling createSimulation...
[Graph3D] Simulation created, setting up event handlers...
[Graph3D] Data changed: {
  nodesLen: [33m3[39m,
  linksLen: [33m1[39m,
  key: [33m1776869870759[39m,
  timestamp: [33m1776869869756[39m
}
[Graph3D] Creating simulation: [33m3[39m nodes
[Graph3D] createGraphSimulation called: { hasObjectManager: [33mtrue[39m, hasScene: [33mtrue[39m, nodeCount: [33m3[39m, linkCount: [33m1[39m }
[Graph3D] Clearing existing objects...
[Graph3D] Calling createSimulation...
[Graph3D] Simulation created, setting up event handlers...
[Graph3D] Data changed: {
  nodesLen: [33m3[39m,
  linksLen: [33m1[39m,
  key: [33m1776869870843[39m,
  timestamp: [33m1776869869840[39m
}
[Graph3D] Creating simulation: [33m3[39m nodes
[Graph3D] createGraphSimulation called: { hasObjectManager: [33mtrue[39m, hasScene: [33mtrue[39m, nodeCount: [33m3[39m, linkCount: [33m1[39m }
[Graph3D] Clearing existing objects...
[Graph3D] Calling createSimulation...
[Graph3D] Simulation created, setting up event handlers...
[Graph3D] Data changed: {
  nodesLen: [33m3[39m,
  linksLen: [33m1[39m,
  key: [33m1776869870899[39m,
  timestamp: [33m1776869869896[39m
}
[Graph3D] Creating simulation: [33m3[39m nodes
[Graph3D] createGraphSimulation called: { hasObjectManager: [33mtrue[39m, hasScene: [33mtrue[39m, nodeCount: [33m3[39m, linkCount: [33m1[39m }
[Graph3D] Clearing existing objects...
[Graph3D] Calling createSimulation...
[Graph3D] Simulation created, setting up event handlers...
[Graph3D] Data changed: {
  nodesLen: [33m3[39m,
  linksLen: [33m1[39m,
  key: [33m1776869870962[39m,
  timestamp: [33m1776869869959[39m
}
[Graph3D] Creating simulation: [33m3[39m nodes
[Graph3D] createGraphSimulation called: { hasObjectManager: [33mtrue[39m, hasScene: [33mtrue[39m, nodeCount: [33m3[39m, linkCount: [33m1[39m }
[Graph3D] Clearing existing objects...
[Graph3D] Calling createSimulation...
[Graph3D] Simulation created, setting up event handlers...
[Graph3D] Data changed: {
  nodesLen: [33m3[39m,
  linksLen: [33m1[39m,
  key: [33m1776869871016[39m,
  timestamp: [33m1776869870013[39m
}
[Graph3D] Creating simulation: [33m3[39m nodes
[Graph3D] createGraphSimulation called: { hasObjectManager: [33mtrue[39m, hasScene: [33mtrue[39m, nodeCount: [33m3[39m, linkCount: [33m1[39m }
[Graph3D] Clearing existing objects...
[Graph3D] Calling createSimulation...
[Graph3D] Simulation created, setting up event handlers...
[Graph3D] Data changed: {
  nodesLen: [33m3[39m,
  linksLen: [33m1[39m,
  key: [33m1776869871071[39m,
  timestamp: [33m1776869870068[39m
}
[Graph3D] Creating simulation: [33m3[39m nodes
[Graph3D] createGraphSimulation called: { hasObjectManager: [33mtrue[39m, hasScene: [33mtrue[39m, nodeCount: [33m3[39m, linkCount: [33m1[39m }
[Graph3D] Clearing existing objects...
[Graph3D] Calling createSimulation...
[Graph3D] Simulation created, setting up event handlers...
[Graph3D] Data changed: {
  nodesLen: [33m3[39m,
  linksLen: [33m1[39m,
  key: [33m1776869871126[39m,
  timestamp: [33m1776869870123[39m
}
[Graph3D] Creating simulation: [33m3[39m nodes
[Graph3D] createGraphSimulation called: { hasObjectManager: [33mtrue[39m, hasScene: [33mtrue[39m, nodeCount: [33m3[39m, linkCount: [33m1[39m }
[Graph3D] Clearing existing objects...
[Graph3D] Calling createSimulation...
[Graph3D] Simulation created, setting up event handlers...
[Graph3D] Data changed: {
  nodesLen: [33m3[39m,
  linksLen: [33m1[39m,
  key: [33m1776869871181[39m,
  timestamp: [33m1776869870178[39m
}
[Graph3D] Creating simulation: [33m3[39m nodes
[Graph3D] createGraphSimulation called: { hasObjectManager: [33mtrue[39m, hasScene: [33mtrue[39m, nodeCount: [33m3[39m, linkCount: [33m1[39m }
[Graph3D] Clearing existing objects...
[Graph3D] Calling createSimulation...
[Graph3D] Simulation created, setting up event handlers...
[Graph3D] Data changed: {
  nodesLen: [33m3[39m,
  linksLen: [33m1[39m,
  key: [33m1776869871237[39m,
  timestamp: [33m1776869870234[39m
}
[Graph3D] Creating simulation: [33m3[39m nodes
[Graph3D] createGraphSimulation called: { hasObjectManager: [33mtrue[39m, hasScene: [33mtrue[39m, nodeCount: [33m3[39m, linkCount: [33m1[39m }
[Graph3D] Clearing existing objects...
[Graph3D] Calling createSimulation...
[Graph3D] Simulation created, setting up event handlers...
[Graph3D] Data changed: {
  nodesLen: [33m3[39m,
  linksLen: [33m1[39m,
  key: [33m1776869871295[39m,
  timestamp: [33m1776869870292[39m
}
[Graph3D] Creating simulation: [33m3[39m nodes
[Graph3D] createGraphSimulation called: { hasObjectManager: [33mtrue[39m, hasScene: [33mtrue[39m, nodeCount: [33m3[39m, linkCount: [33m1[39m }
[Graph3D] Clearing existing objects...
[Graph3D] Calling createSimulation...
[Graph3D] Simulation created, setting up event handlers...
[Graph3D] Data changed: {
  nodesLen: [33m3[39m,
  linksLen: [33m1[39m,
  key: [33m1776869871352[39m,
  timestamp: [33m1776869870349[39m
}
[Graph3D] Creating simulation: [33m3[39m nodes
[Graph3D] createGraphSimulation called: { hasObjectManager: [33mtrue[39m, hasScene: [33mtrue[39m, nodeCount: [33m3[39m, linkCount: [33m1[39m }
[Graph3D] Clearing existing objects...
[Graph3D] Calling createSimulation...
[Graph3D] Simulation created, setting up event handlers...
[Graph3D] Data changed: {
  nodesLen: [33m3[39m,
  linksLen: [33m1[39m,
  key: [33m1776869871406[39m,
  timestamp: [33m1776869870403[39m
}
[Graph3D] Creating simulation: [33m3[39m nodes
[Graph3D] createGraphSimulation called: { hasObjectManager: [33mtrue[39m, hasScene: [33mtrue[39m, nodeCount: [33m3[39m, linkCount: [33m1[39m }
[Graph3D] Clearing existing objects...
[Graph3D] Calling createSimulation...
[Graph3D] Simulation created, setting up event handlers...
[Graph3D] Data changed: {
  nodesLen: [33m3[39m,
  linksLen: [33m1[39m,
  key: [33m1776869871462[39m,
  timestamp: [33m1776869870459[39m
}
[Graph3D] Creating simulation: [33m3[39m nodes
[Graph3D] createGraphSimulation called: { hasObjectManager: [33mtrue[39m, hasScene: [33mtrue[39m, nodeCount: [33m3[39m, linkCount: [33m1[39m }
[Graph3D] Clearing existing objects...
[Graph3D] Calling createSimulation...
[Graph3D] Simulation created, setting up event handlers...
[Graph3D] Data changed: {
  nodesLen: [33m3[39m,
  linksLen: [33m1[39m,
  key: [33m1776869871517[39m,
  timestamp: [33m1776869870514[39m
}
[Graph3D] Creating simulation: [33m3[39m nodes
[Graph3D] createGraphSimulation called: { hasObjectManager: [33mtrue[39m, hasScene: [33mtrue[39m, nodeCount: [33m3[39m, linkCount: [33m1[39m }
[Graph3D] Clearing existing objects...
[Graph3D] Calling createSimulation...
[Graph3D] Simulation created, setting up event handlers...
[Graph3D] Data changed: {
  nodesLen: [33m3[39m,
  linksLen: [33m1[39m,
  key: [33m1776869871572[39m,
  timestamp: [33m1776869870569[39m
}
[Graph3D] Creating simulation: [33m3[39m nodes
[Graph3D] createGraphSimulation called: { hasObjectManager: [33mtrue[39m, hasScene: [33mtrue[39m, nodeCount: [33m3[39m, linkCount: [33m1[39m }
[Graph3D] Clearing existing objects...
[Graph3D] Calling createSimulation...
[Graph3D] Simulation created, setting up event handlers...
[Graph3D] Data changed: {
  nodesLen: [33m3[39m,
  linksLen: [33m1[39m,
  key: [33m1776869871626[39m,
  timestamp: [33m1776869870623[39m
}
[Graph3D] Creating simulation: [33m3[39m nodes
[Graph3D] createGraphSimulation called: { hasObjectManager: [33mtrue[39m, hasScene: [33mtrue[39m, nodeCount: [33m3[39m, linkCount: [33m1[39m }
[Graph3D] Clearing existing objects...
[Graph3D] Calling createSimulation...
[Graph3D] Simulation created, setting up event handlers...
[Graph3D] Data changed: {
  nodesLen: [33m3[39m,
  linksLen: [33m1[39m,
  key: [33m1776869871683[39m,
  timestamp: [33m1776869870680[39m
}
[Graph3D] Creating simulation: [33m3[39m nodes
[Graph3D] createGraphSimulation called: { hasObjectManager: [33mtrue[39m, hasScene: [33mtrue[39m, nodeCount: [33m3[39m, linkCount: [33m1[39m }
[Graph3D] Clearing existing objects...
[Graph3D] Calling createSimulation...
[Graph3D] Simulation created, setting up event handlers...
[Graph3D] Data changed: {
  nodesLen: [33m3[39m,
  linksLen: [33m1[39m,
  key: [33m1776869871739[39m,
  timestamp: [33m1776869870736[39m
}
[Graph3D] Creating simulation: [33m3[39m nodes
[Graph3D] createGraphSimulation called: { hasObjectManager: [33mtrue[39m, hasScene: [33mtrue[39m, nodeCount: [33m3[39m, linkCount: [33m1[39m }
[Graph3D] Clearing existing objects...
[Graph3D] Calling createSimulation...
[Graph3D] Simulation created, setting up event handlers...
[Graph3D] Data changed: {
  nodesLen: [33m3[39m,
  linksLen: [33m1[39m,
  key: [33m1776869871805[39m,
  timestamp: [33m1776869870802[39m
}
[Graph3D] Creating simulation: [33m3[39m nodes
[Graph3D] createGraphSimulation called: { hasObjectManager: [33mtrue[39m, hasScene: [33mtrue[39m, nodeCount: [33m3[39m, linkCount: [33m1[39m }
[Graph3D] Clearing existing objects...
[Graph3D] Calling createSimulation...
[Graph3D] Simulation created, setting up event handlers...
[Graph3D] Data changed: {
  nodesLen: [33m3[39m,
  linksLen: [33m1[39m,
  key: [33m1776869871865[39m,
  timestamp: [33m1776869870862[39m
}
[Graph3D] Creating simulation: [33m3[39m nodes
[Graph3D] createGraphSimulation called: { hasObjectManager: [33mtrue[39m, hasScene: [33mtrue[39m, nodeCount: [33m3[39m, linkCount: [33m1[39m }
[Graph3D] Clearing existing objects...
[Graph3D] Calling createSimulation...
[Graph3D] Simulation created, setting up event handlers...
[Graph3D] Data changed: {
  nodesLen: [33m3[39m,
  linksLen: [33m1[39m,
  key: [33m1776869871924[39m,
  timestamp: [33m1776869870921[39m
}
[Graph3D] Creating simulation: [33m3[39m nodes
[Graph3D] createGraphSimulation called: { hasObjectManager: [33mtrue[39m, hasScene: [33mtrue[39m, nodeCount: [33m3[39m, linkCount: [33m1[39m }
[Graph3D] Clearing existing objects...
[Graph3D] Calling createSimulation...
[Graph3D] Simulation created, setting up event handlers...
[Graph3D] Data changed: {
  nodesLen: [33m3[39m,
  linksLen: [33m1[39m,
  key: [33m1776869871979[39m,
  timestamp: [33m1776869870976[39m
}
[Graph3D] Creating simulation: [33m3[39m nodes
[Graph3D] createGraphSimulation called: { hasObjectManager: [33mtrue[39m, hasScene: [33mtrue[39m, nodeCount: [33m3[39m, linkCount: [33m1[39m }
[Graph3D] Clearing existing objects...
[Graph3D] Calling createSimulation...
[Graph3D] Simulation created, setting up event handlers...
[Graph3D] Data changed: {
  nodesLen: [33m3[39m,
  linksLen: [33m1[39m,
  key: [33m1776869872036[39m,
  timestamp: [33m1776869871033[39m
}
[Graph3D] Creating simulation: [33m3[39m nodes
[Graph3D] createGraphSimulation called: { hasObjectManager: [33mtrue[39m, hasScene: [33mtrue[39m, nodeCount: [33m3[39m, linkCount: [33m1[39m }
[Graph3D] Clearing existing objects...
[Graph3D] Calling createSimulation...
[Graph3D] Simulation created, setting up event handlers...
[Graph3D] Data changed: {
  nodesLen: [33m3[39m,
  linksLen: [33m1[39m,
  key: [33m1776869872090[39m,
  timestamp: [33m1776869871087[39m
}
[Graph3D] Creating simulation: [33m3[39m nodes
[Graph3D] createGraphSimulation called: { hasObjectManager: [33mtrue[39m, hasScene: [33mtrue[39m, nodeCount: [33m3[39m, linkCount: [33m1[39m }
[Graph3D] Clearing existing objects...
[Graph3D] Calling createSimulation...
[Graph3D] Simulation created, setting up event handlers...
[Graph3D] Data changed: {
  nodesLen: [33m3[39m,
  linksLen: [33m1[39m,
  key: [33m1776869872150[39m,
  timestamp: [33m1776869871147[39m
}
[Graph3D] Creating simulation: [33m3[39m nodes
[Graph3D] createGraphSimulation called: { hasObjectManager: [33mtrue[39m, hasScene: [33mtrue[39m, nodeCount: [33m3[39m, linkCount: [33m1[39m }
[Graph3D] Clearing existing objects...
[Graph3D] Calling createSimulation...
[Graph3D] Simulation created, setting up event handlers...
[Graph3D] Data changed: {
  nodesLen: [33m3[39m,
  linksLen: [33m1[39m,
  key: [33m1776869872207[39m,
  timestamp: [33m1776869871204[39m
}
[Graph3D] Creating simulation: [33m3[39m nodes
[Graph3D] createGraphSimulation called: { hasObjectManager: [33mtrue[39m, hasScene: [33mtrue[39m, nodeCount: [33m3[39m, linkCount: [33m1[39m }
[Graph3D] Clearing existing objects...
[Graph3D] Calling createSimulation...
[Graph3D] Simulation created, setting up event handlers...
[Graph3D] Data changed: {
  nodesLen: [33m3[39m,
  linksLen: [33m1[39m,
  key: [33m1776869872262[39m,
  timestamp: [33m1776869871259[39m
}
[Graph3D] Creating simulation: [33m3[39m nodes
[Graph3D] createGraphSimulation called: { hasObjectManager: [33mtrue[39m, hasScene: [33mtrue[39m, nodeCount: [33m3[39m, linkCount: [33m1[39m }
[Graph3D] Clearing existing objects...
[Graph3D] Calling createSimulation...
[Graph3D] Simulation created, setting up event handlers...
[Graph3D] Data changed: {
  nodesLen: [33m3[39m,
  linksLen: [33m1[39m,
  key: [33m1776869872319[39m,
  timestamp: [33m1776869871316[39m
}
[Graph3D] Creating simulation: [33m3[39m nodes
[Graph3D] createGraphSimulation called: { hasObjectManager: [33mtrue[39m, hasScene: [33mtrue[39m, nodeCount: [33m3[39m, linkCount: [33m1[39m }
[Graph3D] Clearing existing objects...
[Graph3D] Calling createSimulation...
[Graph3D] Simulation created, setting up event handlers...
[Graph3D] Data changed: {
  nodesLen: [33m3[39m,
  linksLen: [33m1[39m,
  key: [33m1776869872374[39m,
  timestamp: [33m1776869871371[39m
}
[Graph3D] Creating simulation: [33m3[39m nodes
[Graph3D] createGraphSimulation called: { hasObjectManager: [33mtrue[39m, hasScene: [33mtrue[39m, nodeCount: [33m3[39m, linkCount: [33m1[39m }
[Graph3D] Clearing existing objects...
[Graph3D] Calling createSimulation...
[Graph3D] Simulation created, setting up event handlers...
[Graph3D] Data changed: {
  nodesLen: [33m3[39m,
  linksLen: [33m1[39m,
  key: [33m1776869872431[39m,
  timestamp: [33m1776869871428[39m
}
[Graph3D] Creating simulation: [33m3[39m nodes
[Graph3D] createGraphSimulation called: { hasObjectManager: [33mtrue[39m, hasScene: [33mtrue[39m, nodeCount: [33m3[39m, linkCount: [33m1[39m }
[Graph3D] Clearing existing objects...
[Graph3D] Calling createSimulation...
[Graph3D] Simulation created, setting up event handlers...
[Graph3D] Data changed: {
  nodesLen: [33m3[39m,
  linksLen: [33m1[39m,
  key: [33m1776869872490[39m,
  timestamp: [33m1776869871487[39m
}
[Graph3D] Creating simulation: [33m3[39m nodes
[Graph3D] createGraphSimulation called: { hasObjectManager: [33mtrue[39m, hasScene: [33mtrue[39m, nodeCount: [33m3[39m, linkCount: [33m1[39m }
[Graph3D] Clearing existing objects...
[Graph3D] Calling createSimulation...
[Graph3D] Simulation created, setting up event handlers...
[Graph3D] Data changed: {
  nodesLen: [33m3[39m,
  linksLen: [33m1[39m,
  key: [33m1776869872546[39m,
  timestamp: [33m1776869871543[39m
}
[Graph3D] Creating simulation: [33m3[39m nodes
[Graph3D] createGraphSimulation called: { hasObjectManager: [33mtrue[39m, hasScene: [33mtrue[39m, nodeCount: [33m3[39m, linkCount: [33m1[39m }
[Graph3D] Clearing existing objects...
[Graph3D] Calling createSimulation...
[Graph3D] Simulation created, setting up event handlers...
[Graph3D] Data changed: {
  nodesLen: [33m3[39m,
  linksLen: [33m1[39m,
  key: [33m1776869872601[39m,
  timestamp: [33m1776869871598[39m
}
[Graph3D] Creating simulation: [33m3[39m nodes
[Graph3D] createGraphSimulation called: { hasObjectManager: [33mtrue[39m, hasScene: [33mtrue[39m, nodeCount: [33m3[39m, linkCount: [33m1[39m }
[Graph3D] Clearing existing objects...
[Graph3D] Calling createSimulation...
[Graph3D] Simulation created, setting up event handlers...
[Graph3D] Data changed: {
  nodesLen: [33m3[39m,
  linksLen: [33m1[39m,
  key: [33m1776869872655[39m,
  timestamp: [33m1776869871652[39m
}
[Graph3D] Creating simulation: [33m3[39m nodes
[Graph3D] createGraphSimulation called: { hasObjectManager: [33mtrue[39m, hasScene: [33mtrue[39m, nodeCount: [33m3[39m, linkCount: [33m1[39m }
[Graph3D] Clearing existing objects...
[Graph3D] Calling createSimulation...
[Graph3D] Simulation created, setting up event handlers...
[Graph3D] Data changed: {
  nodesLen: [33m3[39m,
  linksLen: [33m1[39m,
  key: [33m1776869872712[39m,
  timestamp: [33m1776869871709[39m
}
[Graph3D] Creating simulation: [33m3[39m nodes
[Graph3D] createGraphSimulation called: { hasObjectManager: [33mtrue[39m, hasScene: [33mtrue[39m, nodeCount: [33m3[39m, linkCount: [33m1[39m }
[Graph3D] Clearing existing objects...
[Graph3D] Calling createSimulation...
[Graph3D] Simulation created, setting up event handlers...
[Graph3D] Data changed: {
  nodesLen: [33m3[39m,
  linksLen: [33m1[39m,
  key: [33m1776869872767[39m,
  timestamp: [33m1776869871764[39m
}
[Graph3D] Creating simulation: [33m3[39m nodes
[Graph3D] createGraphSimulation called: { hasObjectManager: [33mtrue[39m, hasScene: [33mtrue[39m, nodeCount: [33m3[39m, linkCount: [33m1[39m }
[Graph3D] Clearing existing objects...
[Graph3D] Calling createSimulation...
[Graph3D] Simulation created, setting up event handlers...
[Graph3D] Data changed: {
  nodesLen: [33m3[39m,
  linksLen: [33m1[39m,
  key: [33m1776869872825[39m,
  timestamp: [33m1776869871822[39m
}
[Graph3D] Creating simulation: [33m3[39m nodes
[Graph3D] createGraphSimulation called: { hasObjectManager: [33mtrue[39m, hasScene: [33mtrue[39m, nodeCount: [33m3[39m, linkCount: [33m1[39m }
[Graph3D] Clearing existing objects...
[Graph3D] Calling createSimulation...
[Graph3D] Simulation created, setting up event handlers...
[Graph3D] Data changed: {
  nodesLen: [33m3[39m,
  linksLen: [33m1[39m,
  key: [33m1776869872879[39m,
  timestamp: [33m1776869871876[39m
}
[Graph3D] Creating simulation: [33m3[39m nodes
[Graph3D] createGraphSimulation called: { hasObjectManager: [33mtrue[39m, hasScene: [33mtrue[39m, nodeCount: [33m3[39m, linkCount: [33m1[39m }
[Graph3D] Clearing existing objects...
[Graph3D] Calling createSimulation...
[Graph3D] Simulation created, setting up event handlers...
[Graph3D] Data changed: {
  nodesLen: [33m3[39m,
  linksLen: [33m1[39m,
  key: [33m1776869872935[39m,
  timestamp: [33m1776869871932[39m
}
[Graph3D] Creating simulation: [33m3[39m nodes
[Graph3D] createGraphSimulation called: { hasObjectManager: [33mtrue[39m, hasScene: [33mtrue[39m, nodeCount: [33m3[39m, linkCount: [33m1[39m }
[Graph3D] Clearing existing objects...
[Graph3D] Calling createSimulation...
[Graph3D] Simulation created, setting up event handlers...
[Graph3D] Data changed: {
  nodesLen: [33m3[39m,
  linksLen: [33m1[39m,
  key: [33m1776869872989[39m,
  timestamp: [33m1776869871986[39m
}
[Graph3D] Creating simulation: [33m3[39m nodes
[Graph3D] createGraphSimulation called: { hasObjectManager: [33mtrue[39m, hasScene: [33mtrue[39m, nodeCount: [33m3[39m, linkCount: [33m1[39m }
[Graph3D] Clearing existing objects...
[Graph3D] Calling createSimulation...
[Graph3D] Simulation created, setting up event handlers...
[Graph3D] Data changed: {
  nodesLen: [33m3[39m,
  linksLen: [33m1[39m,
  key: [33m1776869873045[39m,
  timestamp: [33m1776869872042[39m
}
[Graph3D] Creating simulation: [33m3[39m nodes
[Graph3D] createGraphSimulation called: { hasObjectManager: [33mtrue[39m, hasScene: [33mtrue[39m, nodeCount: [33m3[39m, linkCount: [33m1[39m }
[Graph3D] Clearing existing objects...
[Graph3D] Calling createSimulation...
[Graph3D] Simulation created, setting up event handlers...
[Graph3D] Data changed: {
  nodesLen: [33m3[39m,
  linksLen: [33m1[39m,
  key: [33m1776869873102[39m,
  timestamp: [33m1776869872099[39m
}
[Graph3D] Creating simulation: [33m3[39m nodes
[Graph3D] createGraphSimulation called: { hasObjectManager: [33mtrue[39m, hasScene: [33mtrue[39m, nodeCount: [33m3[39m, linkCount: [33m1[39m }
[Graph3D] Clearing existing objects...
[Graph3D] Calling createSimulation...
[Graph3D] Simulation created, setting up event handlers...
[Graph3D] Data changed: {
  nodesLen: [33m3[39m,
  linksLen: [33m1[39m,
  key: [33m1776869873159[39m,
  timestamp: [33m1776869872156[39m
}
[Graph3D] Creating simulation: [33m3[39m nodes
[Graph3D] createGraphSimulation called: { hasObjectManager: [33mtrue[39m, hasScene: [33mtrue[39m, nodeCount: [33m3[39m, linkCount: [33m1[39m }
[Graph3D] Clearing existing objects...
[Graph3D] Calling createSimulation...
[Graph3D] Simulation created, setting up event handlers...
[Graph3D] Data changed: {
  nodesLen: [33m3[39m,
  linksLen: [33m1[39m,
  key: [33m1776869873217[39m,
  timestamp: [33m1776869872214[39m
}
[Graph3D] Creating simulation: [33m3[39m nodes
[Graph3D] createGraphSimulation called: { hasObjectManager: [33mtrue[39m, hasScene: [33mtrue[39m, nodeCount: [33m3[39m, linkCount: [33m1[39m }
[Graph3D] Clearing existing objects...
[Graph3D] Calling createSimulation...
[Graph3D] Simulation created, setting up event handlers...
[Graph3D] Data changed: {
  nodesLen: [33m3[39m,
  linksLen: [33m1[39m,
  key: [33m1776869873274[39m,
  timestamp: [33m1776869872271[39m
}
[Graph3D] Creating simulation: [33m3[39m nodes
[Graph3D] createGraphSimulation called: { hasObjectManager: [33mtrue[39m, hasScene: [33mtrue[39m, nodeCount: [33m3[39m, linkCount: [33m1[39m }
[Graph3D] Clearing existing objects...
[Graph3D] Calling createSimulation...
[Graph3D] Simulation created, setting up event handlers...
[Graph3D] Data changed: {
  nodesLen: [33m3[39m,
  linksLen: [33m1[39m,
  key: [33m1776869873339[39m,
  timestamp: [33m1776869872336[39m
}
[Graph3D] Creating simulation: [33m3[39m nodes
[Graph3D] createGraphSimulation called: { hasObjectManager: [33mtrue[39m, hasScene: [33mtrue[39m, nodeCount: [33m3[39m, linkCount: [33m1[39m }
[Graph3D] Clearing existing objects...
[Graph3D] Calling createSimulation...
[Graph3D] Simulation created, setting up event handlers...
[Graph3D] Data changed: {
  nodesLen: [33m3[39m,
  linksLen: [33m1[39m,
  key: [33m1776869873400[39m,
  timestamp: [33m1776869872397[39m
}
[Graph3D] Creating simulation: [33m3[39m nodes
[Graph3D] createGraphSimulation called: { hasObjectManager: [33mtrue[39m, hasScene: [33mtrue[39m, nodeCount: [33m3[39m, linkCount: [33m1[39m }
[Graph3D] Clearing existing objects...
[Graph3D] Calling createSimulation...
[Graph3D] Simulation created, setting up event handlers...
[Graph3D] Data changed: {
  nodesLen: [33m3[39m,
  linksLen: [33m1[39m,
  key: [33m1776869873458[39m,
  timestamp: [33m1776869872455[39m
}
[Graph3D] Creating simulation: [33m3[39m nodes
[Graph3D] createGraphSimulation called: { hasObjectManager: [33mtrue[39m, hasScene: [33mtrue[39m, nodeCount: [33m3[39m, linkCount: [33m1[39m }
[Graph3D] Clearing existing objects...
[Graph3D] Calling createSimulation...
[Graph3D] Simulation created, setting up event handlers...
[Graph3D] Data changed: {
  nodesLen: [33m3[39m,
  linksLen: [33m1[39m,
  key: [33m1776869873519[39m,
  timestamp: [33m1776869872516[39m
}
[Graph3D] Creating simulation: [33m3[39m nodes
[Graph3D] createGraphSimulation called: { hasObjectManager: [33mtrue[39m, hasScene: [33mtrue[39m, nodeCount: [33m3[39m, linkCount: [33m1[39m }
[Graph3D] Clearing existing objects...
[Graph3D] Calling createSimulation...
[Graph3D] Simulation created, setting up event handlers...
[Graph3D] Data changed: {
  nodesLen: [33m3[39m,
  linksLen: [33m1[39m,
  key: [33m1776869873577[39m,
  timestamp: [33m1776869872574[39m
}
[Graph3D] Creating simulation: [33m3[39m nodes
[Graph3D] createGraphSimulation called: { hasObjectManager: [33mtrue[39m, hasScene: [33mtrue[39m, nodeCount: [33m3[39m, linkCount: [33m1[39m }
[Graph3D] Clearing existing objects...
[Graph3D] Calling createSimulation...
[Graph3D] Simulation created, setting up event handlers...
[Graph3D] Data changed: {
  nodesLen: [33m3[39m,
  linksLen: [33m1[39m,
  key: [33m1776869873633[39m,
  timestamp: [33m1776869872630[39m
}
[Graph3D] Creating simulation: [33m3[39m nodes
[Graph3D] createGraphSimulation called: { hasObjectManager: [33mtrue[39m, hasScene: [33mtrue[39m, nodeCount: [33m3[39m, linkCount: [33m1[39m }
[Graph3D] Clearing existing objects...
[Graph3D] Calling createSimulation...
[Graph3D] Simulation created, setting up event handlers...
[Graph3D] Data changed: {
  nodesLen: [33m3[39m,
  linksLen: [33m1[39m,
  key: [33m1776869873694[39m,
  timestamp: [33m1776869872691[39m
}
[Graph3D] Creating simulation: [33m3[39m nodes
[Graph3D] createGraphSimulation called: { hasObjectManager: [33mtrue[39m, hasScene: [33mtrue[39m, nodeCount: [33m3[39m, linkCount: [33m1[39m }
[Graph3D] Clearing existing objects...
[Graph3D] Calling createSimulation...
[Graph3D] Simulation created, setting up event handlers...
[Graph3D] Data changed: {
  nodesLen: [33m3[39m,
  linksLen: [33m1[39m,
  key: [33m1776869873753[39m,
  timestamp: [33m1776869872750[39m
}
[Graph3D] Creating simulation: [33m3[39m nodes
[Graph3D] createGraphSimulation called: { hasObjectManager: [33mtrue[39m, hasScene: [33mtrue[39m, nodeCount: [33m3[39m, linkCount: [33m1[39m }
[Graph3D] Clearing existing objects...
[Graph3D] Calling createSimulation...
[Graph3D] Simulation created, setting up event handlers...
[Graph3D] Data changed: {
  nodesLen: [33m3[39m,
  linksLen: [33m1[39m,
  key: [33m1776869873808[39m,
  timestamp: [33m1776869872805[39m
}
[Graph3D] Creating simulation: [33m3[39m nodes
[Graph3D] createGraphSimulation called: { hasObjectManager: [33mtrue[39m, hasScene: [33mtrue[39m, nodeCount: [33m3[39m, linkCount: [33m1[39m }
[Graph3D] Clearing existing objects...
[Graph3D] Calling createSimulation...
[Graph3D] Simulation created, setting up event handlers...
[Graph3D] Data changed: {
  nodesLen: [33m3[39m,
  linksLen: [33m1[39m,
  key: [33m1776869873867[39m,
  timestamp: [33m1776869872864[39m
}
[Graph3D] Creating simulation: [33m3[39m nodes
[Graph3D] createGraphSimulation called: { hasObjectManager: [33mtrue[39m, hasScene: [33mtrue[39m, nodeCount: [33m3[39m, linkCount: [33m1[39m }
[Graph3D] Clearing existing objects...
[Graph3D] Calling createSimulation...
[Graph3D] Simulation created, setting up event handlers...
[Graph3D] Data changed: {
  nodesLen: [33m3[39m,
  linksLen: [33m1[39m,
  key: [33m1776869873923[39m,
  timestamp: [33m1776869872920[39m
}
[Graph3D] Creating simulation: [33m3[39m nodes
[Graph3D] createGraphSimulation called: { hasObjectManager: [33mtrue[39m, hasScene: [33mtrue[39m, nodeCount: [33m3[39m, linkCount: [33m1[39m }
[Graph3D] Clearing existing objects...
[Graph3D] Calling createSimulation...
[Graph3D] Simulation created, setting up event handlers...
[Graph3D] Data changed: {
  nodesLen: [33m3[39m,
  linksLen: [33m1[39m,
  key: [33m1776869873982[39m,
  timestamp: [33m1776869872979[39m
}
[Graph3D] Creating simulation: [33m3[39m nodes
[Graph3D] createGraphSimulation called: { hasObjectManager: [33mtrue[39m, hasScene: [33mtrue[39m, nodeCount: [33m3[39m, linkCount: [33m1[39m }
[Graph3D] Clearing existing objects...
[Graph3D] Calling createSimulation...
[Graph3D] Simulation created, setting up event handlers...
[Graph3D] Data changed: {
  nodesLen: [33m3[39m,
  linksLen: [33m1[39m,
  key: [33m1776869874040[39m,
  timestamp: [33m1776869873037[39m
}
[Graph3D] Creating simulation: [33m3[39m nodes
[Graph3D] createGraphSimulation called: { hasObjectManager: [33mtrue[39m, hasScene: [33mtrue[39m, nodeCount: [33m3[39m, linkCount: [33m1[39m }
[Graph3D] Clearing existing objects...
[Graph3D] Calling createSimulation...
[Graph3D] Simulation created, setting up event handlers...
[Graph3D] Data changed: {
  nodesLen: [33m3[39m,
  linksLen: [33m1[39m,
  key: [33m1776869874107[39m,
  timestamp: [33m1776869873104[39m
}
[Graph3D] Creating simulation: [33m3[39m nodes
[Graph3D] createGraphSimulation called: { hasObjectManager: [33mtrue[39m, hasScene: [33mtrue[39m, nodeCount: [33m3[39m, linkCount: [33m1[39m }
[Graph3D] Clearing existing objects...
[Graph3D] Calling createSimulation...
[Graph3D] Simulation created, setting up event handlers...
[Graph3D] Data changed: {
  nodesLen: [33m3[39m,
  linksLen: [33m1[39m,
  key: [33m1776869874166[39m,
  timestamp: [33m1776869873163[39m
}
[Graph3D] Creating simulation: [33m3[39m nodes
[Graph3D] createGraphSimulation called: { hasObjectManager: [33mtrue[39m, hasScene: [33mtrue[39m, nodeCount: [33m3[39m, linkCount: [33m1[39m }
[Graph3D] Clearing existing objects...
[Graph3D] Calling createSimulation...
[Graph3D] Simulation created, setting up event handlers...
[Graph3D] Data changed: {
  nodesLen: [33m3[39m,
  linksLen: [33m1[39m,
  key: [33m1776869874226[39m,
  timestamp: [33m1776869873223[39m
}
[Graph3D] Creating simulation: [33m3[39m nodes
[Graph3D] createGraphSimulation called: { hasObjectManager: [33mtrue[39m, hasScene: [33mtrue[39m, nodeCount: [33m3[39m, linkCount: [33m1[39m }
[Graph3D] Clearing existing objects...
[Graph3D] Calling createSimulation...
[Graph3D] Simulation created, setting up event handlers...
[Graph3D] Data changed: {
  nodesLen: [33m3[39m,
  linksLen: [33m1[39m,
  key: [33m1776869874285[39m,
  timestamp: [33m1776869873282[39m
}
[Graph3D] Creating simulation: [33m3[39m nodes
[Graph3D] createGraphSimulation called: { hasObjectManager: [33mtrue[39m, hasScene: [33mtrue[39m, nodeCount: [33m3[39m, linkCount: [33m1[39m }
[Graph3D] Clearing existing objects...
[Graph3D] Calling createSimulation...
[Graph3D] Simulation created, setting up event handlers...
[Graph3D] Data changed: {
  nodesLen: [33m3[39m,
  linksLen: [33m1[39m,
  key: [33m1776869874345[39m,
  timestamp: [33m1776869873342[39m
}
[Graph3D] Creating simulation: [33m3[39m nodes
[Graph3D] createGraphSimulation called: { hasObjectManager: [33mtrue[39m, hasScene: [33mtrue[39m, nodeCount: [33m3[39m, linkCount: [33m1[39m }
[Graph3D] Clearing existing objects...
[Graph3D] Calling createSimulation...
[Graph3D] Simulation created, setting up event handlers...
[Graph3D] Data changed: {
  nodesLen: [33m3[39m,
  linksLen: [33m1[39m,
  key: [33m1776869874405[39m,
  timestamp: [33m1776869873402[39m
}
[Graph3D] Creating simulation: [33m3[39m nodes
[Graph3D] createGraphSimulation called: { hasObjectManager: [33mtrue[39m, hasScene: [33mtrue[39m, nodeCount: [33m3[39m, linkCount: [33m1[39m }
[Graph3D] Clearing existing objects...
[Graph3D] Calling createSimulation...
[Graph3D] Simulation created, setting up event handlers...
[Graph3D] Data changed: {
  nodesLen: [33m3[39m,
  linksLen: [33m1[39m,
  key: [33m1776869874465[39m,
  timestamp: [33m1776869873462[39m
}
[Graph3D] Creating simulation: [33m3[39m nodes
[Graph3D] createGraphSimulation called: { hasObjectManager: [33mtrue[39m, hasScene: [33mtrue[39m, nodeCount: [33m3[39m, linkCount: [33m1[39m }
[Graph3D] Clearing existing objects...
[Graph3D] Calling createSimulation...
[Graph3D] Simulation created, setting up event handlers...
[Graph3D] Data changed: {
  nodesLen: [33m3[39m,
  linksLen: [33m1[39m,
  key: [33m1776869874522[39m,
  timestamp: [33m1776869873519[39m
}
[Graph3D] Creating simulation: [33m3[39m nodes
[Graph3D] createGraphSimulation called: { hasObjectManager: [33mtrue[39m, hasScene: [33mtrue[39m, nodeCount: [33m3[39m, linkCount: [33m1[39m }
[Graph3D] Clearing existing objects...
[Graph3D] Calling createSimulation...
[Graph3D] Simulation created, setting up event handlers...
[Graph3D] Data changed: {
  nodesLen: [33m3[39m,
  linksLen: [33m1[39m,
  key: [33m1776869874585[39m,
  timestamp: [33m1776869873582[39m
}
[Graph3D] Creating simulation: [33m3[39m nodes
[Graph3D] createGraphSimulation called: { hasObjectManager: [33mtrue[39m, hasScene: [33mtrue[39m, nodeCount: [33m3[39m, linkCount: [33m1[39m }
[Graph3D] Clearing existing objects...
[Graph3D] Calling createSimulation...
[Graph3D] Simulation created, setting up event handlers...
[Graph3D] Data changed: {
  nodesLen: [33m3[39m,
  linksLen: [33m1[39m,
  key: [33m1776869874645[39m,
  timestamp: [33m1776869873642[39m
}
[Graph3D] Creating simulation: [33m3[39m nodes
[Graph3D] createGraphSimulation called: { hasObjectManager: [33mtrue[39m, hasScene: [33mtrue[39m, nodeCount: [33m3[39m, linkCount: [33m1[39m }
[Graph3D] Clearing existing objects...
[Graph3D] Calling createSimulation...
[Graph3D] Simulation created, setting up event handlers...
[Graph3D] Data changed: {
  nodesLen: [33m3[39m,
  linksLen: [33m1[39m,
  key: [33m1776869874702[39m,
  timestamp: [33m1776869873699[39m
}
[Graph3D] Creating simulation: [33m3[39m nodes
[Graph3D] createGraphSimulation called: { hasObjectManager: [33mtrue[39m, hasScene: [33mtrue[39m, nodeCount: [33m3[39m, linkCount: [33m1[39m }
[Graph3D] Clearing existing objects...
[Graph3D] Calling createSimulation...
[Graph3D] Simulation created, setting up event handlers...
[Graph3D] Data changed: {
  nodesLen: [33m3[39m,
  linksLen: [33m1[39m,
  key: [33m1776869874761[39m,
  timestamp: [33m1776869873758[39m
}
[Graph3D] Creating simulation: [33m3[39m nodes
[Graph3D] createGraphSimulation called: { hasObjectManager: [33mtrue[39m, hasScene: [33mtrue[39m, nodeCount: [33m3[39m, linkCount: [33m1[39m }
[Graph3D] Clearing existing objects...
[Graph3D] Calling createSimulation...
[Graph3D] Simulation created, setting up event handlers...
[Graph3D] Data changed: {
  nodesLen: [33m3[39m,
  linksLen: [33m1[39m,
  key: [33m1776869874820[39m,
  timestamp: [33m1776869873817[39m
}
[Graph3D] Creating simulation: [33m3[39m nodes
[Graph3D] createGraphSimulation called: { hasObjectManager: [33mtrue[39m, hasScene: [33mtrue[39m, nodeCount: [33m3[39m, linkCount: [33m1[39m }
[Graph3D] Clearing existing objects...
[Graph3D] Calling createSimulation...
[Graph3D] Simulation created, setting up event handlers...
[Graph3D] Data changed: {
  nodesLen: [33m3[39m,
  linksLen: [33m1[39m,
  key: [33m1776869874878[39m,
  timestamp: [33m1776869873875[39m
}
[Graph3D] Creating simulation: [33m3[39m nodes
[Graph3D] createGraphSimulation called: { hasObjectManager: [33mtrue[39m, hasScene: [33mtrue[39m, nodeCount: [33m3[39m, linkCount: [33m1[39m }
[Graph3D] Clearing existing objects...
[Graph3D] Calling createSimulation...
[Graph3D] Simulation created, setting up event handlers...
[Graph3D] Data changed: {
  nodesLen: [33m3[39m,
  linksLen: [33m1[39m,
  key: [33m1776869874937[39m,
  timestamp: [33m1776869873934[39m
}
[Graph3D] Creating simulation: [33m3[39m nodes
[Graph3D] createGraphSimulation called: { hasObjectManager: [33mtrue[39m, hasScene: [33mtrue[39m, nodeCount: [33m3[39m, linkCount: [33m1[39m }
[Graph3D] Clearing existing objects...
[Graph3D] Calling createSimulation...
[Graph3D] Simulation created, setting up event handlers...
[Graph3D] Data changed: {
  nodesLen: [33m3[39m,
  linksLen: [33m1[39m,
  key: [33m1776869875000[39m,
  timestamp: [33m1776869873997[39m
}
[Graph3D] Creating simulation: [33m3[39m nodes
[Graph3D] createGraphSimulation called: { hasObjectManager: [33mtrue[39m, hasScene: [33mtrue[39m, nodeCount: [33m3[39m, linkCount: [33m1[39m }
[Graph3D] Clearing existing objects...
[Graph3D] Calling createSimulation...
[Graph3D] Simulation created, setting up event handlers...
[Graph3D] Data changed: {
  nodesLen: [33m3[39m,
  linksLen: [33m1[39m,
  key: [33m1776869875059[39m,
  timestamp: [33m1776869874056[39m
}
[Graph3D] Creating simulation: [33m3[39m nodes
[Graph3D] createGraphSimulation called: { hasObjectManager: [33mtrue[39m, hasScene: [33mtrue[39m, nodeCount: [33m3[39m, linkCount: [33m1[39m }
[Graph3D] Clearing existing objects...
[Graph3D] Calling createSimulation...
[Graph3D] Simulation created, setting up event handlers...
[Graph3D] Data changed: {
  nodesLen: [33m3[39m,
  linksLen: [33m1[39m,
  key: [33m1776869875114[39m,
  timestamp: [33m1776869874111[39m
}
[Graph3D] Creating simulation: [33m3[39m nodes
[Graph3D] createGraphSimulation called: { hasObjectManager: [33mtrue[39m, hasScene: [33mtrue[39m, nodeCount: [33m3[39m, linkCount: [33m1[39m }
[Graph3D] Clearing existing objects...
[Graph3D] Calling createSimulation...
[Graph3D] Simulation created, setting up event handlers...
[Graph3D] Data changed: {
  nodesLen: [33m3[39m,
  linksLen: [33m1[39m,
  key: [33m1776869875175[39m,
  timestamp: [33m1776869874172[39m
}
[Graph3D] Creating simulation: [33m3[39m nodes
[Graph3D] createGraphSimulation called: { hasObjectManager: [33mtrue[39m, hasScene: [33mtrue[39m, nodeCount: [33m3[39m, linkCount: [33m1[39m }
[Graph3D] Clearing existing objects...
[Graph3D] Calling createSimulation...
[Graph3D] Simulation created, setting up event handlers...
[Graph3D] Data changed: {
  nodesLen: [33m3[39m,
  linksLen: [33m1[39m,
  key: [33m1776869875235[39m,
  timestamp: [33m1776869874232[39m
}
[Graph3D] Creating simulation: [33m3[39m nodes
[Graph3D] createGraphSimulation called: { hasObjectManager: [33mtrue[39m, hasScene: [33mtrue[39m, nodeCount: [33m3[39m, linkCount: [33m1[39m }
[Graph3D] Clearing existing objects...
[Graph3D] Calling createSimulation...
[Graph3D] Simulation created, setting up event handlers...
[Graph3D] Data changed: {
  nodesLen: [33m3[39m,
  linksLen: [33m1[39m,
  key: [33m1776869875295[39m,
  timestamp: [33m1776869874292[39m
}
[Graph3D] Creating simulation: [33m3[39m nodes
[Graph3D] createGraphSimulation called: { hasObjectManager: [33mtrue[39m, hasScene: [33mtrue[39m, nodeCount: [33m3[39m, linkCount: [33m1[39m }
[Graph3D] Clearing existing objects...
[Graph3D] Calling createSimulation...
[Graph3D] Simulation created, setting up event handlers...
[Graph3D] Data changed: {
  nodesLen: [33m3[39m,
  linksLen: [33m1[39m,
  key: [33m1776869875355[39m,
  timestamp: [33m1776869874352[39m
}
[Graph3D] Creating simulation: [33m3[39m nodes
[Graph3D] createGraphSimulation called: { hasObjectManager: [33mtrue[39m, hasScene: [33mtrue[39m, nodeCount: [33m3[39m, linkCount: [33m1[39m }
[Graph3D] Clearing existing objects...
[Graph3D] Calling createSimulation...
[Graph3D] Simulation created, setting up event handlers...
[Graph3D] Data changed: {
  nodesLen: [33m3[39m,
  linksLen: [33m1[39m,
  key: [33m1776869875417[39m,
  timestamp: [33m1776869874414[39m
}
[Graph3D] Creating simulation: [33m3[39m nodes
[Graph3D] createGraphSimulation called: { hasObjectManager: [33mtrue[39m, hasScene: [33mtrue[39m, nodeCount: [33m3[39m, linkCount: [33m1[39m }
[Graph3D] Clearing existing objects...
[Graph3D] Calling createSimulation...
[Graph3D] Simulation created, setting up event handlers...
[Graph3D] Data changed: {
  nodesLen: [33m3[39m,
  linksLen: [33m1[39m,
  key: [33m1776869875476[39m,
  timestamp: [33m1776869874473[39m
}
[Graph3D] Creating simulation: [33m3[39m nodes
[Graph3D] createGraphSimulation called: { hasObjectManager: [33mtrue[39m, hasScene: [33mtrue[39m, nodeCount: [33m3[39m, linkCount: [33m1[39m }
[Graph3D] Clearing existing objects...
[Graph3D] Calling createSimulation...
[Graph3D] Simulation created, setting up event handlers...
[Graph3D] Data changed: {
  nodesLen: [33m3[39m,
  linksLen: [33m1[39m,
  key: [33m1776869875536[39m,
  timestamp: [33m1776869874533[39m
}
[Graph3D] Creating simulation: [33m3[39m nodes
[Graph3D] createGraphSimulation called: { hasObjectManager: [33mtrue[39m, hasScene: [33mtrue[39m, nodeCount: [33m3[39m, linkCount: [33m1[39m }
[Graph3D] Clearing existing objects...
[Graph3D] Calling createSimulation...
[Graph3D] Simulation created, setting up event handlers...
[Graph3D] Data changed: {
  nodesLen: [33m3[39m,
  linksLen: [33m1[39m,
  key: [33m1776869875595[39m,
  timestamp: [33m1776869874592[39m
}
[Graph3D] Creating simulation: [33m3[39m nodes
[Graph3D] createGraphSimulation called: { hasObjectManager: [33mtrue[39m, hasScene: [33mtrue[39m, nodeCount: [33m3[39m, linkCount: [33m1[39m }
[Graph3D] Clearing existing objects...
[Graph3D] Calling createSimulation...
[Graph3D] Simulation created, setting up event handlers...
[Graph3D] Data changed: {
  nodesLen: [33m3[39m,
  linksLen: [33m1[39m,
  key: [33m1776869875656[39m,
  timestamp: [33m1776869874653[39m
}
[Graph3D] Creating simulation: [33m3[39m nodes
[Graph3D] createGraphSimulation called: { hasObjectManager: [33mtrue[39m, hasScene: [33mtrue[39m, nodeCount: [33m3[39m, linkCount: [33m1[39m }
[Graph3D] Clearing existing objects...
[Graph3D] Calling createSimulation...
[Graph3D] Simulation created, setting up event handlers...
[Graph3D] Data changed: {
  nodesLen: [33m3[39m,
  linksLen: [33m1[39m,
  key: [33m1776869875740[39m,
  timestamp: [33m1776869874737[39m
}
[Graph3D] Creating simulation: [33m3[39m nodes
[Graph3D] createGraphSimulation called: { hasObjectManager: [33mtrue[39m, hasScene: [33mtrue[39m, nodeCount: [33m3[39m, linkCount: [33m1[39m }
[Graph3D] Clearing existing objects...
[Graph3D] Calling createSimulation...
[Graph3D] Simulation created, setting up event handlers...
[Graph3D] Data changed: {
  nodesLen: [33m3[39m,
  linksLen: [33m1[39m,
  key: [33m1776869875801[39m,
  timestamp: [33m1776869874798[39m
}
[Graph3D] Creating simulation: [33m3[39m nodes
[Graph3D] createGraphSimulation called: { hasObjectManager: [33mtrue[39m, hasScene: [33mtrue[39m, nodeCount: [33m3[39m, linkCount: [33m1[39m }
[Graph3D] Clearing existing objects...
[Graph3D] Calling createSimulation...
[Graph3D] Simulation created, setting up event handlers...
[Graph3D] Data changed: {
  nodesLen: [33m3[39m,
  linksLen: [33m1[39m,
  key: [33m1776869875863[39m,
  timestamp: [33m1776869874860[39m
}
[Graph3D] Creating simulation: [33m3[39m nodes
[Graph3D] createGraphSimulation called: { hasObjectManager: [33mtrue[39m, hasScene: [33mtrue[39m, nodeCount: [33m3[39m, linkCount: [33m1[39m }
[Graph3D] Clearing existing objects...
[Graph3D] Calling createSimulation...
[Graph3D] Simulation created, setting up event handlers...
[Graph3D] Data changed: {
  nodesLen: [33m3[39m,
  linksLen: [33m1[39m,
  key: [33m1776869875922[39m,
  timestamp: [33m1776869874919[39m
}
[Graph3D] Creating simulation: [33m3[39m nodes
[Graph3D] createGraphSimulation called: { hasObjectManager: [33mtrue[39m, hasScene: [33mtrue[39m, nodeCount: [33m3[39m, linkCount: [33m1[39m }
[Graph3D] Clearing existing objects...
[Graph3D] Calling createSimulation...
[Graph3D] Simulation created, setting up event handlers...
[Graph3D] Data changed: {
  nodesLen: [33m3[39m,
  linksLen: [33m1[39m,
  key: [33m1776869875982[39m,
  timestamp: [33m1776869874979[39m
}
[Graph3D] Creating simulation: [33m3[39m nodes
[Graph3D] createGraphSimulation called: { hasObjectManager: [33mtrue[39m, hasScene: [33mtrue[39m, nodeCount: [33m3[39m, linkCount: [33m1[39m }
[Graph3D] Clearing existing objects...
[Graph3D] Calling createSimulation...
[Graph3D] Simulation created, setting up event handlers...
[Graph3D] Data changed: {
  nodesLen: [33m3[39m,
  linksLen: [33m1[39m,
  key: [33m1776869876045[39m,
  timestamp: [33m1776869875042[39m
}
[Graph3D] Creating simulation: [33m3[39m nodes
[Graph3D] createGraphSimulation called: { hasObjectManager: [33mtrue[39m, hasScene: [33mtrue[39m, nodeCount: [33m3[39m, linkCount: [33m1[39m }
[Graph3D] Clearing existing objects...
[Graph3D] Calling createSimulation...
[Graph3D] Simulation created, setting up event handlers...
[Graph3D] Data changed: {
  nodesLen: [33m3[39m,
  linksLen: [33m1[39m,
  key: [33m1776869876112[39m,
  timestamp: [33m1776869875109[39m
}
[Graph3D] Creating simulation: [33m3[39m nodes
[Graph3D] createGraphSimulation called: { hasObjectManager: [33mtrue[39m, hasScene: [33mtrue[39m, nodeCount: [33m3[39m, linkCount: [33m1[39m }
[Graph3D] Clearing existing objects...
[Graph3D] Calling createSimulation...
[Graph3D] Simulation created, setting up event handlers...
[Graph3D] Data changed: {
  nodesLen: [33m3[39m,
  linksLen: [33m1[39m,
  key: [33m1776869876177[39m,
  timestamp: [33m1776869875174[39m
}
[Graph3D] Creating simulation: [33m3[39m nodes
[Graph3D] createGraphSimulation called: { hasObjectManager: [33mtrue[39m, hasScene: [33mtrue[39m, nodeCount: [33m3[39m, linkCount: [33m1[39m }
[Graph3D] Clearing existing objects...
[Graph3D] Calling createSimulation...
[Graph3D] Simulation created, setting up event handlers...
[Graph3D] Data changed: {
  nodesLen: [33m3[39m,
  linksLen: [33m1[39m,
  key: [33m1776869876235[39m,
  timestamp: [33m1776869875232[39m
}
[Graph3D] Creating simulation: [33m3[39m nodes
[Graph3D] createGraphSimulation called: { hasObjectManager: [33mtrue[39m, hasScene: [33mtrue[39m, nodeCount: [33m3[39m, linkCount: [33m1[39m }
[Graph3D] Clearing existing objects...
[Graph3D] Calling createSimulation...
[Graph3D] Simulation created, setting up event handlers...
[Graph3D] Data changed: {
  nodesLen: [33m3[39m,
  linksLen: [33m1[39m,
  key: [33m1776869876295[39m,
  timestamp: [33m1776869875292[39m
}
[Graph3D] Creating simulation: [33m3[39m nodes
[Graph3D] createGraphSimulation called: { hasObjectManager: [33mtrue[39m, hasScene: [33mtrue[39m, nodeCount: [33m3[39m, linkCount: [33m1[39m }
[Graph3D] Clearing existing objects...
[Graph3D] Calling createSimulation...
[Graph3D] Simulation created, setting up event handlers...
[Graph3D] Data changed: {
  nodesLen: [33m3[39m,
  linksLen: [33m1[39m,
  key: [33m1776869876358[39m,
  timestamp: [33m1776869875355[39m
}
[Graph3D] Creating simulation: [33m3[39m nodes
[Graph3D] createGraphSimulation called: { hasObjectManager: [33mtrue[39m, hasScene: [33mtrue[39m, nodeCount: [33m3[39m, linkCount: [33m1[39m }
[Graph3D] Clearing existing objects...
[Graph3D] Calling createSimulation...
[Graph3D] Simulation created, setting up event handlers...
[Graph3D] Data changed: {
  nodesLen: [33m3[39m,
  linksLen: [33m1[39m,
  key: [33m1776869876421[39m,
  timestamp: [33m1776869875418[39m
}
[Graph3D] Creating simulation: [33m3[39m nodes
[Graph3D] createGraphSimulation called: { hasObjectManager: [33mtrue[39m, hasScene: [33mtrue[39m, nodeCount: [33m3[39m, linkCount: [33m1[39m }
[Graph3D] Clearing existing objects...
[Graph3D] Calling createSimulation...
[Graph3D] Simulation created, setting up event handlers...
[Graph3D] Data changed: {
  nodesLen: [33m3[39m,
  linksLen: [33m1[39m,
  key: [33m1776869876482[39m,
  timestamp: [33m1776869875479[39m
}
[Graph3D] Creating simulation: [33m3[39m nodes
[Graph3D] createGraphSimulation called: { hasObjectManager: [33mtrue[39m, hasScene: [33mtrue[39m, nodeCount: [33m3[39m, linkCount: [33m1[39m }
[Graph3D] Clearing existing objects...
[Graph3D] Calling createSimulation...
[Graph3D] Simulation created, setting up event handlers...
[Graph3D] Data changed: {
  nodesLen: [33m3[39m,
  linksLen: [33m1[39m,
  key: [33m1776869876542[39m,
  timestamp: [33m1776869875539[39m
}
[Graph3D] Creating simulation: [33m3[39m nodes
[Graph3D] createGraphSimulation called: { hasObjectManager: [33mtrue[39m, hasScene: [33mtrue[39m, nodeCount: [33m3[39m, linkCount: [33m1[39m }
[Graph3D] Clearing existing objects...
[Graph3D] Calling createSimulation...
[Graph3D] Simulation created, setting up event handlers...
[Graph3D] Data changed: {
  nodesLen: [33m3[39m,
  linksLen: [33m1[39m,
  key: [33m1776869876603[39m,
  timestamp: [33m1776869875600[39m
}
[Graph3D] Creating simulation: [33m3[39m nodes
[Graph3D] createGraphSimulation called: { hasObjectManager: [33mtrue[39m, hasScene: [33mtrue[39m, nodeCount: [33m3[39m, linkCount: [33m1[39m }
[Graph3D] Clearing existing objects...
[Graph3D] Calling createSimulation...
[Graph3D] Simulation created, setting up event handlers...
[Graph3D] Data changed: {
  nodesLen: [33m3[39m,
  linksLen: [33m1[39m,
  key: [33m1776869876668[39m,
  timestamp: [33m1776869875665[39m
}
[Graph3D] Creating simulation: [33m3[39m nodes
[Graph3D] createGraphSimulation called: { hasObjectManager: [33mtrue[39m, hasScene: [33mtrue[39m, nodeCount: [33m3[39m, linkCount: [33m1[39m }
[Graph3D] Clearing existing objects...
[Graph3D] Calling createSimulation...
[Graph3D] Simulation created, setting up event handlers...
[Graph3D] Data changed: {
  nodesLen: [33m3[39m,
  linksLen: [33m1[39m,
  key: [33m1776869876733[39m,
  timestamp: [33m1776869875730[39m
}
[Graph3D] Creating simulation: [33m3[39m nodes
[Graph3D] createGraphSimulation called: { hasObjectManager: [33mtrue[39m, hasScene: [33mtrue[39m, nodeCount: [33m3[39m, linkCount: [33m1[39m }
[Graph3D] Clearing existing objects...
[Graph3D] Calling createSimulation...
[Graph3D] Simulation created, setting up event handlers...
[Graph3D] Data changed: {
  nodesLen: [33m3[39m,
  linksLen: [33m1[39m,
  key: [33m1776869876801[39m,
  timestamp: [33m1776869875798[39m
}
[Graph3D] Creating simulation: [33m3[39m nodes
[Graph3D] createGraphSimulation called: { hasObjectManager: [33mtrue[39m, hasScene: [33mtrue[39m, nodeCount: [33m3[39m, linkCount: [33m1[39m }
[Graph3D] Clearing existing objects...
[Graph3D] Calling createSimulation...
[Graph3D] Simulation created, setting up event handlers...
[Graph3D] Data changed: {
  nodesLen: [33m3[39m,
  linksLen: [33m1[39m,
  key: [33m1776869876861[39m,
  timestamp: [33m1776869875858[39m
}
[Graph3D] Creating simulation: [33m3[39m nodes
[Graph3D] createGraphSimulation called: { hasObjectManager: [33mtrue[39m, hasScene: [33mtrue[39m, nodeCount: [33m3[39m, linkCount: [33m1[39m }
[Graph3D] Clearing existing objects...
[Graph3D] Calling createSimulation...
[Graph3D] Simulation created, setting up event handlers...
[Graph3D] Data changed: {
  nodesLen: [33m3[39m,
  linksLen: [33m1[39m,
  key: [33m1776869876925[39m,
  timestamp: [33m1776869875922[39m
}
[Graph3D] Creating simulation: [33m3[39m nodes
[Graph3D] createGraphSimulation called: { hasObjectManager: [33mtrue[39m, hasScene: [33mtrue[39m, nodeCount: [33m3[39m, linkCount: [33m1[39m }
[Graph3D] Clearing existing objects...
[Graph3D] Calling createSimulation...
[Graph3D] Simulation created, setting up event handlers...
[Graph3D] Data changed: {
  nodesLen: [33m3[39m,
  linksLen: [33m1[39m,
  key: [33m1776869876991[39m,
  timestamp: [33m1776869875988[39m
}
[Graph3D] Creating simulation: [33m3[39m nodes
[Graph3D] createGraphSimulation called: { hasObjectManager: [33mtrue[39m, hasScene: [33mtrue[39m, nodeCount: [33m3[39m, linkCount: [33m1[39m }
[Graph3D] Clearing existing objects...
[Graph3D] Calling createSimulation...
[Graph3D] Simulation created, setting up event handlers...
[Graph3D] Data changed: {
  nodesLen: [33m3[39m,
  linksLen: [33m1[39m,
  key: [33m1776869877054[39m,
  timestamp: [33m1776869876051[39m
}
[Graph3D] Creating simulation: [33m3[39m nodes
[Graph3D] createGraphSimulation called: { hasObjectManager: [33mtrue[39m, hasScene: [33mtrue[39m, nodeCount: [33m3[39m, linkCount: [33m1[39m }
[Graph3D] Clearing existing objects...
[Graph3D] Calling createSimulation...
[Graph3D] Simulation created, setting up event handlers...
[Graph3D] Data changed: {
  nodesLen: [33m3[39m,
  linksLen: [33m1[39m,
  key: [33m1776869877118[39m,
  timestamp: [33m1776869876115[39m
}
[Graph3D] Creating simulation: [33m3[39m nodes
[Graph3D] createGraphSimulation called: { hasObjectManager: [33mtrue[39m, hasScene: [33mtrue[39m, nodeCount: [33m3[39m, linkCount: [33m1[39m }
[Graph3D] Clearing existing objects...
[Graph3D] Calling createSimulation...
[Graph3D] Simulation created, setting up event handlers...
[Graph3D] Data changed: {
  nodesLen: [33m3[39m,
  linksLen: [33m1[39m,
  key: [33m1776869877180[39m,
  timestamp: [33m1776869876177[39m
}
[Graph3D] Creating simulation: [33m3[39m nodes
[Graph3D] createGraphSimulation called: { hasObjectManager: [33mtrue[39m, hasScene: [33mtrue[39m, nodeCount: [33m3[39m, linkCount: [33m1[39m }
[Graph3D] Clearing existing objects...
[Graph3D] Calling createSimulation...
[Graph3D] Simulation created, setting up event handlers...
[Graph3D] Data changed: {
  nodesLen: [33m3[39m,
  linksLen: [33m1[39m,
  key: [33m1776869877245[39m,
  timestamp: [33m1776869876242[39m
}
[Graph3D] Creating simulation: [33m3[39m nodes
[Graph3D] createGraphSimulation called: { hasObjectManager: [33mtrue[39m, hasScene: [33mtrue[39m, nodeCount: [33m3[39m, linkCount: [33m1[39m }
[Graph3D] Clearing existing objects...
[Graph3D] Calling createSimulation...
[Graph3D] Simulation created, setting up event handlers...
[Graph3D] Data changed: {
  nodesLen: [33m3[39m,
  linksLen: [33m1[39m,
  key: [33m1776869877313[39m,
  timestamp: [33m1776869876310[39m
}
[Graph3D] Creating simulation: [33m3[39m nodes
[Graph3D] createGraphSimulation called: { hasObjectManager: [33mtrue[39m, hasScene: [33mtrue[39m, nodeCount: [33m3[39m, linkCount: [33m1[39m }
[Graph3D] Clearing existing objects...
[Graph3D] Calling createSimulation...
[Graph3D] Simulation created, setting up event handlers...
[Graph3D] Data changed: {
  nodesLen: [33m3[39m,
  linksLen: [33m1[39m,
  key: [33m1776869877390[39m,
  timestamp: [33m1776869876387[39m
}
[Graph3D] Creating simulation: [33m3[39m nodes
[Graph3D] createGraphSimulation called: { hasObjectManager: [33mtrue[39m, hasScene: [33mtrue[39m, nodeCount: [33m3[39m, linkCount: [33m1[39m }
[Graph3D] Clearing existing objects...
[Graph3D] Calling createSimulation...
[Graph3D] Simulation created, setting up event handlers...
[Graph3D] Data changed: {
  nodesLen: [33m3[39m,
  linksLen: [33m1[39m,
  key: [33m1776869877469[39m,
  timestamp: [33m1776869876466[39m
}
[Graph3D] Creating simulation: [33m3[39m nodes
[Graph3D] createGraphSimulation called: { hasObjectManager: [33mtrue[39m, hasScene: [33mtrue[39m, nodeCount: [33m3[39m, linkCount: [33m1[39m }
[Graph3D] Clearing existing objects...
[Graph3D] Calling createSimulation...
[Graph3D] Simulation created, setting up event handlers...
[Graph3D] Data changed: {
  nodesLen: [33m3[39m,
  linksLen: [33m1[39m,
  key: [33m1776869877539[39m,
  timestamp: [33m1776869876536[39m
}
[Graph3D] Creating simulation: [33m3[39m nodes
[Graph3D] createGraphSimulation called: { hasObjectManager: [33mtrue[39m, hasScene: [33mtrue[39m, nodeCount: [33m3[39m, linkCount: [33m1[39m }
[Graph3D] Clearing existing objects...
[Graph3D] Calling createSimulation...
[Graph3D] Simulation created, setting up event handlers...
[Graph3D] Data changed: {
  nodesLen: [33m3[39m,
  linksLen: [33m1[39m,
  key: [33m1776869877610[39m,
  timestamp: [33m1776869876607[39m
}
[Graph3D] Creating simulation: [33m3[39m nodes
[Graph3D] createGraphSimulation called: { hasObjectManager: [33mtrue[39m, hasScene: [33mtrue[39m, nodeCount: [33m3[39m, linkCount: [33m1[39m }
[Graph3D] Clearing existing objects...
[Graph3D] Calling createSimulation...
[Graph3D] Simulation created, setting up event handlers...
[Graph3D] Data changed: {
  nodesLen: [33m3[39m,
  linksLen: [33m1[39m,
  key: [33m1776869877677[39m,
  timestamp: [33m1776869876674[39m
}
[Graph3D] Creating simulation: [33m3[39m nodes
[Graph3D] createGraphSimulation called: { hasObjectManager: [33mtrue[39m, hasScene: [33mtrue[39m, nodeCount: [33m3[39m, linkCount: [33m1[39m }
[Graph3D] Clearing existing objects...
[Graph3D] Calling createSimulation...
[Graph3D] Simulation created, setting up event handlers...
[Graph3D] Data changed: {
  nodesLen: [33m3[39m,
  linksLen: [33m1[39m,
  key: [33m1776869877743[39m,
  timestamp: [33m1776869876740[39m
}
[Graph3D] Creating simulation: [33m3[39m nodes
[Graph3D] createGraphSimulation called: { hasObjectManager: [33mtrue[39m, hasScene: [33mtrue[39m, nodeCount: [33m3[39m, linkCount: [33m1[39m }
[Graph3D] Clearing existing objects...
[Graph3D] Calling createSimulation...
[Graph3D] Simulation created, setting up event handlers...
[Graph3D] Data changed: {
  nodesLen: [33m3[39m,
  linksLen: [33m1[39m,
  key: [33m1776869877806[39m,
  timestamp: [33m1776869876803[39m
}
[Graph3D] Creating simulation: [33m3[39m nodes
[Graph3D] createGraphSimulation called: { hasObjectManager: [33mtrue[39m, hasScene: [33mtrue[39m, nodeCount: [33m3[39m, linkCount: [33m1[39m }
[Graph3D] Clearing existing objects...
[Graph3D] Calling createSimulation...
[Graph3D] Simulation created, setting up event handlers...
[Graph3D] Data changed: {
  nodesLen: [33m3[39m,
  linksLen: [33m1[39m,
  key: [33m1776869877866[39m,
  timestamp: [33m1776869876863[39m
}
[Graph3D] Creating simulation: [33m3[39m nodes
[Graph3D] createGraphSimulation called: { hasObjectManager: [33mtrue[39m, hasScene: [33mtrue[39m, nodeCount: [33m3[39m, linkCount: [33m1[39m }
[Graph3D] Clearing existing objects...
[Graph3D] Calling createSimulation...
[Graph3D] Simulation created, setting up event handlers...
[Graph3D] Data changed: {
  nodesLen: [33m3[39m,
  linksLen: [33m1[39m,
  key: [33m1776869877932[39m,
  timestamp: [33m1776869876929[39m
}
[Graph3D] Creating simulation: [33m3[39m nodes
[Graph3D] createGraphSimulation called: { hasObjectManager: [33mtrue[39m, hasScene: [33mtrue[39m, nodeCount: [33m3[39m, linkCount: [33m1[39m }
[Graph3D] Clearing existing objects...
[Graph3D] Calling createSimulation...
[Graph3D] Simulation created, setting up event handlers...
[Graph3D] Data changed: {
  nodesLen: [33m3[39m,
  linksLen: [33m1[39m,
  key: [33m1776869877995[39m,
  timestamp: [33m1776869876992[39m
}
[Graph3D] Creating simulation: [33m3[39m nodes
[Graph3D] createGraphSimulation called: { hasObjectManager: [33mtrue[39m, hasScene: [33mtrue[39m, nodeCount: [33m3[39m, linkCount: [33m1[39m }
[Graph3D] Clearing existing objects...
[Graph3D] Calling createSimulation...
[Graph3D] Simulation created, setting up event handlers...
[Graph3D] Data changed: {
  nodesLen: [33m3[39m,
  linksLen: [33m1[39m,
  key: [33m1776869878060[39m,
  timestamp: [33m1776869877057[39m
}
[Graph3D] Creating simulation: [33m3[39m nodes
[Graph3D] createGraphSimulation called: { hasObjectManager: [33mtrue[39m, hasScene: [33mtrue[39m, nodeCount: [33m3[39m, linkCount: [33m1[39m }
[Graph3D] Clearing existing objects...
[Graph3D] Calling createSimulation...
[Graph3D] Simulation created, setting up event handlers...
[Graph3D] Data changed: {
  nodesLen: [33m3[39m,
  linksLen: [33m1[39m,
  key: [33m1776869878125[39m,
  timestamp: [33m1776869877122[39m
}
[Graph3D] Creating simulation: [33m3[39m nodes
[Graph3D] createGraphSimulation called: { hasObjectManager: [33mtrue[39m, hasScene: [33mtrue[39m, nodeCount: [33m3[39m, linkCount: [33m1[39m }
[Graph3D] Clearing existing objects...
[Graph3D] Calling createSimulation...
[Graph3D] Simulation created, setting up event handlers...
[Graph3D] Data changed: {
  nodesLen: [33m3[39m,
  linksLen: [33m1[39m,
  key: [33m1776869878191[39m,
  timestamp: [33m1776869877188[39m
}
[Graph3D] Creating simulation: [33m3[39m nodes
[Graph3D] createGraphSimulation called: { hasObjectManager: [33mtrue[39m, hasScene: [33mtrue[39m, nodeCount: [33m3[39m, linkCount: [33m1[39m }
[Graph3D] Clearing existing objects...
[Graph3D] Calling createSimulation...
[Graph3D] Simulation created, setting up event handlers...
[Graph3D] Data changed: {
  nodesLen: [33m3[39m,
  linksLen: [33m1[39m,
  key: [33m1776869878256[39m,
  timestamp: [33m1776869877253[39m
}
[Graph3D] Creating simulation: [33m3[39m nodes
[Graph3D] createGraphSimulation called: { hasObjectManager: [33mtrue[39m, hasScene: [33mtrue[39m, nodeCount: [33m3[39m, linkCount: [33m1[39m }
[Graph3D] Clearing existing objects...
[Graph3D] Calling createSimulation...
[Graph3D] Simulation created, setting up event handlers...
[Graph3D] Data changed: {
  nodesLen: [33m3[39m,
  linksLen: [33m1[39m,
  key: [33m1776869878320[39m,
  timestamp: [33m1776869877317[39m
}
[Graph3D] Creating simulation: [33m3[39m nodes
[Graph3D] createGraphSimulation called: { hasObjectManager: [33mtrue[39m, hasScene: [33mtrue[39m, nodeCount: [33m3[39m, linkCount: [33m1[39m }
[Graph3D] Clearing existing objects...
[Graph3D] Calling createSimulation...
[Graph3D] Simulation created, setting up event handlers...
[Graph3D] Data changed: {
  nodesLen: [33m3[39m,
  linksLen: [33m1[39m,
  key: [33m1776869878387[39m,
  timestamp: [33m1776869877384[39m
}
[Graph3D] Creating simulation: [33m3[39m nodes
[Graph3D] createGraphSimulation called: { hasObjectManager: [33mtrue[39m, hasScene: [33mtrue[39m, nodeCount: [33m3[39m, linkCount: [33m1[39m }
[Graph3D] Clearing existing objects...
[Graph3D] Calling createSimulation...
[Graph3D] Simulation created, setting up event handlers...
[Graph3D] Data changed: {
  nodesLen: [33m3[39m,
  linksLen: [33m1[39m,
  key: [33m1776869878452[39m,
  timestamp: [33m1776869877449[39m
}
[Graph3D] Creating simulation: [33m3[39m nodes
[Graph3D] createGraphSimulation called: { hasObjectManager: [33mtrue[39m, hasScene: [33mtrue[39m, nodeCount: [33m3[39m, linkCount: [33m1[39m }
[Graph3D] Clearing existing objects...
[Graph3D] Calling createSimulation...
[Graph3D] Simulation created, setting up event handlers...
[Graph3D] Data changed: {
  nodesLen: [33m3[39m,
  linksLen: [33m1[39m,
  key: [33m1776869878517[39m,
  timestamp: [33m1776869877514[39m
}
[Graph3D] Creating simulation: [33m3[39m nodes
[Graph3D] createGraphSimulation called: { hasObjectManager: [33mtrue[39m, hasScene: [33mtrue[39m, nodeCount: [33m3[39m, linkCount: [33m1[39m }
[Graph3D] Clearing existing objects...
[Graph3D] Calling createSimulation...
[Graph3D] Simulation created, setting up event handlers...
[Graph3D] Data changed: {
  nodesLen: [33m3[39m,
  linksLen: [33m1[39m,
  key: [33m1776869878577[39m,
  timestamp: [33m1776869877574[39m
}
[Graph3D] Creating simulation: [33m3[39m nodes
[Graph3D] createGraphSimulation called: { hasObjectManager: [33mtrue[39m, hasScene: [33mtrue[39m, nodeCount: [33m3[39m, linkCount: [33m1[39m }
[Graph3D] Clearing existing objects...
[Graph3D] Calling createSimulation...
[Graph3D] Simulation created, setting up event handlers...
[Graph3D] Data changed: {
  nodesLen: [33m3[39m,
  linksLen: [33m1[39m,
  key: [33m1776869878643[39m,
  timestamp: [33m1776869877640[39m
}
[Graph3D] Creating simulation: [33m3[39m nodes
[Graph3D] createGraphSimulation called: { hasObjectManager: [33mtrue[39m, hasScene: [33mtrue[39m, nodeCount: [33m3[39m, linkCount: [33m1[39m }
[Graph3D] Clearing existing objects...
[Graph3D] Calling createSimulation...
[Graph3D] Simulation created, setting up event handlers...
[Graph3D] Data changed: {
  nodesLen: [33m3[39m,
  linksLen: [33m1[39m,
  key: [33m1776869878708[39m,
  timestamp: [33m1776869877705[39m
}
[Graph3D] Creating simulation: [33m3[39m nodes
[Graph3D] createGraphSimulation called: { hasObjectManager: [33mtrue[39m, hasScene: [33mtrue[39m, nodeCount: [33m3[39m, linkCount: [33m1[39m }
[Graph3D] Clearing existing objects...
[Graph3D] Calling createSimulation...
[Graph3D] Simulation created, setting up event handlers...
[Graph3D] Data changed: {
  nodesLen: [33m3[39m,
  linksLen: [33m1[39m,
  key: [33m1776869878771[39m,
  timestamp: [33m1776869877768[39m
}
[Graph3D] Creating simulation: [33m3[39m nodes
[Graph3D] createGraphSimulation called: { hasObjectManager: [33mtrue[39m, hasScene: [33mtrue[39m, nodeCount: [33m3[39m, linkCount: [33m1[39m }
[Graph3D] Clearing existing objects...
[Graph3D] Calling createSimulation...
[Graph3D] Simulation created, setting up event handlers...
[Graph3D] Data changed: {
  nodesLen: [33m3[39m,
  linksLen: [33m1[39m,
  key: [33m1776869878836[39m,
  timestamp: [33m1776869877833[39m
}
[Graph3D] Creating simulation: [33m3[39m nodes
[Graph3D] createGraphSimulation called: { hasObjectManager: [33mtrue[39m, hasScene: [33mtrue[39m, nodeCount: [33m3[39m, linkCount: [33m1[39m }
[Graph3D] Clearing existing objects...
[Graph3D] Calling createSimulation...
[Graph3D] Simulation created, setting up event handlers...
[Graph3D] Data changed: {
  nodesLen: [33m3[39m,
  linksLen: [33m1[39m,
  key: [33m1776869878906[39m,
  timestamp: [33m1776869877903[39m
}
[Graph3D] Creating simulation: [33m3[39m nodes
[Graph3D] createGraphSimulation called: { hasObjectManager: [33mtrue[39m, hasScene: [33mtrue[39m, nodeCount: [33m3[39m, linkCount: [33m1[39m }
[Graph3D] Clearing existing objects...
[Graph3D] Calling createSimulation...
[Graph3D] Simulation created, setting up event handlers...
[Graph3D] Data changed: {
  nodesLen: [33m3[39m,
  linksLen: [33m1[39m,
  key: [33m1776869878973[39m,
  timestamp: [33m1776869877970[39m
}
[Graph3D] Creating simulation: [33m3[39m nodes
[Graph3D] createGraphSimulation called: { hasObjectManager: [33mtrue[39m, hasScene: [33mtrue[39m, nodeCount: [33m3[39m, linkCount: [33m1[39m }
[Graph3D] Clearing existing objects...
[Graph3D] Calling createSimulation...
[Graph3D] Simulation created, setting up event handlers...
[Graph3D] Data changed: {
  nodesLen: [33m3[39m,
  linksLen: [33m1[39m,
  key: [33m1776869879039[39m,
  timestamp: [33m1776869878036[39m
}
[Graph3D] Creating simulation: [33m3[39m nodes
[Graph3D] createGraphSimulation called: { hasObjectManager: [33mtrue[39m, hasScene: [33mtrue[39m, nodeCount: [33m3[39m, linkCount: [33m1[39m }
[Graph3D] Clearing existing objects...
[Graph3D] Calling createSimulation...
[Graph3D] Simulation created, setting up event handlers...
[Graph3D] Data changed: {
  nodesLen: [33m3[39m,
  linksLen: [33m1[39m,
  key: [33m1776869879108[39m,
  timestamp: [33m1776869878105[39m
}
[Graph3D] Creating simulation: [33m3[39m nodes
[Graph3D] createGraphSimulation called: { hasObjectManager: [33mtrue[39m, hasScene: [33mtrue[39m, nodeCount: [33m3[39m, linkCount: [33m1[39m }
[Graph3D] Clearing existing objects...
[Graph3D] Calling createSimulation...
[Graph3D] Simulation created, setting up event handlers...
[Graph3D] Data changed: {
  nodesLen: [33m3[39m,
  linksLen: [33m1[39m,
  key: [33m1776869879172[39m,
  timestamp: [33m1776869878169[39m
}
[Graph3D] Creating simulation: [33m3[39m nodes
[Graph3D] createGraphSimulation called: { hasObjectManager: [33mtrue[39m, hasScene: [33mtrue[39m, nodeCount: [33m3[39m, linkCount: [33m1[39m }
[Graph3D] Clearing existing objects...
[Graph3D] Calling createSimulation...
[Graph3D] Simulation created, setting up event handlers...
[Graph3D] Data changed: {
  nodesLen: [33m3[39m,
  linksLen: [33m1[39m,
  key: [33m1776869879234[39m,
  timestamp: [33m1776869878231[39m
}
[Graph3D] Creating simulation: [33m3[39m nodes
[Graph3D] createGraphSimulation called: { hasObjectManager: [33mtrue[39m, hasScene: [33mtrue[39m, nodeCount: [33m3[39m, linkCount: [33m1[39m }
[Graph3D] Clearing existing objects...
[Graph3D] Calling createSimulation...
[Graph3D] Simulation created, setting up event handlers...
[Graph3D] Data changed: {
  nodesLen: [33m3[39m,
  linksLen: [33m1[39m,
  key: [33m1776869879300[39m,
  timestamp: [33m1776869878297[39m
}
[Graph3D] Creating simulation: [33m3[39m nodes
[Graph3D] createGraphSimulation called: { hasObjectManager: [33mtrue[39m, hasScene: [33mtrue[39m, nodeCount: [33m3[39m, linkCount: [33m1[39m }
[Graph3D] Clearing existing objects...
[Graph3D] Calling createSimulation...
[Graph3D] Simulation created, setting up event handlers...
[Graph3D] Data changed: {
  nodesLen: [33m3[39m,
  linksLen: [33m1[39m,
  key: [33m1776869879365[39m,
  timestamp: [33m1776869878362[39m
}
[Graph3D] Creating simulation: [33m3[39m nodes
[Graph3D] createGraphSimulation called: { hasObjectManager: [33mtrue[39m, hasScene: [33mtrue[39m, nodeCount: [33m3[39m, linkCount: [33m1[39m }
[Graph3D] Clearing existing objects...
[Graph3D] Calling createSimulation...
[Graph3D] Simulation created, setting up event handlers...
[Graph3D] Data changed: {
  nodesLen: [33m3[39m,
  linksLen: [33m1[39m,
  key: [33m1776869879435[39m,
  timestamp: [33m1776869878432[39m
}
[Graph3D] Creating simulation: [33m3[39m nodes
[Graph3D] createGraphSimulation called: { hasObjectManager: [33mtrue[39m, hasScene: [33mtrue[39m, nodeCount: [33m3[39m, linkCount: [33m1[39m }
[Graph3D] Clearing existing objects...
[Graph3D] Calling createSimulation...
[Graph3D] Simulation created, setting up event handlers...
[Graph3D] Data changed: {
  nodesLen: [33m3[39m,
  linksLen: [33m1[39m,
  key: [33m1776869879502[39m,
  timestamp: [33m1776869878499[39m
}
[Graph3D] Creating simulation: [33m3[39m nodes
[Graph3D] createGraphSimulation called: { hasObjectManager: [33mtrue[39m, hasScene: [33mtrue[39m, nodeCount: [33m3[39m, linkCount: [33m1[39m }
[Graph3D] Clearing existing objects...
[Graph3D] Calling createSimulation...
[Graph3D] Simulation created, setting up event handlers...
[Graph3D] Data changed: {
  nodesLen: [33m3[39m,
  linksLen: [33m1[39m,
  key: [33m1776869879567[39m,
  timestamp: [33m1776869878564[39m
}
[Graph3D] Creating simulation: [33m3[39m nodes
[Graph3D] createGraphSimulation called: { hasObjectManager: [33mtrue[39m, hasScene: [33mtrue[39m, nodeCount: [33m3[39m, linkCount: [33m1[39m }
[Graph3D] Clearing existing objects...
[Graph3D] Calling createSimulation...
[Graph3D] Simulation created, setting up event handlers...
[Graph3D] Data changed: {
  nodesLen: [33m3[39m,
  linksLen: [33m1[39m,
  key: [33m1776869879633[39m,
  timestamp: [33m1776869878630[39m
}
[Graph3D] Creating simulation: [33m3[39m nodes
[Graph3D] createGraphSimulation called: { hasObjectManager: [33mtrue[39m, hasScene: [33mtrue[39m, nodeCount: [33m3[39m, linkCount: [33m1[39m }
[Graph3D] Clearing existing objects...
[Graph3D] Calling createSimulation...
[Graph3D] Simulation created, setting up event handlers...
[Graph3D] Data changed: {
  nodesLen: [33m3[39m,
  linksLen: [33m1[39m,
  key: [33m1776869879698[39m,
  timestamp: [33m1776869878695[39m
}
[Graph3D] Creating simulation: [33m3[39m nodes
[Graph3D] createGraphSimulation called: { hasObjectManager: [33mtrue[39m, hasScene: [33mtrue[39m, nodeCount: [33m3[39m, linkCount: [33m1[39m }
[Graph3D] Clearing existing objects...
[Graph3D] Calling createSimulation...
[Graph3D] Simulation created, setting up event handlers...
[Graph3D] Data changed: {
  nodesLen: [33m3[39m,
  linksLen: [33m1[39m,
  key: [33m1776869879764[39m,
  timestamp: [33m1776869878761[39m
}
[Graph3D] Creating simulation: [33m3[39m nodes
[Graph3D] createGraphSimulation called: { hasObjectManager: [33mtrue[39m, hasScene: [33mtrue[39m, nodeCount: [33m3[39m, linkCount: [33m1[39m }
[Graph3D] Clearing existing objects...
[Graph3D] Calling createSimulation...
[Graph3D] Simulation created, setting up event handlers...
[Graph3D] Data changed: {
  nodesLen: [33m3[39m,
  linksLen: [33m1[39m,
  key: [33m1776869879830[39m,
  timestamp: [33m1776869878827[39m
}
[Graph3D] Creating simulation: [33m3[39m nodes
[Graph3D] createGraphSimulation called: { hasObjectManager: [33mtrue[39m, hasScene: [33mtrue[39m, nodeCount: [33m3[39m, linkCount: [33m1[39m }
[Graph3D] Clearing existing objects...
[Graph3D] Calling createSimulation...
[Graph3D] Simulation created, setting up event handlers...
[Graph3D] Data changed: {
  nodesLen: [33m3[39m,
  linksLen: [33m1[39m,
  key: [33m1776869879897[39m,
  timestamp: [33m1776869878894[39m
}
[Graph3D] Creating simulation: [33m3[39m nodes
[Graph3D] createGraphSimulation called: { hasObjectManager: [33mtrue[39m, hasScene: [33mtrue[39m, nodeCount: [33m3[39m, linkCount: [33m1[39m }
[Graph3D] Clearing existing objects...
[Graph3D] Calling createSimulation...
[Graph3D] Simulation created, setting up event handlers...
[Graph3D] Data changed: {
  nodesLen: [33m3[39m,
  linksLen: [33m1[39m,
  key: [33m1776869879962[39m,
  timestamp: [33m1776869878959[39m
}
[Graph3D] Creating simulation: [33m3[39m nodes
[Graph3D] createGraphSimulation called: { hasObjectManager: [33mtrue[39m, hasScene: [33mtrue[39m, nodeCount: [33m3[39m, linkCount: [33m1[39m }
[Graph3D] Clearing existing objects...
[Graph3D] Calling createSimulation...
[Graph3D] Simulation created, setting up event handlers...
[Graph3D] Data changed: {
  nodesLen: [33m3[39m,
  linksLen: [33m1[39m,
  key: [33m1776869880030[39m,
  timestamp: [33m1776869879027[39m
}
[Graph3D] Creating simulation: [33m3[39m nodes
[Graph3D] createGraphSimulation called: { hasObjectManager: [33mtrue[39m, hasScene: [33mtrue[39m, nodeCount: [33m3[39m, linkCount: [33m1[39m }
[Graph3D] Clearing existing objects...
[Graph3D] Calling createSimulation...
[Graph3D] Simulation created, setting up event handlers...
[Graph3D] Data changed: {
  nodesLen: [33m3[39m,
  linksLen: [33m1[39m,
  key: [33m1776869880097[39m,
  timestamp: [33m1776869879094[39m
}
[Graph3D] Creating simulation: [33m3[39m nodes
[Graph3D] createGraphSimulation called: { hasObjectManager: [33mtrue[39m, hasScene: [33mtrue[39m, nodeCount: [33m3[39m, linkCount: [33m1[39m }
[Graph3D] Clearing existing objects...
[Graph3D] Calling createSimulation...
[Graph3D] Simulation created, setting up event handlers...
[Graph3D] Data changed: {
  nodesLen: [33m3[39m,
  linksLen: [33m1[39m,
  key: [33m1776869880164[39m,
  timestamp: [33m1776869879161[39m
}
[Graph3D] Creating simulation: [33m3[39m nodes
[Graph3D] createGraphSimulation called: { hasObjectManager: [33mtrue[39m, hasScene: [33mtrue[39m, nodeCount: [33m3[39m, linkCount: [33m1[39m }
[Graph3D] Clearing existing objects...
[Graph3D] Calling createSimulation...
[Graph3D] Simulation created, setting up event handlers...
[Graph3D] Data changed: {
  nodesLen: [33m3[39m,
  linksLen: [33m1[39m,
  key: [33m1776869880230[39m,
  timestamp: [33m1776869879227[39m
}
[Graph3D] Creating simulation: [33m3[39m nodes
[Graph3D] createGraphSimulation called: { hasObjectManager: [33mtrue[39m, hasScene: [33mtrue[39m, nodeCount: [33m3[39m, linkCount: [33m1[39m }
[Graph3D] Clearing existing objects...
[Graph3D] Calling createSimulation...
[Graph3D] Simulation created, setting up event handlers...
[Graph3D] Data changed: {
  nodesLen: [33m3[39m,
  linksLen: [33m1[39m,
  key: [33m1776869880297[39m,
  timestamp: [33m1776869879294[39m
}
[Graph3D] Creating simulation: [33m3[39m nodes
[Graph3D] createGraphSimulation called: { hasObjectManager: [33mtrue[39m, hasScene: [33mtrue[39m, nodeCount: [33m3[39m, linkCount: [33m1[39m }
[Graph3D] Clearing existing objects...
[Graph3D] Calling createSimulation...
[Graph3D] Simulation created, setting up event handlers...
[Graph3D] Data changed: {
  nodesLen: [33m3[39m,
  linksLen: [33m1[39m,
  key: [33m1776869880364[39m,
  timestamp: [33m1776869879361[39m
}
[Graph3D] Creating simulation: [33m3[39m nodes
[Graph3D] createGraphSimulation called: { hasObjectManager: [33mtrue[39m, hasScene: [33mtrue[39m, nodeCount: [33m3[39m, linkCount: [33m1[39m }
[Graph3D] Clearing existing objects...
[Graph3D] Calling createSimulation...
[Graph3D] Simulation created, setting up event handlers...
[Graph3D] Data changed: {
  nodesLen: [33m3[39m,
  linksLen: [33m1[39m,
  key: [33m1776869880434[39m,
  timestamp: [33m1776869879431[39m
}
[Graph3D] Creating simulation: [33m3[39m nodes
[Graph3D] createGraphSimulation called: { hasObjectManager: [33mtrue[39m, hasScene: [33mtrue[39m, nodeCount: [33m3[39m, linkCount: [33m1[39m }
[Graph3D] Clearing existing objects...
[Graph3D] Calling createSimulation...
[Graph3D] Simulation created, setting up event handlers...
[Graph3D] Data changed: {
  nodesLen: [33m3[39m,
  linksLen: [33m1[39m,
  key: [33m1776869880499[39m,
  timestamp: [33m1776869879496[39m
}
[Graph3D] Creating simulation: [33m3[39m nodes
[Graph3D] createGraphSimulation called: { hasObjectManager: [33mtrue[39m, hasScene: [33mtrue[39m, nodeCount: [33m3[39m, linkCount: [33m1[39m }
[Graph3D] Clearing existing objects...
[Graph3D] Calling createSimulation...
[Graph3D] Simulation created, setting up event handlers...
[Graph3D] Data changed: {
  nodesLen: [33m3[39m,
  linksLen: [33m1[39m,
  key: [33m1776869880588[39m,
  timestamp: [33m1776869879585[39m
}
[Graph3D] Creating simulation: [33m3[39m nodes
[Graph3D] createGraphSimulation called: { hasObjectManager: [33mtrue[39m, hasScene: [33mtrue[39m, nodeCount: [33m3[39m, linkCount: [33m1[39m }
[Graph3D] Clearing existing objects...
[Graph3D] Calling createSimulation...
[Graph3D] Simulation created, setting up event handlers...
[Graph3D] Data changed: {
  nodesLen: [33m3[39m,
  linksLen: [33m1[39m,
  key: [33m1776869880663[39m,
  timestamp: [33m1776869879660[39m
}
[Graph3D] Creating simulation: [33m3[39m nodes
[Graph3D] createGraphSimulation called: { hasObjectManager: [33mtrue[39m, hasScene: [33mtrue[39m, nodeCount: [33m3[39m, linkCount: [33m1[39m }
[Graph3D] Clearing existing objects...
[Graph3D] Calling createSimulation...
[Graph3D] Simulation created, setting up event handlers...
[Graph3D] Data changed: {
  nodesLen: [33m3[39m,
  linksLen: [33m1[39m,
  key: [33m1776869880729[39m,
  timestamp: [33m1776869879726[39m
}
[Graph3D] Creating simulation: [33m3[39m nodes
[Graph3D] createGraphSimulation called: { hasObjectManager: [33mtrue[39m, hasScene: [33mtrue[39m, nodeCount: [33m3[39m, linkCount: [33m1[39m }
[Graph3D] Clearing existing objects...
[Graph3D] Calling createSimulation...
[Graph3D] Simulation created, setting up event handlers...
[Graph3D] Data changed: {
  nodesLen: [33m3[39m,
  linksLen: [33m1[39m,
  key: [33m1776869880796[39m,
  timestamp: [33m1776869879793[39m
}
[Graph3D] Creating simulation: [33m3[39m nodes
[Graph3D] createGraphSimulation called: { hasObjectManager: [33mtrue[39m, hasScene: [33mtrue[39m, nodeCount: [33m3[39m, linkCount: [33m1[39m }
[Graph3D] Clearing existing objects...
[Graph3D] Calling createSimulation...
[Graph3D] Simulation created, setting up event handlers...
[Graph3D] Data changed: {
  nodesLen: [33m3[39m,
  linksLen: [33m1[39m,
  key: [33m1776869880862[39m,
  timestamp: [33m1776869879859[39m
}
[Graph3D] Creating simulation: [33m3[39m nodes
[Graph3D] createGraphSimulation called: { hasObjectManager: [33mtrue[39m, hasScene: [33mtrue[39m, nodeCount: [33m3[39m, linkCount: [33m1[39m }
[Graph3D] Clearing existing objects...
[Graph3D] Calling createSimulation...
[Graph3D] Simulation created, setting up event handlers...
[Graph3D] Data changed: {
  nodesLen: [33m3[39m,
  linksLen: [33m1[39m,
  key: [33m1776869880929[39m,
  timestamp: [33m1776869879926[39m
}
[Graph3D] Creating simulation: [33m3[39m nodes
[Graph3D] createGraphSimulation called: { hasObjectManager: [33mtrue[39m, hasScene: [33mtrue[39m, nodeCount: [33m3[39m, linkCount: [33m1[39m }
[Graph3D] Clearing existing objects...
[Graph3D] Calling createSimulation...
[Graph3D] Simulation created, setting up event handlers...
[Graph3D] Data changed: {
  nodesLen: [33m3[39m,
  linksLen: [33m1[39m,
  key: [33m1776869880999[39m,
  timestamp: [33m1776869879996[39m
}
[Graph3D] Creating simulation: [33m3[39m nodes
[Graph3D] createGraphSimulation called: { hasObjectManager: [33mtrue[39m, hasScene: [33mtrue[39m, nodeCount: [33m3[39m, linkCount: [33m1[39m }
[Graph3D] Clearing existing objects...
[Graph3D] Calling createSimulation...
[Graph3D] Simulation created, setting up event handlers...
[Graph3D] Data changed: {
  nodesLen: [33m3[39m,
  linksLen: [33m1[39m,
  key: [33m1776869881068[39m,
  timestamp: [33m1776869880065[39m
}
[Graph3D] Creating simulation: [33m3[39m nodes
[Graph3D] createGraphSimulation called: { hasObjectManager: [33mtrue[39m, hasScene: [33mtrue[39m, nodeCount: [33m3[39m, linkCount: [33m1[39m }
[Graph3D] Clearing existing objects...
[Graph3D] Calling createSimulation...
[Graph3D] Simulation created, setting up event handlers...
[Graph3D] Data changed: {
  nodesLen: [33m3[39m,
  linksLen: [33m1[39m,
  key: [33m1776869881137[39m,
  timestamp: [33m1776869880134[39m
}
[Graph3D] Creating simulation: [33m3[39m nodes
[Graph3D] createGraphSimulation called: { hasObjectManager: [33mtrue[39m, hasScene: [33mtrue[39m, nodeCount: [33m3[39m, linkCount: [33m1[39m }
[Graph3D] Clearing existing objects...
[Graph3D] Calling createSimulation...
[Graph3D] Simulation created, setting up event handlers...
[Graph3D] Data changed: {
  nodesLen: [33m3[39m,
  linksLen: [33m1[39m,
  key: [33m1776869881204[39m,
  timestamp: [33m1776869880201[39m
}
[Graph3D] Creating simulation: [33m3[39m nodes
[Graph3D] createGraphSimulation called: { hasObjectManager: [33mtrue[39m, hasScene: [33mtrue[39m, nodeCount: [33m3[39m, linkCount: [33m1[39m }
[Graph3D] Clearing existing objects...
[Graph3D] Calling createSimulation...
[Graph3D] Simulation created, setting up event handlers...
[Graph3D] Data changed: {
  nodesLen: [33m3[39m,
  linksLen: [33m1[39m,
  key: [33m1776869881269[39m,
  timestamp: [33m1776869880266[39m
}
[Graph3D] Creating simulation: [33m3[39m nodes
[Graph3D] createGraphSimulation called: { hasObjectManager: [33mtrue[39m, hasScene: [33mtrue[39m, nodeCount: [33m3[39m, linkCount: [33m1[39m }
[Graph3D] Clearing existing objects...
[Graph3D] Calling createSimulation...
[Graph3D] Simulation created, setting up event handlers...
[Graph3D] Data changed: {
  nodesLen: [33m3[39m,
  linksLen: [33m1[39m,
  key: [33m1776869881338[39m,
  timestamp: [33m1776869880335[39m
}
[Graph3D] Creating simulation: [33m3[39m nodes
[Graph3D] createGraphSimulation called: { hasObjectManager: [33mtrue[39m, hasScene: [33mtrue[39m, nodeCount: [33m3[39m, linkCount: [33m1[39m }
[Graph3D] Clearing existing objects...
[Graph3D] Calling createSimulation...
[Graph3D] Simulation created, setting up event handlers...
[Graph3D] Data changed: {
  nodesLen: [33m3[39m,
  linksLen: [33m1[39m,
  key: [33m1776869881406[39m,
  timestamp: [33m1776869880403[39m
}
[Graph3D] Creating simulation: [33m3[39m nodes
[Graph3D] createGraphSimulation called: { hasObjectManager: [33mtrue[39m, hasScene: [33mtrue[39m, nodeCount: [33m3[39m, linkCount: [33m1[39m }
[Graph3D] Clearing existing objects...
[Graph3D] Calling createSimulation...
[Graph3D] Simulation created, setting up event handlers...
[Graph3D] Data changed: {
  nodesLen: [33m3[39m,
  linksLen: [33m1[39m,
  key: [33m1776869881471[39m,
  timestamp: [33m1776869880468[39m
}
[Graph3D] Creating simulation: [33m3[39m nodes
[Graph3D] createGraphSimulation called: { hasObjectManager: [33mtrue[39m, hasScene: [33mtrue[39m, nodeCount: [33m3[39m, linkCount: [33m1[39m }
[Graph3D] Clearing existing objects...
[Graph3D] Calling createSimulation...
[Graph3D] Simulation created, setting up event handlers...
[Graph3D] Data changed: {
  nodesLen: [33m3[39m,
  linksLen: [33m1[39m,
  key: [33m1776869881538[39m,
  timestamp: [33m1776869880535[39m
}
[Graph3D] Creating simulation: [33m3[39m nodes
[Graph3D] createGraphSimulation called: { hasObjectManager: [33mtrue[39m, hasScene: [33mtrue[39m, nodeCount: [33m3[39m, linkCount: [33m1[39m }
[Graph3D] Clearing existing objects...
[Graph3D] Calling createSimulation...
[Graph3D] Simulation created, setting up event handlers...
[Graph3D] Data changed: {
  nodesLen: [33m3[39m,
  linksLen: [33m1[39m,
  key: [33m1776869881604[39m,
  timestamp: [33m1776869880601[39m
}
[Graph3D] Creating simulation: [33m3[39m nodes
[Graph3D] createGraphSimulation called: { hasObjectManager: [33mtrue[39m, hasScene: [33mtrue[39m, nodeCount: [33m3[39m, linkCount: [33m1[39m }
[Graph3D] Clearing existing objects...
[Graph3D] Calling createSimulation...
[Graph3D] Simulation created, setting up event handlers...
[Graph3D] Data changed: {
  nodesLen: [33m3[39m,
  linksLen: [33m1[39m,
  key: [33m1776869881670[39m,
  timestamp: [33m1776869880667[39m
}
[Graph3D] Creating simulation: [33m3[39m nodes
[Graph3D] createGraphSimulation called: { hasObjectManager: [33mtrue[39m, hasScene: [33mtrue[39m, nodeCount: [33m3[39m, linkCount: [33m1[39m }
[Graph3D] Clearing existing objects...
[Graph3D] Calling createSimulation...
[Graph3D] Simulation created, setting up event handlers...
[Graph3D] Data changed: {
  nodesLen: [33m3[39m,
  linksLen: [33m1[39m,
  key: [33m1776869881737[39m,
  timestamp: [33m1776869880734[39m
}
[Graph3D] Creating simulation: [33m3[39m nodes
[Graph3D] createGraphSimulation called: { hasObjectManager: [33mtrue[39m, hasScene: [33mtrue[39m, nodeCount: [33m3[39m, linkCount: [33m1[39m }
[Graph3D] Clearing existing objects...
[Graph3D] Calling createSimulation...
[Graph3D] Simulation created, setting up event handlers...
[Graph3D] Data changed: {
  nodesLen: [33m3[39m,
  linksLen: [33m1[39m,
  key: [33m1776869881805[39m,
  timestamp: [33m1776869880802[39m
}
[Graph3D] Creating simulation: [33m3[39m nodes
[Graph3D] createGraphSimulation called: { hasObjectManager: [33mtrue[39m, hasScene: [33mtrue[39m, nodeCount: [33m3[39m, linkCount: [33m1[39m }
[Graph3D] Clearing existing objects...
[Graph3D] Calling createSimulation...
[Graph3D] Simulation created, setting up event handlers...
[Graph3D] Data changed: {
  nodesLen: [33m3[39m,
  linksLen: [33m1[39m,
  key: [33m1776869881873[39m,
  timestamp: [33m1776869880870[39m
}
[Graph3D] Creating simulation: [33m3[39m nodes
[Graph3D] createGraphSimulation called: { hasObjectManager: [33mtrue[39m, hasScene: [33mtrue[39m, nodeCount: [33m3[39m, linkCount: [33m1[39m }
[Graph3D] Clearing existing objects...
[Graph3D] Calling createSimulation...
[Graph3D] Simulation created, setting up event handlers...
[Graph3D] Data changed: {
  nodesLen: [33m3[39m,
  linksLen: [33m1[39m,
  key: [33m1776869881940[39m,
  timestamp: [33m1776869880937[39m
}
[Graph3D] Creating simulation: [33m3[39m nodes
[Graph3D] createGraphSimulation called: { hasObjectManager: [33mtrue[39m, hasScene: [33mtrue[39m, nodeCount: [33m3[39m, linkCount: [33m1[39m }
[Graph3D] Clearing existing objects...
[Graph3D] Calling createSimulation...
[Graph3D] Simulation created, setting up event handlers...
[Graph3D] Data changed: {
  nodesLen: [33m3[39m,
  linksLen: [33m1[39m,
  key: [33m1776869882011[39m,
  timestamp: [33m1776869881008[39m
}
[Graph3D] Creating simulation: [33m3[39m nodes
[Graph3D] createGraphSimulation called: { hasObjectManager: [33mtrue[39m, hasScene: [33mtrue[39m, nodeCount: [33m3[39m, linkCount: [33m1[39m }
[Graph3D] Clearing existing objects...
[Graph3D] Calling createSimulation...
[Graph3D] Simulation created, setting up event handlers...
[Graph3D] Data changed: {
  nodesLen: [33m3[39m,
  linksLen: [33m1[39m,
  key: [33m1776869882079[39m,
  timestamp: [33m1776869881076[39m
}
[Graph3D] Creating simulation: [33m3[39m nodes
[Graph3D] createGraphSimulation called: { hasObjectManager: [33mtrue[39m, hasScene: [33mtrue[39m, nodeCount: [33m3[39m, linkCount: [33m1[39m }
[Graph3D] Clearing existing objects...
[Graph3D] Calling createSimulation...
[Graph3D] Simulation created, setting up event handlers...
[Graph3D] Data changed: {
  nodesLen: [33m3[39m,
  linksLen: [33m1[39m,
  key: [33m1776869882152[39m,
  timestamp: [33m1776869881149[39m
}
[Graph3D] Creating simulation: [33m3[39m nodes
[Graph3D] createGraphSimulation called: { hasObjectManager: [33mtrue[39m, hasScene: [33mtrue[39m, nodeCount: [33m3[39m, linkCount: [33m1[39m }
[Graph3D] Clearing existing objects...
[Graph3D] Calling createSimulation...
[Graph3D] Simulation created, setting up event handlers...
[Graph3D] Data changed: {
  nodesLen: [33m3[39m,
  linksLen: [33m1[39m,
  key: [33m1776869882227[39m,
  timestamp: [33m1776869881224[39m
}
[Graph3D] Creating simulation: [33m3[39m nodes
[Graph3D] createGraphSimulation called: { hasObjectManager: [33mtrue[39m, hasScene: [33mtrue[39m, nodeCount: [33m3[39m, linkCount: [33m1[39m }
[Graph3D] Clearing existing objects...
[Graph3D] Calling createSimulation...
[Graph3D] Simulation created, setting up event handlers...
[Graph3D] Data changed: {
  nodesLen: [33m3[39m,
  linksLen: [33m1[39m,
  key: [33m1776869882307[39m,
  timestamp: [33m1776869881304[39m
}
[Graph3D] Creating simulation: [33m3[39m nodes
[Graph3D] createGraphSimulation called: { hasObjectManager: [33mtrue[39m, hasScene: [33mtrue[39m, nodeCount: [33m3[39m, linkCount: [33m1[39m }
[Graph3D] Clearing existing objects...
[Graph3D] Calling createSimulation...
[Graph3D] Simulation created, setting up event handlers...
[Graph3D] Data changed: {
  nodesLen: [33m3[39m,
  linksLen: [33m1[39m,
  key: [33m1776869882387[39m,
  timestamp: [33m1776869881384[39m
}
[Graph3D] Creating simulation: [33m3[39m nodes
[Graph3D] createGraphSimulation called: { hasObjectManager: [33mtrue[39m, hasScene: [33mtrue[39m, nodeCount: [33m3[39m, linkCount: [33m1[39m }
[Graph3D] Clearing existing objects...
[Graph3D] Calling createSimulation...
[Graph3D] Simulation created, setting up event handlers...
[Graph3D] Data changed: {
  nodesLen: [33m3[39m,
  linksLen: [33m1[39m,
  key: [33m1776869882479[39m,
  timestamp: [33m1776869881476[39m
}
[Graph3D] Creating simulation: [33m3[39m nodes
[Graph3D] createGraphSimulation called: { hasObjectManager: [33mtrue[39m, hasScene: [33mtrue[39m, nodeCount: [33m3[39m, linkCount: [33m1[39m }
[Graph3D] Clearing existing objects...
[Graph3D] Calling createSimulation...
[Graph3D] Simulation created, setting up event handlers...
[Graph3D] Data changed: {
  nodesLen: [33m3[39m,
  linksLen: [33m1[39m,
  key: [33m1776869882584[39m,
  timestamp: [33m1776869881581[39m
}
[Graph3D] Creating simulation: [33m3[39m nodes
[Graph3D] createGraphSimulation called: { hasObjectManager: [33mtrue[39m, hasScene: [33mtrue[39m, nodeCount: [33m3[39m, linkCount: [33m1[39m }
[Graph3D] Clearing existing objects...
[Graph3D] Calling createSimulation...
[Graph3D] Simulation created, setting up event handlers...
[Graph3D] Data changed: {
  nodesLen: [33m3[39m,
  linksLen: [33m1[39m,
  key: [33m1776869882678[39m,
  timestamp: [33m1776869881675[39m
}
[Graph3D] Creating simulation: [33m3[39m nodes
[Graph3D] createGraphSimulation called: { hasObjectManager: [33mtrue[39m, hasScene: [33mtrue[39m, nodeCount: [33m3[39m, linkCount: [33m1[39m }
[Graph3D] Clearing existing objects...
[Graph3D] Calling createSimulation...
[Graph3D] Simulation created, setting up event handlers...
[Graph3D] Data changed: {
  nodesLen: [33m3[39m,
  linksLen: [33m1[39m,
  key: [33m1776869882773[39m,
  timestamp: [33m1776869881770[39m
}
[Graph3D] Creating simulation: [33m3[39m nodes
[Graph3D] createGraphSimulation called: { hasObjectManager: [33mtrue[39m, hasScene: [33mtrue[39m, nodeCount: [33m3[39m, linkCount: [33m1[39m }
[Graph3D] Clearing existing objects...
[Graph3D] Calling createSimulation...
[Graph3D] Simulation created, setting up event handlers...
[Graph3D] Data changed: {
  nodesLen: [33m3[39m,
  linksLen: [33m1[39m,
  key: [33m1776869882869[39m,
  timestamp: [33m1776869881866[39m
}
[Graph3D] Creating simulation: [33m3[39m nodes
[Graph3D] createGraphSimulation called: { hasObjectManager: [33mtrue[39m, hasScene: [33mtrue[39m, nodeCount: [33m3[39m, linkCount: [33m1[39m }
[Graph3D] Clearing existing objects...
[Graph3D] Calling createSimulation...
[Graph3D] Simulation created, setting up event handlers...
[Graph3D] Data changed: {
  nodesLen: [33m3[39m,
  linksLen: [33m1[39m,
  key: [33m1776869882971[39m,
  timestamp: [33m1776869881968[39m
}
[Graph3D] Creating simulation: [33m3[39m nodes
[Graph3D] createGraphSimulation called: { hasObjectManager: [33mtrue[39m, hasScene: [33mtrue[39m, nodeCount: [33m3[39m, linkCount: [33m1[39m }
[Graph3D] Clearing existing objects...
[Graph3D] Calling createSimulation...
[Graph3D] Simulation created, setting up event handlers...
[Graph3D] Data changed: {
  nodesLen: [33m3[39m,
  linksLen: [33m1[39m,
  key: [33m1776869883061[39m,
  timestamp: [33m1776869882058[39m
}
[Graph3D] Creating simulation: [33m3[39m nodes
[Graph3D] createGraphSimulation called: { hasObjectManager: [33mtrue[39m, hasScene: [33mtrue[39m, nodeCount: [33m3[39m, linkCount: [33m1[39m }
[Graph3D] Clearing existing objects...
[Graph3D] Calling createSimulation...
[Graph3D] Simulation created, setting up event handlers...
[Graph3D] Data changed: {
  nodesLen: [33m3[39m,
  linksLen: [33m1[39m,
  key: [33m1776869883136[39m,
  timestamp: [33m1776869882133[39m
}
[Graph3D] Creating simulation: [33m3[39m nodes
[Graph3D] createGraphSimulation called: { hasObjectManager: [33mtrue[39m, hasScene: [33mtrue[39m, nodeCount: [33m3[39m, linkCount: [33m1[39m }
[Graph3D] Clearing existing objects...
[Graph3D] Calling createSimulation...
[Graph3D] Simulation created, setting up event handlers...
[Graph3D] Data changed: {
  nodesLen: [33m3[39m,
  linksLen: [33m1[39m,
  key: [33m1776869883216[39m,
  timestamp: [33m1776869882213[39m
}
[Graph3D] Creating simulation: [33m3[39m nodes
[Graph3D] createGraphSimulation called: { hasObjectManager: [33mtrue[39m, hasScene: [33mtrue[39m, nodeCount: [33m3[39m, linkCount: [33m1[39m }
[Graph3D] Clearing existing objects...
[Graph3D] Calling createSimulation...
[Graph3D] Simulation created, setting up event handlers...
[Graph3D] Data changed: {
  nodesLen: [33m3[39m,
  linksLen: [33m1[39m,
  key: [33m1776869883302[39m,
  timestamp: [33m1776869882299[39m
}
[Graph3D] Creating simulation: [33m3[39m nodes
[Graph3D] createGraphSimulation called: { hasObjectManager: [33mtrue[39m, hasScene: [33mtrue[39m, nodeCount: [33m3[39m, linkCount: [33m1[39m }
[Graph3D] Clearing existing objects...
[Graph3D] Calling createSimulation...
[Graph3D] Simulation created, setting up event handlers...
[Graph3D] Data changed: {
  nodesLen: [33m3[39m,
  linksLen: [33m1[39m,
  key: [33m1776869883402[39m,
  timestamp: [33m1776869882399[39m
}
[Graph3D] Creating simulation: [33m3[39m nodes
[Graph3D] createGraphSimulation called: { hasObjectManager: [33mtrue[39m, hasScene: [33mtrue[39m, nodeCount: [33m3[39m, linkCount: [33m1[39m }
[Graph3D] Clearing existing objects...
[Graph3D] Calling createSimulation...
[Graph3D] Simulation created, setting up event handlers...
[Graph3D] Data changed: {
  nodesLen: [33m3[39m,
  linksLen: [33m1[39m,
  key: [33m1776869883488[39m,
  timestamp: [33m1776869882485[39m
}
[Graph3D] Creating simulation: [33m3[39m nodes
[Graph3D] createGraphSimulation called: { hasObjectManager: [33mtrue[39m, hasScene: [33mtrue[39m, nodeCount: [33m3[39m, linkCount: [33m1[39m }
[Graph3D] Clearing existing objects...
[Graph3D] Calling createSimulation...
[Graph3D] Simulation created, setting up event handlers...
[Graph3D] Data changed: {
  nodesLen: [33m3[39m,
  linksLen: [33m1[39m,
  key: [33m1776869883565[39m,
  timestamp: [33m1776869882562[39m
}
[Graph3D] Creating simulation: [33m3[39m nodes
[Graph3D] createGraphSimulation called: { hasObjectManager: [33mtrue[39m, hasScene: [33mtrue[39m, nodeCount: [33m3[39m, linkCount: [33m1[39m }
[Graph3D] Clearing existing objects...
[Graph3D] Calling createSimulation...
[Graph3D] Simulation created, setting up event handlers...
[Graph3D] Data changed: {
  nodesLen: [33m3[39m,
  linksLen: [33m1[39m,
  key: [33m1776869883639[39m,
  timestamp: [33m1776869882636[39m
}
[Graph3D] Creating simulation: [33m3[39m nodes
[Graph3D] createGraphSimulation called: { hasObjectManager: [33mtrue[39m, hasScene: [33mtrue[39m, nodeCount: [33m3[39m, linkCount: [33m1[39m }
[Graph3D] Clearing existing objects...
[Graph3D] Calling createSimulation...
[Graph3D] Simulation created, setting up event handlers...
[Graph3D] Data changed: {
  nodesLen: [33m3[39m,
  linksLen: [33m1[39m,
  key: [33m1776869883709[39m,
  timestamp: [33m1776869882706[39m
}
[Graph3D] Creating simulation: [33m3[39m nodes
[Graph3D] createGraphSimulation called: { hasObjectManager: [33mtrue[39m, hasScene: [33mtrue[39m, nodeCount: [33m3[39m, linkCount: [33m1[39m }
[Graph3D] Clearing existing objects...
[Graph3D] Calling createSimulation...
[Graph3D] Simulation created, setting up event handlers...
[Graph3D] Data changed: {
  nodesLen: [33m3[39m,
  linksLen: [33m1[39m,
  key: [33m1776869883788[39m,
  timestamp: [33m1776869882785[39m
}
[Graph3D] Creating simulation: [33m3[39m nodes
[Graph3D] createGraphSimulation called: { hasObjectManager: [33mtrue[39m, hasScene: [33mtrue[39m, nodeCount: [33m3[39m, linkCount: [33m1[39m }
[Graph3D] Clearing existing objects...
[Graph3D] Calling createSimulation...
[Graph3D] Simulation created, setting up event handlers...
[Graph3D] Data changed: {
  nodesLen: [33m3[39m,
  linksLen: [33m1[39m,
  key: [33m1776869883890[39m,
  timestamp: [33m1776869882887[39m
}
[Graph3D] Creating simulation: [33m3[39m nodes
[Graph3D] createGraphSimulation called: { hasObjectManager: [33mtrue[39m, hasScene: [33mtrue[39m, nodeCount: [33m3[39m, linkCount: [33m1[39m }
[Graph3D] Clearing existing objects...
[Graph3D] Calling createSimulation...
[Graph3D] Simulation created, setting up event handlers...
[Graph3D] Data changed: {
  nodesLen: [33m3[39m,
  linksLen: [33m1[39m,
  key: [33m1776869883980[39m,
  timestamp: [33m1776869882977[39m
}
[Graph3D] Creating simulation: [33m3[39m nodes
[Graph3D] createGraphSimulation called: { hasObjectManager: [33mtrue[39m, hasScene: [33mtrue[39m, nodeCount: [33m3[39m, linkCount: [33m1[39m }
[Graph3D] Clearing existing objects...
[Graph3D] Calling createSimulation...
[Graph3D] Simulation created, setting up event handlers...
[Graph3D] Data changed: {
  nodesLen: [33m3[39m,
  linksLen: [33m1[39m,
  key: [33m1776869884049[39m,
  timestamp: [33m1776869883046[39m
}
[Graph3D] Creating simulation: [33m3[39m nodes
[Graph3D] createGraphSimulation called: { hasObjectManager: [33mtrue[39m, hasScene: [33mtrue[39m, nodeCount: [33m3[39m, linkCount: [33m1[39m }
[Graph3D] Clearing existing objects...
[Graph3D] Calling createSimulation...
[Graph3D] Simulation created, setting up event handlers...
[Graph3D] Data changed: {
  nodesLen: [33m3[39m,
  linksLen: [33m1[39m,
  key: [33m1776869884123[39m,
  timestamp: [33m1776869883120[39m
}
[Graph3D] Creating simulation: [33m3[39m nodes
[Graph3D] createGraphSimulation called: { hasObjectManager: [33mtrue[39m, hasScene: [33mtrue[39m, nodeCount: [33m3[39m, linkCount: [33m1[39m }
[Graph3D] Clearing existing objects...
[Graph3D] Calling createSimulation...
[Graph3D] Simulation created, setting up event handlers...
[Graph3D] Data changed: {
  nodesLen: [33m3[39m,
  linksLen: [33m1[39m,
  key: [33m1776869884197[39m,
  timestamp: [33m1776869883194[39m
}
[Graph3D] Creating simulation: [33m3[39m nodes
[Graph3D] createGraphSimulation called: { hasObjectManager: [33mtrue[39m, hasScene: [33mtrue[39m, nodeCount: [33m3[39m, linkCount: [33m1[39m }
[Graph3D] Clearing existing objects...
[Graph3D] Calling createSimulation...
[Graph3D] Simulation created, setting up event handlers...
[Graph3D] Data changed: {
  nodesLen: [33m3[39m,
  linksLen: [33m1[39m,
  key: [33m1776869884272[39m,
  timestamp: [33m1776869883269[39m
}
[Graph3D] Creating simulation: [33m3[39m nodes
[Graph3D] createGraphSimulation called: { hasObjectManager: [33mtrue[39m, hasScene: [33mtrue[39m, nodeCount: [33m3[39m, linkCount: [33m1[39m }
[Graph3D] Clearing existing objects...
[Graph3D] Calling createSimulation...
[Graph3D] Simulation created, setting up event handlers...
[Graph3D] Data changed: {
  nodesLen: [33m3[39m,
  linksLen: [33m1[39m,
  key: [33m1776869884340[39m,
  timestamp: [33m1776869883337[39m
}
[Graph3D] Creating simulation: [33m3[39m nodes
[Graph3D] createGraphSimulation called: { hasObjectManager: [33mtrue[39m, hasScene: [33mtrue[39m, nodeCount: [33m3[39m, linkCount: [33m1[39m }
[Graph3D] Clearing existing objects...
[Graph3D] Calling createSimulation...
[Graph3D] Simulation created, setting up event handlers...
[Graph3D] Data changed: {
  nodesLen: [33m3[39m,
  linksLen: [33m1[39m,
  key: [33m1776869884425[39m,
  timestamp: [33m1776869883422[39m
}
[Graph3D] Creating simulation: [33m3[39m nodes
[Graph3D] createGraphSimulation called: { hasObjectManager: [33mtrue[39m, hasScene: [33mtrue[39m, nodeCount: [33m3[39m, linkCount: [33m1[39m }
[Graph3D] Clearing existing objects...
[Graph3D] Calling createSimulation...
[Graph3D] Simulation created, setting up event handlers...
[Graph3D] Data changed: {
  nodesLen: [33m3[39m,
  linksLen: [33m1[39m,
  key: [33m1776869884498[39m,
  timestamp: [33m1776869883495[39m
}
[Graph3D] Creating simulation: [33m3[39m nodes
[Graph3D] createGraphSimulation called: { hasObjectManager: [33mtrue[39m, hasScene: [33mtrue[39m, nodeCount: [33m3[39m, linkCount: [33m1[39m }
[Graph3D] Clearing existing objects...
[Graph3D] Calling createSimulation...
[Graph3D] Simulation created, setting up event handlers...
[Graph3D] Data changed: {
  nodesLen: [33m3[39m,
  linksLen: [33m1[39m,
  key: [33m1776869884581[39m,
  timestamp: [33m1776869883578[39m
}
[Graph3D] Creating simulation: [33m3[39m nodes
[Graph3D] createGraphSimulation called: { hasObjectManager: [33mtrue[39m, hasScene: [33mtrue[39m, nodeCount: [33m3[39m, linkCount: [33m1[39m }
[Graph3D] Clearing existing objects...
[Graph3D] Calling createSimulation...
[Graph3D] Simulation created, setting up event handlers...
[Graph3D] Data changed: {
  nodesLen: [33m3[39m,
  linksLen: [33m1[39m,
  key: [33m1776869884649[39m,
  timestamp: [33m1776869883646[39m
}
[Graph3D] Creating simulation: [33m3[39m nodes
[Graph3D] createGraphSimulation called: { hasObjectManager: [33mtrue[39m, hasScene: [33mtrue[39m, nodeCount: [33m3[39m, linkCount: [33m1[39m }
[Graph3D] Clearing existing objects...
[Graph3D] Calling createSimulation...
[Graph3D] Simulation created, setting up event handlers...
[Graph3D] Data changed: {
  nodesLen: [33m3[39m,
  linksLen: [33m1[39m,
  key: [33m1776869884727[39m,
  timestamp: [33m1776869883724[39m
}
[Graph3D] Creating simulation: [33m3[39m nodes
[Graph3D] createGraphSimulation called: { hasObjectManager: [33mtrue[39m, hasScene: [33mtrue[39m, nodeCount: [33m3[39m, linkCount: [33m1[39m }
[Graph3D] Clearing existing objects...
[Graph3D] Calling createSimulation...
[Graph3D] Simulation created, setting up event handlers...
[Graph3D] Data changed: {
  nodesLen: [33m3[39m,
  linksLen: [33m1[39m,
  key: [33m1776869884807[39m,
  timestamp: [33m1776869883804[39m
}
[Graph3D] Creating simulation: [33m3[39m nodes
[Graph3D] createGraphSimulation called: { hasObjectManager: [33mtrue[39m, hasScene: [33mtrue[39m, nodeCount: [33m3[39m, linkCount: [33m1[39m }
[Graph3D] Clearing existing objects...
[Graph3D] Calling createSimulation...
[Graph3D] Simulation created, setting up event handlers...
[Graph3D] Data changed: {
  nodesLen: [33m3[39m,
  linksLen: [33m1[39m,
  key: [33m1776869884885[39m,
  timestamp: [33m1776869883882[39m
}
[Graph3D] Creating simulation: [33m3[39m nodes
[Graph3D] createGraphSimulation called: { hasObjectManager: [33mtrue[39m, hasScene: [33mtrue[39m, nodeCount: [33m3[39m, linkCount: [33m1[39m }
[Graph3D] Clearing existing objects...
[Graph3D] Calling createSimulation...
[Graph3D] Simulation created, setting up event handlers...
[Graph3D] Data changed: {
  nodesLen: [33m3[39m,
  linksLen: [33m1[39m,
  key: [33m1776869884959[39m,
  timestamp: [33m1776869883956[39m
}
[Graph3D] Creating simulation: [33m3[39m nodes
[Graph3D] createGraphSimulation called: { hasObjectManager: [33mtrue[39m, hasScene: [33mtrue[39m, nodeCount: [33m3[39m, linkCount: [33m1[39m }
[Graph3D] Clearing existing objects...
[Graph3D] Calling createSimulation...
[Graph3D] Simulation created, setting up event handlers...
[Graph3D] Data changed: {
  nodesLen: [33m3[39m,
  linksLen: [33m1[39m,
  key: [33m1776869885032[39m,
  timestamp: [33m1776869884029[39m
}
[Graph3D] Creating simulation: [33m3[39m nodes
[Graph3D] createGraphSimulation called: { hasObjectManager: [33mtrue[39m, hasScene: [33mtrue[39m, nodeCount: [33m3[39m, linkCount: [33m1[39m }
[Graph3D] Clearing existing objects...
[Graph3D] Calling createSimulation...
[Graph3D] Simulation created, setting up event handlers...
[Graph3D] Data changed: {
  nodesLen: [33m3[39m,
  linksLen: [33m1[39m,
  key: [33m1776869885108[39m,
  timestamp: [33m1776869884105[39m
}
[Graph3D] Creating simulation: [33m3[39m nodes
[Graph3D] createGraphSimulation called: { hasObjectManager: [33mtrue[39m, hasScene: [33mtrue[39m, nodeCount: [33m3[39m, linkCount: [33m1[39m }
[Graph3D] Clearing existing objects...
[Graph3D] Calling createSimulation...
[Graph3D] Simulation created, setting up event handlers...
[Graph3D] Data changed: {
  nodesLen: [33m3[39m,
  linksLen: [33m1[39m,
  key: [33m1776869885186[39m,
  timestamp: [33m1776869884183[39m
}
[Graph3D] Creating simulation: [33m3[39m nodes
[Graph3D] createGraphSimulation called: { hasObjectManager: [33mtrue[39m, hasScene: [33mtrue[39m, nodeCount: [33m3[39m, linkCount: [33m1[39m }
[Graph3D] Clearing existing objects...
[Graph3D] Calling createSimulation...
[Graph3D] Simulation created, setting up event handlers...
[Graph3D] Data changed: {
  nodesLen: [33m3[39m,
  linksLen: [33m1[39m,
  key: [33m1776869885261[39m,
  timestamp: [33m1776869884258[39m
}
[Graph3D] Creating simulation: [33m3[39m nodes
[Graph3D] createGraphSimulation called: { hasObjectManager: [33mtrue[39m, hasScene: [33mtrue[39m, nodeCount: [33m3[39m, linkCount: [33m1[39m }
[Graph3D] Clearing existing objects...
[Graph3D] Calling createSimulation...
[Graph3D] Simulation created, setting up event handlers...
[Graph3D] Data changed: {
  nodesLen: [33m3[39m,
  linksLen: [33m1[39m,
  key: [33m1776869885336[39m,
  timestamp: [33m1776869884333[39m
}
[Graph3D] Creating simulation: [33m3[39m nodes
[Graph3D] createGraphSimulation called: { hasObjectManager: [33mtrue[39m, hasScene: [33mtrue[39m, nodeCount: [33m3[39m, linkCount: [33m1[39m }
[Graph3D] Clearing existing objects...
[Graph3D] Calling createSimulation...
[Graph3D] Simulation created, setting up event handlers...
[Graph3D] Data changed: {
  nodesLen: [33m3[39m,
  linksLen: [33m1[39m,
  key: [33m1776869885423[39m,
  timestamp: [33m1776869884420[39m
}
[Graph3D] Creating simulation: [33m3[39m nodes
[Graph3D] createGraphSimulation called: { hasObjectManager: [33mtrue[39m, hasScene: [33mtrue[39m, nodeCount: [33m3[39m, linkCount: [33m1[39m }
[Graph3D] Clearing existing objects...
[Graph3D] Calling createSimulation...
[Graph3D] Simulation created, setting up event handlers...
[Graph3D] Data changed: {
  nodesLen: [33m3[39m,
  linksLen: [33m1[39m,
  key: [33m1776869885506[39m,
  timestamp: [33m1776869884503[39m
}
[Graph3D] Creating simulation: [33m3[39m nodes
[Graph3D] createGraphSimulation called: { hasObjectManager: [33mtrue[39m, hasScene: [33mtrue[39m, nodeCount: [33m3[39m, linkCount: [33m1[39m }
[Graph3D] Clearing existing objects...
[Graph3D] Calling createSimulation...
[Graph3D] Simulation created, setting up event handlers...
[Graph3D] Data changed: {
  nodesLen: [33m3[39m,
  linksLen: [33m1[39m,
  key: [33m1776869885577[39m,
  timestamp: [33m1776869884574[39m
}
[Graph3D] Creating simulation: [33m3[39m nodes
[Graph3D] createGraphSimulation called: { hasObjectManager: [33mtrue[39m, hasScene: [33mtrue[39m, nodeCount: [33m3[39m, linkCount: [33m1[39m }
[Graph3D] Clearing existing objects...
[Graph3D] Calling createSimulation...
[Graph3D] Simulation created, setting up event handlers...
[Graph3D] Data changed: {
  nodesLen: [33m3[39m,
  linksLen: [33m1[39m,
  key: [33m1776869885645[39m,
  timestamp: [33m1776869884642[39m
}
[Graph3D] Creating simulation: [33m3[39m nodes
[Graph3D] createGraphSimulation called: { hasObjectManager: [33mtrue[39m, hasScene: [33mtrue[39m, nodeCount: [33m3[39m, linkCount: [33m1[39m }
[Graph3D] Clearing existing objects...
[Graph3D] Calling createSimulation...
[Graph3D] Simulation created, setting up event handlers...
[Graph3D] Data changed: {
  nodesLen: [33m3[39m,
  linksLen: [33m1[39m,
  key: [33m1776869885727[39m,
  timestamp: [33m1776869884724[39m
}
[Graph3D] Creating simulation: [33m3[39m nodes
[Graph3D] createGraphSimulation called: { hasObjectManager: [33mtrue[39m, hasScene: [33mtrue[39m, nodeCount: [33m3[39m, linkCount: [33m1[39m }
[Graph3D] Clearing existing objects...
[Graph3D] Calling createSimulation...
[Graph3D] Simulation created, setting up event handlers...
[Graph3D] Data changed: {
  nodesLen: [33m3[39m,
  linksLen: [33m1[39m,
  key: [33m1776869885805[39m,
  timestamp: [33m1776869884802[39m
}
[Graph3D] Creating simulation: [33m3[39m nodes
[Graph3D] createGraphSimulation called: { hasObjectManager: [33mtrue[39m, hasScene: [33mtrue[39m, nodeCount: [33m3[39m, linkCount: [33m1[39m }
[Graph3D] Clearing existing objects...
[Graph3D] Calling createSimulation...
[Graph3D] Simulation created, setting up event handlers...
[Graph3D] Data changed: {
  nodesLen: [33m3[39m,
  linksLen: [33m1[39m,
  key: [33m1776869885883[39m,
  timestamp: [33m1776869884880[39m
}
[Graph3D] Creating simulation: [33m3[39m nodes
[Graph3D] createGraphSimulation called: { hasObjectManager: [33mtrue[39m, hasScene: [33mtrue[39m, nodeCount: [33m3[39m, linkCount: [33m1[39m }
[Graph3D] Clearing existing objects...
[Graph3D] Calling createSimulation...
[Graph3D] Simulation created, setting up event handlers...
[Graph3D] Data changed: {
  nodesLen: [33m3[39m,
  linksLen: [33m1[39m,
  key: [33m1776869885974[39m,
  timestamp: [33m1776869884971[39m
}
[Graph3D] Creating simulation: [33m3[39m nodes
[Graph3D] createGraphSimulation called: { hasObjectManager: [33mtrue[39m, hasScene: [33mtrue[39m, nodeCount: [33m3[39m, linkCount: [33m1[39m }
[Graph3D] Clearing existing objects...
[Graph3D] Calling createSimulation...
[Graph3D] Simulation created, setting up event handlers...
[Graph3D] Data changed: {
  nodesLen: [33m3[39m,
  linksLen: [33m1[39m,
  key: [33m1776869886048[39m,
  timestamp: [33m1776869885045[39m
}
[Graph3D] Creating simulation: [33m3[39m nodes
[Graph3D] createGraphSimulation called: { hasObjectManager: [33mtrue[39m, hasScene: [33mtrue[39m, nodeCount: [33m3[39m, linkCount: [33m1[39m }
[Graph3D] Clearing existing objects...
[Graph3D] Calling createSimulation...
[Graph3D] Simulation created, setting up event handlers...
[Graph3D] Data changed: {
  nodesLen: [33m3[39m,
  linksLen: [33m1[39m,
  key: [33m1776869886118[39m,
  timestamp: [33m1776869885115[39m
}
[Graph3D] Creating simulation: [33m3[39m nodes
[Graph3D] createGraphSimulation called: { hasObjectManager: [33mtrue[39m, hasScene: [33mtrue[39m, nodeCount: [33m3[39m, linkCount: [33m1[39m }
[Graph3D] Clearing existing objects...
[Graph3D] Calling createSimulation...
[Graph3D] Simulation created, setting up event handlers...
[Graph3D] Data changed: {
  nodesLen: [33m3[39m,
  linksLen: [33m1[39m,
  key: [33m1776869886195[39m,
  timestamp: [33m1776869885192[39m
}
[Graph3D] Creating simulation: [33m3[39m nodes
[Graph3D] createGraphSimulation called: { hasObjectManager: [33mtrue[39m, hasScene: [33mtrue[39m, nodeCount: [33m3[39m, linkCount: [33m1[39m }
[Graph3D] Clearing existing objects...
[Graph3D] Calling createSimulation...
[Graph3D] Simulation created, setting up event handlers...
[Graph3D] Data changed: {
  nodesLen: [33m3[39m,
  linksLen: [33m1[39m,
  key: [33m1776869886274[39m,
  timestamp: [33m1776869885271[39m
}
[Graph3D] Creating simulation: [33m3[39m nodes
[Graph3D] createGraphSimulation called: { hasObjectManager: [33mtrue[39m, hasScene: [33mtrue[39m, nodeCount: [33m3[39m, linkCount: [33m1[39m }
[Graph3D] Clearing existing objects...
[Graph3D] Calling createSimulation...
[Graph3D] Simulation created, setting up event handlers...
[Graph3D] Data changed: {
  nodesLen: [33m3[39m,
  linksLen: [33m1[39m,
  key: [33m1776869886343[39m,
  timestamp: [33m1776869885340[39m
}
[Graph3D] Creating simulation: [33m3[39m nodes
[Graph3D] createGraphSimulation called: { hasObjectManager: [33mtrue[39m, hasScene: [33mtrue[39m, nodeCount: [33m3[39m, linkCount: [33m1[39m }
[Graph3D] Clearing existing objects...
[Graph3D] Calling createSimulation...
[Graph3D] Simulation created, setting up event handlers...
[Graph3D] Data changed: {
  nodesLen: [33m3[39m,
  linksLen: [33m1[39m,
  key: [33m1776869886422[39m,
  timestamp: [33m1776869885419[39m
}
[Graph3D] Creating simulation: [33m3[39m nodes
[Graph3D] createGraphSimulation called: { hasObjectManager: [33mtrue[39m, hasScene: [33mtrue[39m, nodeCount: [33m3[39m, linkCount: [33m1[39m }
[Graph3D] Clearing existing objects...
[Graph3D] Calling createSimulation...
[Graph3D] Simulation created, setting up event handlers...
[Graph3D] Data changed: {
  nodesLen: [33m3[39m,
  linksLen: [33m1[39m,
  key: [33m1776869886502[39m,
  timestamp: [33m1776869885499[39m
}
[Graph3D] Creating simulation: [33m3[39m nodes
[Graph3D] createGraphSimulation called: { hasObjectManager: [33mtrue[39m, hasScene: [33mtrue[39m, nodeCount: [33m3[39m, linkCount: [33m1[39m }
[Graph3D] Clearing existing objects...
[Graph3D] Calling createSimulation...
[Graph3D] Simulation created, setting up event handlers...
[Graph3D] Data changed: {
  nodesLen: [33m3[39m,
  linksLen: [33m1[39m,
  key: [33m1776869886579[39m,
  timestamp: [33m1776869885576[39m
}
[Graph3D] Creating simulation: [33m3[39m nodes
[Graph3D] createGraphSimulation called: { hasObjectManager: [33mtrue[39m, hasScene: [33mtrue[39m, nodeCount: [33m3[39m, linkCount: [33m1[39m }
[Graph3D] Clearing existing objects...
[Graph3D] Calling createSimulation...
[Graph3D] Simulation created, setting up event handlers...
[Graph3D] Data changed: {
  nodesLen: [33m3[39m,
  linksLen: [33m1[39m,
  key: [33m1776869886659[39m,
  timestamp: [33m1776869885656[39m
}
[Graph3D] Creating simulation: [33m3[39m nodes
[Graph3D] createGraphSimulation called: { hasObjectManager: [33mtrue[39m, hasScene: [33mtrue[39m, nodeCount: [33m3[39m, linkCount: [33m1[39m }
[Graph3D] Clearing existing objects...
[Graph3D] Calling createSimulation...
[Graph3D] Simulation created, setting up event handlers...
[Graph3D] Data changed: {
  nodesLen: [33m3[39m,
  linksLen: [33m1[39m,
  key: [33m1776869886741[39m,
  timestamp: [33m1776869885738[39m
}
[Graph3D] Creating simulation: [33m3[39m nodes
[Graph3D] createGraphSimulation called: { hasObjectManager: [33mtrue[39m, hasScene: [33mtrue[39m, nodeCount: [33m3[39m, linkCount: [33m1[39m }
[Graph3D] Clearing existing objects...
[Graph3D] Calling createSimulation...
[Graph3D] Simulation created, setting up event handlers...
[Graph3D] Data changed: {
  nodesLen: [33m3[39m,
  linksLen: [33m1[39m,
  key: [33m1776869886820[39m,
  timestamp: [33m1776869885817[39m
}
[Graph3D] Creating simulation: [33m3[39m nodes
[Graph3D] createGraphSimulation called: { hasObjectManager: [33mtrue[39m, hasScene: [33mtrue[39m, nodeCount: [33m3[39m, linkCount: [33m1[39m }
[Graph3D] Clearing existing objects...
[Graph3D] Calling createSimulation...
[Graph3D] Simulation created, setting up event handlers...
[Graph3D] Data changed: {
  nodesLen: [33m3[39m,
  linksLen: [33m1[39m,
  key: [33m1776869886893[39m,
  timestamp: [33m1776869885890[39m
}
[Graph3D] Creating simulation: [33m3[39m nodes
[Graph3D] createGraphSimulation called: { hasObjectManager: [33mtrue[39m, hasScene: [33mtrue[39m, nodeCount: [33m3[39m, linkCount: [33m1[39m }
[Graph3D] Clearing existing objects...
[Graph3D] Calling createSimulation...
[Graph3D] Simulation created, setting up event handlers...
[Graph3D] Data changed: {
  nodesLen: [33m3[39m,
  linksLen: [33m1[39m,
  key: [33m1776869886973[39m,
  timestamp: [33m1776869885970[39m
}
[Graph3D] Creating simulation: [33m3[39m nodes
[Graph3D] createGraphSimulation called: { hasObjectManager: [33mtrue[39m, hasScene: [33mtrue[39m, nodeCount: [33m3[39m, linkCount: [33m1[39m }
[Graph3D] Clearing existing objects...
[Graph3D] Calling createSimulation...
[Graph3D] Simulation created, setting up event handlers...
[Graph3D] Data changed: {
  nodesLen: [33m3[39m,
  linksLen: [33m1[39m,
  key: [33m1776869887047[39m,
  timestamp: [33m1776869886044[39m
}
[Graph3D] Creating simulation: [33m3[39m nodes
[Graph3D] createGraphSimulation called: { hasObjectManager: [33mtrue[39m, hasScene: [33mtrue[39m, nodeCount: [33m3[39m, linkCount: [33m1[39m }
[Graph3D] Clearing existing objects...
[Graph3D] Calling createSimulation...
[Graph3D] Simulation created, setting up event handlers...
[Graph3D] Data changed: {
  nodesLen: [33m3[39m,
  linksLen: [33m1[39m,
  key: [33m1776869887121[39m,
  timestamp: [33m1776869886118[39m
}
[Graph3D] Creating simulation: [33m3[39m nodes
[Graph3D] createGraphSimulation called: { hasObjectManager: [33mtrue[39m, hasScene: [33mtrue[39m, nodeCount: [33m3[39m, linkCount: [33m1[39m }
[Graph3D] Clearing existing objects...
[Graph3D] Calling createSimulation...
[Graph3D] Simulation created, setting up event handlers...
[Graph3D] Data changed: {
  nodesLen: [33m3[39m,
  linksLen: [33m1[39m,
  key: [33m1776869887197[39m,
  timestamp: [33m1776869886194[39m
}
[Graph3D] Creating simulation: [33m3[39m nodes
[Graph3D] createGraphSimulation called: { hasObjectManager: [33mtrue[39m, hasScene: [33mtrue[39m, nodeCount: [33m3[39m, linkCount: [33m1[39m }
[Graph3D] Clearing existing objects...
[Graph3D] Calling createSimulation...
[Graph3D] Simulation created, setting up event handlers...
[Graph3D] Data changed: {
  nodesLen: [33m3[39m,
  linksLen: [33m1[39m,
  key: [33m1776869887271[39m,
  timestamp: [33m1776869886268[39m
}
[Graph3D] Creating simulation: [33m3[39m nodes
[Graph3D] createGraphSimulation called: { hasObjectManager: [33mtrue[39m, hasScene: [33mtrue[39m, nodeCount: [33m3[39m, linkCount: [33m1[39m }
[Graph3D] Clearing existing objects...
[Graph3D] Calling createSimulation...
[Graph3D] Simulation created, setting up event handlers...
[Graph3D] Data changed: {
  nodesLen: [33m3[39m,
  linksLen: [33m1[39m,
  key: [33m1776869887355[39m,
  timestamp: [33m1776869886352[39m
}
[Graph3D] Creating simulation: [33m3[39m nodes
[Graph3D] createGraphSimulation called: { hasObjectManager: [33mtrue[39m, hasScene: [33mtrue[39m, nodeCount: [33m3[39m, linkCount: [33m1[39m }
[Graph3D] Clearing existing objects...
[Graph3D] Calling createSimulation...
[Graph3D] Simulation created, setting up event handlers...
[Graph3D] Data changed: {
  nodesLen: [33m3[39m,
  linksLen: [33m1[39m,
  key: [33m1776869887434[39m,
  timestamp: [33m1776869886431[39m
}
[Graph3D] Creating simulation: [33m3[39m nodes
[Graph3D] createGraphSimulation called: { hasObjectManager: [33mtrue[39m, hasScene: [33mtrue[39m, nodeCount: [33m3[39m, linkCount: [33m1[39m }
[Graph3D] Clearing existing objects...
[Graph3D] Calling createSimulation...
[Graph3D] Simulation created, setting up event handlers...
[Graph3D] Data changed: {
  nodesLen: [33m3[39m,
  linksLen: [33m1[39m,
  key: [33m1776869887509[39m,
  timestamp: [33m1776869886506[39m
}
[Graph3D] Creating simulation: [33m3[39m nodes
[Graph3D] createGraphSimulation called: { hasObjectManager: [33mtrue[39m, hasScene: [33mtrue[39m, nodeCount: [33m3[39m, linkCount: [33m1[39m }
[Graph3D] Clearing existing objects...
[Graph3D] Calling createSimulation...
[Graph3D] Simulation created, setting up event handlers...
[Graph3D] Data changed: {
  nodesLen: [33m3[39m,
  linksLen: [33m1[39m,
  key: [33m1776869887589[39m,
  timestamp: [33m1776869886586[39m
}
[Graph3D] Creating simulation: [33m3[39m nodes
[Graph3D] createGraphSimulation called: { hasObjectManager: [33mtrue[39m, hasScene: [33mtrue[39m, nodeCount: [33m3[39m, linkCount: [33m1[39m }
[Graph3D] Clearing existing objects...
[Graph3D] Calling createSimulation...
[Graph3D] Simulation created, setting up event handlers...
[Graph3D] Data changed: {
  nodesLen: [33m3[39m,
  linksLen: [33m1[39m,
  key: [33m1776869887663[39m,
  timestamp: [33m1776869886660[39m
}
[Graph3D] Creating simulation: [33m3[39m nodes
[Graph3D] createGraphSimulation called: { hasObjectManager: [33mtrue[39m, hasScene: [33mtrue[39m, nodeCount: [33m3[39m, linkCount: [33m1[39m }
[Graph3D] Clearing existing objects...
[Graph3D] Calling createSimulation...
[Graph3D] Simulation created, setting up event handlers...
[Graph3D] Data changed: {
  nodesLen: [33m3[39m,
  linksLen: [33m1[39m,
  key: [33m1776869887740[39m,
  timestamp: [33m1776869886737[39m
}
[Graph3D] Creating simulation: [33m3[39m nodes
[Graph3D] createGraphSimulation called: { hasObjectManager: [33mtrue[39m, hasScene: [33mtrue[39m, nodeCount: [33m3[39m, linkCount: [33m1[39m }
[Graph3D] Clearing existing objects...
[Graph3D] Calling createSimulation...
[Graph3D] Simulation created, setting up event handlers...
[Graph3D] Data changed: {
  nodesLen: [33m3[39m,
  linksLen: [33m1[39m,
  key: [33m1776869887823[39m,
  timestamp: [33m1776869886820[39m
}
[Graph3D] Creating simulation: [33m3[39m nodes
[Graph3D] createGraphSimulation called: { hasObjectManager: [33mtrue[39m, hasScene: [33mtrue[39m, nodeCount: [33m3[39m, linkCount: [33m1[39m }
[Graph3D] Clearing existing objects...
[Graph3D] Calling createSimulation...
[Graph3D] Simulation created, setting up event handlers...
[Graph3D] Data changed: {
  nodesLen: [33m3[39m,
  linksLen: [33m1[39m,
  key: [33m1776869887899[39m,
  timestamp: [33m1776869886896[39m
}
[Graph3D] Creating simulation: [33m3[39m nodes
[Graph3D] createGraphSimulation called: { hasObjectManager: [33mtrue[39m, hasScene: [33mtrue[39m, nodeCount: [33m3[39m, linkCount: [33m1[39m }
[Graph3D] Clearing existing objects...
[Graph3D] Calling createSimulation...
[Graph3D] Simulation created, setting up event handlers...
[Graph3D] Data changed: {
  nodesLen: [33m3[39m,
  linksLen: [33m1[39m,
  key: [33m1776869887978[39m,
  timestamp: [33m1776869886975[39m
}
[Graph3D] Creating simulation: [33m3[39m nodes
[Graph3D] createGraphSimulation called: { hasObjectManager: [33mtrue[39m, hasScene: [33mtrue[39m, nodeCount: [33m3[39m, linkCount: [33m1[39m }
[Graph3D] Clearing existing objects...
[Graph3D] Calling createSimulation...
[Graph3D] Simulation created, setting up event handlers...
[Graph3D] Data changed: {
  nodesLen: [33m3[39m,
  linksLen: [33m1[39m,
  key: [33m1776869888056[39m,
  timestamp: [33m1776869887053[39m
}
[Graph3D] Creating simulation: [33m3[39m nodes
[Graph3D] createGraphSimulation called: { hasObjectManager: [33mtrue[39m, hasScene: [33mtrue[39m, nodeCount: [33m3[39m, linkCount: [33m1[39m }
[Graph3D] Clearing existing objects...
[Graph3D] Calling createSimulation...
[Graph3D] Simulation created, setting up event handlers...
[Graph3D] Data changed: {
  nodesLen: [33m3[39m,
  linksLen: [33m1[39m,
  key: [33m1776869888135[39m,
  timestamp: [33m1776869887132[39m
}
[Graph3D] Creating simulation: [33m3[39m nodes
[Graph3D] createGraphSimulation called: { hasObjectManager: [33mtrue[39m, hasScene: [33mtrue[39m, nodeCount: [33m3[39m, linkCount: [33m1[39m }
[Graph3D] Clearing existing objects...
[Graph3D] Calling createSimulation...
[Graph3D] Simulation created, setting up event handlers...
[Graph3D] Data changed: {
  nodesLen: [33m3[39m,
  linksLen: [33m1[39m,
  key: [33m1776869888229[39m,
  timestamp: [33m1776869887226[39m
}
[Graph3D] Creating simulation: [33m3[39m nodes
[Graph3D] createGraphSimulation called: { hasObjectManager: [33mtrue[39m, hasScene: [33mtrue[39m, nodeCount: [33m3[39m, linkCount: [33m1[39m }
[Graph3D] Clearing existing objects...
[Graph3D] Calling createSimulation...
[Graph3D] Simulation created, setting up event handlers...
[Graph3D] Data changed: {
  nodesLen: [33m3[39m,
  linksLen: [33m1[39m,
  key: [33m1776869888312[39m,
  timestamp: [33m1776869887309[39m
}
[Graph3D] Creating simulation: [33m3[39m nodes
[Graph3D] createGraphSimulation called: { hasObjectManager: [33mtrue[39m, hasScene: [33mtrue[39m, nodeCount: [33m3[39m, linkCount: [33m1[39m }
[Graph3D] Clearing existing objects...
[Graph3D] Calling createSimulation...
[Graph3D] Simulation created, setting up event handlers...
[Graph3D] Data changed: {
  nodesLen: [33m3[39m,
  linksLen: [33m1[39m,
  key: [33m1776869888391[39m,
  timestamp: [33m1776869887388[39m
}
[Graph3D] Creating simulation: [33m3[39m nodes
[Graph3D] createGraphSimulation called: { hasObjectManager: [33mtrue[39m, hasScene: [33mtrue[39m, nodeCount: [33m3[39m, linkCount: [33m1[39m }
[Graph3D] Clearing existing objects...
[Graph3D] Calling createSimulation...
[Graph3D] Simulation created, setting up event handlers...
[Graph3D] Data changed: {
  nodesLen: [33m3[39m,
  linksLen: [33m1[39m,
  key: [33m1776869888474[39m,
  timestamp: [33m1776869887471[39m
}
[Graph3D] Creating simulation: [33m3[39m nodes
[Graph3D] createGraphSimulation called: { hasObjectManager: [33mtrue[39m, hasScene: [33mtrue[39m, nodeCount: [33m3[39m, linkCount: [33m1[39m }
[Graph3D] Clearing existing objects...
[Graph3D] Calling createSimulation...
[Graph3D] Simulation created, setting up event handlers...
[Graph3D] Data changed: {
  nodesLen: [33m3[39m,
  linksLen: [33m1[39m,
  key: [33m1776869888569[39m,
  timestamp: [33m1776869887566[39m
}
[Graph3D] Creating simulation: [33m3[39m nodes
[Graph3D] createGraphSimulation called: { hasObjectManager: [33mtrue[39m, hasScene: [33mtrue[39m, nodeCount: [33m3[39m, linkCount: [33m1[39m }
[Graph3D] Clearing existing objects...
[Graph3D] Calling createSimulation...
[Graph3D] Simulation created, setting up event handlers...
[Graph3D] Data changed: {
  nodesLen: [33m3[39m,
  linksLen: [33m1[39m,
  key: [33m1776869888663[39m,
  timestamp: [33m1776869887660[39m
}
[Graph3D] Creating simulation: [33m3[39m nodes
[Graph3D] createGraphSimulation called: { hasObjectManager: [33mtrue[39m, hasScene: [33mtrue[39m, nodeCount: [33m3[39m, linkCount: [33m1[39m }
[Graph3D] Clearing existing objects...
[Graph3D] Calling createSimulation...
[Graph3D] Simulation created, setting up event handlers...
[Graph3D] Data changed: {
  nodesLen: [33m3[39m,
  linksLen: [33m1[39m,
  key: [33m1776869888744[39m,
  timestamp: [33m1776869887741[39m
}
[Graph3D] Creating simulation: [33m3[39m nodes
[Graph3D] createGraphSimulation called: { hasObjectManager: [33mtrue[39m, hasScene: [33mtrue[39m, nodeCount: [33m3[39m, linkCount: [33m1[39m }
[Graph3D] Clearing existing objects...
[Graph3D] Calling createSimulation...
[Graph3D] Simulation created, setting up event handlers...
[Graph3D] Data changed: {
  nodesLen: [33m3[39m,
  linksLen: [33m1[39m,
  key: [33m1776869888830[39m,
  timestamp: [33m1776869887827[39m
}
[Graph3D] Creating simulation: [33m3[39m nodes
[Graph3D] createGraphSimulation called: { hasObjectManager: [33mtrue[39m, hasScene: [33mtrue[39m, nodeCount: [33m3[39m, linkCount: [33m1[39m }
[Graph3D] Clearing existing objects...
[Graph3D] Calling createSimulation...
[Graph3D] Simulation created, setting up event handlers...
[Graph3D] Data changed: {
  nodesLen: [33m3[39m,
  linksLen: [33m1[39m,
  key: [33m1776869888912[39m,
  timestamp: [33m1776869887909[39m
}
[Graph3D] Creating simulation: [33m3[39m nodes
[Graph3D] createGraphSimulation called: { hasObjectManager: [33mtrue[39m, hasScene: [33mtrue[39m, nodeCount: [33m3[39m, linkCount: [33m1[39m }
[Graph3D] Clearing existing objects...
[Graph3D] Calling createSimulation...
[Graph3D] Simulation created, setting up event handlers...
[Graph3D] Data changed: {
  nodesLen: [33m3[39m,
  linksLen: [33m1[39m,
  key: [33m1776869889002[39m,
  timestamp: [33m1776869887999[39m
}
[Graph3D] Creating simulation: [33m3[39m nodes
[Graph3D] createGraphSimulation called: { hasObjectManager: [33mtrue[39m, hasScene: [33mtrue[39m, nodeCount: [33m3[39m, linkCount: [33m1[39m }
[Graph3D] Clearing existing objects...
[Graph3D] Calling createSimulation...
[Graph3D] Simulation created, setting up event handlers...
[Graph3D] Data changed: {
  nodesLen: [33m3[39m,
  linksLen: [33m1[39m,
  key: [33m1776869889079[39m,
  timestamp: [33m1776869888076[39m
}
[Graph3D] Creating simulation: [33m3[39m nodes
[Graph3D] createGraphSimulation called: { hasObjectManager: [33mtrue[39m, hasScene: [33mtrue[39m, nodeCount: [33m3[39m, linkCount: [33m1[39m }
[Graph3D] Clearing existing objects...
[Graph3D] Calling createSimulation...
[Graph3D] Simulation created, setting up event handlers...
[Graph3D] Data changed: {
  nodesLen: [33m3[39m,
  linksLen: [33m1[39m,
  key: [33m1776869889165[39m,
  timestamp: [33m1776869888162[39m
}
[Graph3D] Creating simulation: [33m3[39m nodes
[Graph3D] createGraphSimulation called: { hasObjectManager: [33mtrue[39m, hasScene: [33mtrue[39m, nodeCount: [33m3[39m, linkCount: [33m1[39m }
[Graph3D] Clearing existing objects...
[Graph3D] Calling createSimulation...
[Graph3D] Simulation created, setting up event handlers...
[Graph3D] Data changed: {
  nodesLen: [33m3[39m,
  linksLen: [33m1[39m,
  key: [33m1776869889245[39m,
  timestamp: [33m1776869888242[39m
}
[Graph3D] Creating simulation: [33m3[39m nodes
[Graph3D] createGraphSimulation called: { hasObjectManager: [33mtrue[39m, hasScene: [33mtrue[39m, nodeCount: [33m3[39m, linkCount: [33m1[39m }
[Graph3D] Clearing existing objects...
[Graph3D] Calling createSimulation...
[Graph3D] Simulation created, setting up event handlers...
[Graph3D] Data changed: {
  nodesLen: [33m3[39m,
  linksLen: [33m1[39m,
  key: [33m1776869889326[39m,
  timestamp: [33m1776869888323[39m
}
[Graph3D] Creating simulation: [33m3[39m nodes
[Graph3D] createGraphSimulation called: { hasObjectManager: [33mtrue[39m, hasScene: [33mtrue[39m, nodeCount: [33m3[39m, linkCount: [33m1[39m }
[Graph3D] Clearing existing objects...
[Graph3D] Calling createSimulation...
[Graph3D] Simulation created, setting up event handlers...
[Graph3D] Data changed: {
  nodesLen: [33m3[39m,
  linksLen: [33m1[39m,
  key: [33m1776869889405[39m,
  timestamp: [33m1776869888402[39m
}
[Graph3D] Creating simulation: [33m3[39m nodes
[Graph3D] createGraphSimulation called: { hasObjectManager: [33mtrue[39m, hasScene: [33mtrue[39m, nodeCount: [33m3[39m, linkCount: [33m1[39m }
[Graph3D] Clearing existing objects...
[Graph3D] Calling createSimulation...
[Graph3D] Simulation created, setting up event handlers...
[Graph3D] Data changed: {
  nodesLen: [33m3[39m,
  linksLen: [33m1[39m,
  key: [33m1776869889496[39m,
  timestamp: [33m1776869888493[39m
}
[Graph3D] Creating simulation: [33m3[39m nodes
[Graph3D] createGraphSimulation called: { hasObjectManager: [33mtrue[39m, hasScene: [33mtrue[39m, nodeCount: [33m3[39m, linkCount: [33m1[39m }
[Graph3D] Clearing existing objects...
[Graph3D] Calling createSimulation...
[Graph3D] Simulation created, setting up event handlers...
[Graph3D] Data changed: {
  nodesLen: [33m3[39m,
  linksLen: [33m1[39m,
  key: [33m1776869889582[39m,
  timestamp: [33m1776869888579[39m
}
[Graph3D] Creating simulation: [33m3[39m nodes
[Graph3D] createGraphSimulation called: { hasObjectManager: [33mtrue[39m, hasScene: [33mtrue[39m, nodeCount: [33m3[39m, linkCount: [33m1[39m }
[Graph3D] Clearing existing objects...
[Graph3D] Calling createSimulation...
[Graph3D] Simulation created, setting up event handlers...
[Graph3D] Data changed: {
  nodesLen: [33m3[39m,
  linksLen: [33m1[39m,
  key: [33m1776869889659[39m,
  timestamp: [33m1776869888656[39m
}
[Graph3D] Creating simulation: [33m3[39m nodes
[Graph3D] createGraphSimulation called: { hasObjectManager: [33mtrue[39m, hasScene: [33mtrue[39m, nodeCount: [33m3[39m, linkCount: [33m1[39m }
[Graph3D] Clearing existing objects...
[Graph3D] Calling createSimulation...
[Graph3D] Simulation created, setting up event handlers...
[Graph3D] Data changed: {
  nodesLen: [33m3[39m,
  linksLen: [33m1[39m,
  key: [33m1776869889747[39m,
  timestamp: [33m1776869888744[39m
}
[Graph3D] Creating simulation: [33m3[39m nodes
[Graph3D] createGraphSimulation called: { hasObjectManager: [33mtrue[39m, hasScene: [33mtrue[39m, nodeCount: [33m3[39m, linkCount: [33m1[39m }
[Graph3D] Clearing existing objects...
[Graph3D] Calling createSimulation...
[Graph3D] Simulation created, setting up event handlers...
[Graph3D] Data changed: {
  nodesLen: [33m3[39m,
  linksLen: [33m1[39m,
  key: [33m1776869889822[39m,
  timestamp: [33m1776869888819[39m
}
[Graph3D] Creating simulation: [33m3[39m nodes
[Graph3D] createGraphSimulation called: { hasObjectManager: [33mtrue[39m, hasScene: [33mtrue[39m, nodeCount: [33m3[39m, linkCount: [33m1[39m }
[Graph3D] Clearing existing objects...
[Graph3D] Calling createSimulation...
[Graph3D] Simulation created, setting up event handlers...
[Graph3D] Data changed: {
  nodesLen: [33m3[39m,
  linksLen: [33m1[39m,
  key: [33m1776869889902[39m,
  timestamp: [33m1776869888899[39m
}
[Graph3D] Creating simulation: [33m3[39m nodes
[Graph3D] createGraphSimulation called: { hasObjectManager: [33mtrue[39m, hasScene: [33mtrue[39m, nodeCount: [33m3[39m, linkCount: [33m1[39m }
[Graph3D] Clearing existing objects...
[Graph3D] Calling createSimulation...
[Graph3D] Simulation created, setting up event handlers...
[Graph3D] Data changed: {
  nodesLen: [33m3[39m,
  linksLen: [33m1[39m,
  key: [33m1776869889976[39m,
  timestamp: [33m1776869888973[39m
}
[Graph3D] Creating simulation: [33m3[39m nodes
[Graph3D] createGraphSimulation called: { hasObjectManager: [33mtrue[39m, hasScene: [33mtrue[39m, nodeCount: [33m3[39m, linkCount: [33m1[39m }
[Graph3D] Clearing existing objects...
[Graph3D] Calling createSimulation...
[Graph3D] Simulation created, setting up event handlers...
[Graph3D] Data changed: {
  nodesLen: [33m3[39m,
  linksLen: [33m1[39m,
  key: [33m1776869890055[39m,
  timestamp: [33m1776869889052[39m
}
[Graph3D] Creating simulation: [33m3[39m nodes
[Graph3D] createGraphSimulation called: { hasObjectManager: [33mtrue[39m, hasScene: [33mtrue[39m, nodeCount: [33m3[39m, linkCount: [33m1[39m }
[Graph3D] Clearing existing objects...
[Graph3D] Calling createSimulation...
[Graph3D] Simulation created, setting up event handlers...
[Graph3D] Data changed: {
  nodesLen: [33m3[39m,
  linksLen: [33m1[39m,
  key: [33m1776869890138[39m,
  timestamp: [33m1776869889135[39m
}
[Graph3D] Creating simulation: [33m3[39m nodes
[Graph3D] createGraphSimulation called: { hasObjectManager: [33mtrue[39m, hasScene: [33mtrue[39m, nodeCount: [33m3[39m, linkCount: [33m1[39m }
[Graph3D] Clearing existing objects...
[Graph3D] Calling createSimulation...
[Graph3D] Simulation created, setting up event handlers...
[Graph3D] Data changed: {
  nodesLen: [33m3[39m,
  linksLen: [33m1[39m,
  key: [33m1776869890217[39m,
  timestamp: [33m1776869889214[39m
}
[Graph3D] Creating simulation: [33m3[39m nodes
[Graph3D] createGraphSimulation called: { hasObjectManager: [33mtrue[39m, hasScene: [33mtrue[39m, nodeCount: [33m3[39m, linkCount: [33m1[39m }
[Graph3D] Clearing existing objects...
[Graph3D] Calling createSimulation...
[Graph3D] Simulation created, setting up event handlers...
[Graph3D] Data changed: {
  nodesLen: [33m3[39m,
  linksLen: [33m1[39m,
  key: [33m1776869890293[39m,
  timestamp: [33m1776869889290[39m
}
[Graph3D] Creating simulation: [33m3[39m nodes
[Graph3D] createGraphSimulation called: { hasObjectManager: [33mtrue[39m, hasScene: [33mtrue[39m, nodeCount: [33m3[39m, linkCount: [33m1[39m }
[Graph3D] Clearing existing objects...
[Graph3D] Calling createSimulation...
[Graph3D] Simulation created, setting up event handlers...
[Graph3D] Data changed: {
  nodesLen: [33m3[39m,
  linksLen: [33m1[39m,
  key: [33m1776869890373[39m,
  timestamp: [33m1776869889370[39m
}
[Graph3D] Creating simulation: [33m3[39m nodes
[Graph3D] createGraphSimulation called: { hasObjectManager: [33mtrue[39m, hasScene: [33mtrue[39m, nodeCount: [33m3[39m, linkCount: [33m1[39m }
[Graph3D] Clearing existing objects...
[Graph3D] Calling createSimulation...
[Graph3D] Simulation created, setting up event handlers...
[Graph3D] Data changed: {
  nodesLen: [33m3[39m,
  linksLen: [33m1[39m,
  key: [33m1776869890450[39m,
  timestamp: [33m1776869889447[39m
}
[Graph3D] Creating simulation: [33m3[39m nodes
[Graph3D] createGraphSimulation called: { hasObjectManager: [33mtrue[39m, hasScene: [33mtrue[39m, nodeCount: [33m3[39m, linkCount: [33m1[39m }
[Graph3D] Clearing existing objects...
[Graph3D] Calling createSimulation...
[Graph3D] Simulation created, setting up event handlers...
[Graph3D] Data changed: {
  nodesLen: [33m3[39m,
  linksLen: [33m1[39m,
  key: [33m1776869890538[39m,
  timestamp: [33m1776869889535[39m
}
[Graph3D] Creating simulation: [33m3[39m nodes
[Graph3D] createGraphSimulation called: { hasObjectManager: [33mtrue[39m, hasScene: [33mtrue[39m, nodeCount: [33m3[39m, linkCount: [33m1[39m }
[Graph3D] Clearing existing objects...
[Graph3D] Calling createSimulation...
[Graph3D] Simulation created, setting up event handlers...
[Graph3D] Data changed: {
  nodesLen: [33m3[39m,
  linksLen: [33m1[39m,
  key: [33m1776869890620[39m,
  timestamp: [33m1776869889617[39m
}
[Graph3D] Creating simulation: [33m3[39m nodes
[Graph3D] createGraphSimulation called: { hasObjectManager: [33mtrue[39m, hasScene: [33mtrue[39m, nodeCount: [33m3[39m, linkCount: [33m1[39m }
[Graph3D] Clearing existing objects...
[Graph3D] Calling createSimulation...
[Graph3D] Simulation created, setting up event handlers...
[Graph3D] Data changed: {
  nodesLen: [33m3[39m,
  linksLen: [33m1[39m,
  key: [33m1776869890701[39m,
  timestamp: [33m1776869889698[39m
}
[Graph3D] Creating simulation: [33m3[39m nodes
[Graph3D] createGraphSimulation called: { hasObjectManager: [33mtrue[39m, hasScene: [33mtrue[39m, nodeCount: [33m3[39m, linkCount: [33m1[39m }
[Graph3D] Clearing existing objects...
[Graph3D] Calling createSimulation...
[Graph3D] Simulation created, setting up event handlers...
[Graph3D] Data changed: {
  nodesLen: [33m3[39m,
  linksLen: [33m1[39m,
  key: [33m1776869890805[39m,
  timestamp: [33m1776869889802[39m
}
[Graph3D] Creating simulation: [33m3[39m nodes
[Graph3D] createGraphSimulation called: { hasObjectManager: [33mtrue[39m, hasScene: [33mtrue[39m, nodeCount: [33m3[39m, linkCount: [33m1[39m }
[Graph3D] Clearing existing objects...
[Graph3D] Calling createSimulation...
[Graph3D] Simulation created, setting up event handlers...
[Graph3D] Data changed: {
  nodesLen: [33m3[39m,
  linksLen: [33m1[39m,
  key: [33m1776869890885[39m,
  timestamp: [33m1776869889882[39m
}
[Graph3D] Creating simulation: [33m3[39m nodes
[Graph3D] createGraphSimulation called: { hasObjectManager: [33mtrue[39m, hasScene: [33mtrue[39m, nodeCount: [33m3[39m, linkCount: [33m1[39m }
[Graph3D] Clearing existing objects...
[Graph3D] Calling createSimulation...
[Graph3D] Simulation created, setting up event handlers...
[Graph3D] Data changed: {
  nodesLen: [33m3[39m,
  linksLen: [33m1[39m,
  key: [33m1776869890963[39m,
  timestamp: [33m1776869889960[39m
}
[Graph3D] Creating simulation: [33m3[39m nodes
[Graph3D] createGraphSimulation called: { hasObjectManager: [33mtrue[39m, hasScene: [33mtrue[39m, nodeCount: [33m3[39m, linkCount: [33m1[39m }
[Graph3D] Clearing existing objects...
[Graph3D] Calling createSimulation...
[Graph3D] Simulation created, setting up event handlers...
[Graph3D] Data changed: {
  nodesLen: [33m3[39m,
  linksLen: [33m1[39m,
  key: [33m1776869891037[39m,
  timestamp: [33m1776869890034[39m
}
[Graph3D] Creating simulation: [33m3[39m nodes
[Graph3D] createGraphSimulation called: { hasObjectManager: [33mtrue[39m, hasScene: [33mtrue[39m, nodeCount: [33m3[39m, linkCount: [33m1[39m }
[Graph3D] Clearing existing objects...
[Graph3D] Calling createSimulation...
[Graph3D] Simulation created, setting up event handlers...
[Graph3D] Data changed: {
  nodesLen: [33m3[39m,
  linksLen: [33m1[39m,
  key: [33m1776869891117[39m,
  timestamp: [33m1776869890114[39m
}
[Graph3D] Creating simulation: [33m3[39m nodes
[Graph3D] createGraphSimulation called: { hasObjectManager: [33mtrue[39m, hasScene: [33mtrue[39m, nodeCount: [33m3[39m, linkCount: [33m1[39m }
[Graph3D] Clearing existing objects...
[Graph3D] Calling createSimulation...
[Graph3D] Simulation created, setting up event handlers...
[Graph3D] Data changed: {
  nodesLen: [33m3[39m,
  linksLen: [33m1[39m,
  key: [33m1776869891191[39m,
  timestamp: [33m1776869890188[39m
}
[Graph3D] Creating simulation: [33m3[39m nodes
[Graph3D] createGraphSimulation called: { hasObjectManager: [33mtrue[39m, hasScene: [33mtrue[39m, nodeCount: [33m3[39m, linkCount: [33m1[39m }
[Graph3D] Clearing existing objects...
[Graph3D] Calling createSimulation...
[Graph3D] Simulation created, setting up event handlers...
[Graph3D] Data changed: {
  nodesLen: [33m3[39m,
  linksLen: [33m1[39m,
  key: [33m1776869891268[39m,
  timestamp: [33m1776869890265[39m
}
[Graph3D] Creating simulation: [33m3[39m nodes
[Graph3D] createGraphSimulation called: { hasObjectManager: [33mtrue[39m, hasScene: [33mtrue[39m, nodeCount: [33m3[39m, linkCount: [33m1[39m }
[Graph3D] Clearing existing objects...
[Graph3D] Calling createSimulation...
[Graph3D] Simulation created, setting up event handlers...
[Graph3D] Data changed: {
  nodesLen: [33m3[39m,
  linksLen: [33m1[39m,
  key: [33m1776869891352[39m,
  timestamp: [33m1776869890349[39m
}
[Graph3D] Creating simulation: [33m3[39m nodes
[Graph3D] createGraphSimulation called: { hasObjectManager: [33mtrue[39m, hasScene: [33mtrue[39m, nodeCount: [33m3[39m, linkCount: [33m1[39m }
[Graph3D] Clearing existing objects...
[Graph3D] Calling createSimulation...
[Graph3D] Simulation created, setting up event handlers...
[Graph3D] Data changed: {
  nodesLen: [33m3[39m,
  linksLen: [33m1[39m,
  key: [33m1776869891435[39m,
  timestamp: [33m1776869890432[39m
}
[Graph3D] Creating simulation: [33m3[39m nodes
[Graph3D] createGraphSimulation called: { hasObjectManager: [33mtrue[39m, hasScene: [33mtrue[39m, nodeCount: [33m3[39m, linkCount: [33m1[39m }
[Graph3D] Clearing existing objects...
[Graph3D] Calling createSimulation...
[Graph3D] Simulation created, setting up event handlers...
[Graph3D] Data changed: {
  nodesLen: [33m3[39m,
  linksLen: [33m1[39m,
  key: [33m1776869891514[39m,
  timestamp: [33m1776869890511[39m
}
[Graph3D] Creating simulation: [33m3[39m nodes
[Graph3D] createGraphSimulation called: { hasObjectManager: [33mtrue[39m, hasScene: [33mtrue[39m, nodeCount: [33m3[39m, linkCount: [33m1[39m }
[Graph3D] Clearing existing objects...
[Graph3D] Calling createSimulation...
[Graph3D] Simulation created, setting up event handlers...
[Graph3D] Data changed: {
  nodesLen: [33m3[39m,
  linksLen: [33m1[39m,
  key: [33m1776869891594[39m,
  timestamp: [33m1776869890591[39m
}
[Graph3D] Creating simulation: [33m3[39m nodes
[Graph3D] createGraphSimulation called: { hasObjectManager: [33mtrue[39m, hasScene: [33mtrue[39m, nodeCount: [33m3[39m, linkCount: [33m1[39m }
[Graph3D] Clearing existing objects...
[Graph3D] Calling createSimulation...
[Graph3D] Simulation created, setting up event handlers...
[Graph3D] Data changed: {
  nodesLen: [33m3[39m,
  linksLen: [33m1[39m,
  key: [33m1776869891671[39m,
  timestamp: [33m1776869890668[39m
}
[Graph3D] Creating simulation: [33m3[39m nodes
[Graph3D] createGraphSimulation called: { hasObjectManager: [33mtrue[39m, hasScene: [33mtrue[39m, nodeCount: [33m3[39m, linkCount: [33m1[39m }
[Graph3D] Clearing existing objects...
[Graph3D] Calling createSimulation...
[Graph3D] Simulation created, setting up event handlers...
[Graph3D] Data changed: {
  nodesLen: [33m3[39m,
  linksLen: [33m1[39m,
  key: [33m1776869891747[39m,
  timestamp: [33m1776869890744[39m
}
[Graph3D] Creating simulation: [33m3[39m nodes
[Graph3D] createGraphSimulation called: { hasObjectManager: [33mtrue[39m, hasScene: [33mtrue[39m, nodeCount: [33m3[39m, linkCount: [33m1[39m }
[Graph3D] Clearing existing objects...
[Graph3D] Calling createSimulation...
[Graph3D] Simulation created, setting up event handlers...
[Graph3D] Data changed: {
  nodesLen: [33m3[39m,
  linksLen: [33m1[39m,
  key: [33m1776869891825[39m,
  timestamp: [33m1776869890822[39m
}
[Graph3D] Creating simulation: [33m3[39m nodes
[Graph3D] createGraphSimulation called: { hasObjectManager: [33mtrue[39m, hasScene: [33mtrue[39m, nodeCount: [33m3[39m, linkCount: [33m1[39m }
[Graph3D] Clearing existing objects...
[Graph3D] Calling createSimulation...
[Graph3D] Simulation created, setting up event handlers...
[Graph3D] Data changed: {
  nodesLen: [33m3[39m,
  linksLen: [33m1[39m,
  key: [33m1776869891903[39m,
  timestamp: [33m1776869890900[39m
}
[Graph3D] Creating simulation: [33m3[39m nodes
[Graph3D] createGraphSimulation called: { hasObjectManager: [33mtrue[39m, hasScene: [33mtrue[39m, nodeCount: [33m3[39m, linkCount: [33m1[39m }
[Graph3D] Clearing existing objects...
[Graph3D] Calling createSimulation...
[Graph3D] Simulation created, setting up event handlers...
[Graph3D] Data changed: {
  nodesLen: [33m3[39m,
  linksLen: [33m1[39m,
  key: [33m1776869891982[39m,
  timestamp: [33m1776869890979[39m
}
[Graph3D] Creating simulation: [33m3[39m nodes
[Graph3D] createGraphSimulation called: { hasObjectManager: [33mtrue[39m, hasScene: [33mtrue[39m, nodeCount: [33m3[39m, linkCount: [33m1[39m }
[Graph3D] Clearing existing objects...
[Graph3D] Calling createSimulation...
[Graph3D] Simulation created, setting up event handlers...
[Graph3D] Data changed: {
  nodesLen: [33m3[39m,
  linksLen: [33m1[39m,
  key: [33m1776869892064[39m,
  timestamp: [33m1776869891061[39m
}
[Graph3D] Creating simulation: [33m3[39m nodes
[Graph3D] createGraphSimulation called: { hasObjectManager: [33mtrue[39m, hasScene: [33mtrue[39m, nodeCount: [33m3[39m, linkCount: [33m1[39m }
[Graph3D] Clearing existing objects...
[Graph3D] Calling createSimulation...
[Graph3D] Simulation created, setting up event handlers...
[Graph3D] Data changed: {
  nodesLen: [33m3[39m,
  linksLen: [33m1[39m,
  key: [33m1776869892142[39m,
  timestamp: [33m1776869891139[39m
}
[Graph3D] Creating simulation: [33m3[39m nodes
[Graph3D] createGraphSimulation called: { hasObjectManager: [33mtrue[39m, hasScene: [33mtrue[39m, nodeCount: [33m3[39m, linkCount: [33m1[39m }
[Graph3D] Clearing existing objects...
[Graph3D] Calling createSimulation...
[Graph3D] Simulation created, setting up event handlers...
[Graph3D] Data changed: {
  nodesLen: [33m3[39m,
  linksLen: [33m1[39m,
  key: [33m1776869892223[39m,
  timestamp: [33m1776869891220[39m
}
[Graph3D] Creating simulation: [33m3[39m nodes
[Graph3D] createGraphSimulation called: { hasObjectManager: [33mtrue[39m, hasScene: [33mtrue[39m, nodeCount: [33m3[39m, linkCount: [33m1[39m }
[Graph3D] Clearing existing objects...
[Graph3D] Calling createSimulation...
[Graph3D] Simulation created, setting up event handlers...
[Graph3D] Data changed: {
  nodesLen: [33m3[39m,
  linksLen: [33m1[39m,
  key: [33m1776869892299[39m,
  timestamp: [33m1776869891296[39m
}
[Graph3D] Creating simulation: [33m3[39m nodes
[Graph3D] createGraphSimulation called: { hasObjectManager: [33mtrue[39m, hasScene: [33mtrue[39m, nodeCount: [33m3[39m, linkCount: [33m1[39m }
[Graph3D] Clearing existing objects...
[Graph3D] Calling createSimulation...
[Graph3D] Simulation created, setting up event handlers...
[Graph3D] Data changed: {
  nodesLen: [33m3[39m,
  linksLen: [33m1[39m,
  key: [33m1776869892384[39m,
  timestamp: [33m1776869891381[39m
}
[Graph3D] Creating simulation: [33m3[39m nodes
[Graph3D] createGraphSimulation called: { hasObjectManager: [33mtrue[39m, hasScene: [33mtrue[39m, nodeCount: [33m3[39m, linkCount: [33m1[39m }
[Graph3D] Clearing existing objects...
[Graph3D] Calling createSimulation...
[Graph3D] Simulation created, setting up event handlers...
[Graph3D] Data changed: {
  nodesLen: [33m3[39m,
  linksLen: [33m1[39m,
  key: [33m1776869892460[39m,
  timestamp: [33m1776869891457[39m
}
[Graph3D] Creating simulation: [33m3[39m nodes
[Graph3D] createGraphSimulation called: { hasObjectManager: [33mtrue[39m, hasScene: [33mtrue[39m, nodeCount: [33m3[39m, linkCount: [33m1[39m }
[Graph3D] Clearing existing objects...
[Graph3D] Calling createSimulation...
[Graph3D] Simulation created, setting up event handlers...
[Graph3D] Data changed: {
  nodesLen: [33m3[39m,
  linksLen: [33m1[39m,
  key: [33m1776869892538[39m,
  timestamp: [33m1776869891535[39m
}
[Graph3D] Creating simulation: [33m3[39m nodes
[Graph3D] createGraphSimulation called: { hasObjectManager: [33mtrue[39m, hasScene: [33mtrue[39m, nodeCount: [33m3[39m, linkCount: [33m1[39m }
[Graph3D] Clearing existing objects...
[Graph3D] Calling createSimulation...
[Graph3D] Simulation created, setting up event handlers...
[Graph3D] Data changed: {
  nodesLen: [33m3[39m,
  linksLen: [33m1[39m,
  key: [33m1776869892622[39m,
  timestamp: [33m1776869891619[39m
}
[Graph3D] Creating simulation: [33m3[39m nodes
[Graph3D] createGraphSimulation called: { hasObjectManager: [33mtrue[39m, hasScene: [33mtrue[39m, nodeCount: [33m3[39m, linkCount: [33m1[39m }
[Graph3D] Clearing existing objects...
[Graph3D] Calling createSimulation...
[Graph3D] Simulation created, setting up event handlers...
[Graph3D] Data changed: {
  nodesLen: [33m3[39m,
  linksLen: [33m1[39m,
  key: [33m1776869892702[39m,
  timestamp: [33m1776869891699[39m
}
[Graph3D] Creating simulation: [33m3[39m nodes
[Graph3D] createGraphSimulation called: { hasObjectManager: [33mtrue[39m, hasScene: [33mtrue[39m, nodeCount: [33m3[39m, linkCount: [33m1[39m }
[Graph3D] Clearing existing objects...
[Graph3D] Calling createSimulation...
[Graph3D] Simulation created, setting up event handlers...
[Graph3D] Data changed: {
  nodesLen: [33m3[39m,
  linksLen: [33m1[39m,
  key: [33m1776869892785[39m,
  timestamp: [33m1776869891782[39m
}
[Graph3D] Creating simulation: [33m3[39m nodes
[Graph3D] createGraphSimulation called: { hasObjectManager: [33mtrue[39m, hasScene: [33mtrue[39m, nodeCount: [33m3[39m, linkCount: [33m1[39m }
[Graph3D] Clearing existing objects...
[Graph3D] Calling createSimulation...
[Graph3D] Simulation created, setting up event handlers...
[Graph3D] Data changed: {
  nodesLen: [33m3[39m,
  linksLen: [33m1[39m,
  key: [33m1776869892864[39m,
  timestamp: [33m1776869891861[39m
}
[Graph3D] Creating simulation: [33m3[39m nodes
[Graph3D] createGraphSimulation called: { hasObjectManager: [33mtrue[39m, hasScene: [33mtrue[39m, nodeCount: [33m3[39m, linkCount: [33m1[39m }
[Graph3D] Clearing existing objects...
[Graph3D] Calling createSimulation...
[Graph3D] Simulation created, setting up event handlers...
[Graph3D] Data changed: {
  nodesLen: [33m3[39m,
  linksLen: [33m1[39m,
  key: [33m1776869892945[39m,
  timestamp: [33m1776869891942[39m
}
[Graph3D] Creating simulation: [33m3[39m nodes
[Graph3D] createGraphSimulation called: { hasObjectManager: [33mtrue[39m, hasScene: [33mtrue[39m, nodeCount: [33m3[39m, linkCount: [33m1[39m }
[Graph3D] Clearing existing objects...
[Graph3D] Calling createSimulation...
[Graph3D] Simulation created, setting up event handlers...
[Graph3D] Data changed: {
  nodesLen: [33m3[39m,
  linksLen: [33m1[39m,
  key: [33m1776869893028[39m,
  timestamp: [33m1776869892025[39m
}
[Graph3D] Creating simulation: [33m3[39m nodes
[Graph3D] createGraphSimulation called: { hasObjectManager: [33mtrue[39m, hasScene: [33mtrue[39m, nodeCount: [33m3[39m, linkCount: [33m1[39m }
[Graph3D] Clearing existing objects...
[Graph3D] Calling createSimulation...
[Graph3D] Simulation created, setting up event handlers...
[Graph3D] Data changed: {
  nodesLen: [33m3[39m,
  linksLen: [33m1[39m,
  key: [33m1776869893106[39m,
  timestamp: [33m1776869892103[39m
}
[Graph3D] Creating simulation: [33m3[39m nodes
[Graph3D] createGraphSimulation called: { hasObjectManager: [33mtrue[39m, hasScene: [33mtrue[39m, nodeCount: [33m3[39m, linkCount: [33m1[39m }
[Graph3D] Clearing existing objects...
[Graph3D] Calling createSimulation...
[Graph3D] Simulation created, setting up event handlers...
[Graph3D] Data changed: {
  nodesLen: [33m3[39m,
  linksLen: [33m1[39m,
  key: [33m1776869893187[39m,
  timestamp: [33m1776869892184[39m
}
[Graph3D] Creating simulation: [33m3[39m nodes
[Graph3D] createGraphSimulation called: { hasObjectManager: [33mtrue[39m, hasScene: [33mtrue[39m, nodeCount: [33m3[39m, linkCount: [33m1[39m }
[Graph3D] Clearing existing objects...
[Graph3D] Calling createSimulation...
[Graph3D] Simulation created, setting up event handlers...
[Graph3D] Data changed: {
  nodesLen: [33m3[39m,
  linksLen: [33m1[39m,
  key: [33m1776869893267[39m,
  timestamp: [33m1776869892264[39m
}
[Graph3D] Creating simulation: [33m3[39m nodes
[Graph3D] createGraphSimulation called: { hasObjectManager: [33mtrue[39m, hasScene: [33mtrue[39m, nodeCount: [33m3[39m, linkCount: [33m1[39m }
[Graph3D] Clearing existing objects...
[Graph3D] Calling createSimulation...
[Graph3D] Simulation created, setting up event handlers...
[Graph3D] Data changed: {
  nodesLen: [33m3[39m,
  linksLen: [33m1[39m,
  key: [33m1776869893344[39m,
  timestamp: [33m1776869892341[39m
}
[Graph3D] Creating simulation: [33m3[39m nodes
[Graph3D] createGraphSimulation called: { hasObjectManager: [33mtrue[39m, hasScene: [33mtrue[39m, nodeCount: [33m3[39m, linkCount: [33m1[39m }
[Graph3D] Clearing existing objects...
[Graph3D] Calling createSimulation...
[Graph3D] Simulation created, setting up event handlers...
[Graph3D] Data changed: {
  nodesLen: [33m3[39m,
  linksLen: [33m1[39m,
  key: [33m1776869893424[39m,
  timestamp: [33m1776869892421[39m
}
[Graph3D] Creating simulation: [33m3[39m nodes
[Graph3D] createGraphSimulation called: { hasObjectManager: [33mtrue[39m, hasScene: [33mtrue[39m, nodeCount: [33m3[39m, linkCount: [33m1[39m }
[Graph3D] Clearing existing objects...
[Graph3D] Calling createSimulation...
[Graph3D] Simulation created, setting up event handlers...
[Graph3D] Data changed: {
  nodesLen: [33m3[39m,
  linksLen: [33m1[39m,
  key: [33m1776869893505[39m,
  timestamp: [33m1776869892502[39m
}
[Graph3D] Creating simulation: [33m3[39m nodes
[Graph3D] createGraphSimulation called: { hasObjectManager: [33mtrue[39m, hasScene: [33mtrue[39m, nodeCount: [33m3[39m, linkCount: [33m1[39m }
[Graph3D] Clearing existing objects...
[Graph3D] Calling createSimulation...
[Graph3D] Simulation created, setting up event handlers...
[Graph3D] Data changed: {
  nodesLen: [33m3[39m,
  linksLen: [33m1[39m,
  key: [33m1776869893587[39m,
  timestamp: [33m1776869892584[39m
}
[Graph3D] Creating simulation: [33m3[39m nodes
[Graph3D] createGraphSimulation called: { hasObjectManager: [33mtrue[39m, hasScene: [33mtrue[39m, nodeCount: [33m3[39m, linkCount: [33m1[39m }
[Graph3D] Clearing existing objects...
[Graph3D] Calling createSimulation...
[Graph3D] Simulation created, setting up event handlers...
[Graph3D] Data changed: {
  nodesLen: [33m3[39m,
  linksLen: [33m1[39m,
  key: [33m1776869893673[39m,
  timestamp: [33m1776869892670[39m
}
[Graph3D] Creating simulation: [33m3[39m nodes
[Graph3D] createGraphSimulation called: { hasObjectManager: [33mtrue[39m, hasScene: [33mtrue[39m, nodeCount: [33m3[39m, linkCount: [33m1[39m }
[Graph3D] Clearing existing objects...
[Graph3D] Calling createSimulation...
[Graph3D] Simulation created, setting up event handlers...
[Graph3D] Data changed: {
  nodesLen: [33m3[39m,
  linksLen: [33m1[39m,
  key: [33m1776869893753[39m,
  timestamp: [33m1776869892750[39m
}
[Graph3D] Creating simulation: [33m3[39m nodes
[Graph3D] createGraphSimulation called: { hasObjectManager: [33mtrue[39m, hasScene: [33mtrue[39m, nodeCount: [33m3[39m, linkCount: [33m1[39m }
[Graph3D] Clearing existing objects...
[Graph3D] Calling createSimulation...
[Graph3D] Simulation created, setting up event handlers...
[Graph3D] Data changed: {
  nodesLen: [33m3[39m,
  linksLen: [33m1[39m,
  key: [33m1776869893832[39m,
  timestamp: [33m1776869892829[39m
}
[Graph3D] Creating simulation: [33m3[39m nodes
[Graph3D] createGraphSimulation called: { hasObjectManager: [33mtrue[39m, hasScene: [33mtrue[39m, nodeCount: [33m3[39m, linkCount: [33m1[39m }
[Graph3D] Clearing existing objects...
[Graph3D] Calling createSimulation...
[Graph3D] Simulation created, setting up event handlers...
[Graph3D] Data changed: {
  nodesLen: [33m3[39m,
  linksLen: [33m1[39m,
  key: [33m1776869893910[39m,
  timestamp: [33m1776869892907[39m
}
[Graph3D] Creating simulation: [33m3[39m nodes
[Graph3D] createGraphSimulation called: { hasObjectManager: [33mtrue[39m, hasScene: [33mtrue[39m, nodeCount: [33m3[39m, linkCount: [33m1[39m }
[Graph3D] Clearing existing objects...
[Graph3D] Calling createSimulation...
[Graph3D] Simulation created, setting up event handlers...
[Graph3D] Data changed: {
  nodesLen: [33m3[39m,
  linksLen: [33m1[39m,
  key: [33m1776869893992[39m,
  timestamp: [33m1776869892989[39m
}
[Graph3D] Creating simulation: [33m3[39m nodes
[Graph3D] createGraphSimulation called: { hasObjectManager: [33mtrue[39m, hasScene: [33mtrue[39m, nodeCount: [33m3[39m, linkCount: [33m1[39m }
[Graph3D] Clearing existing objects...
[Graph3D] Calling createSimulation...
[Graph3D] Simulation created, setting up event handlers...
[Graph3D] Data changed: {
  nodesLen: [33m3[39m,
  linksLen: [33m1[39m,
  key: [33m1776869894068[39m,
  timestamp: [33m1776869893065[39m
}
[Graph3D] Creating simulation: [33m3[39m nodes
[Graph3D] createGraphSimulation called: { hasObjectManager: [33mtrue[39m, hasScene: [33mtrue[39m, nodeCount: [33m3[39m, linkCount: [33m1[39m }
[Graph3D] Clearing existing objects...
[Graph3D] Calling createSimulation...
[Graph3D] Simulation created, setting up event handlers...
[Graph3D] Data changed: {
  nodesLen: [33m3[39m,
  linksLen: [33m1[39m,
  key: [33m1776869894148[39m,
  timestamp: [33m1776869893145[39m
}
[Graph3D] Creating simulation: [33m3[39m nodes
[Graph3D] createGraphSimulation called: { hasObjectManager: [33mtrue[39m, hasScene: [33mtrue[39m, nodeCount: [33m3[39m, linkCount: [33m1[39m }
[Graph3D] Clearing existing objects...
[Graph3D] Calling createSimulation...
[Graph3D] Simulation created, setting up event handlers...
[Graph3D] Data changed: {
  nodesLen: [33m3[39m,
  linksLen: [33m1[39m,
  key: [33m1776869894231[39m,
  timestamp: [33m1776869893228[39m
}
[Graph3D] Creating simulation: [33m3[39m nodes
[Graph3D] createGraphSimulation called: { hasObjectManager: [33mtrue[39m, hasScene: [33mtrue[39m, nodeCount: [33m3[39m, linkCount: [33m1[39m }
[Graph3D] Clearing existing objects...
[Graph3D] Calling createSimulation...
[Graph3D] Simulation created, setting up event handlers...
[Graph3D] Data changed: {
  nodesLen: [33m3[39m,
  linksLen: [33m1[39m,
  key: [33m1776869894311[39m,
  timestamp: [33m1776869893308[39m
}
[Graph3D] Creating simulation: [33m3[39m nodes
[Graph3D] createGraphSimulation called: { hasObjectManager: [33mtrue[39m, hasScene: [33mtrue[39m, nodeCount: [33m3[39m, linkCount: [33m1[39m }
[Graph3D] Clearing existing objects...
[Graph3D] Calling createSimulation...
[Graph3D] Simulation created, setting up event handlers...
[Graph3D] Data changed: {
  nodesLen: [33m3[39m,
  linksLen: [33m1[39m,
  key: [33m1776869894390[39m,
  timestamp: [33m1776869893387[39m
}
[Graph3D] Creating simulation: [33m3[39m nodes
[Graph3D] createGraphSimulation called: { hasObjectManager: [33mtrue[39m, hasScene: [33mtrue[39m, nodeCount: [33m3[39m, linkCount: [33m1[39m }
[Graph3D] Clearing existing objects...
[Graph3D] Calling createSimulation...
[Graph3D] Simulation created, setting up event handlers...
[Graph3D] Data changed: {
  nodesLen: [33m3[39m,
  linksLen: [33m1[39m,
  key: [33m1776869894473[39m,
  timestamp: [33m1776869893470[39m
}
[Graph3D] Creating simulation: [33m3[39m nodes
[Graph3D] createGraphSimulation called: { hasObjectManager: [33mtrue[39m, hasScene: [33mtrue[39m, nodeCount: [33m3[39m, linkCount: [33m1[39m }
[Graph3D] Clearing existing objects...
[Graph3D] Calling createSimulation...
[Graph3D] Simulation created, setting up event handlers...
[Graph3D] Data changed: {
  nodesLen: [33m3[39m,
  linksLen: [33m1[39m,
  key: [33m1776869894555[39m,
  timestamp: [33m1776869893552[39m
}
[Graph3D] Creating simulation: [33m3[39m nodes
[Graph3D] createGraphSimulation called: { hasObjectManager: [33mtrue[39m, hasScene: [33mtrue[39m, nodeCount: [33m3[39m, linkCount: [33m1[39m }
[Graph3D] Clearing existing objects...
[Graph3D] Calling createSimulation...
[Graph3D] Simulation created, setting up event handlers...
[Graph3D] Data changed: {
  nodesLen: [33m3[39m,
  linksLen: [33m1[39m,
  key: [33m1776869894633[39m,
  timestamp: [33m1776869893630[39m
}
[Graph3D] Creating simulation: [33m3[39m nodes
[Graph3D] createGraphSimulation called: { hasObjectManager: [33mtrue[39m, hasScene: [33mtrue[39m, nodeCount: [33m3[39m, linkCount: [33m1[39m }
[Graph3D] Clearing existing objects...
[Graph3D] Calling createSimulation...
[Graph3D] Simulation created, setting up event handlers...
[Graph3D] Data changed: {
  nodesLen: [33m3[39m,
  linksLen: [33m1[39m,
  key: [33m1776869894714[39m,
  timestamp: [33m1776869893711[39m
}
[Graph3D] Creating simulation: [33m3[39m nodes
[Graph3D] createGraphSimulation called: { hasObjectManager: [33mtrue[39m, hasScene: [33mtrue[39m, nodeCount: [33m3[39m, linkCount: [33m1[39m }
[Graph3D] Clearing existing objects...
[Graph3D] Calling createSimulation...
[Graph3D] Simulation created, setting up event handlers...
[Graph3D] Data changed: {
  nodesLen: [33m3[39m,
  linksLen: [33m1[39m,
  key: [33m1776869894794[39m,
  timestamp: [33m1776869893791[39m
}
[Graph3D] Creating simulation: [33m3[39m nodes
[Graph3D] createGraphSimulation called: { hasObjectManager: [33mtrue[39m, hasScene: [33mtrue[39m, nodeCount: [33m3[39m, linkCount: [33m1[39m }
[Graph3D] Clearing existing objects...
[Graph3D] Calling createSimulation...
[Graph3D] Simulation created, setting up event handlers...
[Graph3D] Data changed: {
  nodesLen: [33m3[39m,
  linksLen: [33m1[39m,
  key: [33m1776869894871[39m,
  timestamp: [33m1776869893868[39m
}
[Graph3D] Creating simulation: [33m3[39m nodes
[Graph3D] createGraphSimulation called: { hasObjectManager: [33mtrue[39m, hasScene: [33mtrue[39m, nodeCount: [33m3[39m, linkCount: [33m1[39m }
[Graph3D] Clearing existing objects...
[Graph3D] Calling createSimulation...
[Graph3D] Simulation created, setting up event handlers...
[Graph3D] Data changed: {
  nodesLen: [33m3[39m,
  linksLen: [33m1[39m,
  key: [33m1776869894960[39m,
  timestamp: [33m1776869893957[39m
}
[Graph3D] Creating simulation: [33m3[39m nodes
[Graph3D] createGraphSimulation called: { hasObjectManager: [33mtrue[39m, hasScene: [33mtrue[39m, nodeCount: [33m3[39m, linkCount: [33m1[39m }
[Graph3D] Clearing existing objects...
[Graph3D] Calling createSimulation...
[Graph3D] Simulation created, setting up event handlers...
[Graph3D] Data changed: {
  nodesLen: [33m3[39m,
  linksLen: [33m1[39m,
  key: [33m1776869895041[39m,
  timestamp: [33m1776869894038[39m
}
[Graph3D] Creating simulation: [33m3[39m nodes
[Graph3D] createGraphSimulation called: { hasObjectManager: [33mtrue[39m, hasScene: [33mtrue[39m, nodeCount: [33m3[39m, linkCount: [33m1[39m }
[Graph3D] Clearing existing objects...
[Graph3D] Calling createSimulation...
[Graph3D] Simulation created, setting up event handlers...
[Graph3D] Data changed: {
  nodesLen: [33m3[39m,
  linksLen: [33m1[39m,
  key: [33m1776869895124[39m,
  timestamp: [33m1776869894121[39m
}
[Graph3D] Creating simulation: [33m3[39m nodes
[Graph3D] createGraphSimulation called: { hasObjectManager: [33mtrue[39m, hasScene: [33mtrue[39m, nodeCount: [33m3[39m, linkCount: [33m1[39m }
[Graph3D] Clearing existing objects...
[Graph3D] Calling createSimulation...
[Graph3D] Simulation created, setting up event handlers...
[Graph3D] Data changed: {
  nodesLen: [33m3[39m,
  linksLen: [33m1[39m,
  key: [33m1776869895203[39m,
  timestamp: [33m1776869894200[39m
}
[Graph3D] Creating simulation: [33m3[39m nodes
[Graph3D] createGraphSimulation called: { hasObjectManager: [33mtrue[39m, hasScene: [33mtrue[39m, nodeCount: [33m3[39m, linkCount: [33m1[39m }
[Graph3D] Clearing existing objects...
[Graph3D] Calling createSimulation...
[Graph3D] Simulation created, setting up event handlers...
[Graph3D] Data changed: {
  nodesLen: [33m3[39m,
  linksLen: [33m1[39m,
  key: [33m1776869895285[39m,
  timestamp: [33m1776869894282[39m
}
[Graph3D] Creating simulation: [33m3[39m nodes
[Graph3D] createGraphSimulation called: { hasObjectManager: [33mtrue[39m, hasScene: [33mtrue[39m, nodeCount: [33m3[39m, linkCount: [33m1[39m }
[Graph3D] Clearing existing objects...
[Graph3D] Calling createSimulation...
[Graph3D] Simulation created, setting up event handlers...
[Graph3D] Data changed: {
  nodesLen: [33m3[39m,
  linksLen: [33m1[39m,
  key: [33m1776869895369[39m,
  timestamp: [33m1776869894366[39m
}
[Graph3D] Creating simulation: [33m3[39m nodes
[Graph3D] createGraphSimulation called: { hasObjectManager: [33mtrue[39m, hasScene: [33mtrue[39m, nodeCount: [33m3[39m, linkCount: [33m1[39m }
[Graph3D] Clearing existing objects...
[Graph3D] Calling createSimulation...
[Graph3D] Simulation created, setting up event handlers...
[Graph3D] Data changed: {
  nodesLen: [33m3[39m,
  linksLen: [33m1[39m,
  key: [33m1776869895460[39m,
  timestamp: [33m1776869894457[39m
}
[Graph3D] Creating simulation: [33m3[39m nodes
[Graph3D] createGraphSimulation called: { hasObjectManager: [33mtrue[39m, hasScene: [33mtrue[39m, nodeCount: [33m3[39m, linkCount: [33m1[39m }
[Graph3D] Clearing existing objects...
[Graph3D] Calling createSimulation...
[Graph3D] Simulation created, setting up event handlers...
[Graph3D] Data changed: {
  nodesLen: [33m3[39m,
  linksLen: [33m1[39m,
  key: [33m1776869895548[39m,
  timestamp: [33m1776869894545[39m
}
[Graph3D] Creating simulation: [33m3[39m nodes
[Graph3D] createGraphSimulation called: { hasObjectManager: [33mtrue[39m, hasScene: [33mtrue[39m, nodeCount: [33m3[39m, linkCount: [33m1[39m }
[Graph3D] Clearing existing objects...
[Graph3D] Calling createSimulation...
[Graph3D] Simulation created, setting up event handlers...
[Graph3D] Data changed: {
  nodesLen: [33m3[39m,
  linksLen: [33m1[39m,
  key: [33m1776869895638[39m,
  timestamp: [33m1776869894635[39m
}
[Graph3D] Creating simulation: [33m3[39m nodes
[Graph3D] createGraphSimulation called: { hasObjectManager: [33mtrue[39m, hasScene: [33mtrue[39m, nodeCount: [33m3[39m, linkCount: [33m1[39m }
[Graph3D] Clearing existing objects...
[Graph3D] Calling createSimulation...
[Graph3D] Simulation created, setting up event handlers...
[Graph3D] Data changed: {
  nodesLen: [33m3[39m,
  linksLen: [33m1[39m,
  key: [33m1776869895720[39m,
  timestamp: [33m1776869894717[39m
}
[Graph3D] Creating simulation: [33m3[39m nodes
[Graph3D] createGraphSimulation called: { hasObjectManager: [33mtrue[39m, hasScene: [33mtrue[39m, nodeCount: [33m3[39m, linkCount: [33m1[39m }
[Graph3D] Clearing existing objects...
[Graph3D] Calling createSimulation...
[Graph3D] Simulation created, setting up event handlers...
[Graph3D] Data changed: {
  nodesLen: [33m3[39m,
  linksLen: [33m1[39m,
  key: [33m1776869895805[39m,
  timestamp: [33m1776869894802[39m
}
[Graph3D] Creating simulation: [33m3[39m nodes
[Graph3D] createGraphSimulation called: { hasObjectManager: [33mtrue[39m, hasScene: [33mtrue[39m, nodeCount: [33m3[39m, linkCount: [33m1[39m }
[Graph3D] Clearing existing objects...
[Graph3D] Calling createSimulation...
[Graph3D] Simulation created, setting up event handlers...
[Graph3D] Data changed: {
  nodesLen: [33m3[39m,
  linksLen: [33m1[39m,
  key: [33m1776869895884[39m,
  timestamp: [33m1776869894881[39m
}
[Graph3D] Creating simulation: [33m3[39m nodes
[Graph3D] createGraphSimulation called: { hasObjectManager: [33mtrue[39m, hasScene: [33mtrue[39m, nodeCount: [33m3[39m, linkCount: [33m1[39m }
[Graph3D] Clearing existing objects...
[Graph3D] Calling createSimulation...
[Graph3D] Simulation created, setting up event handlers...
[Graph3D] Data changed: {
  nodesLen: [33m3[39m,
  linksLen: [33m1[39m,
  key: [33m1776869895994[39m,
  timestamp: [33m1776869894991[39m
}
[Graph3D] Creating simulation: [33m3[39m nodes
[Graph3D] createGraphSimulation called: { hasObjectManager: [33mtrue[39m, hasScene: [33mtrue[39m, nodeCount: [33m3[39m, linkCount: [33m1[39m }
[Graph3D] Clearing existing objects...
[Graph3D] Calling createSimulation...
[Graph3D] Simulation created, setting up event handlers...
[Graph3D] Data changed: {
  nodesLen: [33m3[39m,
  linksLen: [33m1[39m,
  key: [33m1776869896079[39m,
  timestamp: [33m1776869895076[39m
}
[Graph3D] Creating simulation: [33m3[39m nodes
[Graph3D] createGraphSimulation called: { hasObjectManager: [33mtrue[39m, hasScene: [33mtrue[39m, nodeCount: [33m3[39m, linkCount: [33m1[39m }
[Graph3D] Clearing existing objects...
[Graph3D] Calling createSimulation...
[Graph3D] Simulation created, setting up event handlers...
[Graph3D] Data changed: {
  nodesLen: [33m3[39m,
  linksLen: [33m1[39m,
  key: [33m1776869896165[39m,
  timestamp: [33m1776869895162[39m
}
[Graph3D] Creating simulation: [33m3[39m nodes
[Graph3D] createGraphSimulation called: { hasObjectManager: [33mtrue[39m, hasScene: [33mtrue[39m, nodeCount: [33m3[39m, linkCount: [33m1[39m }
[Graph3D] Clearing existing objects...
[Graph3D] Calling createSimulation...
[Graph3D] Simulation created, setting up event handlers...
[Graph3D] Data changed: {
  nodesLen: [33m3[39m,
  linksLen: [33m1[39m,
  key: [33m1776869896249[39m,
  timestamp: [33m1776869895246[39m
}
[Graph3D] Creating simulation: [33m3[39m nodes
[Graph3D] createGraphSimulation called: { hasObjectManager: [33mtrue[39m, hasScene: [33mtrue[39m, nodeCount: [33m3[39m, linkCount: [33m1[39m }
[Graph3D] Clearing existing objects...
[Graph3D] Calling createSimulation...
[Graph3D] Simulation created, setting up event handlers...
[Graph3D] Data changed: {
  nodesLen: [33m3[39m,
  linksLen: [33m1[39m,
  key: [33m1776869896332[39m,
  timestamp: [33m1776869895329[39m
}
[Graph3D] Creating simulation: [33m3[39m nodes
[Graph3D] createGraphSimulation called: { hasObjectManager: [33mtrue[39m, hasScene: [33mtrue[39m, nodeCount: [33m3[39m, linkCount: [33m1[39m }
[Graph3D] Clearing existing objects...
[Graph3D] Calling createSimulation...
[Graph3D] Simulation created, setting up event handlers...
[Graph3D] Data changed: {
  nodesLen: [33m3[39m,
  linksLen: [33m1[39m,
  key: [33m1776869896424[39m,
  timestamp: [33m1776869895421[39m
}
[Graph3D] Creating simulation: [33m3[39m nodes
[Graph3D] createGraphSimulation called: { hasObjectManager: [33mtrue[39m, hasScene: [33mtrue[39m, nodeCount: [33m3[39m, linkCount: [33m1[39m }
[Graph3D] Clearing existing objects...
[Graph3D] Calling createSimulation...
[Graph3D] Simulation created, setting up event handlers...
[Graph3D] Data changed: {
  nodesLen: [33m3[39m,
  linksLen: [33m1[39m,
  key: [33m1776869896515[39m,
  timestamp: [33m1776869895512[39m
}
[Graph3D] Creating simulation: [33m3[39m nodes
[Graph3D] createGraphSimulation called: { hasObjectManager: [33mtrue[39m, hasScene: [33mtrue[39m, nodeCount: [33m3[39m, linkCount: [33m1[39m }
[Graph3D] Clearing existing objects...
[Graph3D] Calling createSimulation...
[Graph3D] Simulation created, setting up event handlers...
[Graph3D] Data changed: {
  nodesLen: [33m3[39m,
  linksLen: [33m1[39m,
  key: [33m1776869896596[39m,
  timestamp: [33m1776869895593[39m
}
[Graph3D] Creating simulation: [33m3[39m nodes
[Graph3D] createGraphSimulation called: { hasObjectManager: [33mtrue[39m, hasScene: [33mtrue[39m, nodeCount: [33m3[39m, linkCount: [33m1[39m }
[Graph3D] Clearing existing objects...
[Graph3D] Calling createSimulation...
[Graph3D] Simulation created, setting up event handlers...
[Graph3D] Data changed: {
  nodesLen: [33m3[39m,
  linksLen: [33m1[39m,
  key: [33m1776869896678[39m,
  timestamp: [33m1776869895675[39m
}
[Graph3D] Creating simulation: [33m3[39m nodes
[Graph3D] createGraphSimulation called: { hasObjectManager: [33mtrue[39m, hasScene: [33mtrue[39m, nodeCount: [33m3[39m, linkCount: [33m1[39m }
[Graph3D] Clearing existing objects...
[Graph3D] Calling createSimulation...
[Graph3D] Simulation created, setting up event handlers...
[Graph3D] Data changed: {
  nodesLen: [33m3[39m,
  linksLen: [33m1[39m,
  key: [33m1776869896757[39m,
  timestamp: [33m1776869895754[39m
}
[Graph3D] Creating simulation: [33m3[39m nodes
[Graph3D] createGraphSimulation called: { hasObjectManager: [33mtrue[39m, hasScene: [33mtrue[39m, nodeCount: [33m3[39m, linkCount: [33m1[39m }
[Graph3D] Clearing existing objects...
[Graph3D] Calling createSimulation...
[Graph3D] Simulation created, setting up event handlers...
[Graph3D] Data changed: {
  nodesLen: [33m3[39m,
  linksLen: [33m1[39m,
  key: [33m1776869896841[39m,
  timestamp: [33m1776869895838[39m
}
[Graph3D] Creating simulation: [33m3[39m nodes
[Graph3D] createGraphSimulation called: { hasObjectManager: [33mtrue[39m, hasScene: [33mtrue[39m, nodeCount: [33m3[39m, linkCount: [33m1[39m }
[Graph3D] Clearing existing objects...
[Graph3D] Calling createSimulation...
[Graph3D] Simulation created, setting up event handlers...
[Graph3D] Data changed: {
  nodesLen: [33m3[39m,
  linksLen: [33m1[39m,
  key: [33m1776869896925[39m,
  timestamp: [33m1776869895922[39m
}
[Graph3D] Creating simulation: [33m3[39m nodes
[Graph3D] createGraphSimulation called: { hasObjectManager: [33mtrue[39m, hasScene: [33mtrue[39m, nodeCount: [33m3[39m, linkCount: [33m1[39m }
[Graph3D] Clearing existing objects...
[Graph3D] Calling createSimulation...
[Graph3D] Simulation created, setting up event handlers...
[Graph3D] Data changed: {
  nodesLen: [33m3[39m,
  linksLen: [33m1[39m,
  key: [33m1776869897007[39m,
  timestamp: [33m1776869896004[39m
}
[Graph3D] Creating simulation: [33m3[39m nodes
[Graph3D] createGraphSimulation called: { hasObjectManager: [33mtrue[39m, hasScene: [33mtrue[39m, nodeCount: [33m3[39m, linkCount: [33m1[39m }
[Graph3D] Clearing existing objects...
[Graph3D] Calling createSimulation...
[Graph3D] Simulation created, setting up event handlers...
[Graph3D] Data changed: {
  nodesLen: [33m3[39m,
  linksLen: [33m1[39m,
  key: [33m1776869897093[39m,
  timestamp: [33m1776869896090[39m
}
[Graph3D] Creating simulation: [33m3[39m nodes
[Graph3D] createGraphSimulation called: { hasObjectManager: [33mtrue[39m, hasScene: [33mtrue[39m, nodeCount: [33m3[39m, linkCount: [33m1[39m }
[Graph3D] Clearing existing objects...
[Graph3D] Calling createSimulation...
[Graph3D] Simulation created, setting up event handlers...
[Graph3D] Data changed: {
  nodesLen: [33m3[39m,
  linksLen: [33m1[39m,
  key: [33m1776869897175[39m,
  timestamp: [33m1776869896172[39m
}
[Graph3D] Creating simulation: [33m3[39m nodes
[Graph3D] createGraphSimulation called: { hasObjectManager: [33mtrue[39m, hasScene: [33mtrue[39m, nodeCount: [33m3[39m, linkCount: [33m1[39m }
[Graph3D] Clearing existing objects...
[Graph3D] Calling createSimulation...
[Graph3D] Simulation created, setting up event handlers...

stderr | src/lib/components/Graph3D.spec.ts > Graph3D > processes data without errors


Error: 
    at $effect (D:\knowledge-graph\frontend\src\lib\components\Graph3D.svelte:74:26)
    at mountModern (D:\knowledge-graph\frontend\node_modules\@testing-library\svelte-core\src\mount.js:34:10)
    at Module.mount (D:\knowledge-graph\frontend\node_modules\@testing-library\svelte-core\src\mount.js:85:44)
    at Module.render (D:\knowledge-graph\frontend\node_modules\@testing-library\svelte-core\src\render.js:16:23)
    at Module.render (D:\knowledge-graph\frontend\node_modules\@testing-library\svelte\src\pure.js:49:73)
    at D:\knowledge-graph\frontend\src\lib\components\Graph3D.spec.ts:140:27
    at file:///D:/knowledge-graph/frontend/node_modules/@vitest/runner/dist/chunk-hooks.js:155:11
    at file:///D:/knowledge-graph/frontend/node_modules/@vitest/runner/dist/chunk-hooks.js:752:26
    at file:///D:/knowledge-graph/frontend/node_modules/@vitest/runner/dist/chunk-hooks.js:1897:20
    at new Promise (<anonymous>)
    at runWithTimeout (file:///D:/knowledge-graph/frontend/node_modules/@vitest/runner/dist/chunk-hooks.js:1863:10)
    at runTest (file:///D:/knowledge-graph/frontend/node_modules/@vitest/runner/dist/chunk-hooks.js:1574:12)
    at processTicksAndRejections (node:internal/process/task_queues:105:5)
    at runSuite (file:///D:/knowledge-graph/frontend/node_modules/@vitest/runner/dist/chunk-hooks.js:1729:8)
    at runSuite (file:///D:/knowledge-graph/frontend/node_modules/@vitest/runner/dist/chunk-hooks.js:1729:8)
    at runFiles (file:///D:/knowledge-graph/frontend/node_modules/@vitest/runner/dist/chunk-hooks.js:1787:3)
    at startTests (file:///D:/knowledge-graph/frontend/node_modules/@vitest/runner/dist/chunk-hooks.js:1820:3)
    at file:///D:/knowledge-graph/frontend/node_modules/vitest/dist/chunks/runBaseTests.9Ij9_de-.js:117:26
    at withEnv (file:///D:/knowledge-graph/frontend/node_modules/vitest/dist/chunks/runBaseTests.9Ij9_de-.js:84:3)
    at run (file:///D:/knowledge-graph/frontend/node_modules/vitest/dist/chunks/runBaseTests.9Ij9_de-.js:109:2)
    at runBaseTests (file:///D:/knowledge-graph/frontend/node_modules/vitest/dist/chunks/base.DfmxU-tU.js:32:2)
    at ForksBaseWorker.executeTests (file:///D:/knowledge-graph/frontend/node_modules/vitest/dist/workers/forks.js:29:4)
    at execute (file:///D:/knowledge-graph/frontend/node_modules/vitest/dist/worker.js:108:3)
    at onMessage (file:///D:/knowledge-graph/frontend/node_modules/tinypool/dist/entry/process.js:39:18)


Error: 
    at $effect (D:\knowledge-graph\frontend\src\lib\components\Graph3D.svelte:75:26)
    at mountModern (D:\knowledge-graph\frontend\node_modules\@testing-library\svelte-core\src\mount.js:34:10)
    at Module.mount (D:\knowledge-graph\frontend\node_modules\@testing-library\svelte-core\src\mount.js:85:44)
    at Module.render (D:\knowledge-graph\frontend\node_modules\@testing-library\svelte-core\src\render.js:16:23)
    at Module.render (D:\knowledge-graph\frontend\node_modules\@testing-library\svelte\src\pure.js:49:73)
    at D:\knowledge-graph\frontend\src\lib\components\Graph3D.spec.ts:140:27
    at file:///D:/knowledge-graph/frontend/node_modules/@vitest/runner/dist/chunk-hooks.js:155:11
    at file:///D:/knowledge-graph/frontend/node_modules/@vitest/runner/dist/chunk-hooks.js:752:26
    at file:///D:/knowledge-graph/frontend/node_modules/@vitest/runner/dist/chunk-hooks.js:1897:20
    at new Promise (<anonymous>)
    at runWithTimeout (file:///D:/knowledge-graph/frontend/node_modules/@vitest/runner/dist/chunk-hooks.js:1863:10)
    at runTest (file:///D:/knowledge-graph/frontend/node_modules/@vitest/runner/dist/chunk-hooks.js:1574:12)
    at processTicksAndRejections (node:internal/process/task_queues:105:5)
    at runSuite (file:///D:/knowledge-graph/frontend/node_modules/@vitest/runner/dist/chunk-hooks.js:1729:8)
    at runSuite (file:///D:/knowledge-graph/frontend/node_modules/@vitest/runner/dist/chunk-hooks.js:1729:8)
    at runFiles (file:///D:/knowledge-graph/frontend/node_modules/@vitest/runner/dist/chunk-hooks.js:1787:3)
    at startTests (file:///D:/knowledge-graph/frontend/node_modules/@vitest/runner/dist/chunk-hooks.js:1820:3)
    at file:///D:/knowledge-graph/frontend/node_modules/vitest/dist/chunks/runBaseTests.9Ij9_de-.js:117:26
    at withEnv (file:///D:/knowledge-graph/frontend/node_modules/vitest/dist/chunks/runBaseTests.9Ij9_de-.js:84:3)
    at run (file:///D:/knowledge-graph/frontend/node_modules/vitest/dist/chunks/runBaseTests.9Ij9_de-.js:109:2)
    at runBaseTests (file:///D:/knowledge-graph/frontend/node_modules/vitest/dist/chunks/base.DfmxU-tU.js:32:2)
    at ForksBaseWorker.executeTests (file:///D:/knowledge-graph/frontend/node_modules/vitest/dist/workers/forks.js:29:4)
    at execute (file:///D:/knowledge-graph/frontend/node_modules/vitest/dist/worker.js:108:3)
    at onMessage (file:///D:/knowledge-graph/frontend/node_modules/tinypool/dist/entry/process.js:39:18)


Error: 
    at $effect (D:\knowledge-graph\frontend\src\lib\components\Graph3D.svelte:82:26)
    at mountModern (D:\knowledge-graph\frontend\node_modules\@testing-library\svelte-core\src\mount.js:34:10)
    at Module.mount (D:\knowledge-graph\frontend\node_modules\@testing-library\svelte-core\src\mount.js:85:44)
    at Module.render (D:\knowledge-graph\frontend\node_modules\@testing-library\svelte-core\src\render.js:16:23)
    at Module.render (D:\knowledge-graph\frontend\node_modules\@testing-library\svelte\src\pure.js:49:73)
    at D:\knowledge-graph\frontend\src\lib\components\Graph3D.spec.ts:140:27
    at file:///D:/knowledge-graph/frontend/node_modules/@vitest/runner/dist/chunk-hooks.js:155:11
    at file:///D:/knowledge-graph/frontend/node_modules/@vitest/runner/dist/chunk-hooks.js:752:26
    at file:///D:/knowledge-graph/frontend/node_modules/@vitest/runner/dist/chunk-hooks.js:1897:20
    at new Promise (<anonymous>)
    at runWithTimeout (file:///D:/knowledge-graph/frontend/node_modules/@vitest/runner/dist/chunk-hooks.js:1863:10)
    at runTest (file:///D:/knowledge-graph/frontend/node_modules/@vitest/runner/dist/chunk-hooks.js:1574:12)
    at processTicksAndRejections (node:internal/process/task_queues:105:5)
    at runSuite (file:///D:/knowledge-graph/frontend/node_modules/@vitest/runner/dist/chunk-hooks.js:1729:8)
    at runSuite (file:///D:/knowledge-graph/frontend/node_modules/@vitest/runner/dist/chunk-hooks.js:1729:8)
    at runFiles (file:///D:/knowledge-graph/frontend/node_modules/@vitest/runner/dist/chunk-hooks.js:1787:3)
    at startTests (file:///D:/knowledge-graph/frontend/node_modules/@vitest/runner/dist/chunk-hooks.js:1820:3)
    at file:///D:/knowledge-graph/frontend/node_modules/vitest/dist/chunks/runBaseTests.9Ij9_de-.js:117:26
    at withEnv (file:///D:/knowledge-graph/frontend/node_modules/vitest/dist/chunks/runBaseTests.9Ij9_de-.js:84:3)
    at run (file:///D:/knowledge-graph/frontend/node_modules/vitest/dist/chunks/runBaseTests.9Ij9_de-.js:109:2)
    at runBaseTests (file:///D:/knowledge-graph/frontend/node_modules/vitest/dist/chunks/base.DfmxU-tU.js:32:2)
    at ForksBaseWorker.executeTests (file:///D:/knowledge-graph/frontend/node_modules/vitest/dist/workers/forks.js:29:4)
    at execute (file:///D:/knowledge-graph/frontend/node_modules/vitest/dist/worker.js:108:3)
    at onMessage (file:///D:/knowledge-graph/frontend/node_modules/tinypool/dist/entry/process.js:39:18)


Error: 
    at $effect (D:\knowledge-graph\frontend\src\lib\components\Graph3D.svelte:116:25)
    at mountModern (D:\knowledge-graph\frontend\node_modules\@testing-library\svelte-core\src\mount.js:34:10)
    at Module.mount (D:\knowledge-graph\frontend\node_modules\@testing-library\svelte-core\src\mount.js:85:44)
    at Module.render (D:\knowledge-graph\frontend\node_modules\@testing-library\svelte-core\src\render.js:16:23)
    at Module.render (D:\knowledge-graph\frontend\node_modules\@testing-library\svelte\src\pure.js:49:73)
    at D:\knowledge-graph\frontend\src\lib\components\Graph3D.spec.ts:140:27
    at file:///D:/knowledge-graph/frontend/node_modules/@vitest/runner/dist/chunk-hooks.js:155:11
    at file:///D:/knowledge-graph/frontend/node_modules/@vitest/runner/dist/chunk-hooks.js:752:26
    at file:///D:/knowledge-graph/frontend/node_modules/@vitest/runner/dist/chunk-hooks.js:1897:20
    at new Promise (<anonymous>)
    at runWithTimeout (file:///D:/knowledge-graph/frontend/node_modules/@vitest/runner/dist/chunk-hooks.js:1863:10)
    at runTest (file:///D:/knowledge-graph/frontend/node_modules/@vitest/runner/dist/chunk-hooks.js:1574:12)
    at processTicksAndRejections (node:internal/process/task_queues:105:5)
    at runSuite (file:///D:/knowledge-graph/frontend/node_modules/@vitest/runner/dist/chunk-hooks.js:1729:8)
    at runSuite (file:///D:/knowledge-graph/frontend/node_modules/@vitest/runner/dist/chunk-hooks.js:1729:8)
    at runFiles (file:///D:/knowledge-graph/frontend/node_modules/@vitest/runner/dist/chunk-hooks.js:1787:3)
    at startTests (file:///D:/knowledge-graph/frontend/node_modules/@vitest/runner/dist/chunk-hooks.js:1820:3)
    at file:///D:/knowledge-graph/frontend/node_modules/vitest/dist/chunks/runBaseTests.9Ij9_de-.js:117:26
    at withEnv (file:///D:/knowledge-graph/frontend/node_modules/vitest/dist/chunks/runBaseTests.9Ij9_de-.js:84:3)
    at run (file:///D:/knowledge-graph/frontend/node_modules/vitest/dist/chunks/runBaseTests.9Ij9_de-.js:109:2)
    at runBaseTests (file:///D:/knowledge-graph/frontend/node_modules/vitest/dist/chunks/base.DfmxU-tU.js:32:2)
    at ForksBaseWorker.executeTests (file:///D:/knowledge-graph/frontend/node_modules/vitest/dist/workers/forks.js:29:4)
    at execute (file:///D:/knowledge-graph/frontend/node_modules/vitest/dist/worker.js:108:3)
    at onMessage (file:///D:/knowledge-graph/frontend/node_modules/tinypool/dist/entry/process.js:39:18)


Error: 
    at createGraphSimulation (D:\knowledge-graph\frontend\src\lib\components\Graph3D.svelte:297:25)
    at $effect (D:\knowledge-graph\frontend\src\lib\components\Graph3D.svelte:92:5)
    at mountModern (D:\knowledge-graph\frontend\node_modules\@testing-library\svelte-core\src\mount.js:34:10)
    at Module.mount (D:\knowledge-graph\frontend\node_modules\@testing-library\svelte-core\src\mount.js:85:44)
    at Module.render (D:\knowledge-graph\frontend\node_modules\@testing-library\svelte-core\src\render.js:16:23)
    at Module.render (D:\knowledge-graph\frontend\node_modules\@testing-library\svelte\src\pure.js:49:73)
    at D:\knowledge-graph\frontend\src\lib\components\Graph3D.spec.ts:140:27
    at file:///D:/knowledge-graph/frontend/node_modules/@vitest/runner/dist/chunk-hooks.js:155:11
    at file:///D:/knowledge-graph/frontend/node_modules/@vitest/runner/dist/chunk-hooks.js:752:26
    at file:///D:/knowledge-graph/frontend/node_modules/@vitest/runner/dist/chunk-hooks.js:1897:20
    at new Promise (<anonymous>)
    at runWithTimeout (file:///D:/knowledge-graph/frontend/node_modules/@vitest/runner/dist/chunk-hooks.js:1863:10)
    at runTest (file:///D:/knowledge-graph/frontend/node_modules/@vitest/runner/dist/chunk-hooks.js:1574:12)
    at processTicksAndRejections (node:internal/process/task_queues:105:5)
    at runSuite (file:///D:/knowledge-graph/frontend/node_modules/@vitest/runner/dist/chunk-hooks.js:1729:8)
    at runSuite (file:///D:/knowledge-graph/frontend/node_modules/@vitest/runner/dist/chunk-hooks.js:1729:8)
    at runFiles (file:///D:/knowledge-graph/frontend/node_modules/@vitest/runner/dist/chunk-hooks.js:1787:3)
    at startTests (file:///D:/knowledge-graph/frontend/node_modules/@vitest/runner/dist/chunk-hooks.js:1820:3)
    at file:///D:/knowledge-graph/frontend/node_modules/vitest/dist/chunks/runBaseTests.9Ij9_de-.js:117:26
    at withEnv (file:///D:/knowledge-graph/frontend/node_modules/vitest/dist/chunks/runBaseTests.9Ij9_de-.js:84:3)
    at run (file:///D:/knowledge-graph/frontend/node_modules/vitest/dist/chunks/runBaseTests.9Ij9_de-.js:109:2)
    at runBaseTests (file:///D:/knowledge-graph/frontend/node_modules/vitest/dist/chunks/base.DfmxU-tU.js:32:2)
    at ForksBaseWorker.executeTests (file:///D:/knowledge-graph/frontend/node_modules/vitest/dist/workers/forks.js:29:4)
    at execute (file:///D:/knowledge-graph/frontend/node_modules/vitest/dist/worker.js:108:3)
    at onMessage (file:///D:/knowledge-graph/frontend/node_modules/tinypool/dist/entry/process.js:39:18)

[90mstdout[2m | src/lib/components/Graph3D.spec.ts[2m > [22m[2mGraph3D[2m > [22m[2mhandles empty data
[22m[39m[Graph3D] Data changed: {
  nodesLen: [33m0[39m,
  linksLen: [33m0[39m,
  key: [33m1776869896300[39m,
  timestamp: [33m1776869896300[39m
}
[Graph3D] Initializing scene...
[Graph3D] Animation loop started
[Graph3D] Scene initialized, isInitialized = true
[Graph3D] No nodes in data, showing empty state
[Graph3D] Data changed: {
  nodesLen: [33m0[39m,
  linksLen: [33m0[39m,
  key: [33m1776869896384[39m,
  timestamp: [33m1776869896384[39m
}
[Graph3D] Creating simulation: [33m0[39m nodes
[Graph3D] createGraphSimulation called: { hasObjectManager: [33mtrue[39m, hasScene: [33mtrue[39m, nodeCount: [33m0[39m, linkCount: [33m0[39m }
[Graph3D] Clearing existing objects...
[Graph3D] Calling createSimulation...
[Graph3D] Simulation created, setting up event handlers...
[Graph3D] No links or single node, clearing fog immediately
[Graph3D] Data changed: {
  nodesLen: [33m0[39m,
  linksLen: [33m0[39m,
  key: [33m1776869896385[39m,
  timestamp: [33m1776869896385[39m
}
[Graph3D] Creating simulation: [33m0[39m nodes
[Graph3D] createGraphSimulation called: { hasObjectManager: [33mtrue[39m, hasScene: [33mtrue[39m, nodeCount: [33m0[39m, linkCount: [33m0[39m }
[Graph3D] Clearing existing objects...
[Graph3D] Calling createSimulation...
[Graph3D] Simulation created, setting up event handlers...
[Graph3D] No links or single node, clearing fog immediately
[Graph3D] Data changed: {
  nodesLen: [33m0[39m,
  linksLen: [33m0[39m,
  key: [33m1776869896386[39m,
  timestamp: [33m1776869896386[39m
}
[Graph3D] Creating simulation: [33m0[39m nodes
[Graph3D] createGraphSimulation called: { hasObjectManager: [33mtrue[39m, hasScene: [33mtrue[39m, nodeCount: [33m0[39m, linkCount: [33m0[39m }
[Graph3D] Clearing existing objects...
[Graph3D] Calling createSimulation...
[Graph3D] Simulation created, setting up event handlers...
[Graph3D] No links or single node, clearing fog immediately
[Graph3D] Data changed: {
  nodesLen: [33m0[39m,
  linksLen: [33m0[39m,
  key: [33m1776869896389[39m,
  timestamp: [33m1776869896389[39m
}
[Graph3D] Creating simulation: [33m0[39m nodes
[Graph3D] createGraphSimulation called: { hasObjectManager: [33mtrue[39m, hasScene: [33mtrue[39m, nodeCount: [33m0[39m, linkCount: [33m0[39m }
[Graph3D] Clearing existing objects...
[Graph3D] Calling createSimulation...
[Graph3D] Simulation created, setting up event handlers...
[Graph3D] No links or single node, clearing fog immediately
[Graph3D] Data changed: {
  nodesLen: [33m0[39m,
  linksLen: [33m0[39m,
  key: [33m1776869896393[39m,
  timestamp: [33m1776869896393[39m
}
[Graph3D] Creating simulation: [33m0[39m nodes
[Graph3D] createGraphSimulation called: { hasObjectManager: [33mtrue[39m, hasScene: [33mtrue[39m, nodeCount: [33m0[39m, linkCount: [33m0[39m }
[Graph3D] Clearing existing objects...
[Graph3D] Calling createSimulation...
[Graph3D] Simulation created, setting up event handlers...
[Graph3D] No links or single node, clearing fog immediately
[Graph3D] Data changed: {
  nodesLen: [33m0[39m,
  linksLen: [33m0[39m,
  key: [33m1776869896398[39m,
  timestamp: [33m1776869896398[39m
}
[Graph3D] Creating simulation: [33m0[39m nodes
[Graph3D] createGraphSimulation called: { hasObjectManager: [33mtrue[39m, hasScene: [33mtrue[39m, nodeCount: [33m0[39m, linkCount: [33m0[39m }
[Graph3D] Clearing existing objects...
[Graph3D] Calling createSimulation...
[Graph3D] Simulation created, setting up event handlers...
[Graph3D] No links or single node, clearing fog immediately
[Graph3D] Data changed: {
  nodesLen: [33m0[39m,
  linksLen: [33m0[39m,
  key: [33m1776869896404[39m,
  timestamp: [33m1776869896404[39m
}
[Graph3D] Creating simulation: [33m0[39m nodes
[Graph3D] createGraphSimulation called: { hasObjectManager: [33mtrue[39m, hasScene: [33mtrue[39m, nodeCount: [33m0[39m, linkCount: [33m0[39m }
[Graph3D] Clearing existing objects...
[Graph3D] Calling createSimulation...
[Graph3D] Simulation created, setting up event handlers...
[Graph3D] No links or single node, clearing fog immediately
[Graph3D] Data changed: {
  nodesLen: [33m0[39m,
  linksLen: [33m0[39m,
  key: [33m1776869896412[39m,
  timestamp: [33m1776869896412[39m
}
[Graph3D] Creating simulation: [33m0[39m nodes
[Graph3D] createGraphSimulation called: { hasObjectManager: [33mtrue[39m, hasScene: [33mtrue[39m, nodeCount: [33m0[39m, linkCount: [33m0[39m }
[Graph3D] Clearing existing objects...
[Graph3D] Calling createSimulation...
[Graph3D] Simulation created, setting up event handlers...
[Graph3D] No links or single node, clearing fog immediately
[Graph3D] Data changed: {
  nodesLen: [33m0[39m,
  linksLen: [33m0[39m,
  key: [33m1776869896421[39m,
  timestamp: [33m1776869896421[39m
}
[Graph3D] Creating simulation: [33m0[39m nodes
[Graph3D] createGraphSimulation called: { hasObjectManager: [33mtrue[39m, hasScene: [33mtrue[39m, nodeCount: [33m0[39m, linkCount: [33m0[39m }
[Graph3D] Clearing existing objects...
[Graph3D] Calling createSimulation...
[Graph3D] Simulation created, setting up event handlers...
[Graph3D] No links or single node, clearing fog immediately
[Graph3D] Data changed: {
  nodesLen: [33m0[39m,
  linksLen: [33m0[39m,
  key: [33m1776869896427[39m,
  timestamp: [33m1776869896427[39m
}
[Graph3D] Creating simulation: [33m0[39m nodes
[Graph3D] createGraphSimulation called: { hasObjectManager: [33mtrue[39m, hasScene: [33mtrue[39m, nodeCount: [33m0[39m, linkCount: [33m0[39m }
[Graph3D] Clearing existing objects...
[Graph3D] Calling createSimulation...
[Graph3D] Simulation created, setting up event handlers...
[Graph3D] No links or single node, clearing fog immediately
[Graph3D] Data changed: {
  nodesLen: [33m0[39m,
  linksLen: [33m0[39m,
  key: [33m1776869896436[39m,
  timestamp: [33m1776869896436[39m
}
[Graph3D] Creating simulation: [33m0[39m nodes
[Graph3D] createGraphSimulation called: { hasObjectManager: [33mtrue[39m, hasScene: [33mtrue[39m, nodeCount: [33m0[39m, linkCount: [33m0[39m }
[Graph3D] Clearing existing objects...
[Graph3D] Calling createSimulation...
[Graph3D] Simulation created, setting up event handlers...
[Graph3D] No links or single node, clearing fog immediately
[Graph3D] Data changed: {
  nodesLen: [33m0[39m,
  linksLen: [33m0[39m,
  key: [33m1776869896442[39m,
  timestamp: [33m1776869896442[39m
}
[Graph3D] Creating simulation: [33m0[39m nodes
[Graph3D] createGraphSimulation called: { hasObjectManager: [33mtrue[39m, hasScene: [33mtrue[39m, nodeCount: [33m0[39m, linkCount: [33m0[39m }
[Graph3D] Clearing existing objects...
[Graph3D] Calling createSimulation...
[Graph3D] Simulation created, setting up event handlers...
[Graph3D] No links or single node, clearing fog immediately
[Graph3D] Data changed: {
  nodesLen: [33m0[39m,
  linksLen: [33m0[39m,
  key: [33m1776869896452[39m,
  timestamp: [33m1776869896452[39m
}
[Graph3D] Creating simulation: [33m0[39m nodes
[Graph3D] createGraphSimulation called: { hasObjectManager: [33mtrue[39m, hasScene: [33mtrue[39m, nodeCount: [33m0[39m, linkCount: [33m0[39m }
[Graph3D] Clearing existing objects...
[Graph3D] Calling createSimulation...
[Graph3D] Simulation created, setting up event handlers...
[Graph3D] No links or single node, clearing fog immediately
[Graph3D] Data changed: {
  nodesLen: [33m0[39m,
  linksLen: [33m0[39m,
  key: [33m1776869896459[39m,
  timestamp: [33m1776869896459[39m
}
[Graph3D] Creating simulation: [33m0[39m nodes
[Graph3D] createGraphSimulation called: { hasObjectManager: [33mtrue[39m, hasScene: [33mtrue[39m, nodeCount: [33m0[39m, linkCount: [33m0[39m }
[Graph3D] Clearing existing objects...
[Graph3D] Calling createSimulation...
[Graph3D] Simulation created, setting up event handlers...
[Graph3D] No links or single node, clearing fog immediately
[Graph3D] Data changed: {
  nodesLen: [33m0[39m,
  linksLen: [33m0[39m,
  key: [33m1776869896465[39m,
  timestamp: [33m1776869896465[39m
}
[Graph3D] Creating simulation: [33m0[39m nodes
[Graph3D] createGraphSimulation called: { hasObjectManager: [33mtrue[39m, hasScene: [33mtrue[39m, nodeCount: [33m0[39m, linkCount: [33m0[39m }
[Graph3D] Clearing existing objects...
[Graph3D] Calling createSimulation...
[Graph3D] Simulation created, setting up event handlers...
[Graph3D] No links or single node, clearing fog immediately
[Graph3D] Data changed: {
  nodesLen: [33m0[39m,
  linksLen: [33m0[39m,
  key: [33m1776869896474[39m,
  timestamp: [33m1776869896474[39m
}
[Graph3D] Creating simulation: [33m0[39m nodes
[Graph3D] createGraphSimulation called: { hasObjectManager: [33mtrue[39m, hasScene: [33mtrue[39m, nodeCount: [33m0[39m, linkCount: [33m0[39m }
[Graph3D] Clearing existing objects...
[Graph3D] Calling createSimulation...
[Graph3D] Simulation created, setting up event handlers...
[Graph3D] No links or single node, clearing fog immediately
[Graph3D] Data changed: {
  nodesLen: [33m0[39m,
  linksLen: [33m0[39m,
  key: [33m1776869896485[39m,
  timestamp: [33m1776869896485[39m
}
[Graph3D] Creating simulation: [33m0[39m nodes
[Graph3D] createGraphSimulation called: { hasObjectManager: [33mtrue[39m, hasScene: [33mtrue[39m, nodeCount: [33m0[39m, linkCount: [33m0[39m }
[Graph3D] Clearing existing objects...
[Graph3D] Calling createSimulation...
[Graph3D] Simulation created, setting up event handlers...
[Graph3D] No links or single node, clearing fog immediately
[Graph3D] Data changed: {
  nodesLen: [33m0[39m,
  linksLen: [33m0[39m,
  key: [33m1776869896494[39m,
  timestamp: [33m1776869896494[39m
}
[Graph3D] Creating simulation: [33m0[39m nodes
[Graph3D] createGraphSimulation called: { hasObjectManager: [33mtrue[39m, hasScene: [33mtrue[39m, nodeCount: [33m0[39m, linkCount: [33m0[39m }
[Graph3D] Clearing existing objects...
[Graph3D] Calling createSimulation...
[Graph3D] Simulation created, setting up event handlers...
[Graph3D] No links or single node, clearing fog immediately
[Graph3D] Data changed: {
  nodesLen: [33m0[39m,
  linksLen: [33m0[39m,
  key: [33m1776869896501[39m,
  timestamp: [33m1776869896501[39m
}
[Graph3D] Creating simulation: [33m0[39m nodes
[Graph3D] createGraphSimulation called: { hasObjectManager: [33mtrue[39m, hasScene: [33mtrue[39m, nodeCount: [33m0[39m, linkCount: [33m0[39m }
[Graph3D] Clearing existing objects...
[Graph3D] Calling createSimulation...
[Graph3D] Simulation created, setting up event handlers...
[Graph3D] No links or single node, clearing fog immediately
[Graph3D] Data changed: {
  nodesLen: [33m0[39m,
  linksLen: [33m0[39m,
  key: [33m1776869896510[39m,
  timestamp: [33m1776869896510[39m
}
[Graph3D] Creating simulation: [33m0[39m nodes
[Graph3D] createGraphSimulation called: { hasObjectManager: [33mtrue[39m, hasScene: [33mtrue[39m, nodeCount: [33m0[39m, linkCount: [33m0[39m }
[Graph3D] Clearing existing objects...
[Graph3D] Calling createSimulation...
[Graph3D] Simulation created, setting up event handlers...
[Graph3D] No links or single node, clearing fog immediately
[Graph3D] Data changed: {
  nodesLen: [33m0[39m,
  linksLen: [33m0[39m,
  key: [33m1776869896520[39m,
  timestamp: [33m1776869896520[39m
}
[Graph3D] Creating simulation: [33m0[39m nodes
[Graph3D] createGraphSimulation called: { hasObjectManager: [33mtrue[39m, hasScene: [33mtrue[39m, nodeCount: [33m0[39m, linkCount: [33m0[39m }
[Graph3D] Clearing existing objects...
[Graph3D] Calling createSimulation...
[Graph3D] Simulation created, setting up event handlers...
[Graph3D] No links or single node, clearing fog immediately
[Graph3D] Data changed: {
  nodesLen: [33m0[39m,
  linksLen: [33m0[39m,
  key: [33m1776869896529[39m,
  timestamp: [33m1776869896529[39m
}
[Graph3D] Creating simulation: [33m0[39m nodes
[Graph3D] createGraphSimulation called: { hasObjectManager: [33mtrue[39m, hasScene: [33mtrue[39m, nodeCount: [33m0[39m, linkCount: [33m0[39m }
[Graph3D] Clearing existing objects...
[Graph3D] Calling createSimulation...
[Graph3D] Simulation created, setting up event handlers...
[Graph3D] No links or single node, clearing fog immediately
[Graph3D] Data changed: {
  nodesLen: [33m0[39m,
  linksLen: [33m0[39m,
  key: [33m1776869896538[39m,
  timestamp: [33m1776869896538[39m
}
[Graph3D] Creating simulation: [33m0[39m nodes
[Graph3D] createGraphSimulation called: { hasObjectManager: [33mtrue[39m, hasScene: [33mtrue[39m, nodeCount: [33m0[39m, linkCount: [33m0[39m }
[Graph3D] Clearing existing objects...
[Graph3D] Calling createSimulation...
[Graph3D] Simulation created, setting up event handlers...
[Graph3D] No links or single node, clearing fog immediately
[Graph3D] Data changed: {
  nodesLen: [33m0[39m,
  linksLen: [33m0[39m,
  key: [33m1776869896545[39m,
  timestamp: [33m1776869896545[39m
}
[Graph3D] Creating simulation: [33m0[39m nodes
[Graph3D] createGraphSimulation called: { hasObjectManager: [33mtrue[39m, hasScene: [33mtrue[39m, nodeCount: [33m0[39m, linkCount: [33m0[39m }
[Graph3D] Clearing existing objects...
[Graph3D] Calling createSimulation...
[Graph3D] Simulation created, setting up event handlers...
[Graph3D] No links or single node, clearing fog immediately
[Graph3D] Data changed: {
  nodesLen: [33m0[39m,
  linksLen: [33m0[39m,
  key: [33m1776869896557[39m,
  timestamp: [33m1776869896557[39m
}
[Graph3D] Creating simulation: [33m0[39m nodes
[Graph3D] createGraphSimulation called: { hasObjectManager: [33mtrue[39m, hasScene: [33mtrue[39m, nodeCount: [33m0[39m, linkCount: [33m0[39m }
[Graph3D] Clearing existing objects...
[Graph3D] Calling createSimulation...
[Graph3D] Simulation created, setting up event handlers...
[Graph3D] No links or single node, clearing fog immediately
[Graph3D] Data changed: {
  nodesLen: [33m0[39m,
  linksLen: [33m0[39m,
  key: [33m1776869896565[39m,
  timestamp: [33m1776869896565[39m
}
[Graph3D] Creating simulation: [33m0[39m nodes
[Graph3D] createGraphSimulation called: { hasObjectManager: [33mtrue[39m, hasScene: [33mtrue[39m, nodeCount: [33m0[39m, linkCount: [33m0[39m }
[Graph3D] Clearing existing objects...
[Graph3D] Calling createSimulation...
[Graph3D] Simulation created, setting up event handlers...
[Graph3D] No links or single node, clearing fog immediately
[Graph3D] Data changed: {
  nodesLen: [33m0[39m,
  linksLen: [33m0[39m,
  key: [33m1776869896572[39m,
  timestamp: [33m1776869896572[39m
}
[Graph3D] Creating simulation: [33m0[39m nodes
[Graph3D] createGraphSimulation called: { hasObjectManager: [33mtrue[39m, hasScene: [33mtrue[39m, nodeCount: [33m0[39m, linkCount: [33m0[39m }
[Graph3D] Clearing existing objects...
[Graph3D] Calling createSimulation...
[Graph3D] Simulation created, setting up event handlers...
[Graph3D] No links or single node, clearing fog immediately
[Graph3D] Data changed: {
  nodesLen: [33m0[39m,
  linksLen: [33m0[39m,
  key: [33m1776869896583[39m,
  timestamp: [33m1776869896583[39m
}
[Graph3D] Creating simulation: [33m0[39m nodes
[Graph3D] createGraphSimulation called: { hasObjectManager: [33mtrue[39m, hasScene: [33mtrue[39m, nodeCount: [33m0[39m, linkCount: [33m0[39m }
[Graph3D] Clearing existing objects...
[Graph3D] Calling createSimulation...
[Graph3D] Simulation created, setting up event handlers...
[Graph3D] No links or single node, clearing fog immediately
[Graph3D] Data changed: {
  nodesLen: [33m0[39m,
  linksLen: [33m0[39m,
  key: [33m1776869896595[39m,
  timestamp: [33m1776869896595[39m
}
[Graph3D] Creating simulation: [33m0[39m nodes
[Graph3D] createGraphSimulation called: { hasObjectManager: [33mtrue[39m, hasScene: [33mtrue[39m, nodeCount: [33m0[39m, linkCount: [33m0[39m }
[Graph3D] Clearing existing objects...
[Graph3D] Calling createSimulation...
[Graph3D] Simulation created, setting up event handlers...
[Graph3D] No links or single node, clearing fog immediately
[Graph3D] Data changed: {
  nodesLen: [33m0[39m,
  linksLen: [33m0[39m,
  key: [33m1776869896603[39m,
  timestamp: [33m1776869896603[39m
}
[Graph3D] Creating simulation: [33m0[39m nodes
[Graph3D] createGraphSimulation called: { hasObjectManager: [33mtrue[39m, hasScene: [33mtrue[39m, nodeCount: [33m0[39m, linkCount: [33m0[39m }
[Graph3D] Clearing existing objects...
[Graph3D] Calling createSimulation...
[Graph3D] Simulation created, setting up event handlers...
[Graph3D] No links or single node, clearing fog immediately
[Graph3D] Data changed: {
  nodesLen: [33m0[39m,
  linksLen: [33m0[39m,
  key: [33m1776869896616[39m,
  timestamp: [33m1776869896616[39m
}
[Graph3D] Creating simulation: [33m0[39m nodes
[Graph3D] createGraphSimulation called: { hasObjectManager: [33mtrue[39m, hasScene: [33mtrue[39m, nodeCount: [33m0[39m, linkCount: [33m0[39m }
[Graph3D] Clearing existing objects...
[Graph3D] Calling createSimulation...
[Graph3D] Simulation created, setting up event handlers...
[Graph3D] No links or single node, clearing fog immediately
[Graph3D] Data changed: {
  nodesLen: [33m0[39m,
  linksLen: [33m0[39m,
  key: [33m1776869896624[39m,
  timestamp: [33m1776869896624[39m
}
[Graph3D] Creating simulation: [33m0[39m nodes
[Graph3D] createGraphSimulation called: { hasObjectManager: [33mtrue[39m, hasScene: [33mtrue[39m, nodeCount: [33m0[39m, linkCount: [33m0[39m }
[Graph3D] Clearing existing objects...
[Graph3D] Calling createSimulation...
[Graph3D] Simulation created, setting up event handlers...
[Graph3D] No links or single node, clearing fog immediately
[Graph3D] Data changed: {
  nodesLen: [33m0[39m,
  linksLen: [33m0[39m,
  key: [33m1776869896634[39m,
  timestamp: [33m1776869896634[39m
}
[Graph3D] Creating simulation: [33m0[39m nodes
[Graph3D] createGraphSimulation called: { hasObjectManager: [33mtrue[39m, hasScene: [33mtrue[39m, nodeCount: [33m0[39m, linkCount: [33m0[39m }
[Graph3D] Clearing existing objects...
[Graph3D] Calling createSimulation...
[Graph3D] Simulation created, setting up event handlers...
[Graph3D] No links or single node, clearing fog immediately
[Graph3D] Data changed: {
  nodesLen: [33m0[39m,
  linksLen: [33m0[39m,
  key: [33m1776869896646[39m,
  timestamp: [33m1776869896646[39m
}
[Graph3D] Creating simulation: [33m0[39m nodes
[Graph3D] createGraphSimulation called: { hasObjectManager: [33mtrue[39m, hasScene: [33mtrue[39m, nodeCount: [33m0[39m, linkCount: [33m0[39m }
[Graph3D] Clearing existing objects...
[Graph3D] Calling createSimulation...
[Graph3D] Simulation created, setting up event handlers...
[Graph3D] No links or single node, clearing fog immediately
[Graph3D] Data changed: {
  nodesLen: [33m0[39m,
  linksLen: [33m0[39m,
  key: [33m1776869896655[39m,
  timestamp: [33m1776869896655[39m
}
[Graph3D] Creating simulation: [33m0[39m nodes
[Graph3D] createGraphSimulation called: { hasObjectManager: [33mtrue[39m, hasScene: [33mtrue[39m, nodeCount: [33m0[39m, linkCount: [33m0[39m }
[Graph3D] Clearing existing objects...
[Graph3D] Calling createSimulation...
[Graph3D] Simulation created, setting up event handlers...
[Graph3D] No links or single node, clearing fog immediately
[Graph3D] Data changed: {
  nodesLen: [33m0[39m,
  linksLen: [33m0[39m,
  key: [33m1776869896664[39m,
  timestamp: [33m1776869896664[39m
}
[Graph3D] Creating simulation: [33m0[39m nodes
[Graph3D] createGraphSimulation called: { hasObjectManager: [33mtrue[39m, hasScene: [33mtrue[39m, nodeCount: [33m0[39m, linkCount: [33m0[39m }
[Graph3D] Clearing existing objects...
[Graph3D] Calling createSimulation...
[Graph3D] Simulation created, setting up event handlers...
[Graph3D] No links or single node, clearing fog immediately
[Graph3D] Data changed: {
  nodesLen: [33m0[39m,
  linksLen: [33m0[39m,
  key: [33m1776869896676[39m,
  timestamp: [33m1776869896676[39m
}
[Graph3D] Creating simulation: [33m0[39m nodes
[Graph3D] createGraphSimulation called: { hasObjectManager: [33mtrue[39m, hasScene: [33mtrue[39m, nodeCount: [33m0[39m, linkCount: [33m0[39m }
[Graph3D] Clearing existing objects...
[Graph3D] Calling createSimulation...
[Graph3D] Simulation created, setting up event handlers...
[Graph3D] No links or single node, clearing fog immediately
[Graph3D] Data changed: {
  nodesLen: [33m0[39m,
  linksLen: [33m0[39m,
  key: [33m1776869896686[39m,
  timestamp: [33m1776869896686[39m
}
[Graph3D] Creating simulation: [33m0[39m nodes
[Graph3D] createGraphSimulation called: { hasObjectManager: [33mtrue[39m, hasScene: [33mtrue[39m, nodeCount: [33m0[39m, linkCount: [33m0[39m }
[Graph3D] Clearing existing objects...
[Graph3D] Calling createSimulation...
[Graph3D] Simulation created, setting up event handlers...
[Graph3D] No links or single node, clearing fog immediately
[Graph3D] Data changed: {
  nodesLen: [33m0[39m,
  linksLen: [33m0[39m,
  key: [33m1776869896699[39m,
  timestamp: [33m1776869896699[39m
}
[Graph3D] Creating simulation: [33m0[39m nodes
[Graph3D] createGraphSimulation called: { hasObjectManager: [33mtrue[39m, hasScene: [33mtrue[39m, nodeCount: [33m0[39m, linkCount: [33m0[39m }
[Graph3D] Clearing existing objects...
[Graph3D] Calling createSimulation...
[Graph3D] Simulation created, setting up event handlers...
[Graph3D] No links or single node, clearing fog immediately
[Graph3D] Data changed: {
  nodesLen: [33m0[39m,
  linksLen: [33m0[39m,
  key: [33m1776869896710[39m,
  timestamp: [33m1776869896710[39m
}
[Graph3D] Creating simulation: [33m0[39m nodes
[Graph3D] createGraphSimulation called: { hasObjectManager: [33mtrue[39m, hasScene: [33mtrue[39m, nodeCount: [33m0[39m, linkCount: [33m0[39m }
[Graph3D] Clearing existing objects...
[Graph3D] Calling createSimulation...
[Graph3D] Simulation created, setting up event handlers...
[Graph3D] No links or single node, clearing fog immediately
[Graph3D] Data changed: {
  nodesLen: [33m0[39m,
  linksLen: [33m0[39m,
  key: [33m1776869896719[39m,
  timestamp: [33m1776869896719[39m
}
[Graph3D] Creating simulation: [33m0[39m nodes
[Graph3D] createGraphSimulation called: { hasObjectManager: [33mtrue[39m, hasScene: [33mtrue[39m, nodeCount: [33m0[39m, linkCount: [33m0[39m }
[Graph3D] Clearing existing objects...
[Graph3D] Calling createSimulation...
[Graph3D] Simulation created, setting up event handlers...
[Graph3D] No links or single node, clearing fog immediately
[Graph3D] Data changed: {
  nodesLen: [33m0[39m,
  linksLen: [33m0[39m,
  key: [33m1776869896734[39m,
  timestamp: [33m1776869896734[39m
}
[Graph3D] Creating simulation: [33m0[39m nodes
[Graph3D] createGraphSimulation called: { hasObjectManager: [33mtrue[39m, hasScene: [33mtrue[39m, nodeCount: [33m0[39m, linkCount: [33m0[39m }
[Graph3D] Clearing existing objects...
[Graph3D] Calling createSimulation...
[Graph3D] Simulation created, setting up event handlers...
[Graph3D] No links or single node, clearing fog immediately
[Graph3D] Data changed: {
  nodesLen: [33m0[39m,
  linksLen: [33m0[39m,
  key: [33m1776869896748[39m,
  timestamp: [33m1776869896748[39m
}
[Graph3D] Creating simulation: [33m0[39m nodes
[Graph3D] createGraphSimulation called: { hasObjectManager: [33mtrue[39m, hasScene: [33mtrue[39m, nodeCount: [33m0[39m, linkCount: [33m0[39m }
[Graph3D] Clearing existing objects...
[Graph3D] Calling createSimulation...
[Graph3D] Simulation created, setting up event handlers...
[Graph3D] No links or single node, clearing fog immediately
[Graph3D] Data changed: {
  nodesLen: [33m0[39m,
  linksLen: [33m0[39m,
  key: [33m1776869896761[39m,
  timestamp: [33m1776869896761[39m
}
[Graph3D] Creating simulation: [33m0[39m nodes
[Graph3D] createGraphSimulation called: { hasObjectManager: [33mtrue[39m, hasScene: [33mtrue[39m, nodeCount: [33m0[39m, linkCount: [33m0[39m }
[Graph3D] Clearing existing objects...
[Graph3D] Calling createSimulation...
[Graph3D] Simulation created, setting up event handlers...
[Graph3D] No links or single node, clearing fog immediately
[Graph3D] Data changed: {
  nodesLen: [33m0[39m,
  linksLen: [33m0[39m,
  key: [33m1776869896773[39m,
  timestamp: [33m1776869896773[39m
}
[Graph3D] Creating simulation: [33m0[39m nodes
[Graph3D] createGraphSimulation called: { hasObjectManager: [33mtrue[39m, hasScene: [33mtrue[39m, nodeCount: [33m0[39m, linkCount: [33m0[39m }
[Graph3D] Clearing existing objects...
[Graph3D] Calling createSimulation...
[Graph3D] Simulation created, setting up event handlers...
[Graph3D] No links or single node, clearing fog immediately
[Graph3D] Data changed: {
  nodesLen: [33m0[39m,
  linksLen: [33m0[39m,
  key: [33m1776869896784[39m,
  timestamp: [33m1776869896784[39m
}
[Graph3D] Creating simulation: [33m0[39m nodes
[Graph3D] createGraphSimulation called: { hasObjectManager: [33mtrue[39m, hasScene: [33mtrue[39m, nodeCount: [33m0[39m, linkCount: [33m0[39m }
[Graph3D] Clearing existing objects...
[Graph3D] Calling createSimulation...
[Graph3D] Simulation created, setting up event handlers...
[Graph3D] No links or single node, clearing fog immediately
[Graph3D] Data changed: {
  nodesLen: [33m0[39m,
  linksLen: [33m0[39m,
  key: [33m1776869896798[39m,
  timestamp: [33m1776869896798[39m
}
[Graph3D] Creating simulation: [33m0[39m nodes
[Graph3D] createGraphSimulation called: { hasObjectManager: [33mtrue[39m, hasScene: [33mtrue[39m, nodeCount: [33m0[39m, linkCount: [33m0[39m }
[Graph3D] Clearing existing objects...
[Graph3D] Calling createSimulation...
[Graph3D] Simulation created, setting up event handlers...
[Graph3D] No links or single node, clearing fog immediately
[Graph3D] Data changed: {
  nodesLen: [33m0[39m,
  linksLen: [33m0[39m,
  key: [33m1776869896812[39m,
  timestamp: [33m1776869896812[39m
}
[Graph3D] Creating simulation: [33m0[39m nodes
[Graph3D] createGraphSimulation called: { hasObjectManager: [33mtrue[39m, hasScene: [33mtrue[39m, nodeCount: [33m0[39m, linkCount: [33m0[39m }
[Graph3D] Clearing existing objects...
[Graph3D] Calling createSimulation...
[Graph3D] Simulation created, setting up event handlers...
[Graph3D] No links or single node, clearing fog immediately
[Graph3D] Data changed: {
  nodesLen: [33m0[39m,
  linksLen: [33m0[39m,
  key: [33m1776869896828[39m,
  timestamp: [33m1776869896828[39m
}
[Graph3D] Creating simulation: [33m0[39m nodes
[Graph3D] createGraphSimulation called: { hasObjectManager: [33mtrue[39m, hasScene: [33mtrue[39m, nodeCount: [33m0[39m, linkCount: [33m0[39m }
[Graph3D] Clearing existing objects...
[Graph3D] Calling createSimulation...
[Graph3D] Simulation created, setting up event handlers...
[Graph3D] No links or single node, clearing fog immediately
[Graph3D] Data changed: {
  nodesLen: [33m0[39m,
  linksLen: [33m0[39m,
  key: [33m1776869896838[39m,
  timestamp: [33m1776869896838[39m
}
[Graph3D] Creating simulation: [33m0[39m nodes
[Graph3D] createGraphSimulation called: { hasObjectManager: [33mtrue[39m, hasScene: [33mtrue[39m, nodeCount: [33m0[39m, linkCount: [33m0[39m }
[Graph3D] Clearing existing objects...
[Graph3D] Calling createSimulation...
[Graph3D] Simulation created, setting up event handlers...
[Graph3D] No links or single node, clearing fog immediately
[Graph3D] Data changed: {
  nodesLen: [33m0[39m,
  linksLen: [33m0[39m,
  key: [33m1776869896850[39m,
  timestamp: [33m1776869896850[39m
}
[Graph3D] Creating simulation: [33m0[39m nodes
[Graph3D] createGraphSimulation called: { hasObjectManager: [33mtrue[39m, hasScene: [33mtrue[39m, nodeCount: [33m0[39m, linkCount: [33m0[39m }
[Graph3D] Clearing existing objects...
[Graph3D] Calling createSimulation...
[Graph3D] Simulation created, setting up event handlers...
[Graph3D] No links or single node, clearing fog immediately
[Graph3D] Data changed: {
  nodesLen: [33m0[39m,
  linksLen: [33m0[39m,
  key: [33m1776869896863[39m,
  timestamp: [33m1776869896863[39m
}
[Graph3D] Creating simulation: [33m0[39m nodes
[Graph3D] createGraphSimulation called: { hasObjectManager: [33mtrue[39m, hasScene: [33mtrue[39m, nodeCount: [33m0[39m, linkCount: [33m0[39m }
[Graph3D] Clearing existing objects...
[Graph3D] Calling createSimulation...
[Graph3D] Simulation created, setting up event handlers...
[Graph3D] No links or single node, clearing fog immediately
[Graph3D] Data changed: {
  nodesLen: [33m0[39m,
  linksLen: [33m0[39m,
  key: [33m1776869896876[39m,
  timestamp: [33m1776869896876[39m
}
[Graph3D] Creating simulation: [33m0[39m nodes
[Graph3D] createGraphSimulation called: { hasObjectManager: [33mtrue[39m, hasScene: [33mtrue[39m, nodeCount: [33m0[39m, linkCount: [33m0[39m }
[Graph3D] Clearing existing objects...
[Graph3D] Calling createSimulation...
[Graph3D] Simulation created, setting up event handlers...
[Graph3D] No links or single node, clearing fog immediately
[Graph3D] Data changed: {
  nodesLen: [33m0[39m,
  linksLen: [33m0[39m,
  key: [33m1776869896889[39m,
  timestamp: [33m1776869896889[39m
}
[Graph3D] Creating simulation: [33m0[39m nodes
[Graph3D] createGraphSimulation called: { hasObjectManager: [33mtrue[39m, hasScene: [33mtrue[39m, nodeCount: [33m0[39m, linkCount: [33m0[39m }
[Graph3D] Clearing existing objects...
[Graph3D] Calling createSimulation...
[Graph3D] Simulation created, setting up event handlers...
[Graph3D] No links or single node, clearing fog immediately
[Graph3D] Data changed: {
  nodesLen: [33m0[39m,
  linksLen: [33m0[39m,
  key: [33m1776869896905[39m,
  timestamp: [33m1776869896905[39m
}
[Graph3D] Creating simulation: [33m0[39m nodes
[Graph3D] createGraphSimulation called: { hasObjectManager: [33mtrue[39m, hasScene: [33mtrue[39m, nodeCount: [33m0[39m, linkCount: [33m0[39m }
[Graph3D] Clearing existing objects...
[Graph3D] Calling createSimulation...
[Graph3D] Simulation created, setting up event handlers...
[Graph3D] No links or single node, clearing fog immediately
[Graph3D] Data changed: {
  nodesLen: [33m0[39m,
  linksLen: [33m0[39m,
  key: [33m1776869896921[39m,
  timestamp: [33m1776869896921[39m
}
[Graph3D] Creating simulation: [33m0[39m nodes
[Graph3D] createGraphSimulation called: { hasObjectManager: [33mtrue[39m, hasScene: [33mtrue[39m, nodeCount: [33m0[39m, linkCount: [33m0[39m }
[Graph3D] Clearing existing objects...
[Graph3D] Calling createSimulation...
[Graph3D] Simulation created, setting up event handlers...
[Graph3D] No links or single node, clearing fog immediately
[Graph3D] Data changed: {
  nodesLen: [33m0[39m,
  linksLen: [33m0[39m,
  key: [33m1776869896932[39m,
  timestamp: [33m1776869896932[39m
}
[Graph3D] Creating simulation: [33m0[39m nodes
[Graph3D] createGraphSimulation called: { hasObjectManager: [33mtrue[39m, hasScene: [33mtrue[39m, nodeCount: [33m0[39m, linkCount: [33m0[39m }
[Graph3D] Clearing existing objects...
[Graph3D] Calling createSimulation...
[Graph3D] Simulation created, setting up event handlers...
[Graph3D] No links or single node, clearing fog immediately
[Graph3D] Data changed: {
  nodesLen: [33m0[39m,
  linksLen: [33m0[39m,
  key: [33m1776869896947[39m,
  timestamp: [33m1776869896947[39m
}
[Graph3D] Creating simulation: [33m0[39m nodes
[Graph3D] createGraphSimulation called: { hasObjectManager: [33mtrue[39m, hasScene: [33mtrue[39m, nodeCount: [33m0[39m, linkCount: [33m0[39m }
[Graph3D] Clearing existing objects...
[Graph3D] Calling createSimulation...
[Graph3D] Simulation created, setting up event handlers...
[Graph3D] No links or single node, clearing fog immediately
[Graph3D] Data changed: {
  nodesLen: [33m0[39m,
  linksLen: [33m0[39m,
  key: [33m1776869896959[39m,
  timestamp: [33m1776869896959[39m
}
[Graph3D] Creating simulation: [33m0[39m nodes
[Graph3D] createGraphSimulation called: { hasObjectManager: [33mtrue[39m, hasScene: [33mtrue[39m, nodeCount: [33m0[39m, linkCount: [33m0[39m }
[Graph3D] Clearing existing objects...
[Graph3D] Calling createSimulation...
[Graph3D] Simulation created, setting up event handlers...
[Graph3D] No links or single node, clearing fog immediately
[Graph3D] Data changed: {
  nodesLen: [33m0[39m,
  linksLen: [33m0[39m,
  key: [33m1776869896974[39m,
  timestamp: [33m1776869896974[39m
}
[Graph3D] Creating simulation: [33m0[39m nodes
[Graph3D] createGraphSimulation called: { hasObjectManager: [33mtrue[39m, hasScene: [33mtrue[39m, nodeCount: [33m0[39m, linkCount: [33m0[39m }
[Graph3D] Clearing existing objects...
[Graph3D] Calling createSimulation...
[Graph3D] Simulation created, setting up event handlers...
[Graph3D] No links or single node, clearing fog immediately
[Graph3D] Data changed: {
  nodesLen: [33m0[39m,
  linksLen: [33m0[39m,
  key: [33m1776869896987[39m,
  timestamp: [33m1776869896987[39m
}
[Graph3D] Creating simulation: [33m0[39m nodes
[Graph3D] createGraphSimulation called: { hasObjectManager: [33mtrue[39m, hasScene: [33mtrue[39m, nodeCount: [33m0[39m, linkCount: [33m0[39m }
[Graph3D] Clearing existing objects...
[Graph3D] Calling createSimulation...
[Graph3D] Simulation created, setting up event handlers...
[Graph3D] No links or single node, clearing fog immediately
[Graph3D] Data changed: {
  nodesLen: [33m0[39m,
  linksLen: [33m0[39m,
  key: [33m1776869897002[39m,
  timestamp: [33m1776869897002[39m
}
[Graph3D] Creating simulation: [33m0[39m nodes
[Graph3D] createGraphSimulation called: { hasObjectManager: [33mtrue[39m, hasScene: [33mtrue[39m, nodeCount: [33m0[39m, linkCount: [33m0[39m }
[Graph3D] Clearing existing objects...
[Graph3D] Calling createSimulation...
[Graph3D] Simulation created, setting up event handlers...
[Graph3D] No links or single node, clearing fog immediately
[Graph3D] Data changed: {
  nodesLen: [33m0[39m,
  linksLen: [33m0[39m,
  key: [33m1776869897016[39m,
  timestamp: [33m1776869897016[39m
}
[Graph3D] Creating simulation: [33m0[39m nodes
[Graph3D] createGraphSimulation called: { hasObjectManager: [33mtrue[39m, hasScene: [33mtrue[39m, nodeCount: [33m0[39m, linkCount: [33m0[39m }
[Graph3D] Clearing existing objects...
[Graph3D] Calling createSimulation...
[Graph3D] Simulation created, setting up event handlers...
[Graph3D] No links or single node, clearing fog immediately
[Graph3D] Data changed: {
  nodesLen: [33m0[39m,
  linksLen: [33m0[39m,
  key: [33m1776869897032[39m,
  timestamp: [33m1776869897032[39m
}
[Graph3D] Creating simulation: [33m0[39m nodes
[Graph3D] createGraphSimulation called: { hasObjectManager: [33mtrue[39m, hasScene: [33mtrue[39m, nodeCount: [33m0[39m, linkCount: [33m0[39m }
[Graph3D] Clearing existing objects...
[Graph3D] Calling createSimulation...
[Graph3D] Simulation created, setting up event handlers...
[Graph3D] No links or single node, clearing fog immediately
[Graph3D] Data changed: {
  nodesLen: [33m0[39m,
  linksLen: [33m0[39m,
  key: [33m1776869897045[39m,
  timestamp: [33m1776869897045[39m
}
[Graph3D] Creating simulation: [33m0[39m nodes
[Graph3D] createGraphSimulation called: { hasObjectManager: [33mtrue[39m, hasScene: [33mtrue[39m, nodeCount: [33m0[39m, linkCount: [33m0[39m }
[Graph3D] Clearing existing objects...
[Graph3D] Calling createSimulation...
[Graph3D] Simulation created, setting up event handlers...
[Graph3D] No links or single node, clearing fog immediately
[Graph3D] Data changed: {
  nodesLen: [33m0[39m,
  linksLen: [33m0[39m,
  key: [33m1776869897060[39m,
  timestamp: [33m1776869897060[39m
}
[Graph3D] Creating simulation: [33m0[39m nodes
[Graph3D] createGraphSimulation called: { hasObjectManager: [33mtrue[39m, hasScene: [33mtrue[39m, nodeCount: [33m0[39m, linkCount: [33m0[39m }
[Graph3D] Clearing existing objects...
[Graph3D] Calling createSimulation...
[Graph3D] Simulation created, setting up event handlers...
[Graph3D] No links or single node, clearing fog immediately
[Graph3D] Data changed: {
  nodesLen: [33m0[39m,
  linksLen: [33m0[39m,
  key: [33m1776869897075[39m,
  timestamp: [33m1776869897075[39m
}
[Graph3D] Creating simulation: [33m0[39m nodes
[Graph3D] createGraphSimulation called: { hasObjectManager: [33mtrue[39m, hasScene: [33mtrue[39m, nodeCount: [33m0[39m, linkCount: [33m0[39m }
[Graph3D] Clearing existing objects...
[Graph3D] Calling createSimulation...
[Graph3D] Simulation created, setting up event handlers...
[Graph3D] No links or single node, clearing fog immediately
[Graph3D] Data changed: {
  nodesLen: [33m0[39m,
  linksLen: [33m0[39m,
  key: [33m1776869897098[39m,
  timestamp: [33m1776869897098[39m
}
[Graph3D] Creating simulation: [33m0[39m nodes
[Graph3D] createGraphSimulation called: { hasObjectManager: [33mtrue[39m, hasScene: [33mtrue[39m, nodeCount: [33m0[39m, linkCount: [33m0[39m }
[Graph3D] Clearing existing objects...
[Graph3D] Calling createSimulation...
[Graph3D] Simulation created, setting up event handlers...
[Graph3D] No links or single node, clearing fog immediately
[Graph3D] Data changed: {
  nodesLen: [33m0[39m,
  linksLen: [33m0[39m,
  key: [33m1776869897110[39m,
  timestamp: [33m1776869897110[39m
}
[Graph3D] Creating simulation: [33m0[39m nodes
[Graph3D] createGraphSimulation called: { hasObjectManager: [33mtrue[39m, hasScene: [33mtrue[39m, nodeCount: [33m0[39m, linkCount: [33m0[39m }
[Graph3D] Clearing existing objects...
[Graph3D] Calling createSimulation...
[Graph3D] Simulation created, setting up event handlers...
[Graph3D] No links or single node, clearing fog immediately
[Graph3D] Data changed: {
  nodesLen: [33m0[39m,
  linksLen: [33m0[39m,
  key: [33m1776869897128[39m,
  timestamp: [33m1776869897128[39m
}
[Graph3D] Creating simulation: [33m0[39m nodes
[Graph3D] createGraphSimulation called: { hasObjectManager: [33mtrue[39m, hasScene: [33mtrue[39m, nodeCount: [33m0[39m, linkCount: [33m0[39m }
[Graph3D] Clearing existing objects...
[Graph3D] Calling createSimulation...
[Graph3D] Simulation created, setting up event handlers...
[Graph3D] No links or single node, clearing fog immediately
[Graph3D] Data changed: {
  nodesLen: [33m0[39m,
  linksLen: [33m0[39m,
  key: [33m1776869897140[39m,
  timestamp: [33m1776869897140[39m
}
[Graph3D] Creating simulation: [33m0[39m nodes
[Graph3D] createGraphSimulation called: { hasObjectManager: [33mtrue[39m, hasScene: [33mtrue[39m, nodeCount: [33m0[39m, linkCount: [33m0[39m }
[Graph3D] Clearing existing objects...
[Graph3D] Calling createSimulation...
[Graph3D] Simulation created, setting up event handlers...
[Graph3D] No links or single node, clearing fog immediately
[Graph3D] Data changed: {
  nodesLen: [33m0[39m,
  linksLen: [33m0[39m,
  key: [33m1776869897158[39m,
  timestamp: [33m1776869897158[39m
}
[Graph3D] Creating simulation: [33m0[39m nodes
[Graph3D] createGraphSimulation called: { hasObjectManager: [33mtrue[39m, hasScene: [33mtrue[39m, nodeCount: [33m0[39m, linkCount: [33m0[39m }
[Graph3D] Clearing existing objects...
[Graph3D] Calling createSimulation...
[Graph3D] Simulation created, setting up event handlers...
[Graph3D] No links or single node, clearing fog immediately
[Graph3D] Data changed: {
  nodesLen: [33m0[39m,
  linksLen: [33m0[39m,
  key: [33m1776869897171[39m,
  timestamp: [33m1776869897171[39m
}
[Graph3D] Creating simulation: [33m0[39m nodes
[Graph3D] createGraphSimulation called: { hasObjectManager: [33mtrue[39m, hasScene: [33mtrue[39m, nodeCount: [33m0[39m, linkCount: [33m0[39m }
[Graph3D] Clearing existing objects...
[Graph3D] Calling createSimulation...
[Graph3D] Simulation created, setting up event handlers...
[Graph3D] No links or single node, clearing fog immediately
[Graph3D] Data changed: {
  nodesLen: [33m0[39m,
  linksLen: [33m0[39m,
  key: [33m1776869897189[39m,
  timestamp: [33m1776869897189[39m
}
[Graph3D] Creating simulation: [33m0[39m nodes
[Graph3D] createGraphSimulation called: { hasObjectManager: [33mtrue[39m, hasScene: [33mtrue[39m, nodeCount: [33m0[39m, linkCount: [33m0[39m }
[Graph3D] Clearing existing objects...
[Graph3D] Calling createSimulation...
[Graph3D] Simulation created, setting up event handlers...
[Graph3D] No links or single node, clearing fog immediately
[Graph3D] Data changed: {
  nodesLen: [33m0[39m,
  linksLen: [33m0[39m,
  key: [33m1776869897205[39m,
  timestamp: [33m1776869897205[39m
}
[Graph3D] Creating simulation: [33m0[39m nodes
[Graph3D] createGraphSimulation called: { hasObjectManager: [33mtrue[39m, hasScene: [33mtrue[39m, nodeCount: [33m0[39m, linkCount: [33m0[39m }
[Graph3D] Clearing existing objects...
[Graph3D] Calling createSimulation...
[Graph3D] Simulation created, setting up event handlers...
[Graph3D] No links or single node, clearing fog immediately
[Graph3D] Data changed: {
  nodesLen: [33m0[39m,
  linksLen: [33m0[39m,
  key: [33m1776869897224[39m,
  timestamp: [33m1776869897224[39m
}
[Graph3D] Creating simulation: [33m0[39m nodes
[Graph3D] createGraphSimulation called: { hasObjectManager: [33mtrue[39m, hasScene: [33mtrue[39m, nodeCount: [33m0[39m, linkCount: [33m0[39m }
[Graph3D] Clearing existing objects...
[Graph3D] Calling createSimulation...
[Graph3D] Simulation created, setting up event handlers...
[Graph3D] No links or single node, clearing fog immediately
[Graph3D] Data changed: {
  nodesLen: [33m0[39m,
  linksLen: [33m0[39m,
  key: [33m1776869897242[39m,
  timestamp: [33m1776869897242[39m
}
[Graph3D] Creating simulation: [33m0[39m nodes
[Graph3D] createGraphSimulation called: { hasObjectManager: [33mtrue[39m, hasScene: [33mtrue[39m, nodeCount: [33m0[39m, linkCount: [33m0[39m }
[Graph3D] Clearing existing objects...
[Graph3D] Calling createSimulation...
[Graph3D] Simulation created, setting up event handlers...
[Graph3D] No links or single node, clearing fog immediately
[Graph3D] Data changed: {
  nodesLen: [33m0[39m,
  linksLen: [33m0[39m,
  key: [33m1776869897257[39m,
  timestamp: [33m1776869897257[39m
}
[Graph3D] Creating simulation: [33m0[39m nodes
[Graph3D] createGraphSimulation called: { hasObjectManager: [33mtrue[39m, hasScene: [33mtrue[39m, nodeCount: [33m0[39m, linkCount: [33m0[39m }
[Graph3D] Clearing existing objects...
[Graph3D] Calling createSimulation...
[Graph3D] Simulation created, setting up event handlers...
[Graph3D] No links or single node, clearing fog immediately
[Graph3D] Data changed: {
  nodesLen: [33m0[39m,
  linksLen: [33m0[39m,
  key: [33m1776869897274[39m,
  timestamp: [33m1776869897274[39m
}
[Graph3D] Creating simulation: [33m0[39m nodes
[Graph3D] createGraphSimulation called: { hasObjectManager: [33mtrue[39m, hasScene: [33mtrue[39m, nodeCount: [33m0[39m, linkCount: [33m0[39m }
[Graph3D] Clearing existing objects...
[Graph3D] Calling createSimulation...
[Graph3D] Simulation created, setting up event handlers...
[Graph3D] No links or single node, clearing fog immediately
[Graph3D] Data changed: {
  nodesLen: [33m0[39m,
  linksLen: [33m0[39m,
  key: [33m1776869897290[39m,
  timestamp: [33m1776869897290[39m
}
[Graph3D] Creating simulation: [33m0[39m nodes
[Graph3D] createGraphSimulation called: { hasObjectManager: [33mtrue[39m, hasScene: [33mtrue[39m, nodeCount: [33m0[39m, linkCount: [33m0[39m }
[Graph3D] Clearing existing objects...
[Graph3D] Calling createSimulation...
[Graph3D] Simulation created, setting up event handlers...
[Graph3D] No links or single node, clearing fog immediately
[Graph3D] Data changed: {
  nodesLen: [33m0[39m,
  linksLen: [33m0[39m,
  key: [33m1776869897311[39m,
  timestamp: [33m1776869897311[39m
}
[Graph3D] Creating simulation: [33m0[39m nodes
[Graph3D] createGraphSimulation called: { hasObjectManager: [33mtrue[39m, hasScene: [33mtrue[39m, nodeCount: [33m0[39m, linkCount: [33m0[39m }
[Graph3D] Clearing existing objects...
[Graph3D] Calling createSimulation...
[Graph3D] Simulation created, setting up event handlers...
[Graph3D] No links or single node, clearing fog immediately
[Graph3D] Data changed: {
  nodesLen: [33m0[39m,
  linksLen: [33m0[39m,
  key: [33m1776869897329[39m,
  timestamp: [33m1776869897329[39m
}
[Graph3D] Creating simulation: [33m0[39m nodes
[Graph3D] createGraphSimulation called: { hasObjectManager: [33mtrue[39m, hasScene: [33mtrue[39m, nodeCount: [33m0[39m, linkCount: [33m0[39m }
[Graph3D] Clearing existing objects...
[Graph3D] Calling createSimulation...
[Graph3D] Simulation created, setting up event handlers...
[Graph3D] No links or single node, clearing fog immediately
[Graph3D] Data changed: {
  nodesLen: [33m0[39m,
  linksLen: [33m0[39m,
  key: [33m1776869897347[39m,
  timestamp: [33m1776869897347[39m
}
[Graph3D] Creating simulation: [33m0[39m nodes
[Graph3D] createGraphSimulation called: { hasObjectManager: [33mtrue[39m, hasScene: [33mtrue[39m, nodeCount: [33m0[39m, linkCount: [33m0[39m }
[Graph3D] Clearing existing objects...
[Graph3D] Calling createSimulation...
[Graph3D] Simulation created, setting up event handlers...
[Graph3D] No links or single node, clearing fog immediately
[Graph3D] Data changed: {
  nodesLen: [33m0[39m,
  linksLen: [33m0[39m,
  key: [33m1776869897369[39m,
  timestamp: [33m1776869897369[39m
}
[Graph3D] Creating simulation: [33m0[39m nodes
[Graph3D] createGraphSimulation called: { hasObjectManager: [33mtrue[39m, hasScene: [33mtrue[39m, nodeCount: [33m0[39m, linkCount: [33m0[39m }
[Graph3D] Clearing existing objects...
[Graph3D] Calling createSimulation...
[Graph3D] Simulation created, setting up event handlers...
[Graph3D] No links or single node, clearing fog immediately
[Graph3D] Data changed: {
  nodesLen: [33m0[39m,
  linksLen: [33m0[39m,
  key: [33m1776869897385[39m,
  timestamp: [33m1776869897385[39m
}
[Graph3D] Creating simulation: [33m0[39m nodes
[Graph3D] createGraphSimulation called: { hasObjectManager: [33mtrue[39m, hasScene: [33mtrue[39m, nodeCount: [33m0[39m, linkCount: [33m0[39m }
[Graph3D] Clearing existing objects...
[Graph3D] Calling createSimulation...
[Graph3D] Simulation created, setting up event handlers...
[Graph3D] No links or single node, clearing fog immediately
[Graph3D] Data changed: {
  nodesLen: [33m0[39m,
  linksLen: [33m0[39m,
  key: [33m1776869897403[39m,
  timestamp: [33m1776869897403[39m
}
[Graph3D] Creating simulation: [33m0[39m nodes
[Graph3D] createGraphSimulation called: { hasObjectManager: [33mtrue[39m, hasScene: [33mtrue[39m, nodeCount: [33m0[39m, linkCount: [33m0[39m }
[Graph3D] Clearing existing objects...
[Graph3D] Calling createSimulation...
[Graph3D] Simulation created, setting up event handlers...
[Graph3D] No links or single node, clearing fog immediately
[Graph3D] Data changed: {
  nodesLen: [33m0[39m,
  linksLen: [33m0[39m,
  key: [33m1776869897422[39m,
  timestamp: [33m1776869897422[39m
}
[Graph3D] Creating simulation: [33m0[39m nodes
[Graph3D] createGraphSimulation called: { hasObjectManager: [33mtrue[39m, hasScene: [33mtrue[39m, nodeCount: [33m0[39m, linkCount: [33m0[39m }
[Graph3D] Clearing existing objects...
[Graph3D] Calling createSimulation...
[Graph3D] Simulation created, setting up event handlers...
[Graph3D] No links or single node, clearing fog immediately
[Graph3D] Data changed: {
  nodesLen: [33m0[39m,
  linksLen: [33m0[39m,
  key: [33m1776869897439[39m,
  timestamp: [33m1776869897439[39m
}
[Graph3D] Creating simulation: [33m0[39m nodes
[Graph3D] createGraphSimulation called: { hasObjectManager: [33mtrue[39m, hasScene: [33mtrue[39m, nodeCount: [33m0[39m, linkCount: [33m0[39m }
[Graph3D] Clearing existing objects...
[Graph3D] Calling createSimulation...
[Graph3D] Simulation created, setting up event handlers...
[Graph3D] No links or single node, clearing fog immediately
[Graph3D] Data changed: {
  nodesLen: [33m0[39m,
  linksLen: [33m0[39m,
  key: [33m1776869897456[39m,
  timestamp: [33m1776869897456[39m
}
[Graph3D] Creating simulation: [33m0[39m nodes
[Graph3D] createGraphSimulation called: { hasObjectManager: [33mtrue[39m, hasScene: [33mtrue[39m, nodeCount: [33m0[39m, linkCount: [33m0[39m }
[Graph3D] Clearing existing objects...
[Graph3D] Calling createSimulation...
[Graph3D] Simulation created, setting up event handlers...
[Graph3D] No links or single node, clearing fog immediately
[Graph3D] Data changed: {
  nodesLen: [33m0[39m,
  linksLen: [33m0[39m,
  key: [33m1776869897473[39m,
  timestamp: [33m1776869897473[39m
}
[Graph3D] Creating simulation: [33m0[39m nodes
[Graph3D] createGraphSimulation called: { hasObjectManager: [33mtrue[39m, hasScene: [33mtrue[39m, nodeCount: [33m0[39m, linkCount: [33m0[39m }
[Graph3D] Clearing existing objects...
[Graph3D] Calling createSimulation...
[Graph3D] Simulation created, setting up event handlers...
[Graph3D] No links or single node, clearing fog immediately
[Graph3D] Data changed: {
  nodesLen: [33m0[39m,
  linksLen: [33m0[39m,
  key: [33m1776869897495[39m,
  timestamp: [33m1776869897495[39m
}
[Graph3D] Creating simulation: [33m0[39m nodes
[Graph3D] createGraphSimulation called: { hasObjectManager: [33mtrue[39m, hasScene: [33mtrue[39m, nodeCount: [33m0[39m, linkCount: [33m0[39m }
[Graph3D] Clearing existing objects...
[Graph3D] Calling createSimulation...
[Graph3D] Simulation created, setting up event handlers...
[Graph3D] No links or single node, clearing fog immediately
[Graph3D] Data changed: {
  nodesLen: [33m0[39m,
  linksLen: [33m0[39m,
  key: [33m1776869897516[39m,
  timestamp: [33m1776869897516[39m
}
[Graph3D] Creating simulation: [33m0[39m nodes
[Graph3D] createGraphSimulation called: { hasObjectManager: [33mtrue[39m, hasScene: [33mtrue[39m, nodeCount: [33m0[39m, linkCount: [33m0[39m }
[Graph3D] Clearing existing objects...
[Graph3D] Calling createSimulation...
[Graph3D] Simulation created, setting up event handlers...
[Graph3D] No links or single node, clearing fog immediately
[Graph3D] Data changed: {
  nodesLen: [33m0[39m,
  linksLen: [33m0[39m,
  key: [33m1776869897532[39m,
  timestamp: [33m1776869897532[39m
}
[Graph3D] Creating simulation: [33m0[39m nodes
[Graph3D] createGraphSimulation called: { hasObjectManager: [33mtrue[39m, hasScene: [33mtrue[39m, nodeCount: [33m0[39m, linkCount: [33m0[39m }
[Graph3D] Clearing existing objects...
[Graph3D] Calling createSimulation...
[Graph3D] Simulation created, setting up event handlers...
[Graph3D] No links or single node, clearing fog immediately
[Graph3D] Data changed: {
  nodesLen: [33m0[39m,
  linksLen: [33m0[39m,
  key: [33m1776869897554[39m,
  timestamp: [33m1776869897554[39m
}
[Graph3D] Creating simulation: [33m0[39m nodes
[Graph3D] createGraphSimulation called: { hasObjectManager: [33mtrue[39m, hasScene: [33mtrue[39m, nodeCount: [33m0[39m, linkCount: [33m0[39m }
[Graph3D] Clearing existing objects...
[Graph3D] Calling createSimulation...
[Graph3D] Simulation created, setting up event handlers...
[Graph3D] No links or single node, clearing fog immediately
[Graph3D] Data changed: {
  nodesLen: [33m0[39m,
  linksLen: [33m0[39m,
  key: [33m1776869897575[39m,
  timestamp: [33m1776869897575[39m
}
[Graph3D] Creating simulation: [33m0[39m nodes
[Graph3D] createGraphSimulation called: { hasObjectManager: [33mtrue[39m, hasScene: [33mtrue[39m, nodeCount: [33m0[39m, linkCount: [33m0[39m }
[Graph3D] Clearing existing objects...
[Graph3D] Calling createSimulation...
[Graph3D] Simulation created, setting up event handlers...
[Graph3D] No links or single node, clearing fog immediately
[Graph3D] Data changed: {
  nodesLen: [33m0[39m,
  linksLen: [33m0[39m,
  key: [33m1776869897592[39m,
  timestamp: [33m1776869897592[39m
}
[Graph3D] Creating simulation: [33m0[39m nodes
[Graph3D] createGraphSimulation called: { hasObjectManager: [33mtrue[39m, hasScene: [33mtrue[39m, nodeCount: [33m0[39m, linkCount: [33m0[39m }
[Graph3D] Clearing existing objects...
[Graph3D] Calling createSimulation...
[Graph3D] Simulation created, setting up event handlers...
[Graph3D] No links or single node, clearing fog immediately
[Graph3D] Data changed: {
  nodesLen: [33m0[39m,
  linksLen: [33m0[39m,
  key: [33m1776869897611[39m,
  timestamp: [33m1776869897611[39m
}
[Graph3D] Creating simulation: [33m0[39m nodes
[Graph3D] createGraphSimulation called: { hasObjectManager: [33mtrue[39m, hasScene: [33mtrue[39m, nodeCount: [33m0[39m, linkCount: [33m0[39m }
[Graph3D] Clearing existing objects...
[Graph3D] Calling createSimulation...
[Graph3D] Simulation created, setting up event handlers...
[Graph3D] No links or single node, clearing fog immediately
[Graph3D] Data changed: {
  nodesLen: [33m0[39m,
  linksLen: [33m0[39m,
  key: [33m1776869897630[39m,
  timestamp: [33m1776869897630[39m
}
[Graph3D] Creating simulation: [33m0[39m nodes
[Graph3D] createGraphSimulation called: { hasObjectManager: [33mtrue[39m, hasScene: [33mtrue[39m, nodeCount: [33m0[39m, linkCount: [33m0[39m }
[Graph3D] Clearing existing objects...
[Graph3D] Calling createSimulation...
[Graph3D] Simulation created, setting up event handlers...
[Graph3D] No links or single node, clearing fog immediately
[Graph3D] Data changed: {
  nodesLen: [33m0[39m,
  linksLen: [33m0[39m,
  key: [33m1776869897647[39m,
  timestamp: [33m1776869897647[39m
}
[Graph3D] Creating simulation: [33m0[39m nodes
[Graph3D] createGraphSimulation called: { hasObjectManager: [33mtrue[39m, hasScene: [33mtrue[39m, nodeCount: [33m0[39m, linkCount: [33m0[39m }
[Graph3D] Clearing existing objects...
[Graph3D] Calling createSimulation...
[Graph3D] Simulation created, setting up event handlers...
[Graph3D] No links or single node, clearing fog immediately
[Graph3D] Data changed: {
  nodesLen: [33m0[39m,
  linksLen: [33m0[39m,
  key: [33m1776869897667[39m,
  timestamp: [33m1776869897667[39m
}
[Graph3D] Creating simulation: [33m0[39m nodes
[Graph3D] createGraphSimulation called: { hasObjectManager: [33mtrue[39m, hasScene: [33mtrue[39m, nodeCount: [33m0[39m, linkCount: [33m0[39m }
[Graph3D] Clearing existing objects...
[Graph3D] Calling createSimulation...
[Graph3D] Simulation created, setting up event handlers...
[Graph3D] No links or single node, clearing fog immediately
[Graph3D] Data changed: {
  nodesLen: [33m0[39m,
  linksLen: [33m0[39m,
  key: [33m1776869897685[39m,
  timestamp: [33m1776869897685[39m
}
[Graph3D] Creating simulation: [33m0[39m nodes
[Graph3D] createGraphSimulation called: { hasObjectManager: [33mtrue[39m, hasScene: [33mtrue[39m, nodeCount: [33m0[39m, linkCount: [33m0[39m }
[Graph3D] Clearing existing objects...
[Graph3D] Calling createSimulation...
[Graph3D] Simulation created, setting up event handlers...
[Graph3D] No links or single node, clearing fog immediately
[Graph3D] Data changed: {
  nodesLen: [33m0[39m,
  linksLen: [33m0[39m,
  key: [33m1776869897702[39m,
  timestamp: [33m1776869897702[39m
}
[Graph3D] Creating simulation: [33m0[39m nodes
[Graph3D] createGraphSimulation called: { hasObjectManager: [33mtrue[39m, hasScene: [33mtrue[39m, nodeCount: [33m0[39m, linkCount: [33m0[39m }
[Graph3D] Clearing existing objects...
[Graph3D] Calling createSimulation...
[Graph3D] Simulation created, setting up event handlers...
[Graph3D] No links or single node, clearing fog immediately
[Graph3D] Data changed: {
  nodesLen: [33m0[39m,
  linksLen: [33m0[39m,
  key: [33m1776869897722[39m,
  timestamp: [33m1776869897722[39m
}
[Graph3D] Creating simulation: [33m0[39m nodes
[Graph3D] createGraphSimulation called: { hasObjectManager: [33mtrue[39m, hasScene: [33mtrue[39m, nodeCount: [33m0[39m, linkCount: [33m0[39m }
[Graph3D] Clearing existing objects...
[Graph3D] Calling createSimulation...
[Graph3D] Simulation created, setting up event handlers...
[Graph3D] No links or single node, clearing fog immediately
[Graph3D] Data changed: {
  nodesLen: [33m0[39m,
  linksLen: [33m0[39m,
  key: [33m1776869897742[39m,
  timestamp: [33m1776869897742[39m
}
[Graph3D] Creating simulation: [33m0[39m nodes
[Graph3D] createGraphSimulation called: { hasObjectManager: [33mtrue[39m, hasScene: [33mtrue[39m, nodeCount: [33m0[39m, linkCount: [33m0[39m }
[Graph3D] Clearing existing objects...
[Graph3D] Calling createSimulation...
[Graph3D] Simulation created, setting up event handlers...
[Graph3D] No links or single node, clearing fog immediately
[Graph3D] Data changed: {
  nodesLen: [33m0[39m,
  linksLen: [33m0[39m,
  key: [33m1776869897762[39m,
  timestamp: [33m1776869897762[39m
}
[Graph3D] Creating simulation: [33m0[39m nodes
[Graph3D] createGraphSimulation called: { hasObjectManager: [33mtrue[39m, hasScene: [33mtrue[39m, nodeCount: [33m0[39m, linkCount: [33m0[39m }
[Graph3D] Clearing existing objects...
[Graph3D] Calling createSimulation...
[Graph3D] Simulation created, setting up event handlers...
[Graph3D] No links or single node, clearing fog immediately
[Graph3D] Data changed: {
  nodesLen: [33m0[39m,
  linksLen: [33m0[39m,
  key: [33m1776869897782[39m,
  timestamp: [33m1776869897782[39m
}
[Graph3D] Creating simulation: [33m0[39m nodes
[Graph3D] createGraphSimulation called: { hasObjectManager: [33mtrue[39m, hasScene: [33mtrue[39m, nodeCount: [33m0[39m, linkCount: [33m0[39m }
[Graph3D] Clearing existing objects...
[Graph3D] Calling createSimulation...
[Graph3D] Simulation created, setting up event handlers...
[Graph3D] No links or single node, clearing fog immediately
[Graph3D] Data changed: {
  nodesLen: [33m0[39m,
  linksLen: [33m0[39m,
  key: [33m1776869897802[39m,
  timestamp: [33m1776869897802[39m
}
[Graph3D] Creating simulation: [33m0[39m nodes
[Graph3D] createGraphSimulation called: { hasObjectManager: [33mtrue[39m, hasScene: [33mtrue[39m, nodeCount: [33m0[39m, linkCount: [33m0[39m }
[Graph3D] Clearing existing objects...
[Graph3D] Calling createSimulation...
[Graph3D] Simulation created, setting up event handlers...
[Graph3D] No links or single node, clearing fog immediately
[Graph3D] Data changed: {
  nodesLen: [33m0[39m,
  linksLen: [33m0[39m,
  key: [33m1776869897823[39m,
  timestamp: [33m1776869897823[39m
}
[Graph3D] Creating simulation: [33m0[39m nodes
[Graph3D] createGraphSimulation called: { hasObjectManager: [33mtrue[39m, hasScene: [33mtrue[39m, nodeCount: [33m0[39m, linkCount: [33m0[39m }
[Graph3D] Clearing existing objects...
[Graph3D] Calling createSimulation...
[Graph3D] Simulation created, setting up event handlers...
[Graph3D] No links or single node, clearing fog immediately
[Graph3D] Data changed: {
  nodesLen: [33m0[39m,
  linksLen: [33m0[39m,
  key: [33m1776869897842[39m,
  timestamp: [33m1776869897842[39m
}
[Graph3D] Creating simulation: [33m0[39m nodes
[Graph3D] createGraphSimulation called: { hasObjectManager: [33mtrue[39m, hasScene: [33mtrue[39m, nodeCount: [33m0[39m, linkCount: [33m0[39m }
[Graph3D] Clearing existing objects...
[Graph3D] Calling createSimulation...
[Graph3D] Simulation created, setting up event handlers...
[Graph3D] No links or single node, clearing fog immediately
[Graph3D] Data changed: {
  nodesLen: [33m0[39m,
  linksLen: [33m0[39m,
  key: [33m1776869897862[39m,
  timestamp: [33m1776869897862[39m
}
[Graph3D] Creating simulation: [33m0[39m nodes
[Graph3D] createGraphSimulation called: { hasObjectManager: [33mtrue[39m, hasScene: [33mtrue[39m, nodeCount: [33m0[39m, linkCount: [33m0[39m }
[Graph3D] Clearing existing objects...
[Graph3D] Calling createSimulation...
[Graph3D] Simulation created, setting up event handlers...
[Graph3D] No links or single node, clearing fog immediately
[Graph3D] Data changed: {
  nodesLen: [33m0[39m,
  linksLen: [33m0[39m,
  key: [33m1776869897881[39m,
  timestamp: [33m1776869897881[39m
}
[Graph3D] Creating simulation: [33m0[39m nodes
[Graph3D] createGraphSimulation called: { hasObjectManager: [33mtrue[39m, hasScene: [33mtrue[39m, nodeCount: [33m0[39m, linkCount: [33m0[39m }
[Graph3D] Clearing existing objects...
[Graph3D] Calling createSimulation...
[Graph3D] Simulation created, setting up event handlers...
[Graph3D] No links or single node, clearing fog immediately
[Graph3D] Data changed: {
  nodesLen: [33m0[39m,
  linksLen: [33m0[39m,
  key: [33m1776869897903[39m,
  timestamp: [33m1776869897903[39m
}
[Graph3D] Creating simulation: [33m0[39m nodes
[Graph3D] createGraphSimulation called: { hasObjectManager: [33mtrue[39m, hasScene: [33mtrue[39m, nodeCount: [33m0[39m, linkCount: [33m0[39m }
[Graph3D] Clearing existing objects...
[Graph3D] Calling createSimulation...
[Graph3D] Simulation created, setting up event handlers...
[Graph3D] No links or single node, clearing fog immediately
[Graph3D] Data changed: {
  nodesLen: [33m0[39m,
  linksLen: [33m0[39m,
  key: [33m1776869897922[39m,
  timestamp: [33m1776869897922[39m
}
[Graph3D] Creating simulation: [33m0[39m nodes
[Graph3D] createGraphSimulation called: { hasObjectManager: [33mtrue[39m, hasScene: [33mtrue[39m, nodeCount: [33m0[39m, linkCount: [33m0[39m }
[Graph3D] Clearing existing objects...
[Graph3D] Calling createSimulation...
[Graph3D] Simulation created, setting up event handlers...
[Graph3D] No links or single node, clearing fog immediately
[Graph3D] Data changed: {
  nodesLen: [33m0[39m,
  linksLen: [33m0[39m,
  key: [33m1776869897943[39m,
  timestamp: [33m1776869897943[39m
}
[Graph3D] Creating simulation: [33m0[39m nodes
[Graph3D] createGraphSimulation called: { hasObjectManager: [33mtrue[39m, hasScene: [33mtrue[39m, nodeCount: [33m0[39m, linkCount: [33m0[39m }
[Graph3D] Clearing existing objects...
[Graph3D] Calling createSimulation...
[Graph3D] Simulation created, setting up event handlers...
[Graph3D] No links or single node, clearing fog immediately
[Graph3D] Data changed: {
  nodesLen: [33m0[39m,
  linksLen: [33m0[39m,
  key: [33m1776869897964[39m,
  timestamp: [33m1776869897964[39m
}
[Graph3D] Creating simulation: [33m0[39m nodes
[Graph3D] createGraphSimulation called: { hasObjectManager: [33mtrue[39m, hasScene: [33mtrue[39m, nodeCount: [33m0[39m, linkCount: [33m0[39m }
[Graph3D] Clearing existing objects...
[Graph3D] Calling createSimulation...
[Graph3D] Simulation created, setting up event handlers...
[Graph3D] No links or single node, clearing fog immediately
[Graph3D] Data changed: {
  nodesLen: [33m0[39m,
  linksLen: [33m0[39m,
  key: [33m1776869897986[39m,
  timestamp: [33m1776869897986[39m
}
[Graph3D] Creating simulation: [33m0[39m nodes
[Graph3D] createGraphSimulation called: { hasObjectManager: [33mtrue[39m, hasScene: [33mtrue[39m, nodeCount: [33m0[39m, linkCount: [33m0[39m }
[Graph3D] Clearing existing objects...
[Graph3D] Calling createSimulation...
[Graph3D] Simulation created, setting up event handlers...
[Graph3D] No links or single node, clearing fog immediately
[Graph3D] Data changed: {
  nodesLen: [33m0[39m,
  linksLen: [33m0[39m,
  key: [33m1776869898009[39m,
  timestamp: [33m1776869898009[39m
}
[Graph3D] Creating simulation: [33m0[39m nodes
[Graph3D] createGraphSimulation called: { hasObjectManager: [33mtrue[39m, hasScene: [33mtrue[39m, nodeCount: [33m0[39m, linkCount: [33m0[39m }
[Graph3D] Clearing existing objects...
[Graph3D] Calling createSimulation...
[Graph3D] Simulation created, setting up event handlers...
[Graph3D] No links or single node, clearing fog immediately
[Graph3D] Data changed: {
  nodesLen: [33m0[39m,
  linksLen: [33m0[39m,
  key: [33m1776869898031[39m,
  timestamp: [33m1776869898031[39m
}
[Graph3D] Creating simulation: [33m0[39m nodes
[Graph3D] createGraphSimulation called: { hasObjectManager: [33mtrue[39m, hasScene: [33mtrue[39m, nodeCount: [33m0[39m, linkCount: [33m0[39m }
[Graph3D] Clearing existing objects...
[Graph3D] Calling createSimulation...
[Graph3D] Simulation created, setting up event handlers...
[Graph3D] No links or single node, clearing fog immediately
[Graph3D] Data changed: {
  nodesLen: [33m0[39m,
  linksLen: [33m0[39m,
  key: [33m1776869898056[39m,
  timestamp: [33m1776869898056[39m
}
[Graph3D] Creating simulation: [33m0[39m nodes
[Graph3D] createGraphSimulation called: { hasObjectManager: [33mtrue[39m, hasScene: [33mtrue[39m, nodeCount: [33m0[39m, linkCount: [33m0[39m }
[Graph3D] Clearing existing objects...
[Graph3D] Calling createSimulation...
[Graph3D] Simulation created, setting up event handlers...
[Graph3D] No links or single node, clearing fog immediately
[Graph3D] Data changed: {
  nodesLen: [33m0[39m,
  linksLen: [33m0[39m,
  key: [33m1776869898081[39m,
  timestamp: [33m1776869898081[39m
}
[Graph3D] Creating simulation: [33m0[39m nodes
[Graph3D] createGraphSimulation called: { hasObjectManager: [33mtrue[39m, hasScene: [33mtrue[39m, nodeCount: [33m0[39m, linkCount: [33m0[39m }
[Graph3D] Clearing existing objects...
[Graph3D] Calling createSimulation...
[Graph3D] Simulation created, setting up event handlers...
[Graph3D] No links or single node, clearing fog immediately
[Graph3D] Data changed: {
  nodesLen: [33m0[39m,
  linksLen: [33m0[39m,
  key: [33m1776869898106[39m,
  timestamp: [33m1776869898106[39m
}
[Graph3D] Creating simulation: [33m0[39m nodes
[Graph3D] createGraphSimulation called: { hasObjectManager: [33mtrue[39m, hasScene: [33mtrue[39m, nodeCount: [33m0[39m, linkCount: [33m0[39m }
[Graph3D] Clearing existing objects...
[Graph3D] Calling createSimulation...
[Graph3D] Simulation created, setting up event handlers...
[Graph3D] No links or single node, clearing fog immediately
[Graph3D] Data changed: {
  nodesLen: [33m0[39m,
  linksLen: [33m0[39m,
  key: [33m1776869898130[39m,
  timestamp: [33m1776869898130[39m
}
[Graph3D] Creating simulation: [33m0[39m nodes
[Graph3D] createGraphSimulation called: { hasObjectManager: [33mtrue[39m, hasScene: [33mtrue[39m, nodeCount: [33m0[39m, linkCount: [33m0[39m }
[Graph3D] Clearing existing objects...
[Graph3D] Calling createSimulation...
[Graph3D] Simulation created, setting up event handlers...
[Graph3D] No links or single node, clearing fog immediately
[Graph3D] Data changed: {
  nodesLen: [33m0[39m,
  linksLen: [33m0[39m,
  key: [33m1776869898153[39m,
  timestamp: [33m1776869898153[39m
}
[Graph3D] Creating simulation: [33m0[39m nodes
[Graph3D] createGraphSimulation called: { hasObjectManager: [33mtrue[39m, hasScene: [33mtrue[39m, nodeCount: [33m0[39m, linkCount: [33m0[39m }
[Graph3D] Clearing existing objects...
[Graph3D] Calling createSimulation...
[Graph3D] Simulation created, setting up event handlers...
[Graph3D] No links or single node, clearing fog immediately
[Graph3D] Data changed: {
  nodesLen: [33m0[39m,
  linksLen: [33m0[39m,
  key: [33m1776869898177[39m,
  timestamp: [33m1776869898177[39m
}
[Graph3D] Creating simulation: [33m0[39m nodes
[Graph3D] createGraphSimulation called: { hasObjectManager: [33mtrue[39m, hasScene: [33mtrue[39m, nodeCount: [33m0[39m, linkCount: [33m0[39m }
[Graph3D] Clearing existing objects...
[Graph3D] Calling createSimulation...
[Graph3D] Simulation created, setting up event handlers...
[Graph3D] No links or single node, clearing fog immediately
[Graph3D] Data changed: {
  nodesLen: [33m0[39m,
  linksLen: [33m0[39m,
  key: [33m1776869898200[39m,
  timestamp: [33m1776869898200[39m
}
[Graph3D] Creating simulation: [33m0[39m nodes
[Graph3D] createGraphSimulation called: { hasObjectManager: [33mtrue[39m, hasScene: [33mtrue[39m, nodeCount: [33m0[39m, linkCount: [33m0[39m }
[Graph3D] Clearing existing objects...
[Graph3D] Calling createSimulation...
[Graph3D] Simulation created, setting up event handlers...
[Graph3D] No links or single node, clearing fog immediately
[Graph3D] Data changed: {
  nodesLen: [33m0[39m,
  linksLen: [33m0[39m,
  key: [33m1776869898223[39m,
  timestamp: [33m1776869898223[39m
}
[Graph3D] Creating simulation: [33m0[39m nodes
[Graph3D] createGraphSimulation called: { hasObjectManager: [33mtrue[39m, hasScene: [33mtrue[39m, nodeCount: [33m0[39m, linkCount: [33m0[39m }
[Graph3D] Clearing existing objects...
[Graph3D] Calling createSimulation...
[Graph3D] Simulation created, setting up event handlers...
[Graph3D] No links or single node, clearing fog immediately
[Graph3D] Data changed: {
  nodesLen: [33m0[39m,
  linksLen: [33m0[39m,
  key: [33m1776869898243[39m,
  timestamp: [33m1776869898243[39m
}
[Graph3D] Creating simulation: [33m0[39m nodes
[Graph3D] createGraphSimulation called: { hasObjectManager: [33mtrue[39m, hasScene: [33mtrue[39m, nodeCount: [33m0[39m, linkCount: [33m0[39m }
[Graph3D] Clearing existing objects...
[Graph3D] Calling createSimulation...
[Graph3D] Simulation created, setting up event handlers...
[Graph3D] No links or single node, clearing fog immediately
[Graph3D] Data changed: {
  nodesLen: [33m0[39m,
  linksLen: [33m0[39m,
  key: [33m1776869898267[39m,
  timestamp: [33m1776869898267[39m
}
[Graph3D] Creating simulation: [33m0[39m nodes
[Graph3D] createGraphSimulation called: { hasObjectManager: [33mtrue[39m, hasScene: [33mtrue[39m, nodeCount: [33m0[39m, linkCount: [33m0[39m }
[Graph3D] Clearing existing objects...
[Graph3D] Calling createSimulation...
[Graph3D] Simulation created, setting up event handlers...
[Graph3D] No links or single node, clearing fog immediately
[Graph3D] Data changed: {
  nodesLen: [33m0[39m,
  linksLen: [33m0[39m,
  key: [33m1776869898291[39m,
  timestamp: [33m1776869898291[39m
}
[Graph3D] Creating simulation: [33m0[39m nodes
[Graph3D] createGraphSimulation called: { hasObjectManager: [33mtrue[39m, hasScene: [33mtrue[39m, nodeCount: [33m0[39m, linkCount: [33m0[39m }
[Graph3D] Clearing existing objects...
[Graph3D] Calling createSimulation...
[Graph3D] Simulation created, setting up event handlers...
[Graph3D] No links or single node, clearing fog immediately
[Graph3D] Data changed: {
  nodesLen: [33m0[39m,
  linksLen: [33m0[39m,
  key: [33m1776869898315[39m,
  timestamp: [33m1776869898315[39m
}
[Graph3D] Creating simulation: [33m0[39m nodes
[Graph3D] createGraphSimulation called: { hasObjectManager: [33mtrue[39m, hasScene: [33mtrue[39m, nodeCount: [33m0[39m, linkCount: [33m0[39m }
[Graph3D] Clearing existing objects...
[Graph3D] Calling createSimulation...
[Graph3D] Simulation created, setting up event handlers...
[Graph3D] No links or single node, clearing fog immediately
[Graph3D] Data changed: {
  nodesLen: [33m0[39m,
  linksLen: [33m0[39m,
  key: [33m1776869898342[39m,
  timestamp: [33m1776869898342[39m
}
[Graph3D] Creating simulation: [33m0[39m nodes
[Graph3D] createGraphSimulation called: { hasObjectManager: [33mtrue[39m, hasScene: [33mtrue[39m, nodeCount: [33m0[39m, linkCount: [33m0[39m }
[Graph3D] Clearing existing objects...
[Graph3D] Calling createSimulation...
[Graph3D] Simulation created, setting up event handlers...
[Graph3D] No links or single node, clearing fog immediately
[Graph3D] Data changed: {
  nodesLen: [33m0[39m,
  linksLen: [33m0[39m,
  key: [33m1776869898368[39m,
  timestamp: [33m1776869898368[39m
}
[Graph3D] Creating simulation: [33m0[39m nodes
[Graph3D] createGraphSimulation called: { hasObjectManager: [33mtrue[39m, hasScene: [33mtrue[39m, nodeCount: [33m0[39m, linkCount: [33m0[39m }
[Graph3D] Clearing existing objects...
[Graph3D] Calling createSimulation...
[Graph3D] Simulation created, setting up event handlers...
[Graph3D] No links or single node, clearing fog immediately
[Graph3D] Data changed: {
  nodesLen: [33m0[39m,
  linksLen: [33m0[39m,
  key: [33m1776869898392[39m,
  timestamp: [33m1776869898392[39m
}
[Graph3D] Creating simulation: [33m0[39m nodes
[Graph3D] createGraphSimulation called: { hasObjectManager: [33mtrue[39m, hasScene: [33mtrue[39m, nodeCount: [33m0[39m, linkCount: [33m0[39m }
[Graph3D] Clearing existing objects...
[Graph3D] Calling createSimulation...
[Graph3D] Simulation created, setting up event handlers...
[Graph3D] No links or single node, clearing fog immediately
[Graph3D] Data changed: {
  nodesLen: [33m0[39m,
  linksLen: [33m0[39m,
  key: [33m1776869898419[39m,
  timestamp: [33m1776869898419[39m
}
[Graph3D] Creating simulation: [33m0[39m nodes
[Graph3D] createGraphSimulation called: { hasObjectManager: [33mtrue[39m, hasScene: [33mtrue[39m, nodeCount: [33m0[39m, linkCount: [33m0[39m }
[Graph3D] Clearing existing objects...
[Graph3D] Calling createSimulation...
[Graph3D] Simulation created, setting up event handlers...
[Graph3D] No links or single node, clearing fog immediately
[Graph3D] Data changed: {
  nodesLen: [33m0[39m,
  linksLen: [33m0[39m,
  key: [33m1776869898439[39m,
  timestamp: [33m1776869898439[39m
}
[Graph3D] Creating simulation: [33m0[39m nodes
[Graph3D] createGraphSimulation called: { hasObjectManager: [33mtrue[39m, hasScene: [33mtrue[39m, nodeCount: [33m0[39m, linkCount: [33m0[39m }
[Graph3D] Clearing existing objects...
[Graph3D] Calling createSimulation...
[Graph3D] Simulation created, setting up event handlers...
[Graph3D] No links or single node, clearing fog immediately
[Graph3D] Data changed: {
  nodesLen: [33m0[39m,
  linksLen: [33m0[39m,
  key: [33m1776869898464[39m,
  timestamp: [33m1776869898464[39m
}
[Graph3D] Creating simulation: [33m0[39m nodes
[Graph3D] createGraphSimulation called: { hasObjectManager: [33mtrue[39m, hasScene: [33mtrue[39m, nodeCount: [33m0[39m, linkCount: [33m0[39m }
[Graph3D] Clearing existing objects...
[Graph3D] Calling createSimulation...
[Graph3D] Simulation created, setting up event handlers...
[Graph3D] No links or single node, clearing fog immediately
[Graph3D] Data changed: {
  nodesLen: [33m0[39m,
  linksLen: [33m0[39m,
  key: [33m1776869898497[39m,
  timestamp: [33m1776869898497[39m
}
[Graph3D] Creating simulation: [33m0[39m nodes
[Graph3D] createGraphSimulation called: { hasObjectManager: [33mtrue[39m, hasScene: [33mtrue[39m, nodeCount: [33m0[39m, linkCount: [33m0[39m }
[Graph3D] Clearing existing objects...
[Graph3D] Calling createSimulation...
[Graph3D] Simulation created, setting up event handlers...
[Graph3D] No links or single node, clearing fog immediately
[Graph3D] Data changed: {
  nodesLen: [33m0[39m,
  linksLen: [33m0[39m,
  key: [33m1776869898531[39m,
  timestamp: [33m1776869898531[39m
}
[Graph3D] Creating simulation: [33m0[39m nodes
[Graph3D] createGraphSimulation called: { hasObjectManager: [33mtrue[39m, hasScene: [33mtrue[39m, nodeCount: [33m0[39m, linkCount: [33m0[39m }
[Graph3D] Clearing existing objects...
[Graph3D] Calling createSimulation...
[Graph3D] Simulation created, setting up event handlers...
[Graph3D] No links or single node, clearing fog immediately
[Graph3D] Data changed: {
  nodesLen: [33m0[39m,
  linksLen: [33m0[39m,
  key: [33m1776869898563[39m,
  timestamp: [33m1776869898563[39m
}
[Graph3D] Creating simulation: [33m0[39m nodes
[Graph3D] createGraphSimulation called: { hasObjectManager: [33mtrue[39m, hasScene: [33mtrue[39m, nodeCount: [33m0[39m, linkCount: [33m0[39m }
[Graph3D] Clearing existing objects...
[Graph3D] Calling createSimulation...
[Graph3D] Simulation created, setting up event handlers...
[Graph3D] No links or single node, clearing fog immediately
[Graph3D] Data changed: {
  nodesLen: [33m0[39m,
  linksLen: [33m0[39m,
  key: [33m1776869898597[39m,
  timestamp: [33m1776869898597[39m
}
[Graph3D] Creating simulation: [33m0[39m nodes
[Graph3D] createGraphSimulation called: { hasObjectManager: [33mtrue[39m, hasScene: [33mtrue[39m, nodeCount: [33m0[39m, linkCount: [33m0[39m }
[Graph3D] Clearing existing objects...
[Graph3D] Calling createSimulation...
[Graph3D] Simulation created, setting up event handlers...
[Graph3D] No links or single node, clearing fog immediately
[Graph3D] Data changed: {
  nodesLen: [33m0[39m,
  linksLen: [33m0[39m,
  key: [33m1776869898670[39m,
  timestamp: [33m1776869898670[39m
}
[Graph3D] Creating simulation: [33m0[39m nodes
[Graph3D] createGraphSimulation called: { hasObjectManager: [33mtrue[39m, hasScene: [33mtrue[39m, nodeCount: [33m0[39m, linkCount: [33m0[39m }
[Graph3D] Clearing existing objects...
[Graph3D] Calling createSimulation...
[Graph3D] Simulation created, setting up event handlers...
[Graph3D] No links or single node, clearing fog immediately
[Graph3D] Data changed: {
  nodesLen: [33m0[39m,
  linksLen: [33m0[39m,
  key: [33m1776869898701[39m,
  timestamp: [33m1776869898701[39m
}
[Graph3D] Creating simulation: [33m0[39m nodes
[Graph3D] createGraphSimulation called: { hasObjectManager: [33mtrue[39m, hasScene: [33mtrue[39m, nodeCount: [33m0[39m, linkCount: [33m0[39m }
[Graph3D] Clearing existing objects...
[Graph3D] Calling createSimulation...
[Graph3D] Simulation created, setting up event handlers...
[Graph3D] No links or single node, clearing fog immediately
[Graph3D] Data changed: {
  nodesLen: [33m0[39m,
  linksLen: [33m0[39m,
  key: [33m1776869898731[39m,
  timestamp: [33m1776869898731[39m
}
[Graph3D] Creating simulation: [33m0[39m nodes
[Graph3D] createGraphSimulation called: { hasObjectManager: [33mtrue[39m, hasScene: [33mtrue[39m, nodeCount: [33m0[39m, linkCount: [33m0[39m }
[Graph3D] Clearing existing objects...
[Graph3D] Calling createSimulation...
[Graph3D] Simulation created, setting up event handlers...
[Graph3D] No links or single node, clearing fog immediately
[Graph3D] Data changed: {
  nodesLen: [33m0[39m,
  linksLen: [33m0[39m,
  key: [33m1776869898760[39m,
  timestamp: [33m1776869898760[39m
}
[Graph3D] Creating simulation: [33m0[39m nodes
[Graph3D] createGraphSimulation called: { hasObjectManager: [33mtrue[39m, hasScene: [33mtrue[39m, nodeCount: [33m0[39m, linkCount: [33m0[39m }
[Graph3D] Clearing existing objects...
[Graph3D] Calling createSimulation...
[Graph3D] Simulation created, setting up event handlers...
[Graph3D] No links or single node, clearing fog immediately
[Graph3D] Data changed: {
  nodesLen: [33m0[39m,
  linksLen: [33m0[39m,
  key: [33m1776869898787[39m,
  timestamp: [33m1776869898787[39m
}
[Graph3D] Creating simulation: [33m0[39m nodes
[Graph3D] createGraphSimulation called: { hasObjectManager: [33mtrue[39m, hasScene: [33mtrue[39m, nodeCount: [33m0[39m, linkCount: [33m0[39m }
[Graph3D] Clearing existing objects...
[Graph3D] Calling createSimulation...
[Graph3D] Simulation created, setting up event handlers...
[Graph3D] No links or single node, clearing fog immediately
[Graph3D] Data changed: {
  nodesLen: [33m0[39m,
  linksLen: [33m0[39m,
  key: [33m1776869898810[39m,
  timestamp: [33m1776869898810[39m
}
[Graph3D] Creating simulation: [33m0[39m nodes
[Graph3D] createGraphSimulation called: { hasObjectManager: [33mtrue[39m, hasScene: [33mtrue[39m, nodeCount: [33m0[39m, linkCount: [33m0[39m }
[Graph3D] Clearing existing objects...
[Graph3D] Calling createSimulation...
[Graph3D] Simulation created, setting up event handlers...
[Graph3D] No links or single node, clearing fog immediately
[Graph3D] Data changed: {
  nodesLen: [33m0[39m,
  linksLen: [33m0[39m,
  key: [33m1776869898835[39m,
  timestamp: [33m1776869898835[39m
}
[Graph3D] Creating simulation: [33m0[39m nodes
[Graph3D] createGraphSimulation called: { hasObjectManager: [33mtrue[39m, hasScene: [33mtrue[39m, nodeCount: [33m0[39m, linkCount: [33m0[39m }
[Graph3D] Clearing existing objects...
[Graph3D] Calling createSimulation...
[Graph3D] Simulation created, setting up event handlers...
[Graph3D] No links or single node, clearing fog immediately
[Graph3D] Data changed: {
  nodesLen: [33m0[39m,
  linksLen: [33m0[39m,
  key: [33m1776869898875[39m,
  timestamp: [33m1776869898875[39m
}
[Graph3D] Creating simulation: [33m0[39m nodes
[Graph3D] createGraphSimulation called: { hasObjectManager: [33mtrue[39m, hasScene: [33mtrue[39m, nodeCount: [33m0[39m, linkCount: [33m0[39m }
[Graph3D] Clearing existing objects...
[Graph3D] Calling createSimulation...
[Graph3D] Simulation created, setting up event handlers...
[Graph3D] No links or single node, clearing fog immediately
[Graph3D] Data changed: {
  nodesLen: [33m0[39m,
  linksLen: [33m0[39m,
  key: [33m1776869898908[39m,
  timestamp: [33m1776869898908[39m
}
[Graph3D] Creating simulation: [33m0[39m nodes
[Graph3D] createGraphSimulation called: { hasObjectManager: [33mtrue[39m, hasScene: [33mtrue[39m, nodeCount: [33m0[39m, linkCount: [33m0[39m }
[Graph3D] Clearing existing objects...
[Graph3D] Calling createSimulation...
[Graph3D] Simulation created, setting up event handlers...
[Graph3D] No links or single node, clearing fog immediately
[Graph3D] Data changed: {
  nodesLen: [33m0[39m,
  linksLen: [33m0[39m,
  key: [33m1776869898933[39m,
  timestamp: [33m1776869898933[39m
}
[Graph3D] Creating simulation: [33m0[39m nodes
[Graph3D] createGraphSimulation called: { hasObjectManager: [33mtrue[39m, hasScene: [33mtrue[39m, nodeCount: [33m0[39m, linkCount: [33m0[39m }
[Graph3D] Clearing existing objects...
[Graph3D] Calling createSimulation...
[Graph3D] Simulation created, setting up event handlers...
[Graph3D] No links or single node, clearing fog immediately
[Graph3D] Data changed: {
  nodesLen: [33m0[39m,
  linksLen: [33m0[39m,
  key: [33m1776869898963[39m,
  timestamp: [33m1776869898963[39m
}
[Graph3D] Creating simulation: [33m0[39m nodes
[Graph3D] createGraphSimulation called: { hasObjectManager: [33mtrue[39m, hasScene: [33mtrue[39m, nodeCount: [33m0[39m, linkCount: [33m0[39m }
[Graph3D] Clearing existing objects...
[Graph3D] Calling createSimulation...
[Graph3D] Simulation created, setting up event handlers...
[Graph3D] No links or single node, clearing fog immediately
[Graph3D] Data changed: {
  nodesLen: [33m0[39m,
  linksLen: [33m0[39m,
  key: [33m1776869898990[39m,
  timestamp: [33m1776869898990[39m
}
[Graph3D] Creating simulation: [33m0[39m nodes
[Graph3D] createGraphSimulation called: { hasObjectManager: [33mtrue[39m, hasScene: [33mtrue[39m, nodeCount: [33m0[39m, linkCount: [33m0[39m }
[Graph3D] Clearing existing objects...
[Graph3D] Calling createSimulation...
[Graph3D] Simulation created, setting up event handlers...
[Graph3D] No links or single node, clearing fog immediately
[Graph3D] Data changed: {
  nodesLen: [33m0[39m,
  linksLen: [33m0[39m,
  key: [33m1776869899013[39m,
  timestamp: [33m1776869899013[39m
}
[Graph3D] Creating simulation: [33m0[39m nodes
[Graph3D] createGraphSimulation called: { hasObjectManager: [33mtrue[39m, hasScene: [33mtrue[39m, nodeCount: [33m0[39m, linkCount: [33m0[39m }
[Graph3D] Clearing existing objects...
[Graph3D] Calling createSimulation...
[Graph3D] Simulation created, setting up event handlers...
[Graph3D] No links or single node, clearing fog immediately
[Graph3D] Data changed: {
  nodesLen: [33m0[39m,
  linksLen: [33m0[39m,
  key: [33m1776869899034[39m,
  timestamp: [33m1776869899034[39m
}
[Graph3D] Creating simulation: [33m0[39m nodes
[Graph3D] createGraphSimulation called: { hasObjectManager: [33mtrue[39m, hasScene: [33mtrue[39m, nodeCount: [33m0[39m, linkCount: [33m0[39m }
[Graph3D] Clearing existing objects...
[Graph3D] Calling createSimulation...
[Graph3D] Simulation created, setting up event handlers...
[Graph3D] No links or single node, clearing fog immediately
[Graph3D] Data changed: {
  nodesLen: [33m0[39m,
  linksLen: [33m0[39m,
  key: [33m1776869899056[39m,
  timestamp: [33m1776869899056[39m
}
[Graph3D] Creating simulation: [33m0[39m nodes
[Graph3D] createGraphSimulation called: { hasObjectManager: [33mtrue[39m, hasScene: [33mtrue[39m, nodeCount: [33m0[39m, linkCount: [33m0[39m }
[Graph3D] Clearing existing objects...
[Graph3D] Calling createSimulation...
[Graph3D] Simulation created, setting up event handlers...
[Graph3D] No links or single node, clearing fog immediately
[Graph3D] Data changed: {
  nodesLen: [33m0[39m,
  linksLen: [33m0[39m,
  key: [33m1776869899077[39m,
  timestamp: [33m1776869899077[39m
}
[Graph3D] Creating simulation: [33m0[39m nodes
[Graph3D] createGraphSimulation called: { hasObjectManager: [33mtrue[39m, hasScene: [33mtrue[39m, nodeCount: [33m0[39m, linkCount: [33m0[39m }
[Graph3D] Clearing existing objects...
[Graph3D] Calling createSimulation...
[Graph3D] Simulation created, setting up event handlers...
[Graph3D] No links or single node, clearing fog immediately
[Graph3D] Data changed: {
  nodesLen: [33m0[39m,
  linksLen: [33m0[39m,
  key: [33m1776869899098[39m,
  timestamp: [33m1776869899098[39m
}
[Graph3D] Creating simulation: [33m0[39m nodes
[Graph3D] createGraphSimulation called: { hasObjectManager: [33mtrue[39m, hasScene: [33mtrue[39m, nodeCount: [33m0[39m, linkCount: [33m0[39m }
[Graph3D] Clearing existing objects...
[Graph3D] Calling createSimulation...
[Graph3D] Simulation created, setting up event handlers...
[Graph3D] No links or single node, clearing fog immediately
[Graph3D] Data changed: {
  nodesLen: [33m0[39m,
  linksLen: [33m0[39m,
  key: [33m1776869899119[39m,
  timestamp: [33m1776869899119[39m
}
[Graph3D] Creating simulation: [33m0[39m nodes
[Graph3D] createGraphSimulation called: { hasObjectManager: [33mtrue[39m, hasScene: [33mtrue[39m, nodeCount: [33m0[39m, linkCount: [33m0[39m }
[Graph3D] Clearing existing objects...
[Graph3D] Calling createSimulation...
[Graph3D] Simulation created, setting up event handlers...
[Graph3D] No links or single node, clearing fog immediately
[Graph3D] Data changed: {
  nodesLen: [33m0[39m,
  linksLen: [33m0[39m,
  key: [33m1776869899144[39m,
  timestamp: [33m1776869899144[39m
}
[Graph3D] Creating simulation: [33m0[39m nodes
[Graph3D] createGraphSimulation called: { hasObjectManager: [33mtrue[39m, hasScene: [33mtrue[39m, nodeCount: [33m0[39m, linkCount: [33m0[39m }
[Graph3D] Clearing existing objects...
[Graph3D] Calling createSimulation...
[Graph3D] Simulation created, setting up event handlers...
[Graph3D] No links or single node, clearing fog immediately
[Graph3D] Data changed: {
  nodesLen: [33m0[39m,
  linksLen: [33m0[39m,
  key: [33m1776869899174[39m,
  timestamp: [33m1776869899174[39m
}
[Graph3D] Creating simulation: [33m0[39m nodes
[Graph3D] createGraphSimulation called: { hasObjectManager: [33mtrue[39m, hasScene: [33mtrue[39m, nodeCount: [33m0[39m, linkCount: [33m0[39m }
[Graph3D] Clearing existing objects...
[Graph3D] Calling createSimulation...
[Graph3D] Simulation created, setting up event handlers...
[Graph3D] No links or single node, clearing fog immediately
[Graph3D] Data changed: {
  nodesLen: [33m0[39m,
  linksLen: [33m0[39m,
  key: [33m1776869899197[39m,
  timestamp: [33m1776869899197[39m
}
[Graph3D] Creating simulation: [33m0[39m nodes
[Graph3D] createGraphSimulation called: { hasObjectManager: [33mtrue[39m, hasScene: [33mtrue[39m, nodeCount: [33m0[39m, linkCount: [33m0[39m }
[Graph3D] Clearing existing objects...
[Graph3D] Calling createSimulation...
[Graph3D] Simulation created, setting up event handlers...
[Graph3D] No links or single node, clearing fog immediately
[Graph3D] Data changed: {
  nodesLen: [33m0[39m,
  linksLen: [33m0[39m,
  key: [33m1776869899219[39m,
  timestamp: [33m1776869899219[39m
}
[Graph3D] Creating simulation: [33m0[39m nodes
[Graph3D] createGraphSimulation called: { hasObjectManager: [33mtrue[39m, hasScene: [33mtrue[39m, nodeCount: [33m0[39m, linkCount: [33m0[39m }
[Graph3D] Clearing existing objects...
[Graph3D] Calling createSimulation...
[Graph3D] Simulation created, setting up event handlers...
[Graph3D] No links or single node, clearing fog immediately
[Graph3D] Data changed: {
  nodesLen: [33m0[39m,
  linksLen: [33m0[39m,
  key: [33m1776869899244[39m,
  timestamp: [33m1776869899244[39m
}
[Graph3D] Creating simulation: [33m0[39m nodes
[Graph3D] createGraphSimulation called: { hasObjectManager: [33mtrue[39m, hasScene: [33mtrue[39m, nodeCount: [33m0[39m, linkCount: [33m0[39m }
[Graph3D] Clearing existing objects...
[Graph3D] Calling createSimulation...
[Graph3D] Simulation created, setting up event handlers...
[Graph3D] No links or single node, clearing fog immediately
[Graph3D] Data changed: {
  nodesLen: [33m0[39m,
  linksLen: [33m0[39m,
  key: [33m1776869899268[39m,
  timestamp: [33m1776869899268[39m
}
[Graph3D] Creating simulation: [33m0[39m nodes
[Graph3D] createGraphSimulation called: { hasObjectManager: [33mtrue[39m, hasScene: [33mtrue[39m, nodeCount: [33m0[39m, linkCount: [33m0[39m }
[Graph3D] Clearing existing objects...
[Graph3D] Calling createSimulation...
[Graph3D] Simulation created, setting up event handlers...
[Graph3D] No links or single node, clearing fog immediately
[Graph3D] Data changed: {
  nodesLen: [33m0[39m,
  linksLen: [33m0[39m,
  key: [33m1776869899299[39m,
  timestamp: [33m1776869899299[39m
}
[Graph3D] Creating simulation: [33m0[39m nodes
[Graph3D] createGraphSimulation called: { hasObjectManager: [33mtrue[39m, hasScene: [33mtrue[39m, nodeCount: [33m0[39m, linkCount: [33m0[39m }
[Graph3D] Clearing existing objects...
[Graph3D] Calling createSimulation...
[Graph3D] Simulation created, setting up event handlers...
[Graph3D] No links or single node, clearing fog immediately
[Graph3D] Data changed: {
  nodesLen: [33m0[39m,
  linksLen: [33m0[39m,
  key: [33m1776869899324[39m,
  timestamp: [33m1776869899324[39m
}
[Graph3D] Creating simulation: [33m0[39m nodes
[Graph3D] createGraphSimulation called: { hasObjectManager: [33mtrue[39m, hasScene: [33mtrue[39m, nodeCount: [33m0[39m, linkCount: [33m0[39m }
[Graph3D] Clearing existing objects...
[Graph3D] Calling createSimulation...
[Graph3D] Simulation created, setting up event handlers...
[Graph3D] No links or single node, clearing fog immediately
[Graph3D] Data changed: {
  nodesLen: [33m0[39m,
  linksLen: [33m0[39m,
  key: [33m1776869899350[39m,
  timestamp: [33m1776869899350[39m
}
[Graph3D] Creating simulation: [33m0[39m nodes
[Graph3D] createGraphSimulation called: { hasObjectManager: [33mtrue[39m, hasScene: [33mtrue[39m, nodeCount: [33m0[39m, linkCount: [33m0[39m }
[Graph3D] Clearing existing objects...
[Graph3D] Calling createSimulation...
[Graph3D] Simulation created, setting up event handlers...
[Graph3D] No links or single node, clearing fog immediately
[Graph3D] Data changed: {
  nodesLen: [33m0[39m,
  linksLen: [33m0[39m,
  key: [33m1776869899374[39m,
  timestamp: [33m1776869899374[39m
}
[Graph3D] Creating simulation: [33m0[39m nodes
[Graph3D] createGraphSimulation called: { hasObjectManager: [33mtrue[39m, hasScene: [33mtrue[39m, nodeCount: [33m0[39m, linkCount: [33m0[39m }
[Graph3D] Clearing existing objects...
[Graph3D] Calling createSimulation...
[Graph3D] Simulation created, setting up event handlers...
[Graph3D] No links or single node, clearing fog immediately
[Graph3D] Data changed: {
  nodesLen: [33m0[39m,
  linksLen: [33m0[39m,
  key: [33m1776869899398[39m,
  timestamp: [33m1776869899398[39m
}
[Graph3D] Creating simulation: [33m0[39m nodes
[Graph3D] createGraphSimulation called: { hasObjectManager: [33mtrue[39m, hasScene: [33mtrue[39m, nodeCount: [33m0[39m, linkCount: [33m0[39m }
[Graph3D] Clearing existing objects...
[Graph3D] Calling createSimulation...
[Graph3D] Simulation created, setting up event handlers...
[Graph3D] No links or single node, clearing fog immediately
[Graph3D] Data changed: {
  nodesLen: [33m0[39m,
  linksLen: [33m0[39m,
  key: [33m1776869899421[39m,
  timestamp: [33m1776869899421[39m
}
[Graph3D] Creating simulation: [33m0[39m nodes
[Graph3D] createGraphSimulation called: { hasObjectManager: [33mtrue[39m, hasScene: [33mtrue[39m, nodeCount: [33m0[39m, linkCount: [33m0[39m }
[Graph3D] Clearing existing objects...
[Graph3D] Calling createSimulation...
[Graph3D] Simulation created, setting up event handlers...
[Graph3D] No links or single node, clearing fog immediately
[Graph3D] Data changed: {
  nodesLen: [33m0[39m,
  linksLen: [33m0[39m,
  key: [33m1776869899444[39m,
  timestamp: [33m1776869899444[39m
}
[Graph3D] Creating simulation: [33m0[39m nodes
[Graph3D] createGraphSimulation called: { hasObjectManager: [33mtrue[39m, hasScene: [33mtrue[39m, nodeCount: [33m0[39m, linkCount: [33m0[39m }
[Graph3D] Clearing existing objects...
[Graph3D] Calling createSimulation...
[Graph3D] Simulation created, setting up event handlers...
[Graph3D] No links or single node, clearing fog immediately
[Graph3D] Data changed: {
  nodesLen: [33m0[39m,
  linksLen: [33m0[39m,
  key: [33m1776869899468[39m,
  timestamp: [33m1776869899468[39m
}
[Graph3D] Creating simulation: [33m0[39m nodes
[Graph3D] createGraphSimulation called: { hasObjectManager: [33mtrue[39m, hasScene: [33mtrue[39m, nodeCount: [33m0[39m, linkCount: [33m0[39m }
[Graph3D] Clearing existing objects...
[Graph3D] Calling createSimulation...
[Graph3D] Simulation created, setting up event handlers...
[Graph3D] No links or single node, clearing fog immediately
[Graph3D] Data changed: {
  nodesLen: [33m0[39m,
  linksLen: [33m0[39m,
  key: [33m1776869899494[39m,
  timestamp: [33m1776869899494[39m
}
[Graph3D] Creating simulation: [33m0[39m nodes
[Graph3D] createGraphSimulation called: { hasObjectManager: [33mtrue[39m, hasScene: [33mtrue[39m, nodeCount: [33m0[39m, linkCount: [33m0[39m }
[Graph3D] Clearing existing objects...
[Graph3D] Calling createSimulation...
[Graph3D] Simulation created, setting up event handlers...
[Graph3D] No links or single node, clearing fog immediately
[Graph3D] Data changed: {
  nodesLen: [33m0[39m,
  linksLen: [33m0[39m,
  key: [33m1776869899518[39m,
  timestamp: [33m1776869899518[39m
}
[Graph3D] Creating simulation: [33m0[39m nodes
[Graph3D] createGraphSimulation called: { hasObjectManager: [33mtrue[39m, hasScene: [33mtrue[39m, nodeCount: [33m0[39m, linkCount: [33m0[39m }
[Graph3D] Clearing existing objects...
[Graph3D] Calling createSimulation...
[Graph3D] Simulation created, setting up event handlers...
[Graph3D] No links or single node, clearing fog immediately
[Graph3D] Data changed: {
  nodesLen: [33m0[39m,
  linksLen: [33m0[39m,
  key: [33m1776869899542[39m,
  timestamp: [33m1776869899542[39m
}
[Graph3D] Creating simulation: [33m0[39m nodes
[Graph3D] createGraphSimulation called: { hasObjectManager: [33mtrue[39m, hasScene: [33mtrue[39m, nodeCount: [33m0[39m, linkCount: [33m0[39m }
[Graph3D] Clearing existing objects...
[Graph3D] Calling createSimulation...
[Graph3D] Simulation created, setting up event handlers...
[Graph3D] No links or single node, clearing fog immediately
[Graph3D] Data changed: {
  nodesLen: [33m0[39m,
  linksLen: [33m0[39m,
  key: [33m1776869899565[39m,
  timestamp: [33m1776869899565[39m
}
[Graph3D] Creating simulation: [33m0[39m nodes
[Graph3D] createGraphSimulation called: { hasObjectManager: [33mtrue[39m, hasScene: [33mtrue[39m, nodeCount: [33m0[39m, linkCount: [33m0[39m }
[Graph3D] Clearing existing objects...
[Graph3D] Calling createSimulation...
[Graph3D] Simulation created, setting up event handlers...
[Graph3D] No links or single node, clearing fog immediately
[Graph3D] Data changed: {
  nodesLen: [33m0[39m,
  linksLen: [33m0[39m,
  key: [33m1776869899591[39m,
  timestamp: [33m1776869899591[39m
}
[Graph3D] Creating simulation: [33m0[39m nodes
[Graph3D] createGraphSimulation called: { hasObjectManager: [33mtrue[39m, hasScene: [33mtrue[39m, nodeCount: [33m0[39m, linkCount: [33m0[39m }
[Graph3D] Clearing existing objects...
[Graph3D] Calling createSimulation...
[Graph3D] Simulation created, setting up event handlers...
[Graph3D] No links or single node, clearing fog immediately
[Graph3D] Data changed: {
  nodesLen: [33m0[39m,
  linksLen: [33m0[39m,
  key: [33m1776869899616[39m,
  timestamp: [33m1776869899616[39m
}
[Graph3D] Creating simulation: [33m0[39m nodes
[Graph3D] createGraphSimulation called: { hasObjectManager: [33mtrue[39m, hasScene: [33mtrue[39m, nodeCount: [33m0[39m, linkCount: [33m0[39m }
[Graph3D] Clearing existing objects...
[Graph3D] Calling createSimulation...
[Graph3D] Simulation created, setting up event handlers...
[Graph3D] No links or single node, clearing fog immediately
[Graph3D] Data changed: {
  nodesLen: [33m0[39m,
  linksLen: [33m0[39m,
  key: [33m1776869899642[39m,
  timestamp: [33m1776869899642[39m
}
[Graph3D] Creating simulation: [33m0[39m nodes
[Graph3D] createGraphSimulation called: { hasObjectManager: [33mtrue[39m, hasScene: [33mtrue[39m, nodeCount: [33m0[39m, linkCount: [33m0[39m }
[Graph3D] Clearing existing objects...
[Graph3D] Calling createSimulation...
[Graph3D] Simulation created, setting up event handlers...
[Graph3D] No links or single node, clearing fog immediately
[Graph3D] Data changed: {
  nodesLen: [33m0[39m,
  linksLen: [33m0[39m,
  key: [33m1776869899666[39m,
  timestamp: [33m1776869899666[39m
}
[Graph3D] Creating simulation: [33m0[39m nodes
[Graph3D] createGraphSimulation called: { hasObjectManager: [33mtrue[39m, hasScene: [33mtrue[39m, nodeCount: [33m0[39m, linkCount: [33m0[39m }
[Graph3D] Clearing existing objects...
[Graph3D] Calling createSimulation...
[Graph3D] Simulation created, setting up event handlers...
[Graph3D] No links or single node, clearing fog immediately
[Graph3D] Data changed: {
  nodesLen: [33m0[39m,
  linksLen: [33m0[39m,
  key: [33m1776869899692[39m,
  timestamp: [33m1776869899692[39m
}
[Graph3D] Creating simulation: [33m0[39m nodes
[Graph3D] createGraphSimulation called: { hasObjectManager: [33mtrue[39m, hasScene: [33mtrue[39m, nodeCount: [33m0[39m, linkCount: [33m0[39m }
[Graph3D] Clearing existing objects...
[Graph3D] Calling createSimulation...
[Graph3D] Simulation created, setting up event handlers...
[Graph3D] No links or single node, clearing fog immediately
[Graph3D] Data changed: {
  nodesLen: [33m0[39m,
  linksLen: [33m0[39m,
  key: [33m1776869899718[39m,
  timestamp: [33m1776869899718[39m
}
[Graph3D] Creating simulation: [33m0[39m nodes
[Graph3D] createGraphSimulation called: { hasObjectManager: [33mtrue[39m, hasScene: [33mtrue[39m, nodeCount: [33m0[39m, linkCount: [33m0[39m }
[Graph3D] Clearing existing objects...
[Graph3D] Calling createSimulation...
[Graph3D] Simulation created, setting up event handlers...
[Graph3D] No links or single node, clearing fog immediately
[Graph3D] Data changed: {
  nodesLen: [33m0[39m,
  linksLen: [33m0[39m,
  key: [33m1776869899743[39m,
  timestamp: [33m1776869899743[39m
}
[Graph3D] Creating simulation: [33m0[39m nodes
[Graph3D] createGraphSimulation called: { hasObjectManager: [33mtrue[39m, hasScene: [33mtrue[39m, nodeCount: [33m0[39m, linkCount: [33m0[39m }
[Graph3D] Clearing existing objects...
[Graph3D] Calling createSimulation...
[Graph3D] Simulation created, setting up event handlers...
[Graph3D] No links or single node, clearing fog immediately
[Graph3D] Data changed: {
  nodesLen: [33m0[39m,
  linksLen: [33m0[39m,
  key: [33m1776869899767[39m,
  timestamp: [33m1776869899767[39m
}
[Graph3D] Creating simulation: [33m0[39m nodes
[Graph3D] createGraphSimulation called: { hasObjectManager: [33mtrue[39m, hasScene: [33mtrue[39m, nodeCount: [33m0[39m, linkCount: [33m0[39m }
[Graph3D] Clearing existing objects...
[Graph3D] Calling createSimulation...
[Graph3D] Simulation created, setting up event handlers...
[Graph3D] No links or single node, clearing fog immediately
[Graph3D] Data changed: {
  nodesLen: [33m0[39m,
  linksLen: [33m0[39m,
  key: [33m1776869899792[39m,
  timestamp: [33m1776869899792[39m
}
[Graph3D] Creating simulation: [33m0[39m nodes
[Graph3D] createGraphSimulation called: { hasObjectManager: [33mtrue[39m, hasScene: [33mtrue[39m, nodeCount: [33m0[39m, linkCount: [33m0[39m }
[Graph3D] Clearing existing objects...
[Graph3D] Calling createSimulation...
[Graph3D] Simulation created, setting up event handlers...
[Graph3D] No links or single node, clearing fog immediately
[Graph3D] Data changed: {
  nodesLen: [33m0[39m,
  linksLen: [33m0[39m,
  key: [33m1776869899817[39m,
  timestamp: [33m1776869899817[39m
}
[Graph3D] Creating simulation: [33m0[39m nodes
[Graph3D] createGraphSimulation called: { hasObjectManager: [33mtrue[39m, hasScene: [33mtrue[39m, nodeCount: [33m0[39m, linkCount: [33m0[39m }
[Graph3D] Clearing existing objects...
[Graph3D] Calling createSimulation...
[Graph3D] Simulation created, setting up event handlers...
[Graph3D] No links or single node, clearing fog immediately
[Graph3D] Data changed: {
  nodesLen: [33m0[39m,
  linksLen: [33m0[39m,
  key: [33m1776869899842[39m,
  timestamp: [33m1776869899842[39m
}
[Graph3D] Creating simulation: [33m0[39m nodes
[Graph3D] createGraphSimulation called: { hasObjectManager: [33mtrue[39m, hasScene: [33mtrue[39m, nodeCount: [33m0[39m, linkCount: [33m0[39m }
[Graph3D] Clearing existing objects...
[Graph3D] Calling createSimulation...
[Graph3D] Simulation created, setting up event handlers...
[Graph3D] No links or single node, clearing fog immediately
[Graph3D] Data changed: {
  nodesLen: [33m0[39m,
  linksLen: [33m0[39m,
  key: [33m1776869899869[39m,
  timestamp: [33m1776869899869[39m
}
[Graph3D] Creating simulation: [33m0[39m nodes
[Graph3D] createGraphSimulation called: { hasObjectManager: [33mtrue[39m, hasScene: [33mtrue[39m, nodeCount: [33m0[39m, linkCount: [33m0[39m }
[Graph3D] Clearing existing objects...
[Graph3D] Calling createSimulation...
[Graph3D] Simulation created, setting up event handlers...
[Graph3D] No links or single node, clearing fog immediately
[Graph3D] Data changed: {
  nodesLen: [33m0[39m,
  linksLen: [33m0[39m,
  key: [33m1776869899899[39m,
  timestamp: [33m1776869899899[39m
}
[Graph3D] Creating simulation: [33m0[39m nodes
[Graph3D] createGraphSimulation called: { hasObjectManager: [33mtrue[39m, hasScene: [33mtrue[39m, nodeCount: [33m0[39m, linkCount: [33m0[39m }
[Graph3D] Clearing existing objects...
[Graph3D] Calling createSimulation...
[Graph3D] Simulation created, setting up event handlers...
[Graph3D] No links or single node, clearing fog immediately
[Graph3D] Data changed: {
  nodesLen: [33m0[39m,
  linksLen: [33m0[39m,
  key: [33m1776869899923[39m,
  timestamp: [33m1776869899923[39m
}
[Graph3D] Creating simulation: [33m0[39m nodes
[Graph3D] createGraphSimulation called: { hasObjectManager: [33mtrue[39m, hasScene: [33mtrue[39m, nodeCount: [33m0[39m, linkCount: [33m0[39m }
[Graph3D] Clearing existing objects...
[Graph3D] Calling createSimulation...
[Graph3D] Simulation created, setting up event handlers...
[Graph3D] No links or single node, clearing fog immediately
[Graph3D] Data changed: {
  nodesLen: [33m0[39m,
  linksLen: [33m0[39m,
  key: [33m1776869899949[39m,
  timestamp: [33m1776869899949[39m
}
[Graph3D] Creating simulation: [33m0[39m nodes
[Graph3D] createGraphSimulation called: { hasObjectManager: [33mtrue[39m, hasScene: [33mtrue[39m, nodeCount: [33m0[39m, linkCount: [33m0[39m }
[Graph3D] Clearing existing objects...
[Graph3D] Calling createSimulation...
[Graph3D] Simulation created, setting up event handlers...
[Graph3D] No links or single node, clearing fog immediately
[Graph3D] Data changed: {
  nodesLen: [33m0[39m,
  linksLen: [33m0[39m,
  key: [33m1776869899974[39m,
  timestamp: [33m1776869899974[39m
}
[Graph3D] Creating simulation: [33m0[39m nodes
[Graph3D] createGraphSimulation called: { hasObjectManager: [33mtrue[39m, hasScene: [33mtrue[39m, nodeCount: [33m0[39m, linkCount: [33m0[39m }
[Graph3D] Clearing existing objects...
[Graph3D] Calling createSimulation...
[Graph3D] Simulation created, setting up event handlers...
[Graph3D] No links or single node, clearing fog immediately
[Graph3D] Data changed: {
  nodesLen: [33m0[39m,
  linksLen: [33m0[39m,
  key: [33m1776869900000[39m,
  timestamp: [33m1776869900000[39m
}
[Graph3D] Creating simulation: [33m0[39m nodes
[Graph3D] createGraphSimulation called: { hasObjectManager: [33mtrue[39m, hasScene: [33mtrue[39m, nodeCount: [33m0[39m, linkCount: [33m0[39m }
[Graph3D] Clearing existing objects...
[Graph3D] Calling createSimulation...
[Graph3D] Simulation created, setting up event handlers...
[Graph3D] No links or single node, clearing fog immediately
[Graph3D] Data changed: {
  nodesLen: [33m0[39m,
  linksLen: [33m0[39m,
  key: [33m1776869900026[39m,
  timestamp: [33m1776869900026[39m
}
[Graph3D] Creating simulation: [33m0[39m nodes
[Graph3D] createGraphSimulation called: { hasObjectManager: [33mtrue[39m, hasScene: [33mtrue[39m, nodeCount: [33m0[39m, linkCount: [33m0[39m }
[Graph3D] Clearing existing objects...
[Graph3D] Calling createSimulation...
[Graph3D] Simulation created, setting up event handlers...
[Graph3D] No links or single node, clearing fog immediately
[Graph3D] Data changed: {
  nodesLen: [33m0[39m,
  linksLen: [33m0[39m,
  key: [33m1776869900056[39m,
  timestamp: [33m1776869900056[39m
}
[Graph3D] Creating simulation: [33m0[39m nodes
[Graph3D] createGraphSimulation called: { hasObjectManager: [33mtrue[39m, hasScene: [33mtrue[39m, nodeCount: [33m0[39m, linkCount: [33m0[39m }
[Graph3D] Clearing existing objects...
[Graph3D] Calling createSimulation...
[Graph3D] Simulation created, setting up event handlers...
[Graph3D] No links or single node, clearing fog immediately
[Graph3D] Data changed: {
  nodesLen: [33m0[39m,
  linksLen: [33m0[39m,
  key: [33m1776869900082[39m,
  timestamp: [33m1776869900082[39m
}
[Graph3D] Creating simulation: [33m0[39m nodes
[Graph3D] createGraphSimulation called: { hasObjectManager: [33mtrue[39m, hasScene: [33mtrue[39m, nodeCount: [33m0[39m, linkCount: [33m0[39m }
[Graph3D] Clearing existing objects...
[Graph3D] Calling createSimulation...
[Graph3D] Simulation created, setting up event handlers...
[Graph3D] No links or single node, clearing fog immediately
[Graph3D] Data changed: {
  nodesLen: [33m0[39m,
  linksLen: [33m0[39m,
  key: [33m1776869900108[39m,
  timestamp: [33m1776869900108[39m
}
[Graph3D] Creating simulation: [33m0[39m nodes
[Graph3D] createGraphSimulation called: { hasObjectManager: [33mtrue[39m, hasScene: [33mtrue[39m, nodeCount: [33m0[39m, linkCount: [33m0[39m }
[Graph3D] Clearing existing objects...
[Graph3D] Calling createSimulation...
[Graph3D] Simulation created, setting up event handlers...
[Graph3D] No links or single node, clearing fog immediately
[Graph3D] Data changed: {
  nodesLen: [33m0[39m,
  linksLen: [33m0[39m,
  key: [33m1776869900134[39m,
  timestamp: [33m1776869900134[39m
}
[Graph3D] Creating simulation: [33m0[39m nodes
[Graph3D] createGraphSimulation called: { hasObjectManager: [33mtrue[39m, hasScene: [33mtrue[39m, nodeCount: [33m0[39m, linkCount: [33m0[39m }
[Graph3D] Clearing existing objects...
[Graph3D] Calling createSimulation...
[Graph3D] Simulation created, setting up event handlers...
[Graph3D] No links or single node, clearing fog immediately
[Graph3D] Data changed: {
  nodesLen: [33m0[39m,
  linksLen: [33m0[39m,
  key: [33m1776869900159[39m,
  timestamp: [33m1776869900159[39m
}
[Graph3D] Creating simulation: [33m0[39m nodes
[Graph3D] createGraphSimulation called: { hasObjectManager: [33mtrue[39m, hasScene: [33mtrue[39m, nodeCount: [33m0[39m, linkCount: [33m0[39m }
[Graph3D] Clearing existing objects...
[Graph3D] Calling createSimulation...
[Graph3D] Simulation created, setting up event handlers...
[Graph3D] No links or single node, clearing fog immediately
[Graph3D] Data changed: {
  nodesLen: [33m0[39m,
  linksLen: [33m0[39m,
  key: [33m1776869900186[39m,
  timestamp: [33m1776869900186[39m
}
[Graph3D] Creating simulation: [33m0[39m nodes
[Graph3D] createGraphSimulation called: { hasObjectManager: [33mtrue[39m, hasScene: [33mtrue[39m, nodeCount: [33m0[39m, linkCount: [33m0[39m }
[Graph3D] Clearing existing objects...
[Graph3D] Calling createSimulation...
[Graph3D] Simulation created, setting up event handlers...
[Graph3D] No links or single node, clearing fog immediately
[Graph3D] Data changed: {
  nodesLen: [33m0[39m,
  linksLen: [33m0[39m,
  key: [33m1776869900215[39m,
  timestamp: [33m1776869900215[39m
}
[Graph3D] Creating simulation: [33m0[39m nodes
[Graph3D] createGraphSimulation called: { hasObjectManager: [33mtrue[39m, hasScene: [33mtrue[39m, nodeCount: [33m0[39m, linkCount: [33m0[39m }
[Graph3D] Clearing existing objects...
[Graph3D] Calling createSimulation...
[Graph3D] Simulation created, setting up event handlers...
[Graph3D] No links or single node, clearing fog immediately
[Graph3D] Data changed: {
  nodesLen: [33m0[39m,
  linksLen: [33m0[39m,
  key: [33m1776869900242[39m,
  timestamp: [33m1776869900242[39m
}
[Graph3D] Creating simulation: [33m0[39m nodes
[Graph3D] createGraphSimulation called: { hasObjectManager: [33mtrue[39m, hasScene: [33mtrue[39m, nodeCount: [33m0[39m, linkCount: [33m0[39m }
[Graph3D] Clearing existing objects...
[Graph3D] Calling createSimulation...
[Graph3D] Simulation created, setting up event handlers...
[Graph3D] No links or single node, clearing fog immediately
[Graph3D] Data changed: {
  nodesLen: [33m0[39m,
  linksLen: [33m0[39m,
  key: [33m1776869900268[39m,
  timestamp: [33m1776869900268[39m
}
[Graph3D] Creating simulation: [33m0[39m nodes
[Graph3D] createGraphSimulation called: { hasObjectManager: [33mtrue[39m, hasScene: [33mtrue[39m, nodeCount: [33m0[39m, linkCount: [33m0[39m }
[Graph3D] Clearing existing objects...
[Graph3D] Calling createSimulation...
[Graph3D] Simulation created, setting up event handlers...
[Graph3D] No links or single node, clearing fog immediately
[Graph3D] Data changed: {
  nodesLen: [33m0[39m,
  linksLen: [33m0[39m,
  key: [33m1776869900293[39m,
  timestamp: [33m1776869900293[39m
}
[Graph3D] Creating simulation: [33m0[39m nodes
[Graph3D] createGraphSimulation called: { hasObjectManager: [33mtrue[39m, hasScene: [33mtrue[39m, nodeCount: [33m0[39m, linkCount: [33m0[39m }
[Graph3D] Clearing existing objects...
[Graph3D] Calling createSimulation...
[Graph3D] Simulation created, setting up event handlers...
[Graph3D] No links or single node, clearing fog immediately
[Graph3D] Data changed: {
  nodesLen: [33m0[39m,
  linksLen: [33m0[39m,
  key: [33m1776869900323[39m,
  timestamp: [33m1776869900323[39m
}
[Graph3D] Creating simulation: [33m0[39m nodes
[Graph3D] createGraphSimulation called: { hasObjectManager: [33mtrue[39m, hasScene: [33mtrue[39m, nodeCount: [33m0[39m, linkCount: [33m0[39m }
[Graph3D] Clearing existing objects...
[Graph3D] Calling createSimulation...
[Graph3D] Simulation created, setting up event handlers...
[Graph3D] No links or single node, clearing fog immediately
[Graph3D] Data changed: {
  nodesLen: [33m0[39m,
  linksLen: [33m0[39m,
  key: [33m1776869900351[39m,
  timestamp: [33m1776869900351[39m
}
[Graph3D] Creating simulation: [33m0[39m nodes
[Graph3D] createGraphSimulation called: { hasObjectManager: [33mtrue[39m, hasScene: [33mtrue[39m, nodeCount: [33m0[39m, linkCount: [33m0[39m }
[Graph3D] Clearing existing objects...
[Graph3D] Calling createSimulation...
[Graph3D] Simulation created, setting up event handlers...
[Graph3D] No links or single node, clearing fog immediately
[Graph3D] Data changed: {
  nodesLen: [33m0[39m,
  linksLen: [33m0[39m,
  key: [33m1776869900379[39m,
  timestamp: [33m1776869900379[39m
}
[Graph3D] Creating simulation: [33m0[39m nodes
[Graph3D] createGraphSimulation called: { hasObjectManager: [33mtrue[39m, hasScene: [33mtrue[39m, nodeCount: [33m0[39m, linkCount: [33m0[39m }
[Graph3D] Clearing existing objects...
[Graph3D] Calling createSimulation...
[Graph3D] Simulation created, setting up event handlers...
[Graph3D] No links or single node, clearing fog immediately
[Graph3D] Data changed: {
  nodesLen: [33m0[39m,
  linksLen: [33m0[39m,
  key: [33m1776869900408[39m,
  timestamp: [33m1776869900408[39m
}
[Graph3D] Creating simulation: [33m0[39m nodes
[Graph3D] createGraphSimulation called: { hasObjectManager: [33mtrue[39m, hasScene: [33mtrue[39m, nodeCount: [33m0[39m, linkCount: [33m0[39m }
[Graph3D] Clearing existing objects...
[Graph3D] Calling createSimulation...
[Graph3D] Simulation created, setting up event handlers...
[Graph3D] No links or single node, clearing fog immediately
[Graph3D] Data changed: {
  nodesLen: [33m0[39m,
  linksLen: [33m0[39m,
  key: [33m1776869900439[39m,
  timestamp: [33m1776869900439[39m
}
[Graph3D] Creating simulation: [33m0[39m nodes
[Graph3D] createGraphSimulation called: { hasObjectManager: [33mtrue[39m, hasScene: [33mtrue[39m, nodeCount: [33m0[39m, linkCount: [33m0[39m }
[Graph3D] Clearing existing objects...
[Graph3D] Calling createSimulation...
[Graph3D] Simulation created, setting up event handlers...
[Graph3D] No links or single node, clearing fog immediately
[Graph3D] Data changed: {
  nodesLen: [33m0[39m,
  linksLen: [33m0[39m,
  key: [33m1776869900466[39m,
  timestamp: [33m1776869900466[39m
}
[Graph3D] Creating simulation: [33m0[39m nodes
[Graph3D] createGraphSimulation called: { hasObjectManager: [33mtrue[39m, hasScene: [33mtrue[39m, nodeCount: [33m0[39m, linkCount: [33m0[39m }
[Graph3D] Clearing existing objects...
[Graph3D] Calling createSimulation...
[Graph3D] Simulation created, setting up event handlers...
[Graph3D] No links or single node, clearing fog immediately
[Graph3D] Data changed: {
  nodesLen: [33m0[39m,
  linksLen: [33m0[39m,
  key: [33m1776869900496[39m,
  timestamp: [33m1776869900496[39m
}
[Graph3D] Creating simulation: [33m0[39m nodes
[Graph3D] createGraphSimulation called: { hasObjectManager: [33mtrue[39m, hasScene: [33mtrue[39m, nodeCount: [33m0[39m, linkCount: [33m0[39m }
[Graph3D] Clearing existing objects...
[Graph3D] Calling createSimulation...
[Graph3D] Simulation created, setting up event handlers...
[Graph3D] No links or single node, clearing fog immediately
[Graph3D] Data changed: {
  nodesLen: [33m0[39m,
  linksLen: [33m0[39m,
  key: [33m1776869900524[39m,
  timestamp: [33m1776869900524[39m
}
[Graph3D] Creating simulation: [33m0[39m nodes
[Graph3D] createGraphSimulation called: { hasObjectManager: [33mtrue[39m, hasScene: [33mtrue[39m, nodeCount: [33m0[39m, linkCount: [33m0[39m }
[Graph3D] Clearing existing objects...
[Graph3D] Calling createSimulation...
[Graph3D] Simulation created, setting up event handlers...
[Graph3D] No links or single node, clearing fog immediately
[Graph3D] Data changed: {
  nodesLen: [33m0[39m,
  linksLen: [33m0[39m,
  key: [33m1776869900553[39m,
  timestamp: [33m1776869900553[39m
}
[Graph3D] Creating simulation: [33m0[39m nodes
[Graph3D] createGraphSimulation called: { hasObjectManager: [33mtrue[39m, hasScene: [33mtrue[39m, nodeCount: [33m0[39m, linkCount: [33m0[39m }
[Graph3D] Clearing existing objects...
[Graph3D] Calling createSimulation...
[Graph3D] Simulation created, setting up event handlers...
[Graph3D] No links or single node, clearing fog immediately
[Graph3D] Data changed: {
  nodesLen: [33m0[39m,
  linksLen: [33m0[39m,
  key: [33m1776869900581[39m,
  timestamp: [33m1776869900581[39m
}
[Graph3D] Creating simulation: [33m0[39m nodes
[Graph3D] createGraphSimulation called: { hasObjectManager: [33mtrue[39m, hasScene: [33mtrue[39m, nodeCount: [33m0[39m, linkCount: [33m0[39m }
[Graph3D] Clearing existing objects...
[Graph3D] Calling createSimulation...
[Graph3D] Simulation created, setting up event handlers...
[Graph3D] No links or single node, clearing fog immediately
[Graph3D] Data changed: {
  nodesLen: [33m0[39m,
  linksLen: [33m0[39m,
  key: [33m1776869900611[39m,
  timestamp: [33m1776869900611[39m
}
[Graph3D] Creating simulation: [33m0[39m nodes
[Graph3D] createGraphSimulation called: { hasObjectManager: [33mtrue[39m, hasScene: [33mtrue[39m, nodeCount: [33m0[39m, linkCount: [33m0[39m }
[Graph3D] Clearing existing objects...
[Graph3D] Calling createSimulation...
[Graph3D] Simulation created, setting up event handlers...
[Graph3D] No links or single node, clearing fog immediately
[Graph3D] Data changed: {
  nodesLen: [33m0[39m,
  linksLen: [33m0[39m,
  key: [33m1776869900639[39m,
  timestamp: [33m1776869900639[39m
}
[Graph3D] Creating simulation: [33m0[39m nodes
[Graph3D] createGraphSimulation called: { hasObjectManager: [33mtrue[39m, hasScene: [33mtrue[39m, nodeCount: [33m0[39m, linkCount: [33m0[39m }
[Graph3D] Clearing existing objects...
[Graph3D] Calling createSimulation...
[Graph3D] Simulation created, setting up event handlers...
[Graph3D] No links or single node, clearing fog immediately
[Graph3D] Data changed: {
  nodesLen: [33m0[39m,
  linksLen: [33m0[39m,
  key: [33m1776869900669[39m,
  timestamp: [33m1776869900669[39m
}
[Graph3D] Creating simulation: [33m0[39m nodes
[Graph3D] createGraphSimulation called: { hasObjectManager: [33mtrue[39m, hasScene: [33mtrue[39m, nodeCount: [33m0[39m, linkCount: [33m0[39m }
[Graph3D] Clearing existing objects...
[Graph3D] Calling createSimulation...
[Graph3D] Simulation created, setting up event handlers...
[Graph3D] No links or single node, clearing fog immediately
[Graph3D] Data changed: {
  nodesLen: [33m0[39m,
  linksLen: [33m0[39m,
  key: [33m1776869900698[39m,
  timestamp: [33m1776869900698[39m
}
[Graph3D] Creating simulation: [33m0[39m nodes
[Graph3D] createGraphSimulation called: { hasObjectManager: [33mtrue[39m, hasScene: [33mtrue[39m, nodeCount: [33m0[39m, linkCount: [33m0[39m }
[Graph3D] Clearing existing objects...
[Graph3D] Calling createSimulation...
[Graph3D] Simulation created, setting up event handlers...
[Graph3D] No links or single node, clearing fog immediately
[Graph3D] Data changed: {
  nodesLen: [33m0[39m,
  linksLen: [33m0[39m,
  key: [33m1776869900727[39m,
  timestamp: [33m1776869900727[39m
}
[Graph3D] Creating simulation: [33m0[39m nodes
[Graph3D] createGraphSimulation called: { hasObjectManager: [33mtrue[39m, hasScene: [33mtrue[39m, nodeCount: [33m0[39m, linkCount: [33m0[39m }
[Graph3D] Clearing existing objects...
[Graph3D] Calling createSimulation...
[Graph3D] Simulation created, setting up event handlers...
[Graph3D] No links or single node, clearing fog immediately
[Graph3D] Data changed: {
  nodesLen: [33m0[39m,
  linksLen: [33m0[39m,
  key: [33m1776869900758[39m,
  timestamp: [33m1776869900758[39m
}
[Graph3D] Creating simulation: [33m0[39m nodes
[Graph3D] createGraphSimulation called: { hasObjectManager: [33mtrue[39m, hasScene: [33mtrue[39m, nodeCount: [33m0[39m, linkCount: [33m0[39m }
[Graph3D] Clearing existing objects...
[Graph3D] Calling createSimulation...
[Graph3D] Simulation created, setting up event handlers...
[Graph3D] No links or single node, clearing fog immediately
[Graph3D] Data changed: {
  nodesLen: [33m0[39m,
  linksLen: [33m0[39m,
  key: [33m1776869900787[39m,
  timestamp: [33m1776869900787[39m
}
[Graph3D] Creating simulation: [33m0[39m nodes
[Graph3D] createGraphSimulation called: { hasObjectManager: [33mtrue[39m, hasScene: [33mtrue[39m, nodeCount: [33m0[39m, linkCount: [33m0[39m }
[Graph3D] Clearing existing objects...
[Graph3D] Calling createSimulation...
[Graph3D] Simulation created, setting up event handlers...
[Graph3D] No links or single node, clearing fog immediately
[Graph3D] Data changed: {
  nodesLen: [33m0[39m,
  linksLen: [33m0[39m,
  key: [33m1776869900815[39m,
  timestamp: [33m1776869900815[39m
}
[Graph3D] Creating simulation: [33m0[39m nodes
[Graph3D] createGraphSimulation called: { hasObjectManager: [33mtrue[39m, hasScene: [33mtrue[39m, nodeCount: [33m0[39m, linkCount: [33m0[39m }
[Graph3D] Clearing existing objects...
[Graph3D] Calling createSimulation...
[Graph3D] Simulation created, setting up event handlers...
[Graph3D] No links or single node, clearing fog immediately
[Graph3D] Data changed: {
  nodesLen: [33m0[39m,
  linksLen: [33m0[39m,
  key: [33m1776869900844[39m,
  timestamp: [33m1776869900844[39m
}
[Graph3D] Creating simulation: [33m0[39m nodes
[Graph3D] createGraphSimulation called: { hasObjectManager: [33mtrue[39m, hasScene: [33mtrue[39m, nodeCount: [33m0[39m, linkCount: [33m0[39m }
[Graph3D] Clearing existing objects...
[Graph3D] Calling createSimulation...
[Graph3D] Simulation created, setting up event handlers...
[Graph3D] No links or single node, clearing fog immediately
[Graph3D] Data changed: {
  nodesLen: [33m0[39m,
  linksLen: [33m0[39m,
  key: [33m1776869900875[39m,
  timestamp: [33m1776869900875[39m
}
[Graph3D] Creating simulation: [33m0[39m nodes
[Graph3D] createGraphSimulation called: { hasObjectManager: [33mtrue[39m, hasScene: [33mtrue[39m, nodeCount: [33m0[39m, linkCount: [33m0[39m }
[Graph3D] Clearing existing objects...
[Graph3D] Calling createSimulation...
[Graph3D] Simulation created, setting up event handlers...
[Graph3D] No links or single node, clearing fog immediately
[Graph3D] Data changed: {
  nodesLen: [33m0[39m,
  linksLen: [33m0[39m,
  key: [33m1776869900903[39m,
  timestamp: [33m1776869900903[39m
}
[Graph3D] Creating simulation: [33m0[39m nodes
[Graph3D] createGraphSimulation called: { hasObjectManager: [33mtrue[39m, hasScene: [33mtrue[39m, nodeCount: [33m0[39m, linkCount: [33m0[39m }
[Graph3D] Clearing existing objects...
[Graph3D] Calling createSimulation...
[Graph3D] Simulation created, setting up event handlers...
[Graph3D] No links or single node, clearing fog immediately
[Graph3D] Data changed: {
  nodesLen: [33m0[39m,
  linksLen: [33m0[39m,
  key: [33m1776869900934[39m,
  timestamp: [33m1776869900934[39m
}
[Graph3D] Creating simulation: [33m0[39m nodes
[Graph3D] createGraphSimulation called: { hasObjectManager: [33mtrue[39m, hasScene: [33mtrue[39m, nodeCount: [33m0[39m, linkCount: [33m0[39m }
[Graph3D] Clearing existing objects...
[Graph3D] Calling createSimulation...
[Graph3D] Simulation created, setting up event handlers...
[Graph3D] No links or single node, clearing fog immediately
[Graph3D] Data changed: {
  nodesLen: [33m0[39m,
  linksLen: [33m0[39m,
  key: [33m1776869900964[39m,
  timestamp: [33m1776869900964[39m
}
[Graph3D] Creating simulation: [33m0[39m nodes
[Graph3D] createGraphSimulation called: { hasObjectManager: [33mtrue[39m, hasScene: [33mtrue[39m, nodeCount: [33m0[39m, linkCount: [33m0[39m }
[Graph3D] Clearing existing objects...
[Graph3D] Calling createSimulation...
[Graph3D] Simulation created, setting up event handlers...
[Graph3D] No links or single node, clearing fog immediately
[Graph3D] Data changed: {
  nodesLen: [33m0[39m,
  linksLen: [33m0[39m,
  key: [33m1776869900993[39m,
  timestamp: [33m1776869900993[39m
}
[Graph3D] Creating simulation: [33m0[39m nodes
[Graph3D] createGraphSimulation called: { hasObjectManager: [33mtrue[39m, hasScene: [33mtrue[39m, nodeCount: [33m0[39m, linkCount: [33m0[39m }
[Graph3D] Clearing existing objects...
[Graph3D] Calling createSimulation...
[Graph3D] Simulation created, setting up event handlers...
[Graph3D] No links or single node, clearing fog immediately
[Graph3D] Data changed: {
  nodesLen: [33m0[39m,
  linksLen: [33m0[39m,
  key: [33m1776869901022[39m,
  timestamp: [33m1776869901022[39m
}
[Graph3D] Creating simulation: [33m0[39m nodes
[Graph3D] createGraphSimulation called: { hasObjectManager: [33mtrue[39m, hasScene: [33mtrue[39m, nodeCount: [33m0[39m, linkCount: [33m0[39m }
[Graph3D] Clearing existing objects...
[Graph3D] Calling createSimulation...
[Graph3D] Simulation created, setting up event handlers...
[Graph3D] No links or single node, clearing fog immediately
[Graph3D] Data changed: {
  nodesLen: [33m0[39m,
  linksLen: [33m0[39m,
  key: [33m1776869901053[39m,
  timestamp: [33m1776869901053[39m
}
[Graph3D] Creating simulation: [33m0[39m nodes
[Graph3D] createGraphSimulation called: { hasObjectManager: [33mtrue[39m, hasScene: [33mtrue[39m, nodeCount: [33m0[39m, linkCount: [33m0[39m }
[Graph3D] Clearing existing objects...
[Graph3D] Calling createSimulation...
[Graph3D] Simulation created, setting up event handlers...
[Graph3D] No links or single node, clearing fog immediately
[Graph3D] Data changed: {
  nodesLen: [33m0[39m,
  linksLen: [33m0[39m,
  key: [33m1776869901091[39m,
  timestamp: [33m1776869901091[39m
}
[Graph3D] Creating simulation: [33m0[39m nodes
[Graph3D] createGraphSimulation called: { hasObjectManager: [33mtrue[39m, hasScene: [33mtrue[39m, nodeCount: [33m0[39m, linkCount: [33m0[39m }
[Graph3D] Clearing existing objects...
[Graph3D] Calling createSimulation...
[Graph3D] Simulation created, setting up event handlers...
[Graph3D] No links or single node, clearing fog immediately
[Graph3D] Data changed: {
  nodesLen: [33m0[39m,
  linksLen: [33m0[39m,
  key: [33m1776869901122[39m,
  timestamp: [33m1776869901122[39m
}
[Graph3D] Creating simulation: [33m0[39m nodes
[Graph3D] createGraphSimulation called: { hasObjectManager: [33mtrue[39m, hasScene: [33mtrue[39m, nodeCount: [33m0[39m, linkCount: [33m0[39m }
[Graph3D] Clearing existing objects...
[Graph3D] Calling createSimulation...
[Graph3D] Simulation created, setting up event handlers...
[Graph3D] No links or single node, clearing fog immediately
[Graph3D] Data changed: {
  nodesLen: [33m0[39m,
  linksLen: [33m0[39m,
  key: [33m1776869901157[39m,
  timestamp: [33m1776869901157[39m
}
[Graph3D] Creating simulation: [33m0[39m nodes
[Graph3D] createGraphSimulation called: { hasObjectManager: [33mtrue[39m, hasScene: [33mtrue[39m, nodeCount: [33m0[39m, linkCount: [33m0[39m }
[Graph3D] Clearing existing objects...
[Graph3D] Calling createSimulation...
[Graph3D] Simulation created, setting up event handlers...
[Graph3D] No links or single node, clearing fog immediately
[Graph3D] Data changed: {
  nodesLen: [33m0[39m,
  linksLen: [33m0[39m,
  key: [33m1776869901206[39m,
  timestamp: [33m1776869901206[39m
}
[Graph3D] Creating simulation: [33m0[39m nodes
[Graph3D] createGraphSimulation called: { hasObjectManager: [33mtrue[39m, hasScene: [33mtrue[39m, nodeCount: [33m0[39m, linkCount: [33m0[39m }
[Graph3D] Clearing existing objects...
[Graph3D] Calling createSimulation...
[Graph3D] Simulation created, setting up event handlers...
[Graph3D] No links or single node, clearing fog immediately
[Graph3D] Data changed: {
  nodesLen: [33m0[39m,
  linksLen: [33m0[39m,
  key: [33m1776869901241[39m,
  timestamp: [33m1776869901241[39m
}
[Graph3D] Creating simulation: [33m0[39m nodes
[Graph3D] createGraphSimulation called: { hasObjectManager: [33mtrue[39m, hasScene: [33mtrue[39m, nodeCount: [33m0[39m, linkCount: [33m0[39m }
[Graph3D] Clearing existing objects...
[Graph3D] Calling createSimulation...
[Graph3D] Simulation created, setting up event handlers...
[Graph3D] No links or single node, clearing fog immediately
[Graph3D] Data changed: {
  nodesLen: [33m0[39m,
  linksLen: [33m0[39m,
  key: [33m1776869901274[39m,
  timestamp: [33m1776869901274[39m
}
[Graph3D] Creating simulation: [33m0[39m nodes
[Graph3D] createGraphSimulation called: { hasObjectManager: [33mtrue[39m, hasScene: [33mtrue[39m, nodeCount: [33m0[39m, linkCount: [33m0[39m }
[Graph3D] Clearing existing objects...
[Graph3D] Calling createSimulation...
[Graph3D] Simulation created, setting up event handlers...
[Graph3D] No links or single node, clearing fog immediately
[Graph3D] Data changed: {
  nodesLen: [33m0[39m,
  linksLen: [33m0[39m,
  key: [33m1776869901310[39m,
  timestamp: [33m1776869901310[39m
}
[Graph3D] Creating simulation: [33m0[39m nodes
[Graph3D] createGraphSimulation called: { hasObjectManager: [33mtrue[39m, hasScene: [33mtrue[39m, nodeCount: [33m0[39m, linkCount: [33m0[39m }
[Graph3D] Clearing existing objects...
[Graph3D] Calling createSimulation...
[Graph3D] Simulation created, setting up event handlers...
[Graph3D] No links or single node, clearing fog immediately
[Graph3D] Data changed: {
  nodesLen: [33m0[39m,
  linksLen: [33m0[39m,
  key: [33m1776869901348[39m,
  timestamp: [33m1776869901348[39m
}
[Graph3D] Creating simulation: [33m0[39m nodes
[Graph3D] createGraphSimulation called: { hasObjectManager: [33mtrue[39m, hasScene: [33mtrue[39m, nodeCount: [33m0[39m, linkCount: [33m0[39m }
[Graph3D] Clearing existing objects...
[Graph3D] Calling createSimulation...
[Graph3D] Simulation created, setting up event handlers...
[Graph3D] No links or single node, clearing fog immediately
[Graph3D] Data changed: {
  nodesLen: [33m0[39m,
  linksLen: [33m0[39m,
  key: [33m1776869901384[39m,
  timestamp: [33m1776869901384[39m
}
[Graph3D] Creating simulation: [33m0[39m nodes
[Graph3D] createGraphSimulation called: { hasObjectManager: [33mtrue[39m, hasScene: [33mtrue[39m, nodeCount: [33m0[39m, linkCount: [33m0[39m }
[Graph3D] Clearing existing objects...
[Graph3D] Calling createSimulation...
[Graph3D] Simulation created, setting up event handlers...
[Graph3D] No links or single node, clearing fog immediately
[Graph3D] Data changed: {
  nodesLen: [33m0[39m,
  linksLen: [33m0[39m,
  key: [33m1776869901414[39m,
  timestamp: [33m1776869901414[39m
}
[Graph3D] Creating simulation: [33m0[39m nodes
[Graph3D] createGraphSimulation called: { hasObjectManager: [33mtrue[39m, hasScene: [33mtrue[39m, nodeCount: [33m0[39m, linkCount: [33m0[39m }
[Graph3D] Clearing existing objects...
[Graph3D] Calling createSimulation...
[Graph3D] Simulation created, setting up event handlers...
[Graph3D] No links or single node, clearing fog immediately
[Graph3D] Data changed: {
  nodesLen: [33m0[39m,
  linksLen: [33m0[39m,
  key: [33m1776869901443[39m,
  timestamp: [33m1776869901443[39m
}
[Graph3D] Creating simulation: [33m0[39m nodes
[Graph3D] createGraphSimulation called: { hasObjectManager: [33mtrue[39m, hasScene: [33mtrue[39m, nodeCount: [33m0[39m, linkCount: [33m0[39m }
[Graph3D] Clearing existing objects...
[Graph3D] Calling createSimulation...
[Graph3D] Simulation created, setting up event handlers...
[Graph3D] No links or single node, clearing fog immediately
[Graph3D] Data changed: {
  nodesLen: [33m0[39m,
  linksLen: [33m0[39m,
  key: [33m1776869901480[39m,
  timestamp: [33m1776869901480[39m
}
[Graph3D] Creating simulation: [33m0[39m nodes
[Graph3D] createGraphSimulation called: { hasObjectManager: [33mtrue[39m, hasScene: [33mtrue[39m, nodeCount: [33m0[39m, linkCount: [33m0[39m }
[Graph3D] Clearing existing objects...
[Graph3D] Calling createSimulation...
[Graph3D] Simulation created, setting up event handlers...
[Graph3D] No links or single node, clearing fog immediately
[Graph3D] Data changed: {
  nodesLen: [33m0[39m,
  linksLen: [33m0[39m,
  key: [33m1776869901515[39m,
  timestamp: [33m1776869901515[39m
}
[Graph3D] Creating simulation: [33m0[39m nodes
[Graph3D] createGraphSimulation called: { hasObjectManager: [33mtrue[39m, hasScene: [33mtrue[39m, nodeCount: [33m0[39m, linkCount: [33m0[39m }
[Graph3D] Clearing existing objects...
[Graph3D] Calling createSimulation...
[Graph3D] Simulation created, setting up event handlers...
[Graph3D] No links or single node, clearing fog immediately
[Graph3D] Data changed: {
  nodesLen: [33m0[39m,
  linksLen: [33m0[39m,
  key: [33m1776869901547[39m,
  timestamp: [33m1776869901547[39m
}
[Graph3D] Creating simulation: [33m0[39m nodes
[Graph3D] createGraphSimulation called: { hasObjectManager: [33mtrue[39m, hasScene: [33mtrue[39m, nodeCount: [33m0[39m, linkCount: [33m0[39m }
[Graph3D] Clearing existing objects...
[Graph3D] Calling createSimulation...
[Graph3D] Simulation created, setting up event handlers...
[Graph3D] No links or single node, clearing fog immediately
[Graph3D] Data changed: {
  nodesLen: [33m0[39m,
  linksLen: [33m0[39m,
  key: [33m1776869901577[39m,
  timestamp: [33m1776869901577[39m
}
[Graph3D] Creating simulation: [33m0[39m nodes
[Graph3D] createGraphSimulation called: { hasObjectManager: [33mtrue[39m, hasScene: [33mtrue[39m, nodeCount: [33m0[39m, linkCount: [33m0[39m }
[Graph3D] Clearing existing objects...
[Graph3D] Calling createSimulation...
[Graph3D] Simulation created, setting up event handlers...
[Graph3D] No links or single node, clearing fog immediately
[Graph3D] Data changed: {
  nodesLen: [33m0[39m,
  linksLen: [33m0[39m,
  key: [33m1776869901610[39m,
  timestamp: [33m1776869901610[39m
}
[Graph3D] Creating simulation: [33m0[39m nodes
[Graph3D] createGraphSimulation called: { hasObjectManager: [33mtrue[39m, hasScene: [33mtrue[39m, nodeCount: [33m0[39m, linkCount: [33m0[39m }
[Graph3D] Clearing existing objects...
[Graph3D] Calling createSimulation...
[Graph3D] Simulation created, setting up event handlers...
[Graph3D] No links or single node, clearing fog immediately
[Graph3D] Data changed: {
  nodesLen: [33m0[39m,
  linksLen: [33m0[39m,
  key: [33m1776869901639[39m,
  timestamp: [33m1776869901639[39m
}
[Graph3D] Creating simulation: [33m0[39m nodes
[Graph3D] createGraphSimulation called: { hasObjectManager: [33mtrue[39m, hasScene: [33mtrue[39m, nodeCount: [33m0[39m, linkCount: [33m0[39m }
[Graph3D] Clearing existing objects...
[Graph3D] Calling createSimulation...
[Graph3D] Simulation created, setting up event handlers...
[Graph3D] No links or single node, clearing fog immediately
[Graph3D] Data changed: {
  nodesLen: [33m0[39m,
  linksLen: [33m0[39m,
  key: [33m1776869901669[39m,
  timestamp: [33m1776869901669[39m
}
[Graph3D] Creating simulation: [33m0[39m nodes
[Graph3D] createGraphSimulation called: { hasObjectManager: [33mtrue[39m, hasScene: [33mtrue[39m, nodeCount: [33m0[39m, linkCount: [33m0[39m }
[Graph3D] Clearing existing objects...
[Graph3D] Calling createSimulation...
[Graph3D] Simulation created, setting up event handlers...
[Graph3D] No links or single node, clearing fog immediately
[Graph3D] Data changed: {
  nodesLen: [33m0[39m,
  linksLen: [33m0[39m,
  key: [33m1776869901702[39m,
  timestamp: [33m1776869901702[39m
}
[Graph3D] Creating simulation: [33m0[39m nodes
[Graph3D] createGraphSimulation called: { hasObjectManager: [33mtrue[39m, hasScene: [33mtrue[39m, nodeCount: [33m0[39m, linkCount: [33m0[39m }
[Graph3D] Clearing existing objects...
[Graph3D] Calling createSimulation...
[Graph3D] Simulation created, setting up event handlers...
[Graph3D] No links or single node, clearing fog immediately
[Graph3D] Data changed: {
  nodesLen: [33m0[39m,
  linksLen: [33m0[39m,
  key: [33m1776869901734[39m,
  timestamp: [33m1776869901734[39m
}
[Graph3D] Creating simulation: [33m0[39m nodes
[Graph3D] createGraphSimulation called: { hasObjectManager: [33mtrue[39m, hasScene: [33mtrue[39m, nodeCount: [33m0[39m, linkCount: [33m0[39m }
[Graph3D] Clearing existing objects...
[Graph3D] Calling createSimulation...
[Graph3D] Simulation created, setting up event handlers...
[Graph3D] No links or single node, clearing fog immediately
[Graph3D] Data changed: {
  nodesLen: [33m0[39m,
  linksLen: [33m0[39m,
  key: [33m1776869901773[39m,
  timestamp: [33m1776869901773[39m
}
[Graph3D] Creating simulation: [33m0[39m nodes
[Graph3D] createGraphSimulation called: { hasObjectManager: [33mtrue[39m, hasScene: [33mtrue[39m, nodeCount: [33m0[39m, linkCount: [33m0[39m }
[Graph3D] Clearing existing objects...
[Graph3D] Calling createSimulation...
[Graph3D] Simulation created, setting up event handlers...
[Graph3D] No links or single node, clearing fog immediately
[Graph3D] Data changed: {
  nodesLen: [33m0[39m,
  linksLen: [33m0[39m,
  key: [33m1776869901805[39m,
  timestamp: [33m1776869901805[39m
}
[Graph3D] Creating simulation: [33m0[39m nodes
[Graph3D] createGraphSimulation called: { hasObjectManager: [33mtrue[39m, hasScene: [33mtrue[39m, nodeCount: [33m0[39m, linkCount: [33m0[39m }
[Graph3D] Clearing existing objects...
[Graph3D] Calling createSimulation...
[Graph3D] Simulation created, setting up event handlers...
[Graph3D] No links or single node, clearing fog immediately
[Graph3D] Data changed: {
  nodesLen: [33m0[39m,
  linksLen: [33m0[39m,
  key: [33m1776869901837[39m,
  timestamp: [33m1776869901837[39m
}
[Graph3D] Creating simulation: [33m0[39m nodes
[Graph3D] createGraphSimulation called: { hasObjectManager: [33mtrue[39m, hasScene: [33mtrue[39m, nodeCount: [33m0[39m, linkCount: [33m0[39m }
[Graph3D] Clearing existing objects...
[Graph3D] Calling createSimulation...
[Graph3D] Simulation created, setting up event handlers...
[Graph3D] No links or single node, clearing fog immediately
[Graph3D] Data changed: {
  nodesLen: [33m0[39m,
  linksLen: [33m0[39m,
  key: [33m1776869901868[39m,
  timestamp: [33m1776869901868[39m
}
[Graph3D] Creating simulation: [33m0[39m nodes
[Graph3D] createGraphSimulation called: { hasObjectManager: [33mtrue[39m, hasScene: [33mtrue[39m, nodeCount: [33m0[39m, linkCount: [33m0[39m }
[Graph3D] Clearing existing objects...
[Graph3D] Calling createSimulation...
[Graph3D] Simulation created, setting up event handlers...
[Graph3D] No links or single node, clearing fog immediately
[Graph3D] Data changed: {
  nodesLen: [33m0[39m,
  linksLen: [33m0[39m,
  key: [33m1776869901905[39m,
  timestamp: [33m1776869901905[39m
}
[Graph3D] Creating simulation: [33m0[39m nodes
[Graph3D] createGraphSimulation called: { hasObjectManager: [33mtrue[39m, hasScene: [33mtrue[39m, nodeCount: [33m0[39m, linkCount: [33m0[39m }
[Graph3D] Clearing existing objects...
[Graph3D] Calling createSimulation...
[Graph3D] Simulation created, setting up event handlers...
[Graph3D] No links or single node, clearing fog immediately
[Graph3D] Data changed: {
  nodesLen: [33m0[39m,
  linksLen: [33m0[39m,
  key: [33m1776869901936[39m,
  timestamp: [33m1776869901936[39m
}
[Graph3D] Creating simulation: [33m0[39m nodes
[Graph3D] createGraphSimulation called: { hasObjectManager: [33mtrue[39m, hasScene: [33mtrue[39m, nodeCount: [33m0[39m, linkCount: [33m0[39m }
[Graph3D] Clearing existing objects...
[Graph3D] Calling createSimulation...
[Graph3D] Simulation created, setting up event handlers...
[Graph3D] No links or single node, clearing fog immediately
[Graph3D] Data changed: {
  nodesLen: [33m0[39m,
  linksLen: [33m0[39m,
  key: [33m1776869901972[39m,
  timestamp: [33m1776869901972[39m
}
[Graph3D] Creating simulation: [33m0[39m nodes
[Graph3D] createGraphSimulation called: { hasObjectManager: [33mtrue[39m, hasScene: [33mtrue[39m, nodeCount: [33m0[39m, linkCount: [33m0[39m }
[Graph3D] Clearing existing objects...
[Graph3D] Calling createSimulation...
[Graph3D] Simulation created, setting up event handlers...
[Graph3D] No links or single node, clearing fog immediately
[Graph3D] Data changed: {
  nodesLen: [33m0[39m,
  linksLen: [33m0[39m,
  key: [33m1776869902004[39m,
  timestamp: [33m1776869902004[39m
}
[Graph3D] Creating simulation: [33m0[39m nodes
[Graph3D] createGraphSimulation called: { hasObjectManager: [33mtrue[39m, hasScene: [33mtrue[39m, nodeCount: [33m0[39m, linkCount: [33m0[39m }
[Graph3D] Clearing existing objects...
[Graph3D] Calling createSimulation...
[Graph3D] Simulation created, setting up event handlers...
[Graph3D] No links or single node, clearing fog immediately
[Graph3D] Data changed: {
  nodesLen: [33m0[39m,
  linksLen: [33m0[39m,
  key: [33m1776869902039[39m,
  timestamp: [33m1776869902039[39m
}
[Graph3D] Creating simulation: [33m0[39m nodes
[Graph3D] createGraphSimulation called: { hasObjectManager: [33mtrue[39m, hasScene: [33mtrue[39m, nodeCount: [33m0[39m, linkCount: [33m0[39m }
[Graph3D] Clearing existing objects...
[Graph3D] Calling createSimulation...
[Graph3D] Simulation created, setting up event handlers...
[Graph3D] No links or single node, clearing fog immediately
[Graph3D] Data changed: {
  nodesLen: [33m0[39m,
  linksLen: [33m0[39m,
  key: [33m1776869902070[39m,
  timestamp: [33m1776869902070[39m
}
[Graph3D] Creating simulation: [33m0[39m nodes
[Graph3D] createGraphSimulation called: { hasObjectManager: [33mtrue[39m, hasScene: [33mtrue[39m, nodeCount: [33m0[39m, linkCount: [33m0[39m }
[Graph3D] Clearing existing objects...
[Graph3D] Calling createSimulation...
[Graph3D] Simulation created, setting up event handlers...
[Graph3D] No links or single node, clearing fog immediately
[Graph3D] Data changed: {
  nodesLen: [33m0[39m,
  linksLen: [33m0[39m,
  key: [33m1776869902105[39m,
  timestamp: [33m1776869902105[39m
}
[Graph3D] Creating simulation: [33m0[39m nodes
[Graph3D] createGraphSimulation called: { hasObjectManager: [33mtrue[39m, hasScene: [33mtrue[39m, nodeCount: [33m0[39m, linkCount: [33m0[39m }
[Graph3D] Clearing existing objects...
[Graph3D] Calling createSimulation...
[Graph3D] Simulation created, setting up event handlers...
[Graph3D] No links or single node, clearing fog immediately
[Graph3D] Data changed: {
  nodesLen: [33m0[39m,
  linksLen: [33m0[39m,
  key: [33m1776869902139[39m,
  timestamp: [33m1776869902139[39m
}
[Graph3D] Creating simulation: [33m0[39m nodes
[Graph3D] createGraphSimulation called: { hasObjectManager: [33mtrue[39m, hasScene: [33mtrue[39m, nodeCount: [33m0[39m, linkCount: [33m0[39m }
[Graph3D] Clearing existing objects...
[Graph3D] Calling createSimulation...
[Graph3D] Simulation created, setting up event handlers...
[Graph3D] No links or single node, clearing fog immediately
[Graph3D] Data changed: {
  nodesLen: [33m0[39m,
  linksLen: [33m0[39m,
  key: [33m1776869902174[39m,
  timestamp: [33m1776869902174[39m
}
[Graph3D] Creating simulation: [33m0[39m nodes
[Graph3D] createGraphSimulation called: { hasObjectManager: [33mtrue[39m, hasScene: [33mtrue[39m, nodeCount: [33m0[39m, linkCount: [33m0[39m }
[Graph3D] Clearing existing objects...
[Graph3D] Calling createSimulation...
[Graph3D] Simulation created, setting up event handlers...
[Graph3D] No links or single node, clearing fog immediately
[Graph3D] Data changed: {
  nodesLen: [33m0[39m,
  linksLen: [33m0[39m,
  key: [33m1776869902208[39m,
  timestamp: [33m1776869902208[39m
}
[Graph3D] Creating simulation: [33m0[39m nodes
[Graph3D] createGraphSimulation called: { hasObjectManager: [33mtrue[39m, hasScene: [33mtrue[39m, nodeCount: [33m0[39m, linkCount: [33m0[39m }
[Graph3D] Clearing existing objects...
[Graph3D] Calling createSimulation...
[Graph3D] Simulation created, setting up event handlers...
[Graph3D] No links or single node, clearing fog immediately
[Graph3D] Data changed: {
  nodesLen: [33m0[39m,
  linksLen: [33m0[39m,
  key: [33m1776869902244[39m,
  timestamp: [33m1776869902244[39m
}
[Graph3D] Creating simulation: [33m0[39m nodes
[Graph3D] createGraphSimulation called: { hasObjectManager: [33mtrue[39m, hasScene: [33mtrue[39m, nodeCount: [33m0[39m, linkCount: [33m0[39m }
[Graph3D] Clearing existing objects...
[Graph3D] Calling createSimulation...
[Graph3D] Simulation created, setting up event handlers...
[Graph3D] No links or single node, clearing fog immediately
[Graph3D] Data changed: {
  nodesLen: [33m0[39m,
  linksLen: [33m0[39m,
  key: [33m1776869902281[39m,
  timestamp: [33m1776869902281[39m
}
[Graph3D] Creating simulation: [33m0[39m nodes
[Graph3D] createGraphSimulation called: { hasObjectManager: [33mtrue[39m, hasScene: [33mtrue[39m, nodeCount: [33m0[39m, linkCount: [33m0[39m }
[Graph3D] Clearing existing objects...
[Graph3D] Calling createSimulation...
[Graph3D] Simulation created, setting up event handlers...
[Graph3D] No links or single node, clearing fog immediately
[Graph3D] Data changed: {
  nodesLen: [33m0[39m,
  linksLen: [33m0[39m,
  key: [33m1776869902319[39m,
  timestamp: [33m1776869902319[39m
}
[Graph3D] Creating simulation: [33m0[39m nodes
[Graph3D] createGraphSimulation called: { hasObjectManager: [33mtrue[39m, hasScene: [33mtrue[39m, nodeCount: [33m0[39m, linkCount: [33m0[39m }
[Graph3D] Clearing existing objects...
[Graph3D] Calling createSimulation...
[Graph3D] Simulation created, setting up event handlers...
[Graph3D] No links or single node, clearing fog immediately
[Graph3D] Data changed: {
  nodesLen: [33m0[39m,
  linksLen: [33m0[39m,
  key: [33m1776869902354[39m,
  timestamp: [33m1776869902354[39m
}
[Graph3D] Creating simulation: [33m0[39m nodes
[Graph3D] createGraphSimulation called: { hasObjectManager: [33mtrue[39m, hasScene: [33mtrue[39m, nodeCount: [33m0[39m, linkCount: [33m0[39m }
[Graph3D] Clearing existing objects...
[Graph3D] Calling createSimulation...
[Graph3D] Simulation created, setting up event handlers...
[Graph3D] No links or single node, clearing fog immediately
[Graph3D] Data changed: {
  nodesLen: [33m0[39m,
  linksLen: [33m0[39m,
  key: [33m1776869902391[39m,
  timestamp: [33m1776869902391[39m
}
[Graph3D] Creating simulation: [33m0[39m nodes
[Graph3D] createGraphSimulation called: { hasObjectManager: [33mtrue[39m, hasScene: [33mtrue[39m, nodeCount: [33m0[39m, linkCount: [33m0[39m }
[Graph3D] Clearing existing objects...
[Graph3D] Calling createSimulation...
[Graph3D] Simulation created, setting up event handlers...
[Graph3D] No links or single node, clearing fog immediately
[Graph3D] Data changed: {
  nodesLen: [33m0[39m,
  linksLen: [33m0[39m,
  key: [33m1776869902427[39m,
  timestamp: [33m1776869902427[39m
}
[Graph3D] Creating simulation: [33m0[39m nodes
[Graph3D] createGraphSimulation called: { hasObjectManager: [33mtrue[39m, hasScene: [33mtrue[39m, nodeCount: [33m0[39m, linkCount: [33m0[39m }
[Graph3D] Clearing existing objects...
[Graph3D] Calling createSimulation...
[Graph3D] Simulation created, setting up event handlers...
[Graph3D] No links or single node, clearing fog immediately
[Graph3D] Data changed: {
  nodesLen: [33m0[39m,
  linksLen: [33m0[39m,
  key: [33m1776869902460[39m,
  timestamp: [33m1776869902460[39m
}
[Graph3D] Creating simulation: [33m0[39m nodes
[Graph3D] createGraphSimulation called: { hasObjectManager: [33mtrue[39m, hasScene: [33mtrue[39m, nodeCount: [33m0[39m, linkCount: [33m0[39m }
[Graph3D] Clearing existing objects...
[Graph3D] Calling createSimulation...
[Graph3D] Simulation created, setting up event handlers...
[Graph3D] No links or single node, clearing fog immediately
[Graph3D] Data changed: {
  nodesLen: [33m0[39m,
  linksLen: [33m0[39m,
  key: [33m1776869902497[39m,
  timestamp: [33m1776869902497[39m
}
[Graph3D] Creating simulation: [33m0[39m nodes
[Graph3D] createGraphSimulation called: { hasObjectManager: [33mtrue[39m, hasScene: [33mtrue[39m, nodeCount: [33m0[39m, linkCount: [33m0[39m }
[Graph3D] Clearing existing objects...
[Graph3D] Calling createSimulation...
[Graph3D] Simulation created, setting up event handlers...
[Graph3D] No links or single node, clearing fog immediately
[Graph3D] Data changed: {
  nodesLen: [33m0[39m,
  linksLen: [33m0[39m,
  key: [33m1776869902531[39m,
  timestamp: [33m1776869902531[39m
}
[Graph3D] Creating simulation: [33m0[39m nodes
[Graph3D] createGraphSimulation called: { hasObjectManager: [33mtrue[39m, hasScene: [33mtrue[39m, nodeCount: [33m0[39m, linkCount: [33m0[39m }
[Graph3D] Clearing existing objects...
[Graph3D] Calling createSimulation...
[Graph3D] Simulation created, setting up event handlers...
[Graph3D] No links or single node, clearing fog immediately
[Graph3D] Data changed: {
  nodesLen: [33m0[39m,
  linksLen: [33m0[39m,
  key: [33m1776869902568[39m,
  timestamp: [33m1776869902568[39m
}
[Graph3D] Creating simulation: [33m0[39m nodes
[Graph3D] createGraphSimulation called: { hasObjectManager: [33mtrue[39m, hasScene: [33mtrue[39m, nodeCount: [33m0[39m, linkCount: [33m0[39m }
[Graph3D] Clearing existing objects...
[Graph3D] Calling createSimulation...
[Graph3D] Simulation created, setting up event handlers...
[Graph3D] No links or single node, clearing fog immediately
[Graph3D] Data changed: {
  nodesLen: [33m0[39m,
  linksLen: [33m0[39m,
  key: [33m1776869902603[39m,
  timestamp: [33m1776869902603[39m
}
[Graph3D] Creating simulation: [33m0[39m nodes
[Graph3D] createGraphSimulation called: { hasObjectManager: [33mtrue[39m, hasScene: [33mtrue[39m, nodeCount: [33m0[39m, linkCount: [33m0[39m }
[Graph3D] Clearing existing objects...
[Graph3D] Calling createSimulation...
[Graph3D] Simulation created, setting up event handlers...
[Graph3D] No links or single node, clearing fog immediately
[Graph3D] Data changed: {
  nodesLen: [33m0[39m,
  linksLen: [33m0[39m,
  key: [33m1776869902639[39m,
  timestamp: [33m1776869902639[39m
}
[Graph3D] Creating simulation: [33m0[39m nodes
[Graph3D] createGraphSimulation called: { hasObjectManager: [33mtrue[39m, hasScene: [33mtrue[39m, nodeCount: [33m0[39m, linkCount: [33m0[39m }
[Graph3D] Clearing existing objects...
[Graph3D] Calling createSimulation...
[Graph3D] Simulation created, setting up event handlers...
[Graph3D] No links or single node, clearing fog immediately
[Graph3D] Data changed: {
  nodesLen: [33m0[39m,
  linksLen: [33m0[39m,
  key: [33m1776869902676[39m,
  timestamp: [33m1776869902676[39m
}
[Graph3D] Creating simulation: [33m0[39m nodes
[Graph3D] createGraphSimulation called: { hasObjectManager: [33mtrue[39m, hasScene: [33mtrue[39m, nodeCount: [33m0[39m, linkCount: [33m0[39m }
[Graph3D] Clearing existing objects...
[Graph3D] Calling createSimulation...
[Graph3D] Simulation created, setting up event handlers...
[Graph3D] No links or single node, clearing fog immediately
[Graph3D] Data changed: {
  nodesLen: [33m0[39m,
  linksLen: [33m0[39m,
  key: [33m1776869902709[39m,
  timestamp: [33m1776869902709[39m
}
[Graph3D] Creating simulation: [33m0[39m nodes
[Graph3D] createGraphSimulation called: { hasObjectManager: [33mtrue[39m, hasScene: [33mtrue[39m, nodeCount: [33m0[39m, linkCount: [33m0[39m }
[Graph3D] Clearing existing objects...
[Graph3D] Calling createSimulation...
[Graph3D] Simulation created, setting up event handlers...
[Graph3D] No links or single node, clearing fog immediately
[Graph3D] Data changed: {
  nodesLen: [33m0[39m,
  linksLen: [33m0[39m,
  key: [33m1776869902746[39m,
  timestamp: [33m1776869902746[39m
}
[Graph3D] Creating simulation: [33m0[39m nodes
[Graph3D] createGraphSimulation called: { hasObjectManager: [33mtrue[39m, hasScene: [33mtrue[39m, nodeCount: [33m0[39m, linkCount: [33m0[39m }
[Graph3D] Clearing existing objects...
[Graph3D] Calling createSimulation...
[Graph3D] Simulation created, setting up event handlers...
[Graph3D] No links or single node, clearing fog immediately
[Graph3D] Data changed: {
  nodesLen: [33m0[39m,
  linksLen: [33m0[39m,
  key: [33m1776869902781[39m,
  timestamp: [33m1776869902781[39m
}
[Graph3D] Creating simulation: [33m0[39m nodes
[Graph3D] createGraphSimulation called: { hasObjectManager: [33mtrue[39m, hasScene: [33mtrue[39m, nodeCount: [33m0[39m, linkCount: [33m0[39m }
[Graph3D] Clearing existing objects...
[Graph3D] Calling createSimulation...
[Graph3D] Simulation created, setting up event handlers...
[Graph3D] No links or single node, clearing fog immediately
[Graph3D] Data changed: {
  nodesLen: [33m0[39m,
  linksLen: [33m0[39m,
  key: [33m1776869902817[39m,
  timestamp: [33m1776869902817[39m
}
[Graph3D] Creating simulation: [33m0[39m nodes
[Graph3D] createGraphSimulation called: { hasObjectManager: [33mtrue[39m, hasScene: [33mtrue[39m, nodeCount: [33m0[39m, linkCount: [33m0[39m }
[Graph3D] Clearing existing objects...
[Graph3D] Calling createSimulation...
[Graph3D] Simulation created, setting up event handlers...
[Graph3D] No links or single node, clearing fog immediately
[Graph3D] Data changed: {
  nodesLen: [33m0[39m,
  linksLen: [33m0[39m,
  key: [33m1776869902853[39m,
  timestamp: [33m1776869902853[39m
}
[Graph3D] Creating simulation: [33m0[39m nodes
[Graph3D] createGraphSimulation called: { hasObjectManager: [33mtrue[39m, hasScene: [33mtrue[39m, nodeCount: [33m0[39m, linkCount: [33m0[39m }
[Graph3D] Clearing existing objects...
[Graph3D] Calling createSimulation...
[Graph3D] Simulation created, setting up event handlers...
[Graph3D] No links or single node, clearing fog immediately
[Graph3D] Data changed: {
  nodesLen: [33m0[39m,
  linksLen: [33m0[39m,
  key: [33m1776869902888[39m,
  timestamp: [33m1776869902888[39m
}
[Graph3D] Creating simulation: [33m0[39m nodes
[Graph3D] createGraphSimulation called: { hasObjectManager: [33mtrue[39m, hasScene: [33mtrue[39m, nodeCount: [33m0[39m, linkCount: [33m0[39m }
[Graph3D] Clearing existing objects...
[Graph3D] Calling createSimulation...
[Graph3D] Simulation created, setting up event handlers...
[Graph3D] No links or single node, clearing fog immediately
[Graph3D] Data changed: {
  nodesLen: [33m0[39m,
  linksLen: [33m0[39m,
  key: [33m1776869902928[39m,
  timestamp: [33m1776869902928[39m
}
[Graph3D] Creating simulation: [33m0[39m nodes
[Graph3D] createGraphSimulation called: { hasObjectManager: [33mtrue[39m, hasScene: [33mtrue[39m, nodeCount: [33m0[39m, linkCount: [33m0[39m }
[Graph3D] Clearing existing objects...
[Graph3D] Calling createSimulation...
[Graph3D] Simulation created, setting up event handlers...
[Graph3D] No links or single node, clearing fog immediately
[Graph3D] Data changed: {
  nodesLen: [33m0[39m,
  linksLen: [33m0[39m,
  key: [33m1776869902966[39m,
  timestamp: [33m1776869902966[39m
}
[Graph3D] Creating simulation: [33m0[39m nodes
[Graph3D] createGraphSimulation called: { hasObjectManager: [33mtrue[39m, hasScene: [33mtrue[39m, nodeCount: [33m0[39m, linkCount: [33m0[39m }
[Graph3D] Clearing existing objects...
[Graph3D] Calling createSimulation...
[Graph3D] Simulation created, setting up event handlers...
[Graph3D] No links or single node, clearing fog immediately
[Graph3D] Data changed: {
  nodesLen: [33m0[39m,
  linksLen: [33m0[39m,
  key: [33m1776869903002[39m,
  timestamp: [33m1776869903002[39m
}
[Graph3D] Creating simulation: [33m0[39m nodes
[Graph3D] createGraphSimulation called: { hasObjectManager: [33mtrue[39m, hasScene: [33mtrue[39m, nodeCount: [33m0[39m, linkCount: [33m0[39m }
[Graph3D] Clearing existing objects...
[Graph3D] Calling createSimulation...
[Graph3D] Simulation created, setting up event handlers...
[Graph3D] No links or single node, clearing fog immediately
[Graph3D] Data changed: {
  nodesLen: [33m0[39m,
  linksLen: [33m0[39m,
  key: [33m1776869903039[39m,
  timestamp: [33m1776869903039[39m
}
[Graph3D] Creating simulation: [33m0[39m nodes
[Graph3D] createGraphSimulation called: { hasObjectManager: [33mtrue[39m, hasScene: [33mtrue[39m, nodeCount: [33m0[39m, linkCount: [33m0[39m }
[Graph3D] Clearing existing objects...
[Graph3D] Calling createSimulation...
[Graph3D] Simulation created, setting up event handlers...
[Graph3D] No links or single node, clearing fog immediately
[Graph3D] Data changed: {
  nodesLen: [33m0[39m,
  linksLen: [33m0[39m,
  key: [33m1776869903074[39m,
  timestamp: [33m1776869903074[39m
}
[Graph3D] Creating simulation: [33m0[39m nodes
[Graph3D] createGraphSimulation called: { hasObjectManager: [33mtrue[39m, hasScene: [33mtrue[39m, nodeCount: [33m0[39m, linkCount: [33m0[39m }
[Graph3D] Clearing existing objects...
[Graph3D] Calling createSimulation...
[Graph3D] Simulation created, setting up event handlers...
[Graph3D] No links or single node, clearing fog immediately
[Graph3D] Data changed: {
  nodesLen: [33m0[39m,
  linksLen: [33m0[39m,
  key: [33m1776869903116[39m,
  timestamp: [33m1776869903116[39m
}
[Graph3D] Creating simulation: [33m0[39m nodes
[Graph3D] createGraphSimulation called: { hasObjectManager: [33mtrue[39m, hasScene: [33mtrue[39m, nodeCount: [33m0[39m, linkCount: [33m0[39m }
[Graph3D] Clearing existing objects...
[Graph3D] Calling createSimulation...
[Graph3D] Simulation created, setting up event handlers...
[Graph3D] No links or single node, clearing fog immediately
[Graph3D] Data changed: {
  nodesLen: [33m0[39m,
  linksLen: [33m0[39m,
  key: [33m1776869903154[39m,
  timestamp: [33m1776869903154[39m
}
[Graph3D] Creating simulation: [33m0[39m nodes
[Graph3D] createGraphSimulation called: { hasObjectManager: [33mtrue[39m, hasScene: [33mtrue[39m, nodeCount: [33m0[39m, linkCount: [33m0[39m }
[Graph3D] Clearing existing objects...
[Graph3D] Calling createSimulation...
[Graph3D] Simulation created, setting up event handlers...
[Graph3D] No links or single node, clearing fog immediately
[Graph3D] Data changed: {
  nodesLen: [33m0[39m,
  linksLen: [33m0[39m,
  key: [33m1776869903190[39m,
  timestamp: [33m1776869903190[39m
}
[Graph3D] Creating simulation: [33m0[39m nodes
[Graph3D] createGraphSimulation called: { hasObjectManager: [33mtrue[39m, hasScene: [33mtrue[39m, nodeCount: [33m0[39m, linkCount: [33m0[39m }
[Graph3D] Clearing existing objects...
[Graph3D] Calling createSimulation...
[Graph3D] Simulation created, setting up event handlers...
[Graph3D] No links or single node, clearing fog immediately
[Graph3D] Data changed: {
  nodesLen: [33m0[39m,
  linksLen: [33m0[39m,
  key: [33m1776869903230[39m,
  timestamp: [33m1776869903230[39m
}
[Graph3D] Creating simulation: [33m0[39m nodes
[Graph3D] createGraphSimulation called: { hasObjectManager: [33mtrue[39m, hasScene: [33mtrue[39m, nodeCount: [33m0[39m, linkCount: [33m0[39m }
[Graph3D] Clearing existing objects...
[Graph3D] Calling createSimulation...
[Graph3D] Simulation created, setting up event handlers...
[Graph3D] No links or single node, clearing fog immediately
[Graph3D] Data changed: {
  nodesLen: [33m0[39m,
  linksLen: [33m0[39m,
  key: [33m1776869903269[39m,
  timestamp: [33m1776869903269[39m
}
[Graph3D] Creating simulation: [33m0[39m nodes
[Graph3D] createGraphSimulation called: { hasObjectManager: [33mtrue[39m, hasScene: [33mtrue[39m, nodeCount: [33m0[39m, linkCount: [33m0[39m }
[Graph3D] Clearing existing objects...
[Graph3D] Calling createSimulation...
[Graph3D] Simulation created, setting up event handlers...
[Graph3D] No links or single node, clearing fog immediately
[Graph3D] Data changed: {
  nodesLen: [33m0[39m,
  linksLen: [33m0[39m,
  key: [33m1776869903304[39m,
  timestamp: [33m1776869903304[39m
}
[Graph3D] Creating simulation: [33m0[39m nodes
[Graph3D] createGraphSimulation called: { hasObjectManager: [33mtrue[39m, hasScene: [33mtrue[39m, nodeCount: [33m0[39m, linkCount: [33m0[39m }
[Graph3D] Clearing existing objects...
[Graph3D] Calling createSimulation...
[Graph3D] Simulation created, setting up event handlers...
[Graph3D] No links or single node, clearing fog immediately
[Graph3D] Data changed: {
  nodesLen: [33m0[39m,
  linksLen: [33m0[39m,
  key: [33m1776869903342[39m,
  timestamp: [33m1776869903342[39m
}
[Graph3D] Creating simulation: [33m0[39m nodes
[Graph3D] createGraphSimulation called: { hasObjectManager: [33mtrue[39m, hasScene: [33mtrue[39m, nodeCount: [33m0[39m, linkCount: [33m0[39m }
[Graph3D] Clearing existing objects...
[Graph3D] Calling createSimulation...
[Graph3D] Simulation created, setting up event handlers...
[Graph3D] No links or single node, clearing fog immediately
[Graph3D] Data changed: {
  nodesLen: [33m0[39m,
  linksLen: [33m0[39m,
  key: [33m1776869903382[39m,
  timestamp: [33m1776869903382[39m
}
[Graph3D] Creating simulation: [33m0[39m nodes
[Graph3D] createGraphSimulation called: { hasObjectManager: [33mtrue[39m, hasScene: [33mtrue[39m, nodeCount: [33m0[39m, linkCount: [33m0[39m }
[Graph3D] Clearing existing objects...
[Graph3D] Calling createSimulation...
[Graph3D] Simulation created, setting up event handlers...
[Graph3D] No links or single node, clearing fog immediately
[Graph3D] Data changed: {
  nodesLen: [33m0[39m,
  linksLen: [33m0[39m,
  key: [33m1776869903422[39m,
  timestamp: [33m1776869903422[39m
}
[Graph3D] Creating simulation: [33m0[39m nodes
[Graph3D] createGraphSimulation called: { hasObjectManager: [33mtrue[39m, hasScene: [33mtrue[39m, nodeCount: [33m0[39m, linkCount: [33m0[39m }
[Graph3D] Clearing existing objects...
[Graph3D] Calling createSimulation...
[Graph3D] Simulation created, setting up event handlers...
[Graph3D] No links or single node, clearing fog immediately
[Graph3D] Data changed: {
  nodesLen: [33m0[39m,
  linksLen: [33m0[39m,
  key: [33m1776869903458[39m,
  timestamp: [33m1776869903458[39m
}
[Graph3D] Creating simulation: [33m0[39m nodes
[Graph3D] createGraphSimulation called: { hasObjectManager: [33mtrue[39m, hasScene: [33mtrue[39m, nodeCount: [33m0[39m, linkCount: [33m0[39m }
[Graph3D] Clearing existing objects...
[Graph3D] Calling createSimulation...
[Graph3D] Simulation created, setting up event handlers...
[Graph3D] No links or single node, clearing fog immediately
[Graph3D] Data changed: {
  nodesLen: [33m0[39m,
  linksLen: [33m0[39m,
  key: [33m1776869903498[39m,
  timestamp: [33m1776869903498[39m
}
[Graph3D] Creating simulation: [33m0[39m nodes
[Graph3D] createGraphSimulation called: { hasObjectManager: [33mtrue[39m, hasScene: [33mtrue[39m, nodeCount: [33m0[39m, linkCount: [33m0[39m }
[Graph3D] Clearing existing objects...
[Graph3D] Calling createSimulation...
[Graph3D] Simulation created, setting up event handlers...
[Graph3D] No links or single node, clearing fog immediately
[Graph3D] Data changed: {
  nodesLen: [33m0[39m,
  linksLen: [33m0[39m,
  key: [33m1776869903536[39m,
  timestamp: [33m1776869903536[39m
}
[Graph3D] Creating simulation: [33m0[39m nodes
[Graph3D] createGraphSimulation called: { hasObjectManager: [33mtrue[39m, hasScene: [33mtrue[39m, nodeCount: [33m0[39m, linkCount: [33m0[39m }
[Graph3D] Clearing existing objects...
[Graph3D] Calling createSimulation...
[Graph3D] Simulation created, setting up event handlers...
[Graph3D] No links or single node, clearing fog immediately
[Graph3D] Data changed: {
  nodesLen: [33m0[39m,
  linksLen: [33m0[39m,
  key: [33m1776869903572[39m,
  timestamp: [33m1776869903572[39m
}
[Graph3D] Creating simulation: [33m0[39m nodes
[Graph3D] createGraphSimulation called: { hasObjectManager: [33mtrue[39m, hasScene: [33mtrue[39m, nodeCount: [33m0[39m, linkCount: [33m0[39m }
[Graph3D] Clearing existing objects...
[Graph3D] Calling createSimulation...
[Graph3D] Simulation created, setting up event handlers...
[Graph3D] No links or single node, clearing fog immediately
[Graph3D] Data changed: {
  nodesLen: [33m0[39m,
  linksLen: [33m0[39m,
  key: [33m1776869903611[39m,
  timestamp: [33m1776869903611[39m
}
[Graph3D] Creating simulation: [33m0[39m nodes
[Graph3D] createGraphSimulation called: { hasObjectManager: [33mtrue[39m, hasScene: [33mtrue[39m, nodeCount: [33m0[39m, linkCount: [33m0[39m }
[Graph3D] Clearing existing objects...
[Graph3D] Calling createSimulation...
[Graph3D] Simulation created, setting up event handlers...
[Graph3D] No links or single node, clearing fog immediately
[Graph3D] Data changed: {
  nodesLen: [33m0[39m,
  linksLen: [33m0[39m,
  key: [33m1776869903651[39m,
  timestamp: [33m1776869903651[39m
}
[Graph3D] Creating simulation: [33m0[39m nodes
[Graph3D] createGraphSimulation called: { hasObjectManager: [33mtrue[39m, hasScene: [33mtrue[39m, nodeCount: [33m0[39m, linkCount: [33m0[39m }
[Graph3D] Clearing existing objects...
[Graph3D] Calling createSimulation...
[Graph3D] Simulation created, setting up event handlers...
[Graph3D] No links or single node, clearing fog immediately
[Graph3D] Data changed: {
  nodesLen: [33m0[39m,
  linksLen: [33m0[39m,
  key: [33m1776869903692[39m,
  timestamp: [33m1776869903692[39m
}
[Graph3D] Creating simulation: [33m0[39m nodes
[Graph3D] createGraphSimulation called: { hasObjectManager: [33mtrue[39m, hasScene: [33mtrue[39m, nodeCount: [33m0[39m, linkCount: [33m0[39m }
[Graph3D] Clearing existing objects...
[Graph3D] Calling createSimulation...
[Graph3D] Simulation created, setting up event handlers...
[Graph3D] No links or single node, clearing fog immediately
[Graph3D] Data changed: {
  nodesLen: [33m0[39m,
  linksLen: [33m0[39m,
  key: [33m1776869903728[39m,
  timestamp: [33m1776869903728[39m
}
[Graph3D] Creating simulation: [33m0[39m nodes
[Graph3D] createGraphSimulation called: { hasObjectManager: [33mtrue[39m, hasScene: [33mtrue[39m, nodeCount: [33m0[39m, linkCount: [33m0[39m }
[Graph3D] Clearing existing objects...
[Graph3D] Calling createSimulation...
[Graph3D] Simulation created, setting up event handlers...
[Graph3D] No links or single node, clearing fog immediately
[Graph3D] Data changed: {
  nodesLen: [33m0[39m,
  linksLen: [33m0[39m,
  key: [33m1776869903768[39m,
  timestamp: [33m1776869903768[39m
}
[Graph3D] Creating simulation: [33m0[39m nodes
[Graph3D] createGraphSimulation called: { hasObjectManager: [33mtrue[39m, hasScene: [33mtrue[39m, nodeCount: [33m0[39m, linkCount: [33m0[39m }
[Graph3D] Clearing existing objects...
[Graph3D] Calling createSimulation...
[Graph3D] Simulation created, setting up event handlers...
[Graph3D] No links or single node, clearing fog immediately
[Graph3D] Data changed: {
  nodesLen: [33m0[39m,
  linksLen: [33m0[39m,
  key: [33m1776869903806[39m,
  timestamp: [33m1776869903806[39m
}
[Graph3D] Creating simulation: [33m0[39m nodes
[Graph3D] createGraphSimulation called: { hasObjectManager: [33mtrue[39m, hasScene: [33mtrue[39m, nodeCount: [33m0[39m, linkCount: [33m0[39m }
[Graph3D] Clearing existing objects...
[Graph3D] Calling createSimulation...
[Graph3D] Simulation created, setting up event handlers...
[Graph3D] No links or single node, clearing fog immediately
[Graph3D] Data changed: {
  nodesLen: [33m0[39m,
  linksLen: [33m0[39m,
  key: [33m1776869903848[39m,
  timestamp: [33m1776869903848[39m
}
[Graph3D] Creating simulation: [33m0[39m nodes
[Graph3D] createGraphSimulation called: { hasObjectManager: [33mtrue[39m, hasScene: [33mtrue[39m, nodeCount: [33m0[39m, linkCount: [33m0[39m }
[Graph3D] Clearing existing objects...
[Graph3D] Calling createSimulation...
[Graph3D] Simulation created, setting up event handlers...
[Graph3D] No links or single node, clearing fog immediately
[Graph3D] Data changed: {
  nodesLen: [33m0[39m,
  linksLen: [33m0[39m,
  key: [33m1776869903885[39m,
  timestamp: [33m1776869903885[39m
}
[Graph3D] Creating simulation: [33m0[39m nodes
[Graph3D] createGraphSimulation called: { hasObjectManager: [33mtrue[39m, hasScene: [33mtrue[39m, nodeCount: [33m0[39m, linkCount: [33m0[39m }
[Graph3D] Clearing existing objects...
[Graph3D] Calling createSimulation...
[Graph3D] Simulation created, setting up event handlers...
[Graph3D] No links or single node, clearing fog immediately
[Graph3D] Data changed: {
  nodesLen: [33m0[39m,
  linksLen: [33m0[39m,
  key: [33m1776869903930[39m,
  timestamp: [33m1776869903930[39m
}
[Graph3D] Creating simulation: [33m0[39m nodes
[Graph3D] createGraphSimulation called: { hasObjectManager: [33mtrue[39m, hasScene: [33mtrue[39m, nodeCount: [33m0[39m, linkCount: [33m0[39m }
[Graph3D] Clearing existing objects...
[Graph3D] Calling createSimulation...
[Graph3D] Simulation created, setting up event handlers...
[Graph3D] No links or single node, clearing fog immediately
[Graph3D] Data changed: {
  nodesLen: [33m0[39m,
  linksLen: [33m0[39m,
  key: [33m1776869903973[39m,
  timestamp: [33m1776869903973[39m
}
[Graph3D] Creating simulation: [33m0[39m nodes
[Graph3D] createGraphSimulation called: { hasObjectManager: [33mtrue[39m, hasScene: [33mtrue[39m, nodeCount: [33m0[39m, linkCount: [33m0[39m }
[Graph3D] Clearing existing objects...
[Graph3D] Calling createSimulation...
[Graph3D] Simulation created, setting up event handlers...
[Graph3D] No links or single node, clearing fog immediately
[Graph3D] Data changed: {
  nodesLen: [33m0[39m,
  linksLen: [33m0[39m,
  key: [33m1776869904014[39m,
  timestamp: [33m1776869904014[39m
}
[Graph3D] Creating simulation: [33m0[39m nodes
[Graph3D] createGraphSimulation called: { hasObjectManager: [33mtrue[39m, hasScene: [33mtrue[39m, nodeCount: [33m0[39m, linkCount: [33m0[39m }
[Graph3D] Clearing existing objects...
[Graph3D] Calling createSimulation...
[Graph3D] Simulation created, setting up event handlers...
[Graph3D] No links or single node, clearing fog immediately
[Graph3D] Data changed: {
  nodesLen: [33m0[39m,
  linksLen: [33m0[39m,
  key: [33m1776869904052[39m,
  timestamp: [33m1776869904052[39m
}
[Graph3D] Creating simulation: [33m0[39m nodes
[Graph3D] createGraphSimulation called: { hasObjectManager: [33mtrue[39m, hasScene: [33mtrue[39m, nodeCount: [33m0[39m, linkCount: [33m0[39m }
[Graph3D] Clearing existing objects...
[Graph3D] Calling createSimulation...
[Graph3D] Simulation created, setting up event handlers...
[Graph3D] No links or single node, clearing fog immediately
[Graph3D] Data changed: {
  nodesLen: [33m0[39m,
  linksLen: [33m0[39m,
  key: [33m1776869904092[39m,
  timestamp: [33m1776869904092[39m
}
[Graph3D] Creating simulation: [33m0[39m nodes
[Graph3D] createGraphSimulation called: { hasObjectManager: [33mtrue[39m, hasScene: [33mtrue[39m, nodeCount: [33m0[39m, linkCount: [33m0[39m }
[Graph3D] Clearing existing objects...
[Graph3D] Calling createSimulation...
[Graph3D] Simulation created, setting up event handlers...
[Graph3D] No links or single node, clearing fog immediately
[Graph3D] Data changed: {
  nodesLen: [33m0[39m,
  linksLen: [33m0[39m,
  key: [33m1776869904132[39m,
  timestamp: [33m1776869904132[39m
}
[Graph3D] Creating simulation: [33m0[39m nodes
[Graph3D] createGraphSimulation called: { hasObjectManager: [33mtrue[39m, hasScene: [33mtrue[39m, nodeCount: [33m0[39m, linkCount: [33m0[39m }
[Graph3D] Clearing existing objects...
[Graph3D] Calling createSimulation...
[Graph3D] Simulation created, setting up event handlers...
[Graph3D] No links or single node, clearing fog immediately
[Graph3D] Data changed: {
  nodesLen: [33m0[39m,
  linksLen: [33m0[39m,
  key: [33m1776869904172[39m,
  timestamp: [33m1776869904172[39m
}
[Graph3D] Creating simulation: [33m0[39m nodes
[Graph3D] createGraphSimulation called: { hasObjectManager: [33mtrue[39m, hasScene: [33mtrue[39m, nodeCount: [33m0[39m, linkCount: [33m0[39m }
[Graph3D] Clearing existing objects...
[Graph3D] Calling createSimulation...
[Graph3D] Simulation created, setting up event handlers...
[Graph3D] No links or single node, clearing fog immediately
[Graph3D] Data changed: {
  nodesLen: [33m0[39m,
  linksLen: [33m0[39m,
  key: [33m1776869904213[39m,
  timestamp: [33m1776869904213[39m
}
[Graph3D] Creating simulation: [33m0[39m nodes
[Graph3D] createGraphSimulation called: { hasObjectManager: [33mtrue[39m, hasScene: [33mtrue[39m, nodeCount: [33m0[39m, linkCount: [33m0[39m }
[Graph3D] Clearing existing objects...
[Graph3D] Calling createSimulation...
[Graph3D] Simulation created, setting up event handlers...
[Graph3D] No links or single node, clearing fog immediately
[Graph3D] Data changed: {
  nodesLen: [33m0[39m,
  linksLen: [33m0[39m,
  key: [33m1776869904250[39m,
  timestamp: [33m1776869904250[39m
}
[Graph3D] Creating simulation: [33m0[39m nodes
[Graph3D] createGraphSimulation called: { hasObjectManager: [33mtrue[39m, hasScene: [33mtrue[39m, nodeCount: [33m0[39m, linkCount: [33m0[39m }
[Graph3D] Clearing existing objects...
[Graph3D] Calling createSimulation...
[Graph3D] Simulation created, setting up event handlers...
[Graph3D] No links or single node, clearing fog immediately
[Graph3D] Data changed: {
  nodesLen: [33m0[39m,
  linksLen: [33m0[39m,
  key: [33m1776869904290[39m,
  timestamp: [33m1776869904290[39m
}
[Graph3D] Creating simulation: [33m0[39m nodes
[Graph3D] createGraphSimulation called: { hasObjectManager: [33mtrue[39m, hasScene: [33mtrue[39m, nodeCount: [33m0[39m, linkCount: [33m0[39m }
[Graph3D] Clearing existing objects...
[Graph3D] Calling createSimulation...
[Graph3D] Simulation created, setting up event handlers...
[Graph3D] No links or single node, clearing fog immediately
[Graph3D] Data changed: {
  nodesLen: [33m0[39m,
  linksLen: [33m0[39m,
  key: [33m1776869904331[39m,
  timestamp: [33m1776869904331[39m
}
[Graph3D] Creating simulation: [33m0[39m nodes
[Graph3D] createGraphSimulation called: { hasObjectManager: [33mtrue[39m, hasScene: [33mtrue[39m, nodeCount: [33m0[39m, linkCount: [33m0[39m }
[Graph3D] Clearing existing objects...
[Graph3D] Calling createSimulation...
[Graph3D] Simulation created, setting up event handlers...
[Graph3D] No links or single node, clearing fog immediately
[Graph3D] Data changed: {
  nodesLen: [33m0[39m,
  linksLen: [33m0[39m,
  key: [33m1776869904371[39m,
  timestamp: [33m1776869904371[39m
}
[Graph3D] Creating simulation: [33m0[39m nodes
[Graph3D] createGraphSimulation called: { hasObjectManager: [33mtrue[39m, hasScene: [33mtrue[39m, nodeCount: [33m0[39m, linkCount: [33m0[39m }
[Graph3D] Clearing existing objects...
[Graph3D] Calling createSimulation...
[Graph3D] Simulation created, setting up event handlers...
[Graph3D] No links or single node, clearing fog immediately
[Graph3D] Data changed: {
  nodesLen: [33m0[39m,
  linksLen: [33m0[39m,
  key: [33m1776869904412[39m,
  timestamp: [33m1776869904412[39m
}
[Graph3D] Creating simulation: [33m0[39m nodes
[Graph3D] createGraphSimulation called: { hasObjectManager: [33mtrue[39m, hasScene: [33mtrue[39m, nodeCount: [33m0[39m, linkCount: [33m0[39m }
[Graph3D] Clearing existing objects...
[Graph3D] Calling createSimulation...
[Graph3D] Simulation created, setting up event handlers...
[Graph3D] No links or single node, clearing fog immediately
[Graph3D] Data changed: {
  nodesLen: [33m0[39m,
  linksLen: [33m0[39m,
  key: [33m1776869904456[39m,
  timestamp: [33m1776869904456[39m
}
[Graph3D] Creating simulation: [33m0[39m nodes
[Graph3D] createGraphSimulation called: { hasObjectManager: [33mtrue[39m, hasScene: [33mtrue[39m, nodeCount: [33m0[39m, linkCount: [33m0[39m }
[Graph3D] Clearing existing objects...
[Graph3D] Calling createSimulation...
[Graph3D] Simulation created, setting up event handlers...
[Graph3D] No links or single node, clearing fog immediately
[Graph3D] Data changed: {
  nodesLen: [33m0[39m,
  linksLen: [33m0[39m,
  key: [33m1776869904506[39m,
  timestamp: [33m1776869904506[39m
}
[Graph3D] Creating simulation: [33m0[39m nodes
[Graph3D] createGraphSimulation called: { hasObjectManager: [33mtrue[39m, hasScene: [33mtrue[39m, nodeCount: [33m0[39m, linkCount: [33m0[39m }
[Graph3D] Clearing existing objects...
[Graph3D] Calling createSimulation...
[Graph3D] Simulation created, setting up event handlers...
[Graph3D] No links or single node, clearing fog immediately
[Graph3D] Data changed: {
  nodesLen: [33m0[39m,
  linksLen: [33m0[39m,
  key: [33m1776869904555[39m,
  timestamp: [33m1776869904555[39m
}
[Graph3D] Creating simulation: [33m0[39m nodes
[Graph3D] createGraphSimulation called: { hasObjectManager: [33mtrue[39m, hasScene: [33mtrue[39m, nodeCount: [33m0[39m, linkCount: [33m0[39m }
[Graph3D] Clearing existing objects...
[Graph3D] Calling createSimulation...
[Graph3D] Simulation created, setting up event handlers...
[Graph3D] No links or single node, clearing fog immediately
[Graph3D] Data changed: {
  nodesLen: [33m0[39m,
  linksLen: [33m0[39m,
  key: [33m1776869904609[39m,
  timestamp: [33m1776869904609[39m
}
[Graph3D] Creating simulation: [33m0[39m nodes
[Graph3D] createGraphSimulation called: { hasObjectManager: [33mtrue[39m, hasScene: [33mtrue[39m, nodeCount: [33m0[39m, linkCount: [33m0[39m }
[Graph3D] Clearing existing objects...
[Graph3D] Calling createSimulation...
[Graph3D] Simulation created, setting up event handlers...
[Graph3D] No links or single node, clearing fog immediately
[Graph3D] Data changed: {
  nodesLen: [33m0[39m,
  linksLen: [33m0[39m,
  key: [33m1776869904663[39m,
  timestamp: [33m1776869904663[39m
}
[Graph3D] Creating simulation: [33m0[39m nodes
[Graph3D] createGraphSimulation called: { hasObjectManager: [33mtrue[39m, hasScene: [33mtrue[39m, nodeCount: [33m0[39m, linkCount: [33m0[39m }
[Graph3D] Clearing existing objects...
[Graph3D] Calling createSimulation...
[Graph3D] Simulation created, setting up event handlers...
[Graph3D] No links or single node, clearing fog immediately
[Graph3D] Data changed: {
  nodesLen: [33m0[39m,
  linksLen: [33m0[39m,
  key: [33m1776869904711[39m,
  timestamp: [33m1776869904711[39m
}
[Graph3D] Creating simulation: [33m0[39m nodes
[Graph3D] createGraphSimulation called: { hasObjectManager: [33mtrue[39m, hasScene: [33mtrue[39m, nodeCount: [33m0[39m, linkCount: [33m0[39m }
[Graph3D] Clearing existing objects...
[Graph3D] Calling createSimulation...
[Graph3D] Simulation created, setting up event handlers...
[Graph3D] No links or single node, clearing fog immediately
[Graph3D] Data changed: {
  nodesLen: [33m0[39m,
  linksLen: [33m0[39m,
  key: [33m1776869904766[39m,
  timestamp: [33m1776869904766[39m
}
[Graph3D] Creating simulation: [33m0[39m nodes
[Graph3D] createGraphSimulation called: { hasObjectManager: [33mtrue[39m, hasScene: [33mtrue[39m, nodeCount: [33m0[39m, linkCount: [33m0[39m }
[Graph3D] Clearing existing objects...
[Graph3D] Calling createSimulation...
[Graph3D] Simulation created, setting up event handlers...
[Graph3D] No links or single node, clearing fog immediately
[Graph3D] Data changed: {
  nodesLen: [33m0[39m,
  linksLen: [33m0[39m,
  key: [33m1776869904824[39m,
  timestamp: [33m1776869904824[39m
}
[Graph3D] Creating simulation: [33m0[39m nodes
[Graph3D] createGraphSimulation called: { hasObjectManager: [33mtrue[39m, hasScene: [33mtrue[39m, nodeCount: [33m0[39m, linkCount: [33m0[39m }
[Graph3D] Clearing existing objects...
[Graph3D] Calling createSimulation...
[Graph3D] Simulation created, setting up event handlers...
[Graph3D] No links or single node, clearing fog immediately
[Graph3D] Data changed: {
  nodesLen: [33m0[39m,
  linksLen: [33m0[39m,
  key: [33m1776869904887[39m,
  timestamp: [33m1776869904887[39m
}
[Graph3D] Creating simulation: [33m0[39m nodes
[Graph3D] createGraphSimulation called: { hasObjectManager: [33mtrue[39m, hasScene: [33mtrue[39m, nodeCount: [33m0[39m, linkCount: [33m0[39m }
[Graph3D] Clearing existing objects...
[Graph3D] Calling createSimulation...
[Graph3D] Simulation created, setting up event handlers...
[Graph3D] No links or single node, clearing fog immediately
[Graph3D] Data changed: {
  nodesLen: [33m0[39m,
  linksLen: [33m0[39m,
  key: [33m1776869904946[39m,
  timestamp: [33m1776869904946[39m
}
[Graph3D] Creating simulation: [33m0[39m nodes
[Graph3D] createGraphSimulation called: { hasObjectManager: [33mtrue[39m, hasScene: [33mtrue[39m, nodeCount: [33m0[39m, linkCount: [33m0[39m }
[Graph3D] Clearing existing objects...
[Graph3D] Calling createSimulation...
[Graph3D] Simulation created, setting up event handlers...
[Graph3D] No links or single node, clearing fog immediately
[Graph3D] Data changed: {
  nodesLen: [33m0[39m,
  linksLen: [33m0[39m,
  key: [33m1776869905002[39m,
  timestamp: [33m1776869905002[39m
}
[Graph3D] Creating simulation: [33m0[39m nodes
[Graph3D] createGraphSimulation called: { hasObjectManager: [33mtrue[39m, hasScene: [33mtrue[39m, nodeCount: [33m0[39m, linkCount: [33m0[39m }
[Graph3D] Clearing existing objects...
[Graph3D] Calling createSimulation...
[Graph3D] Simulation created, setting up event handlers...
[Graph3D] No links or single node, clearing fog immediately
[Graph3D] Data changed: {
  nodesLen: [33m0[39m,
  linksLen: [33m0[39m,
  key: [33m1776869905051[39m,
  timestamp: [33m1776869905051[39m
}
[Graph3D] Creating simulation: [33m0[39m nodes
[Graph3D] createGraphSimulation called: { hasObjectManager: [33mtrue[39m, hasScene: [33mtrue[39m, nodeCount: [33m0[39m, linkCount: [33m0[39m }
[Graph3D] Clearing existing objects...
[Graph3D] Calling createSimulation...
[Graph3D] Simulation created, setting up event handlers...
[Graph3D] No links or single node, clearing fog immediately
[Graph3D] Data changed: {
  nodesLen: [33m0[39m,
  linksLen: [33m0[39m,
  key: [33m1776869905100[39m,
  timestamp: [33m1776869905100[39m
}
[Graph3D] Creating simulation: [33m0[39m nodes
[Graph3D] createGraphSimulation called: { hasObjectManager: [33mtrue[39m, hasScene: [33mtrue[39m, nodeCount: [33m0[39m, linkCount: [33m0[39m }
[Graph3D] Clearing existing objects...
[Graph3D] Calling createSimulation...
[Graph3D] Simulation created, setting up event handlers...
[Graph3D] No links or single node, clearing fog immediately
[Graph3D] Data changed: {
  nodesLen: [33m0[39m,
  linksLen: [33m0[39m,
  key: [33m1776869905168[39m,
  timestamp: [33m1776869905168[39m
}
[Graph3D] Creating simulation: [33m0[39m nodes
[Graph3D] createGraphSimulation called: { hasObjectManager: [33mtrue[39m, hasScene: [33mtrue[39m, nodeCount: [33m0[39m, linkCount: [33m0[39m }
[Graph3D] Clearing existing objects...
[Graph3D] Calling createSimulation...
[Graph3D] Simulation created, setting up event handlers...
[Graph3D] No links or single node, clearing fog immediately
[Graph3D] Data changed: {
  nodesLen: [33m0[39m,
  linksLen: [33m0[39m,
  key: [33m1776869905216[39m,
  timestamp: [33m1776869905216[39m
}
[Graph3D] Creating simulation: [33m0[39m nodes
[Graph3D] createGraphSimulation called: { hasObjectManager: [33mtrue[39m, hasScene: [33mtrue[39m, nodeCount: [33m0[39m, linkCount: [33m0[39m }
[Graph3D] Clearing existing objects...
[Graph3D] Calling createSimulation...
[Graph3D] Simulation created, setting up event handlers...
[Graph3D] No links or single node, clearing fog immediately
[Graph3D] Data changed: {
  nodesLen: [33m0[39m,
  linksLen: [33m0[39m,
  key: [33m1776869905258[39m,
  timestamp: [33m1776869905258[39m
}
[Graph3D] Creating simulation: [33m0[39m nodes
[Graph3D] createGraphSimulation called: { hasObjectManager: [33mtrue[39m, hasScene: [33mtrue[39m, nodeCount: [33m0[39m, linkCount: [33m0[39m }
[Graph3D] Clearing existing objects...
[Graph3D] Calling createSimulation...
[Graph3D] Simulation created, setting up event handlers...
[Graph3D] No links or single node, clearing fog immediately
[Graph3D] Data changed: {
  nodesLen: [33m0[39m,
  linksLen: [33m0[39m,
  key: [33m1776869905297[39m,
  timestamp: [33m1776869905297[39m
}
[Graph3D] Creating simulation: [33m0[39m nodes
[Graph3D] createGraphSimulation called: { hasObjectManager: [33mtrue[39m, hasScene: [33mtrue[39m, nodeCount: [33m0[39m, linkCount: [33m0[39m }
[Graph3D] Clearing existing objects...
[Graph3D] Calling createSimulation...
[Graph3D] Simulation created, setting up event handlers...
[Graph3D] No links or single node, clearing fog immediately
[Graph3D] Data changed: {
  nodesLen: [33m0[39m,
  linksLen: [33m0[39m,
  key: [33m1776869905339[39m,
  timestamp: [33m1776869905339[39m
}
[Graph3D] Creating simulation: [33m0[39m nodes
[Graph3D] createGraphSimulation called: { hasObjectManager: [33mtrue[39m, hasScene: [33mtrue[39m, nodeCount: [33m0[39m, linkCount: [33m0[39m }
[Graph3D] Clearing existing objects...
[Graph3D] Calling createSimulation...
[Graph3D] Simulation created, setting up event handlers...
[Graph3D] No links or single node, clearing fog immediately
[Graph3D] Data changed: {
  nodesLen: [33m0[39m,
  linksLen: [33m0[39m,
  key: [33m1776869905383[39m,
  timestamp: [33m1776869905383[39m
}
[Graph3D] Creating simulation: [33m0[39m nodes
[Graph3D] createGraphSimulation called: { hasObjectManager: [33mtrue[39m, hasScene: [33mtrue[39m, nodeCount: [33m0[39m, linkCount: [33m0[39m }
[Graph3D] Clearing existing objects...
[Graph3D] Calling createSimulation...
[Graph3D] Simulation created, setting up event handlers...
[Graph3D] No links or single node, clearing fog immediately
[Graph3D] Data changed: {
  nodesLen: [33m0[39m,
  linksLen: [33m0[39m,
  key: [33m1776869905426[39m,
  timestamp: [33m1776869905426[39m
}
[Graph3D] Creating simulation: [33m0[39m nodes
[Graph3D] createGraphSimulation called: { hasObjectManager: [33mtrue[39m, hasScene: [33mtrue[39m, nodeCount: [33m0[39m, linkCount: [33m0[39m }
[Graph3D] Clearing existing objects...
[Graph3D] Calling createSimulation...
[Graph3D] Simulation created, setting up event handlers...
[Graph3D] No links or single node, clearing fog immediately
[Graph3D] Data changed: {
  nodesLen: [33m0[39m,
  linksLen: [33m0[39m,
  key: [33m1776869905469[39m,
  timestamp: [33m1776869905469[39m
}
[Graph3D] Creating simulation: [33m0[39m nodes
[Graph3D] createGraphSimulation called: { hasObjectManager: [33mtrue[39m, hasScene: [33mtrue[39m, nodeCount: [33m0[39m, linkCount: [33m0[39m }
[Graph3D] Clearing existing objects...
[Graph3D] Calling createSimulation...
[Graph3D] Simulation created, setting up event handlers...
[Graph3D] No links or single node, clearing fog immediately
[Graph3D] Data changed: {
  nodesLen: [33m0[39m,
  linksLen: [33m0[39m,
  key: [33m1776869905522[39m,
  timestamp: [33m1776869905522[39m
}
[Graph3D] Creating simulation: [33m0[39m nodes
[Graph3D] createGraphSimulation called: { hasObjectManager: [33mtrue[39m, hasScene: [33mtrue[39m, nodeCount: [33m0[39m, linkCount: [33m0[39m }
[Graph3D] Clearing existing objects...
[Graph3D] Calling createSimulation...
[Graph3D] Simulation created, setting up event handlers...
[Graph3D] No links or single node, clearing fog immediately
[Graph3D] Data changed: {
  nodesLen: [33m0[39m,
  linksLen: [33m0[39m,
  key: [33m1776869905564[39m,
  timestamp: [33m1776869905564[39m
}
[Graph3D] Creating simulation: [33m0[39m nodes
[Graph3D] createGraphSimulation called: { hasObjectManager: [33mtrue[39m, hasScene: [33mtrue[39m, nodeCount: [33m0[39m, linkCount: [33m0[39m }
[Graph3D] Clearing existing objects...
[Graph3D] Calling createSimulation...
[Graph3D] Simulation created, setting up event handlers...
[Graph3D] No links or single node, clearing fog immediately
[Graph3D] Data changed: {
  nodesLen: [33m0[39m,
  linksLen: [33m0[39m,
  key: [33m1776869905606[39m,
  timestamp: [33m1776869905606[39m
}
[Graph3D] Creating simulation: [33m0[39m nodes
[Graph3D] createGraphSimulation called: { hasObjectManager: [33mtrue[39m, hasScene: [33mtrue[39m, nodeCount: [33m0[39m, linkCount: [33m0[39m }
[Graph3D] Clearing existing objects...
[Graph3D] Calling createSimulation...
[Graph3D] Simulation created, setting up event handlers...
[Graph3D] No links or single node, clearing fog immediately
[Graph3D] Data changed: {
  nodesLen: [33m0[39m,
  linksLen: [33m0[39m,
  key: [33m1776869905650[39m,
  timestamp: [33m1776869905650[39m
}
[Graph3D] Creating simulation: [33m0[39m nodes
[Graph3D] createGraphSimulation called: { hasObjectManager: [33mtrue[39m, hasScene: [33mtrue[39m, nodeCount: [33m0[39m, linkCount: [33m0[39m }
[Graph3D] Clearing existing objects...
[Graph3D] Calling createSimulation...
[Graph3D] Simulation created, setting up event handlers...
[Graph3D] No links or single node, clearing fog immediately
[Graph3D] Data changed: {
  nodesLen: [33m0[39m,
  linksLen: [33m0[39m,
  key: [33m1776869905694[39m,
  timestamp: [33m1776869905694[39m
}
[Graph3D] Creating simulation: [33m0[39m nodes
[Graph3D] createGraphSimulation called: { hasObjectManager: [33mtrue[39m, hasScene: [33mtrue[39m, nodeCount: [33m0[39m, linkCount: [33m0[39m }
[Graph3D] Clearing existing objects...
[Graph3D] Calling createSimulation...
[Graph3D] Simulation created, setting up event handlers...
[Graph3D] No links or single node, clearing fog immediately
[Graph3D] Data changed: {
  nodesLen: [33m0[39m,
  linksLen: [33m0[39m,
  key: [33m1776869905738[39m,
  timestamp: [33m1776869905738[39m
}
[Graph3D] Creating simulation: [33m0[39m nodes
[Graph3D] createGraphSimulation called: { hasObjectManager: [33mtrue[39m, hasScene: [33mtrue[39m, nodeCount: [33m0[39m, linkCount: [33m0[39m }
[Graph3D] Clearing existing objects...
[Graph3D] Calling createSimulation...
[Graph3D] Simulation created, setting up event handlers...
[Graph3D] No links or single node, clearing fog immediately
[Graph3D] Data changed: {
  nodesLen: [33m0[39m,
  linksLen: [33m0[39m,
  key: [33m1776869905783[39m,
  timestamp: [33m1776869905783[39m
}
[Graph3D] Creating simulation: [33m0[39m nodes
[Graph3D] createGraphSimulation called: { hasObjectManager: [33mtrue[39m, hasScene: [33mtrue[39m, nodeCount: [33m0[39m, linkCount: [33m0[39m }
[Graph3D] Clearing existing objects...
[Graph3D] Calling createSimulation...
[Graph3D] Simulation created, setting up event handlers...
[Graph3D] No links or single node, clearing fog immediately
[Graph3D] Data changed: {
  nodesLen: [33m0[39m,
  linksLen: [33m0[39m,
  key: [33m1776869905829[39m,
  timestamp: [33m1776869905829[39m
}
[Graph3D] Creating simulation: [33m0[39m nodes
[Graph3D] createGraphSimulation called: { hasObjectManager: [33mtrue[39m, hasScene: [33mtrue[39m, nodeCount: [33m0[39m, linkCount: [33m0[39m }
[Graph3D] Clearing existing objects...
[Graph3D] Calling createSimulation...
[Graph3D] Simulation created, setting up event handlers...
[Graph3D] No links or single node, clearing fog immediately
[Graph3D] Data changed: {
  nodesLen: [33m0[39m,
  linksLen: [33m0[39m,
  key: [33m1776869905871[39m,
  timestamp: [33m1776869905871[39m
}
[Graph3D] Creating simulation: [33m0[39m nodes
[Graph3D] createGraphSimulation called: { hasObjectManager: [33mtrue[39m, hasScene: [33mtrue[39m, nodeCount: [33m0[39m, linkCount: [33m0[39m }
[Graph3D] Clearing existing objects...
[Graph3D] Calling createSimulation...
[Graph3D] Simulation created, setting up event handlers...
[Graph3D] No links or single node, clearing fog immediately
[Graph3D] Data changed: {
  nodesLen: [33m0[39m,
  linksLen: [33m0[39m,
  key: [33m1776869905914[39m,
  timestamp: [33m1776869905914[39m
}
[Graph3D] Creating simulation: [33m0[39m nodes
[Graph3D] createGraphSimulation called: { hasObjectManager: [33mtrue[39m, hasScene: [33mtrue[39m, nodeCount: [33m0[39m, linkCount: [33m0[39m }
[Graph3D] Clearing existing objects...
[Graph3D] Calling createSimulation...
[Graph3D] Simulation created, setting up event handlers...
[Graph3D] No links or single node, clearing fog immediately
[Graph3D] Data changed: {
  nodesLen: [33m0[39m,
  linksLen: [33m0[39m,
  key: [33m1776869905956[39m,
  timestamp: [33m1776869905956[39m
}
[Graph3D] Creating simulation: [33m0[39m nodes
[Graph3D] createGraphSimulation called: { hasObjectManager: [33mtrue[39m, hasScene: [33mtrue[39m, nodeCount: [33m0[39m, linkCount: [33m0[39m }
[Graph3D] Clearing existing objects...
[Graph3D] Calling createSimulation...
[Graph3D] Simulation created, setting up event handlers...
[Graph3D] No links or single node, clearing fog immediately
[Graph3D] Data changed: {
  nodesLen: [33m0[39m,
  linksLen: [33m0[39m,
  key: [33m1776869906019[39m,
  timestamp: [33m1776869906019[39m
}
[Graph3D] Creating simulation: [33m0[39m nodes
[Graph3D] createGraphSimulation called: { hasObjectManager: [33mtrue[39m, hasScene: [33mtrue[39m, nodeCount: [33m0[39m, linkCount: [33m0[39m }
[Graph3D] Clearing existing objects...
[Graph3D] Calling createSimulation...
[Graph3D] Simulation created, setting up event handlers...
[Graph3D] No links or single node, clearing fog immediately
[Graph3D] Data changed: {
  nodesLen: [33m0[39m,
  linksLen: [33m0[39m,
  key: [33m1776869906065[39m,
  timestamp: [33m1776869906065[39m
}
[Graph3D] Creating simulation: [33m0[39m nodes
[Graph3D] createGraphSimulation called: { hasObjectManager: [33mtrue[39m, hasScene: [33mtrue[39m, nodeCount: [33m0[39m, linkCount: [33m0[39m }
[Graph3D] Clearing existing objects...
[Graph3D] Calling createSimulation...
[Graph3D] Simulation created, setting up event handlers...
[Graph3D] No links or single node, clearing fog immediately
[Graph3D] Data changed: {
  nodesLen: [33m0[39m,
  linksLen: [33m0[39m,
  key: [33m1776869906113[39m,
  timestamp: [33m1776869906113[39m
}
[Graph3D] Creating simulation: [33m0[39m nodes
[Graph3D] createGraphSimulation called: { hasObjectManager: [33mtrue[39m, hasScene: [33mtrue[39m, nodeCount: [33m0[39m, linkCount: [33m0[39m }
[Graph3D] Clearing existing objects...
[Graph3D] Calling createSimulation...
[Graph3D] Simulation created, setting up event handlers...
[Graph3D] No links or single node, clearing fog immediately
[Graph3D] Data changed: {
  nodesLen: [33m0[39m,
  linksLen: [33m0[39m,
  key: [33m1776869906157[39m,
  timestamp: [33m1776869906157[39m
}
[Graph3D] Creating simulation: [33m0[39m nodes
[Graph3D] createGraphSimulation called: { hasObjectManager: [33mtrue[39m, hasScene: [33mtrue[39m, nodeCount: [33m0[39m, linkCount: [33m0[39m }
[Graph3D] Clearing existing objects...
[Graph3D] Calling createSimulation...
[Graph3D] Simulation created, setting up event handlers...
[Graph3D] No links or single node, clearing fog immediately
[Graph3D] Data changed: {
  nodesLen: [33m0[39m,
  linksLen: [33m0[39m,
  key: [33m1776869906201[39m,
  timestamp: [33m1776869906201[39m
}
[Graph3D] Creating simulation: [33m0[39m nodes
[Graph3D] createGraphSimulation called: { hasObjectManager: [33mtrue[39m, hasScene: [33mtrue[39m, nodeCount: [33m0[39m, linkCount: [33m0[39m }
[Graph3D] Clearing existing objects...
[Graph3D] Calling createSimulation...
[Graph3D] Simulation created, setting up event handlers...
[Graph3D] No links or single node, clearing fog immediately
[Graph3D] Data changed: {
  nodesLen: [33m0[39m,
  linksLen: [33m0[39m,
  key: [33m1776869906245[39m,
  timestamp: [33m1776869906245[39m
}
[Graph3D] Creating simulation: [33m0[39m nodes
[Graph3D] createGraphSimulation called: { hasObjectManager: [33mtrue[39m, hasScene: [33mtrue[39m, nodeCount: [33m0[39m, linkCount: [33m0[39m }
[Graph3D] Clearing existing objects...
[Graph3D] Calling createSimulation...
[Graph3D] Simulation created, setting up event handlers...
[Graph3D] No links or single node, clearing fog immediately
[Graph3D] Data changed: {
  nodesLen: [33m0[39m,
  linksLen: [33m0[39m,
  key: [33m1776869906290[39m,
  timestamp: [33m1776869906290[39m
}
[Graph3D] Creating simulation: [33m0[39m nodes
[Graph3D] createGraphSimulation called: { hasObjectManager: [33mtrue[39m, hasScene: [33mtrue[39m, nodeCount: [33m0[39m, linkCount: [33m0[39m }
[Graph3D] Clearing existing objects...
[Graph3D] Calling createSimulation...
[Graph3D] Simulation created, setting up event handlers...
[Graph3D] No links or single node, clearing fog immediately
[Graph3D] Data changed: {
  nodesLen: [33m0[39m,
  linksLen: [33m0[39m,
  key: [33m1776869906335[39m,
  timestamp: [33m1776869906335[39m
}
[Graph3D] Creating simulation: [33m0[39m nodes
[Graph3D] createGraphSimulation called: { hasObjectManager: [33mtrue[39m, hasScene: [33mtrue[39m, nodeCount: [33m0[39m, linkCount: [33m0[39m }
[Graph3D] Clearing existing objects...
[Graph3D] Calling createSimulation...
[Graph3D] Simulation created, setting up event handlers...
[Graph3D] No links or single node, clearing fog immediately
[Graph3D] Data changed: {
  nodesLen: [33m0[39m,
  linksLen: [33m0[39m,
  key: [33m1776869906381[39m,
  timestamp: [33m1776869906381[39m
}
[Graph3D] Creating simulation: [33m0[39m nodes
[Graph3D] createGraphSimulation called: { hasObjectManager: [33mtrue[39m, hasScene: [33mtrue[39m, nodeCount: [33m0[39m, linkCount: [33m0[39m }
[Graph3D] Clearing existing objects...
[Graph3D] Calling createSimulation...
[Graph3D] Simulation created, setting up event handlers...
[Graph3D] No links or single node, clearing fog immediately
[Graph3D] Data changed: {
  nodesLen: [33m0[39m,
  linksLen: [33m0[39m,
  key: [33m1776869906425[39m,
  timestamp: [33m1776869906425[39m
}
[Graph3D] Creating simulation: [33m0[39m nodes
[Graph3D] createGraphSimulation called: { hasObjectManager: [33mtrue[39m, hasScene: [33mtrue[39m, nodeCount: [33m0[39m, linkCount: [33m0[39m }
[Graph3D] Clearing existing objects...
[Graph3D] Calling createSimulation...
[Graph3D] Simulation created, setting up event handlers...
[Graph3D] No links or single node, clearing fog immediately
[Graph3D] Data changed: {
  nodesLen: [33m0[39m,
  linksLen: [33m0[39m,
  key: [33m1776869906468[39m,
  timestamp: [33m1776869906468[39m
}
[Graph3D] Creating simulation: [33m0[39m nodes
[Graph3D] createGraphSimulation called: { hasObjectManager: [33mtrue[39m, hasScene: [33mtrue[39m, nodeCount: [33m0[39m, linkCount: [33m0[39m }
[Graph3D] Clearing existing objects...
[Graph3D] Calling createSimulation...
[Graph3D] Simulation created, setting up event handlers...
[Graph3D] No links or single node, clearing fog immediately
[Graph3D] Data changed: {
  nodesLen: [33m0[39m,
  linksLen: [33m0[39m,
  key: [33m1776869906518[39m,
  timestamp: [33m1776869906518[39m
}
[Graph3D] Creating simulation: [33m0[39m nodes
[Graph3D] createGraphSimulation called: { hasObjectManager: [33mtrue[39m, hasScene: [33mtrue[39m, nodeCount: [33m0[39m, linkCount: [33m0[39m }
[Graph3D] Clearing existing objects...
[Graph3D] Calling createSimulation...
[Graph3D] Simulation created, setting up event handlers...
[Graph3D] No links or single node, clearing fog immediately
[Graph3D] Data changed: {
  nodesLen: [33m0[39m,
  linksLen: [33m0[39m,
  key: [33m1776869906562[39m,
  timestamp: [33m1776869906562[39m
}
[Graph3D] Creating simulation: [33m0[39m nodes
[Graph3D] createGraphSimulation called: { hasObjectManager: [33mtrue[39m, hasScene: [33mtrue[39m, nodeCount: [33m0[39m, linkCount: [33m0[39m }
[Graph3D] Clearing existing objects...
[Graph3D] Calling createSimulation...
[Graph3D] Simulation created, setting up event handlers...
[Graph3D] No links or single node, clearing fog immediately
[Graph3D] Data changed: {
  nodesLen: [33m0[39m,
  linksLen: [33m0[39m,
  key: [33m1776869906605[39m,
  timestamp: [33m1776869906605[39m
}
[Graph3D] Creating simulation: [33m0[39m nodes
[Graph3D] createGraphSimulation called: { hasObjectManager: [33mtrue[39m, hasScene: [33mtrue[39m, nodeCount: [33m0[39m, linkCount: [33m0[39m }
[Graph3D] Clearing existing objects...
[Graph3D] Calling createSimulation...
[Graph3D] Simulation created, setting up event handlers...
[Graph3D] No links or single node, clearing fog immediately
[Graph3D] Data changed: {
  nodesLen: [33m0[39m,
  linksLen: [33m0[39m,
  key: [33m1776869906652[39m,
  timestamp: [33m1776869906652[39m
}
[Graph3D] Creating simulation: [33m0[39m nodes
[Graph3D] createGraphSimulation called: { hasObjectManager: [33mtrue[39m, hasScene: [33mtrue[39m, nodeCount: [33m0[39m, linkCount: [33m0[39m }
[Graph3D] Clearing existing objects...
[Graph3D] Calling createSimulation...
[Graph3D] Simulation created, setting up event handlers...
[Graph3D] No links or single node, clearing fog immediately
[Graph3D] Data changed: {
  nodesLen: [33m0[39m,
  linksLen: [33m0[39m,
  key: [33m1776869906697[39m,
  timestamp: [33m1776869906697[39m
}
[Graph3D] Creating simulation: [33m0[39m nodes
[Graph3D] createGraphSimulation called: { hasObjectManager: [33mtrue[39m, hasScene: [33mtrue[39m, nodeCount: [33m0[39m, linkCount: [33m0[39m }
[Graph3D] Clearing existing objects...
[Graph3D] Calling createSimulation...
[Graph3D] Simulation created, setting up event handlers...
[Graph3D] No links or single node, clearing fog immediately
[Graph3D] Data changed: {
  nodesLen: [33m0[39m,
  linksLen: [33m0[39m,
  key: [33m1776869906742[39m,
  timestamp: [33m1776869906742[39m
}
[Graph3D] Creating simulation: [33m0[39m nodes
[Graph3D] createGraphSimulation called: { hasObjectManager: [33mtrue[39m, hasScene: [33mtrue[39m, nodeCount: [33m0[39m, linkCount: [33m0[39m }
[Graph3D] Clearing existing objects...
[Graph3D] Calling createSimulation...
[Graph3D] Simulation created, setting up event handlers...
[Graph3D] No links or single node, clearing fog immediately
[Graph3D] Data changed: {
  nodesLen: [33m0[39m,
  linksLen: [33m0[39m,
  key: [33m1776869906796[39m,
  timestamp: [33m1776869906796[39m
}
[Graph3D] Creating simulation: [33m0[39m nodes
[Graph3D] createGraphSimulation called: { hasObjectManager: [33mtrue[39m, hasScene: [33mtrue[39m, nodeCount: [33m0[39m, linkCount: [33m0[39m }
[Graph3D] Clearing existing objects...
[Graph3D] Calling createSimulation...
[Graph3D] Simulation created, setting up event handlers...
[Graph3D] No links or single node, clearing fog immediately
[Graph3D] Data changed: {
  nodesLen: [33m0[39m,
  linksLen: [33m0[39m,
  key: [33m1776869906841[39m,
  timestamp: [33m1776869906841[39m
}
[Graph3D] Creating simulation: [33m0[39m nodes
[Graph3D] createGraphSimulation called: { hasObjectManager: [33mtrue[39m, hasScene: [33mtrue[39m, nodeCount: [33m0[39m, linkCount: [33m0[39m }
[Graph3D] Clearing existing objects...
[Graph3D] Calling createSimulation...
[Graph3D] Simulation created, setting up event handlers...
[Graph3D] No links or single node, clearing fog immediately
[Graph3D] Data changed: {
  nodesLen: [33m0[39m,
  linksLen: [33m0[39m,
  key: [33m1776869906885[39m,
  timestamp: [33m1776869906885[39m
}
[Graph3D] Creating simulation: [33m0[39m nodes
[Graph3D] createGraphSimulation called: { hasObjectManager: [33mtrue[39m, hasScene: [33mtrue[39m, nodeCount: [33m0[39m, linkCount: [33m0[39m }
[Graph3D] Clearing existing objects...
[Graph3D] Calling createSimulation...
[Graph3D] Simulation created, setting up event handlers...
[Graph3D] No links or single node, clearing fog immediately
[Graph3D] Data changed: {
  nodesLen: [33m0[39m,
  linksLen: [33m0[39m,
  key: [33m1776869906934[39m,
  timestamp: [33m1776869906934[39m
}
[Graph3D] Creating simulation: [33m0[39m nodes
[Graph3D] createGraphSimulation called: { hasObjectManager: [33mtrue[39m, hasScene: [33mtrue[39m, nodeCount: [33m0[39m, linkCount: [33m0[39m }
[Graph3D] Clearing existing objects...
[Graph3D] Calling createSimulation...
[Graph3D] Simulation created, setting up event handlers...
[Graph3D] No links or single node, clearing fog immediately
[Graph3D] Data changed: {
  nodesLen: [33m0[39m,
  linksLen: [33m0[39m,
  key: [33m1776869906979[39m,
  timestamp: [33m1776869906979[39m
}
[Graph3D] Creating simulation: [33m0[39m nodes
[Graph3D] createGraphSimulation called: { hasObjectManager: [33mtrue[39m, hasScene: [33mtrue[39m, nodeCount: [33m0[39m, linkCount: [33m0[39m }
[Graph3D] Clearing existing objects...
[Graph3D] Calling createSimulation...
[Graph3D] Simulation created, setting up event handlers...
[Graph3D] No links or single node, clearing fog immediately
[Graph3D] Data changed: {
  nodesLen: [33m0[39m,
  linksLen: [33m0[39m,
  key: [33m1776869907024[39m,
  timestamp: [33m1776869907024[39m
}
[Graph3D] Creating simulation: [33m0[39m nodes
[Graph3D] createGraphSimulation called: { hasObjectManager: [33mtrue[39m, hasScene: [33mtrue[39m, nodeCount: [33m0[39m, linkCount: [33m0[39m }
[Graph3D] Clearing existing objects...
[Graph3D] Calling createSimulation...
[Graph3D] Simulation created, setting up event handlers...
[Graph3D] No links or single node, clearing fog immediately
[Graph3D] Data changed: {
  nodesLen: [33m0[39m,
  linksLen: [33m0[39m,
  key: [33m1776869907071[39m,
  timestamp: [33m1776869907071[39m
}
[Graph3D] Creating simulation: [33m0[39m nodes
[Graph3D] createGraphSimulation called: { hasObjectManager: [33mtrue[39m, hasScene: [33mtrue[39m, nodeCount: [33m0[39m, linkCount: [33m0[39m }
[Graph3D] Clearing existing objects...
[Graph3D] Calling createSimulation...
[Graph3D] Simulation created, setting up event handlers...
[Graph3D] No links or single node, clearing fog immediately
[Graph3D] Data changed: {
  nodesLen: [33m0[39m,
  linksLen: [33m0[39m,
  key: [33m1776869907123[39m,
  timestamp: [33m1776869907123[39m
}
[Graph3D] Creating simulation: [33m0[39m nodes
[Graph3D] createGraphSimulation called: { hasObjectManager: [33mtrue[39m, hasScene: [33mtrue[39m, nodeCount: [33m0[39m, linkCount: [33m0[39m }
[Graph3D] Clearing existing objects...
[Graph3D] Calling createSimulation...
[Graph3D] Simulation created, setting up event handlers...
[Graph3D] No links or single node, clearing fog immediately
[Graph3D] Data changed: {
  nodesLen: [33m0[39m,
  linksLen: [33m0[39m,
  key: [33m1776869907176[39m,
  timestamp: [33m1776869907176[39m
}
[Graph3D] Creating simulation: [33m0[39m nodes
[Graph3D] createGraphSimulation called: { hasObjectManager: [33mtrue[39m, hasScene: [33mtrue[39m, nodeCount: [33m0[39m, linkCount: [33m0[39m }
[Graph3D] Clearing existing objects...
[Graph3D] Calling createSimulation...
[Graph3D] Simulation created, setting up event handlers...
[Graph3D] No links or single node, clearing fog immediately
[Graph3D] Data changed: {
  nodesLen: [33m0[39m,
  linksLen: [33m0[39m,
  key: [33m1776869907226[39m,
  timestamp: [33m1776869907226[39m
}
[Graph3D] Creating simulation: [33m0[39m nodes
[Graph3D] createGraphSimulation called: { hasObjectManager: [33mtrue[39m, hasScene: [33mtrue[39m, nodeCount: [33m0[39m, linkCount: [33m0[39m }
[Graph3D] Clearing existing objects...
[Graph3D] Calling createSimulation...
[Graph3D] Simulation created, setting up event handlers...
[Graph3D] No links or single node, clearing fog immediately
[Graph3D] Data changed: {
  nodesLen: [33m0[39m,
  linksLen: [33m0[39m,
  key: [33m1776869907277[39m,
  timestamp: [33m1776869907277[39m
}
[Graph3D] Creating simulation: [33m0[39m nodes
[Graph3D] createGraphSimulation called: { hasObjectManager: [33mtrue[39m, hasScene: [33mtrue[39m, nodeCount: [33m0[39m, linkCount: [33m0[39m }
[Graph3D] Clearing existing objects...
[Graph3D] Calling createSimulation...
[Graph3D] Simulation created, setting up event handlers...
[Graph3D] No links or single node, clearing fog immediately
[Graph3D] Data changed: {
  nodesLen: [33m0[39m,
  linksLen: [33m0[39m,
  key: [33m1776869907328[39m,
  timestamp: [33m1776869907328[39m
}
[Graph3D] Creating simulation: [33m0[39m nodes
[Graph3D] createGraphSimulation called: { hasObjectManager: [33mtrue[39m, hasScene: [33mtrue[39m, nodeCount: [33m0[39m, linkCount: [33m0[39m }
[Graph3D] Clearing existing objects...
[Graph3D] Calling createSimulation...
[Graph3D] Simulation created, setting up event handlers...
[Graph3D] No links or single node, clearing fog immediately
[Graph3D] Data changed: {
  nodesLen: [33m0[39m,
  linksLen: [33m0[39m,
  key: [33m1776869907374[39m,
  timestamp: [33m1776869907374[39m
}
[Graph3D] Creating simulation: [33m0[39m nodes
[Graph3D] createGraphSimulation called: { hasObjectManager: [33mtrue[39m, hasScene: [33mtrue[39m, nodeCount: [33m0[39m, linkCount: [33m0[39m }
[Graph3D] Clearing existing objects...
[Graph3D] Calling createSimulation...
[Graph3D] Simulation created, setting up event handlers...
[Graph3D] No links or single node, clearing fog immediately
[Graph3D] Data changed: {
  nodesLen: [33m0[39m,
  linksLen: [33m0[39m,
  key: [33m1776869907418[39m,
  timestamp: [33m1776869907418[39m
}
[Graph3D] Creating simulation: [33m0[39m nodes
[Graph3D] createGraphSimulation called: { hasObjectManager: [33mtrue[39m, hasScene: [33mtrue[39m, nodeCount: [33m0[39m, linkCount: [33m0[39m }
[Graph3D] Clearing existing objects...
[Graph3D] Calling createSimulation...
[Graph3D] Simulation created, setting up event handlers...
[Graph3D] No links or single node, clearing fog immediately
[Graph3D] Data changed: {
  nodesLen: [33m0[39m,
  linksLen: [33m0[39m,
  key: [33m1776869907463[39m,
  timestamp: [33m1776869907463[39m
}
[Graph3D] Creating simulation: [33m0[39m nodes
[Graph3D] createGraphSimulation called: { hasObjectManager: [33mtrue[39m, hasScene: [33mtrue[39m, nodeCount: [33m0[39m, linkCount: [33m0[39m }
[Graph3D] Clearing existing objects...
[Graph3D] Calling createSimulation...
[Graph3D] Simulation created, setting up event handlers...
[Graph3D] No links or single node, clearing fog immediately
[Graph3D] Data changed: {
  nodesLen: [33m0[39m,
  linksLen: [33m0[39m,
  key: [33m1776869907514[39m,
  timestamp: [33m1776869907514[39m
}
[Graph3D] Creating simulation: [33m0[39m nodes
[Graph3D] createGraphSimulation called: { hasObjectManager: [33mtrue[39m, hasScene: [33mtrue[39m, nodeCount: [33m0[39m, linkCount: [33m0[39m }
[Graph3D] Clearing existing objects...
[Graph3D] Calling createSimulation...
[Graph3D] Simulation created, setting up event handlers...
[Graph3D] No links or single node, clearing fog immediately
[Graph3D] Data changed: {
  nodesLen: [33m0[39m,
  linksLen: [33m0[39m,
  key: [33m1776869907565[39m,
  timestamp: [33m1776869907565[39m
}
[Graph3D] Creating simulation: [33m0[39m nodes
[Graph3D] createGraphSimulation called: { hasObjectManager: [33mtrue[39m, hasScene: [33mtrue[39m, nodeCount: [33m0[39m, linkCount: [33m0[39m }
[Graph3D] Clearing existing objects...
[Graph3D] Calling createSimulation...
[Graph3D] Simulation created, setting up event handlers...
[Graph3D] No links or single node, clearing fog immediately
[Graph3D] Data changed: {
  nodesLen: [33m0[39m,
  linksLen: [33m0[39m,
  key: [33m1776869907620[39m,
  timestamp: [33m1776869907620[39m
}
[Graph3D] Creating simulation: [33m0[39m nodes
[Graph3D] createGraphSimulation called: { hasObjectManager: [33mtrue[39m, hasScene: [33mtrue[39m, nodeCount: [33m0[39m, linkCount: [33m0[39m }
[Graph3D] Clearing existing objects...
[Graph3D] Calling createSimulation...
[Graph3D] Simulation created, setting up event handlers...
[Graph3D] No links or single node, clearing fog immediately
[Graph3D] Data changed: {
  nodesLen: [33m0[39m,
  linksLen: [33m0[39m,
  key: [33m1776869907672[39m,
  timestamp: [33m1776869907672[39m
}
[Graph3D] Creating simulation: [33m0[39m nodes
[Graph3D] createGraphSimulation called: { hasObjectManager: [33mtrue[39m, hasScene: [33mtrue[39m, nodeCount: [33m0[39m, linkCount: [33m0[39m }
[Graph3D] Clearing existing objects...
[Graph3D] Calling createSimulation...
[Graph3D] Simulation created, setting up event handlers...
[Graph3D] No links or single node, clearing fog immediately
[Graph3D] Data changed: {
  nodesLen: [33m0[39m,
  linksLen: [33m0[39m,
  key: [33m1776869907718[39m,
  timestamp: [33m1776869907718[39m
}
[Graph3D] Creating simulation: [33m0[39m nodes
[Graph3D] createGraphSimulation called: { hasObjectManager: [33mtrue[39m, hasScene: [33mtrue[39m, nodeCount: [33m0[39m, linkCount: [33m0[39m }
[Graph3D] Clearing existing objects...
[Graph3D] Calling createSimulation...
[Graph3D] Simulation created, setting up event handlers...
[Graph3D] No links or single node, clearing fog immediately
[Graph3D] Data changed: {
  nodesLen: [33m0[39m,
  linksLen: [33m0[39m,
  key: [33m1776869907765[39m,
  timestamp: [33m1776869907765[39m
}
[Graph3D] Creating simulation: [33m0[39m nodes
[Graph3D] createGraphSimulation called: { hasObjectManager: [33mtrue[39m, hasScene: [33mtrue[39m, nodeCount: [33m0[39m, linkCount: [33m0[39m }
[Graph3D] Clearing existing objects...
[Graph3D] Calling createSimulation...
[Graph3D] Simulation created, setting up event handlers...
[Graph3D] No links or single node, clearing fog immediately
[Graph3D] Data changed: {
  nodesLen: [33m0[39m,
  linksLen: [33m0[39m,
  key: [33m1776869907815[39m,
  timestamp: [33m1776869907815[39m
}
[Graph3D] Creating simulation: [33m0[39m nodes
[Graph3D] createGraphSimulation called: { hasObjectManager: [33mtrue[39m, hasScene: [33mtrue[39m, nodeCount: [33m0[39m, linkCount: [33m0[39m }
[Graph3D] Clearing existing objects...
[Graph3D] Calling createSimulation...
[Graph3D] Simulation created, setting up event handlers...
[Graph3D] No links or single node, clearing fog immediately
[Graph3D] Data changed: {
  nodesLen: [33m0[39m,
  linksLen: [33m0[39m,
  key: [33m1776869907869[39m,
  timestamp: [33m1776869907869[39m
}
[Graph3D] Creating simulation: [33m0[39m nodes
[Graph3D] createGraphSimulation called: { hasObjectManager: [33mtrue[39m, hasScene: [33mtrue[39m, nodeCount: [33m0[39m, linkCount: [33m0[39m }
[Graph3D] Clearing existing objects...
[Graph3D] Calling createSimulation...
[Graph3D] Simulation created, setting up event handlers...
[Graph3D] No links or single node, clearing fog immediately
[Graph3D] Data changed: {
  nodesLen: [33m0[39m,
  linksLen: [33m0[39m,
  key: [33m1776869907915[39m,
  timestamp: [33m1776869907915[39m
}
[Graph3D] Creating simulation: [33m0[39m nodes
[Graph3D] createGraphSimulation called: { hasObjectManager: [33mtrue[39m, hasScene: [33mtrue[39m, nodeCount: [33m0[39m, linkCount: [33m0[39m }
[Graph3D] Clearing existing objects...
[Graph3D] Calling createSimulation...
[Graph3D] Simulation created, setting up event handlers...
[Graph3D] No links or single node, clearing fog immediately
[Graph3D] Data changed: {
  nodesLen: [33m0[39m,
  linksLen: [33m0[39m,
  key: [33m1776869907962[39m,
  timestamp: [33m1776869907962[39m
}
[Graph3D] Creating simulation: [33m0[39m nodes
[Graph3D] createGraphSimulation called: { hasObjectManager: [33mtrue[39m, hasScene: [33mtrue[39m, nodeCount: [33m0[39m, linkCount: [33m0[39m }
[Graph3D] Clearing existing objects...
[Graph3D] Calling createSimulation...
[Graph3D] Simulation created, setting up event handlers...
[Graph3D] No links or single node, clearing fog immediately
[Graph3D] Data changed: {
  nodesLen: [33m0[39m,
  linksLen: [33m0[39m,
  key: [33m1776869908017[39m,
  timestamp: [33m1776869908017[39m
}
[Graph3D] Creating simulation: [33m0[39m nodes
[Graph3D] createGraphSimulation called: { hasObjectManager: [33mtrue[39m, hasScene: [33mtrue[39m, nodeCount: [33m0[39m, linkCount: [33m0[39m }
[Graph3D] Clearing existing objects...
[Graph3D] Calling createSimulation...
[Graph3D] Simulation created, setting up event handlers...
[Graph3D] No links or single node, clearing fog immediately
[Graph3D] Data changed: {
  nodesLen: [33m0[39m,
  linksLen: [33m0[39m,
  key: [33m1776869908074[39m,
  timestamp: [33m1776869908074[39m
}
[Graph3D] Creating simulation: [33m0[39m nodes
[Graph3D] createGraphSimulation called: { hasObjectManager: [33mtrue[39m, hasScene: [33mtrue[39m, nodeCount: [33m0[39m, linkCount: [33m0[39m }
[Graph3D] Clearing existing objects...
[Graph3D] Calling createSimulation...
[Graph3D] Simulation created, setting up event handlers...
[Graph3D] No links or single node, clearing fog immediately
[Graph3D] Data changed: {
  nodesLen: [33m0[39m,
  linksLen: [33m0[39m,
  key: [33m1776869908121[39m,
  timestamp: [33m1776869908121[39m
}
[Graph3D] Creating simulation: [33m0[39m nodes
[Graph3D] createGraphSimulation called: { hasObjectManager: [33mtrue[39m, hasScene: [33mtrue[39m, nodeCount: [33m0[39m, linkCount: [33m0[39m }
[Graph3D] Clearing existing objects...
[Graph3D] Calling createSimulation...
[Graph3D] Simulation created, setting up event handlers...
[Graph3D] No links or single node, clearing fog immediately
[Graph3D] Data changed: {
  nodesLen: [33m0[39m,
  linksLen: [33m0[39m,
  key: [33m1776869908169[39m,
  timestamp: [33m1776869908169[39m
}
[Graph3D] Creating simulation: [33m0[39m nodes
[Graph3D] createGraphSimulation called: { hasObjectManager: [33mtrue[39m, hasScene: [33mtrue[39m, nodeCount: [33m0[39m, linkCount: [33m0[39m }
[Graph3D] Clearing existing objects...
[Graph3D] Calling createSimulation...
[Graph3D] Simulation created, setting up event handlers...
[Graph3D] No links or single node, clearing fog immediately
[Graph3D] Data changed: {
  nodesLen: [33m0[39m,
  linksLen: [33m0[39m,
  key: [33m1776869908216[39m,
  timestamp: [33m1776869908216[39m
}
[Graph3D] Creating simulation: [33m0[39m nodes
[Graph3D] createGraphSimulation called: { hasObjectManager: [33mtrue[39m, hasScene: [33mtrue[39m, nodeCount: [33m0[39m, linkCount: [33m0[39m }
[Graph3D] Clearing existing objects...
[Graph3D] Calling createSimulation...
[Graph3D] Simulation created, setting up event handlers...
[Graph3D] No links or single node, clearing fog immediately
[Graph3D] Data changed: {
  nodesLen: [33m0[39m,
  linksLen: [33m0[39m,
  key: [33m1776869908266[39m,
  timestamp: [33m1776869908266[39m
}
[Graph3D] Creating simulation: [33m0[39m nodes
[Graph3D] createGraphSimulation called: { hasObjectManager: [33mtrue[39m, hasScene: [33mtrue[39m, nodeCount: [33m0[39m, linkCount: [33m0[39m }
[Graph3D] Clearing existing objects...
[Graph3D] Calling createSimulation...
[Graph3D] Simulation created, setting up event handlers...
[Graph3D] No links or single node, clearing fog immediately
[Graph3D] Data changed: {
  nodesLen: [33m0[39m,
  linksLen: [33m0[39m,
  key: [33m1776869908323[39m,
  timestamp: [33m1776869908323[39m
}
[Graph3D] Creating simulation: [33m0[39m nodes
[Graph3D] createGraphSimulation called: { hasObjectManager: [33mtrue[39m, hasScene: [33mtrue[39m, nodeCount: [33m0[39m, linkCount: [33m0[39m }
[Graph3D] Clearing existing objects...
[Graph3D] Calling createSimulation...
[Graph3D] Simulation created, setting up event handlers...
[Graph3D] No links or single node, clearing fog immediately
[Graph3D] Data changed: {
  nodesLen: [33m0[39m,
  linksLen: [33m0[39m,
  key: [33m1776869908371[39m,
  timestamp: [33m1776869908371[39m
}
[Graph3D] Creating simulation: [33m0[39m nodes
[Graph3D] createGraphSimulation called: { hasObjectManager: [33mtrue[39m, hasScene: [33mtrue[39m, nodeCount: [33m0[39m, linkCount: [33m0[39m }
[Graph3D] Clearing existing objects...
[Graph3D] Calling createSimulation...
[Graph3D] Simulation created, setting up event handlers...
[Graph3D] No links or single node, clearing fog immediately
[Graph3D] Data changed: {
  nodesLen: [33m0[39m,
  linksLen: [33m0[39m,
  key: [33m1776869908421[39m,
  timestamp: [33m1776869908421[39m
}
[Graph3D] Creating simulation: [33m0[39m nodes
[Graph3D] createGraphSimulation called: { hasObjectManager: [33mtrue[39m, hasScene: [33mtrue[39m, nodeCount: [33m0[39m, linkCount: [33m0[39m }
[Graph3D] Clearing existing objects...
[Graph3D] Calling createSimulation...
[Graph3D] Simulation created, setting up event handlers...
[Graph3D] No links or single node, clearing fog immediately
[Graph3D] Data changed: {
  nodesLen: [33m0[39m,
  linksLen: [33m0[39m,
  key: [33m1776869908471[39m,
  timestamp: [33m1776869908471[39m
}
[Graph3D] Creating simulation: [33m0[39m nodes
[Graph3D] createGraphSimulation called: { hasObjectManager: [33mtrue[39m, hasScene: [33mtrue[39m, nodeCount: [33m0[39m, linkCount: [33m0[39m }
[Graph3D] Clearing existing objects...
[Graph3D] Calling createSimulation...
[Graph3D] Simulation created, setting up event handlers...
[Graph3D] No links or single node, clearing fog immediately
[Graph3D] Data changed: {
  nodesLen: [33m0[39m,
  linksLen: [33m0[39m,
  key: [33m1776869908521[39m,
  timestamp: [33m1776869908521[39m
}
[Graph3D] Creating simulation: [33m0[39m nodes
[Graph3D] createGraphSimulation called: { hasObjectManager: [33mtrue[39m, hasScene: [33mtrue[39m, nodeCount: [33m0[39m, linkCount: [33m0[39m }
[Graph3D] Clearing existing objects...
[Graph3D] Calling createSimulation...
[Graph3D] Simulation created, setting up event handlers...
[Graph3D] No links or single node, clearing fog immediately
[Graph3D] Data changed: {
  nodesLen: [33m0[39m,
  linksLen: [33m0[39m,
  key: [33m1776869908570[39m,
  timestamp: [33m1776869908570[39m
}
[Graph3D] Creating simulation: [33m0[39m nodes
[Graph3D] createGraphSimulation called: { hasObjectManager: [33mtrue[39m, hasScene: [33mtrue[39m, nodeCount: [33m0[39m, linkCount: [33m0[39m }
[Graph3D] Clearing existing objects...
[Graph3D] Calling createSimulation...
[Graph3D] Simulation created, setting up event handlers...
[Graph3D] No links or single node, clearing fog immediately
[Graph3D] Data changed: {
  nodesLen: [33m0[39m,
  linksLen: [33m0[39m,
  key: [33m1776869908620[39m,
  timestamp: [33m1776869908620[39m
}
[Graph3D] Creating simulation: [33m0[39m nodes
[Graph3D] createGraphSimulation called: { hasObjectManager: [33mtrue[39m, hasScene: [33mtrue[39m, nodeCount: [33m0[39m, linkCount: [33m0[39m }
[Graph3D] Clearing existing objects...
[Graph3D] Calling createSimulation...
[Graph3D] Simulation created, setting up event handlers...
[Graph3D] No links or single node, clearing fog immediately
[Graph3D] Data changed: {
  nodesLen: [33m0[39m,
  linksLen: [33m0[39m,
  key: [33m1776869908669[39m,
  timestamp: [33m1776869908669[39m
}
[Graph3D] Creating simulation: [33m0[39m nodes
[Graph3D] createGraphSimulation called: { hasObjectManager: [33mtrue[39m, hasScene: [33mtrue[39m, nodeCount: [33m0[39m, linkCount: [33m0[39m }
[Graph3D] Clearing existing objects...
[Graph3D] Calling createSimulation...
[Graph3D] Simulation created, setting up event handlers...
[Graph3D] No links or single node, clearing fog immediately
[Graph3D] Data changed: {
  nodesLen: [33m0[39m,
  linksLen: [33m0[39m,
  key: [33m1776869908719[39m,
  timestamp: [33m1776869908719[39m
}
[Graph3D] Creating simulation: [33m0[39m nodes
[Graph3D] createGraphSimulation called: { hasObjectManager: [33mtrue[39m, hasScene: [33mtrue[39m, nodeCount: [33m0[39m, linkCount: [33m0[39m }
[Graph3D] Clearing existing objects...
[Graph3D] Calling createSimulation...
[Graph3D] Simulation created, setting up event handlers...
[Graph3D] No links or single node, clearing fog immediately
[Graph3D] Data changed: {
  nodesLen: [33m0[39m,
  linksLen: [33m0[39m,
  key: [33m1776869908767[39m,
  timestamp: [33m1776869908767[39m
}
[Graph3D] Creating simulation: [33m0[39m nodes
[Graph3D] createGraphSimulation called: { hasObjectManager: [33mtrue[39m, hasScene: [33mtrue[39m, nodeCount: [33m0[39m, linkCount: [33m0[39m }
[Graph3D] Clearing existing objects...
[Graph3D] Calling createSimulation...
[Graph3D] Simulation created, setting up event handlers...
[Graph3D] No links or single node, clearing fog immediately
[Graph3D] Data changed: {
  nodesLen: [33m0[39m,
  linksLen: [33m0[39m,
  key: [33m1776869908818[39m,
  timestamp: [33m1776869908818[39m
}
[Graph3D] Creating simulation: [33m0[39m nodes
[Graph3D] createGraphSimulation called: { hasObjectManager: [33mtrue[39m, hasScene: [33mtrue[39m, nodeCount: [33m0[39m, linkCount: [33m0[39m }
[Graph3D] Clearing existing objects...
[Graph3D] Calling createSimulation...
[Graph3D] Simulation created, setting up event handlers...
[Graph3D] No links or single node, clearing fog immediately
[Graph3D] Data changed: {
  nodesLen: [33m0[39m,
  linksLen: [33m0[39m,
  key: [33m1776869908875[39m,
  timestamp: [33m1776869908875[39m
}
[Graph3D] Creating simulation: [33m0[39m nodes
[Graph3D] createGraphSimulation called: { hasObjectManager: [33mtrue[39m, hasScene: [33mtrue[39m, nodeCount: [33m0[39m, linkCount: [33m0[39m }
[Graph3D] Clearing existing objects...
[Graph3D] Calling createSimulation...
[Graph3D] Simulation created, setting up event handlers...
[Graph3D] No links or single node, clearing fog immediately
[Graph3D] Data changed: {
  nodesLen: [33m0[39m,
  linksLen: [33m0[39m,
  key: [33m1776869908924[39m,
  timestamp: [33m1776869908924[39m
}
[Graph3D] Creating simulation: [33m0[39m nodes
[Graph3D] createGraphSimulation called: { hasObjectManager: [33mtrue[39m, hasScene: [33mtrue[39m, nodeCount: [33m0[39m, linkCount: [33m0[39m }
[Graph3D] Clearing existing objects...
[Graph3D] Calling createSimulation...
[Graph3D] Simulation created, setting up event handlers...
[Graph3D] No links or single node, clearing fog immediately
[Graph3D] Data changed: {
  nodesLen: [33m0[39m,
  linksLen: [33m0[39m,
  key: [33m1776869908975[39m,
  timestamp: [33m1776869908975[39m
}
[Graph3D] Creating simulation: [33m0[39m nodes
[Graph3D] createGraphSimulation called: { hasObjectManager: [33mtrue[39m, hasScene: [33mtrue[39m, nodeCount: [33m0[39m, linkCount: [33m0[39m }
[Graph3D] Clearing existing objects...
[Graph3D] Calling createSimulation...
[Graph3D] Simulation created, setting up event handlers...
[Graph3D] No links or single node, clearing fog immediately
[Graph3D] Data changed: {
  nodesLen: [33m0[39m,
  linksLen: [33m0[39m,
  key: [33m1776869909024[39m,
  timestamp: [33m1776869909024[39m
}
[Graph3D] Creating simulation: [33m0[39m nodes
[Graph3D] createGraphSimulation called: { hasObjectManager: [33mtrue[39m, hasScene: [33mtrue[39m, nodeCount: [33m0[39m, linkCount: [33m0[39m }
[Graph3D] Clearing existing objects...
[Graph3D] Calling createSimulation...
[Graph3D] Simulation created, setting up event handlers...
[Graph3D] No links or single node, clearing fog immediately
[Graph3D] Data changed: {
  nodesLen: [33m0[39m,
  linksLen: [33m0[39m,
  key: [33m1776869909074[39m,
  timestamp: [33m1776869909074[39m
}
[Graph3D] Creating simulation: [33m0[39m nodes
[Graph3D] createGraphSimulation called: { hasObjectManager: [33mtrue[39m, hasScene: [33mtrue[39m, nodeCount: [33m0[39m, linkCount: [33m0[39m }
[Graph3D] Clearing existing objects...
[Graph3D] Calling createSimulation...
[Graph3D] Simulation created, setting up event handlers...
[Graph3D] No links or single node, clearing fog immediately
[Graph3D] Data changed: {
  nodesLen: [33m0[39m,
  linksLen: [33m0[39m,
  key: [33m1776869909123[39m,
  timestamp: [33m1776869909123[39m
}
[Graph3D] Creating simulation: [33m0[39m nodes
[Graph3D] createGraphSimulation called: { hasObjectManager: [33mtrue[39m, hasScene: [33mtrue[39m, nodeCount: [33m0[39m, linkCount: [33m0[39m }
[Graph3D] Clearing existing objects...
[Graph3D] Calling createSimulation...
[Graph3D] Simulation created, setting up event handlers...
[Graph3D] No links or single node, clearing fog immediately
[Graph3D] Data changed: {
  nodesLen: [33m0[39m,
  linksLen: [33m0[39m,
  key: [33m1776869909178[39m,
  timestamp: [33m1776869909178[39m
}
[Graph3D] Creating simulation: [33m0[39m nodes
[Graph3D] createGraphSimulation called: { hasObjectManager: [33mtrue[39m, hasScene: [33mtrue[39m, nodeCount: [33m0[39m, linkCount: [33m0[39m }
[Graph3D] Clearing existing objects...
[Graph3D] Calling createSimulation...
[Graph3D] Simulation created, setting up event handlers...
[Graph3D] No links or single node, clearing fog immediately
[Graph3D] Data changed: {
  nodesLen: [33m0[39m,
  linksLen: [33m0[39m,
  key: [33m1776869909228[39m,
  timestamp: [33m1776869909228[39m
}
[Graph3D] Creating simulation: [33m0[39m nodes
[Graph3D] createGraphSimulation called: { hasObjectManager: [33mtrue[39m, hasScene: [33mtrue[39m, nodeCount: [33m0[39m, linkCount: [33m0[39m }
[Graph3D] Clearing existing objects...
[Graph3D] Calling createSimulation...
[Graph3D] Simulation created, setting up event handlers...
[Graph3D] No links or single node, clearing fog immediately
[Graph3D] Data changed: {
  nodesLen: [33m0[39m,
  linksLen: [33m0[39m,
  key: [33m1776869909280[39m,
  timestamp: [33m1776869909280[39m
}
[Graph3D] Creating simulation: [33m0[39m nodes
[Graph3D] createGraphSimulation called: { hasObjectManager: [33mtrue[39m, hasScene: [33mtrue[39m, nodeCount: [33m0[39m, linkCount: [33m0[39m }
[Graph3D] Clearing existing objects...
[Graph3D] Calling createSimulation...
[Graph3D] Simulation created, setting up event handlers...
[Graph3D] No links or single node, clearing fog immediately
[Graph3D] Data changed: {
  nodesLen: [33m0[39m,
  linksLen: [33m0[39m,
  key: [33m1776869909339[39m,
  timestamp: [33m1776869909339[39m
}
[Graph3D] Creating simulation: [33m0[39m nodes
[Graph3D] createGraphSimulation called: { hasObjectManager: [33mtrue[39m, hasScene: [33mtrue[39m, nodeCount: [33m0[39m, linkCount: [33m0[39m }
[Graph3D] Clearing existing objects...
[Graph3D] Calling createSimulation...
[Graph3D] Simulation created, setting up event handlers...
[Graph3D] No links or single node, clearing fog immediately
[Graph3D] Data changed: {
  nodesLen: [33m0[39m,
  linksLen: [33m0[39m,
  key: [33m1776869909388[39m,
  timestamp: [33m1776869909388[39m
}
[Graph3D] Creating simulation: [33m0[39m nodes
[Graph3D] createGraphSimulation called: { hasObjectManager: [33mtrue[39m, hasScene: [33mtrue[39m, nodeCount: [33m0[39m, linkCount: [33m0[39m }
[Graph3D] Clearing existing objects...
[Graph3D] Calling createSimulation...
[Graph3D] Simulation created, setting up event handlers...
[Graph3D] No links or single node, clearing fog immediately
[Graph3D] Data changed: {
  nodesLen: [33m0[39m,
  linksLen: [33m0[39m,
  key: [33m1776869909441[39m,
  timestamp: [33m1776869909441[39m
}
[Graph3D] Creating simulation: [33m0[39m nodes
[Graph3D] createGraphSimulation called: { hasObjectManager: [33mtrue[39m, hasScene: [33mtrue[39m, nodeCount: [33m0[39m, linkCount: [33m0[39m }
[Graph3D] Clearing existing objects...
[Graph3D] Calling createSimulation...
[Graph3D] Simulation created, setting up event handlers...
[Graph3D] No links or single node, clearing fog immediately
[Graph3D] Data changed: {
  nodesLen: [33m0[39m,
  linksLen: [33m0[39m,
  key: [33m1776869909494[39m,
  timestamp: [33m1776869909494[39m
}
[Graph3D] Creating simulation: [33m0[39m nodes
[Graph3D] createGraphSimulation called: { hasObjectManager: [33mtrue[39m, hasScene: [33mtrue[39m, nodeCount: [33m0[39m, linkCount: [33m0[39m }
[Graph3D] Clearing existing objects...
[Graph3D] Calling createSimulation...
[Graph3D] Simulation created, setting up event handlers...
[Graph3D] No links or single node, clearing fog immediately
[Graph3D] Data changed: {
  nodesLen: [33m0[39m,
  linksLen: [33m0[39m,
  key: [33m1776869909545[39m,
  timestamp: [33m1776869909545[39m
}
[Graph3D] Creating simulation: [33m0[39m nodes
[Graph3D] createGraphSimulation called: { hasObjectManager: [33mtrue[39m, hasScene: [33mtrue[39m, nodeCount: [33m0[39m, linkCount: [33m0[39m }
[Graph3D] Clearing existing objects...
[Graph3D] Calling createSimulation...
[Graph3D] Simulation created, setting up event handlers...
[Graph3D] No links or single node, clearing fog immediately
[Graph3D] Data changed: {
  nodesLen: [33m0[39m,
  linksLen: [33m0[39m,
  key: [33m1776869909600[39m,
  timestamp: [33m1776869909600[39m
}
[Graph3D] Creating simulation: [33m0[39m nodes
[Graph3D] createGraphSimulation called: { hasObjectManager: [33mtrue[39m, hasScene: [33mtrue[39m, nodeCount: [33m0[39m, linkCount: [33m0[39m }
[Graph3D] Clearing existing objects...
[Graph3D] Calling createSimulation...
[Graph3D] Simulation created, setting up event handlers...
[Graph3D] No links or single node, clearing fog immediately
[Graph3D] Data changed: {
  nodesLen: [33m0[39m,
  linksLen: [33m0[39m,
  key: [33m1776869909651[39m,
  timestamp: [33m1776869909651[39m
}
[Graph3D] Creating simulation: [33m0[39m nodes
[Graph3D] createGraphSimulation called: { hasObjectManager: [33mtrue[39m, hasScene: [33mtrue[39m, nodeCount: [33m0[39m, linkCount: [33m0[39m }
[Graph3D] Clearing existing objects...
[Graph3D] Calling createSimulation...
[Graph3D] Simulation created, setting up event handlers...
[Graph3D] No links or single node, clearing fog immediately
[Graph3D] Data changed: {
  nodesLen: [33m0[39m,
  linksLen: [33m0[39m,
  key: [33m1776869909703[39m,
  timestamp: [33m1776869909703[39m
}
[Graph3D] Creating simulation: [33m0[39m nodes
[Graph3D] createGraphSimulation called: { hasObjectManager: [33mtrue[39m, hasScene: [33mtrue[39m, nodeCount: [33m0[39m, linkCount: [33m0[39m }
[Graph3D] Clearing existing objects...
[Graph3D] Calling createSimulation...
[Graph3D] Simulation created, setting up event handlers...
[Graph3D] No links or single node, clearing fog immediately
[Graph3D] Data changed: {
  nodesLen: [33m0[39m,
  linksLen: [33m0[39m,
  key: [33m1776869909752[39m,
  timestamp: [33m1776869909752[39m
}
[Graph3D] Creating simulation: [33m0[39m nodes
[Graph3D] createGraphSimulation called: { hasObjectManager: [33mtrue[39m, hasScene: [33mtrue[39m, nodeCount: [33m0[39m, linkCount: [33m0[39m }
[Graph3D] Clearing existing objects...
[Graph3D] Calling createSimulation...
[Graph3D] Simulation created, setting up event handlers...
[Graph3D] No links or single node, clearing fog immediately
[Graph3D] Data changed: {
  nodesLen: [33m0[39m,
  linksLen: [33m0[39m,
  key: [33m1776869909802[39m,
  timestamp: [33m1776869909802[39m
}
[Graph3D] Creating simulation: [33m0[39m nodes
[Graph3D] createGraphSimulation called: { hasObjectManager: [33mtrue[39m, hasScene: [33mtrue[39m, nodeCount: [33m0[39m, linkCount: [33m0[39m }
[Graph3D] Clearing existing objects...
[Graph3D] Calling createSimulation...
[Graph3D] Simulation created, setting up event handlers...
[Graph3D] No links or single node, clearing fog immediately
[Graph3D] Data changed: {
  nodesLen: [33m0[39m,
  linksLen: [33m0[39m,
  key: [33m1776869909854[39m,
  timestamp: [33m1776869909854[39m
}
[Graph3D] Creating simulation: [33m0[39m nodes
[Graph3D] createGraphSimulation called: { hasObjectManager: [33mtrue[39m, hasScene: [33mtrue[39m, nodeCount: [33m0[39m, linkCount: [33m0[39m }
[Graph3D] Clearing existing objects...
[Graph3D] Calling createSimulation...
[Graph3D] Simulation created, setting up event handlers...
[Graph3D] No links or single node, clearing fog immediately
[Graph3D] Data changed: {
  nodesLen: [33m0[39m,
  linksLen: [33m0[39m,
  key: [33m1776869909904[39m,
  timestamp: [33m1776869909904[39m
}
[Graph3D] Creating simulation: [33m0[39m nodes
[Graph3D] createGraphSimulation called: { hasObjectManager: [33mtrue[39m, hasScene: [33mtrue[39m, nodeCount: [33m0[39m, linkCount: [33m0[39m }
[Graph3D] Clearing existing objects...
[Graph3D] Calling createSimulation...
[Graph3D] Simulation created, setting up event handlers...
[Graph3D] No links or single node, clearing fog immediately
[Graph3D] Data changed: {
  nodesLen: [33m0[39m,
  linksLen: [33m0[39m,
  key: [33m1776869909960[39m,
  timestamp: [33m1776869909960[39m
}
[Graph3D] Creating simulation: [33m0[39m nodes
[Graph3D] createGraphSimulation called: { hasObjectManager: [33mtrue[39m, hasScene: [33mtrue[39m, nodeCount: [33m0[39m, linkCount: [33m0[39m }
[Graph3D] Clearing existing objects...
[Graph3D] Calling createSimulation...
[Graph3D] Simulation created, setting up event handlers...
[Graph3D] No links or single node, clearing fog immediately
[Graph3D] Data changed: {
  nodesLen: [33m0[39m,
  linksLen: [33m0[39m,
  key: [33m1776869910010[39m,
  timestamp: [33m1776869910010[39m
}
[Graph3D] Creating simulation: [33m0[39m nodes
[Graph3D] createGraphSimulation called: { hasObjectManager: [33mtrue[39m, hasScene: [33mtrue[39m, nodeCount: [33m0[39m, linkCount: [33m0[39m }
[Graph3D] Clearing existing objects...
[Graph3D] Calling createSimulation...
[Graph3D] Simulation created, setting up event handlers...
[Graph3D] No links or single node, clearing fog immediately
[Graph3D] Data changed: {
  nodesLen: [33m0[39m,
  linksLen: [33m0[39m,
  key: [33m1776869910058[39m,
  timestamp: [33m1776869910058[39m
}
[Graph3D] Creating simulation: [33m0[39m nodes
[Graph3D] createGraphSimulation called: { hasObjectManager: [33mtrue[39m, hasScene: [33mtrue[39m, nodeCount: [33m0[39m, linkCount: [33m0[39m }
[Graph3D] Clearing existing objects...
[Graph3D] Calling createSimulation...
[Graph3D] Simulation created, setting up event handlers...
[Graph3D] No links or single node, clearing fog immediately
[Graph3D] Data changed: {
  nodesLen: [33m0[39m,
  linksLen: [33m0[39m,
  key: [33m1776869910114[39m,
  timestamp: [33m1776869910114[39m
}
[Graph3D] Creating simulation: [33m0[39m nodes
[Graph3D] createGraphSimulation called: { hasObjectManager: [33mtrue[39m, hasScene: [33mtrue[39m, nodeCount: [33m0[39m, linkCount: [33m0[39m }
[Graph3D] Clearing existing objects...
[Graph3D] Calling createSimulation...
[Graph3D] Simulation created, setting up event handlers...
[Graph3D] No links or single node, clearing fog immediately
[Graph3D] Data changed: {
  nodesLen: [33m0[39m,
  linksLen: [33m0[39m,
  key: [33m1776869910165[39m,
  timestamp: [33m1776869910165[39m
}
[Graph3D] Creating simulation: [33m0[39m nodes
[Graph3D] createGraphSimulation called: { hasObjectManager: [33mtrue[39m, hasScene: [33mtrue[39m, nodeCount: [33m0[39m, linkCount: [33m0[39m }
[Graph3D] Clearing existing objects...
[Graph3D] Calling createSimulation...
[Graph3D] Simulation created, setting up event handlers...
[Graph3D] No links or single node, clearing fog immediately
[Graph3D] Data changed: {
  nodesLen: [33m0[39m,
  linksLen: [33m0[39m,
  key: [33m1776869910224[39m,
  timestamp: [33m1776869910224[39m
}
[Graph3D] Creating simulation: [33m0[39m nodes
[Graph3D] createGraphSimulation called: { hasObjectManager: [33mtrue[39m, hasScene: [33mtrue[39m, nodeCount: [33m0[39m, linkCount: [33m0[39m }
[Graph3D] Clearing existing objects...
[Graph3D] Calling createSimulation...
[Graph3D] Simulation created, setting up event handlers...
[Graph3D] No links or single node, clearing fog immediately
[Graph3D] Data changed: {
  nodesLen: [33m0[39m,
  linksLen: [33m0[39m,
  key: [33m1776869910282[39m,
  timestamp: [33m1776869910282[39m
}
[Graph3D] Creating simulation: [33m0[39m nodes
[Graph3D] createGraphSimulation called: { hasObjectManager: [33mtrue[39m, hasScene: [33mtrue[39m, nodeCount: [33m0[39m, linkCount: [33m0[39m }
[Graph3D] Clearing existing objects...
[Graph3D] Calling createSimulation...
[Graph3D] Simulation created, setting up event handlers...
[Graph3D] No links or single node, clearing fog immediately
[Graph3D] Data changed: {
  nodesLen: [33m0[39m,
  linksLen: [33m0[39m,
  key: [33m1776869910339[39m,
  timestamp: [33m1776869910339[39m
}
[Graph3D] Creating simulation: [33m0[39m nodes
[Graph3D] createGraphSimulation called: { hasObjectManager: [33mtrue[39m, hasScene: [33mtrue[39m, nodeCount: [33m0[39m, linkCount: [33m0[39m }
[Graph3D] Clearing existing objects...
[Graph3D] Calling createSimulation...
[Graph3D] Simulation created, setting up event handlers...
[Graph3D] No links or single node, clearing fog immediately
[Graph3D] Data changed: {
  nodesLen: [33m0[39m,
  linksLen: [33m0[39m,
  key: [33m1776869910398[39m,
  timestamp: [33m1776869910398[39m
}
[Graph3D] Creating simulation: [33m0[39m nodes
[Graph3D] createGraphSimulation called: { hasObjectManager: [33mtrue[39m, hasScene: [33mtrue[39m, nodeCount: [33m0[39m, linkCount: [33m0[39m }
[Graph3D] Clearing existing objects...
[Graph3D] Calling createSimulation...
[Graph3D] Simulation created, setting up event handlers...
[Graph3D] No links or single node, clearing fog immediately
[Graph3D] Data changed: {
  nodesLen: [33m0[39m,
  linksLen: [33m0[39m,
  key: [33m1776869910451[39m,
  timestamp: [33m1776869910451[39m
}
[Graph3D] Creating simulation: [33m0[39m nodes
[Graph3D] createGraphSimulation called: { hasObjectManager: [33mtrue[39m, hasScene: [33mtrue[39m, nodeCount: [33m0[39m, linkCount: [33m0[39m }
[Graph3D] Clearing existing objects...
[Graph3D] Calling createSimulation...
[Graph3D] Simulation created, setting up event handlers...
[Graph3D] No links or single node, clearing fog immediately
[Graph3D] Data changed: {
  nodesLen: [33m0[39m,
  linksLen: [33m0[39m,
  key: [33m1776869910506[39m,
  timestamp: [33m1776869910506[39m
}
[Graph3D] Creating simulation: [33m0[39m nodes
[Graph3D] createGraphSimulation called: { hasObjectManager: [33mtrue[39m, hasScene: [33mtrue[39m, nodeCount: [33m0[39m, linkCount: [33m0[39m }
[Graph3D] Clearing existing objects...
[Graph3D] Calling createSimulation...
[Graph3D] Simulation created, setting up event handlers...
[Graph3D] No links or single node, clearing fog immediately
[Graph3D] Data changed: {
  nodesLen: [33m0[39m,
  linksLen: [33m0[39m,
  key: [33m1776869910560[39m,
  timestamp: [33m1776869910560[39m
}
[Graph3D] Creating simulation: [33m0[39m nodes
[Graph3D] createGraphSimulation called: { hasObjectManager: [33mtrue[39m, hasScene: [33mtrue[39m, nodeCount: [33m0[39m, linkCount: [33m0[39m }
[Graph3D] Clearing existing objects...
[Graph3D] Calling createSimulation...
[Graph3D] Simulation created, setting up event handlers...
[Graph3D] No links or single node, clearing fog immediately
[Graph3D] Data changed: {
  nodesLen: [33m0[39m,
  linksLen: [33m0[39m,
  key: [33m1776869910612[39m,
  timestamp: [33m1776869910612[39m
}
[Graph3D] Creating simulation: [33m0[39m nodes
[Graph3D] createGraphSimulation called: { hasObjectManager: [33mtrue[39m, hasScene: [33mtrue[39m, nodeCount: [33m0[39m, linkCount: [33m0[39m }
[Graph3D] Clearing existing objects...
[Graph3D] Calling createSimulation...
[Graph3D] Simulation created, setting up event handlers...
[Graph3D] No links or single node, clearing fog immediately
[Graph3D] Data changed: {
  nodesLen: [33m0[39m,
  linksLen: [33m0[39m,
  key: [33m1776869910667[39m,
  timestamp: [33m1776869910667[39m
}
[Graph3D] Creating simulation: [33m0[39m nodes
[Graph3D] createGraphSimulation called: { hasObjectManager: [33mtrue[39m, hasScene: [33mtrue[39m, nodeCount: [33m0[39m, linkCount: [33m0[39m }
[Graph3D] Clearing existing objects...
[Graph3D] Calling createSimulation...
[Graph3D] Simulation created, setting up event handlers...
[Graph3D] No links or single node, clearing fog immediately
[Graph3D] Data changed: {
  nodesLen: [33m0[39m,
  linksLen: [33m0[39m,
  key: [33m1776869910727[39m,
  timestamp: [33m1776869910727[39m
}
[Graph3D] Creating simulation: [33m0[39m nodes
[Graph3D] createGraphSimulation called: { hasObjectManager: [33mtrue[39m, hasScene: [33mtrue[39m, nodeCount: [33m0[39m, linkCount: [33m0[39m }
[Graph3D] Clearing existing objects...
[Graph3D] Calling createSimulation...
[Graph3D] Simulation created, setting up event handlers...
[Graph3D] No links or single node, clearing fog immediately
[Graph3D] Data changed: {
  nodesLen: [33m0[39m,
  linksLen: [33m0[39m,
  key: [33m1776869910793[39m,
  timestamp: [33m1776869910793[39m
}
[Graph3D] Creating simulation: [33m0[39m nodes
[Graph3D] createGraphSimulation called: { hasObjectManager: [33mtrue[39m, hasScene: [33mtrue[39m, nodeCount: [33m0[39m, linkCount: [33m0[39m }
[Graph3D] Clearing existing objects...
[Graph3D] Calling createSimulation...
[Graph3D] Simulation created, setting up event handlers...
[Graph3D] No links or single node, clearing fog immediately
[Graph3D] Data changed: {
  nodesLen: [33m0[39m,
  linksLen: [33m0[39m,
  key: [33m1776869910845[39m,
  timestamp: [33m1776869910845[39m
}
[Graph3D] Creating simulation: [33m0[39m nodes
[Graph3D] createGraphSimulation called: { hasObjectManager: [33mtrue[39m, hasScene: [33mtrue[39m, nodeCount: [33m0[39m, linkCount: [33m0[39m }
[Graph3D] Clearing existing objects...
[Graph3D] Calling createSimulation...
[Graph3D] Simulation created, setting up event handlers...
[Graph3D] No links or single node, clearing fog immediately
[Graph3D] Data changed: {
  nodesLen: [33m0[39m,
  linksLen: [33m0[39m,
  key: [33m1776869910899[39m,
  timestamp: [33m1776869910899[39m
}
[Graph3D] Creating simulation: [33m0[39m nodes
[Graph3D] createGraphSimulation called: { hasObjectManager: [33mtrue[39m, hasScene: [33mtrue[39m, nodeCount: [33m0[39m, linkCount: [33m0[39m }
[Graph3D] Clearing existing objects...
[Graph3D] Calling createSimulation...
[Graph3D] Simulation created, setting up event handlers...
[Graph3D] No links or single node, clearing fog immediately
[Graph3D] Data changed: {
  nodesLen: [33m0[39m,
  linksLen: [33m0[39m,
  key: [33m1776869910959[39m,
  timestamp: [33m1776869910959[39m
}
[Graph3D] Creating simulation: [33m0[39m nodes
[Graph3D] createGraphSimulation called: { hasObjectManager: [33mtrue[39m, hasScene: [33mtrue[39m, nodeCount: [33m0[39m, linkCount: [33m0[39m }
[Graph3D] Clearing existing objects...
[Graph3D] Calling createSimulation...
[Graph3D] Simulation created, setting up event handlers...
[Graph3D] No links or single node, clearing fog immediately
[Graph3D] Data changed: {
  nodesLen: [33m0[39m,
  linksLen: [33m0[39m,
  key: [33m1776869911013[39m,
  timestamp: [33m1776869911013[39m
}
[Graph3D] Creating simulation: [33m0[39m nodes
[Graph3D] createGraphSimulation called: { hasObjectManager: [33mtrue[39m, hasScene: [33mtrue[39m, nodeCount: [33m0[39m, linkCount: [33m0[39m }
[Graph3D] Clearing existing objects...
[Graph3D] Calling createSimulation...
[Graph3D] Simulation created, setting up event handlers...
[Graph3D] No links or single node, clearing fog immediately
[Graph3D] Data changed: {
  nodesLen: [33m0[39m,
  linksLen: [33m0[39m,
  key: [33m1776869911065[39m,
  timestamp: [33m1776869911065[39m
}
[Graph3D] Creating simulation: [33m0[39m nodes
[Graph3D] createGraphSimulation called: { hasObjectManager: [33mtrue[39m, hasScene: [33mtrue[39m, nodeCount: [33m0[39m, linkCount: [33m0[39m }
[Graph3D] Clearing existing objects...
[Graph3D] Calling createSimulation...
[Graph3D] Simulation created, setting up event handlers...
[Graph3D] No links or single node, clearing fog immediately
[Graph3D] Data changed: {
  nodesLen: [33m0[39m,
  linksLen: [33m0[39m,
  key: [33m1776869911120[39m,
  timestamp: [33m1776869911120[39m
}
[Graph3D] Creating simulation: [33m0[39m nodes
[Graph3D] createGraphSimulation called: { hasObjectManager: [33mtrue[39m, hasScene: [33mtrue[39m, nodeCount: [33m0[39m, linkCount: [33m0[39m }
[Graph3D] Clearing existing objects...
[Graph3D] Calling createSimulation...
[Graph3D] Simulation created, setting up event handlers...
[Graph3D] No links or single node, clearing fog immediately
[Graph3D] Data changed: {
  nodesLen: [33m0[39m,
  linksLen: [33m0[39m,
  key: [33m1776869911172[39m,
  timestamp: [33m1776869911172[39m
}
[Graph3D] Creating simulation: [33m0[39m nodes
[Graph3D] createGraphSimulation called: { hasObjectManager: [33mtrue[39m, hasScene: [33mtrue[39m, nodeCount: [33m0[39m, linkCount: [33m0[39m }
[Graph3D] Clearing existing objects...
[Graph3D] Calling createSimulation...
[Graph3D] Simulation created, setting up event handlers...
[Graph3D] No links or single node, clearing fog immediately
[Graph3D] Data changed: {
  nodesLen: [33m0[39m,
  linksLen: [33m0[39m,
  key: [33m1776869911227[39m,
  timestamp: [33m1776869911227[39m
}
[Graph3D] Creating simulation: [33m0[39m nodes
[Graph3D] createGraphSimulation called: { hasObjectManager: [33mtrue[39m, hasScene: [33mtrue[39m, nodeCount: [33m0[39m, linkCount: [33m0[39m }
[Graph3D] Clearing existing objects...
[Graph3D] Calling createSimulation...
[Graph3D] Simulation created, setting up event handlers...
[Graph3D] No links or single node, clearing fog immediately
[Graph3D] Data changed: {
  nodesLen: [33m0[39m,
  linksLen: [33m0[39m,
  key: [33m1776869911283[39m,
  timestamp: [33m1776869911283[39m
}
[Graph3D] Creating simulation: [33m0[39m nodes
[Graph3D] createGraphSimulation called: { hasObjectManager: [33mtrue[39m, hasScene: [33mtrue[39m, nodeCount: [33m0[39m, linkCount: [33m0[39m }
[Graph3D] Clearing existing objects...
[Graph3D] Calling createSimulation...
[Graph3D] Simulation created, setting up event handlers...
[Graph3D] No links or single node, clearing fog immediately
[Graph3D] Data changed: {
  nodesLen: [33m0[39m,
  linksLen: [33m0[39m,
  key: [33m1776869911339[39m,
  timestamp: [33m1776869911339[39m
}
[Graph3D] Creating simulation: [33m0[39m nodes
[Graph3D] createGraphSimulation called: { hasObjectManager: [33mtrue[39m, hasScene: [33mtrue[39m, nodeCount: [33m0[39m, linkCount: [33m0[39m }
[Graph3D] Clearing existing objects...
[Graph3D] Calling createSimulation...
[Graph3D] Simulation created, setting up event handlers...
[Graph3D] No links or single node, clearing fog immediately
[Graph3D] Data changed: {
  nodesLen: [33m0[39m,
  linksLen: [33m0[39m,
  key: [33m1776869911395[39m,
  timestamp: [33m1776869911395[39m
}
[Graph3D] Creating simulation: [33m0[39m nodes
[Graph3D] createGraphSimulation called: { hasObjectManager: [33mtrue[39m, hasScene: [33mtrue[39m, nodeCount: [33m0[39m, linkCount: [33m0[39m }
[Graph3D] Clearing existing objects...
[Graph3D] Calling createSimulation...
[Graph3D] Simulation created, setting up event handlers...
[Graph3D] No links or single node, clearing fog immediately
[Graph3D] Data changed: {
  nodesLen: [33m0[39m,
  linksLen: [33m0[39m,
  key: [33m1776869911450[39m,
  timestamp: [33m1776869911450[39m
}
[Graph3D] Creating simulation: [33m0[39m nodes
[Graph3D] createGraphSimulation called: { hasObjectManager: [33mtrue[39m, hasScene: [33mtrue[39m, nodeCount: [33m0[39m, linkCount: [33m0[39m }
[Graph3D] Clearing existing objects...
[Graph3D] Calling createSimulation...
[Graph3D] Simulation created, setting up event handlers...
[Graph3D] No links or single node, clearing fog immediately
[Graph3D] Data changed: {
  nodesLen: [33m0[39m,
  linksLen: [33m0[39m,
  key: [33m1776869911505[39m,
  timestamp: [33m1776869911505[39m
}
[Graph3D] Creating simulation: [33m0[39m nodes
[Graph3D] createGraphSimulation called: { hasObjectManager: [33mtrue[39m, hasScene: [33mtrue[39m, nodeCount: [33m0[39m, linkCount: [33m0[39m }
[Graph3D] Clearing existing objects...
[Graph3D] Calling createSimulation...
[Graph3D] Simulation created, setting up event handlers...
[Graph3D] No links or single node, clearing fog immediately
[Graph3D] Data changed: {
  nodesLen: [33m0[39m,
  linksLen: [33m0[39m,
  key: [33m1776869911562[39m,
  timestamp: [33m1776869911562[39m
}
[Graph3D] Creating simulation: [33m0[39m nodes
[Graph3D] createGraphSimulation called: { hasObjectManager: [33mtrue[39m, hasScene: [33mtrue[39m, nodeCount: [33m0[39m, linkCount: [33m0[39m }
[Graph3D] Clearing existing objects...
[Graph3D] Calling createSimulation...
[Graph3D] Simulation created, setting up event handlers...
[Graph3D] No links or single node, clearing fog immediately
[Graph3D] Data changed: {
  nodesLen: [33m0[39m,
  linksLen: [33m0[39m,
  key: [33m1776869911617[39m,
  timestamp: [33m1776869911617[39m
}
[Graph3D] Creating simulation: [33m0[39m nodes
[Graph3D] createGraphSimulation called: { hasObjectManager: [33mtrue[39m, hasScene: [33mtrue[39m, nodeCount: [33m0[39m, linkCount: [33m0[39m }
[Graph3D] Clearing existing objects...
[Graph3D] Calling createSimulation...
[Graph3D] Simulation created, setting up event handlers...
[Graph3D] No links or single node, clearing fog immediately
[Graph3D] Data changed: {
  nodesLen: [33m0[39m,
  linksLen: [33m0[39m,
  key: [33m1776869911671[39m,
  timestamp: [33m1776869911671[39m
}
[Graph3D] Creating simulation: [33m0[39m nodes
[Graph3D] createGraphSimulation called: { hasObjectManager: [33mtrue[39m, hasScene: [33mtrue[39m, nodeCount: [33m0[39m, linkCount: [33m0[39m }
[Graph3D] Clearing existing objects...
[Graph3D] Calling createSimulation...
[Graph3D] Simulation created, setting up event handlers...
[Graph3D] No links or single node, clearing fog immediately
[Graph3D] Data changed: {
  nodesLen: [33m0[39m,
  linksLen: [33m0[39m,
  key: [33m1776869911725[39m,
  timestamp: [33m1776869911725[39m
}
[Graph3D] Creating simulation: [33m0[39m nodes
[Graph3D] createGraphSimulation called: { hasObjectManager: [33mtrue[39m, hasScene: [33mtrue[39m, nodeCount: [33m0[39m, linkCount: [33m0[39m }
[Graph3D] Clearing existing objects...
[Graph3D] Calling createSimulation...
[Graph3D] Simulation created, setting up event handlers...
[Graph3D] No links or single node, clearing fog immediately
[Graph3D] Data changed: {
  nodesLen: [33m0[39m,
  linksLen: [33m0[39m,
  key: [33m1776869911780[39m,
  timestamp: [33m1776869911780[39m
}
[Graph3D] Creating simulation: [33m0[39m nodes
[Graph3D] createGraphSimulation called: { hasObjectManager: [33mtrue[39m, hasScene: [33mtrue[39m, nodeCount: [33m0[39m, linkCount: [33m0[39m }
[Graph3D] Clearing existing objects...
[Graph3D] Calling createSimulation...
[Graph3D] Simulation created, setting up event handlers...
[Graph3D] No links or single node, clearing fog immediately
[Graph3D] Data changed: {
  nodesLen: [33m0[39m,
  linksLen: [33m0[39m,
  key: [33m1776869911835[39m,
  timestamp: [33m1776869911835[39m
}
[Graph3D] Creating simulation: [33m0[39m nodes
[Graph3D] createGraphSimulation called: { hasObjectManager: [33mtrue[39m, hasScene: [33mtrue[39m, nodeCount: [33m0[39m, linkCount: [33m0[39m }
[Graph3D] Clearing existing objects...
[Graph3D] Calling createSimulation...
[Graph3D] Simulation created, setting up event handlers...
[Graph3D] No links or single node, clearing fog immediately
[Graph3D] Data changed: {
  nodesLen: [33m0[39m,
  linksLen: [33m0[39m,
  key: [33m1776869911889[39m,
  timestamp: [33m1776869911889[39m
}
[Graph3D] Creating simulation: [33m0[39m nodes
[Graph3D] createGraphSimulation called: { hasObjectManager: [33mtrue[39m, hasScene: [33mtrue[39m, nodeCount: [33m0[39m, linkCount: [33m0[39m }
[Graph3D] Clearing existing objects...
[Graph3D] Calling createSimulation...
[Graph3D] Simulation created, setting up event handlers...
[Graph3D] No links or single node, clearing fog immediately
[Graph3D] Data changed: {
  nodesLen: [33m0[39m,
  linksLen: [33m0[39m,
  key: [33m1776869911944[39m,
  timestamp: [33m1776869911944[39m
}
[Graph3D] Creating simulation: [33m0[39m nodes
[Graph3D] createGraphSimulation called: { hasObjectManager: [33mtrue[39m, hasScene: [33mtrue[39m, nodeCount: [33m0[39m, linkCount: [33m0[39m }
[Graph3D] Clearing existing objects...
[Graph3D] Calling createSimulation...
[Graph3D] Simulation created, setting up event handlers...
[Graph3D] No links or single node, clearing fog immediately
[Graph3D] Data changed: {
  nodesLen: [33m0[39m,
  linksLen: [33m0[39m,
  key: [33m1776869912001[39m,
  timestamp: [33m1776869912001[39m
}
[Graph3D] Creating simulation: [33m0[39m nodes
[Graph3D] createGraphSimulation called: { hasObjectManager: [33mtrue[39m, hasScene: [33mtrue[39m, nodeCount: [33m0[39m, linkCount: [33m0[39m }
[Graph3D] Clearing existing objects...
[Graph3D] Calling createSimulation...
[Graph3D] Simulation created, setting up event handlers...
[Graph3D] No links or single node, clearing fog immediately
[Graph3D] Data changed: {
  nodesLen: [33m0[39m,
  linksLen: [33m0[39m,
  key: [33m1776869912054[39m,
  timestamp: [33m1776869912054[39m
}
[Graph3D] Creating simulation: [33m0[39m nodes
[Graph3D] createGraphSimulation called: { hasObjectManager: [33mtrue[39m, hasScene: [33mtrue[39m, nodeCount: [33m0[39m, linkCount: [33m0[39m }
[Graph3D] Clearing existing objects...
[Graph3D] Calling createSimulation...
[Graph3D] Simulation created, setting up event handlers...
[Graph3D] No links or single node, clearing fog immediately
[Graph3D] Data changed: {
  nodesLen: [33m0[39m,
  linksLen: [33m0[39m,
  key: [33m1776869912110[39m,
  timestamp: [33m1776869912110[39m
}
[Graph3D] Creating simulation: [33m0[39m nodes
[Graph3D] createGraphSimulation called: { hasObjectManager: [33mtrue[39m, hasScene: [33mtrue[39m, nodeCount: [33m0[39m, linkCount: [33m0[39m }
[Graph3D] Clearing existing objects...
[Graph3D] Calling createSimulation...
[Graph3D] Simulation created, setting up event handlers...
[Graph3D] No links or single node, clearing fog immediately
[Graph3D] Data changed: {
  nodesLen: [33m0[39m,
  linksLen: [33m0[39m,
  key: [33m1776869912163[39m,
  timestamp: [33m1776869912163[39m
}
[Graph3D] Creating simulation: [33m0[39m nodes
[Graph3D] createGraphSimulation called: { hasObjectManager: [33mtrue[39m, hasScene: [33mtrue[39m, nodeCount: [33m0[39m, linkCount: [33m0[39m }
[Graph3D] Clearing existing objects...
[Graph3D] Calling createSimulation...
[Graph3D] Simulation created, setting up event handlers...
[Graph3D] No links or single node, clearing fog immediately
[Graph3D] Data changed: {
  nodesLen: [33m0[39m,
  linksLen: [33m0[39m,
  key: [33m1776869912220[39m,
  timestamp: [33m1776869912220[39m
}
[Graph3D] Creating simulation: [33m0[39m nodes
[Graph3D] createGraphSimulation called: { hasObjectManager: [33mtrue[39m, hasScene: [33mtrue[39m, nodeCount: [33m0[39m, linkCount: [33m0[39m }
[Graph3D] Clearing existing objects...
[Graph3D] Calling createSimulation...
[Graph3D] Simulation created, setting up event handlers...
[Graph3D] No links or single node, clearing fog immediately
[Graph3D] Data changed: {
  nodesLen: [33m0[39m,
  linksLen: [33m0[39m,
  key: [33m1776869912278[39m,
  timestamp: [33m1776869912278[39m
}
[Graph3D] Creating simulation: [33m0[39m nodes
[Graph3D] createGraphSimulation called: { hasObjectManager: [33mtrue[39m, hasScene: [33mtrue[39m, nodeCount: [33m0[39m, linkCount: [33m0[39m }
[Graph3D] Clearing existing objects...
[Graph3D] Calling createSimulation...
[Graph3D] Simulation created, setting up event handlers...
[Graph3D] No links or single node, clearing fog immediately
[Graph3D] Data changed: {
  nodesLen: [33m0[39m,
  linksLen: [33m0[39m,
  key: [33m1776869912334[39m,
  timestamp: [33m1776869912334[39m
}
[Graph3D] Creating simulation: [33m0[39m nodes
[Graph3D] createGraphSimulation called: { hasObjectManager: [33mtrue[39m, hasScene: [33mtrue[39m, nodeCount: [33m0[39m, linkCount: [33m0[39m }
[Graph3D] Clearing existing objects...
[Graph3D] Calling createSimulation...
[Graph3D] Simulation created, setting up event handlers...
[Graph3D] No links or single node, clearing fog immediately
[Graph3D] Data changed: {
  nodesLen: [33m0[39m,
  linksLen: [33m0[39m,
  key: [33m1776869912395[39m,
  timestamp: [33m1776869912395[39m
}
[Graph3D] Creating simulation: [33m0[39m nodes
[Graph3D] createGraphSimulation called: { hasObjectManager: [33mtrue[39m, hasScene: [33mtrue[39m, nodeCount: [33m0[39m, linkCount: [33m0[39m }
[Graph3D] Clearing existing objects...
[Graph3D] Calling createSimulation...
[Graph3D] Simulation created, setting up event handlers...
[Graph3D] No links or single node, clearing fog immediately
[Graph3D] Data changed: {
  nodesLen: [33m0[39m,
  linksLen: [33m0[39m,
  key: [33m1776869912451[39m,
  timestamp: [33m1776869912451[39m
}
[Graph3D] Creating simulation: [33m0[39m nodes
[Graph3D] createGraphSimulation called: { hasObjectManager: [33mtrue[39m, hasScene: [33mtrue[39m, nodeCount: [33m0[39m, linkCount: [33m0[39m }
[Graph3D] Clearing existing objects...
[Graph3D] Calling createSimulation...
[Graph3D] Simulation created, setting up event handlers...
[Graph3D] No links or single node, clearing fog immediately
[Graph3D] Data changed: {
  nodesLen: [33m0[39m,
  linksLen: [33m0[39m,
  key: [33m1776869912508[39m,
  timestamp: [33m1776869912508[39m
}
[Graph3D] Creating simulation: [33m0[39m nodes
[Graph3D] createGraphSimulation called: { hasObjectManager: [33mtrue[39m, hasScene: [33mtrue[39m, nodeCount: [33m0[39m, linkCount: [33m0[39m }
[Graph3D] Clearing existing objects...
[Graph3D] Calling createSimulation...
[Graph3D] Simulation created, setting up event handlers...
[Graph3D] No links or single node, clearing fog immediately
[Graph3D] Data changed: {
  nodesLen: [33m0[39m,
  linksLen: [33m0[39m,
  key: [33m1776869912564[39m,
  timestamp: [33m1776869912564[39m
}
[Graph3D] Creating simulation: [33m0[39m nodes
[Graph3D] createGraphSimulation called: { hasObjectManager: [33mtrue[39m, hasScene: [33mtrue[39m, nodeCount: [33m0[39m, linkCount: [33m0[39m }
[Graph3D] Clearing existing objects...
[Graph3D] Calling createSimulation...
[Graph3D] Simulation created, setting up event handlers...
[Graph3D] No links or single node, clearing fog immediately
[Graph3D] Data changed: {
  nodesLen: [33m0[39m,
  linksLen: [33m0[39m,
  key: [33m1776869912618[39m,
  timestamp: [33m1776869912618[39m
}
[Graph3D] Creating simulation: [33m0[39m nodes
[Graph3D] createGraphSimulation called: { hasObjectManager: [33mtrue[39m, hasScene: [33mtrue[39m, nodeCount: [33m0[39m, linkCount: [33m0[39m }
[Graph3D] Clearing existing objects...
[Graph3D] Calling createSimulation...
[Graph3D] Simulation created, setting up event handlers...
[Graph3D] No links or single node, clearing fog immediately
[Graph3D] Data changed: {
  nodesLen: [33m0[39m,
  linksLen: [33m0[39m,
  key: [33m1776869912677[39m,
  timestamp: [33m1776869912677[39m
}
[Graph3D] Creating simulation: [33m0[39m nodes
[Graph3D] createGraphSimulation called: { hasObjectManager: [33mtrue[39m, hasScene: [33mtrue[39m, nodeCount: [33m0[39m, linkCount: [33m0[39m }
[Graph3D] Clearing existing objects...
[Graph3D] Calling createSimulation...
[Graph3D] Simulation created, setting up event handlers...
[Graph3D] No links or single node, clearing fog immediately
[Graph3D] Data changed: {
  nodesLen: [33m0[39m,
  linksLen: [33m0[39m,
  key: [33m1776869912734[39m,
  timestamp: [33m1776869912734[39m
}
[Graph3D] Creating simulation: [33m0[39m nodes
[Graph3D] createGraphSimulation called: { hasObjectManager: [33mtrue[39m, hasScene: [33mtrue[39m, nodeCount: [33m0[39m, linkCount: [33m0[39m }
[Graph3D] Clearing existing objects...
[Graph3D] Calling createSimulation...
[Graph3D] Simulation created, setting up event handlers...
[Graph3D] No links or single node, clearing fog immediately
[Graph3D] Data changed: {
  nodesLen: [33m0[39m,
  linksLen: [33m0[39m,
  key: [33m1776869912788[39m,
  timestamp: [33m1776869912788[39m
}
[Graph3D] Creating simulation: [33m0[39m nodes
[Graph3D] createGraphSimulation called: { hasObjectManager: [33mtrue[39m, hasScene: [33mtrue[39m, nodeCount: [33m0[39m, linkCount: [33m0[39m }
[Graph3D] Clearing existing objects...
[Graph3D] Calling createSimulation...
[Graph3D] Simulation created, setting up event handlers...
[Graph3D] No links or single node, clearing fog immediately
[Graph3D] Data changed: {
  nodesLen: [33m0[39m,
  linksLen: [33m0[39m,
  key: [33m1776869912847[39m,
  timestamp: [33m1776869912847[39m
}
[Graph3D] Creating simulation: [33m0[39m nodes
[Graph3D] createGraphSimulation called: { hasObjectManager: [33mtrue[39m, hasScene: [33mtrue[39m, nodeCount: [33m0[39m, linkCount: [33m0[39m }
[Graph3D] Clearing existing objects...
[Graph3D] Calling createSimulation...
[Graph3D] Simulation created, setting up event handlers...
[Graph3D] No links or single node, clearing fog immediately
[Graph3D] Data changed: {
  nodesLen: [33m0[39m,
  linksLen: [33m0[39m,
  key: [33m1776869912904[39m,
  timestamp: [33m1776869912904[39m
}
[Graph3D] Creating simulation: [33m0[39m nodes
[Graph3D] createGraphSimulation called: { hasObjectManager: [33mtrue[39m, hasScene: [33mtrue[39m, nodeCount: [33m0[39m, linkCount: [33m0[39m }
[Graph3D] Clearing existing objects...
[Graph3D] Calling createSimulation...
[Graph3D] Simulation created, setting up event handlers...
[Graph3D] No links or single node, clearing fog immediately
[Graph3D] Data changed: {
  nodesLen: [33m0[39m,
  linksLen: [33m0[39m,
  key: [33m1776869912963[39m,
  timestamp: [33m1776869912963[39m
}
[Graph3D] Creating simulation: [33m0[39m nodes
[Graph3D] createGraphSimulation called: { hasObjectManager: [33mtrue[39m, hasScene: [33mtrue[39m, nodeCount: [33m0[39m, linkCount: [33m0[39m }
[Graph3D] Clearing existing objects...
[Graph3D] Calling createSimulation...
[Graph3D] Simulation created, setting up event handlers...
[Graph3D] No links or single node, clearing fog immediately
[Graph3D] Data changed: {
  nodesLen: [33m0[39m,
  linksLen: [33m0[39m,
  key: [33m1776869913019[39m,
  timestamp: [33m1776869913019[39m
}
[Graph3D] Creating simulation: [33m0[39m nodes
[Graph3D] createGraphSimulation called: { hasObjectManager: [33mtrue[39m, hasScene: [33mtrue[39m, nodeCount: [33m0[39m, linkCount: [33m0[39m }
[Graph3D] Clearing existing objects...
[Graph3D] Calling createSimulation...
[Graph3D] Simulation created, setting up event handlers...
[Graph3D] No links or single node, clearing fog immediately
[Graph3D] Data changed: {
  nodesLen: [33m0[39m,
  linksLen: [33m0[39m,
  key: [33m1776869913076[39m,
  timestamp: [33m1776869913076[39m
}
[Graph3D] Creating simulation: [33m0[39m nodes
[Graph3D] createGraphSimulation called: { hasObjectManager: [33mtrue[39m, hasScene: [33mtrue[39m, nodeCount: [33m0[39m, linkCount: [33m0[39m }
[Graph3D] Clearing existing objects...
[Graph3D] Calling createSimulation...
[Graph3D] Simulation created, setting up event handlers...
[Graph3D] No links or single node, clearing fog immediately
[Graph3D] Data changed: {
  nodesLen: [33m0[39m,
  linksLen: [33m0[39m,
  key: [33m1776869913136[39m,
  timestamp: [33m1776869913136[39m
}
[Graph3D] Creating simulation: [33m0[39m nodes
[Graph3D] createGraphSimulation called: { hasObjectManager: [33mtrue[39m, hasScene: [33mtrue[39m, nodeCount: [33m0[39m, linkCount: [33m0[39m }
[Graph3D] Clearing existing objects...
[Graph3D] Calling createSimulation...
[Graph3D] Simulation created, setting up event handlers...
[Graph3D] No links or single node, clearing fog immediately
[Graph3D] Data changed: {
  nodesLen: [33m0[39m,
  linksLen: [33m0[39m,
  key: [33m1776869913192[39m,
  timestamp: [33m1776869913192[39m
}
[Graph3D] Creating simulation: [33m0[39m nodes
[Graph3D] createGraphSimulation called: { hasObjectManager: [33mtrue[39m, hasScene: [33mtrue[39m, nodeCount: [33m0[39m, linkCount: [33m0[39m }
[Graph3D] Clearing existing objects...
[Graph3D] Calling createSimulation...
[Graph3D] Simulation created, setting up event handlers...
[Graph3D] No links or single node, clearing fog immediately
[Graph3D] Data changed: {
  nodesLen: [33m0[39m,
  linksLen: [33m0[39m,
  key: [33m1776869913251[39m,
  timestamp: [33m1776869913251[39m
}
[Graph3D] Creating simulation: [33m0[39m nodes
[Graph3D] createGraphSimulation called: { hasObjectManager: [33mtrue[39m, hasScene: [33mtrue[39m, nodeCount: [33m0[39m, linkCount: [33m0[39m }
[Graph3D] Clearing existing objects...
[Graph3D] Calling createSimulation...
[Graph3D] Simulation created, setting up event handlers...
[Graph3D] No links or single node, clearing fog immediately
[Graph3D] Data changed: {
  nodesLen: [33m0[39m,
  linksLen: [33m0[39m,
  key: [33m1776869913309[39m,
  timestamp: [33m1776869913309[39m
}
[Graph3D] Creating simulation: [33m0[39m nodes
[Graph3D] createGraphSimulation called: { hasObjectManager: [33mtrue[39m, hasScene: [33mtrue[39m, nodeCount: [33m0[39m, linkCount: [33m0[39m }
[Graph3D] Clearing existing objects...
[Graph3D] Calling createSimulation...
[Graph3D] Simulation created, setting up event handlers...
[Graph3D] No links or single node, clearing fog immediately
[Graph3D] Data changed: {
  nodesLen: [33m0[39m,
  linksLen: [33m0[39m,
  key: [33m1776869913369[39m,
  timestamp: [33m1776869913369[39m
}
[Graph3D] Creating simulation: [33m0[39m nodes
[Graph3D] createGraphSimulation called: { hasObjectManager: [33mtrue[39m, hasScene: [33mtrue[39m, nodeCount: [33m0[39m, linkCount: [33m0[39m }
[Graph3D] Clearing existing objects...
[Graph3D] Calling createSimulation...
[Graph3D] Simulation created, setting up event handlers...
[Graph3D] No links or single node, clearing fog immediately
[Graph3D] Data changed: {
  nodesLen: [33m0[39m,
  linksLen: [33m0[39m,
  key: [33m1776869913426[39m,
  timestamp: [33m1776869913426[39m
}
[Graph3D] Creating simulation: [33m0[39m nodes
[Graph3D] createGraphSimulation called: { hasObjectManager: [33mtrue[39m, hasScene: [33mtrue[39m, nodeCount: [33m0[39m, linkCount: [33m0[39m }
[Graph3D] Clearing existing objects...
[Graph3D] Calling createSimulation...
[Graph3D] Simulation created, setting up event handlers...
[Graph3D] No links or single node, clearing fog immediately
[Graph3D] Data changed: {
  nodesLen: [33m0[39m,
  linksLen: [33m0[39m,
  key: [33m1776869913487[39m,
  timestamp: [33m1776869913487[39m
}
[Graph3D] Creating simulation: [33m0[39m nodes
[Graph3D] createGraphSimulation called: { hasObjectManager: [33mtrue[39m, hasScene: [33mtrue[39m, nodeCount: [33m0[39m, linkCount: [33m0[39m }
[Graph3D] Clearing existing objects...
[Graph3D] Calling createSimulation...
[Graph3D] Simulation created, setting up event handlers...
[Graph3D] No links or single node, clearing fog immediately
[Graph3D] Data changed: {
  nodesLen: [33m0[39m,
  linksLen: [33m0[39m,
  key: [33m1776869913546[39m,
  timestamp: [33m1776869913546[39m
}
[Graph3D] Creating simulation: [33m0[39m nodes
[Graph3D] createGraphSimulation called: { hasObjectManager: [33mtrue[39m, hasScene: [33mtrue[39m, nodeCount: [33m0[39m, linkCount: [33m0[39m }
[Graph3D] Clearing existing objects...
[Graph3D] Calling createSimulation...
[Graph3D] Simulation created, setting up event handlers...
[Graph3D] No links or single node, clearing fog immediately
[Graph3D] Data changed: {
  nodesLen: [33m0[39m,
  linksLen: [33m0[39m,
  key: [33m1776869913604[39m,
  timestamp: [33m1776869913604[39m
}
[Graph3D] Creating simulation: [33m0[39m nodes
[Graph3D] createGraphSimulation called: { hasObjectManager: [33mtrue[39m, hasScene: [33mtrue[39m, nodeCount: [33m0[39m, linkCount: [33m0[39m }
[Graph3D] Clearing existing objects...
[Graph3D] Calling createSimulation...
[Graph3D] Simulation created, setting up event handlers...
[Graph3D] No links or single node, clearing fog immediately
[Graph3D] Data changed: {
  nodesLen: [33m0[39m,
  linksLen: [33m0[39m,
  key: [33m1776869913663[39m,
  timestamp: [33m1776869913663[39m
}
[Graph3D] Creating simulation: [33m0[39m nodes
[Graph3D] createGraphSimulation called: { hasObjectManager: [33mtrue[39m, hasScene: [33mtrue[39m, nodeCount: [33m0[39m, linkCount: [33m0[39m }
[Graph3D] Clearing existing objects...
[Graph3D] Calling createSimulation...
[Graph3D] Simulation created, setting up event handlers...
[Graph3D] No links or single node, clearing fog immediately
[Graph3D] Data changed: {
  nodesLen: [33m0[39m,
  linksLen: [33m0[39m,
  key: [33m1776869913722[39m,
  timestamp: [33m1776869913722[39m
}
[Graph3D] Creating simulation: [33m0[39m nodes
[Graph3D] createGraphSimulation called: { hasObjectManager: [33mtrue[39m, hasScene: [33mtrue[39m, nodeCount: [33m0[39m, linkCount: [33m0[39m }
[Graph3D] Clearing existing objects...
[Graph3D] Calling createSimulation...
[Graph3D] Simulation created, setting up event handlers...
[Graph3D] No links or single node, clearing fog immediately
[Graph3D] Data changed: {
  nodesLen: [33m0[39m,
  linksLen: [33m0[39m,
  key: [33m1776869913786[39m,
  timestamp: [33m1776869913786[39m
}
[Graph3D] Creating simulation: [33m0[39m nodes
[Graph3D] createGraphSimulation called: { hasObjectManager: [33mtrue[39m, hasScene: [33mtrue[39m, nodeCount: [33m0[39m, linkCount: [33m0[39m }
[Graph3D] Clearing existing objects...
[Graph3D] Calling createSimulation...
[Graph3D] Simulation created, setting up event handlers...
[Graph3D] No links or single node, clearing fog immediately
[Graph3D] Data changed: {
  nodesLen: [33m0[39m,
  linksLen: [33m0[39m,
  key: [33m1776869913845[39m,
  timestamp: [33m1776869913845[39m
}
[Graph3D] Creating simulation: [33m0[39m nodes
[Graph3D] createGraphSimulation called: { hasObjectManager: [33mtrue[39m, hasScene: [33mtrue[39m, nodeCount: [33m0[39m, linkCount: [33m0[39m }
[Graph3D] Clearing existing objects...
[Graph3D] Calling createSimulation...
[Graph3D] Simulation created, setting up event handlers...
[Graph3D] No links or single node, clearing fog immediately
[Graph3D] Data changed: {
  nodesLen: [33m0[39m,
  linksLen: [33m0[39m,
  key: [33m1776869913901[39m,
  timestamp: [33m1776869913901[39m
}
[Graph3D] Creating simulation: [33m0[39m nodes
[Graph3D] createGraphSimulation called: { hasObjectManager: [33mtrue[39m, hasScene: [33mtrue[39m, nodeCount: [33m0[39m, linkCount: [33m0[39m }
[Graph3D] Clearing existing objects...
[Graph3D] Calling createSimulation...
[Graph3D] Simulation created, setting up event handlers...
[Graph3D] No links or single node, clearing fog immediately
[Graph3D] Data changed: {
  nodesLen: [33m0[39m,
  linksLen: [33m0[39m,
  key: [33m1776869913959[39m,
  timestamp: [33m1776869913959[39m
}
[Graph3D] Creating simulation: [33m0[39m nodes
[Graph3D] createGraphSimulation called: { hasObjectManager: [33mtrue[39m, hasScene: [33mtrue[39m, nodeCount: [33m0[39m, linkCount: [33m0[39m }
[Graph3D] Clearing existing objects...
[Graph3D] Calling createSimulation...
[Graph3D] Simulation created, setting up event handlers...
[Graph3D] No links or single node, clearing fog immediately
[Graph3D] Data changed: {
  nodesLen: [33m0[39m,
  linksLen: [33m0[39m,
  key: [33m1776869914028[39m,
  timestamp: [33m1776869914028[39m
}
[Graph3D] Creating simulation: [33m0[39m nodes
[Graph3D] createGraphSimulation called: { hasObjectManager: [33mtrue[39m, hasScene: [33mtrue[39m, nodeCount: [33m0[39m, linkCount: [33m0[39m }
[Graph3D] Clearing existing objects...
[Graph3D] Calling createSimulation...
[Graph3D] Simulation created, setting up event handlers...
[Graph3D] No links or single node, clearing fog immediately
[Graph3D] Data changed: {
  nodesLen: [33m0[39m,
  linksLen: [33m0[39m,
  key: [33m1776869914089[39m,
  timestamp: [33m1776869914089[39m
}
[Graph3D] Creating simulation: [33m0[39m nodes
[Graph3D] createGraphSimulation called: { hasObjectManager: [33mtrue[39m, hasScene: [33mtrue[39m, nodeCount: [33m0[39m, linkCount: [33m0[39m }
[Graph3D] Clearing existing objects...
[Graph3D] Calling createSimulation...
[Graph3D] Simulation created, setting up event handlers...
[Graph3D] No links or single node, clearing fog immediately
[Graph3D] Data changed: {
  nodesLen: [33m0[39m,
  linksLen: [33m0[39m,
  key: [33m1776869914146[39m,
  timestamp: [33m1776869914146[39m
}
[Graph3D] Creating simulation: [33m0[39m nodes
[Graph3D] createGraphSimulation called: { hasObjectManager: [33mtrue[39m, hasScene: [33mtrue[39m, nodeCount: [33m0[39m, linkCount: [33m0[39m }
[Graph3D] Clearing existing objects...
[Graph3D] Calling createSimulation...
[Graph3D] Simulation created, setting up event handlers...
[Graph3D] No links or single node, clearing fog immediately
[Graph3D] Data changed: {
  nodesLen: [33m0[39m,
  linksLen: [33m0[39m,
  key: [33m1776869914207[39m,
  timestamp: [33m1776869914207[39m
}
[Graph3D] Creating simulation: [33m0[39m nodes
[Graph3D] createGraphSimulation called: { hasObjectManager: [33mtrue[39m, hasScene: [33mtrue[39m, nodeCount: [33m0[39m, linkCount: [33m0[39m }
[Graph3D] Clearing existing objects...
[Graph3D] Calling createSimulation...
[Graph3D] Simulation created, setting up event handlers...
[Graph3D] No links or single node, clearing fog immediately
[Graph3D] Data changed: {
  nodesLen: [33m0[39m,
  linksLen: [33m0[39m,
  key: [33m1776869914274[39m,
  timestamp: [33m1776869914274[39m
}
[Graph3D] Creating simulation: [33m0[39m nodes
[Graph3D] createGraphSimulation called: { hasObjectManager: [33mtrue[39m, hasScene: [33mtrue[39m, nodeCount: [33m0[39m, linkCount: [33m0[39m }
[Graph3D] Clearing existing objects...
[Graph3D] Calling createSimulation...
[Graph3D] Simulation created, setting up event handlers...
[Graph3D] No links or single node, clearing fog immediately
[Graph3D] Data changed: {
  nodesLen: [33m0[39m,
  linksLen: [33m0[39m,
  key: [33m1776869914336[39m,
  timestamp: [33m1776869914336[39m
}
[Graph3D] Creating simulation: [33m0[39m nodes
[Graph3D] createGraphSimulation called: { hasObjectManager: [33mtrue[39m, hasScene: [33mtrue[39m, nodeCount: [33m0[39m, linkCount: [33m0[39m }
[Graph3D] Clearing existing objects...
[Graph3D] Calling createSimulation...
[Graph3D] Simulation created, setting up event handlers...
[Graph3D] No links or single node, clearing fog immediately
[Graph3D] Data changed: {
  nodesLen: [33m0[39m,
  linksLen: [33m0[39m,
  key: [33m1776869914401[39m,
  timestamp: [33m1776869914401[39m
}
[Graph3D] Creating simulation: [33m0[39m nodes
[Graph3D] createGraphSimulation called: { hasObjectManager: [33mtrue[39m, hasScene: [33mtrue[39m, nodeCount: [33m0[39m, linkCount: [33m0[39m }
[Graph3D] Clearing existing objects...
[Graph3D] Calling createSimulation...
[Graph3D] Simulation created, setting up event handlers...
[Graph3D] No links or single node, clearing fog immediately
[Graph3D] Data changed: {
  nodesLen: [33m0[39m,
  linksLen: [33m0[39m,
  key: [33m1776869914458[39m,
  timestamp: [33m1776869914458[39m
}
[Graph3D] Creating simulation: [33m0[39m nodes
[Graph3D] createGraphSimulation called: { hasObjectManager: [33mtrue[39m, hasScene: [33mtrue[39m, nodeCount: [33m0[39m, linkCount: [33m0[39m }
[Graph3D] Clearing existing objects...
[Graph3D] Calling createSimulation...
[Graph3D] Simulation created, setting up event handlers...
[Graph3D] No links or single node, clearing fog immediately
[Graph3D] Data changed: {
  nodesLen: [33m0[39m,
  linksLen: [33m0[39m,
  key: [33m1776869914521[39m,
  timestamp: [33m1776869914521[39m
}
[Graph3D] Creating simulation: [33m0[39m nodes
[Graph3D] createGraphSimulation called: { hasObjectManager: [33mtrue[39m, hasScene: [33mtrue[39m, nodeCount: [33m0[39m, linkCount: [33m0[39m }
[Graph3D] Clearing existing objects...
[Graph3D] Calling createSimulation...
[Graph3D] Simulation created, setting up event handlers...
[Graph3D] No links or single node, clearing fog immediately
[Graph3D] Data changed: {
  nodesLen: [33m0[39m,
  linksLen: [33m0[39m,
  key: [33m1776869914581[39m,
  timestamp: [33m1776869914581[39m
}
[Graph3D] Creating simulation: [33m0[39m nodes
[Graph3D] createGraphSimulation called: { hasObjectManager: [33mtrue[39m, hasScene: [33mtrue[39m, nodeCount: [33m0[39m, linkCount: [33m0[39m }
[Graph3D] Clearing existing objects...
[Graph3D] Calling createSimulation...
[Graph3D] Simulation created, setting up event handlers...
[Graph3D] No links or single node, clearing fog immediately
[Graph3D] Data changed: {
  nodesLen: [33m0[39m,
  linksLen: [33m0[39m,
  key: [33m1776869914641[39m,
  timestamp: [33m1776869914641[39m
}
[Graph3D] Creating simulation: [33m0[39m nodes
[Graph3D] createGraphSimulation called: { hasObjectManager: [33mtrue[39m, hasScene: [33mtrue[39m, nodeCount: [33m0[39m, linkCount: [33m0[39m }
[Graph3D] Clearing existing objects...
[Graph3D] Calling createSimulation...
[Graph3D] Simulation created, setting up event handlers...
[Graph3D] No links or single node, clearing fog immediately
[Graph3D] Data changed: {
  nodesLen: [33m0[39m,
  linksLen: [33m0[39m,
  key: [33m1776869914703[39m,
  timestamp: [33m1776869914703[39m
}
[Graph3D] Creating simulation: [33m0[39m nodes
[Graph3D] createGraphSimulation called: { hasObjectManager: [33mtrue[39m, hasScene: [33mtrue[39m, nodeCount: [33m0[39m, linkCount: [33m0[39m }
[Graph3D] Clearing existing objects...
[Graph3D] Calling createSimulation...
[Graph3D] Simulation created, setting up event handlers...
[Graph3D] No links or single node, clearing fog immediately
[Graph3D] Data changed: {
  nodesLen: [33m0[39m,
  linksLen: [33m0[39m,
  key: [33m1776869914766[39m,
  timestamp: [33m1776869914766[39m
}
[Graph3D] Creating simulation: [33m0[39m nodes
[Graph3D] createGraphSimulation called: { hasObjectManager: [33mtrue[39m, hasScene: [33mtrue[39m, nodeCount: [33m0[39m, linkCount: [33m0[39m }
[Graph3D] Clearing existing objects...
[Graph3D] Calling createSimulation...
[Graph3D] Simulation created, setting up event handlers...
[Graph3D] No links or single node, clearing fog immediately
[Graph3D] Data changed: {
  nodesLen: [33m0[39m,
  linksLen: [33m0[39m,
  key: [33m1776869914823[39m,
  timestamp: [33m1776869914823[39m
}
[Graph3D] Creating simulation: [33m0[39m nodes
[Graph3D] createGraphSimulation called: { hasObjectManager: [33mtrue[39m, hasScene: [33mtrue[39m, nodeCount: [33m0[39m, linkCount: [33m0[39m }
[Graph3D] Clearing existing objects...
[Graph3D] Calling createSimulation...
[Graph3D] Simulation created, setting up event handlers...
[Graph3D] No links or single node, clearing fog immediately
[Graph3D] Data changed: {
  nodesLen: [33m0[39m,
  linksLen: [33m0[39m,
  key: [33m1776869914885[39m,
  timestamp: [33m1776869914885[39m
}
[Graph3D] Creating simulation: [33m0[39m nodes
[Graph3D] createGraphSimulation called: { hasObjectManager: [33mtrue[39m, hasScene: [33mtrue[39m, nodeCount: [33m0[39m, linkCount: [33m0[39m }
[Graph3D] Clearing existing objects...
[Graph3D] Calling createSimulation...
[Graph3D] Simulation created, setting up event handlers...
[Graph3D] No links or single node, clearing fog immediately
[Graph3D] Data changed: {
  nodesLen: [33m0[39m,
  linksLen: [33m0[39m,
  key: [33m1776869914946[39m,
  timestamp: [33m1776869914946[39m
}
[Graph3D] Creating simulation: [33m0[39m nodes
[Graph3D] createGraphSimulation called: { hasObjectManager: [33mtrue[39m, hasScene: [33mtrue[39m, nodeCount: [33m0[39m, linkCount: [33m0[39m }
[Graph3D] Clearing existing objects...
[Graph3D] Calling createSimulation...
[Graph3D] Simulation created, setting up event handlers...
[Graph3D] No links or single node, clearing fog immediately
[Graph3D] Data changed: {
  nodesLen: [33m0[39m,
  linksLen: [33m0[39m,
  key: [33m1776869915011[39m,
  timestamp: [33m1776869915011[39m
}
[Graph3D] Creating simulation: [33m0[39m nodes
[Graph3D] createGraphSimulation called: { hasObjectManager: [33mtrue[39m, hasScene: [33mtrue[39m, nodeCount: [33m0[39m, linkCount: [33m0[39m }
[Graph3D] Clearing existing objects...
[Graph3D] Calling createSimulation...
[Graph3D] Simulation created, setting up event handlers...
[Graph3D] No links or single node, clearing fog immediately
[Graph3D] Data changed: {
  nodesLen: [33m0[39m,
  linksLen: [33m0[39m,
  key: [33m1776869915072[39m,
  timestamp: [33m1776869915072[39m
}
[Graph3D] Creating simulation: [33m0[39m nodes
[Graph3D] createGraphSimulation called: { hasObjectManager: [33mtrue[39m, hasScene: [33mtrue[39m, nodeCount: [33m0[39m, linkCount: [33m0[39m }
[Graph3D] Clearing existing objects...
[Graph3D] Calling createSimulation...
[Graph3D] Simulation created, setting up event handlers...
[Graph3D] No links or single node, clearing fog immediately
[Graph3D] Data changed: {
  nodesLen: [33m0[39m,
  linksLen: [33m0[39m,
  key: [33m1776869915135[39m,
  timestamp: [33m1776869915135[39m
}
[Graph3D] Creating simulation: [33m0[39m nodes
[Graph3D] createGraphSimulation called: { hasObjectManager: [33mtrue[39m, hasScene: [33mtrue[39m, nodeCount: [33m0[39m, linkCount: [33m0[39m }
[Graph3D] Clearing existing objects...
[Graph3D] Calling createSimulation...
[Graph3D] Simulation created, setting up event handlers...
[Graph3D] No links or single node, clearing fog immediately
[Graph3D] Data changed: {
  nodesLen: [33m0[39m,
  linksLen: [33m0[39m,
  key: [33m1776869915196[39m,
  timestamp: [33m1776869915196[39m
}
[Graph3D] Creating simulation: [33m0[39m nodes
[Graph3D] createGraphSimulation called: { hasObjectManager: [33mtrue[39m, hasScene: [33mtrue[39m, nodeCount: [33m0[39m, linkCount: [33m0[39m }
[Graph3D] Clearing existing objects...
[Graph3D] Calling createSimulation...
[Graph3D] Simulation created, setting up event handlers...
[Graph3D] No links or single node, clearing fog immediately
[Graph3D] Data changed: {
  nodesLen: [33m0[39m,
  linksLen: [33m0[39m,
  key: [33m1776869915256[39m,
  timestamp: [33m1776869915256[39m
}
[Graph3D] Creating simulation: [33m0[39m nodes
[Graph3D] createGraphSimulation called: { hasObjectManager: [33mtrue[39m, hasScene: [33mtrue[39m, nodeCount: [33m0[39m, linkCount: [33m0[39m }
[Graph3D] Clearing existing objects...
[Graph3D] Calling createSimulation...
[Graph3D] Simulation created, setting up event handlers...
[Graph3D] No links or single node, clearing fog immediately
[Graph3D] Data changed: {
  nodesLen: [33m0[39m,
  linksLen: [33m0[39m,
  key: [33m1776869915316[39m,
  timestamp: [33m1776869915316[39m
}
[Graph3D] Creating simulation: [33m0[39m nodes
[Graph3D] createGraphSimulation called: { hasObjectManager: [33mtrue[39m, hasScene: [33mtrue[39m, nodeCount: [33m0[39m, linkCount: [33m0[39m }
[Graph3D] Clearing existing objects...
[Graph3D] Calling createSimulation...
[Graph3D] Simulation created, setting up event handlers...
[Graph3D] No links or single node, clearing fog immediately
[Graph3D] Data changed: {
  nodesLen: [33m0[39m,
  linksLen: [33m0[39m,
  key: [33m1776869915408[39m,
  timestamp: [33m1776869915408[39m
}
[Graph3D] Creating simulation: [33m0[39m nodes
[Graph3D] createGraphSimulation called: { hasObjectManager: [33mtrue[39m, hasScene: [33mtrue[39m, nodeCount: [33m0[39m, linkCount: [33m0[39m }
[Graph3D] Clearing existing objects...
[Graph3D] Calling createSimulation...
[Graph3D] Simulation created, setting up event handlers...
[Graph3D] No links or single node, clearing fog immediately
[Graph3D] Data changed: {
  nodesLen: [33m0[39m,
  linksLen: [33m0[39m,
  key: [33m1776869915476[39m,
  timestamp: [33m1776869915476[39m
}
[Graph3D] Creating simulation: [33m0[39m nodes
[Graph3D] createGraphSimulation called: { hasObjectManager: [33mtrue[39m, hasScene: [33mtrue[39m, nodeCount: [33m0[39m, linkCount: [33m0[39m }
[Graph3D] Clearing existing objects...
[Graph3D] Calling createSimulation...
[Graph3D] Simulation created, setting up event handlers...
[Graph3D] No links or single node, clearing fog immediately
[Graph3D] Data changed: {
  nodesLen: [33m0[39m,
  linksLen: [33m0[39m,
  key: [33m1776869915546[39m,
  timestamp: [33m1776869915546[39m
}
[Graph3D] Creating simulation: [33m0[39m nodes
[Graph3D] createGraphSimulation called: { hasObjectManager: [33mtrue[39m, hasScene: [33mtrue[39m, nodeCount: [33m0[39m, linkCount: [33m0[39m }
[Graph3D] Clearing existing objects...
[Graph3D] Calling createSimulation...
[Graph3D] Simulation created, setting up event handlers...
[Graph3D] No links or single node, clearing fog immediately
[Graph3D] Data changed: {
  nodesLen: [33m0[39m,
  linksLen: [33m0[39m,
  key: [33m1776869915613[39m,
  timestamp: [33m1776869915613[39m
}
[Graph3D] Creating simulation: [33m0[39m nodes
[Graph3D] createGraphSimulation called: { hasObjectManager: [33mtrue[39m, hasScene: [33mtrue[39m, nodeCount: [33m0[39m, linkCount: [33m0[39m }
[Graph3D] Clearing existing objects...
[Graph3D] Calling createSimulation...
[Graph3D] Simulation created, setting up event handlers...
[Graph3D] No links or single node, clearing fog immediately
[Graph3D] Data changed: {
  nodesLen: [33m0[39m,
  linksLen: [33m0[39m,
  key: [33m1776869915678[39m,
  timestamp: [33m1776869915678[39m
}
[Graph3D] Creating simulation: [33m0[39m nodes
[Graph3D] createGraphSimulation called: { hasObjectManager: [33mtrue[39m, hasScene: [33mtrue[39m, nodeCount: [33m0[39m, linkCount: [33m0[39m }
[Graph3D] Clearing existing objects...
[Graph3D] Calling createSimulation...
[Graph3D] Simulation created, setting up event handlers...
[Graph3D] No links or single node, clearing fog immediately
[Graph3D] Data changed: {
  nodesLen: [33m0[39m,
  linksLen: [33m0[39m,
  key: [33m1776869915742[39m,
  timestamp: [33m1776869915742[39m
}
[Graph3D] Creating simulation: [33m0[39m nodes
[Graph3D] createGraphSimulation called: { hasObjectManager: [33mtrue[39m, hasScene: [33mtrue[39m, nodeCount: [33m0[39m, linkCount: [33m0[39m }
[Graph3D] Clearing existing objects...
[Graph3D] Calling createSimulation...
[Graph3D] Simulation created, setting up event handlers...
[Graph3D] No links or single node, clearing fog immediately
[Graph3D] Data changed: {
  nodesLen: [33m0[39m,
  linksLen: [33m0[39m,
  key: [33m1776869915805[39m,
  timestamp: [33m1776869915805[39m
}
[Graph3D] Creating simulation: [33m0[39m nodes
[Graph3D] createGraphSimulation called: { hasObjectManager: [33mtrue[39m, hasScene: [33mtrue[39m, nodeCount: [33m0[39m, linkCount: [33m0[39m }
[Graph3D] Clearing existing objects...
[Graph3D] Calling createSimulation...
[Graph3D] Simulation created, setting up event handlers...
[Graph3D] No links or single node, clearing fog immediately
[Graph3D] Data changed: {
  nodesLen: [33m0[39m,
  linksLen: [33m0[39m,
  key: [33m1776869915867[39m,
  timestamp: [33m1776869915867[39m
}
[Graph3D] Creating simulation: [33m0[39m nodes
[Graph3D] createGraphSimulation called: { hasObjectManager: [33mtrue[39m, hasScene: [33mtrue[39m, nodeCount: [33m0[39m, linkCount: [33m0[39m }
[Graph3D] Clearing existing objects...
[Graph3D] Calling createSimulation...
[Graph3D] Simulation created, setting up event handlers...
[Graph3D] No links or single node, clearing fog immediately
[Graph3D] Data changed: {
  nodesLen: [33m0[39m,
  linksLen: [33m0[39m,
  key: [33m1776869915929[39m,
  timestamp: [33m1776869915929[39m
}
[Graph3D] Creating simulation: [33m0[39m nodes
[Graph3D] createGraphSimulation called: { hasObjectManager: [33mtrue[39m, hasScene: [33mtrue[39m, nodeCount: [33m0[39m, linkCount: [33m0[39m }
[Graph3D] Clearing existing objects...
[Graph3D] Calling createSimulation...
[Graph3D] Simulation created, setting up event handlers...
[Graph3D] No links or single node, clearing fog immediately
[Graph3D] Data changed: {
  nodesLen: [33m0[39m,
  linksLen: [33m0[39m,
  key: [33m1776869915991[39m,
  timestamp: [33m1776869915991[39m
}
[Graph3D] Creating simulation: [33m0[39m nodes
[Graph3D] createGraphSimulation called: { hasObjectManager: [33mtrue[39m, hasScene: [33mtrue[39m, nodeCount: [33m0[39m, linkCount: [33m0[39m }
[Graph3D] Clearing existing objects...
[Graph3D] Calling createSimulation...
[Graph3D] Simulation created, setting up event handlers...
[Graph3D] No links or single node, clearing fog immediately
[Graph3D] Data changed: {
  nodesLen: [33m0[39m,
  linksLen: [33m0[39m,
  key: [33m1776869916053[39m,
  timestamp: [33m1776869916053[39m
}
[Graph3D] Creating simulation: [33m0[39m nodes
[Graph3D] createGraphSimulation called: { hasObjectManager: [33mtrue[39m, hasScene: [33mtrue[39m, nodeCount: [33m0[39m, linkCount: [33m0[39m }
[Graph3D] Clearing existing objects...
[Graph3D] Calling createSimulation...
[Graph3D] Simulation created, setting up event handlers...
[Graph3D] No links or single node, clearing fog immediately
[Graph3D] Data changed: {
  nodesLen: [33m0[39m,
  linksLen: [33m0[39m,
  key: [33m1776869916115[39m,
  timestamp: [33m1776869916115[39m
}
[Graph3D] Creating simulation: [33m0[39m nodes
[Graph3D] createGraphSimulation called: { hasObjectManager: [33mtrue[39m, hasScene: [33mtrue[39m, nodeCount: [33m0[39m, linkCount: [33m0[39m }
[Graph3D] Clearing existing objects...
[Graph3D] Calling createSimulation...
[Graph3D] Simulation created, setting up event handlers...
[Graph3D] No links or single node, clearing fog immediately
[Graph3D] Data changed: {
  nodesLen: [33m0[39m,
  linksLen: [33m0[39m,
  key: [33m1776869916177[39m,
  timestamp: [33m1776869916177[39m
}
[Graph3D] Creating simulation: [33m0[39m nodes
[Graph3D] createGraphSimulation called: { hasObjectManager: [33mtrue[39m, hasScene: [33mtrue[39m, nodeCount: [33m0[39m, linkCount: [33m0[39m }
[Graph3D] Clearing existing objects...
[Graph3D] Calling createSimulation...
[Graph3D] Simulation created, setting up event handlers...
[Graph3D] No links or single node, clearing fog immediately
[Graph3D] Data changed: {
  nodesLen: [33m0[39m,
  linksLen: [33m0[39m,
  key: [33m1776869916247[39m,
  timestamp: [33m1776869916247[39m
}
[Graph3D] Creating simulation: [33m0[39m nodes
[Graph3D] createGraphSimulation called: { hasObjectManager: [33mtrue[39m, hasScene: [33mtrue[39m, nodeCount: [33m0[39m, linkCount: [33m0[39m }
[Graph3D] Clearing existing objects...
[Graph3D] Calling createSimulation...
[Graph3D] Simulation created, setting up event handlers...
[Graph3D] No links or single node, clearing fog immediately
[Graph3D] Data changed: {
  nodesLen: [33m0[39m,
  linksLen: [33m0[39m,
  key: [33m1776869916321[39m,
  timestamp: [33m1776869916321[39m
}
[Graph3D] Creating simulation: [33m0[39m nodes
[Graph3D] createGraphSimulation called: { hasObjectManager: [33mtrue[39m, hasScene: [33mtrue[39m, nodeCount: [33m0[39m, linkCount: [33m0[39m }
[Graph3D] Clearing existing objects...
[Graph3D] Calling createSimulation...
[Graph3D] Simulation created, setting up event handlers...
[Graph3D] No links or single node, clearing fog immediately
[Graph3D] Data changed: {
  nodesLen: [33m0[39m,
  linksLen: [33m0[39m,
  key: [33m1776869916405[39m,
  timestamp: [33m1776869916405[39m
}
[Graph3D] Creating simulation: [33m0[39m nodes
[Graph3D] createGraphSimulation called: { hasObjectManager: [33mtrue[39m, hasScene: [33mtrue[39m, nodeCount: [33m0[39m, linkCount: [33m0[39m }
[Graph3D] Clearing existing objects...
[Graph3D] Calling createSimulation...
[Graph3D] Simulation created, setting up event handlers...
[Graph3D] No links or single node, clearing fog immediately
[Graph3D] Data changed: {
  nodesLen: [33m0[39m,
  linksLen: [33m0[39m,
  key: [33m1776869916475[39m,
  timestamp: [33m1776869916475[39m
}
[Graph3D] Creating simulation: [33m0[39m nodes
[Graph3D] createGraphSimulation called: { hasObjectManager: [33mtrue[39m, hasScene: [33mtrue[39m, nodeCount: [33m0[39m, linkCount: [33m0[39m }
[Graph3D] Clearing existing objects...
[Graph3D] Calling createSimulation...
[Graph3D] Simulation created, setting up event handlers...
[Graph3D] No links or single node, clearing fog immediately
[Graph3D] Data changed: {
  nodesLen: [33m0[39m,
  linksLen: [33m0[39m,
  key: [33m1776869916539[39m,
  timestamp: [33m1776869916539[39m
}
[Graph3D] Creating simulation: [33m0[39m nodes
[Graph3D] createGraphSimulation called: { hasObjectManager: [33mtrue[39m, hasScene: [33mtrue[39m, nodeCount: [33m0[39m, linkCount: [33m0[39m }
[Graph3D] Clearing existing objects...
[Graph3D] Calling createSimulation...
[Graph3D] Simulation created, setting up event handlers...
[Graph3D] No links or single node, clearing fog immediately
[Graph3D] Data changed: {
  nodesLen: [33m0[39m,
  linksLen: [33m0[39m,
  key: [33m1776869916610[39m,
  timestamp: [33m1776869916610[39m
}
[Graph3D] Creating simulation: [33m0[39m nodes
[Graph3D] createGraphSimulation called: { hasObjectManager: [33mtrue[39m, hasScene: [33mtrue[39m, nodeCount: [33m0[39m, linkCount: [33m0[39m }
[Graph3D] Clearing existing objects...
[Graph3D] Calling createSimulation...
[Graph3D] Simulation created, setting up event handlers...
[Graph3D] No links or single node, clearing fog immediately
[Graph3D] Data changed: {
  nodesLen: [33m0[39m,
  linksLen: [33m0[39m,
  key: [33m1776869916673[39m,
  timestamp: [33m1776869916673[39m
}
[Graph3D] Creating simulation: [33m0[39m nodes
[Graph3D] createGraphSimulation called: { hasObjectManager: [33mtrue[39m, hasScene: [33mtrue[39m, nodeCount: [33m0[39m, linkCount: [33m0[39m }
[Graph3D] Clearing existing objects...
[Graph3D] Calling createSimulation...
[Graph3D] Simulation created, setting up event handlers...
[Graph3D] No links or single node, clearing fog immediately
[Graph3D] Data changed: {
  nodesLen: [33m0[39m,
  linksLen: [33m0[39m,
  key: [33m1776869916737[39m,
  timestamp: [33m1776869916737[39m
}
[Graph3D] Creating simulation: [33m0[39m nodes
[Graph3D] createGraphSimulation called: { hasObjectManager: [33mtrue[39m, hasScene: [33mtrue[39m, nodeCount: [33m0[39m, linkCount: [33m0[39m }
[Graph3D] Clearing existing objects...
[Graph3D] Calling createSimulation...
[Graph3D] Simulation created, setting up event handlers...
[Graph3D] No links or single node, clearing fog immediately
[Graph3D] Data changed: {
  nodesLen: [33m0[39m,
  linksLen: [33m0[39m,
  key: [33m1776869916812[39m,
  timestamp: [33m1776869916812[39m
}
[Graph3D] Creating simulation: [33m0[39m nodes
[Graph3D] createGraphSimulation called: { hasObjectManager: [33mtrue[39m, hasScene: [33mtrue[39m, nodeCount: [33m0[39m, linkCount: [33m0[39m }
[Graph3D] Clearing existing objects...
[Graph3D] Calling createSimulation...
[Graph3D] Simulation created, setting up event handlers...
[Graph3D] No links or single node, clearing fog immediately
[Graph3D] Data changed: {
  nodesLen: [33m0[39m,
  linksLen: [33m0[39m,
  key: [33m1776869916887[39m,
  timestamp: [33m1776869916887[39m
}
[Graph3D] Creating simulation: [33m0[39m nodes
[Graph3D] createGraphSimulation called: { hasObjectManager: [33mtrue[39m, hasScene: [33mtrue[39m, nodeCount: [33m0[39m, linkCount: [33m0[39m }
[Graph3D] Clearing existing objects...
[Graph3D] Calling createSimulation...
[Graph3D] Simulation created, setting up event handlers...
[Graph3D] No links or single node, clearing fog immediately
[Graph3D] Data changed: {
  nodesLen: [33m0[39m,
  linksLen: [33m0[39m,
  key: [33m1776869916958[39m,
  timestamp: [33m1776869916958[39m
}
[Graph3D] Creating simulation: [33m0[39m nodes
[Graph3D] createGraphSimulation called: { hasObjectManager: [33mtrue[39m, hasScene: [33mtrue[39m, nodeCount: [33m0[39m, linkCount: [33m0[39m }
[Graph3D] Clearing existing objects...
[Graph3D] Calling createSimulation...
[Graph3D] Simulation created, setting up event handlers...
[Graph3D] No links or single node, clearing fog immediately
[Graph3D] Data changed: {
  nodesLen: [33m0[39m,
  linksLen: [33m0[39m,
  key: [33m1776869917034[39m,
  timestamp: [33m1776869917034[39m
}
[Graph3D] Creating simulation: [33m0[39m nodes
[Graph3D] createGraphSimulation called: { hasObjectManager: [33mtrue[39m, hasScene: [33mtrue[39m, nodeCount: [33m0[39m, linkCount: [33m0[39m }
[Graph3D] Clearing existing objects...
[Graph3D] Calling createSimulation...
[Graph3D] Simulation created, setting up event handlers...
[Graph3D] No links or single node, clearing fog immediately
[Graph3D] Data changed: {
  nodesLen: [33m0[39m,
  linksLen: [33m0[39m,
  key: [33m1776869917106[39m,
  timestamp: [33m1776869917106[39m
}
[Graph3D] Creating simulation: [33m0[39m nodes
[Graph3D] createGraphSimulation called: { hasObjectManager: [33mtrue[39m, hasScene: [33mtrue[39m, nodeCount: [33m0[39m, linkCount: [33m0[39m }
[Graph3D] Clearing existing objects...
[Graph3D] Calling createSimulation...
[Graph3D] Simulation created, setting up event handlers...
[Graph3D] No links or single node, clearing fog immediately
[Graph3D] Data changed: {
  nodesLen: [33m0[39m,
  linksLen: [33m0[39m,
  key: [33m1776869917174[39m,
  timestamp: [33m1776869917174[39m
}
[Graph3D] Creating simulation: [33m0[39m nodes
[Graph3D] createGraphSimulation called: { hasObjectManager: [33mtrue[39m, hasScene: [33mtrue[39m, nodeCount: [33m0[39m, linkCount: [33m0[39m }
[Graph3D] Clearing existing objects...
[Graph3D] Calling createSimulation...
[Graph3D] Simulation created, setting up event handlers...
[Graph3D] No links or single node, clearing fog immediately
[Graph3D] Data changed: {
  nodesLen: [33m0[39m,
  linksLen: [33m0[39m,
  key: [33m1776869917241[39m,
  timestamp: [33m1776869917241[39m
}
[Graph3D] Creating simulation: [33m0[39m nodes
[Graph3D] createGraphSimulation called: { hasObjectManager: [33mtrue[39m, hasScene: [33mtrue[39m, nodeCount: [33m0[39m, linkCount: [33m0[39m }
[Graph3D] Clearing existing objects...
[Graph3D] Calling createSimulation...
[Graph3D] Simulation created, setting up event handlers...
[Graph3D] No links or single node, clearing fog immediately
[Graph3D] Data changed: {
  nodesLen: [33m0[39m,
  linksLen: [33m0[39m,
  key: [33m1776869917316[39m,
  timestamp: [33m1776869917316[39m
}
[Graph3D] Creating simulation: [33m0[39m nodes
[Graph3D] createGraphSimulation called: { hasObjectManager: [33mtrue[39m, hasScene: [33mtrue[39m, nodeCount: [33m0[39m, linkCount: [33m0[39m }
[Graph3D] Clearing existing objects...
[Graph3D] Calling createSimulation...
[Graph3D] Simulation created, setting up event handlers...
[Graph3D] No links or single node, clearing fog immediately
[Graph3D] Data changed: {
  nodesLen: [33m0[39m,
  linksLen: [33m0[39m,
  key: [33m1776869917394[39m,
  timestamp: [33m1776869917394[39m
}
[Graph3D] Creating simulation: [33m0[39m nodes
[Graph3D] createGraphSimulation called: { hasObjectManager: [33mtrue[39m, hasScene: [33mtrue[39m, nodeCount: [33m0[39m, linkCount: [33m0[39m }
[Graph3D] Clearing existing objects...
[Graph3D] Calling createSimulation...
[Graph3D] Simulation created, setting up event handlers...
[Graph3D] No links or single node, clearing fog immediately
[Graph3D] Data changed: {
  nodesLen: [33m0[39m,
  linksLen: [33m0[39m,
  key: [33m1776869917462[39m,
  timestamp: [33m1776869917462[39m
}
[Graph3D] Creating simulation: [33m0[39m nodes
[Graph3D] createGraphSimulation called: { hasObjectManager: [33mtrue[39m, hasScene: [33mtrue[39m, nodeCount: [33m0[39m, linkCount: [33m0[39m }
[Graph3D] Clearing existing objects...
[Graph3D] Calling createSimulation...
[Graph3D] Simulation created, setting up event handlers...
[Graph3D] No links or single node, clearing fog immediately
[Graph3D] Data changed: {
  nodesLen: [33m0[39m,
  linksLen: [33m0[39m,
  key: [33m1776869917538[39m,
  timestamp: [33m1776869917538[39m
}
[Graph3D] Creating simulation: [33m0[39m nodes
[Graph3D] createGraphSimulation called: { hasObjectManager: [33mtrue[39m, hasScene: [33mtrue[39m, nodeCount: [33m0[39m, linkCount: [33m0[39m }
[Graph3D] Clearing existing objects...
[Graph3D] Calling createSimulation...
[Graph3D] Simulation created, setting up event handlers...
[Graph3D] No links or single node, clearing fog immediately
[Graph3D] Data changed: {
  nodesLen: [33m0[39m,
  linksLen: [33m0[39m,
  key: [33m1776869917622[39m,
  timestamp: [33m1776869917622[39m
}
[Graph3D] Creating simulation: [33m0[39m nodes
[Graph3D] createGraphSimulation called: { hasObjectManager: [33mtrue[39m, hasScene: [33mtrue[39m, nodeCount: [33m0[39m, linkCount: [33m0[39m }
[Graph3D] Clearing existing objects...
[Graph3D] Calling createSimulation...
[Graph3D] Simulation created, setting up event handlers...
[Graph3D] No links or single node, clearing fog immediately
[Graph3D] Data changed: {
  nodesLen: [33m0[39m,
  linksLen: [33m0[39m,
  key: [33m1776869917704[39m,
  timestamp: [33m1776869917704[39m
}
[Graph3D] Creating simulation: [33m0[39m nodes
[Graph3D] createGraphSimulation called: { hasObjectManager: [33mtrue[39m, hasScene: [33mtrue[39m, nodeCount: [33m0[39m, linkCount: [33m0[39m }
[Graph3D] Clearing existing objects...
[Graph3D] Calling createSimulation...
[Graph3D] Simulation created, setting up event handlers...
[Graph3D] No links or single node, clearing fog immediately
[Graph3D] Data changed: {
  nodesLen: [33m0[39m,
  linksLen: [33m0[39m,
  key: [33m1776869917772[39m,
  timestamp: [33m1776869917772[39m
}
[Graph3D] Creating simulation: [33m0[39m nodes
[Graph3D] createGraphSimulation called: { hasObjectManager: [33mtrue[39m, hasScene: [33mtrue[39m, nodeCount: [33m0[39m, linkCount: [33m0[39m }
[Graph3D] Clearing existing objects...
[Graph3D] Calling createSimulation...
[Graph3D] Simulation created, setting up event handlers...
[Graph3D] No links or single node, clearing fog immediately
[Graph3D] Data changed: {
  nodesLen: [33m0[39m,
  linksLen: [33m0[39m,
  key: [33m1776869917843[39m,
  timestamp: [33m1776869917843[39m
}
[Graph3D] Creating simulation: [33m0[39m nodes
[Graph3D] createGraphSimulation called: { hasObjectManager: [33mtrue[39m, hasScene: [33mtrue[39m, nodeCount: [33m0[39m, linkCount: [33m0[39m }
[Graph3D] Clearing existing objects...
[Graph3D] Calling createSimulation...
[Graph3D] Simulation created, setting up event handlers...
[Graph3D] No links or single node, clearing fog immediately
[Graph3D] Data changed: {
  nodesLen: [33m0[39m,
  linksLen: [33m0[39m,
  key: [33m1776869917913[39m,
  timestamp: [33m1776869917913[39m
}
[Graph3D] Creating simulation: [33m0[39m nodes
[Graph3D] createGraphSimulation called: { hasObjectManager: [33mtrue[39m, hasScene: [33mtrue[39m, nodeCount: [33m0[39m, linkCount: [33m0[39m }
[Graph3D] Clearing existing objects...
[Graph3D] Calling createSimulation...
[Graph3D] Simulation created, setting up event handlers...
[Graph3D] No links or single node, clearing fog immediately
[Graph3D] Data changed: {
  nodesLen: [33m0[39m,
  linksLen: [33m0[39m,
  key: [33m1776869917986[39m,
  timestamp: [33m1776869917986[39m
}
[Graph3D] Creating simulation: [33m0[39m nodes
[Graph3D] createGraphSimulation called: { hasObjectManager: [33mtrue[39m, hasScene: [33mtrue[39m, nodeCount: [33m0[39m, linkCount: [33m0[39m }
[Graph3D] Clearing existing objects...
[Graph3D] Calling createSimulation...
[Graph3D] Simulation created, setting up event handlers...
[Graph3D] No links or single node, clearing fog immediately
[Graph3D] Data changed: {
  nodesLen: [33m0[39m,
  linksLen: [33m0[39m,
  key: [33m1776869918064[39m,
  timestamp: [33m1776869918064[39m
}
[Graph3D] Creating simulation: [33m0[39m nodes
[Graph3D] createGraphSimulation called: { hasObjectManager: [33mtrue[39m, hasScene: [33mtrue[39m, nodeCount: [33m0[39m, linkCount: [33m0[39m }
[Graph3D] Clearing existing objects...
[Graph3D] Calling createSimulation...
[Graph3D] Simulation created, setting up event handlers...
[Graph3D] No links or single node, clearing fog immediately
[Graph3D] Data changed: {
  nodesLen: [33m0[39m,
  linksLen: [33m0[39m,
  key: [33m1776869918136[39m,
  timestamp: [33m1776869918136[39m
}
[Graph3D] Creating simulation: [33m0[39m nodes
[Graph3D] createGraphSimulation called: { hasObjectManager: [33mtrue[39m, hasScene: [33mtrue[39m, nodeCount: [33m0[39m, linkCount: [33m0[39m }
[Graph3D] Clearing existing objects...
[Graph3D] Calling createSimulation...
[Graph3D] Simulation created, setting up event handlers...
[Graph3D] No links or single node, clearing fog immediately
[Graph3D] Data changed: {
  nodesLen: [33m0[39m,
  linksLen: [33m0[39m,
  key: [33m1776869918206[39m,
  timestamp: [33m1776869918206[39m
}
[Graph3D] Creating simulation: [33m0[39m nodes
[Graph3D] createGraphSimulation called: { hasObjectManager: [33mtrue[39m, hasScene: [33mtrue[39m, nodeCount: [33m0[39m, linkCount: [33m0[39m }
[Graph3D] Clearing existing objects...
[Graph3D] Calling createSimulation...
[Graph3D] Simulation created, setting up event handlers...
[Graph3D] No links or single node, clearing fog immediately
[Graph3D] Data changed: {
  nodesLen: [33m0[39m,
  linksLen: [33m0[39m,
  key: [33m1776869918283[39m,
  timestamp: [33m1776869918283[39m
}
[Graph3D] Creating simulation: [33m0[39m nodes
[Graph3D] createGraphSimulation called: { hasObjectManager: [33mtrue[39m, hasScene: [33mtrue[39m, nodeCount: [33m0[39m, linkCount: [33m0[39m }
[Graph3D] Clearing existing objects...
[Graph3D] Calling createSimulation...
[Graph3D] Simulation created, setting up event handlers...
[Graph3D] No links or single node, clearing fog immediately
[Graph3D] Data changed: {
  nodesLen: [33m0[39m,
  linksLen: [33m0[39m,
  key: [33m1776869918365[39m,
  timestamp: [33m1776869918365[39m
}
[Graph3D] Creating simulation: [33m0[39m nodes
[Graph3D] createGraphSimulation called: { hasObjectManager: [33mtrue[39m, hasScene: [33mtrue[39m, nodeCount: [33m0[39m, linkCount: [33m0[39m }
[Graph3D] Clearing existing objects...
[Graph3D] Calling createSimulation...
[Graph3D] Simulation created, setting up event handlers...
[Graph3D] No links or single node, clearing fog immediately
[Graph3D] Data changed: {
  nodesLen: [33m0[39m,
  linksLen: [33m0[39m,
  key: [33m1776869918431[39m,
  timestamp: [33m1776869918431[39m
}
[Graph3D] Creating simulation: [33m0[39m nodes
[Graph3D] createGraphSimulation called: { hasObjectManager: [33mtrue[39m, hasScene: [33mtrue[39m, nodeCount: [33m0[39m, linkCount: [33m0[39m }
[Graph3D] Clearing existing objects...
[Graph3D] Calling createSimulation...
[Graph3D] Simulation created, setting up event handlers...
[Graph3D] No links or single node, clearing fog immediately
[Graph3D] Data changed: {
  nodesLen: [33m0[39m,
  linksLen: [33m0[39m,
  key: [33m1776869918499[39m,
  timestamp: [33m1776869918499[39m
}
[Graph3D] Creating simulation: [33m0[39m nodes
[Graph3D] createGraphSimulation called: { hasObjectManager: [33mtrue[39m, hasScene: [33mtrue[39m, nodeCount: [33m0[39m, linkCount: [33m0[39m }
[Graph3D] Clearing existing objects...
[Graph3D] Calling createSimulation...
[Graph3D] Simulation created, setting up event handlers...
[Graph3D] No links or single node, clearing fog immediately
[Graph3D] Data changed: {
  nodesLen: [33m0[39m,
  linksLen: [33m0[39m,
  key: [33m1776869918586[39m,
  timestamp: [33m1776869918586[39m
}
[Graph3D] Creating simulation: [33m0[39m nodes
[Graph3D] createGraphSimulation called: { hasObjectManager: [33mtrue[39m, hasScene: [33mtrue[39m, nodeCount: [33m0[39m, linkCount: [33m0[39m }
[Graph3D] Clearing existing objects...
[Graph3D] Calling createSimulation...
[Graph3D] Simulation created, setting up event handlers...
[Graph3D] No links or single node, clearing fog immediately
[Graph3D] Data changed: {
  nodesLen: [33m0[39m,
  linksLen: [33m0[39m,
  key: [33m1776869918668[39m,
  timestamp: [33m1776869918668[39m
}
[Graph3D] Creating simulation: [33m0[39m nodes
[Graph3D] createGraphSimulation called: { hasObjectManager: [33mtrue[39m, hasScene: [33mtrue[39m, nodeCount: [33m0[39m, linkCount: [33m0[39m }
[Graph3D] Clearing existing objects...
[Graph3D] Calling createSimulation...
[Graph3D] Simulation created, setting up event handlers...
[Graph3D] No links or single node, clearing fog immediately
[Graph3D] Data changed: {
  nodesLen: [33m0[39m,
  linksLen: [33m0[39m,
  key: [33m1776869918736[39m,
  timestamp: [33m1776869918736[39m
}
[Graph3D] Creating simulation: [33m0[39m nodes
[Graph3D] createGraphSimulation called: { hasObjectManager: [33mtrue[39m, hasScene: [33mtrue[39m, nodeCount: [33m0[39m, linkCount: [33m0[39m }
[Graph3D] Clearing existing objects...
[Graph3D] Calling createSimulation...
[Graph3D] Simulation created, setting up event handlers...
[Graph3D] No links or single node, clearing fog immediately
[Graph3D] Data changed: {
  nodesLen: [33m0[39m,
  linksLen: [33m0[39m,
  key: [33m1776869918804[39m,
  timestamp: [33m1776869918804[39m
}
[Graph3D] Creating simulation: [33m0[39m nodes
[Graph3D] createGraphSimulation called: { hasObjectManager: [33mtrue[39m, hasScene: [33mtrue[39m, nodeCount: [33m0[39m, linkCount: [33m0[39m }
[Graph3D] Clearing existing objects...
[Graph3D] Calling createSimulation...
[Graph3D] Simulation created, setting up event handlers...
[Graph3D] No links or single node, clearing fog immediately
[Graph3D] Data changed: {
  nodesLen: [33m0[39m,
  linksLen: [33m0[39m,
  key: [33m1776869918894[39m,
  timestamp: [33m1776869918894[39m
}
[Graph3D] Creating simulation: [33m0[39m nodes
[Graph3D] createGraphSimulation called: { hasObjectManager: [33mtrue[39m, hasScene: [33mtrue[39m, nodeCount: [33m0[39m, linkCount: [33m0[39m }
[Graph3D] Clearing existing objects...
[Graph3D] Calling createSimulation...
[Graph3D] Simulation created, setting up event handlers...
[Graph3D] No links or single node, clearing fog immediately
[Graph3D] Data changed: {
  nodesLen: [33m0[39m,
  linksLen: [33m0[39m,
  key: [33m1776869918975[39m,
  timestamp: [33m1776869918975[39m
}
[Graph3D] Creating simulation: [33m0[39m nodes
[Graph3D] createGraphSimulation called: { hasObjectManager: [33mtrue[39m, hasScene: [33mtrue[39m, nodeCount: [33m0[39m, linkCount: [33m0[39m }
[Graph3D] Clearing existing objects...
[Graph3D] Calling createSimulation...
[Graph3D] Simulation created, setting up event handlers...
[Graph3D] No links or single node, clearing fog immediately
[Graph3D] Data changed: {
  nodesLen: [33m0[39m,
  linksLen: [33m0[39m,
  key: [33m1776869919048[39m,
  timestamp: [33m1776869919048[39m
}
[Graph3D] Creating simulation: [33m0[39m nodes
[Graph3D] createGraphSimulation called: { hasObjectManager: [33mtrue[39m, hasScene: [33mtrue[39m, nodeCount: [33m0[39m, linkCount: [33m0[39m }
[Graph3D] Clearing existing objects...
[Graph3D] Calling createSimulation...
[Graph3D] Simulation created, setting up event handlers...
[Graph3D] No links or single node, clearing fog immediately
[Graph3D] Data changed: {
  nodesLen: [33m0[39m,
  linksLen: [33m0[39m,
  key: [33m1776869919120[39m,
  timestamp: [33m1776869919120[39m
}
[Graph3D] Creating simulation: [33m0[39m nodes
[Graph3D] createGraphSimulation called: { hasObjectManager: [33mtrue[39m, hasScene: [33mtrue[39m, nodeCount: [33m0[39m, linkCount: [33m0[39m }
[Graph3D] Clearing existing objects...
[Graph3D] Calling createSimulation...
[Graph3D] Simulation created, setting up event handlers...
[Graph3D] No links or single node, clearing fog immediately
[Graph3D] Data changed: {
  nodesLen: [33m0[39m,
  linksLen: [33m0[39m,
  key: [33m1776869919190[39m,
  timestamp: [33m1776869919190[39m
}
[Graph3D] Creating simulation: [33m0[39m nodes
[Graph3D] createGraphSimulation called: { hasObjectManager: [33mtrue[39m, hasScene: [33mtrue[39m, nodeCount: [33m0[39m, linkCount: [33m0[39m }
[Graph3D] Clearing existing objects...
[Graph3D] Calling createSimulation...
[Graph3D] Simulation created, setting up event handlers...
[Graph3D] No links or single node, clearing fog immediately
[Graph3D] Data changed: {
  nodesLen: [33m0[39m,
  linksLen: [33m0[39m,
  key: [33m1776869919258[39m,
  timestamp: [33m1776869919258[39m
}
[Graph3D] Creating simulation: [33m0[39m nodes
[Graph3D] createGraphSimulation called: { hasObjectManager: [33mtrue[39m, hasScene: [33mtrue[39m, nodeCount: [33m0[39m, linkCount: [33m0[39m }
[Graph3D] Clearing existing objects...
[Graph3D] Calling createSimulation...
[Graph3D] Simulation created, setting up event handlers...
[Graph3D] No links or single node, clearing fog immediately
[Graph3D] Data changed: {
  nodesLen: [33m0[39m,
  linksLen: [33m0[39m,
  key: [33m1776869919330[39m,
  timestamp: [33m1776869919330[39m
}
[Graph3D] Creating simulation: [33m0[39m nodes
[Graph3D] createGraphSimulation called: { hasObjectManager: [33mtrue[39m, hasScene: [33mtrue[39m, nodeCount: [33m0[39m, linkCount: [33m0[39m }
[Graph3D] Clearing existing objects...
[Graph3D] Calling createSimulation...
[Graph3D] Simulation created, setting up event handlers...
[Graph3D] No links or single node, clearing fog immediately
[Graph3D] Data changed: {
  nodesLen: [33m0[39m,
  linksLen: [33m0[39m,
  key: [33m1776869919400[39m,
  timestamp: [33m1776869919400[39m
}
[Graph3D] Creating simulation: [33m0[39m nodes
[Graph3D] createGraphSimulation called: { hasObjectManager: [33mtrue[39m, hasScene: [33mtrue[39m, nodeCount: [33m0[39m, linkCount: [33m0[39m }
[Graph3D] Clearing existing objects...
[Graph3D] Calling createSimulation...
[Graph3D] Simulation created, setting up event handlers...
[Graph3D] No links or single node, clearing fog immediately
[Graph3D] Data changed: {
  nodesLen: [33m0[39m,
  linksLen: [33m0[39m,
  key: [33m1776869919466[39m,
  timestamp: [33m1776869919466[39m
}
[Graph3D] Creating simulation: [33m0[39m nodes
[Graph3D] createGraphSimulation called: { hasObjectManager: [33mtrue[39m, hasScene: [33mtrue[39m, nodeCount: [33m0[39m, linkCount: [33m0[39m }
[Graph3D] Clearing existing objects...
[Graph3D] Calling createSimulation...
[Graph3D] Simulation created, setting up event handlers...
[Graph3D] No links or single node, clearing fog immediately
[Graph3D] Data changed: {
  nodesLen: [33m0[39m,
  linksLen: [33m0[39m,
  key: [33m1776869919537[39m,
  timestamp: [33m1776869919537[39m
}
[Graph3D] Creating simulation: [33m0[39m nodes
[Graph3D] createGraphSimulation called: { hasObjectManager: [33mtrue[39m, hasScene: [33mtrue[39m, nodeCount: [33m0[39m, linkCount: [33m0[39m }
[Graph3D] Clearing existing objects...
[Graph3D] Calling createSimulation...
[Graph3D] Simulation created, setting up event handlers...
[Graph3D] No links or single node, clearing fog immediately
[Graph3D] Data changed: {
  nodesLen: [33m0[39m,
  linksLen: [33m0[39m,
  key: [33m1776869919605[39m,
  timestamp: [33m1776869919605[39m
}
[Graph3D] Creating simulation: [33m0[39m nodes
[Graph3D] createGraphSimulation called: { hasObjectManager: [33mtrue[39m, hasScene: [33mtrue[39m, nodeCount: [33m0[39m, linkCount: [33m0[39m }
[Graph3D] Clearing existing objects...
[Graph3D] Calling createSimulation...
[Graph3D] Simulation created, setting up event handlers...
[Graph3D] No links or single node, clearing fog immediately
[Graph3D] Data changed: {
  nodesLen: [33m0[39m,
  linksLen: [33m0[39m,
  key: [33m1776869919673[39m,
  timestamp: [33m1776869919673[39m
}
[Graph3D] Creating simulation: [33m0[39m nodes
[Graph3D] createGraphSimulation called: { hasObjectManager: [33mtrue[39m, hasScene: [33mtrue[39m, nodeCount: [33m0[39m, linkCount: [33m0[39m }
[Graph3D] Clearing existing objects...
[Graph3D] Calling createSimulation...
[Graph3D] Simulation created, setting up event handlers...
[Graph3D] No links or single node, clearing fog immediately
[Graph3D] Data changed: {
  nodesLen: [33m0[39m,
  linksLen: [33m0[39m,
  key: [33m1776869919741[39m,
  timestamp: [33m1776869919741[39m
}
[Graph3D] Creating simulation: [33m0[39m nodes
[Graph3D] createGraphSimulation called: { hasObjectManager: [33mtrue[39m, hasScene: [33mtrue[39m, nodeCount: [33m0[39m, linkCount: [33m0[39m }
[Graph3D] Clearing existing objects...
[Graph3D] Calling createSimulation...
[Graph3D] Simulation created, setting up event handlers...
[Graph3D] No links or single node, clearing fog immediately
[Graph3D] Data changed: {
  nodesLen: [33m0[39m,
  linksLen: [33m0[39m,
  key: [33m1776869919812[39m,
  timestamp: [33m1776869919812[39m
}
[Graph3D] Creating simulation: [33m0[39m nodes
[Graph3D] createGraphSimulation called: { hasObjectManager: [33mtrue[39m, hasScene: [33mtrue[39m, nodeCount: [33m0[39m, linkCount: [33m0[39m }
[Graph3D] Clearing existing objects...
[Graph3D] Calling createSimulation...
[Graph3D] Simulation created, setting up event handlers...
[Graph3D] No links or single node, clearing fog immediately
[Graph3D] Data changed: {
  nodesLen: [33m0[39m,
  linksLen: [33m0[39m,
  key: [33m1776869919884[39m,
  timestamp: [33m1776869919884[39m
}
[Graph3D] Creating simulation: [33m0[39m nodes
[Graph3D] createGraphSimulation called: { hasObjectManager: [33mtrue[39m, hasScene: [33mtrue[39m, nodeCount: [33m0[39m, linkCount: [33m0[39m }
[Graph3D] Clearing existing objects...
[Graph3D] Calling createSimulation...
[Graph3D] Simulation created, setting up event handlers...
[Graph3D] No links or single node, clearing fog immediately
[Graph3D] Data changed: {
  nodesLen: [33m0[39m,
  linksLen: [33m0[39m,
  key: [33m1776869919953[39m,
  timestamp: [33m1776869919953[39m
}
[Graph3D] Creating simulation: [33m0[39m nodes
[Graph3D] createGraphSimulation called: { hasObjectManager: [33mtrue[39m, hasScene: [33mtrue[39m, nodeCount: [33m0[39m, linkCount: [33m0[39m }
[Graph3D] Clearing existing objects...
[Graph3D] Calling createSimulation...
[Graph3D] Simulation created, setting up event handlers...
[Graph3D] No links or single node, clearing fog immediately
[Graph3D] Data changed: {
  nodesLen: [33m0[39m,
  linksLen: [33m0[39m,
  key: [33m1776869920025[39m,
  timestamp: [33m1776869920025[39m
}
[Graph3D] Creating simulation: [33m0[39m nodes
[Graph3D] createGraphSimulation called: { hasObjectManager: [33mtrue[39m, hasScene: [33mtrue[39m, nodeCount: [33m0[39m, linkCount: [33m0[39m }
[Graph3D] Clearing existing objects...
[Graph3D] Calling createSimulation...
[Graph3D] Simulation created, setting up event handlers...
[Graph3D] No links or single node, clearing fog immediately
[Graph3D] Data changed: {
  nodesLen: [33m0[39m,
  linksLen: [33m0[39m,
  key: [33m1776869920096[39m,
  timestamp: [33m1776869920096[39m
}
[Graph3D] Creating simulation: [33m0[39m nodes
[Graph3D] createGraphSimulation called: { hasObjectManager: [33mtrue[39m, hasScene: [33mtrue[39m, nodeCount: [33m0[39m, linkCount: [33m0[39m }
[Graph3D] Clearing existing objects...
[Graph3D] Calling createSimulation...
[Graph3D] Simulation created, setting up event handlers...
[Graph3D] No links or single node, clearing fog immediately
[Graph3D] Data changed: {
  nodesLen: [33m0[39m,
  linksLen: [33m0[39m,
  key: [33m1776869920166[39m,
  timestamp: [33m1776869920166[39m
}
[Graph3D] Creating simulation: [33m0[39m nodes
[Graph3D] createGraphSimulation called: { hasObjectManager: [33mtrue[39m, hasScene: [33mtrue[39m, nodeCount: [33m0[39m, linkCount: [33m0[39m }
[Graph3D] Clearing existing objects...
[Graph3D] Calling createSimulation...
[Graph3D] Simulation created, setting up event handlers...
[Graph3D] No links or single node, clearing fog immediately
[Graph3D] Data changed: {
  nodesLen: [33m0[39m,
  linksLen: [33m0[39m,
  key: [33m1776869920233[39m,
  timestamp: [33m1776869920233[39m
}
[Graph3D] Creating simulation: [33m0[39m nodes
[Graph3D] createGraphSimulation called: { hasObjectManager: [33mtrue[39m, hasScene: [33mtrue[39m, nodeCount: [33m0[39m, linkCount: [33m0[39m }
[Graph3D] Clearing existing objects...
[Graph3D] Calling createSimulation...
[Graph3D] Simulation created, setting up event handlers...
[Graph3D] No links or single node, clearing fog immediately
[Graph3D] Data changed: {
  nodesLen: [33m0[39m,
  linksLen: [33m0[39m,
  key: [33m1776869920300[39m,
  timestamp: [33m1776869920300[39m
}
[Graph3D] Creating simulation: [33m0[39m nodes
[Graph3D] createGraphSimulation called: { hasObjectManager: [33mtrue[39m, hasScene: [33mtrue[39m, nodeCount: [33m0[39m, linkCount: [33m0[39m }
[Graph3D] Clearing existing objects...
[Graph3D] Calling createSimulation...
[Graph3D] Simulation created, setting up event handlers...
[Graph3D] No links or single node, clearing fog immediately
[Graph3D] Data changed: {
  nodesLen: [33m0[39m,
  linksLen: [33m0[39m,
  key: [33m1776869920372[39m,
  timestamp: [33m1776869920372[39m
}
[Graph3D] Creating simulation: [33m0[39m nodes
[Graph3D] createGraphSimulation called: { hasObjectManager: [33mtrue[39m, hasScene: [33mtrue[39m, nodeCount: [33m0[39m, linkCount: [33m0[39m }
[Graph3D] Clearing existing objects...
[Graph3D] Calling createSimulation...
[Graph3D] Simulation created, setting up event handlers...
[Graph3D] No links or single node, clearing fog immediately
[Graph3D] Data changed: {
  nodesLen: [33m0[39m,
  linksLen: [33m0[39m,
  key: [33m1776869920462[39m,
  timestamp: [33m1776869920462[39m
}
[Graph3D] Creating simulation: [33m0[39m nodes
[Graph3D] createGraphSimulation called: { hasObjectManager: [33mtrue[39m, hasScene: [33mtrue[39m, nodeCount: [33m0[39m, linkCount: [33m0[39m }
[Graph3D] Clearing existing objects...
[Graph3D] Calling createSimulation...
[Graph3D] Simulation created, setting up event handlers...
[Graph3D] No links or single node, clearing fog immediately
[Graph3D] Data changed: {
  nodesLen: [33m0[39m,
  linksLen: [33m0[39m,
  key: [33m1776869920534[39m,
  timestamp: [33m1776869920534[39m
}
[Graph3D] Creating simulation: [33m0[39m nodes
[Graph3D] createGraphSimulation called: { hasObjectManager: [33mtrue[39m, hasScene: [33mtrue[39m, nodeCount: [33m0[39m, linkCount: [33m0[39m }
[Graph3D] Clearing existing objects...
[Graph3D] Calling createSimulation...
[Graph3D] Simulation created, setting up event handlers...
[Graph3D] No links or single node, clearing fog immediately
[Graph3D] Data changed: {
  nodesLen: [33m0[39m,
  linksLen: [33m0[39m,
  key: [33m1776869920606[39m,
  timestamp: [33m1776869920606[39m
}
[Graph3D] Creating simulation: [33m0[39m nodes
[Graph3D] createGraphSimulation called: { hasObjectManager: [33mtrue[39m, hasScene: [33mtrue[39m, nodeCount: [33m0[39m, linkCount: [33m0[39m }
[Graph3D] Clearing existing objects...
[Graph3D] Calling createSimulation...
[Graph3D] Simulation created, setting up event handlers...
[Graph3D] No links or single node, clearing fog immediately
[Graph3D] Data changed: {
  nodesLen: [33m0[39m,
  linksLen: [33m0[39m,
  key: [33m1776869920677[39m,
  timestamp: [33m1776869920677[39m
}
[Graph3D] Creating simulation: [33m0[39m nodes
[Graph3D] createGraphSimulation called: { hasObjectManager: [33mtrue[39m, hasScene: [33mtrue[39m, nodeCount: [33m0[39m, linkCount: [33m0[39m }
[Graph3D] Clearing existing objects...
[Graph3D] Calling createSimulation...
[Graph3D] Simulation created, setting up event handlers...
[Graph3D] No links or single node, clearing fog immediately
[Graph3D] Data changed: {
  nodesLen: [33m0[39m,
  linksLen: [33m0[39m,
  key: [33m1776869920749[39m,
  timestamp: [33m1776869920749[39m
}
[Graph3D] Creating simulation: [33m0[39m nodes
[Graph3D] createGraphSimulation called: { hasObjectManager: [33mtrue[39m, hasScene: [33mtrue[39m, nodeCount: [33m0[39m, linkCount: [33m0[39m }
[Graph3D] Clearing existing objects...
[Graph3D] Calling createSimulation...
[Graph3D] Simulation created, setting up event handlers...
[Graph3D] No links or single node, clearing fog immediately
[Graph3D] Data changed: {
  nodesLen: [33m0[39m,
  linksLen: [33m0[39m,
  key: [33m1776869920817[39m,
  timestamp: [33m1776869920817[39m
}
[Graph3D] Creating simulation: [33m0[39m nodes
[Graph3D] createGraphSimulation called: { hasObjectManager: [33mtrue[39m, hasScene: [33mtrue[39m, nodeCount: [33m0[39m, linkCount: [33m0[39m }
[Graph3D] Clearing existing objects...
[Graph3D] Calling createSimulation...
[Graph3D] Simulation created, setting up event handlers...
[Graph3D] No links or single node, clearing fog immediately
[Graph3D] Data changed: {
  nodesLen: [33m0[39m,
  linksLen: [33m0[39m,
  key: [33m1776869920889[39m,
  timestamp: [33m1776869920889[39m
}
[Graph3D] Creating simulation: [33m0[39m nodes
[Graph3D] createGraphSimulation called: { hasObjectManager: [33mtrue[39m, hasScene: [33mtrue[39m, nodeCount: [33m0[39m, linkCount: [33m0[39m }
[Graph3D] Clearing existing objects...
[Graph3D] Calling createSimulation...
[Graph3D] Simulation created, setting up event handlers...
[Graph3D] No links or single node, clearing fog immediately
[Graph3D] Data changed: {
  nodesLen: [33m0[39m,
  linksLen: [33m0[39m,
  key: [33m1776869920961[39m,
  timestamp: [33m1776869920961[39m
}
[Graph3D] Creating simulation: [33m0[39m nodes
[Graph3D] createGraphSimulation called: { hasObjectManager: [33mtrue[39m, hasScene: [33mtrue[39m, nodeCount: [33m0[39m, linkCount: [33m0[39m }
[Graph3D] Clearing existing objects...
[Graph3D] Calling createSimulation...
[Graph3D] Simulation created, setting up event handlers...
[Graph3D] No links or single node, clearing fog immediately
[Graph3D] Data changed: {
  nodesLen: [33m0[39m,
  linksLen: [33m0[39m,
  key: [33m1776869921029[39m,
  timestamp: [33m1776869921029[39m
}
[Graph3D] Creating simulation: [33m0[39m nodes
[Graph3D] createGraphSimulation called: { hasObjectManager: [33mtrue[39m, hasScene: [33mtrue[39m, nodeCount: [33m0[39m, linkCount: [33m0[39m }
[Graph3D] Clearing existing objects...
[Graph3D] Calling createSimulation...
[Graph3D] Simulation created, setting up event handlers...
[Graph3D] No links or single node, clearing fog immediately
[Graph3D] Data changed: {
  nodesLen: [33m0[39m,
  linksLen: [33m0[39m,
  key: [33m1776869921100[39m,
  timestamp: [33m1776869921100[39m
}
[Graph3D] Creating simulation: [33m0[39m nodes
[Graph3D] createGraphSimulation called: { hasObjectManager: [33mtrue[39m, hasScene: [33mtrue[39m, nodeCount: [33m0[39m, linkCount: [33m0[39m }
[Graph3D] Clearing existing objects...
[Graph3D] Calling createSimulation...
[Graph3D] Simulation created, setting up event handlers...
[Graph3D] No links or single node, clearing fog immediately
[Graph3D] Data changed: {
  nodesLen: [33m0[39m,
  linksLen: [33m0[39m,
  key: [33m1776869921172[39m,
  timestamp: [33m1776869921172[39m
}
[Graph3D] Creating simulation: [33m0[39m nodes
[Graph3D] createGraphSimulation called: { hasObjectManager: [33mtrue[39m, hasScene: [33mtrue[39m, nodeCount: [33m0[39m, linkCount: [33m0[39m }
[Graph3D] Clearing existing objects...
[Graph3D] Calling createSimulation...
[Graph3D] Simulation created, setting up event handlers...
[Graph3D] No links or single node, clearing fog immediately
[Graph3D] Data changed: {
  nodesLen: [33m0[39m,
  linksLen: [33m0[39m,
  key: [33m1776869921241[39m,
  timestamp: [33m1776869921241[39m
}
[Graph3D] Creating simulation: [33m0[39m nodes
[Graph3D] createGraphSimulation called: { hasObjectManager: [33mtrue[39m, hasScene: [33mtrue[39m, nodeCount: [33m0[39m, linkCount: [33m0[39m }
[Graph3D] Clearing existing objects...
[Graph3D] Calling createSimulation...
[Graph3D] Simulation created, setting up event handlers...
[Graph3D] No links or single node, clearing fog immediately
[Graph3D] Data changed: {
  nodesLen: [33m0[39m,
  linksLen: [33m0[39m,
  key: [33m1776869921313[39m,
  timestamp: [33m1776869921313[39m
}
[Graph3D] Creating simulation: [33m0[39m nodes
[Graph3D] createGraphSimulation called: { hasObjectManager: [33mtrue[39m, hasScene: [33mtrue[39m, nodeCount: [33m0[39m, linkCount: [33m0[39m }
[Graph3D] Clearing existing objects...
[Graph3D] Calling createSimulation...
[Graph3D] Simulation created, setting up event handlers...
[Graph3D] No links or single node, clearing fog immediately
[Graph3D] Data changed: {
  nodesLen: [33m0[39m,
  linksLen: [33m0[39m,
  key: [33m1776869921389[39m,
  timestamp: [33m1776869921389[39m
}
[Graph3D] Creating simulation: [33m0[39m nodes
[Graph3D] createGraphSimulation called: { hasObjectManager: [33mtrue[39m, hasScene: [33mtrue[39m, nodeCount: [33m0[39m, linkCount: [33m0[39m }
[Graph3D] Clearing existing objects...
[Graph3D] Calling createSimulation...
[Graph3D] Simulation created, setting up event handlers...
[Graph3D] No links or single node, clearing fog immediately
[Graph3D] Data changed: {
  nodesLen: [33m0[39m,
  linksLen: [33m0[39m,
  key: [33m1776869921461[39m,
  timestamp: [33m1776869921461[39m
}
[Graph3D] Creating simulation: [33m0[39m nodes
[Graph3D] createGraphSimulation called: { hasObjectManager: [33mtrue[39m, hasScene: [33mtrue[39m, nodeCount: [33m0[39m, linkCount: [33m0[39m }
[Graph3D] Clearing existing objects...
[Graph3D] Calling createSimulation...
[Graph3D] Simulation created, setting up event handlers...
[Graph3D] No links or single node, clearing fog immediately
[Graph3D] Data changed: {
  nodesLen: [33m0[39m,
  linksLen: [33m0[39m,
  key: [33m1776869921534[39m,
  timestamp: [33m1776869921534[39m
}
[Graph3D] Creating simulation: [33m0[39m nodes
[Graph3D] createGraphSimulation called: { hasObjectManager: [33mtrue[39m, hasScene: [33mtrue[39m, nodeCount: [33m0[39m, linkCount: [33m0[39m }
[Graph3D] Clearing existing objects...
[Graph3D] Calling createSimulation...
[Graph3D] Simulation created, setting up event handlers...
[Graph3D] No links or single node, clearing fog immediately
[Graph3D] Data changed: {
  nodesLen: [33m0[39m,
  linksLen: [33m0[39m,
  key: [33m1776869921605[39m,
  timestamp: [33m1776869921605[39m
}
[Graph3D] Creating simulation: [33m0[39m nodes
[Graph3D] createGraphSimulation called: { hasObjectManager: [33mtrue[39m, hasScene: [33mtrue[39m, nodeCount: [33m0[39m, linkCount: [33m0[39m }
[Graph3D] Clearing existing objects...
[Graph3D] Calling createSimulation...
[Graph3D] Simulation created, setting up event handlers...
[Graph3D] No links or single node, clearing fog immediately
[Graph3D] Data changed: {
  nodesLen: [33m0[39m,
  linksLen: [33m0[39m,
  key: [33m1776869921677[39m,
  timestamp: [33m1776869921677[39m
}
[Graph3D] Creating simulation: [33m0[39m nodes
[Graph3D] createGraphSimulation called: { hasObjectManager: [33mtrue[39m, hasScene: [33mtrue[39m, nodeCount: [33m0[39m, linkCount: [33m0[39m }
[Graph3D] Clearing existing objects...
[Graph3D] Calling createSimulation...
[Graph3D] Simulation created, setting up event handlers...
[Graph3D] No links or single node, clearing fog immediately
[Graph3D] Data changed: {
  nodesLen: [33m0[39m,
  linksLen: [33m0[39m,
  key: [33m1776869921748[39m,
  timestamp: [33m1776869921748[39m
}
[Graph3D] Creating simulation: [33m0[39m nodes
[Graph3D] createGraphSimulation called: { hasObjectManager: [33mtrue[39m, hasScene: [33mtrue[39m, nodeCount: [33m0[39m, linkCount: [33m0[39m }
[Graph3D] Clearing existing objects...
[Graph3D] Calling createSimulation...
[Graph3D] Simulation created, setting up event handlers...
[Graph3D] No links or single node, clearing fog immediately
[Graph3D] Data changed: {
  nodesLen: [33m0[39m,
  linksLen: [33m0[39m,
  key: [33m1776869921824[39m,
  timestamp: [33m1776869921824[39m
}
[Graph3D] Creating simulation: [33m0[39m nodes
[Graph3D] createGraphSimulation called: { hasObjectManager: [33mtrue[39m, hasScene: [33mtrue[39m, nodeCount: [33m0[39m, linkCount: [33m0[39m }
[Graph3D] Clearing existing objects...
[Graph3D] Calling createSimulation...
[Graph3D] Simulation created, setting up event handlers...
[Graph3D] No links or single node, clearing fog immediately
[Graph3D] Data changed: {
  nodesLen: [33m0[39m,
  linksLen: [33m0[39m,
  key: [33m1776869921895[39m,
  timestamp: [33m1776869921895[39m
}
[Graph3D] Creating simulation: [33m0[39m nodes
[Graph3D] createGraphSimulation called: { hasObjectManager: [33mtrue[39m, hasScene: [33mtrue[39m, nodeCount: [33m0[39m, linkCount: [33m0[39m }
[Graph3D] Clearing existing objects...
[Graph3D] Calling createSimulation...
[Graph3D] Simulation created, setting up event handlers...
[Graph3D] No links or single node, clearing fog immediately
[Graph3D] Data changed: {
  nodesLen: [33m0[39m,
  linksLen: [33m0[39m,
  key: [33m1776869921968[39m,
  timestamp: [33m1776869921968[39m
}
[Graph3D] Creating simulation: [33m0[39m nodes
[Graph3D] createGraphSimulation called: { hasObjectManager: [33mtrue[39m, hasScene: [33mtrue[39m, nodeCount: [33m0[39m, linkCount: [33m0[39m }
[Graph3D] Clearing existing objects...
[Graph3D] Calling createSimulation...
[Graph3D] Simulation created, setting up event handlers...
[Graph3D] No links or single node, clearing fog immediately
[Graph3D] Data changed: {
  nodesLen: [33m0[39m,
  linksLen: [33m0[39m,
  key: [33m1776869922042[39m,
  timestamp: [33m1776869922042[39m
}
[Graph3D] Creating simulation: [33m0[39m nodes
[Graph3D] createGraphSimulation called: { hasObjectManager: [33mtrue[39m, hasScene: [33mtrue[39m, nodeCount: [33m0[39m, linkCount: [33m0[39m }
[Graph3D] Clearing existing objects...
[Graph3D] Calling createSimulation...
[Graph3D] Simulation created, setting up event handlers...
[Graph3D] No links or single node, clearing fog immediately
[Graph3D] Data changed: {
  nodesLen: [33m0[39m,
  linksLen: [33m0[39m,
  key: [33m1776869922117[39m,
  timestamp: [33m1776869922117[39m
}
[Graph3D] Creating simulation: [33m0[39m nodes
[Graph3D] createGraphSimulation called: { hasObjectManager: [33mtrue[39m, hasScene: [33mtrue[39m, nodeCount: [33m0[39m, linkCount: [33m0[39m }
[Graph3D] Clearing existing objects...
[Graph3D] Calling createSimulation...
[Graph3D] Simulation created, setting up event handlers...
[Graph3D] No links or single node, clearing fog immediately
[Graph3D] Data changed: {
  nodesLen: [33m0[39m,
  linksLen: [33m0[39m,
  key: [33m1776869922190[39m,
  timestamp: [33m1776869922190[39m
}
[Graph3D] Creating simulation: [33m0[39m nodes
[Graph3D] createGraphSimulation called: { hasObjectManager: [33mtrue[39m, hasScene: [33mtrue[39m, nodeCount: [33m0[39m, linkCount: [33m0[39m }
[Graph3D] Clearing existing objects...
[Graph3D] Calling createSimulation...
[Graph3D] Simulation created, setting up event handlers...
[Graph3D] No links or single node, clearing fog immediately
[Graph3D] Data changed: {
  nodesLen: [33m0[39m,
  linksLen: [33m0[39m,
  key: [33m1776869922261[39m,
  timestamp: [33m1776869922261[39m
}
[Graph3D] Creating simulation: [33m0[39m nodes
[Graph3D] createGraphSimulation called: { hasObjectManager: [33mtrue[39m, hasScene: [33mtrue[39m, nodeCount: [33m0[39m, linkCount: [33m0[39m }
[Graph3D] Clearing existing objects...
[Graph3D] Calling createSimulation...
[Graph3D] Simulation created, setting up event handlers...
[Graph3D] No links or single node, clearing fog immediately
[Graph3D] Data changed: {
  nodesLen: [33m0[39m,
  linksLen: [33m0[39m,
  key: [33m1776869922335[39m,
  timestamp: [33m1776869922335[39m
}
[Graph3D] Creating simulation: [33m0[39m nodes
[Graph3D] createGraphSimulation called: { hasObjectManager: [33mtrue[39m, hasScene: [33mtrue[39m, nodeCount: [33m0[39m, linkCount: [33m0[39m }
[Graph3D] Clearing existing objects...
[Graph3D] Calling createSimulation...
[Graph3D] Simulation created, setting up event handlers...
[Graph3D] No links or single node, clearing fog immediately
[Graph3D] Data changed: {
  nodesLen: [33m0[39m,
  linksLen: [33m0[39m,
  key: [33m1776869922411[39m,
  timestamp: [33m1776869922411[39m
}
[Graph3D] Creating simulation: [33m0[39m nodes
[Graph3D] createGraphSimulation called: { hasObjectManager: [33mtrue[39m, hasScene: [33mtrue[39m, nodeCount: [33m0[39m, linkCount: [33m0[39m }
[Graph3D] Clearing existing objects...
[Graph3D] Calling createSimulation...
[Graph3D] Simulation created, setting up event handlers...
[Graph3D] No links or single node, clearing fog immediately
[Graph3D] Data changed: {
  nodesLen: [33m0[39m,
  linksLen: [33m0[39m,
  key: [33m1776869922482[39m,
  timestamp: [33m1776869922482[39m
}
[Graph3D] Creating simulation: [33m0[39m nodes
[Graph3D] createGraphSimulation called: { hasObjectManager: [33mtrue[39m, hasScene: [33mtrue[39m, nodeCount: [33m0[39m, linkCount: [33m0[39m }
[Graph3D] Clearing existing objects...
[Graph3D] Calling createSimulation...
[Graph3D] Simulation created, setting up event handlers...
[Graph3D] No links or single node, clearing fog immediately
[Graph3D] Data changed: {
  nodesLen: [33m0[39m,
  linksLen: [33m0[39m,
  key: [33m1776869922558[39m,
  timestamp: [33m1776869922558[39m
}
[Graph3D] Creating simulation: [33m0[39m nodes
[Graph3D] createGraphSimulation called: { hasObjectManager: [33mtrue[39m, hasScene: [33mtrue[39m, nodeCount: [33m0[39m, linkCount: [33m0[39m }
[Graph3D] Clearing existing objects...
[Graph3D] Calling createSimulation...
[Graph3D] Simulation created, setting up event handlers...
[Graph3D] No links or single node, clearing fog immediately
[Graph3D] Data changed: {
  nodesLen: [33m0[39m,
  linksLen: [33m0[39m,
  key: [33m1776869922627[39m,
  timestamp: [33m1776869922627[39m
}
[Graph3D] Creating simulation: [33m0[39m nodes
[Graph3D] createGraphSimulation called: { hasObjectManager: [33mtrue[39m, hasScene: [33mtrue[39m, nodeCount: [33m0[39m, linkCount: [33m0[39m }
[Graph3D] Clearing existing objects...
[Graph3D] Calling createSimulation...
[Graph3D] Simulation created, setting up event handlers...
[Graph3D] No links or single node, clearing fog immediately
[Graph3D] Data changed: {
  nodesLen: [33m0[39m,
  linksLen: [33m0[39m,
  key: [33m1776869922698[39m,
  timestamp: [33m1776869922698[39m
}
[Graph3D] Creating simulation: [33m0[39m nodes
[Graph3D] createGraphSimulation called: { hasObjectManager: [33mtrue[39m, hasScene: [33mtrue[39m, nodeCount: [33m0[39m, linkCount: [33m0[39m }
[Graph3D] Clearing existing objects...
[Graph3D] Calling createSimulation...
[Graph3D] Simulation created, setting up event handlers...
[Graph3D] No links or single node, clearing fog immediately
[Graph3D] Data changed: {
  nodesLen: [33m0[39m,
  linksLen: [33m0[39m,
  key: [33m1776869922774[39m,
  timestamp: [33m1776869922774[39m
}
[Graph3D] Creating simulation: [33m0[39m nodes
[Graph3D] createGraphSimulation called: { hasObjectManager: [33mtrue[39m, hasScene: [33mtrue[39m, nodeCount: [33m0[39m, linkCount: [33m0[39m }
[Graph3D] Clearing existing objects...
[Graph3D] Calling createSimulation...
[Graph3D] Simulation created, setting up event handlers...
[Graph3D] No links or single node, clearing fog immediately
[Graph3D] Data changed: {
  nodesLen: [33m0[39m,
  linksLen: [33m0[39m,
  key: [33m1776869922847[39m,
  timestamp: [33m1776869922847[39m
}
[Graph3D] Creating simulation: [33m0[39m nodes
[Graph3D] createGraphSimulation called: { hasObjectManager: [33mtrue[39m, hasScene: [33mtrue[39m, nodeCount: [33m0[39m, linkCount: [33m0[39m }
[Graph3D] Clearing existing objects...
[Graph3D] Calling createSimulation...
[Graph3D] Simulation created, setting up event handlers...
[Graph3D] No links or single node, clearing fog immediately
[Graph3D] Data changed: {
  nodesLen: [33m0[39m,
  linksLen: [33m0[39m,
  key: [33m1776869922921[39m,
  timestamp: [33m1776869922921[39m
}
[Graph3D] Creating simulation: [33m0[39m nodes
[Graph3D] createGraphSimulation called: { hasObjectManager: [33mtrue[39m, hasScene: [33mtrue[39m, nodeCount: [33m0[39m, linkCount: [33m0[39m }
[Graph3D] Clearing existing objects...
[Graph3D] Calling createSimulation...
[Graph3D] Simulation created, setting up event handlers...
[Graph3D] No links or single node, clearing fog immediately
[Graph3D] Data changed: {
  nodesLen: [33m0[39m,
  linksLen: [33m0[39m,
  key: [33m1776869922999[39m,
  timestamp: [33m1776869922999[39m
}
[Graph3D] Creating simulation: [33m0[39m nodes
[Graph3D] createGraphSimulation called: { hasObjectManager: [33mtrue[39m, hasScene: [33mtrue[39m, nodeCount: [33m0[39m, linkCount: [33m0[39m }
[Graph3D] Clearing existing objects...
[Graph3D] Calling createSimulation...
[Graph3D] Simulation created, setting up event handlers...
[Graph3D] No links or single node, clearing fog immediately
[Graph3D] Data changed: {
  nodesLen: [33m0[39m,
  linksLen: [33m0[39m,
  key: [33m1776869923074[39m,
  timestamp: [33m1776869923074[39m
}
[Graph3D] Creating simulation: [33m0[39m nodes
[Graph3D] createGraphSimulation called: { hasObjectManager: [33mtrue[39m, hasScene: [33mtrue[39m, nodeCount: [33m0[39m, linkCount: [33m0[39m }
[Graph3D] Clearing existing objects...
[Graph3D] Calling createSimulation...
[Graph3D] Simulation created, setting up event handlers...
[Graph3D] No links or single node, clearing fog immediately
[Graph3D] Data changed: {
  nodesLen: [33m0[39m,
  linksLen: [33m0[39m,
  key: [33m1776869923149[39m,
  timestamp: [33m1776869923149[39m
}
[Graph3D] Creating simulation: [33m0[39m nodes
[Graph3D] createGraphSimulation called: { hasObjectManager: [33mtrue[39m, hasScene: [33mtrue[39m, nodeCount: [33m0[39m, linkCount: [33m0[39m }
[Graph3D] Clearing existing objects...
[Graph3D] Calling createSimulation...
[Graph3D] Simulation created, setting up event handlers...
[Graph3D] No links or single node, clearing fog immediately
[Graph3D] Data changed: {
  nodesLen: [33m0[39m,
  linksLen: [33m0[39m,
  key: [33m1776869923224[39m,
  timestamp: [33m1776869923224[39m
}
[Graph3D] Creating simulation: [33m0[39m nodes
[Graph3D] createGraphSimulation called: { hasObjectManager: [33mtrue[39m, hasScene: [33mtrue[39m, nodeCount: [33m0[39m, linkCount: [33m0[39m }
[Graph3D] Clearing existing objects...
[Graph3D] Calling createSimulation...
[Graph3D] Simulation created, setting up event handlers...
[Graph3D] No links or single node, clearing fog immediately
[Graph3D] Data changed: {
  nodesLen: [33m0[39m,
  linksLen: [33m0[39m,
  key: [33m1776869923300[39m,
  timestamp: [33m1776869923300[39m
}
[Graph3D] Creating simulation: [33m0[39m nodes
[Graph3D] createGraphSimulation called: { hasObjectManager: [33mtrue[39m, hasScene: [33mtrue[39m, nodeCount: [33m0[39m, linkCount: [33m0[39m }
[Graph3D] Clearing existing objects...
[Graph3D] Calling createSimulation...
[Graph3D] Simulation created, setting up event handlers...
[Graph3D] No links or single node, clearing fog immediately
[Graph3D] Data changed: {
  nodesLen: [33m0[39m,
  linksLen: [33m0[39m,
  key: [33m1776869923380[39m,
  timestamp: [33m1776869923380[39m
}
[Graph3D] Creating simulation: [33m0[39m nodes
[Graph3D] createGraphSimulation called: { hasObjectManager: [33mtrue[39m, hasScene: [33mtrue[39m, nodeCount: [33m0[39m, linkCount: [33m0[39m }
[Graph3D] Clearing existing objects...
[Graph3D] Calling createSimulation...
[Graph3D] Simulation created, setting up event handlers...
[Graph3D] No links or single node, clearing fog immediately
[Graph3D] Data changed: {
  nodesLen: [33m0[39m,
  linksLen: [33m0[39m,
  key: [33m1776869923454[39m,
  timestamp: [33m1776869923454[39m
}
[Graph3D] Creating simulation: [33m0[39m nodes
[Graph3D] createGraphSimulation called: { hasObjectManager: [33mtrue[39m, hasScene: [33mtrue[39m, nodeCount: [33m0[39m, linkCount: [33m0[39m }
[Graph3D] Clearing existing objects...
[Graph3D] Calling createSimulation...
[Graph3D] Simulation created, setting up event handlers...
[Graph3D] No links or single node, clearing fog immediately
[Graph3D] Data changed: {
  nodesLen: [33m0[39m,
  linksLen: [33m0[39m,
  key: [33m1776869923530[39m,
  timestamp: [33m1776869923530[39m
}
[Graph3D] Creating simulation: [33m0[39m nodes
[Graph3D] createGraphSimulation called: { hasObjectManager: [33mtrue[39m, hasScene: [33mtrue[39m, nodeCount: [33m0[39m, linkCount: [33m0[39m }
[Graph3D] Clearing existing objects...
[Graph3D] Calling createSimulation...
[Graph3D] Simulation created, setting up event handlers...
[Graph3D] No links or single node, clearing fog immediately
[Graph3D] Data changed: {
  nodesLen: [33m0[39m,
  linksLen: [33m0[39m,
  key: [33m1776869923604[39m,
  timestamp: [33m1776869923604[39m
}
[Graph3D] Creating simulation: [33m0[39m nodes
[Graph3D] createGraphSimulation called: { hasObjectManager: [33mtrue[39m, hasScene: [33mtrue[39m, nodeCount: [33m0[39m, linkCount: [33m0[39m }
[Graph3D] Clearing existing objects...
[Graph3D] Calling createSimulation...
[Graph3D] Simulation created, setting up event handlers...
[Graph3D] No links or single node, clearing fog immediately
[Graph3D] Data changed: {
  nodesLen: [33m0[39m,
  linksLen: [33m0[39m,
  key: [33m1776869923678[39m,
  timestamp: [33m1776869923678[39m
}
[Graph3D] Creating simulation: [33m0[39m nodes
[Graph3D] createGraphSimulation called: { hasObjectManager: [33mtrue[39m, hasScene: [33mtrue[39m, nodeCount: [33m0[39m, linkCount: [33m0[39m }
[Graph3D] Clearing existing objects...
[Graph3D] Calling createSimulation...
[Graph3D] Simulation created, setting up event handlers...
[Graph3D] No links or single node, clearing fog immediately
[Graph3D] Data changed: {
  nodesLen: [33m0[39m,
  linksLen: [33m0[39m,
  key: [33m1776869923751[39m,
  timestamp: [33m1776869923751[39m
}
[Graph3D] Creating simulation: [33m0[39m nodes
[Graph3D] createGraphSimulation called: { hasObjectManager: [33mtrue[39m, hasScene: [33mtrue[39m, nodeCount: [33m0[39m, linkCount: [33m0[39m }
[Graph3D] Clearing existing objects...
[Graph3D] Calling createSimulation...
[Graph3D] Simulation created, setting up event handlers...
[Graph3D] No links or single node, clearing fog immediately
[Graph3D] Data changed: {
  nodesLen: [33m0[39m,
  linksLen: [33m0[39m,
  key: [33m1776869923827[39m,
  timestamp: [33m1776869923827[39m
}
[Graph3D] Creating simulation: [33m0[39m nodes
[Graph3D] createGraphSimulation called: { hasObjectManager: [33mtrue[39m, hasScene: [33mtrue[39m, nodeCount: [33m0[39m, linkCount: [33m0[39m }
[Graph3D] Clearing existing objects...
[Graph3D] Calling createSimulation...
[Graph3D] Simulation created, setting up event handlers...
[Graph3D] No links or single node, clearing fog immediately
[Graph3D] Data changed: {
  nodesLen: [33m0[39m,
  linksLen: [33m0[39m,
  key: [33m1776869923900[39m,
  timestamp: [33m1776869923900[39m
}
[Graph3D] Creating simulation: [33m0[39m nodes
[Graph3D] createGraphSimulation called: { hasObjectManager: [33mtrue[39m, hasScene: [33mtrue[39m, nodeCount: [33m0[39m, linkCount: [33m0[39m }
[Graph3D] Clearing existing objects...
[Graph3D] Calling createSimulation...
[Graph3D] Simulation created, setting up event handlers...
[Graph3D] No links or single node, clearing fog immediately
[Graph3D] Data changed: {
  nodesLen: [33m0[39m,
  linksLen: [33m0[39m,
  key: [33m1776869923977[39m,
  timestamp: [33m1776869923977[39m
}
[Graph3D] Creating simulation: [33m0[39m nodes
[Graph3D] createGraphSimulation called: { hasObjectManager: [33mtrue[39m, hasScene: [33mtrue[39m, nodeCount: [33m0[39m, linkCount: [33m0[39m }
[Graph3D] Clearing existing objects...
[Graph3D] Calling createSimulation...
[Graph3D] Simulation created, setting up event handlers...
[Graph3D] No links or single node, clearing fog immediately
[Graph3D] Data changed: {
  nodesLen: [33m0[39m,
  linksLen: [33m0[39m,
  key: [33m1776869924052[39m,
  timestamp: [33m1776869924052[39m
}
[Graph3D] Creating simulation: [33m0[39m nodes
[Graph3D] createGraphSimulation called: { hasObjectManager: [33mtrue[39m, hasScene: [33mtrue[39m, nodeCount: [33m0[39m, linkCount: [33m0[39m }
[Graph3D] Clearing existing objects...
[Graph3D] Calling createSimulation...
[Graph3D] Simulation created, setting up event handlers...
[Graph3D] No links or single node, clearing fog immediately
[Graph3D] Data changed: {
  nodesLen: [33m0[39m,
  linksLen: [33m0[39m,
  key: [33m1776869924138[39m,
  timestamp: [33m1776869924138[39m
}
[Graph3D] Creating simulation: [33m0[39m nodes
[Graph3D] createGraphSimulation called: { hasObjectManager: [33mtrue[39m, hasScene: [33mtrue[39m, nodeCount: [33m0[39m, linkCount: [33m0[39m }
[Graph3D] Clearing existing objects...
[Graph3D] Calling createSimulation...
[Graph3D] Simulation created, setting up event handlers...
[Graph3D] No links or single node, clearing fog immediately
[Graph3D] Data changed: {
  nodesLen: [33m0[39m,
  linksLen: [33m0[39m,
  key: [33m1776869924212[39m,
  timestamp: [33m1776869924212[39m
}
[Graph3D] Creating simulation: [33m0[39m nodes
[Graph3D] createGraphSimulation called: { hasObjectManager: [33mtrue[39m, hasScene: [33mtrue[39m, nodeCount: [33m0[39m, linkCount: [33m0[39m }
[Graph3D] Clearing existing objects...
[Graph3D] Calling createSimulation...
[Graph3D] Simulation created, setting up event handlers...
[Graph3D] No links or single node, clearing fog immediately
[Graph3D] Data changed: {
  nodesLen: [33m0[39m,
  linksLen: [33m0[39m,
  key: [33m1776869924287[39m,
  timestamp: [33m1776869924287[39m
}
[Graph3D] Creating simulation: [33m0[39m nodes
[Graph3D] createGraphSimulation called: { hasObjectManager: [33mtrue[39m, hasScene: [33mtrue[39m, nodeCount: [33m0[39m, linkCount: [33m0[39m }
[Graph3D] Clearing existing objects...
[Graph3D] Calling createSimulation...
[Graph3D] Simulation created, setting up event handlers...
[Graph3D] No links or single node, clearing fog immediately
[Graph3D] Data changed: {
  nodesLen: [33m0[39m,
  linksLen: [33m0[39m,
  key: [33m1776869924360[39m,
  timestamp: [33m1776869924360[39m
}
[Graph3D] Creating simulation: [33m0[39m nodes
[Graph3D] createGraphSimulation called: { hasObjectManager: [33mtrue[39m, hasScene: [33mtrue[39m, nodeCount: [33m0[39m, linkCount: [33m0[39m }
[Graph3D] Clearing existing objects...
[Graph3D] Calling createSimulation...
[Graph3D] Simulation created, setting up event handlers...
[Graph3D] No links or single node, clearing fog immediately
[Graph3D] Data changed: {
  nodesLen: [33m0[39m,
  linksLen: [33m0[39m,
  key: [33m1776869924438[39m,
  timestamp: [33m1776869924438[39m
}
[Graph3D] Creating simulation: [33m0[39m nodes
[Graph3D] createGraphSimulation called: { hasObjectManager: [33mtrue[39m, hasScene: [33mtrue[39m, nodeCount: [33m0[39m, linkCount: [33m0[39m }
[Graph3D] Clearing existing objects...
[Graph3D] Calling createSimulation...
[Graph3D] Simulation created, setting up event handlers...
[Graph3D] No links or single node, clearing fog immediately
[Graph3D] Data changed: {
  nodesLen: [33m0[39m,
  linksLen: [33m0[39m,
  key: [33m1776869924515[39m,
  timestamp: [33m1776869924515[39m
}
[Graph3D] Creating simulation: [33m0[39m nodes
[Graph3D] createGraphSimulation called: { hasObjectManager: [33mtrue[39m, hasScene: [33mtrue[39m, nodeCount: [33m0[39m, linkCount: [33m0[39m }
[Graph3D] Clearing existing objects...
[Graph3D] Calling createSimulation...
[Graph3D] Simulation created, setting up event handlers...
[Graph3D] No links or single node, clearing fog immediately
[Graph3D] Data changed: {
  nodesLen: [33m0[39m,
  linksLen: [33m0[39m,
  key: [33m1776869924590[39m,
  timestamp: [33m1776869924590[39m
}
[Graph3D] Creating simulation: [33m0[39m nodes
[Graph3D] createGraphSimulation called: { hasObjectManager: [33mtrue[39m, hasScene: [33mtrue[39m, nodeCount: [33m0[39m, linkCount: [33m0[39m }
[Graph3D] Clearing existing objects...
[Graph3D] Calling createSimulation...
[Graph3D] Simulation created, setting up event handlers...
[Graph3D] No links or single node, clearing fog immediately
[Graph3D] Data changed: {
  nodesLen: [33m0[39m,
  linksLen: [33m0[39m,
  key: [33m1776869924667[39m,
  timestamp: [33m1776869924667[39m
}
[Graph3D] Creating simulation: [33m0[39m nodes
[Graph3D] createGraphSimulation called: { hasObjectManager: [33mtrue[39m, hasScene: [33mtrue[39m, nodeCount: [33m0[39m, linkCount: [33m0[39m }
[Graph3D] Clearing existing objects...
[Graph3D] Calling createSimulation...
[Graph3D] Simulation created, setting up event handlers...
[Graph3D] No links or single node, clearing fog immediately
[Graph3D] Data changed: {
  nodesLen: [33m0[39m,
  linksLen: [33m0[39m,
  key: [33m1776869924740[39m,
  timestamp: [33m1776869924740[39m
}
[Graph3D] Creating simulation: [33m0[39m nodes
[Graph3D] createGraphSimulation called: { hasObjectManager: [33mtrue[39m, hasScene: [33mtrue[39m, nodeCount: [33m0[39m, linkCount: [33m0[39m }
[Graph3D] Clearing existing objects...
[Graph3D] Calling createSimulation...
[Graph3D] Simulation created, setting up event handlers...
[Graph3D] No links or single node, clearing fog immediately
[Graph3D] Data changed: {
  nodesLen: [33m0[39m,
  linksLen: [33m0[39m,
  key: [33m1776869924819[39m,
  timestamp: [33m1776869924819[39m
}
[Graph3D] Creating simulation: [33m0[39m nodes
[Graph3D] createGraphSimulation called: { hasObjectManager: [33mtrue[39m, hasScene: [33mtrue[39m, nodeCount: [33m0[39m, linkCount: [33m0[39m }
[Graph3D] Clearing existing objects...
[Graph3D] Calling createSimulation...
[Graph3D] Simulation created, setting up event handlers...
[Graph3D] No links or single node, clearing fog immediately
[Graph3D] Data changed: {
  nodesLen: [33m0[39m,
  linksLen: [33m0[39m,
  key: [33m1776869924897[39m,
  timestamp: [33m1776869924897[39m
}
[Graph3D] Creating simulation: [33m0[39m nodes
[Graph3D] createGraphSimulation called: { hasObjectManager: [33mtrue[39m, hasScene: [33mtrue[39m, nodeCount: [33m0[39m, linkCount: [33m0[39m }
[Graph3D] Clearing existing objects...
[Graph3D] Calling createSimulation...
[Graph3D] Simulation created, setting up event handlers...
[Graph3D] No links or single node, clearing fog immediately
[Graph3D] Data changed: {
  nodesLen: [33m0[39m,
  linksLen: [33m0[39m,
  key: [33m1776869924975[39m,
  timestamp: [33m1776869924975[39m
}
[Graph3D] Creating simulation: [33m0[39m nodes
[Graph3D] createGraphSimulation called: { hasObjectManager: [33mtrue[39m, hasScene: [33mtrue[39m, nodeCount: [33m0[39m, linkCount: [33m0[39m }
[Graph3D] Clearing existing objects...
[Graph3D] Calling createSimulation...
[Graph3D] Simulation created, setting up event handlers...
[Graph3D] No links or single node, clearing fog immediately
[Graph3D] Data changed: {
  nodesLen: [33m0[39m,
  linksLen: [33m0[39m,
  key: [33m1776869925049[39m,
  timestamp: [33m1776869925049[39m
}
[Graph3D] Creating simulation: [33m0[39m nodes
[Graph3D] createGraphSimulation called: { hasObjectManager: [33mtrue[39m, hasScene: [33mtrue[39m, nodeCount: [33m0[39m, linkCount: [33m0[39m }
[Graph3D] Clearing existing objects...
[Graph3D] Calling createSimulation...
[Graph3D] Simulation created, setting up event handlers...
[Graph3D] No links or single node, clearing fog immediately
[Graph3D] Data changed: {
  nodesLen: [33m0[39m,
  linksLen: [33m0[39m,
  key: [33m1776869925127[39m,
  timestamp: [33m1776869925127[39m
}
[Graph3D] Creating simulation: [33m0[39m nodes
[Graph3D] createGraphSimulation called: { hasObjectManager: [33mtrue[39m, hasScene: [33mtrue[39m, nodeCount: [33m0[39m, linkCount: [33m0[39m }
[Graph3D] Clearing existing objects...
[Graph3D] Calling createSimulation...
[Graph3D] Simulation created, setting up event handlers...
[Graph3D] No links or single node, clearing fog immediately
[Graph3D] Data changed: {
  nodesLen: [33m0[39m,
  linksLen: [33m0[39m,
  key: [33m1776869925203[39m,
  timestamp: [33m1776869925203[39m
}
[Graph3D] Creating simulation: [33m0[39m nodes
[Graph3D] createGraphSimulation called: { hasObjectManager: [33mtrue[39m, hasScene: [33mtrue[39m, nodeCount: [33m0[39m, linkCount: [33m0[39m }
[Graph3D] Clearing existing objects...
[Graph3D] Calling createSimulation...
[Graph3D] Simulation created, setting up event handlers...
[Graph3D] No links or single node, clearing fog immediately
[Graph3D] Data changed: {
  nodesLen: [33m0[39m,
  linksLen: [33m0[39m,
  key: [33m1776869925278[39m,
  timestamp: [33m1776869925278[39m
}
[Graph3D] Creating simulation: [33m0[39m nodes
[Graph3D] createGraphSimulation called: { hasObjectManager: [33mtrue[39m, hasScene: [33mtrue[39m, nodeCount: [33m0[39m, linkCount: [33m0[39m }
[Graph3D] Clearing existing objects...
[Graph3D] Calling createSimulation...
[Graph3D] Simulation created, setting up event handlers...
[Graph3D] No links or single node, clearing fog immediately
[Graph3D] Data changed: {
  nodesLen: [33m0[39m,
  linksLen: [33m0[39m,
  key: [33m1776869925382[39m,
  timestamp: [33m1776869925382[39m
}
[Graph3D] Creating simulation: [33m0[39m nodes
[Graph3D] createGraphSimulation called: { hasObjectManager: [33mtrue[39m, hasScene: [33mtrue[39m, nodeCount: [33m0[39m, linkCount: [33m0[39m }
[Graph3D] Clearing existing objects...
[Graph3D] Calling createSimulation...
[Graph3D] Simulation created, setting up event handlers...
[Graph3D] No links or single node, clearing fog immediately
[Graph3D] Data changed: {
  nodesLen: [33m0[39m,
  linksLen: [33m0[39m,
  key: [33m1776869925462[39m,
  timestamp: [33m1776869925462[39m
}
[Graph3D] Creating simulation: [33m0[39m nodes
[Graph3D] createGraphSimulation called: { hasObjectManager: [33mtrue[39m, hasScene: [33mtrue[39m, nodeCount: [33m0[39m, linkCount: [33m0[39m }
[Graph3D] Clearing existing objects...
[Graph3D] Calling createSimulation...
[Graph3D] Simulation created, setting up event handlers...
[Graph3D] No links or single node, clearing fog immediately
[Graph3D] Data changed: {
  nodesLen: [33m0[39m,
  linksLen: [33m0[39m,
  key: [33m1776869925542[39m,
  timestamp: [33m1776869925542[39m
}
[Graph3D] Creating simulation: [33m0[39m nodes
[Graph3D] createGraphSimulation called: { hasObjectManager: [33mtrue[39m, hasScene: [33mtrue[39m, nodeCount: [33m0[39m, linkCount: [33m0[39m }
[Graph3D] Clearing existing objects...
[Graph3D] Calling createSimulation...
[Graph3D] Simulation created, setting up event handlers...
[Graph3D] No links or single node, clearing fog immediately
[Graph3D] Data changed: {
  nodesLen: [33m0[39m,
  linksLen: [33m0[39m,
  key: [33m1776869925618[39m,
  timestamp: [33m1776869925618[39m
}
[Graph3D] Creating simulation: [33m0[39m nodes
[Graph3D] createGraphSimulation called: { hasObjectManager: [33mtrue[39m, hasScene: [33mtrue[39m, nodeCount: [33m0[39m, linkCount: [33m0[39m }
[Graph3D] Clearing existing objects...
[Graph3D] Calling createSimulation...
[Graph3D] Simulation created, setting up event handlers...
[Graph3D] No links or single node, clearing fog immediately
[Graph3D] Data changed: {
  nodesLen: [33m0[39m,
  linksLen: [33m0[39m,
  key: [33m1776869925700[39m,
  timestamp: [33m1776869925700[39m
}
[Graph3D] Creating simulation: [33m0[39m nodes
[Graph3D] createGraphSimulation called: { hasObjectManager: [33mtrue[39m, hasScene: [33mtrue[39m, nodeCount: [33m0[39m, linkCount: [33m0[39m }
[Graph3D] Clearing existing objects...
[Graph3D] Calling createSimulation...
[Graph3D] Simulation created, setting up event handlers...
[Graph3D] No links or single node, clearing fog immediately
[Graph3D] Data changed: {
  nodesLen: [33m0[39m,
  linksLen: [33m0[39m,
  key: [33m1776869925782[39m,
  timestamp: [33m1776869925782[39m
}
[Graph3D] Creating simulation: [33m0[39m nodes
[Graph3D] createGraphSimulation called: { hasObjectManager: [33mtrue[39m, hasScene: [33mtrue[39m, nodeCount: [33m0[39m, linkCount: [33m0[39m }
[Graph3D] Clearing existing objects...
[Graph3D] Calling createSimulation...
[Graph3D] Simulation created, setting up event handlers...
[Graph3D] No links or single node, clearing fog immediately
[Graph3D] Data changed: {
  nodesLen: [33m0[39m,
  linksLen: [33m0[39m,
  key: [33m1776869925859[39m,
  timestamp: [33m1776869925859[39m
}
[Graph3D] Creating simulation: [33m0[39m nodes
[Graph3D] createGraphSimulation called: { hasObjectManager: [33mtrue[39m, hasScene: [33mtrue[39m, nodeCount: [33m0[39m, linkCount: [33m0[39m }
[Graph3D] Clearing existing objects...
[Graph3D] Calling createSimulation...
[Graph3D] Simulation created, setting up event handlers...
[Graph3D] No links or single node, clearing fog immediately
[Graph3D] Data changed: {
  nodesLen: [33m0[39m,
  linksLen: [33m0[39m,
  key: [33m1776869925938[39m,
  timestamp: [33m1776869925938[39m
}
[Graph3D] Creating simulation: [33m0[39m nodes
[Graph3D] createGraphSimulation called: { hasObjectManager: [33mtrue[39m, hasScene: [33mtrue[39m, nodeCount: [33m0[39m, linkCount: [33m0[39m }
[Graph3D] Clearing existing objects...
[Graph3D] Calling createSimulation...
[Graph3D] Simulation created, setting up event handlers...
[Graph3D] No links or single node, clearing fog immediately
[Graph3D] Data changed: {
  nodesLen: [33m0[39m,
  linksLen: [33m0[39m,
  key: [33m1776869926020[39m,
  timestamp: [33m1776869926020[39m
}
[Graph3D] Creating simulation: [33m0[39m nodes
[Graph3D] createGraphSimulation called: { hasObjectManager: [33mtrue[39m, hasScene: [33mtrue[39m, nodeCount: [33m0[39m, linkCount: [33m0[39m }
[Graph3D] Clearing existing objects...
[Graph3D] Calling createSimulation...
[Graph3D] Simulation created, setting up event handlers...
[Graph3D] No links or single node, clearing fog immediately
[Graph3D] Data changed: {
  nodesLen: [33m0[39m,
  linksLen: [33m0[39m,
  key: [33m1776869926099[39m,
  timestamp: [33m1776869926099[39m
}
[Graph3D] Creating simulation: [33m0[39m nodes
[Graph3D] createGraphSimulation called: { hasObjectManager: [33mtrue[39m, hasScene: [33mtrue[39m, nodeCount: [33m0[39m, linkCount: [33m0[39m }
[Graph3D] Clearing existing objects...
[Graph3D] Calling createSimulation...
[Graph3D] Simulation created, setting up event handlers...
[Graph3D] No links or single node, clearing fog immediately
[Graph3D] Data changed: {
  nodesLen: [33m0[39m,
  linksLen: [33m0[39m,
  key: [33m1776869926175[39m,
  timestamp: [33m1776869926175[39m
}
[Graph3D] Creating simulation: [33m0[39m nodes
[Graph3D] createGraphSimulation called: { hasObjectManager: [33mtrue[39m, hasScene: [33mtrue[39m, nodeCount: [33m0[39m, linkCount: [33m0[39m }
[Graph3D] Clearing existing objects...
[Graph3D] Calling createSimulation...
[Graph3D] Simulation created, setting up event handlers...
[Graph3D] No links or single node, clearing fog immediately
[Graph3D] Data changed: {
  nodesLen: [33m0[39m,
  linksLen: [33m0[39m,
  key: [33m1776869926252[39m,
  timestamp: [33m1776869926252[39m
}
[Graph3D] Creating simulation: [33m0[39m nodes
[Graph3D] createGraphSimulation called: { hasObjectManager: [33mtrue[39m, hasScene: [33mtrue[39m, nodeCount: [33m0[39m, linkCount: [33m0[39m }
[Graph3D] Clearing existing objects...
[Graph3D] Calling createSimulation...
[Graph3D] Simulation created, setting up event handlers...
[Graph3D] No links or single node, clearing fog immediately
[Graph3D] Data changed: {
  nodesLen: [33m0[39m,
  linksLen: [33m0[39m,
  key: [33m1776869926334[39m,
  timestamp: [33m1776869926334[39m
}
[Graph3D] Creating simulation: [33m0[39m nodes
[Graph3D] createGraphSimulation called: { hasObjectManager: [33mtrue[39m, hasScene: [33mtrue[39m, nodeCount: [33m0[39m, linkCount: [33m0[39m }
[Graph3D] Clearing existing objects...
[Graph3D] Calling createSimulation...
[Graph3D] Simulation created, setting up event handlers...
[Graph3D] No links or single node, clearing fog immediately
[Graph3D] Data changed: {
  nodesLen: [33m0[39m,
  linksLen: [33m0[39m,
  key: [33m1776869926415[39m,
  timestamp: [33m1776869926415[39m
}
[Graph3D] Creating simulation: [33m0[39m nodes
[Graph3D] createGraphSimulation called: { hasObjectManager: [33mtrue[39m, hasScene: [33mtrue[39m, nodeCount: [33m0[39m, linkCount: [33m0[39m }
[Graph3D] Clearing existing objects...
[Graph3D] Calling createSimulation...
[Graph3D] Simulation created, setting up event handlers...
[Graph3D] No links or single node, clearing fog immediately
[Graph3D] Data changed: {
  nodesLen: [33m0[39m,
  linksLen: [33m0[39m,
  key: [33m1776869926493[39m,
  timestamp: [33m1776869926493[39m
}
[Graph3D] Creating simulation: [33m0[39m nodes
[Graph3D] createGraphSimulation called: { hasObjectManager: [33mtrue[39m, hasScene: [33mtrue[39m, nodeCount: [33m0[39m, linkCount: [33m0[39m }
[Graph3D] Clearing existing objects...
[Graph3D] Calling createSimulation...
[Graph3D] Simulation created, setting up event handlers...
[Graph3D] No links or single node, clearing fog immediately
[Graph3D] Data changed: {
  nodesLen: [33m0[39m,
  linksLen: [33m0[39m,
  key: [33m1776869926572[39m,
  timestamp: [33m1776869926572[39m
}
[Graph3D] Creating simulation: [33m0[39m nodes
[Graph3D] createGraphSimulation called: { hasObjectManager: [33mtrue[39m, hasScene: [33mtrue[39m, nodeCount: [33m0[39m, linkCount: [33m0[39m }
[Graph3D] Clearing existing objects...
[Graph3D] Calling createSimulation...
[Graph3D] Simulation created, setting up event handlers...
[Graph3D] No links or single node, clearing fog immediately
[Graph3D] Data changed: {
  nodesLen: [33m0[39m,
  linksLen: [33m0[39m,
  key: [33m1776869926649[39m,
  timestamp: [33m1776869926649[39m
}
[Graph3D] Creating simulation: [33m0[39m nodes
[Graph3D] createGraphSimulation called: { hasObjectManager: [33mtrue[39m, hasScene: [33mtrue[39m, nodeCount: [33m0[39m, linkCount: [33m0[39m }
[Graph3D] Clearing existing objects...
[Graph3D] Calling createSimulation...
[Graph3D] Simulation created, setting up event handlers...
[Graph3D] No links or single node, clearing fog immediately
[Graph3D] Data changed: {
  nodesLen: [33m0[39m,
  linksLen: [33m0[39m,
  key: [33m1776869926728[39m,
  timestamp: [33m1776869926728[39m
}
[Graph3D] Creating simulation: [33m0[39m nodes
[Graph3D] createGraphSimulation called: { hasObjectManager: [33mtrue[39m, hasScene: [33mtrue[39m, nodeCount: [33m0[39m, linkCount: [33m0[39m }
[Graph3D] Clearing existing objects...
[Graph3D] Calling createSimulation...
[Graph3D] Simulation created, setting up event handlers...
[Graph3D] No links or single node, clearing fog immediately
[Graph3D] Data changed: {
  nodesLen: [33m0[39m,
  linksLen: [33m0[39m,
  key: [33m1776869926807[39m,
  timestamp: [33m1776869926807[39m
}
[Graph3D] Creating simulation: [33m0[39m nodes
[Graph3D] createGraphSimulation called: { hasObjectManager: [33mtrue[39m, hasScene: [33mtrue[39m, nodeCount: [33m0[39m, linkCount: [33m0[39m }
[Graph3D] Clearing existing objects...
[Graph3D] Calling createSimulation...
[Graph3D] Simulation created, setting up event handlers...
[Graph3D] No links or single node, clearing fog immediately
[Graph3D] Data changed: {
  nodesLen: [33m0[39m,
  linksLen: [33m0[39m,
  key: [33m1776869926885[39m,
  timestamp: [33m1776869926885[39m
}
[Graph3D] Creating simulation: [33m0[39m nodes
[Graph3D] createGraphSimulation called: { hasObjectManager: [33mtrue[39m, hasScene: [33mtrue[39m, nodeCount: [33m0[39m, linkCount: [33m0[39m }
[Graph3D] Clearing existing objects...
[Graph3D] Calling createSimulation...
[Graph3D] Simulation created, setting up event handlers...
[Graph3D] No links or single node, clearing fog immediately
[Graph3D] Data changed: {
  nodesLen: [33m0[39m,
  linksLen: [33m0[39m,
  key: [33m1776869926962[39m,
  timestamp: [33m1776869926962[39m
}
[Graph3D] Creating simulation: [33m0[39m nodes
[Graph3D] createGraphSimulation called: { hasObjectManager: [33mtrue[39m, hasScene: [33mtrue[39m, nodeCount: [33m0[39m, linkCount: [33m0[39m }
[Graph3D] Clearing existing objects...
[Graph3D] Calling createSimulation...
[Graph3D] Simulation created, setting up event handlers...
[Graph3D] No links or single node, clearing fog immediately
[Graph3D] Data changed: {
  nodesLen: [33m0[39m,
  linksLen: [33m0[39m,
  key: [33m1776869927042[39m,
  timestamp: [33m1776869927042[39m
}
[Graph3D] Creating simulation: [33m0[39m nodes
[Graph3D] createGraphSimulation called: { hasObjectManager: [33mtrue[39m, hasScene: [33mtrue[39m, nodeCount: [33m0[39m, linkCount: [33m0[39m }
[Graph3D] Clearing existing objects...
[Graph3D] Calling createSimulation...
[Graph3D] Simulation created, setting up event handlers...
[Graph3D] No links or single node, clearing fog immediately
[Graph3D] Data changed: {
  nodesLen: [33m0[39m,
  linksLen: [33m0[39m,
  key: [33m1776869927122[39m,
  timestamp: [33m1776869927122[39m
}
[Graph3D] Creating simulation: [33m0[39m nodes
[Graph3D] createGraphSimulation called: { hasObjectManager: [33mtrue[39m, hasScene: [33mtrue[39m, nodeCount: [33m0[39m, linkCount: [33m0[39m }
[Graph3D] Clearing existing objects...
[Graph3D] Calling createSimulation...
[Graph3D] Simulation created, setting up event handlers...
[Graph3D] No links or single node, clearing fog immediately
[Graph3D] Data changed: {
  nodesLen: [33m0[39m,
  linksLen: [33m0[39m,
  key: [33m1776869927203[39m,
  timestamp: [33m1776869927203[39m
}
[Graph3D] Creating simulation: [33m0[39m nodes
[Graph3D] createGraphSimulation called: { hasObjectManager: [33mtrue[39m, hasScene: [33mtrue[39m, nodeCount: [33m0[39m, linkCount: [33m0[39m }
[Graph3D] Clearing existing objects...
[Graph3D] Calling createSimulation...
[Graph3D] Simulation created, setting up event handlers...
[Graph3D] No links or single node, clearing fog immediately
[Graph3D] Data changed: {
  nodesLen: [33m0[39m,
  linksLen: [33m0[39m,
  key: [33m1776869927284[39m,
  timestamp: [33m1776869927284[39m
}
[Graph3D] Creating simulation: [33m0[39m nodes
[Graph3D] createGraphSimulation called: { hasObjectManager: [33mtrue[39m, hasScene: [33mtrue[39m, nodeCount: [33m0[39m, linkCount: [33m0[39m }
[Graph3D] Clearing existing objects...
[Graph3D] Calling createSimulation...
[Graph3D] Simulation created, setting up event handlers...
[Graph3D] No links or single node, clearing fog immediately
[Graph3D] Data changed: {
  nodesLen: [33m0[39m,
  linksLen: [33m0[39m,
  key: [33m1776869927367[39m,
  timestamp: [33m1776869927367[39m
}
[Graph3D] Creating simulation: [33m0[39m nodes
[Graph3D] createGraphSimulation called: { hasObjectManager: [33mtrue[39m, hasScene: [33mtrue[39m, nodeCount: [33m0[39m, linkCount: [33m0[39m }
[Graph3D] Clearing existing objects...
[Graph3D] Calling createSimulation...
[Graph3D] Simulation created, setting up event handlers...
[Graph3D] No links or single node, clearing fog immediately
[Graph3D] Data changed: {
  nodesLen: [33m0[39m,
  linksLen: [33m0[39m,
  key: [33m1776869927451[39m,
  timestamp: [33m1776869927451[39m
}
[Graph3D] Creating simulation: [33m0[39m nodes
[Graph3D] createGraphSimulation called: { hasObjectManager: [33mtrue[39m, hasScene: [33mtrue[39m, nodeCount: [33m0[39m, linkCount: [33m0[39m }
[Graph3D] Clearing existing objects...
[Graph3D] Calling createSimulation...
[Graph3D] Simulation created, setting up event handlers...
[Graph3D] No links or single node, clearing fog immediately
[Graph3D] Data changed: {
  nodesLen: [33m0[39m,
  linksLen: [33m0[39m,
  key: [33m1776869927531[39m,
  timestamp: [33m1776869927531[39m
}
[Graph3D] Creating simulation: [33m0[39m nodes
[Graph3D] createGraphSimulation called: { hasObjectManager: [33mtrue[39m, hasScene: [33mtrue[39m, nodeCount: [33m0[39m, linkCount: [33m0[39m }
[Graph3D] Clearing existing objects...
[Graph3D] Calling createSimulation...
[Graph3D] Simulation created, setting up event handlers...
[Graph3D] No links or single node, clearing fog immediately
[Graph3D] Data changed: {
  nodesLen: [33m0[39m,
  linksLen: [33m0[39m,
  key: [33m1776869927611[39m,
  timestamp: [33m1776869927611[39m
}
[Graph3D] Creating simulation: [33m0[39m nodes
[Graph3D] createGraphSimulation called: { hasObjectManager: [33mtrue[39m, hasScene: [33mtrue[39m, nodeCount: [33m0[39m, linkCount: [33m0[39m }
[Graph3D] Clearing existing objects...
[Graph3D] Calling createSimulation...
[Graph3D] Simulation created, setting up event handlers...
[Graph3D] No links or single node, clearing fog immediately
[Graph3D] Data changed: {
  nodesLen: [33m0[39m,
  linksLen: [33m0[39m,
  key: [33m1776869927692[39m,
  timestamp: [33m1776869927692[39m
}
[Graph3D] Creating simulation: [33m0[39m nodes
[Graph3D] createGraphSimulation called: { hasObjectManager: [33mtrue[39m, hasScene: [33mtrue[39m, nodeCount: [33m0[39m, linkCount: [33m0[39m }
[Graph3D] Clearing existing objects...
[Graph3D] Calling createSimulation...
[Graph3D] Simulation created, setting up event handlers...
[Graph3D] No links or single node, clearing fog immediately
[Graph3D] Data changed: {
  nodesLen: [33m0[39m,
  linksLen: [33m0[39m,
  key: [33m1776869927774[39m,
  timestamp: [33m1776869927774[39m
}
[Graph3D] Creating simulation: [33m0[39m nodes
[Graph3D] createGraphSimulation called: { hasObjectManager: [33mtrue[39m, hasScene: [33mtrue[39m, nodeCount: [33m0[39m, linkCount: [33m0[39m }
[Graph3D] Clearing existing objects...
[Graph3D] Calling createSimulation...
[Graph3D] Simulation created, setting up event handlers...
[Graph3D] No links or single node, clearing fog immediately
[Graph3D] Data changed: {
  nodesLen: [33m0[39m,
  linksLen: [33m0[39m,
  key: [33m1776869927856[39m,
  timestamp: [33m1776869927856[39m
}
[Graph3D] Creating simulation: [33m0[39m nodes
[Graph3D] createGraphSimulation called: { hasObjectManager: [33mtrue[39m, hasScene: [33mtrue[39m, nodeCount: [33m0[39m, linkCount: [33m0[39m }
[Graph3D] Clearing existing objects...
[Graph3D] Calling createSimulation...
[Graph3D] Simulation created, setting up event handlers...
[Graph3D] No links or single node, clearing fog immediately
[Graph3D] Data changed: {
  nodesLen: [33m0[39m,
  linksLen: [33m0[39m,
  key: [33m1776869927934[39m,
  timestamp: [33m1776869927934[39m
}
[Graph3D] Creating simulation: [33m0[39m nodes
[Graph3D] createGraphSimulation called: { hasObjectManager: [33mtrue[39m, hasScene: [33mtrue[39m, nodeCount: [33m0[39m, linkCount: [33m0[39m }
[Graph3D] Clearing existing objects...
[Graph3D] Calling createSimulation...
[Graph3D] Simulation created, setting up event handlers...
[Graph3D] No links or single node, clearing fog immediately
[Graph3D] Data changed: {
  nodesLen: [33m0[39m,
  linksLen: [33m0[39m,
  key: [33m1776869928016[39m,
  timestamp: [33m1776869928016[39m
}
[Graph3D] Creating simulation: [33m0[39m nodes
[Graph3D] createGraphSimulation called: { hasObjectManager: [33mtrue[39m, hasScene: [33mtrue[39m, nodeCount: [33m0[39m, linkCount: [33m0[39m }
[Graph3D] Clearing existing objects...
[Graph3D] Calling createSimulation...
[Graph3D] Simulation created, setting up event handlers...
[Graph3D] No links or single node, clearing fog immediately
[Graph3D] Data changed: {
  nodesLen: [33m0[39m,
  linksLen: [33m0[39m,
  key: [33m1776869928099[39m,
  timestamp: [33m1776869928099[39m
}
[Graph3D] Creating simulation: [33m0[39m nodes
[Graph3D] createGraphSimulation called: { hasObjectManager: [33mtrue[39m, hasScene: [33mtrue[39m, nodeCount: [33m0[39m, linkCount: [33m0[39m }
[Graph3D] Clearing existing objects...
[Graph3D] Calling createSimulation...
[Graph3D] Simulation created, setting up event handlers...
[Graph3D] No links or single node, clearing fog immediately
[Graph3D] Data changed: {
  nodesLen: [33m0[39m,
  linksLen: [33m0[39m,
  key: [33m1776869928179[39m,
  timestamp: [33m1776869928179[39m
}
[Graph3D] Creating simulation: [33m0[39m nodes
[Graph3D] createGraphSimulation called: { hasObjectManager: [33mtrue[39m, hasScene: [33mtrue[39m, nodeCount: [33m0[39m, linkCount: [33m0[39m }
[Graph3D] Clearing existing objects...
[Graph3D] Calling createSimulation...
[Graph3D] Simulation created, setting up event handlers...
[Graph3D] No links or single node, clearing fog immediately
[Graph3D] Data changed: {
  nodesLen: [33m0[39m,
  linksLen: [33m0[39m,
  key: [33m1776869928258[39m,
  timestamp: [33m1776869928258[39m
}
[Graph3D] Creating simulation: [33m0[39m nodes
[Graph3D] createGraphSimulation called: { hasObjectManager: [33mtrue[39m, hasScene: [33mtrue[39m, nodeCount: [33m0[39m, linkCount: [33m0[39m }
[Graph3D] Clearing existing objects...
[Graph3D] Calling createSimulation...
[Graph3D] Simulation created, setting up event handlers...
[Graph3D] No links or single node, clearing fog immediately
[Graph3D] Data changed: {
  nodesLen: [33m0[39m,
  linksLen: [33m0[39m,
  key: [33m1776869928345[39m,
  timestamp: [33m1776869928345[39m
}
[Graph3D] Creating simulation: [33m0[39m nodes
[Graph3D] createGraphSimulation called: { hasObjectManager: [33mtrue[39m, hasScene: [33mtrue[39m, nodeCount: [33m0[39m, linkCount: [33m0[39m }
[Graph3D] Clearing existing objects...
[Graph3D] Calling createSimulation...
[Graph3D] Simulation created, setting up event handlers...
[Graph3D] No links or single node, clearing fog immediately
[Graph3D] Data changed: {
  nodesLen: [33m0[39m,
  linksLen: [33m0[39m,
  key: [33m1776869928430[39m,
  timestamp: [33m1776869928430[39m
}
[Graph3D] Creating simulation: [33m0[39m nodes
[Graph3D] createGraphSimulation called: { hasObjectManager: [33mtrue[39m, hasScene: [33mtrue[39m, nodeCount: [33m0[39m, linkCount: [33m0[39m }
[Graph3D] Clearing existing objects...
[Graph3D] Calling createSimulation...
[Graph3D] Simulation created, setting up event handlers...
[Graph3D] No links or single node, clearing fog immediately
[Graph3D] Data changed: {
  nodesLen: [33m0[39m,
  linksLen: [33m0[39m,
  key: [33m1776869928510[39m,
  timestamp: [33m1776869928510[39m
}
[Graph3D] Creating simulation: [33m0[39m nodes
[Graph3D] createGraphSimulation called: { hasObjectManager: [33mtrue[39m, hasScene: [33mtrue[39m, nodeCount: [33m0[39m, linkCount: [33m0[39m }
[Graph3D] Clearing existing objects...
[Graph3D] Calling createSimulation...
[Graph3D] Simulation created, setting up event handlers...
[Graph3D] No links or single node, clearing fog immediately
[Graph3D] Data changed: {
  nodesLen: [33m0[39m,
  linksLen: [33m0[39m,
  key: [33m1776869928593[39m,
  timestamp: [33m1776869928593[39m
}
[Graph3D] Creating simulation: [33m0[39m nodes
[Graph3D] createGraphSimulation called: { hasObjectManager: [33mtrue[39m, hasScene: [33mtrue[39m, nodeCount: [33m0[39m, linkCount: [33m0[39m }
[Graph3D] Clearing existing objects...
[Graph3D] Calling createSimulation...
[Graph3D] Simulation created, setting up event handlers...
[Graph3D] No links or single node, clearing fog immediately
[Graph3D] Data changed: {
  nodesLen: [33m0[39m,
  linksLen: [33m0[39m,
  key: [33m1776869928672[39m,
  timestamp: [33m1776869928672[39m
}
[Graph3D] Creating simulation: [33m0[39m nodes
[Graph3D] createGraphSimulation called: { hasObjectManager: [33mtrue[39m, hasScene: [33mtrue[39m, nodeCount: [33m0[39m, linkCount: [33m0[39m }
[Graph3D] Clearing existing objects...
[Graph3D] Calling createSimulation...
[Graph3D] Simulation created, setting up event handlers...
[Graph3D] No links or single node, clearing fog immediately
[Graph3D] Data changed: {
  nodesLen: [33m0[39m,
  linksLen: [33m0[39m,
  key: [33m1776869928752[39m,
  timestamp: [33m1776869928752[39m
}
[Graph3D] Creating simulation: [33m0[39m nodes
[Graph3D] createGraphSimulation called: { hasObjectManager: [33mtrue[39m, hasScene: [33mtrue[39m, nodeCount: [33m0[39m, linkCount: [33m0[39m }
[Graph3D] Clearing existing objects...
[Graph3D] Calling createSimulation...
[Graph3D] Simulation created, setting up event handlers...
[Graph3D] No links or single node, clearing fog immediately
[Graph3D] Data changed: {
  nodesLen: [33m0[39m,
  linksLen: [33m0[39m,
  key: [33m1776869928834[39m,
  timestamp: [33m1776869928834[39m
}
[Graph3D] Creating simulation: [33m0[39m nodes
[Graph3D] createGraphSimulation called: { hasObjectManager: [33mtrue[39m, hasScene: [33mtrue[39m, nodeCount: [33m0[39m, linkCount: [33m0[39m }
[Graph3D] Clearing existing objects...
[Graph3D] Calling createSimulation...
[Graph3D] Simulation created, setting up event handlers...
[Graph3D] No links or single node, clearing fog immediately
[Graph3D] Data changed: {
  nodesLen: [33m0[39m,
  linksLen: [33m0[39m,
  key: [33m1776869928914[39m,
  timestamp: [33m1776869928914[39m
}
[Graph3D] Creating simulation: [33m0[39m nodes
[Graph3D] createGraphSimulation called: { hasObjectManager: [33mtrue[39m, hasScene: [33mtrue[39m, nodeCount: [33m0[39m, linkCount: [33m0[39m }
[Graph3D] Clearing existing objects...
[Graph3D] Calling createSimulation...
[Graph3D] Simulation created, setting up event handlers...
[Graph3D] No links or single node, clearing fog immediately
[Graph3D] Data changed: {
  nodesLen: [33m0[39m,
  linksLen: [33m0[39m,
  key: [33m1776869928997[39m,
  timestamp: [33m1776869928997[39m
}
[Graph3D] Creating simulation: [33m0[39m nodes
[Graph3D] createGraphSimulation called: { hasObjectManager: [33mtrue[39m, hasScene: [33mtrue[39m, nodeCount: [33m0[39m, linkCount: [33m0[39m }
[Graph3D] Clearing existing objects...
[Graph3D] Calling createSimulation...
[Graph3D] Simulation created, setting up event handlers...
[Graph3D] No links or single node, clearing fog immediately
[Graph3D] Data changed: {
  nodesLen: [33m0[39m,
  linksLen: [33m0[39m,
  key: [33m1776869929082[39m,
  timestamp: [33m1776869929082[39m
}
[Graph3D] Creating simulation: [33m0[39m nodes
[Graph3D] createGraphSimulation called: { hasObjectManager: [33mtrue[39m, hasScene: [33mtrue[39m, nodeCount: [33m0[39m, linkCount: [33m0[39m }
[Graph3D] Clearing existing objects...
[Graph3D] Calling createSimulation...
[Graph3D] Simulation created, setting up event handlers...
[Graph3D] No links or single node, clearing fog immediately
[Graph3D] Data changed: {
  nodesLen: [33m0[39m,
  linksLen: [33m0[39m,
  key: [33m1776869929165[39m,
  timestamp: [33m1776869929165[39m
}
[Graph3D] Creating simulation: [33m0[39m nodes
[Graph3D] createGraphSimulation called: { hasObjectManager: [33mtrue[39m, hasScene: [33mtrue[39m, nodeCount: [33m0[39m, linkCount: [33m0[39m }
[Graph3D] Clearing existing objects...
[Graph3D] Calling createSimulation...
[Graph3D] Simulation created, setting up event handlers...
[Graph3D] No links or single node, clearing fog immediately
[Graph3D] Data changed: {
  nodesLen: [33m0[39m,
  linksLen: [33m0[39m,
  key: [33m1776869929244[39m,
  timestamp: [33m1776869929244[39m
}
[Graph3D] Creating simulation: [33m0[39m nodes
[Graph3D] createGraphSimulation called: { hasObjectManager: [33mtrue[39m, hasScene: [33mtrue[39m, nodeCount: [33m0[39m, linkCount: [33m0[39m }
[Graph3D] Clearing existing objects...
[Graph3D] Calling createSimulation...
[Graph3D] Simulation created, setting up event handlers...
[Graph3D] No links or single node, clearing fog immediately
[Graph3D] Data changed: {
  nodesLen: [33m0[39m,
  linksLen: [33m0[39m,
  key: [33m1776869929335[39m,
  timestamp: [33m1776869929335[39m
}
[Graph3D] Creating simulation: [33m0[39m nodes
[Graph3D] createGraphSimulation called: { hasObjectManager: [33mtrue[39m, hasScene: [33mtrue[39m, nodeCount: [33m0[39m, linkCount: [33m0[39m }
[Graph3D] Clearing existing objects...
[Graph3D] Calling createSimulation...
[Graph3D] Simulation created, setting up event handlers...
[Graph3D] No links or single node, clearing fog immediately
[Graph3D] Data changed: {
  nodesLen: [33m0[39m,
  linksLen: [33m0[39m,
  key: [33m1776869929418[39m,
  timestamp: [33m1776869929418[39m
}
[Graph3D] Creating simulation: [33m0[39m nodes
[Graph3D] createGraphSimulation called: { hasObjectManager: [33mtrue[39m, hasScene: [33mtrue[39m, nodeCount: [33m0[39m, linkCount: [33m0[39m }
[Graph3D] Clearing existing objects...
[Graph3D] Calling createSimulation...
[Graph3D] Simulation created, setting up event handlers...
[Graph3D] No links or single node, clearing fog immediately
[Graph3D] Data changed: {
  nodesLen: [33m0[39m,
  linksLen: [33m0[39m,
  key: [33m1776869929508[39m,
  timestamp: [33m1776869929508[39m
}
[Graph3D] Creating simulation: [33m0[39m nodes
[Graph3D] createGraphSimulation called: { hasObjectManager: [33mtrue[39m, hasScene: [33mtrue[39m, nodeCount: [33m0[39m, linkCount: [33m0[39m }
[Graph3D] Clearing existing objects...
[Graph3D] Calling createSimulation...
[Graph3D] Simulation created, setting up event handlers...
[Graph3D] No links or single node, clearing fog immediately
[Graph3D] Data changed: {
  nodesLen: [33m0[39m,
  linksLen: [33m0[39m,
  key: [33m1776869929593[39m,
  timestamp: [33m1776869929593[39m
}
[Graph3D] Creating simulation: [33m0[39m nodes
[Graph3D] createGraphSimulation called: { hasObjectManager: [33mtrue[39m, hasScene: [33mtrue[39m, nodeCount: [33m0[39m, linkCount: [33m0[39m }
[Graph3D] Clearing existing objects...
[Graph3D] Calling createSimulation...
[Graph3D] Simulation created, setting up event handlers...
[Graph3D] No links or single node, clearing fog immediately
[Graph3D] Data changed: {
  nodesLen: [33m0[39m,
  linksLen: [33m0[39m,
  key: [33m1776869929676[39m,
  timestamp: [33m1776869929676[39m
}
[Graph3D] Creating simulation: [33m0[39m nodes
[Graph3D] createGraphSimulation called: { hasObjectManager: [33mtrue[39m, hasScene: [33mtrue[39m, nodeCount: [33m0[39m, linkCount: [33m0[39m }
[Graph3D] Clearing existing objects...
[Graph3D] Calling createSimulation...
[Graph3D] Simulation created, setting up event handlers...
[Graph3D] No links or single node, clearing fog immediately
[Graph3D] Data changed: {
  nodesLen: [33m0[39m,
  linksLen: [33m0[39m,
  key: [33m1776869929757[39m,
  timestamp: [33m1776869929757[39m
}
[Graph3D] Creating simulation: [33m0[39m nodes
[Graph3D] createGraphSimulation called: { hasObjectManager: [33mtrue[39m, hasScene: [33mtrue[39m, nodeCount: [33m0[39m, linkCount: [33m0[39m }
[Graph3D] Clearing existing objects...
[Graph3D] Calling createSimulation...
[Graph3D] Simulation created, setting up event handlers...
[Graph3D] No links or single node, clearing fog immediately
[Graph3D] Data changed: {
  nodesLen: [33m0[39m,
  linksLen: [33m0[39m,
  key: [33m1776869929839[39m,
  timestamp: [33m1776869929839[39m
}
[Graph3D] Creating simulation: [33m0[39m nodes
[Graph3D] createGraphSimulation called: { hasObjectManager: [33mtrue[39m, hasScene: [33mtrue[39m, nodeCount: [33m0[39m, linkCount: [33m0[39m }
[Graph3D] Clearing existing objects...
[Graph3D] Calling createSimulation...
[Graph3D] Simulation created, setting up event handlers...
[Graph3D] No links or single node, clearing fog immediately
[Graph3D] Data changed: {
  nodesLen: [33m0[39m,
  linksLen: [33m0[39m,
  key: [33m1776869929918[39m,
  timestamp: [33m1776869929918[39m
}
[Graph3D] Creating simulation: [33m0[39m nodes
[Graph3D] createGraphSimulation called: { hasObjectManager: [33mtrue[39m, hasScene: [33mtrue[39m, nodeCount: [33m0[39m, linkCount: [33m0[39m }
[Graph3D] Clearing existing objects...
[Graph3D] Calling createSimulation...
[Graph3D] Simulation created, setting up event handlers...
[Graph3D] No links or single node, clearing fog immediately
[Graph3D] Data changed: {
  nodesLen: [33m0[39m,
  linksLen: [33m0[39m,
  key: [33m1776869930000[39m,
  timestamp: [33m1776869930000[39m
}
[Graph3D] Creating simulation: [33m0[39m nodes
[Graph3D] createGraphSimulation called: { hasObjectManager: [33mtrue[39m, hasScene: [33mtrue[39m, nodeCount: [33m0[39m, linkCount: [33m0[39m }
[Graph3D] Clearing existing objects...
[Graph3D] Calling createSimulation...
[Graph3D] Simulation created, setting up event handlers...
[Graph3D] No links or single node, clearing fog immediately
[Graph3D] Data changed: {
  nodesLen: [33m0[39m,
  linksLen: [33m0[39m,
  key: [33m1776869930084[39m,
  timestamp: [33m1776869930084[39m
}
[Graph3D] Creating simulation: [33m0[39m nodes
[Graph3D] createGraphSimulation called: { hasObjectManager: [33mtrue[39m, hasScene: [33mtrue[39m, nodeCount: [33m0[39m, linkCount: [33m0[39m }
[Graph3D] Clearing existing objects...
[Graph3D] Calling createSimulation...
[Graph3D] Simulation created, setting up event handlers...
[Graph3D] No links or single node, clearing fog immediately
[Graph3D] Data changed: {
  nodesLen: [33m0[39m,
  linksLen: [33m0[39m,
  key: [33m1776869930168[39m,
  timestamp: [33m1776869930168[39m
}
[Graph3D] Creating simulation: [33m0[39m nodes
[Graph3D] createGraphSimulation called: { hasObjectManager: [33mtrue[39m, hasScene: [33mtrue[39m, nodeCount: [33m0[39m, linkCount: [33m0[39m }
[Graph3D] Clearing existing objects...
[Graph3D] Calling createSimulation...
[Graph3D] Simulation created, setting up event handlers...
[Graph3D] No links or single node, clearing fog immediately
[Graph3D] Data changed: {
  nodesLen: [33m0[39m,
  linksLen: [33m0[39m,
  key: [33m1776869930275[39m,
  timestamp: [33m1776869930275[39m
}
[Graph3D] Creating simulation: [33m0[39m nodes
[Graph3D] createGraphSimulation called: { hasObjectManager: [33mtrue[39m, hasScene: [33mtrue[39m, nodeCount: [33m0[39m, linkCount: [33m0[39m }
[Graph3D] Clearing existing objects...
[Graph3D] Calling createSimulation...
[Graph3D] Simulation created, setting up event handlers...
[Graph3D] No links or single node, clearing fog immediately
[Graph3D] Data changed: {
  nodesLen: [33m0[39m,
  linksLen: [33m0[39m,
  key: [33m1776869930361[39m,
  timestamp: [33m1776869930361[39m
}
[Graph3D] Creating simulation: [33m0[39m nodes
[Graph3D] createGraphSimulation called: { hasObjectManager: [33mtrue[39m, hasScene: [33mtrue[39m, nodeCount: [33m0[39m, linkCount: [33m0[39m }
[Graph3D] Clearing existing objects...
[Graph3D] Calling createSimulation...
[Graph3D] Simulation created, setting up event handlers...
[Graph3D] No links or single node, clearing fog immediately
[Graph3D] Data changed: {
  nodesLen: [33m0[39m,
  linksLen: [33m0[39m,
  key: [33m1776869930447[39m,
  timestamp: [33m1776869930447[39m
}
[Graph3D] Creating simulation: [33m0[39m nodes
[Graph3D] createGraphSimulation called: { hasObjectManager: [33mtrue[39m, hasScene: [33mtrue[39m, nodeCount: [33m0[39m, linkCount: [33m0[39m }
[Graph3D] Clearing existing objects...
[Graph3D] Calling createSimulation...
[Graph3D] Simulation created, setting up event handlers...
[Graph3D] No links or single node, clearing fog immediately
[Graph3D] Data changed: {
  nodesLen: [33m0[39m,
  linksLen: [33m0[39m,
  key: [33m1776869930531[39m,
  timestamp: [33m1776869930531[39m
}
[Graph3D] Creating simulation: [33m0[39m nodes
[Graph3D] createGraphSimulation called: { hasObjectManager: [33mtrue[39m, hasScene: [33mtrue[39m, nodeCount: [33m0[39m, linkCount: [33m0[39m }
[Graph3D] Clearing existing objects...
[Graph3D] Calling createSimulation...
[Graph3D] Simulation created, setting up event handlers...
[Graph3D] No links or single node, clearing fog immediately
[Graph3D] Data changed: {
  nodesLen: [33m0[39m,
  linksLen: [33m0[39m,
  key: [33m1776869930613[39m,
  timestamp: [33m1776869930613[39m
}
[Graph3D] Creating simulation: [33m0[39m nodes
[Graph3D] createGraphSimulation called: { hasObjectManager: [33mtrue[39m, hasScene: [33mtrue[39m, nodeCount: [33m0[39m, linkCount: [33m0[39m }
[Graph3D] Clearing existing objects...
[Graph3D] Calling createSimulation...
[Graph3D] Simulation created, setting up event handlers...
[Graph3D] No links or single node, clearing fog immediately
[Graph3D] Data changed: {
  nodesLen: [33m0[39m,
  linksLen: [33m0[39m,
  key: [33m1776869930702[39m,
  timestamp: [33m1776869930702[39m
}
[Graph3D] Creating simulation: [33m0[39m nodes
[Graph3D] createGraphSimulation called: { hasObjectManager: [33mtrue[39m, hasScene: [33mtrue[39m, nodeCount: [33m0[39m, linkCount: [33m0[39m }
[Graph3D] Clearing existing objects...
[Graph3D] Calling createSimulation...
[Graph3D] Simulation created, setting up event handlers...
[Graph3D] No links or single node, clearing fog immediately
[Graph3D] Data changed: {
  nodesLen: [33m0[39m,
  linksLen: [33m0[39m,
  key: [33m1776869930789[39m,
  timestamp: [33m1776869930789[39m
}
[Graph3D] Creating simulation: [33m0[39m nodes
[Graph3D] createGraphSimulation called: { hasObjectManager: [33mtrue[39m, hasScene: [33mtrue[39m, nodeCount: [33m0[39m, linkCount: [33m0[39m }
[Graph3D] Clearing existing objects...
[Graph3D] Calling createSimulation...
[Graph3D] Simulation created, setting up event handlers...
[Graph3D] No links or single node, clearing fog immediately
[Graph3D] Data changed: {
  nodesLen: [33m0[39m,
  linksLen: [33m0[39m,
  key: [33m1776869930878[39m,
  timestamp: [33m1776869930878[39m
}
[Graph3D] Creating simulation: [33m0[39m nodes
[Graph3D] createGraphSimulation called: { hasObjectManager: [33mtrue[39m, hasScene: [33mtrue[39m, nodeCount: [33m0[39m, linkCount: [33m0[39m }
[Graph3D] Clearing existing objects...
[Graph3D] Calling createSimulation...
[Graph3D] Simulation created, setting up event handlers...
[Graph3D] No links or single node, clearing fog immediately
[Graph3D] Data changed: {
  nodesLen: [33m0[39m,
  linksLen: [33m0[39m,
  key: [33m1776869930963[39m,
  timestamp: [33m1776869930963[39m
}
[Graph3D] Creating simulation: [33m0[39m nodes
[Graph3D] createGraphSimulation called: { hasObjectManager: [33mtrue[39m, hasScene: [33mtrue[39m, nodeCount: [33m0[39m, linkCount: [33m0[39m }
[Graph3D] Clearing existing objects...
[Graph3D] Calling createSimulation...
[Graph3D] Simulation created, setting up event handlers...
[Graph3D] No links or single node, clearing fog immediately
[Graph3D] Data changed: {
  nodesLen: [33m0[39m,
  linksLen: [33m0[39m,
  key: [33m1776869931046[39m,
  timestamp: [33m1776869931046[39m
}
[Graph3D] Creating simulation: [33m0[39m nodes
[Graph3D] createGraphSimulation called: { hasObjectManager: [33mtrue[39m, hasScene: [33mtrue[39m, nodeCount: [33m0[39m, linkCount: [33m0[39m }
[Graph3D] Clearing existing objects...
[Graph3D] Calling createSimulation...
[Graph3D] Simulation created, setting up event handlers...
[Graph3D] No links or single node, clearing fog immediately
[Graph3D] Data changed: {
  nodesLen: [33m0[39m,
  linksLen: [33m0[39m,
  key: [33m1776869931130[39m,
  timestamp: [33m1776869931130[39m
}
[Graph3D] Creating simulation: [33m0[39m nodes
[Graph3D] createGraphSimulation called: { hasObjectManager: [33mtrue[39m, hasScene: [33mtrue[39m, nodeCount: [33m0[39m, linkCount: [33m0[39m }
[Graph3D] Clearing existing objects...
[Graph3D] Calling createSimulation...
[Graph3D] Simulation created, setting up event handlers...
[Graph3D] No links or single node, clearing fog immediately
[Graph3D] Data changed: {
  nodesLen: [33m0[39m,
  linksLen: [33m0[39m,
  key: [33m1776869931215[39m,
  timestamp: [33m1776869931215[39m
}
[Graph3D] Creating simulation: [33m0[39m nodes
[Graph3D] createGraphSimulation called: { hasObjectManager: [33mtrue[39m, hasScene: [33mtrue[39m, nodeCount: [33m0[39m, linkCount: [33m0[39m }
[Graph3D] Clearing existing objects...
[Graph3D] Calling createSimulation...
[Graph3D] Simulation created, setting up event handlers...
[Graph3D] No links or single node, clearing fog immediately
[Graph3D] Data changed: {
  nodesLen: [33m0[39m,
  linksLen: [33m0[39m,
  key: [33m1776869931300[39m,
  timestamp: [33m1776869931300[39m
}
[Graph3D] Creating simulation: [33m0[39m nodes
[Graph3D] createGraphSimulation called: { hasObjectManager: [33mtrue[39m, hasScene: [33mtrue[39m, nodeCount: [33m0[39m, linkCount: [33m0[39m }
[Graph3D] Clearing existing objects...
[Graph3D] Calling createSimulation...
[Graph3D] Simulation created, setting up event handlers...
[Graph3D] No links or single node, clearing fog immediately
[Graph3D] Data changed: {
  nodesLen: [33m0[39m,
  linksLen: [33m0[39m,
  key: [33m1776869931389[39m,
  timestamp: [33m1776869931389[39m
}
[Graph3D] Creating simulation: [33m0[39m nodes
[Graph3D] createGraphSimulation called: { hasObjectManager: [33mtrue[39m, hasScene: [33mtrue[39m, nodeCount: [33m0[39m, linkCount: [33m0[39m }
[Graph3D] Clearing existing objects...
[Graph3D] Calling createSimulation...
[Graph3D] Simulation created, setting up event handlers...
[Graph3D] No links or single node, clearing fog immediately
[Graph3D] Data changed: {
  nodesLen: [33m0[39m,
  linksLen: [33m0[39m,
  key: [33m1776869931477[39m,
  timestamp: [33m1776869931477[39m
}
[Graph3D] Creating simulation: [33m0[39m nodes
[Graph3D] createGraphSimulation called: { hasObjectManager: [33mtrue[39m, hasScene: [33mtrue[39m, nodeCount: [33m0[39m, linkCount: [33m0[39m }
[Graph3D] Clearing existing objects...
[Graph3D] Calling createSimulation...
[Graph3D] Simulation created, setting up event handlers...
[Graph3D] No links or single node, clearing fog immediately
[Graph3D] Data changed: {
  nodesLen: [33m0[39m,
  linksLen: [33m0[39m,
  key: [33m1776869931561[39m,
  timestamp: [33m1776869931561[39m
}
[Graph3D] Creating simulation: [33m0[39m nodes
[Graph3D] createGraphSimulation called: { hasObjectManager: [33mtrue[39m, hasScene: [33mtrue[39m, nodeCount: [33m0[39m, linkCount: [33m0[39m }
[Graph3D] Clearing existing objects...
[Graph3D] Calling createSimulation...
[Graph3D] Simulation created, setting up event handlers...
[Graph3D] No links or single node, clearing fog immediately
[Graph3D] Data changed: {
  nodesLen: [33m0[39m,
  linksLen: [33m0[39m,
  key: [33m1776869931646[39m,
  timestamp: [33m1776869931646[39m
}
[Graph3D] Creating simulation: [33m0[39m nodes
[Graph3D] createGraphSimulation called: { hasObjectManager: [33mtrue[39m, hasScene: [33mtrue[39m, nodeCount: [33m0[39m, linkCount: [33m0[39m }
[Graph3D] Clearing existing objects...
[Graph3D] Calling createSimulation...
[Graph3D] Simulation created, setting up event handlers...
[Graph3D] No links or single node, clearing fog immediately
[Graph3D] Data changed: {
  nodesLen: [33m0[39m,
  linksLen: [33m0[39m,
  key: [33m1776869931731[39m,
  timestamp: [33m1776869931731[39m
}
[Graph3D] Creating simulation: [33m0[39m nodes
[Graph3D] createGraphSimulation called: { hasObjectManager: [33mtrue[39m, hasScene: [33mtrue[39m, nodeCount: [33m0[39m, linkCount: [33m0[39m }
[Graph3D] Clearing existing objects...
[Graph3D] Calling createSimulation...
[Graph3D] Simulation created, setting up event handlers...
[Graph3D] No links or single node, clearing fog immediately
[Graph3D] Data changed: {
  nodesLen: [33m0[39m,
  linksLen: [33m0[39m,
  key: [33m1776869931816[39m,
  timestamp: [33m1776869931816[39m
}
[Graph3D] Creating simulation: [33m0[39m nodes
[Graph3D] createGraphSimulation called: { hasObjectManager: [33mtrue[39m, hasScene: [33mtrue[39m, nodeCount: [33m0[39m, linkCount: [33m0[39m }
[Graph3D] Clearing existing objects...
[Graph3D] Calling createSimulation...
[Graph3D] Simulation created, setting up event handlers...
[Graph3D] No links or single node, clearing fog immediately
[Graph3D] Data changed: {
  nodesLen: [33m0[39m,
  linksLen: [33m0[39m,
  key: [33m1776869931902[39m,
  timestamp: [33m1776869931902[39m
}
[Graph3D] Creating simulation: [33m0[39m nodes
[Graph3D] createGraphSimulation called: { hasObjectManager: [33mtrue[39m, hasScene: [33mtrue[39m, nodeCount: [33m0[39m, linkCount: [33m0[39m }
[Graph3D] Clearing existing objects...
[Graph3D] Calling createSimulation...
[Graph3D] Simulation created, setting up event handlers...
[Graph3D] No links or single node, clearing fog immediately
[Graph3D] Data changed: {
  nodesLen: [33m0[39m,
  linksLen: [33m0[39m,
  key: [33m1776869931987[39m,
  timestamp: [33m1776869931987[39m
}
[Graph3D] Creating simulation: [33m0[39m nodes
[Graph3D] createGraphSimulation called: { hasObjectManager: [33mtrue[39m, hasScene: [33mtrue[39m, nodeCount: [33m0[39m, linkCount: [33m0[39m }
[Graph3D] Clearing existing objects...
[Graph3D] Calling createSimulation...
[Graph3D] Simulation created, setting up event handlers...
[Graph3D] No links or single node, clearing fog immediately
[Graph3D] Data changed: {
  nodesLen: [33m0[39m,
  linksLen: [33m0[39m,
  key: [33m1776869932071[39m,
  timestamp: [33m1776869932071[39m
}
[Graph3D] Creating simulation: [33m0[39m nodes
[Graph3D] createGraphSimulation called: { hasObjectManager: [33mtrue[39m, hasScene: [33mtrue[39m, nodeCount: [33m0[39m, linkCount: [33m0[39m }
[Graph3D] Clearing existing objects...
[Graph3D] Calling createSimulation...
[Graph3D] Simulation created, setting up event handlers...
[Graph3D] No links or single node, clearing fog immediately
[Graph3D] Data changed: {
  nodesLen: [33m0[39m,
  linksLen: [33m0[39m,
  key: [33m1776869932157[39m,
  timestamp: [33m1776869932157[39m
}
[Graph3D] Creating simulation: [33m0[39m nodes
[Graph3D] createGraphSimulation called: { hasObjectManager: [33mtrue[39m, hasScene: [33mtrue[39m, nodeCount: [33m0[39m, linkCount: [33m0[39m }
[Graph3D] Clearing existing objects...
[Graph3D] Calling createSimulation...
[Graph3D] Simulation created, setting up event handlers...
[Graph3D] No links or single node, clearing fog immediately
[Graph3D] Data changed: {
  nodesLen: [33m0[39m,
  linksLen: [33m0[39m,
  key: [33m1776869932243[39m,
  timestamp: [33m1776869932243[39m
}
[Graph3D] Creating simulation: [33m0[39m nodes
[Graph3D] createGraphSimulation called: { hasObjectManager: [33mtrue[39m, hasScene: [33mtrue[39m, nodeCount: [33m0[39m, linkCount: [33m0[39m }
[Graph3D] Clearing existing objects...
[Graph3D] Calling createSimulation...
[Graph3D] Simulation created, setting up event handlers...
[Graph3D] No links or single node, clearing fog immediately
[Graph3D] Data changed: {
  nodesLen: [33m0[39m,
  linksLen: [33m0[39m,
  key: [33m1776869932330[39m,
  timestamp: [33m1776869932330[39m
}
[Graph3D] Creating simulation: [33m0[39m nodes
[Graph3D] createGraphSimulation called: { hasObjectManager: [33mtrue[39m, hasScene: [33mtrue[39m, nodeCount: [33m0[39m, linkCount: [33m0[39m }
[Graph3D] Clearing existing objects...
[Graph3D] Calling createSimulation...
[Graph3D] Simulation created, setting up event handlers...
[Graph3D] No links or single node, clearing fog immediately
[Graph3D] Data changed: {
  nodesLen: [33m0[39m,
  linksLen: [33m0[39m,
  key: [33m1776869932417[39m,
  timestamp: [33m1776869932417[39m
}
[Graph3D] Creating simulation: [33m0[39m nodes
[Graph3D] createGraphSimulation called: { hasObjectManager: [33mtrue[39m, hasScene: [33mtrue[39m, nodeCount: [33m0[39m, linkCount: [33m0[39m }
[Graph3D] Clearing existing objects...
[Graph3D] Calling createSimulation...
[Graph3D] Simulation created, setting up event handlers...
[Graph3D] No links or single node, clearing fog immediately
[Graph3D] Data changed: {
  nodesLen: [33m0[39m,
  linksLen: [33m0[39m,
  key: [33m1776869932503[39m,
  timestamp: [33m1776869932503[39m
}
[Graph3D] Creating simulation: [33m0[39m nodes
[Graph3D] createGraphSimulation called: { hasObjectManager: [33mtrue[39m, hasScene: [33mtrue[39m, nodeCount: [33m0[39m, linkCount: [33m0[39m }
[Graph3D] Clearing existing objects...
[Graph3D] Calling createSimulation...
[Graph3D] Simulation created, setting up event handlers...
[Graph3D] No links or single node, clearing fog immediately
[Graph3D] Data changed: {
  nodesLen: [33m0[39m,
  linksLen: [33m0[39m,
  key: [33m1776869932587[39m,
  timestamp: [33m1776869932587[39m
}
[Graph3D] Creating simulation: [33m0[39m nodes
[Graph3D] createGraphSimulation called: { hasObjectManager: [33mtrue[39m, hasScene: [33mtrue[39m, nodeCount: [33m0[39m, linkCount: [33m0[39m }
[Graph3D] Clearing existing objects...
[Graph3D] Calling createSimulation...
[Graph3D] Simulation created, setting up event handlers...
[Graph3D] No links or single node, clearing fog immediately
[Graph3D] Data changed: {
  nodesLen: [33m0[39m,
  linksLen: [33m0[39m,
  key: [33m1776869932678[39m,
  timestamp: [33m1776869932678[39m
}
[Graph3D] Creating simulation: [33m0[39m nodes
[Graph3D] createGraphSimulation called: { hasObjectManager: [33mtrue[39m, hasScene: [33mtrue[39m, nodeCount: [33m0[39m, linkCount: [33m0[39m }
[Graph3D] Clearing existing objects...
[Graph3D] Calling createSimulation...
[Graph3D] Simulation created, setting up event handlers...
[Graph3D] No links or single node, clearing fog immediately
[Graph3D] Data changed: {
  nodesLen: [33m0[39m,
  linksLen: [33m0[39m,
  key: [33m1776869932764[39m,
  timestamp: [33m1776869932764[39m
}
[Graph3D] Creating simulation: [33m0[39m nodes
[Graph3D] createGraphSimulation called: { hasObjectManager: [33mtrue[39m, hasScene: [33mtrue[39m, nodeCount: [33m0[39m, linkCount: [33m0[39m }
[Graph3D] Clearing existing objects...
[Graph3D] Calling createSimulation...
[Graph3D] Simulation created, setting up event handlers...
[Graph3D] No links or single node, clearing fog immediately
[Graph3D] Data changed: {
  nodesLen: [33m0[39m,
  linksLen: [33m0[39m,
  key: [33m1776869932851[39m,
  timestamp: [33m1776869932851[39m
}
[Graph3D] Creating simulation: [33m0[39m nodes
[Graph3D] createGraphSimulation called: { hasObjectManager: [33mtrue[39m, hasScene: [33mtrue[39m, nodeCount: [33m0[39m, linkCount: [33m0[39m }
[Graph3D] Clearing existing objects...
[Graph3D] Calling createSimulation...
[Graph3D] Simulation created, setting up event handlers...
[Graph3D] No links or single node, clearing fog immediately
[Graph3D] Data changed: {
  nodesLen: [33m0[39m,
  linksLen: [33m0[39m,
  key: [33m1776869932937[39m,
  timestamp: [33m1776869932937[39m
}
[Graph3D] Creating simulation: [33m0[39m nodes
[Graph3D] createGraphSimulation called: { hasObjectManager: [33mtrue[39m, hasScene: [33mtrue[39m, nodeCount: [33m0[39m, linkCount: [33m0[39m }
[Graph3D] Clearing existing objects...
[Graph3D] Calling createSimulation...
[Graph3D] Simulation created, setting up event handlers...
[Graph3D] No links or single node, clearing fog immediately
[Graph3D] Data changed: {
  nodesLen: [33m0[39m,
  linksLen: [33m0[39m,
  key: [33m1776869933025[39m,
  timestamp: [33m1776869933025[39m
}
[Graph3D] Creating simulation: [33m0[39m nodes
[Graph3D] createGraphSimulation called: { hasObjectManager: [33mtrue[39m, hasScene: [33mtrue[39m, nodeCount: [33m0[39m, linkCount: [33m0[39m }
[Graph3D] Clearing existing objects...
[Graph3D] Calling createSimulation...
[Graph3D] Simulation created, setting up event handlers...
[Graph3D] No links or single node, clearing fog immediately
[Graph3D] Data changed: {
  nodesLen: [33m0[39m,
  linksLen: [33m0[39m,
  key: [33m1776869933111[39m,
  timestamp: [33m1776869933111[39m
}
[Graph3D] Creating simulation: [33m0[39m nodes
[Graph3D] createGraphSimulation called: { hasObjectManager: [33mtrue[39m, hasScene: [33mtrue[39m, nodeCount: [33m0[39m, linkCount: [33m0[39m }
[Graph3D] Clearing existing objects...
[Graph3D] Calling createSimulation...
[Graph3D] Simulation created, setting up event handlers...
[Graph3D] No links or single node, clearing fog immediately
[Graph3D] Data changed: {
  nodesLen: [33m0[39m,
  linksLen: [33m0[39m,
  key: [33m1776869933197[39m,
  timestamp: [33m1776869933197[39m
}
[Graph3D] Creating simulation: [33m0[39m nodes
[Graph3D] createGraphSimulation called: { hasObjectManager: [33mtrue[39m, hasScene: [33mtrue[39m, nodeCount: [33m0[39m, linkCount: [33m0[39m }
[Graph3D] Clearing existing objects...
[Graph3D] Calling createSimulation...
[Graph3D] Simulation created, setting up event handlers...
[Graph3D] No links or single node, clearing fog immediately
[Graph3D] Data changed: {
  nodesLen: [33m0[39m,
  linksLen: [33m0[39m,
  key: [33m1776869933284[39m,
  timestamp: [33m1776869933284[39m
}
[Graph3D] Creating simulation: [33m0[39m nodes
[Graph3D] createGraphSimulation called: { hasObjectManager: [33mtrue[39m, hasScene: [33mtrue[39m, nodeCount: [33m0[39m, linkCount: [33m0[39m }
[Graph3D] Clearing existing objects...
[Graph3D] Calling createSimulation...
[Graph3D] Simulation created, setting up event handlers...
[Graph3D] No links or single node, clearing fog immediately
[Graph3D] Data changed: {
  nodesLen: [33m0[39m,
  linksLen: [33m0[39m,
  key: [33m1776869933374[39m,
  timestamp: [33m1776869933374[39m
}
[Graph3D] Creating simulation: [33m0[39m nodes
[Graph3D] createGraphSimulation called: { hasObjectManager: [33mtrue[39m, hasScene: [33mtrue[39m, nodeCount: [33m0[39m, linkCount: [33m0[39m }
[Graph3D] Clearing existing objects...
[Graph3D] Calling createSimulation...
[Graph3D] Simulation created, setting up event handlers...
[Graph3D] No links or single node, clearing fog immediately
[Graph3D] Data changed: {
  nodesLen: [33m0[39m,
  linksLen: [33m0[39m,
  key: [33m1776869933461[39m,
  timestamp: [33m1776869933461[39m
}
[Graph3D] Creating simulation: [33m0[39m nodes
[Graph3D] createGraphSimulation called: { hasObjectManager: [33mtrue[39m, hasScene: [33mtrue[39m, nodeCount: [33m0[39m, linkCount: [33m0[39m }
[Graph3D] Clearing existing objects...
[Graph3D] Calling createSimulation...
[Graph3D] Simulation created, setting up event handlers...
[Graph3D] No links or single node, clearing fog immediately
[Graph3D] Data changed: {
  nodesLen: [33m0[39m,
  linksLen: [33m0[39m,
  key: [33m1776869933547[39m,
  timestamp: [33m1776869933547[39m
}
[Graph3D] Creating simulation: [33m0[39m nodes
[Graph3D] createGraphSimulation called: { hasObjectManager: [33mtrue[39m, hasScene: [33mtrue[39m, nodeCount: [33m0[39m, linkCount: [33m0[39m }
[Graph3D] Clearing existing objects...
[Graph3D] Calling createSimulation...
[Graph3D] Simulation created, setting up event handlers...
[Graph3D] No links or single node, clearing fog immediately
[Graph3D] Data changed: {
  nodesLen: [33m0[39m,
  linksLen: [33m0[39m,
  key: [33m1776869933632[39m,
  timestamp: [33m1776869933632[39m
}
[Graph3D] Creating simulation: [33m0[39m nodes
[Graph3D] createGraphSimulation called: { hasObjectManager: [33mtrue[39m, hasScene: [33mtrue[39m, nodeCount: [33m0[39m, linkCount: [33m0[39m }
[Graph3D] Clearing existing objects...
[Graph3D] Calling createSimulation...
[Graph3D] Simulation created, setting up event handlers...
[Graph3D] No links or single node, clearing fog immediately
[Graph3D] Data changed: {
  nodesLen: [33m0[39m,
  linksLen: [33m0[39m,
  key: [33m1776869933722[39m,
  timestamp: [33m1776869933722[39m
}
[Graph3D] Creating simulation: [33m0[39m nodes
[Graph3D] createGraphSimulation called: { hasObjectManager: [33mtrue[39m, hasScene: [33mtrue[39m, nodeCount: [33m0[39m, linkCount: [33m0[39m }
[Graph3D] Clearing existing objects...
[Graph3D] Calling createSimulation...
[Graph3D] Simulation created, setting up event handlers...
[Graph3D] No links or single node, clearing fog immediately
[Graph3D] Data changed: {
  nodesLen: [33m0[39m,
  linksLen: [33m0[39m,
  key: [33m1776869933811[39m,
  timestamp: [33m1776869933811[39m
}
[Graph3D] Creating simulation: [33m0[39m nodes
[Graph3D] createGraphSimulation called: { hasObjectManager: [33mtrue[39m, hasScene: [33mtrue[39m, nodeCount: [33m0[39m, linkCount: [33m0[39m }
[Graph3D] Clearing existing objects...
[Graph3D] Calling createSimulation...
[Graph3D] Simulation created, setting up event handlers...
[Graph3D] No links or single node, clearing fog immediately
[Graph3D] Data changed: {
  nodesLen: [33m0[39m,
  linksLen: [33m0[39m,
  key: [33m1776869933902[39m,
  timestamp: [33m1776869933902[39m
}
[Graph3D] Creating simulation: [33m0[39m nodes
[Graph3D] createGraphSimulation called: { hasObjectManager: [33mtrue[39m, hasScene: [33mtrue[39m, nodeCount: [33m0[39m, linkCount: [33m0[39m }
[Graph3D] Clearing existing objects...
[Graph3D] Calling createSimulation...
[Graph3D] Simulation created, setting up event handlers...
[Graph3D] No links or single node, clearing fog immediately
[Graph3D] Data changed: {
  nodesLen: [33m0[39m,
  linksLen: [33m0[39m,
  key: [33m1776869933988[39m,
  timestamp: [33m1776869933988[39m
}
[Graph3D] Creating simulation: [33m0[39m nodes
[Graph3D] createGraphSimulation called: { hasObjectManager: [33mtrue[39m, hasScene: [33mtrue[39m, nodeCount: [33m0[39m, linkCount: [33m0[39m }
[Graph3D] Clearing existing objects...
[Graph3D] Calling createSimulation...
[Graph3D] Simulation created, setting up event handlers...
[Graph3D] No links or single node, clearing fog immediately
[Graph3D] Data changed: {
  nodesLen: [33m0[39m,
  linksLen: [33m0[39m,
  key: [33m1776869934076[39m,
  timestamp: [33m1776869934076[39m
}
[Graph3D] Creating simulation: [33m0[39m nodes
[Graph3D] createGraphSimulation called: { hasObjectManager: [33mtrue[39m, hasScene: [33mtrue[39m, nodeCount: [33m0[39m, linkCount: [33m0[39m }
[Graph3D] Clearing existing objects...
[Graph3D] Calling createSimulation...
[Graph3D] Simulation created, setting up event handlers...
[Graph3D] No links or single node, clearing fog immediately
[Graph3D] Data changed: {
  nodesLen: [33m0[39m,
  linksLen: [33m0[39m,
  key: [33m1776869934163[39m,
  timestamp: [33m1776869934163[39m
}
[Graph3D] Creating simulation: [33m0[39m nodes
[Graph3D] createGraphSimulation called: { hasObjectManager: [33mtrue[39m, hasScene: [33mtrue[39m, nodeCount: [33m0[39m, linkCount: [33m0[39m }
[Graph3D] Clearing existing objects...
[Graph3D] Calling createSimulation...
[Graph3D] Simulation created, setting up event handlers...
[Graph3D] No links or single node, clearing fog immediately
[Graph3D] Data changed: {
  nodesLen: [33m0[39m,
  linksLen: [33m0[39m,
  key: [33m1776869934252[39m,
  timestamp: [33m1776869934252[39m
}
[Graph3D] Creating simulation: [33m0[39m nodes
[Graph3D] createGraphSimulation called: { hasObjectManager: [33mtrue[39m, hasScene: [33mtrue[39m, nodeCount: [33m0[39m, linkCount: [33m0[39m }
[Graph3D] Clearing existing objects...
[Graph3D] Calling createSimulation...
[Graph3D] Simulation created, setting up event handlers...
[Graph3D] No links or single node, clearing fog immediately
[Graph3D] Data changed: {
  nodesLen: [33m0[39m,
  linksLen: [33m0[39m,
  key: [33m1776869934342[39m,
  timestamp: [33m1776869934342[39m
}
[Graph3D] Creating simulation: [33m0[39m nodes
[Graph3D] createGraphSimulation called: { hasObjectManager: [33mtrue[39m, hasScene: [33mtrue[39m, nodeCount: [33m0[39m, linkCount: [33m0[39m }
[Graph3D] Clearing existing objects...
[Graph3D] Calling createSimulation...
[Graph3D] Simulation created, setting up event handlers...
[Graph3D] No links or single node, clearing fog immediately
[Graph3D] Data changed: {
  nodesLen: [33m0[39m,
  linksLen: [33m0[39m,
  key: [33m1776869934431[39m,
  timestamp: [33m1776869934431[39m
}
[Graph3D] Creating simulation: [33m0[39m nodes
[Graph3D] createGraphSimulation called: { hasObjectManager: [33mtrue[39m, hasScene: [33mtrue[39m, nodeCount: [33m0[39m, linkCount: [33m0[39m }
[Graph3D] Clearing existing objects...
[Graph3D] Calling createSimulation...
[Graph3D] Simulation created, setting up event handlers...
[Graph3D] No links or single node, clearing fog immediately
[Graph3D] Data changed: {
  nodesLen: [33m0[39m,
  linksLen: [33m0[39m,
  key: [33m1776869934518[39m,
  timestamp: [33m1776869934518[39m
}
[Graph3D] Creating simulation: [33m0[39m nodes
[Graph3D] createGraphSimulation called: { hasObjectManager: [33mtrue[39m, hasScene: [33mtrue[39m, nodeCount: [33m0[39m, linkCount: [33m0[39m }
[Graph3D] Clearing existing objects...
[Graph3D] Calling createSimulation...
[Graph3D] Simulation created, setting up event handlers...
[Graph3D] No links or single node, clearing fog immediately
[Graph3D] Data changed: {
  nodesLen: [33m0[39m,
  linksLen: [33m0[39m,
  key: [33m1776869934604[39m,
  timestamp: [33m1776869934604[39m
}
[Graph3D] Creating simulation: [33m0[39m nodes
[Graph3D] createGraphSimulation called: { hasObjectManager: [33mtrue[39m, hasScene: [33mtrue[39m, nodeCount: [33m0[39m, linkCount: [33m0[39m }
[Graph3D] Clearing existing objects...
[Graph3D] Calling createSimulation...
[Graph3D] Simulation created, setting up event handlers...
[Graph3D] No links or single node, clearing fog immediately
[Graph3D] Data changed: {
  nodesLen: [33m0[39m,
  linksLen: [33m0[39m,
  key: [33m1776869934694[39m,
  timestamp: [33m1776869934694[39m
}
[Graph3D] Creating simulation: [33m0[39m nodes
[Graph3D] createGraphSimulation called: { hasObjectManager: [33mtrue[39m, hasScene: [33mtrue[39m, nodeCount: [33m0[39m, linkCount: [33m0[39m }
[Graph3D] Clearing existing objects...
[Graph3D] Calling createSimulation...
[Graph3D] Simulation created, setting up event handlers...
[Graph3D] No links or single node, clearing fog immediately
[Graph3D] Data changed: {
  nodesLen: [33m0[39m,
  linksLen: [33m0[39m,
  key: [33m1776869934783[39m,
  timestamp: [33m1776869934783[39m
}
[Graph3D] Creating simulation: [33m0[39m nodes
[Graph3D] createGraphSimulation called: { hasObjectManager: [33mtrue[39m, hasScene: [33mtrue[39m, nodeCount: [33m0[39m, linkCount: [33m0[39m }
[Graph3D] Clearing existing objects...
[Graph3D] Calling createSimulation...
[Graph3D] Simulation created, setting up event handlers...
[Graph3D] No links or single node, clearing fog immediately
[Graph3D] Data changed: {
  nodesLen: [33m0[39m,
  linksLen: [33m0[39m,
  key: [33m1776869934874[39m,
  timestamp: [33m1776869934874[39m
}
[Graph3D] Creating simulation: [33m0[39m nodes
[Graph3D] createGraphSimulation called: { hasObjectManager: [33mtrue[39m, hasScene: [33mtrue[39m, nodeCount: [33m0[39m, linkCount: [33m0[39m }
[Graph3D] Clearing existing objects...
[Graph3D] Calling createSimulation...
[Graph3D] Simulation created, setting up event handlers...
[Graph3D] No links or single node, clearing fog immediately
[Graph3D] Data changed: {
  nodesLen: [33m0[39m,
  linksLen: [33m0[39m,
  key: [33m1776869934963[39m,
  timestamp: [33m1776869934963[39m
}
[Graph3D] Creating simulation: [33m0[39m nodes
[Graph3D] createGraphSimulation called: { hasObjectManager: [33mtrue[39m, hasScene: [33mtrue[39m, nodeCount: [33m0[39m, linkCount: [33m0[39m }
[Graph3D] Clearing existing objects...
[Graph3D] Calling createSimulation...
[Graph3D] Simulation created, setting up event handlers...
[Graph3D] No links or single node, clearing fog immediately
[Graph3D] Data changed: {
  nodesLen: [33m0[39m,
  linksLen: [33m0[39m,
  key: [33m1776869935051[39m,
  timestamp: [33m1776869935051[39m
}
[Graph3D] Creating simulation: [33m0[39m nodes
[Graph3D] createGraphSimulation called: { hasObjectManager: [33mtrue[39m, hasScene: [33mtrue[39m, nodeCount: [33m0[39m, linkCount: [33m0[39m }
[Graph3D] Clearing existing objects...
[Graph3D] Calling createSimulation...
[Graph3D] Simulation created, setting up event handlers...
[Graph3D] No links or single node, clearing fog immediately
[Graph3D] Data changed: {
  nodesLen: [33m0[39m,
  linksLen: [33m0[39m,
  key: [33m1776869935163[39m,
  timestamp: [33m1776869935163[39m
}
[Graph3D] Creating simulation: [33m0[39m nodes
[Graph3D] createGraphSimulation called: { hasObjectManager: [33mtrue[39m, hasScene: [33mtrue[39m, nodeCount: [33m0[39m, linkCount: [33m0[39m }
[Graph3D] Clearing existing objects...
[Graph3D] Calling createSimulation...
[Graph3D] Simulation created, setting up event handlers...
[Graph3D] No links or single node, clearing fog immediately
[Graph3D] Data changed: {
  nodesLen: [33m0[39m,
  linksLen: [33m0[39m,
  key: [33m1776869935256[39m,
  timestamp: [33m1776869935256[39m
}
[Graph3D] Creating simulation: [33m0[39m nodes
[Graph3D] createGraphSimulation called: { hasObjectManager: [33mtrue[39m, hasScene: [33mtrue[39m, nodeCount: [33m0[39m, linkCount: [33m0[39m }
[Graph3D] Clearing existing objects...
[Graph3D] Calling createSimulation...
[Graph3D] Simulation created, setting up event handlers...
[Graph3D] No links or single node, clearing fog immediately
[Graph3D] Data changed: {
  nodesLen: [33m0[39m,
  linksLen: [33m0[39m,
  key: [33m1776869935347[39m,
  timestamp: [33m1776869935347[39m
}
[Graph3D] Creating simulation: [33m0[39m nodes
[Graph3D] createGraphSimulation called: { hasObjectManager: [33mtrue[39m, hasScene: [33mtrue[39m, nodeCount: [33m0[39m, linkCount: [33m0[39m }
[Graph3D] Clearing existing objects...
[Graph3D] Calling createSimulation...
[Graph3D] Simulation created, setting up event handlers...
[Graph3D] No links or single node, clearing fog immediately
[Graph3D] Data changed: {
  nodesLen: [33m0[39m,
  linksLen: [33m0[39m,
  key: [33m1776869935440[39m,
  timestamp: [33m1776869935440[39m
}
[Graph3D] Creating simulation: [33m0[39m nodes
[Graph3D] createGraphSimulation called: { hasObjectManager: [33mtrue[39m, hasScene: [33mtrue[39m, nodeCount: [33m0[39m, linkCount: [33m0[39m }
[Graph3D] Clearing existing objects...
[Graph3D] Calling createSimulation...
[Graph3D] Simulation created, setting up event handlers...
[Graph3D] No links or single node, clearing fog immediately
[Graph3D] Data changed: {
  nodesLen: [33m0[39m,
  linksLen: [33m0[39m,
  key: [33m1776869935529[39m,
  timestamp: [33m1776869935529[39m
}
[Graph3D] Creating simulation: [33m0[39m nodes
[Graph3D] createGraphSimulation called: { hasObjectManager: [33mtrue[39m, hasScene: [33mtrue[39m, nodeCount: [33m0[39m, linkCount: [33m0[39m }
[Graph3D] Clearing existing objects...
[Graph3D] Calling createSimulation...
[Graph3D] Simulation created, setting up event handlers...
[Graph3D] No links or single node, clearing fog immediately
[Graph3D] Data changed: {
  nodesLen: [33m0[39m,
  linksLen: [33m0[39m,
  key: [33m1776869935621[39m,
  timestamp: [33m1776869935621[39m
}
[Graph3D] Creating simulation: [33m0[39m nodes
[Graph3D] createGraphSimulation called: { hasObjectManager: [33mtrue[39m, hasScene: [33mtrue[39m, nodeCount: [33m0[39m, linkCount: [33m0[39m }
[Graph3D] Clearing existing objects...
[Graph3D] Calling createSimulation...
[Graph3D] Simulation created, setting up event handlers...
[Graph3D] No links or single node, clearing fog immediately
[Graph3D] Data changed: {
  nodesLen: [33m0[39m,
  linksLen: [33m0[39m,
  key: [33m1776869935711[39m,
  timestamp: [33m1776869935711[39m
}
[Graph3D] Creating simulation: [33m0[39m nodes
[Graph3D] createGraphSimulation called: { hasObjectManager: [33mtrue[39m, hasScene: [33mtrue[39m, nodeCount: [33m0[39m, linkCount: [33m0[39m }
[Graph3D] Clearing existing objects...
[Graph3D] Calling createSimulation...
[Graph3D] Simulation created, setting up event handlers...
[Graph3D] No links or single node, clearing fog immediately
[Graph3D] Data changed: {
  nodesLen: [33m0[39m,
  linksLen: [33m0[39m,
  key: [33m1776869935804[39m,
  timestamp: [33m1776869935804[39m
}
[Graph3D] Creating simulation: [33m0[39m nodes
[Graph3D] createGraphSimulation called: { hasObjectManager: [33mtrue[39m, hasScene: [33mtrue[39m, nodeCount: [33m0[39m, linkCount: [33m0[39m }
[Graph3D] Clearing existing objects...
[Graph3D] Calling createSimulation...
[Graph3D] Simulation created, setting up event handlers...
[Graph3D] No links or single node, clearing fog immediately
[Graph3D] Data changed: {
  nodesLen: [33m0[39m,
  linksLen: [33m0[39m,
  key: [33m1776869935896[39m,
  timestamp: [33m1776869935896[39m
}
[Graph3D] Creating simulation: [33m0[39m nodes
[Graph3D] createGraphSimulation called: { hasObjectManager: [33mtrue[39m, hasScene: [33mtrue[39m, nodeCount: [33m0[39m, linkCount: [33m0[39m }
[Graph3D] Clearing existing objects...
[Graph3D] Calling createSimulation...
[Graph3D] Simulation created, setting up event handlers...
[Graph3D] No links or single node, clearing fog immediately
[Graph3D] Data changed: {
  nodesLen: [33m0[39m,
  linksLen: [33m0[39m,
  key: [33m1776869935988[39m,
  timestamp: [33m1776869935988[39m
}
[Graph3D] Creating simulation: [33m0[39m nodes
[Graph3D] createGraphSimulation called: { hasObjectManager: [33mtrue[39m, hasScene: [33mtrue[39m, nodeCount: [33m0[39m, linkCount: [33m0[39m }
[Graph3D] Clearing existing objects...
[Graph3D] Calling createSimulation...
[Graph3D] Simulation created, setting up event handlers...
[Graph3D] No links or single node, clearing fog immediately
[Graph3D] Data changed: {
  nodesLen: [33m0[39m,
  linksLen: [33m0[39m,
  key: [33m1776869936077[39m,
  timestamp: [33m1776869936077[39m
}
[Graph3D] Creating simulation: [33m0[39m nodes
[Graph3D] createGraphSimulation called: { hasObjectManager: [33mtrue[39m, hasScene: [33mtrue[39m, nodeCount: [33m0[39m, linkCount: [33m0[39m }
[Graph3D] Clearing existing objects...
[Graph3D] Calling createSimulation...
[Graph3D] Simulation created, setting up event handlers...
[Graph3D] No links or single node, clearing fog immediately
[Graph3D] Data changed: {
  nodesLen: [33m0[39m,
  linksLen: [33m0[39m,
  key: [33m1776869936168[39m,
  timestamp: [33m1776869936168[39m
}
[Graph3D] Creating simulation: [33m0[39m nodes
[Graph3D] createGraphSimulation called: { hasObjectManager: [33mtrue[39m, hasScene: [33mtrue[39m, nodeCount: [33m0[39m, linkCount: [33m0[39m }
[Graph3D] Clearing existing objects...
[Graph3D] Calling createSimulation...
[Graph3D] Simulation created, setting up event handlers...
[Graph3D] No links or single node, clearing fog immediately
[Graph3D] Data changed: {
  nodesLen: [33m0[39m,
  linksLen: [33m0[39m,
  key: [33m1776869936258[39m,
  timestamp: [33m1776869936258[39m
}
[Graph3D] Creating simulation: [33m0[39m nodes
[Graph3D] createGraphSimulation called: { hasObjectManager: [33mtrue[39m, hasScene: [33mtrue[39m, nodeCount: [33m0[39m, linkCount: [33m0[39m }
[Graph3D] Clearing existing objects...
[Graph3D] Calling createSimulation...
[Graph3D] Simulation created, setting up event handlers...
[Graph3D] No links or single node, clearing fog immediately
[Graph3D] Data changed: {
  nodesLen: [33m0[39m,
  linksLen: [33m0[39m,
  key: [33m1776869936357[39m,
  timestamp: [33m1776869936357[39m
}
[Graph3D] Creating simulation: [33m0[39m nodes
[Graph3D] createGraphSimulation called: { hasObjectManager: [33mtrue[39m, hasScene: [33mtrue[39m, nodeCount: [33m0[39m, linkCount: [33m0[39m }
[Graph3D] Clearing existing objects...
[Graph3D] Calling createSimulation...
[Graph3D] Simulation created, setting up event handlers...
[Graph3D] No links or single node, clearing fog immediately
[Graph3D] Data changed: {
  nodesLen: [33m0[39m,
  linksLen: [33m0[39m,
  key: [33m1776869936459[39m,
  timestamp: [33m1776869936459[39m
}
[Graph3D] Creating simulation: [33m0[39m nodes
[Graph3D] createGraphSimulation called: { hasObjectManager: [33mtrue[39m, hasScene: [33mtrue[39m, nodeCount: [33m0[39m, linkCount: [33m0[39m }
[Graph3D] Clearing existing objects...
[Graph3D] Calling createSimulation...
[Graph3D] Simulation created, setting up event handlers...
[Graph3D] No links or single node, clearing fog immediately
[Graph3D] Data changed: {
  nodesLen: [33m0[39m,
  linksLen: [33m0[39m,
  key: [33m1776869936558[39m,
  timestamp: [33m1776869936558[39m
}
[Graph3D] Creating simulation: [33m0[39m nodes
[Graph3D] createGraphSimulation called: { hasObjectManager: [33mtrue[39m, hasScene: [33mtrue[39m, nodeCount: [33m0[39m, linkCount: [33m0[39m }
[Graph3D] Clearing existing objects...
[Graph3D] Calling createSimulation...
[Graph3D] Simulation created, setting up event handlers...
[Graph3D] No links or single node, clearing fog immediately
[Graph3D] Data changed: {
  nodesLen: [33m0[39m,
  linksLen: [33m0[39m,
  key: [33m1776869936659[39m,
  timestamp: [33m1776869936659[39m
}
[Graph3D] Creating simulation: [33m0[39m nodes
[Graph3D] createGraphSimulation called: { hasObjectManager: [33mtrue[39m, hasScene: [33mtrue[39m, nodeCount: [33m0[39m, linkCount: [33m0[39m }
[Graph3D] Clearing existing objects...
[Graph3D] Calling createSimulation...
[Graph3D] Simulation created, setting up event handlers...
[Graph3D] No links or single node, clearing fog immediately
[Graph3D] Data changed: {
  nodesLen: [33m0[39m,
  linksLen: [33m0[39m,
  key: [33m1776869936754[39m,
  timestamp: [33m1776869936754[39m
}
[Graph3D] Creating simulation: [33m0[39m nodes
[Graph3D] createGraphSimulation called: { hasObjectManager: [33mtrue[39m, hasScene: [33mtrue[39m, nodeCount: [33m0[39m, linkCount: [33m0[39m }
[Graph3D] Clearing existing objects...
[Graph3D] Calling createSimulation...
[Graph3D] Simulation created, setting up event handlers...
[Graph3D] No links or single node, clearing fog immediately
[Graph3D] Data changed: {
  nodesLen: [33m0[39m,
  linksLen: [33m0[39m,
  key: [33m1776869936845[39m,
  timestamp: [33m1776869936845[39m
}
[Graph3D] Creating simulation: [33m0[39m nodes
[Graph3D] createGraphSimulation called: { hasObjectManager: [33mtrue[39m, hasScene: [33mtrue[39m, nodeCount: [33m0[39m, linkCount: [33m0[39m }
[Graph3D] Clearing existing objects...
[Graph3D] Calling createSimulation...
[Graph3D] Simulation created, setting up event handlers...
[Graph3D] No links or single node, clearing fog immediately
[Graph3D] Data changed: {
  nodesLen: [33m0[39m,
  linksLen: [33m0[39m,
  key: [33m1776869936935[39m,
  timestamp: [33m1776869936935[39m
}
[Graph3D] Creating simulation: [33m0[39m nodes
[Graph3D] createGraphSimulation called: { hasObjectManager: [33mtrue[39m, hasScene: [33mtrue[39m, nodeCount: [33m0[39m, linkCount: [33m0[39m }
[Graph3D] Clearing existing objects...
[Graph3D] Calling createSimulation...
[Graph3D] Simulation created, setting up event handlers...
[Graph3D] No links or single node, clearing fog immediately
[Graph3D] Data changed: {
  nodesLen: [33m0[39m,
  linksLen: [33m0[39m,
  key: [33m1776869937037[39m,
  timestamp: [33m1776869937037[39m
}
[Graph3D] Creating simulation: [33m0[39m nodes
[Graph3D] createGraphSimulation called: { hasObjectManager: [33mtrue[39m, hasScene: [33mtrue[39m, nodeCount: [33m0[39m, linkCount: [33m0[39m }
[Graph3D] Clearing existing objects...
[Graph3D] Calling createSimulation...
[Graph3D] Simulation created, setting up event handlers...
[Graph3D] No links or single node, clearing fog immediately
[Graph3D] Data changed: {
  nodesLen: [33m0[39m,
  linksLen: [33m0[39m,
  key: [33m1776869937128[39m,
  timestamp: [33m1776869937128[39m
}
[Graph3D] Creating simulation: [33m0[39m nodes
[Graph3D] createGraphSimulation called: { hasObjectManager: [33mtrue[39m, hasScene: [33mtrue[39m, nodeCount: [33m0[39m, linkCount: [33m0[39m }
[Graph3D] Clearing existing objects...
[Graph3D] Calling createSimulation...
[Graph3D] Simulation created, setting up event handlers...
[Graph3D] No links or single node, clearing fog immediately
[Graph3D] Data changed: {
  nodesLen: [33m0[39m,
  linksLen: [33m0[39m,
  key: [33m1776869937220[39m,
  timestamp: [33m1776869937220[39m
}
[Graph3D] Creating simulation: [33m0[39m nodes
[Graph3D] createGraphSimulation called: { hasObjectManager: [33mtrue[39m, hasScene: [33mtrue[39m, nodeCount: [33m0[39m, linkCount: [33m0[39m }
[Graph3D] Clearing existing objects...
[Graph3D] Calling createSimulation...
[Graph3D] Simulation created, setting up event handlers...
[Graph3D] No links or single node, clearing fog immediately
[Graph3D] Data changed: {
  nodesLen: [33m0[39m,
  linksLen: [33m0[39m,
  key: [33m1776869937319[39m,
  timestamp: [33m1776869937319[39m
}
[Graph3D] Creating simulation: [33m0[39m nodes
[Graph3D] createGraphSimulation called: { hasObjectManager: [33mtrue[39m, hasScene: [33mtrue[39m, nodeCount: [33m0[39m, linkCount: [33m0[39m }
[Graph3D] Clearing existing objects...
[Graph3D] Calling createSimulation...
[Graph3D] Simulation created, setting up event handlers...
[Graph3D] No links or single node, clearing fog immediately
[Graph3D] Data changed: {
  nodesLen: [33m0[39m,
  linksLen: [33m0[39m,
  key: [33m1776869937416[39m,
  timestamp: [33m1776869937416[39m
}
[Graph3D] Creating simulation: [33m0[39m nodes
[Graph3D] createGraphSimulation called: { hasObjectManager: [33mtrue[39m, hasScene: [33mtrue[39m, nodeCount: [33m0[39m, linkCount: [33m0[39m }
[Graph3D] Clearing existing objects...
[Graph3D] Calling createSimulation...
[Graph3D] Simulation created, setting up event handlers...
[Graph3D] No links or single node, clearing fog immediately
[Graph3D] Data changed: {
  nodesLen: [33m0[39m,
  linksLen: [33m0[39m,
  key: [33m1776869937506[39m,
  timestamp: [33m1776869937506[39m
}
[Graph3D] Creating simulation: [33m0[39m nodes
[Graph3D] createGraphSimulation called: { hasObjectManager: [33mtrue[39m, hasScene: [33mtrue[39m, nodeCount: [33m0[39m, linkCount: [33m0[39m }
[Graph3D] Clearing existing objects...
[Graph3D] Calling createSimulation...
[Graph3D] Simulation created, setting up event handlers...
[Graph3D] No links or single node, clearing fog immediately
[Graph3D] Data changed: {
  nodesLen: [33m0[39m,
  linksLen: [33m0[39m,
  key: [33m1776869937600[39m,
  timestamp: [33m1776869937600[39m
}
[Graph3D] Creating simulation: [33m0[39m nodes
[Graph3D] createGraphSimulation called: { hasObjectManager: [33mtrue[39m, hasScene: [33mtrue[39m, nodeCount: [33m0[39m, linkCount: [33m0[39m }
[Graph3D] Clearing existing objects...
[Graph3D] Calling createSimulation...
[Graph3D] Simulation created, setting up event handlers...
[Graph3D] No links or single node, clearing fog immediately
[Graph3D] Data changed: {
  nodesLen: [33m0[39m,
  linksLen: [33m0[39m,
  key: [33m1776869937690[39m,
  timestamp: [33m1776869937690[39m
}
[Graph3D] Creating simulation: [33m0[39m nodes
[Graph3D] createGraphSimulation called: { hasObjectManager: [33mtrue[39m, hasScene: [33mtrue[39m, nodeCount: [33m0[39m, linkCount: [33m0[39m }
[Graph3D] Clearing existing objects...
[Graph3D] Calling createSimulation...
[Graph3D] Simulation created, setting up event handlers...
[Graph3D] No links or single node, clearing fog immediately
[Graph3D] Data changed: {
  nodesLen: [33m0[39m,
  linksLen: [33m0[39m,
  key: [33m1776869937785[39m,
  timestamp: [33m1776869937785[39m
}
[Graph3D] Creating simulation: [33m0[39m nodes
[Graph3D] createGraphSimulation called: { hasObjectManager: [33mtrue[39m, hasScene: [33mtrue[39m, nodeCount: [33m0[39m, linkCount: [33m0[39m }
[Graph3D] Clearing existing objects...
[Graph3D] Calling createSimulation...
[Graph3D] Simulation created, setting up event handlers...
[Graph3D] No links or single node, clearing fog immediately
[Graph3D] Data changed: {
  nodesLen: [33m0[39m,
  linksLen: [33m0[39m,
  key: [33m1776869937874[39m,
  timestamp: [33m1776869937874[39m
}
[Graph3D] Creating simulation: [33m0[39m nodes
[Graph3D] createGraphSimulation called: { hasObjectManager: [33mtrue[39m, hasScene: [33mtrue[39m, nodeCount: [33m0[39m, linkCount: [33m0[39m }
[Graph3D] Clearing existing objects...
[Graph3D] Calling createSimulation...
[Graph3D] Simulation created, setting up event handlers...
[Graph3D] No links or single node, clearing fog immediately
[Graph3D] Data changed: {
  nodesLen: [33m0[39m,
  linksLen: [33m0[39m,
  key: [33m1776869937966[39m,
  timestamp: [33m1776869937966[39m
}
[Graph3D] Creating simulation: [33m0[39m nodes
[Graph3D] createGraphSimulation called: { hasObjectManager: [33mtrue[39m, hasScene: [33mtrue[39m, nodeCount: [33m0[39m, linkCount: [33m0[39m }
[Graph3D] Clearing existing objects...
[Graph3D] Calling createSimulation...
[Graph3D] Simulation created, setting up event handlers...
[Graph3D] No links or single node, clearing fog immediately
[Graph3D] Data changed: {
  nodesLen: [33m0[39m,
  linksLen: [33m0[39m,
  key: [33m1776869938064[39m,
  timestamp: [33m1776869938064[39m
}
[Graph3D] Creating simulation: [33m0[39m nodes
[Graph3D] createGraphSimulation called: { hasObjectManager: [33mtrue[39m, hasScene: [33mtrue[39m, nodeCount: [33m0[39m, linkCount: [33m0[39m }
[Graph3D] Clearing existing objects...
[Graph3D] Calling createSimulation...
[Graph3D] Simulation created, setting up event handlers...
[Graph3D] No links or single node, clearing fog immediately
[Graph3D] Data changed: {
  nodesLen: [33m0[39m,
  linksLen: [33m0[39m,
  key: [33m1776869938157[39m,
  timestamp: [33m1776869938157[39m
}
[Graph3D] Creating simulation: [33m0[39m nodes
[Graph3D] createGraphSimulation called: { hasObjectManager: [33mtrue[39m, hasScene: [33mtrue[39m, nodeCount: [33m0[39m, linkCount: [33m0[39m }
[Graph3D] Clearing existing objects...
[Graph3D] Calling createSimulation...
[Graph3D] Simulation created, setting up event handlers...
[Graph3D] No links or single node, clearing fog immediately
[Graph3D] Data changed: {
  nodesLen: [33m0[39m,
  linksLen: [33m0[39m,
  key: [33m1776869938251[39m,
  timestamp: [33m1776869938251[39m
}
[Graph3D] Creating simulation: [33m0[39m nodes
[Graph3D] createGraphSimulation called: { hasObjectManager: [33mtrue[39m, hasScene: [33mtrue[39m, nodeCount: [33m0[39m, linkCount: [33m0[39m }
[Graph3D] Clearing existing objects...
[Graph3D] Calling createSimulation...
[Graph3D] Simulation created, setting up event handlers...
[Graph3D] No links or single node, clearing fog immediately
[Graph3D] Data changed: {
  nodesLen: [33m0[39m,
  linksLen: [33m0[39m,
  key: [33m1776869938355[39m,
  timestamp: [33m1776869938355[39m
}
[Graph3D] Creating simulation: [33m0[39m nodes
[Graph3D] createGraphSimulation called: { hasObjectManager: [33mtrue[39m, hasScene: [33mtrue[39m, nodeCount: [33m0[39m, linkCount: [33m0[39m }
[Graph3D] Clearing existing objects...
[Graph3D] Calling createSimulation...
[Graph3D] Simulation created, setting up event handlers...
[Graph3D] No links or single node, clearing fog immediately
[Graph3D] Data changed: {
  nodesLen: [33m0[39m,
  linksLen: [33m0[39m,
  key: [33m1776869938451[39m,
  timestamp: [33m1776869938451[39m
}
[Graph3D] Creating simulation: [33m0[39m nodes
[Graph3D] createGraphSimulation called: { hasObjectManager: [33mtrue[39m, hasScene: [33mtrue[39m, nodeCount: [33m0[39m, linkCount: [33m0[39m }
[Graph3D] Clearing existing objects...
[Graph3D] Calling createSimulation...
[Graph3D] Simulation created, setting up event handlers...
[Graph3D] No links or single node, clearing fog immediately
[Graph3D] Data changed: {
  nodesLen: [33m0[39m,
  linksLen: [33m0[39m,
  key: [33m1776869938547[39m,
  timestamp: [33m1776869938547[39m
}
[Graph3D] Creating simulation: [33m0[39m nodes
[Graph3D] createGraphSimulation called: { hasObjectManager: [33mtrue[39m, hasScene: [33mtrue[39m, nodeCount: [33m0[39m, linkCount: [33m0[39m }
[Graph3D] Clearing existing objects...
[Graph3D] Calling createSimulation...
[Graph3D] Simulation created, setting up event handlers...
[Graph3D] No links or single node, clearing fog immediately
[Graph3D] Data changed: {
  nodesLen: [33m0[39m,
  linksLen: [33m0[39m,
  key: [33m1776869938642[39m,
  timestamp: [33m1776869938642[39m
}
[Graph3D] Creating simulation: [33m0[39m nodes
[Graph3D] createGraphSimulation called: { hasObjectManager: [33mtrue[39m, hasScene: [33mtrue[39m, nodeCount: [33m0[39m, linkCount: [33m0[39m }
[Graph3D] Clearing existing objects...
[Graph3D] Calling createSimulation...
[Graph3D] Simulation created, setting up event handlers...
[Graph3D] No links or single node, clearing fog immediately
[Graph3D] Data changed: {
  nodesLen: [33m0[39m,
  linksLen: [33m0[39m,
  key: [33m1776869938736[39m,
  timestamp: [33m1776869938736[39m
}
[Graph3D] Creating simulation: [33m0[39m nodes
[Graph3D] createGraphSimulation called: { hasObjectManager: [33mtrue[39m, hasScene: [33mtrue[39m, nodeCount: [33m0[39m, linkCount: [33m0[39m }
[Graph3D] Clearing existing objects...
[Graph3D] Calling createSimulation...
[Graph3D] Simulation created, setting up event handlers...
[Graph3D] No links or single node, clearing fog immediately
[Graph3D] Data changed: {
  nodesLen: [33m0[39m,
  linksLen: [33m0[39m,
  key: [33m1776869938834[39m,
  timestamp: [33m1776869938834[39m
}
[Graph3D] Creating simulation: [33m0[39m nodes
[Graph3D] createGraphSimulation called: { hasObjectManager: [33mtrue[39m, hasScene: [33mtrue[39m, nodeCount: [33m0[39m, linkCount: [33m0[39m }
[Graph3D] Clearing existing objects...
[Graph3D] Calling createSimulation...
[Graph3D] Simulation created, setting up event handlers...
[Graph3D] No links or single node, clearing fog immediately
[Graph3D] Data changed: {
  nodesLen: [33m0[39m,
  linksLen: [33m0[39m,
  key: [33m1776869938929[39m,
  timestamp: [33m1776869938929[39m
}
[Graph3D] Creating simulation: [33m0[39m nodes
[Graph3D] createGraphSimulation called: { hasObjectManager: [33mtrue[39m, hasScene: [33mtrue[39m, nodeCount: [33m0[39m, linkCount: [33m0[39m }
[Graph3D] Clearing existing objects...
[Graph3D] Calling createSimulation...
[Graph3D] Simulation created, setting up event handlers...
[Graph3D] No links or single node, clearing fog immediately
[Graph3D] Data changed: {
  nodesLen: [33m0[39m,
  linksLen: [33m0[39m,
  key: [33m1776869939034[39m,
  timestamp: [33m1776869939034[39m
}
[Graph3D] Creating simulation: [33m0[39m nodes
[Graph3D] createGraphSimulation called: { hasObjectManager: [33mtrue[39m, hasScene: [33mtrue[39m, nodeCount: [33m0[39m, linkCount: [33m0[39m }
[Graph3D] Clearing existing objects...
[Graph3D] Calling createSimulation...
[Graph3D] Simulation created, setting up event handlers...
[Graph3D] No links or single node, clearing fog immediately
[Graph3D] Data changed: {
  nodesLen: [33m0[39m,
  linksLen: [33m0[39m,
  key: [33m1776869939127[39m,
  timestamp: [33m1776869939127[39m
}
[Graph3D] Creating simulation: [33m0[39m nodes
[Graph3D] createGraphSimulation called: { hasObjectManager: [33mtrue[39m, hasScene: [33mtrue[39m, nodeCount: [33m0[39m, linkCount: [33m0[39m }
[Graph3D] Clearing existing objects...
[Graph3D] Calling createSimulation...
[Graph3D] Simulation created, setting up event handlers...
[Graph3D] No links or single node, clearing fog immediately
[Graph3D] Data changed: {
  nodesLen: [33m0[39m,
  linksLen: [33m0[39m,
  key: [33m1776869939226[39m,
  timestamp: [33m1776869939226[39m
}
[Graph3D] Creating simulation: [33m0[39m nodes
[Graph3D] createGraphSimulation called: { hasObjectManager: [33mtrue[39m, hasScene: [33mtrue[39m, nodeCount: [33m0[39m, linkCount: [33m0[39m }
[Graph3D] Clearing existing objects...
[Graph3D] Calling createSimulation...
[Graph3D] Simulation created, setting up event handlers...
[Graph3D] No links or single node, clearing fog immediately
[Graph3D] Data changed: {
  nodesLen: [33m0[39m,
  linksLen: [33m0[39m,
  key: [33m1776869939330[39m,
  timestamp: [33m1776869939330[39m
}
[Graph3D] Creating simulation: [33m0[39m nodes
[Graph3D] createGraphSimulation called: { hasObjectManager: [33mtrue[39m, hasScene: [33mtrue[39m, nodeCount: [33m0[39m, linkCount: [33m0[39m }
[Graph3D] Clearing existing objects...
[Graph3D] Calling createSimulation...
[Graph3D] Simulation created, setting up event handlers...
[Graph3D] No links or single node, clearing fog immediately
[Graph3D] Data changed: {
  nodesLen: [33m0[39m,
  linksLen: [33m0[39m,
  key: [33m1776869939436[39m,
  timestamp: [33m1776869939436[39m
}
[Graph3D] Creating simulation: [33m0[39m nodes
[Graph3D] createGraphSimulation called: { hasObjectManager: [33mtrue[39m, hasScene: [33mtrue[39m, nodeCount: [33m0[39m, linkCount: [33m0[39m }
[Graph3D] Clearing existing objects...
[Graph3D] Calling createSimulation...
[Graph3D] Simulation created, setting up event handlers...
[Graph3D] No links or single node, clearing fog immediately
[Graph3D] Data changed: {
  nodesLen: [33m0[39m,
  linksLen: [33m0[39m,
  key: [33m1776869939532[39m,
  timestamp: [33m1776869939532[39m
}
[Graph3D] Creating simulation: [33m0[39m nodes
[Graph3D] createGraphSimulation called: { hasObjectManager: [33mtrue[39m, hasScene: [33mtrue[39m, nodeCount: [33m0[39m, linkCount: [33m0[39m }
[Graph3D] Clearing existing objects...
[Graph3D] Calling createSimulation...
[Graph3D] Simulation created, setting up event handlers...
[Graph3D] No links or single node, clearing fog immediately
[Graph3D] Data changed: {
  nodesLen: [33m0[39m,
  linksLen: [33m0[39m,
  key: [33m1776869939633[39m,
  timestamp: [33m1776869939633[39m
}
[Graph3D] Creating simulation: [33m0[39m nodes
[Graph3D] createGraphSimulation called: { hasObjectManager: [33mtrue[39m, hasScene: [33mtrue[39m, nodeCount: [33m0[39m, linkCount: [33m0[39m }
[Graph3D] Clearing existing objects...
[Graph3D] Calling createSimulation...
[Graph3D] Simulation created, setting up event handlers...
[Graph3D] No links or single node, clearing fog immediately
[Graph3D] Data changed: {
  nodesLen: [33m0[39m,
  linksLen: [33m0[39m,
  key: [33m1776869939781[39m,
  timestamp: [33m1776869939781[39m
}
[Graph3D] Creating simulation: [33m0[39m nodes
[Graph3D] createGraphSimulation called: { hasObjectManager: [33mtrue[39m, hasScene: [33mtrue[39m, nodeCount: [33m0[39m, linkCount: [33m0[39m }
[Graph3D] Clearing existing objects...
[Graph3D] Calling createSimulation...
[Graph3D] Simulation created, setting up event handlers...
[Graph3D] No links or single node, clearing fog immediately
[Graph3D] Data changed: {
  nodesLen: [33m0[39m,
  linksLen: [33m0[39m,
  key: [33m1776869939925[39m,
  timestamp: [33m1776869939925[39m
}
[Graph3D] Creating simulation: [33m0[39m nodes
[Graph3D] createGraphSimulation called: { hasObjectManager: [33mtrue[39m, hasScene: [33mtrue[39m, nodeCount: [33m0[39m, linkCount: [33m0[39m }
[Graph3D] Clearing existing objects...
[Graph3D] Calling createSimulation...
[Graph3D] Simulation created, setting up event handlers...
[Graph3D] No links or single node, clearing fog immediately
[Graph3D] Data changed: {
  nodesLen: [33m0[39m,
  linksLen: [33m0[39m,
  key: [33m1776869940074[39m,
  timestamp: [33m1776869940074[39m
}
[Graph3D] Creating simulation: [33m0[39m nodes
[Graph3D] createGraphSimulation called: { hasObjectManager: [33mtrue[39m, hasScene: [33mtrue[39m, nodeCount: [33m0[39m, linkCount: [33m0[39m }
[Graph3D] Clearing existing objects...
[Graph3D] Calling createSimulation...
[Graph3D] Simulation created, setting up event handlers...
[Graph3D] No links or single node, clearing fog immediately
[Graph3D] Data changed: {
  nodesLen: [33m0[39m,
  linksLen: [33m0[39m,
  key: [33m1776869940171[39m,
  timestamp: [33m1776869940171[39m
}
[Graph3D] Creating simulation: [33m0[39m nodes
[Graph3D] createGraphSimulation called: { hasObjectManager: [33mtrue[39m, hasScene: [33mtrue[39m, nodeCount: [33m0[39m, linkCount: [33m0[39m }
[Graph3D] Clearing existing objects...
[Graph3D] Calling createSimulation...
[Graph3D] Simulation created, setting up event handlers...
[Graph3D] No links or single node, clearing fog immediately
[Graph3D] Data changed: {
  nodesLen: [33m0[39m,
  linksLen: [33m0[39m,
  key: [33m1776869940297[39m,
  timestamp: [33m1776869940297[39m
}
[Graph3D] Creating simulation: [33m0[39m nodes
[Graph3D] createGraphSimulation called: { hasObjectManager: [33mtrue[39m, hasScene: [33mtrue[39m, nodeCount: [33m0[39m, linkCount: [33m0[39m }
[Graph3D] Clearing existing objects...
[Graph3D] Calling createSimulation...
[Graph3D] Simulation created, setting up event handlers...
[Graph3D] No links or single node, clearing fog immediately
[Graph3D] Data changed: {
  nodesLen: [33m0[39m,
  linksLen: [33m0[39m,
  key: [33m1776869940397[39m,
  timestamp: [33m1776869940397[39m
}
[Graph3D] Creating simulation: [33m0[39m nodes
[Graph3D] createGraphSimulation called: { hasObjectManager: [33mtrue[39m, hasScene: [33mtrue[39m, nodeCount: [33m0[39m, linkCount: [33m0[39m }
[Graph3D] Clearing existing objects...
[Graph3D] Calling createSimulation...
[Graph3D] Simulation created, setting up event handlers...
[Graph3D] No links or single node, clearing fog immediately
[Graph3D] Data changed: {
  nodesLen: [33m0[39m,
  linksLen: [33m0[39m,
  key: [33m1776869940510[39m,
  timestamp: [33m1776869940510[39m
}
[Graph3D] Creating simulation: [33m0[39m nodes
[Graph3D] createGraphSimulation called: { hasObjectManager: [33mtrue[39m, hasScene: [33mtrue[39m, nodeCount: [33m0[39m, linkCount: [33m0[39m }
[Graph3D] Clearing existing objects...
[Graph3D] Calling createSimulation...
[Graph3D] Simulation created, setting up event handlers...
[Graph3D] No links or single node, clearing fog immediately
[Graph3D] Data changed: {
  nodesLen: [33m0[39m,
  linksLen: [33m0[39m,
  key: [33m1776869940622[39m,
  timestamp: [33m1776869940622[39m
}
[Graph3D] Creating simulation: [33m0[39m nodes
[Graph3D] createGraphSimulation called: { hasObjectManager: [33mtrue[39m, hasScene: [33mtrue[39m, nodeCount: [33m0[39m, linkCount: [33m0[39m }
[Graph3D] Clearing existing objects...
[Graph3D] Calling createSimulation...
[Graph3D] Simulation created, setting up event handlers...
[Graph3D] No links or single node, clearing fog immediately
[Graph3D] Data changed: {
  nodesLen: [33m0[39m,
  linksLen: [33m0[39m,
  key: [33m1776869940747[39m,
  timestamp: [33m1776869940747[39m
}
[Graph3D] Creating simulation: [33m0[39m nodes
[Graph3D] createGraphSimulation called: { hasObjectManager: [33mtrue[39m, hasScene: [33mtrue[39m, nodeCount: [33m0[39m, linkCount: [33m0[39m }
[Graph3D] Clearing existing objects...
[Graph3D] Calling createSimulation...
[Graph3D] Simulation created, setting up event handlers...
[Graph3D] No links or single node, clearing fog immediately
[Graph3D] Data changed: {
  nodesLen: [33m0[39m,
  linksLen: [33m0[39m,
  key: [33m1776869940855[39m,
  timestamp: [33m1776869940855[39m
}
[Graph3D] Creating simulation: [33m0[39m nodes
[Graph3D] createGraphSimulation called: { hasObjectManager: [33mtrue[39m, hasScene: [33mtrue[39m, nodeCount: [33m0[39m, linkCount: [33m0[39m }
[Graph3D] Clearing existing objects...
[Graph3D] Calling createSimulation...
[Graph3D] Simulation created, setting up event handlers...
[Graph3D] No links or single node, clearing fog immediately
[Graph3D] Data changed: {
  nodesLen: [33m0[39m,
  linksLen: [33m0[39m,
  key: [33m1776869940951[39m,
  timestamp: [33m1776869940951[39m
}
[Graph3D] Creating simulation: [33m0[39m nodes
[Graph3D] createGraphSimulation called: { hasObjectManager: [33mtrue[39m, hasScene: [33mtrue[39m, nodeCount: [33m0[39m, linkCount: [33m0[39m }
[Graph3D] Clearing existing objects...
[Graph3D] Calling createSimulation...
[Graph3D] Simulation created, setting up event handlers...
[Graph3D] No links or single node, clearing fog immediately
[Graph3D] Data changed: {
  nodesLen: [33m0[39m,
  linksLen: [33m0[39m,
  key: [33m1776869941062[39m,
  timestamp: [33m1776869941062[39m
}
[Graph3D] Creating simulation: [33m0[39m nodes
[Graph3D] createGraphSimulation called: { hasObjectManager: [33mtrue[39m, hasScene: [33mtrue[39m, nodeCount: [33m0[39m, linkCount: [33m0[39m }
[Graph3D] Clearing existing objects...
[Graph3D] Calling createSimulation...
[Graph3D] Simulation created, setting up event handlers...
[Graph3D] No links or single node, clearing fog immediately
[Graph3D] Data changed: {
  nodesLen: [33m0[39m,
  linksLen: [33m0[39m,
  key: [33m1776869941166[39m,
  timestamp: [33m1776869941166[39m
}
[Graph3D] Creating simulation: [33m0[39m nodes
[Graph3D] createGraphSimulation called: { hasObjectManager: [33mtrue[39m, hasScene: [33mtrue[39m, nodeCount: [33m0[39m, linkCount: [33m0[39m }
[Graph3D] Clearing existing objects...
[Graph3D] Calling createSimulation...
[Graph3D] Simulation created, setting up event handlers...
[Graph3D] No links or single node, clearing fog immediately
[Graph3D] Data changed: {
  nodesLen: [33m0[39m,
  linksLen: [33m0[39m,
  key: [33m1776869941264[39m,
  timestamp: [33m1776869941264[39m
}
[Graph3D] Creating simulation: [33m0[39m nodes
[Graph3D] createGraphSimulation called: { hasObjectManager: [33mtrue[39m, hasScene: [33mtrue[39m, nodeCount: [33m0[39m, linkCount: [33m0[39m }
[Graph3D] Clearing existing objects...
[Graph3D] Calling createSimulation...
[Graph3D] Simulation created, setting up event handlers...
[Graph3D] No links or single node, clearing fog immediately
[Graph3D] Data changed: {
  nodesLen: [33m0[39m,
  linksLen: [33m0[39m,
  key: [33m1776869941378[39m,
  timestamp: [33m1776869941378[39m
}
[Graph3D] Creating simulation: [33m0[39m nodes
[Graph3D] createGraphSimulation called: { hasObjectManager: [33mtrue[39m, hasScene: [33mtrue[39m, nodeCount: [33m0[39m, linkCount: [33m0[39m }
[Graph3D] Clearing existing objects...
[Graph3D] Calling createSimulation...
[Graph3D] Simulation created, setting up event handlers...
[Graph3D] No links or single node, clearing fog immediately
[Graph3D] Data changed: {
  nodesLen: [33m0[39m,
  linksLen: [33m0[39m,
  key: [33m1776869941485[39m,
  timestamp: [33m1776869941485[39m
}
[Graph3D] Creating simulation: [33m0[39m nodes
[Graph3D] createGraphSimulation called: { hasObjectManager: [33mtrue[39m, hasScene: [33mtrue[39m, nodeCount: [33m0[39m, linkCount: [33m0[39m }
[Graph3D] Clearing existing objects...
[Graph3D] Calling createSimulation...
[Graph3D] Simulation created, setting up event handlers...
[Graph3D] No links or single node, clearing fog immediately
[Graph3D] Data changed: {
  nodesLen: [33m0[39m,
  linksLen: [33m0[39m,
  key: [33m1776869941591[39m,
  timestamp: [33m1776869941591[39m
}
[Graph3D] Creating simulation: [33m0[39m nodes
[Graph3D] createGraphSimulation called: { hasObjectManager: [33mtrue[39m, hasScene: [33mtrue[39m, nodeCount: [33m0[39m, linkCount: [33m0[39m }
[Graph3D] Clearing existing objects...
[Graph3D] Calling createSimulation...
[Graph3D] Simulation created, setting up event handlers...
[Graph3D] No links or single node, clearing fog immediately
[Graph3D] Data changed: {
  nodesLen: [33m0[39m,
  linksLen: [33m0[39m,
  key: [33m1776869941712[39m,
  timestamp: [33m1776869941712[39m
}
[Graph3D] Creating simulation: [33m0[39m nodes
[Graph3D] createGraphSimulation called: { hasObjectManager: [33mtrue[39m, hasScene: [33mtrue[39m, nodeCount: [33m0[39m, linkCount: [33m0[39m }
[Graph3D] Clearing existing objects...
[Graph3D] Calling createSimulation...
[Graph3D] Simulation created, setting up event handlers...
[Graph3D] No links or single node, clearing fog immediately
[Graph3D] Data changed: {
  nodesLen: [33m0[39m,
  linksLen: [33m0[39m,
  key: [33m1776869941843[39m,
  timestamp: [33m1776869941843[39m
}
[Graph3D] Creating simulation: [33m0[39m nodes
[Graph3D] createGraphSimulation called: { hasObjectManager: [33mtrue[39m, hasScene: [33mtrue[39m, nodeCount: [33m0[39m, linkCount: [33m0[39m }
[Graph3D] Clearing existing objects...
[Graph3D] Calling createSimulation...
[Graph3D] Simulation created, setting up event handlers...
[Graph3D] No links or single node, clearing fog immediately
[Graph3D] Data changed: {
  nodesLen: [33m0[39m,
  linksLen: [33m0[39m,
  key: [33m1776869941978[39m,
  timestamp: [33m1776869941978[39m
}
[Graph3D] Creating simulation: [33m0[39m nodes
[Graph3D] createGraphSimulation called: { hasObjectManager: [33mtrue[39m, hasScene: [33mtrue[39m, nodeCount: [33m0[39m, linkCount: [33m0[39m }
[Graph3D] Clearing existing objects...
[Graph3D] Calling createSimulation...
[Graph3D] Simulation created, setting up event handlers...
[Graph3D] No links or single node, clearing fog immediately
[Graph3D] Data changed: {
  nodesLen: [33m0[39m,
  linksLen: [33m0[39m,
  key: [33m1776869942094[39m,
  timestamp: [33m1776869942094[39m
}
[Graph3D] Creating simulation: [33m0[39m nodes
[Graph3D] createGraphSimulation called: { hasObjectManager: [33mtrue[39m, hasScene: [33mtrue[39m, nodeCount: [33m0[39m, linkCount: [33m0[39m }
[Graph3D] Clearing existing objects...
[Graph3D] Calling createSimulation...
[Graph3D] Simulation created, setting up event handlers...
[Graph3D] No links or single node, clearing fog immediately
[Graph3D] Data changed: {
  nodesLen: [33m0[39m,
  linksLen: [33m0[39m,
  key: [33m1776869942199[39m,
  timestamp: [33m1776869942199[39m
}
[Graph3D] Creating simulation: [33m0[39m nodes
[Graph3D] createGraphSimulation called: { hasObjectManager: [33mtrue[39m, hasScene: [33mtrue[39m, nodeCount: [33m0[39m, linkCount: [33m0[39m }
[Graph3D] Clearing existing objects...
[Graph3D] Calling createSimulation...
[Graph3D] Simulation created, setting up event handlers...
[Graph3D] No links or single node, clearing fog immediately
[Graph3D] Data changed: {
  nodesLen: [33m0[39m,
  linksLen: [33m0[39m,
  key: [33m1776869942317[39m,
  timestamp: [33m1776869942317[39m
}
[Graph3D] Creating simulation: [33m0[39m nodes
[Graph3D] createGraphSimulation called: { hasObjectManager: [33mtrue[39m, hasScene: [33mtrue[39m, nodeCount: [33m0[39m, linkCount: [33m0[39m }
[Graph3D] Clearing existing objects...
[Graph3D] Calling createSimulation...
[Graph3D] Simulation created, setting up event handlers...
[Graph3D] No links or single node, clearing fog immediately
[Graph3D] Data changed: {
  nodesLen: [33m0[39m,
  linksLen: [33m0[39m,
  key: [33m1776869942425[39m,
  timestamp: [33m1776869942425[39m
}
[Graph3D] Creating simulation: [33m0[39m nodes
[Graph3D] createGraphSimulation called: { hasObjectManager: [33mtrue[39m, hasScene: [33mtrue[39m, nodeCount: [33m0[39m, linkCount: [33m0[39m }
[Graph3D] Clearing existing objects...
[Graph3D] Calling createSimulation...
[Graph3D] Simulation created, setting up event handlers...
[Graph3D] No links or single node, clearing fog immediately
[Graph3D] Data changed: {
  nodesLen: [33m0[39m,
  linksLen: [33m0[39m,
  key: [33m1776869942566[39m,
  timestamp: [33m1776869942566[39m
}
[Graph3D] Creating simulation: [33m0[39m nodes
[Graph3D] createGraphSimulation called: { hasObjectManager: [33mtrue[39m, hasScene: [33mtrue[39m, nodeCount: [33m0[39m, linkCount: [33m0[39m }
[Graph3D] Clearing existing objects...
[Graph3D] Calling createSimulation...
[Graph3D] Simulation created, setting up event handlers...
[Graph3D] No links or single node, clearing fog immediately
[Graph3D] Data changed: {
  nodesLen: [33m0[39m,
  linksLen: [33m0[39m,
  key: [33m1776869942684[39m,
  timestamp: [33m1776869942684[39m
}
[Graph3D] Creating simulation: [33m0[39m nodes
[Graph3D] createGraphSimulation called: { hasObjectManager: [33mtrue[39m, hasScene: [33mtrue[39m, nodeCount: [33m0[39m, linkCount: [33m0[39m }
[Graph3D] Clearing existing objects...
[Graph3D] Calling createSimulation...
[Graph3D] Simulation created, setting up event handlers...
[Graph3D] No links or single node, clearing fog immediately
[Graph3D] Data changed: {
  nodesLen: [33m0[39m,
  linksLen: [33m0[39m,
  key: [33m1776869942812[39m,
  timestamp: [33m1776869942812[39m
}
[Graph3D] Creating simulation: [33m0[39m nodes
[Graph3D] createGraphSimulation called: { hasObjectManager: [33mtrue[39m, hasScene: [33mtrue[39m, nodeCount: [33m0[39m, linkCount: [33m0[39m }
[Graph3D] Clearing existing objects...
[Graph3D] Calling createSimulation...
[Graph3D] Simulation created, setting up event handlers...
[Graph3D] No links or single node, clearing fog immediately
[Graph3D] Data changed: {
  nodesLen: [33m0[39m,
  linksLen: [33m0[39m,
  key: [33m1776869942928[39m,
  timestamp: [33m1776869942928[39m
}
[Graph3D] Creating simulation: [33m0[39m nodes
[Graph3D] createGraphSimulation called: { hasObjectManager: [33mtrue[39m, hasScene: [33mtrue[39m, nodeCount: [33m0[39m, linkCount: [33m0[39m }
[Graph3D] Clearing existing objects...
[Graph3D] Calling createSimulation...
[Graph3D] Simulation created, setting up event handlers...
[Graph3D] No links or single node, clearing fog immediately
[Graph3D] Data changed: {
  nodesLen: [33m0[39m,
  linksLen: [33m0[39m,
  key: [33m1776869943032[39m,
  timestamp: [33m1776869943032[39m
}
[Graph3D] Creating simulation: [33m0[39m nodes
[Graph3D] createGraphSimulation called: { hasObjectManager: [33mtrue[39m, hasScene: [33mtrue[39m, nodeCount: [33m0[39m, linkCount: [33m0[39m }
[Graph3D] Clearing existing objects...
[Graph3D] Calling createSimulation...
[Graph3D] Simulation created, setting up event handlers...
[Graph3D] No links or single node, clearing fog immediately
[Graph3D] Data changed: {
  nodesLen: [33m0[39m,
  linksLen: [33m0[39m,
  key: [33m1776869943145[39m,
  timestamp: [33m1776869943145[39m
}
[Graph3D] Creating simulation: [33m0[39m nodes
[Graph3D] createGraphSimulation called: { hasObjectManager: [33mtrue[39m, hasScene: [33mtrue[39m, nodeCount: [33m0[39m, linkCount: [33m0[39m }
[Graph3D] Clearing existing objects...
[Graph3D] Calling createSimulation...
[Graph3D] Simulation created, setting up event handlers...
[Graph3D] No links or single node, clearing fog immediately
[Graph3D] Data changed: {
  nodesLen: [33m0[39m,
  linksLen: [33m0[39m,
  key: [33m1776869943249[39m,
  timestamp: [33m1776869943249[39m
}
[Graph3D] Creating simulation: [33m0[39m nodes
[Graph3D] createGraphSimulation called: { hasObjectManager: [33mtrue[39m, hasScene: [33mtrue[39m, nodeCount: [33m0[39m, linkCount: [33m0[39m }
[Graph3D] Clearing existing objects...
[Graph3D] Calling createSimulation...
[Graph3D] Simulation created, setting up event handlers...
[Graph3D] No links or single node, clearing fog immediately
[Graph3D] Data changed: {
  nodesLen: [33m0[39m,
  linksLen: [33m0[39m,
  key: [33m1776869943368[39m,
  timestamp: [33m1776869943368[39m
}
[Graph3D] Creating simulation: [33m0[39m nodes
[Graph3D] createGraphSimulation called: { hasObjectManager: [33mtrue[39m, hasScene: [33mtrue[39m, nodeCount: [33m0[39m, linkCount: [33m0[39m }
[Graph3D] Clearing existing objects...
[Graph3D] Calling createSimulation...
[Graph3D] Simulation created, setting up event handlers...
[Graph3D] No links or single node, clearing fog immediately
[Graph3D] Data changed: {
  nodesLen: [33m0[39m,
  linksLen: [33m0[39m,
  key: [33m1776869943477[39m,
  timestamp: [33m1776869943477[39m
}
[Graph3D] Creating simulation: [33m0[39m nodes
[Graph3D] createGraphSimulation called: { hasObjectManager: [33mtrue[39m, hasScene: [33mtrue[39m, nodeCount: [33m0[39m, linkCount: [33m0[39m }
[Graph3D] Clearing existing objects...
[Graph3D] Calling createSimulation...
[Graph3D] Simulation created, setting up event handlers...
[Graph3D] No links or single node, clearing fog immediately
[Graph3D] Data changed: {
  nodesLen: [33m0[39m,
  linksLen: [33m0[39m,
  key: [33m1776869943580[39m,
  timestamp: [33m1776869943580[39m
}
[Graph3D] Creating simulation: [33m0[39m nodes
[Graph3D] createGraphSimulation called: { hasObjectManager: [33mtrue[39m, hasScene: [33mtrue[39m, nodeCount: [33m0[39m, linkCount: [33m0[39m }
[Graph3D] Clearing existing objects...
[Graph3D] Calling createSimulation...
[Graph3D] Simulation created, setting up event handlers...
[Graph3D] No links or single node, clearing fog immediately
[Graph3D] Data changed: {
  nodesLen: [33m0[39m,
  linksLen: [33m0[39m,
  key: [33m1776869943699[39m,
  timestamp: [33m1776869943699[39m
}
[Graph3D] Creating simulation: [33m0[39m nodes
[Graph3D] createGraphSimulation called: { hasObjectManager: [33mtrue[39m, hasScene: [33mtrue[39m, nodeCount: [33m0[39m, linkCount: [33m0[39m }
[Graph3D] Clearing existing objects...
[Graph3D] Calling createSimulation...
[Graph3D] Simulation created, setting up event handlers...
[Graph3D] No links or single node, clearing fog immediately
[Graph3D] Data changed: {
  nodesLen: [33m0[39m,
  linksLen: [33m0[39m,
  key: [33m1776869943818[39m,
  timestamp: [33m1776869943818[39m
}
[Graph3D] Creating simulation: [33m0[39m nodes
[Graph3D] createGraphSimulation called: { hasObjectManager: [33mtrue[39m, hasScene: [33mtrue[39m, nodeCount: [33m0[39m, linkCount: [33m0[39m }
[Graph3D] Clearing existing objects...
[Graph3D] Calling createSimulation...
[Graph3D] Simulation created, setting up event handlers...
[Graph3D] No links or single node, clearing fog immediately
[Graph3D] Data changed: {
  nodesLen: [33m0[39m,
  linksLen: [33m0[39m,
  key: [33m1776869943931[39m,
  timestamp: [33m1776869943931[39m
}
[Graph3D] Creating simulation: [33m0[39m nodes
[Graph3D] createGraphSimulation called: { hasObjectManager: [33mtrue[39m, hasScene: [33mtrue[39m, nodeCount: [33m0[39m, linkCount: [33m0[39m }
[Graph3D] Clearing existing objects...
[Graph3D] Calling createSimulation...
[Graph3D] Simulation created, setting up event handlers...
[Graph3D] No links or single node, clearing fog immediately
[Graph3D] Data changed: {
  nodesLen: [33m0[39m,
  linksLen: [33m0[39m,
  key: [33m1776869944036[39m,
  timestamp: [33m1776869944036[39m
}
[Graph3D] Creating simulation: [33m0[39m nodes
[Graph3D] createGraphSimulation called: { hasObjectManager: [33mtrue[39m, hasScene: [33mtrue[39m, nodeCount: [33m0[39m, linkCount: [33m0[39m }
[Graph3D] Clearing existing objects...
[Graph3D] Calling createSimulation...
[Graph3D] Simulation created, setting up event handlers...
[Graph3D] No links or single node, clearing fog immediately
[Graph3D] Data changed: {
  nodesLen: [33m0[39m,
  linksLen: [33m0[39m,
  key: [33m1776869944154[39m,
  timestamp: [33m1776869944154[39m
}
[Graph3D] Creating simulation: [33m0[39m nodes
[Graph3D] createGraphSimulation called: { hasObjectManager: [33mtrue[39m, hasScene: [33mtrue[39m, nodeCount: [33m0[39m, linkCount: [33m0[39m }
[Graph3D] Clearing existing objects...
[Graph3D] Calling createSimulation...
[Graph3D] Simulation created, setting up event handlers...
[Graph3D] No links or single node, clearing fog immediately
[Graph3D] Data changed: {
  nodesLen: [33m0[39m,
  linksLen: [33m0[39m,
  key: [33m1776869944259[39m,
  timestamp: [33m1776869944259[39m
}
[Graph3D] Creating simulation: [33m0[39m nodes
[Graph3D] createGraphSimulation called: { hasObjectManager: [33mtrue[39m, hasScene: [33mtrue[39m, nodeCount: [33m0[39m, linkCount: [33m0[39m }
[Graph3D] Clearing existing objects...
[Graph3D] Calling createSimulation...
[Graph3D] Simulation created, setting up event handlers...
[Graph3D] No links or single node, clearing fog immediately
[Graph3D] Data changed: {
  nodesLen: [33m0[39m,
  linksLen: [33m0[39m,
  key: [33m1776869944379[39m,
  timestamp: [33m1776869944379[39m
}
[Graph3D] Creating simulation: [33m0[39m nodes
[Graph3D] createGraphSimulation called: { hasObjectManager: [33mtrue[39m, hasScene: [33mtrue[39m, nodeCount: [33m0[39m, linkCount: [33m0[39m }
[Graph3D] Clearing existing objects...
[Graph3D] Calling createSimulation...
[Graph3D] Simulation created, setting up event handlers...
[Graph3D] No links or single node, clearing fog immediately
[Graph3D] Data changed: {
  nodesLen: [33m0[39m,
  linksLen: [33m0[39m,
  key: [33m1776869944488[39m,
  timestamp: [33m1776869944488[39m
}
[Graph3D] Creating simulation: [33m0[39m nodes
[Graph3D] createGraphSimulation called: { hasObjectManager: [33mtrue[39m, hasScene: [33mtrue[39m, nodeCount: [33m0[39m, linkCount: [33m0[39m }
[Graph3D] Clearing existing objects...
[Graph3D] Calling createSimulation...
[Graph3D] Simulation created, setting up event handlers...
[Graph3D] No links or single node, clearing fog immediately
[Graph3D] Data changed: {
  nodesLen: [33m0[39m,
  linksLen: [33m0[39m,
  key: [33m1776869944596[39m,
  timestamp: [33m1776869944596[39m
}
[Graph3D] Creating simulation: [33m0[39m nodes
[Graph3D] createGraphSimulation called: { hasObjectManager: [33mtrue[39m, hasScene: [33mtrue[39m, nodeCount: [33m0[39m, linkCount: [33m0[39m }
[Graph3D] Clearing existing objects...
[Graph3D] Calling createSimulation...
[Graph3D] Simulation created, setting up event handlers...
[Graph3D] No links or single node, clearing fog immediately
[Graph3D] Data changed: {
  nodesLen: [33m0[39m,
  linksLen: [33m0[39m,
  key: [33m1776869944705[39m,
  timestamp: [33m1776869944705[39m
}
[Graph3D] Creating simulation: [33m0[39m nodes
[Graph3D] createGraphSimulation called: { hasObjectManager: [33mtrue[39m, hasScene: [33mtrue[39m, nodeCount: [33m0[39m, linkCount: [33m0[39m }
[Graph3D] Clearing existing objects...
[Graph3D] Calling createSimulation...
[Graph3D] Simulation created, setting up event handlers...
[Graph3D] No links or single node, clearing fog immediately
[Graph3D] Data changed: {
  nodesLen: [33m0[39m,
  linksLen: [33m0[39m,
  key: [33m1776869944816[39m,
  timestamp: [33m1776869944816[39m
}
[Graph3D] Creating simulation: [33m0[39m nodes
[Graph3D] createGraphSimulation called: { hasObjectManager: [33mtrue[39m, hasScene: [33mtrue[39m, nodeCount: [33m0[39m, linkCount: [33m0[39m }
[Graph3D] Clearing existing objects...
[Graph3D] Calling createSimulation...
[Graph3D] Simulation created, setting up event handlers...
[Graph3D] No links or single node, clearing fog immediately
[Graph3D] Data changed: {
  nodesLen: [33m0[39m,
  linksLen: [33m0[39m,
  key: [33m1776869944925[39m,
  timestamp: [33m1776869944925[39m
}
[Graph3D] Creating simulation: [33m0[39m nodes
[Graph3D] createGraphSimulation called: { hasObjectManager: [33mtrue[39m, hasScene: [33mtrue[39m, nodeCount: [33m0[39m, linkCount: [33m0[39m }
[Graph3D] Clearing existing objects...
[Graph3D] Calling createSimulation...
[Graph3D] Simulation created, setting up event handlers...
[Graph3D] No links or single node, clearing fog immediately
[Graph3D] Data changed: {
  nodesLen: [33m0[39m,
  linksLen: [33m0[39m,
  key: [33m1776869945032[39m,
  timestamp: [33m1776869945032[39m
}
[Graph3D] Creating simulation: [33m0[39m nodes
[Graph3D] createGraphSimulation called: { hasObjectManager: [33mtrue[39m, hasScene: [33mtrue[39m, nodeCount: [33m0[39m, linkCount: [33m0[39m }
[Graph3D] Clearing existing objects...
[Graph3D] Calling createSimulation...
[Graph3D] Simulation created, setting up event handlers...
[Graph3D] No links or single node, clearing fog immediately
[Graph3D] Data changed: {
  nodesLen: [33m0[39m,
  linksLen: [33m0[39m,
  key: [33m1776869945134[39m,
  timestamp: [33m1776869945134[39m
}
[Graph3D] Creating simulation: [33m0[39m nodes
[Graph3D] createGraphSimulation called: { hasObjectManager: [33mtrue[39m, hasScene: [33mtrue[39m, nodeCount: [33m0[39m, linkCount: [33m0[39m }
[Graph3D] Clearing existing objects...
[Graph3D] Calling createSimulation...
[Graph3D] Simulation created, setting up event handlers...
[Graph3D] No links or single node, clearing fog immediately
[Graph3D] Data changed: {
  nodesLen: [33m0[39m,
  linksLen: [33m0[39m,
  key: [33m1776869945239[39m,
  timestamp: [33m1776869945239[39m
}
[Graph3D] Creating simulation: [33m0[39m nodes
[Graph3D] createGraphSimulation called: { hasObjectManager: [33mtrue[39m, hasScene: [33mtrue[39m, nodeCount: [33m0[39m, linkCount: [33m0[39m }
[Graph3D] Clearing existing objects...
[Graph3D] Calling createSimulation...
[Graph3D] Simulation created, setting up event handlers...
[Graph3D] No links or single node, clearing fog immediately
[Graph3D] Data changed: {
  nodesLen: [33m0[39m,
  linksLen: [33m0[39m,
  key: [33m1776869945339[39m,
  timestamp: [33m1776869945339[39m
}
[Graph3D] Creating simulation: [33m0[39m nodes
[Graph3D] createGraphSimulation called: { hasObjectManager: [33mtrue[39m, hasScene: [33mtrue[39m, nodeCount: [33m0[39m, linkCount: [33m0[39m }
[Graph3D] Clearing existing objects...
[Graph3D] Calling createSimulation...
[Graph3D] Simulation created, setting up event handlers...
[Graph3D] No links or single node, clearing fog immediately
[Graph3D] Data changed: {
  nodesLen: [33m0[39m,
  linksLen: [33m0[39m,
  key: [33m1776869945461[39m,
  timestamp: [33m1776869945461[39m
}
[Graph3D] Creating simulation: [33m0[39m nodes
[Graph3D] createGraphSimulation called: { hasObjectManager: [33mtrue[39m, hasScene: [33mtrue[39m, nodeCount: [33m0[39m, linkCount: [33m0[39m }
[Graph3D] Clearing existing objects...
[Graph3D] Calling createSimulation...
[Graph3D] Simulation created, setting up event handlers...
[Graph3D] No links or single node, clearing fog immediately
[Graph3D] Data changed: {
  nodesLen: [33m0[39m,
  linksLen: [33m0[39m,
  key: [33m1776869945567[39m,
  timestamp: [33m1776869945567[39m
}
[Graph3D] Creating simulation: [33m0[39m nodes
[Graph3D] createGraphSimulation called: { hasObjectManager: [33mtrue[39m, hasScene: [33mtrue[39m, nodeCount: [33m0[39m, linkCount: [33m0[39m }
[Graph3D] Clearing existing objects...
[Graph3D] Calling createSimulation...
[Graph3D] Simulation created, setting up event handlers...
[Graph3D] No links or single node, clearing fog immediately
[Graph3D] Data changed: {
  nodesLen: [33m0[39m,
  linksLen: [33m0[39m,
  key: [33m1776869945691[39m,
  timestamp: [33m1776869945691[39m
}
[Graph3D] Creating simulation: [33m0[39m nodes
[Graph3D] createGraphSimulation called: { hasObjectManager: [33mtrue[39m, hasScene: [33mtrue[39m, nodeCount: [33m0[39m, linkCount: [33m0[39m }
[Graph3D] Clearing existing objects...
[Graph3D] Calling createSimulation...
[Graph3D] Simulation created, setting up event handlers...
[Graph3D] No links or single node, clearing fog immediately
[Graph3D] Data changed: {
  nodesLen: [33m0[39m,
  linksLen: [33m0[39m,
  key: [33m1776869945810[39m,
  timestamp: [33m1776869945810[39m
}
[Graph3D] Creating simulation: [33m0[39m nodes
[Graph3D] createGraphSimulation called: { hasObjectManager: [33mtrue[39m, hasScene: [33mtrue[39m, nodeCount: [33m0[39m, linkCount: [33m0[39m }
[Graph3D] Clearing existing objects...
[Graph3D] Calling createSimulation...
[Graph3D] Simulation created, setting up event handlers...
[Graph3D] No links or single node, clearing fog immediately
[Graph3D] Data changed: {
  nodesLen: [33m0[39m,
  linksLen: [33m0[39m,
  key: [33m1776869945919[39m,
  timestamp: [33m1776869945919[39m
}
[Graph3D] Creating simulation: [33m0[39m nodes
[Graph3D] createGraphSimulation called: { hasObjectManager: [33mtrue[39m, hasScene: [33mtrue[39m, nodeCount: [33m0[39m, linkCount: [33m0[39m }
[Graph3D] Clearing existing objects...
[Graph3D] Calling createSimulation...
[Graph3D] Simulation created, setting up event handlers...
[Graph3D] No links or single node, clearing fog immediately
[Graph3D] Data changed: {
  nodesLen: [33m0[39m,
  linksLen: [33m0[39m,
  key: [33m1776869946065[39m,
  timestamp: [33m1776869946065[39m
}
[Graph3D] Creating simulation: [33m0[39m nodes
[Graph3D] createGraphSimulation called: { hasObjectManager: [33mtrue[39m, hasScene: [33mtrue[39m, nodeCount: [33m0[39m, linkCount: [33m0[39m }
[Graph3D] Clearing existing objects...
[Graph3D] Calling createSimulation...
[Graph3D] Simulation created, setting up event handlers...
[Graph3D] No links or single node, clearing fog immediately
[Graph3D] Data changed: {
  nodesLen: [33m0[39m,
  linksLen: [33m0[39m,
  key: [33m1776869946184[39m,
  timestamp: [33m1776869946184[39m
}
[Graph3D] Creating simulation: [33m0[39m nodes
[Graph3D] createGraphSimulation called: { hasObjectManager: [33mtrue[39m, hasScene: [33mtrue[39m, nodeCount: [33m0[39m, linkCount: [33m0[39m }
[Graph3D] Clearing existing objects...
[Graph3D] Calling createSimulation...
[Graph3D] Simulation created, setting up event handlers...
[Graph3D] No links or single node, clearing fog immediately
[Graph3D] Data changed: {
  nodesLen: [33m0[39m,
  linksLen: [33m0[39m,
  key: [33m1776869946297[39m,
  timestamp: [33m1776869946297[39m
}
[Graph3D] Creating simulation: [33m0[39m nodes
[Graph3D] createGraphSimulation called: { hasObjectManager: [33mtrue[39m, hasScene: [33mtrue[39m, nodeCount: [33m0[39m, linkCount: [33m0[39m }
[Graph3D] Clearing existing objects...
[Graph3D] Calling createSimulation...
[Graph3D] Simulation created, setting up event handlers...
[Graph3D] No links or single node, clearing fog immediately
[Graph3D] Data changed: {
  nodesLen: [33m0[39m,
  linksLen: [33m0[39m,
  key: [33m1776869946412[39m,
  timestamp: [33m1776869946412[39m
}
[Graph3D] Creating simulation: [33m0[39m nodes
[Graph3D] createGraphSimulation called: { hasObjectManager: [33mtrue[39m, hasScene: [33mtrue[39m, nodeCount: [33m0[39m, linkCount: [33m0[39m }
[Graph3D] Clearing existing objects...
[Graph3D] Calling createSimulation...
[Graph3D] Simulation created, setting up event handlers...
[Graph3D] No links or single node, clearing fog immediately
[Graph3D] Data changed: {
  nodesLen: [33m0[39m,
  linksLen: [33m0[39m,
  key: [33m1776869946521[39m,
  timestamp: [33m1776869946521[39m
}
[Graph3D] Creating simulation: [33m0[39m nodes
[Graph3D] createGraphSimulation called: { hasObjectManager: [33mtrue[39m, hasScene: [33mtrue[39m, nodeCount: [33m0[39m, linkCount: [33m0[39m }
[Graph3D] Clearing existing objects...
[Graph3D] Calling createSimulation...
[Graph3D] Simulation created, setting up event handlers...
[Graph3D] No links or single node, clearing fog immediately
[Graph3D] Data changed: {
  nodesLen: [33m0[39m,
  linksLen: [33m0[39m,
  key: [33m1776869946628[39m,
  timestamp: [33m1776869946628[39m
}
[Graph3D] Creating simulation: [33m0[39m nodes
[Graph3D] createGraphSimulation called: { hasObjectManager: [33mtrue[39m, hasScene: [33mtrue[39m, nodeCount: [33m0[39m, linkCount: [33m0[39m }
[Graph3D] Clearing existing objects...
[Graph3D] Calling createSimulation...
[Graph3D] Simulation created, setting up event handlers...
[Graph3D] No links or single node, clearing fog immediately
[Graph3D] Data changed: {
  nodesLen: [33m0[39m,
  linksLen: [33m0[39m,
  key: [33m1776869946773[39m,
  timestamp: [33m1776869946773[39m
}
[Graph3D] Creating simulation: [33m0[39m nodes
[Graph3D] createGraphSimulation called: { hasObjectManager: [33mtrue[39m, hasScene: [33mtrue[39m, nodeCount: [33m0[39m, linkCount: [33m0[39m }
[Graph3D] Clearing existing objects...
[Graph3D] Calling createSimulation...
[Graph3D] Simulation created, setting up event handlers...
[Graph3D] No links or single node, clearing fog immediately
[Graph3D] Data changed: {
  nodesLen: [33m0[39m,
  linksLen: [33m0[39m,
  key: [33m1776869946968[39m,
  timestamp: [33m1776869946968[39m
}
[Graph3D] Creating simulation: [33m0[39m nodes
[Graph3D] createGraphSimulation called: { hasObjectManager: [33mtrue[39m, hasScene: [33mtrue[39m, nodeCount: [33m0[39m, linkCount: [33m0[39m }
[Graph3D] Clearing existing objects...
[Graph3D] Calling createSimulation...
[Graph3D] Simulation created, setting up event handlers...
[Graph3D] No links or single node, clearing fog immediately
[Graph3D] Data changed: {
  nodesLen: [33m0[39m,
  linksLen: [33m0[39m,
  key: [33m1776869947083[39m,
  timestamp: [33m1776869947083[39m
}
[Graph3D] Creating simulation: [33m0[39m nodes
[Graph3D] createGraphSimulation called: { hasObjectManager: [33mtrue[39m, hasScene: [33mtrue[39m, nodeCount: [33m0[39m, linkCount: [33m0[39m }
[Graph3D] Clearing existing objects...
[Graph3D] Calling createSimulation...
[Graph3D] Simulation created, setting up event handlers...
[Graph3D] No links or single node, clearing fog immediately
[Graph3D] Data changed: {
  nodesLen: [33m0[39m,
  linksLen: [33m0[39m,
  key: [33m1776869947198[39m,
  timestamp: [33m1776869947198[39m
}
[Graph3D] Creating simulation: [33m0[39m nodes
[Graph3D] createGraphSimulation called: { hasObjectManager: [33mtrue[39m, hasScene: [33mtrue[39m, nodeCount: [33m0[39m, linkCount: [33m0[39m }
[Graph3D] Clearing existing objects...
[Graph3D] Calling createSimulation...
[Graph3D] Simulation created, setting up event handlers...
[Graph3D] No links or single node, clearing fog immediately
[Graph3D] Data changed: {
  nodesLen: [33m0[39m,
  linksLen: [33m0[39m,
  key: [33m1776869947339[39m,
  timestamp: [33m1776869947339[39m
}
[Graph3D] Creating simulation: [33m0[39m nodes
[Graph3D] createGraphSimulation called: { hasObjectManager: [33mtrue[39m, hasScene: [33mtrue[39m, nodeCount: [33m0[39m, linkCount: [33m0[39m }
[Graph3D] Clearing existing objects...
[Graph3D] Calling createSimulation...
[Graph3D] Simulation created, setting up event handlers...
[Graph3D] No links or single node, clearing fog immediately
[Graph3D] Data changed: {
  nodesLen: [33m0[39m,
  linksLen: [33m0[39m,
  key: [33m1776869947479[39m,
  timestamp: [33m1776869947479[39m
}
[Graph3D] Creating simulation: [33m0[39m nodes
[Graph3D] createGraphSimulation called: { hasObjectManager: [33mtrue[39m, hasScene: [33mtrue[39m, nodeCount: [33m0[39m, linkCount: [33m0[39m }
[Graph3D] Clearing existing objects...
[Graph3D] Calling createSimulation...
[Graph3D] Simulation created, setting up event handlers...
[Graph3D] No links or single node, clearing fog immediately
[Graph3D] Data changed: {
  nodesLen: [33m0[39m,
  linksLen: [33m0[39m,
  key: [33m1776869947601[39m,
  timestamp: [33m1776869947601[39m
}
[Graph3D] Creating simulation: [33m0[39m nodes
[Graph3D] createGraphSimulation called: { hasObjectManager: [33mtrue[39m, hasScene: [33mtrue[39m, nodeCount: [33m0[39m, linkCount: [33m0[39m }
[Graph3D] Clearing existing objects...
[Graph3D] Calling createSimulation...
[Graph3D] Simulation created, setting up event handlers...
[Graph3D] No links or single node, clearing fog immediately
[Graph3D] Data changed: {
  nodesLen: [33m0[39m,
  linksLen: [33m0[39m,
  key: [33m1776869947718[39m,
  timestamp: [33m1776869947718[39m
}
[Graph3D] Creating simulation: [33m0[39m nodes
[Graph3D] createGraphSimulation called: { hasObjectManager: [33mtrue[39m, hasScene: [33mtrue[39m, nodeCount: [33m0[39m, linkCount: [33m0[39m }
[Graph3D] Clearing existing objects...
[Graph3D] Calling createSimulation...
[Graph3D] Simulation created, setting up event handlers...
[Graph3D] No links or single node, clearing fog immediately
[Graph3D] Data changed: {
  nodesLen: [33m0[39m,
  linksLen: [33m0[39m,
  key: [33m1776869947841[39m,
  timestamp: [33m1776869947841[39m
}
[Graph3D] Creating simulation: [33m0[39m nodes
[Graph3D] createGraphSimulation called: { hasObjectManager: [33mtrue[39m, hasScene: [33mtrue[39m, nodeCount: [33m0[39m, linkCount: [33m0[39m }
[Graph3D] Clearing existing objects...
[Graph3D] Calling createSimulation...
[Graph3D] Simulation created, setting up event handlers...
[Graph3D] No links or single node, clearing fog immediately
[Graph3D] Data changed: {
  nodesLen: [33m0[39m,
  linksLen: [33m0[39m,
  key: [33m1776869947951[39m,
  timestamp: [33m1776869947951[39m
}
[Graph3D] Creating simulation: [33m0[39m nodes
[Graph3D] createGraphSimulation called: { hasObjectManager: [33mtrue[39m, hasScene: [33mtrue[39m, nodeCount: [33m0[39m, linkCount: [33m0[39m }
[Graph3D] Clearing existing objects...
[Graph3D] Calling createSimulation...
[Graph3D] Simulation created, setting up event handlers...
[Graph3D] No links or single node, clearing fog immediately
[Graph3D] Data changed: {
  nodesLen: [33m0[39m,
  linksLen: [33m0[39m,
  key: [33m1776869948065[39m,
  timestamp: [33m1776869948065[39m
}
[Graph3D] Creating simulation: [33m0[39m nodes
[Graph3D] createGraphSimulation called: { hasObjectManager: [33mtrue[39m, hasScene: [33mtrue[39m, nodeCount: [33m0[39m, linkCount: [33m0[39m }
[Graph3D] Clearing existing objects...
[Graph3D] Calling createSimulation...
[Graph3D] Simulation created, setting up event handlers...
[Graph3D] No links or single node, clearing fog immediately
[Graph3D] Data changed: {
  nodesLen: [33m0[39m,
  linksLen: [33m0[39m,
  key: [33m1776869948185[39m,
  timestamp: [33m1776869948185[39m
}
[Graph3D] Creating simulation: [33m0[39m nodes
[Graph3D] createGraphSimulation called: { hasObjectManager: [33mtrue[39m, hasScene: [33mtrue[39m, nodeCount: [33m0[39m, linkCount: [33m0[39m }
[Graph3D] Clearing existing objects...
[Graph3D] Calling createSimulation...
[Graph3D] Simulation created, setting up event handlers...
[Graph3D] No links or single node, clearing fog immediately
[Graph3D] Data changed: {
  nodesLen: [33m0[39m,
  linksLen: [33m0[39m,
  key: [33m1776869948291[39m,
  timestamp: [33m1776869948291[39m
}
[Graph3D] Creating simulation: [33m0[39m nodes
[Graph3D] createGraphSimulation called: { hasObjectManager: [33mtrue[39m, hasScene: [33mtrue[39m, nodeCount: [33m0[39m, linkCount: [33m0[39m }
[Graph3D] Clearing existing objects...
[Graph3D] Calling createSimulation...
[Graph3D] Simulation created, setting up event handlers...
[Graph3D] No links or single node, clearing fog immediately
[Graph3D] Data changed: {
  nodesLen: [33m0[39m,
  linksLen: [33m0[39m,
  key: [33m1776869948405[39m,
  timestamp: [33m1776869948405[39m
}
[Graph3D] Creating simulation: [33m0[39m nodes
[Graph3D] createGraphSimulation called: { hasObjectManager: [33mtrue[39m, hasScene: [33mtrue[39m, nodeCount: [33m0[39m, linkCount: [33m0[39m }
[Graph3D] Clearing existing objects...
[Graph3D] Calling createSimulation...
[Graph3D] Simulation created, setting up event handlers...
[Graph3D] No links or single node, clearing fog immediately
[Graph3D] Data changed: {
  nodesLen: [33m0[39m,
  linksLen: [33m0[39m,
  key: [33m1776869948520[39m,
  timestamp: [33m1776869948520[39m
}
[Graph3D] Creating simulation: [33m0[39m nodes
[Graph3D] createGraphSimulation called: { hasObjectManager: [33mtrue[39m, hasScene: [33mtrue[39m, nodeCount: [33m0[39m, linkCount: [33m0[39m }
[Graph3D] Clearing existing objects...
[Graph3D] Calling createSimulation...
[Graph3D] Simulation created, setting up event handlers...
[Graph3D] No links or single node, clearing fog immediately
[Graph3D] Data changed: {
  nodesLen: [33m0[39m,
  linksLen: [33m0[39m,
  key: [33m1776869948644[39m,
  timestamp: [33m1776869948644[39m
}
[Graph3D] Creating simulation: [33m0[39m nodes
[Graph3D] createGraphSimulation called: { hasObjectManager: [33mtrue[39m, hasScene: [33mtrue[39m, nodeCount: [33m0[39m, linkCount: [33m0[39m }
[Graph3D] Clearing existing objects...
[Graph3D] Calling createSimulation...
[Graph3D] Simulation created, setting up event handlers...
[Graph3D] No links or single node, clearing fog immediately
[Graph3D] Data changed: {
  nodesLen: [33m0[39m,
  linksLen: [33m0[39m,
  key: [33m1776869948753[39m,
  timestamp: [33m1776869948753[39m
}
[Graph3D] Creating simulation: [33m0[39m nodes
[Graph3D] createGraphSimulation called: { hasObjectManager: [33mtrue[39m, hasScene: [33mtrue[39m, nodeCount: [33m0[39m, linkCount: [33m0[39m }
[Graph3D] Clearing existing objects...
[Graph3D] Calling createSimulation...
[Graph3D] Simulation created, setting up event handlers...
[Graph3D] No links or single node, clearing fog immediately
[Graph3D] Data changed: {
  nodesLen: [33m0[39m,
  linksLen: [33m0[39m,
  key: [33m1776869948870[39m,
  timestamp: [33m1776869948870[39m
}
[Graph3D] Creating simulation: [33m0[39m nodes
[Graph3D] createGraphSimulation called: { hasObjectManager: [33mtrue[39m, hasScene: [33mtrue[39m, nodeCount: [33m0[39m, linkCount: [33m0[39m }
[Graph3D] Clearing existing objects...
[Graph3D] Calling createSimulation...
[Graph3D] Simulation created, setting up event handlers...
[Graph3D] No links or single node, clearing fog immediately
[Graph3D] Data changed: {
  nodesLen: [33m0[39m,
  linksLen: [33m0[39m,
  key: [33m1776869948991[39m,
  timestamp: [33m1776869948991[39m
}
[Graph3D] Creating simulation: [33m0[39m nodes
[Graph3D] createGraphSimulation called: { hasObjectManager: [33mtrue[39m, hasScene: [33mtrue[39m, nodeCount: [33m0[39m, linkCount: [33m0[39m }
[Graph3D] Clearing existing objects...
[Graph3D] Calling createSimulation...
[Graph3D] Simulation created, setting up event handlers...
[Graph3D] No links or single node, clearing fog immediately
[Graph3D] Data changed: {
  nodesLen: [33m0[39m,
  linksLen: [33m0[39m,
  key: [33m1776869949099[39m,
  timestamp: [33m1776869949099[39m
}
[Graph3D] Creating simulation: [33m0[39m nodes
[Graph3D] createGraphSimulation called: { hasObjectManager: [33mtrue[39m, hasScene: [33mtrue[39m, nodeCount: [33m0[39m, linkCount: [33m0[39m }
[Graph3D] Clearing existing objects...
[Graph3D] Calling createSimulation...
[Graph3D] Simulation created, setting up event handlers...
[Graph3D] No links or single node, clearing fog immediately
[Graph3D] Data changed: {
  nodesLen: [33m0[39m,
  linksLen: [33m0[39m,
  key: [33m1776869949206[39m,
  timestamp: [33m1776869949206[39m
}
[Graph3D] Creating simulation: [33m0[39m nodes
[Graph3D] createGraphSimulation called: { hasObjectManager: [33mtrue[39m, hasScene: [33mtrue[39m, nodeCount: [33m0[39m, linkCount: [33m0[39m }
[Graph3D] Clearing existing objects...
[Graph3D] Calling createSimulation...
[Graph3D] Simulation created, setting up event handlers...
[Graph3D] No links or single node, clearing fog immediately
[Graph3D] Data changed: {
  nodesLen: [33m0[39m,
  linksLen: [33m0[39m,
  key: [33m1776869949319[39m,
  timestamp: [33m1776869949319[39m
}
[Graph3D] Creating simulation: [33m0[39m nodes
[Graph3D] createGraphSimulation called: { hasObjectManager: [33mtrue[39m, hasScene: [33mtrue[39m, nodeCount: [33m0[39m, linkCount: [33m0[39m }
[Graph3D] Clearing existing objects...
[Graph3D] Calling createSimulation...
[Graph3D] Simulation created, setting up event handlers...
[Graph3D] No links or single node, clearing fog immediately
[Graph3D] Data changed: {
  nodesLen: [33m0[39m,
  linksLen: [33m0[39m,
  key: [33m1776869949449[39m,
  timestamp: [33m1776869949449[39m
}
[Graph3D] Creating simulation: [33m0[39m nodes
[Graph3D] createGraphSimulation called: { hasObjectManager: [33mtrue[39m, hasScene: [33mtrue[39m, nodeCount: [33m0[39m, linkCount: [33m0[39m }
[Graph3D] Clearing existing objects...
[Graph3D] Calling createSimulation...
[Graph3D] Simulation created, setting up event handlers...
[Graph3D] No links or single node, clearing fog immediately
[Graph3D] Data changed: {
  nodesLen: [33m0[39m,
  linksLen: [33m0[39m,
  key: [33m1776869949581[39m,
  timestamp: [33m1776869949581[39m
}
[Graph3D] Creating simulation: [33m0[39m nodes
[Graph3D] createGraphSimulation called: { hasObjectManager: [33mtrue[39m, hasScene: [33mtrue[39m, nodeCount: [33m0[39m, linkCount: [33m0[39m }
[Graph3D] Clearing existing objects...
[Graph3D] Calling createSimulation...
[Graph3D] Simulation created, setting up event handlers...
[Graph3D] No links or single node, clearing fog immediately
[Graph3D] Data changed: {
  nodesLen: [33m0[39m,
  linksLen: [33m0[39m,
  key: [33m1776869949688[39m,
  timestamp: [33m1776869949688[39m
}
[Graph3D] Creating simulation: [33m0[39m nodes
[Graph3D] createGraphSimulation called: { hasObjectManager: [33mtrue[39m, hasScene: [33mtrue[39m, nodeCount: [33m0[39m, linkCount: [33m0[39m }
[Graph3D] Clearing existing objects...
[Graph3D] Calling createSimulation...
[Graph3D] Simulation created, setting up event handlers...
[Graph3D] No links or single node, clearing fog immediately
[Graph3D] Data changed: {
  nodesLen: [33m0[39m,
  linksLen: [33m0[39m,
  key: [33m1776869949810[39m,
  timestamp: [33m1776869949810[39m
}
[Graph3D] Creating simulation: [33m0[39m nodes
[Graph3D] createGraphSimulation called: { hasObjectManager: [33mtrue[39m, hasScene: [33mtrue[39m, nodeCount: [33m0[39m, linkCount: [33m0[39m }
[Graph3D] Clearing existing objects...
[Graph3D] Calling createSimulation...
[Graph3D] Simulation created, setting up event handlers...
[Graph3D] No links or single node, clearing fog immediately
[Graph3D] Data changed: {
  nodesLen: [33m0[39m,
  linksLen: [33m0[39m,
  key: [33m1776869949942[39m,
  timestamp: [33m1776869949942[39m
}
[Graph3D] Creating simulation: [33m0[39m nodes
[Graph3D] createGraphSimulation called: { hasObjectManager: [33mtrue[39m, hasScene: [33mtrue[39m, nodeCount: [33m0[39m, linkCount: [33m0[39m }
[Graph3D] Clearing existing objects...
[Graph3D] Calling createSimulation...
[Graph3D] Simulation created, setting up event handlers...
[Graph3D] No links or single node, clearing fog immediately
[Graph3D] Data changed: {
  nodesLen: [33m0[39m,
  linksLen: [33m0[39m,
  key: [33m1776869950070[39m,
  timestamp: [33m1776869950070[39m
}
[Graph3D] Creating simulation: [33m0[39m nodes
[Graph3D] createGraphSimulation called: { hasObjectManager: [33mtrue[39m, hasScene: [33mtrue[39m, nodeCount: [33m0[39m, linkCount: [33m0[39m }
[Graph3D] Clearing existing objects...
[Graph3D] Calling createSimulation...
[Graph3D] Simulation created, setting up event handlers...
[Graph3D] No links or single node, clearing fog immediately
[Graph3D] Data changed: {
  nodesLen: [33m0[39m,
  linksLen: [33m0[39m,
  key: [33m1776869950180[39m,
  timestamp: [33m1776869950180[39m
}
[Graph3D] Creating simulation: [33m0[39m nodes
[Graph3D] createGraphSimulation called: { hasObjectManager: [33mtrue[39m, hasScene: [33mtrue[39m, nodeCount: [33m0[39m, linkCount: [33m0[39m }
[Graph3D] Clearing existing objects...
[Graph3D] Calling createSimulation...
[Graph3D] Simulation created, setting up event handlers...
[Graph3D] No links or single node, clearing fog immediately
[Graph3D] Data changed: {
  nodesLen: [33m0[39m,
  linksLen: [33m0[39m,
  key: [33m1776869950287[39m,
  timestamp: [33m1776869950287[39m
}
[Graph3D] Creating simulation: [33m0[39m nodes
[Graph3D] createGraphSimulation called: { hasObjectManager: [33mtrue[39m, hasScene: [33mtrue[39m, nodeCount: [33m0[39m, linkCount: [33m0[39m }
[Graph3D] Clearing existing objects...
[Graph3D] Calling createSimulation...
[Graph3D] Simulation created, setting up event handlers...
[Graph3D] No links or single node, clearing fog immediately
[Graph3D] Data changed: {
  nodesLen: [33m0[39m,
  linksLen: [33m0[39m,
  key: [33m1776869950391[39m,
  timestamp: [33m1776869950391[39m
}
[Graph3D] Creating simulation: [33m0[39m nodes
[Graph3D] createGraphSimulation called: { hasObjectManager: [33mtrue[39m, hasScene: [33mtrue[39m, nodeCount: [33m0[39m, linkCount: [33m0[39m }
[Graph3D] Clearing existing objects...
[Graph3D] Calling createSimulation...
[Graph3D] Simulation created, setting up event handlers...
[Graph3D] No links or single node, clearing fog immediately
[Graph3D] Data changed: {
  nodesLen: [33m0[39m,
  linksLen: [33m0[39m,
  key: [33m1776869950491[39m,
  timestamp: [33m1776869950491[39m
}
[Graph3D] Creating simulation: [33m0[39m nodes
[Graph3D] createGraphSimulation called: { hasObjectManager: [33mtrue[39m, hasScene: [33mtrue[39m, nodeCount: [33m0[39m, linkCount: [33m0[39m }
[Graph3D] Clearing existing objects...
[Graph3D] Calling createSimulation...
[Graph3D] Simulation created, setting up event handlers...
[Graph3D] No links or single node, clearing fog immediately
[Graph3D] Data changed: {
  nodesLen: [33m0[39m,
  linksLen: [33m0[39m,
  key: [33m1776869950591[39m,
  timestamp: [33m1776869950591[39m
}
[Graph3D] Creating simulation: [33m0[39m nodes
[Graph3D] createGraphSimulation called: { hasObjectManager: [33mtrue[39m, hasScene: [33mtrue[39m, nodeCount: [33m0[39m, linkCount: [33m0[39m }
[Graph3D] Clearing existing objects...
[Graph3D] Calling createSimulation...
[Graph3D] Simulation created, setting up event handlers...
[Graph3D] No links or single node, clearing fog immediately
[Graph3D] Data changed: {
  nodesLen: [33m0[39m,
  linksLen: [33m0[39m,
  key: [33m1776869950688[39m,
  timestamp: [33m1776869950688[39m
}
[Graph3D] Creating simulation: [33m0[39m nodes
[Graph3D] createGraphSimulation called: { hasObjectManager: [33mtrue[39m, hasScene: [33mtrue[39m, nodeCount: [33m0[39m, linkCount: [33m0[39m }
[Graph3D] Clearing existing objects...
[Graph3D] Calling createSimulation...
[Graph3D] Simulation created, setting up event handlers...
[Graph3D] No links or single node, clearing fog immediately
[Graph3D] Data changed: {
  nodesLen: [33m0[39m,
  linksLen: [33m0[39m,
  key: [33m1776869950788[39m,
  timestamp: [33m1776869950788[39m
}
[Graph3D] Creating simulation: [33m0[39m nodes
[Graph3D] createGraphSimulation called: { hasObjectManager: [33mtrue[39m, hasScene: [33mtrue[39m, nodeCount: [33m0[39m, linkCount: [33m0[39m }
[Graph3D] Clearing existing objects...
[Graph3D] Calling createSimulation...
[Graph3D] Simulation created, setting up event handlers...
[Graph3D] No links or single node, clearing fog immediately
[Graph3D] Data changed: {
  nodesLen: [33m0[39m,
  linksLen: [33m0[39m,
  key: [33m1776869950890[39m,
  timestamp: [33m1776869950890[39m
}
[Graph3D] Creating simulation: [33m0[39m nodes
[Graph3D] createGraphSimulation called: { hasObjectManager: [33mtrue[39m, hasScene: [33mtrue[39m, nodeCount: [33m0[39m, linkCount: [33m0[39m }
[Graph3D] Clearing existing objects...
[Graph3D] Calling createSimulation...
[Graph3D] Simulation created, setting up event handlers...
[Graph3D] No links or single node, clearing fog immediately
[Graph3D] Data changed: {
  nodesLen: [33m0[39m,
  linksLen: [33m0[39m,
  key: [33m1776869950996[39m,
  timestamp: [33m1776869950996[39m
}
[Graph3D] Creating simulation: [33m0[39m nodes
[Graph3D] createGraphSimulation called: { hasObjectManager: [33mtrue[39m, hasScene: [33mtrue[39m, nodeCount: [33m0[39m, linkCount: [33m0[39m }
[Graph3D] Clearing existing objects...
[Graph3D] Calling createSimulation...
[Graph3D] Simulation created, setting up event handlers...
[Graph3D] No links or single node, clearing fog immediately
[Graph3D] Data changed: {
  nodesLen: [33m0[39m,
  linksLen: [33m0[39m,
  key: [33m1776869951101[39m,
  timestamp: [33m1776869951101[39m
}
[Graph3D] Creating simulation: [33m0[39m nodes
[Graph3D] createGraphSimulation called: { hasObjectManager: [33mtrue[39m, hasScene: [33mtrue[39m, nodeCount: [33m0[39m, linkCount: [33m0[39m }
[Graph3D] Clearing existing objects...
[Graph3D] Calling createSimulation...
[Graph3D] Simulation created, setting up event handlers...
[Graph3D] No links or single node, clearing fog immediately
[Graph3D] Data changed: {
  nodesLen: [33m0[39m,
  linksLen: [33m0[39m,
  key: [33m1776869951201[39m,
  timestamp: [33m1776869951201[39m
}
[Graph3D] Creating simulation: [33m0[39m nodes
[Graph3D] createGraphSimulation called: { hasObjectManager: [33mtrue[39m, hasScene: [33mtrue[39m, nodeCount: [33m0[39m, linkCount: [33m0[39m }
[Graph3D] Clearing existing objects...
[Graph3D] Calling createSimulation...
[Graph3D] Simulation created, setting up event handlers...
[Graph3D] No links or single node, clearing fog immediately
[Graph3D] Data changed: {
  nodesLen: [33m0[39m,
  linksLen: [33m0[39m,
  key: [33m1776869951300[39m,
  timestamp: [33m1776869951300[39m
}
[Graph3D] Creating simulation: [33m0[39m nodes
[Graph3D] createGraphSimulation called: { hasObjectManager: [33mtrue[39m, hasScene: [33mtrue[39m, nodeCount: [33m0[39m, linkCount: [33m0[39m }
[Graph3D] Clearing existing objects...
[Graph3D] Calling createSimulation...
[Graph3D] Simulation created, setting up event handlers...
[Graph3D] No links or single node, clearing fog immediately
[Graph3D] Data changed: {
  nodesLen: [33m0[39m,
  linksLen: [33m0[39m,
  key: [33m1776869951404[39m,
  timestamp: [33m1776869951404[39m
}
[Graph3D] Creating simulation: [33m0[39m nodes
[Graph3D] createGraphSimulation called: { hasObjectManager: [33mtrue[39m, hasScene: [33mtrue[39m, nodeCount: [33m0[39m, linkCount: [33m0[39m }
[Graph3D] Clearing existing objects...
[Graph3D] Calling createSimulation...
[Graph3D] Simulation created, setting up event handlers...
[Graph3D] No links or single node, clearing fog immediately
[Graph3D] Data changed: {
  nodesLen: [33m0[39m,
  linksLen: [33m0[39m,
  key: [33m1776869951504[39m,
  timestamp: [33m1776869951504[39m
}
[Graph3D] Creating simulation: [33m0[39m nodes
[Graph3D] createGraphSimulation called: { hasObjectManager: [33mtrue[39m, hasScene: [33mtrue[39m, nodeCount: [33m0[39m, linkCount: [33m0[39m }
[Graph3D] Clearing existing objects...
[Graph3D] Calling createSimulation...
[Graph3D] Simulation created, setting up event handlers...
[Graph3D] No links or single node, clearing fog immediately
[Graph3D] Data changed: {
  nodesLen: [33m0[39m,
  linksLen: [33m0[39m,
  key: [33m1776869951603[39m,
  timestamp: [33m1776869951603[39m
}
[Graph3D] Creating simulation: [33m0[39m nodes
[Graph3D] createGraphSimulation called: { hasObjectManager: [33mtrue[39m, hasScene: [33mtrue[39m, nodeCount: [33m0[39m, linkCount: [33m0[39m }
[Graph3D] Clearing existing objects...
[Graph3D] Calling createSimulation...
[Graph3D] Simulation created, setting up event handlers...
[Graph3D] No links or single node, clearing fog immediately
[Graph3D] Data changed: {
  nodesLen: [33m0[39m,
  linksLen: [33m0[39m,
  key: [33m1776869951723[39m,
  timestamp: [33m1776869951723[39m
}
[Graph3D] Creating simulation: [33m0[39m nodes
[Graph3D] createGraphSimulation called: { hasObjectManager: [33mtrue[39m, hasScene: [33mtrue[39m, nodeCount: [33m0[39m, linkCount: [33m0[39m }
[Graph3D] Clearing existing objects...
[Graph3D] Calling createSimulation...
[Graph3D] Simulation created, setting up event handlers...
[Graph3D] No links or single node, clearing fog immediately
[Graph3D] Data changed: {
  nodesLen: [33m0[39m,
  linksLen: [33m0[39m,
  key: [33m1776869951824[39m,
  timestamp: [33m1776869951824[39m
}
[Graph3D] Creating simulation: [33m0[39m nodes
[Graph3D] createGraphSimulation called: { hasObjectManager: [33mtrue[39m, hasScene: [33mtrue[39m, nodeCount: [33m0[39m, linkCount: [33m0[39m }
[Graph3D] Clearing existing objects...
[Graph3D] Calling createSimulation...
[Graph3D] Simulation created, setting up event handlers...
[Graph3D] No links or single node, clearing fog immediately
[Graph3D] Data changed: {
  nodesLen: [33m0[39m,
  linksLen: [33m0[39m,
  key: [33m1776869951925[39m,
  timestamp: [33m1776869951925[39m
}
[Graph3D] Creating simulation: [33m0[39m nodes
[Graph3D] createGraphSimulation called: { hasObjectManager: [33mtrue[39m, hasScene: [33mtrue[39m, nodeCount: [33m0[39m, linkCount: [33m0[39m }
[Graph3D] Clearing existing objects...
[Graph3D] Calling createSimulation...
[Graph3D] Simulation created, setting up event handlers...
[Graph3D] No links or single node, clearing fog immediately
[Graph3D] Data changed: {
  nodesLen: [33m0[39m,
  linksLen: [33m0[39m,
  key: [33m1776869952026[39m,
  timestamp: [33m1776869952026[39m
}
[Graph3D] Creating simulation: [33m0[39m nodes
[Graph3D] createGraphSimulation called: { hasObjectManager: [33mtrue[39m, hasScene: [33mtrue[39m, nodeCount: [33m0[39m, linkCount: [33m0[39m }
[Graph3D] Clearing existing objects...
[Graph3D] Calling createSimulation...
[Graph3D] Simulation created, setting up event handlers...
[Graph3D] No links or single node, clearing fog immediately
[Graph3D] Data changed: {
  nodesLen: [33m0[39m,
  linksLen: [33m0[39m,
  key: [33m1776869952128[39m,
  timestamp: [33m1776869952128[39m
}
[Graph3D] Creating simulation: [33m0[39m nodes
[Graph3D] createGraphSimulation called: { hasObjectManager: [33mtrue[39m, hasScene: [33mtrue[39m, nodeCount: [33m0[39m, linkCount: [33m0[39m }
[Graph3D] Clearing existing objects...
[Graph3D] Calling createSimulation...
[Graph3D] Simulation created, setting up event handlers...
[Graph3D] No links or single node, clearing fog immediately
[Graph3D] Data changed: {
  nodesLen: [33m0[39m,
  linksLen: [33m0[39m,
  key: [33m1776869952230[39m,
  timestamp: [33m1776869952230[39m
}
[Graph3D] Creating simulation: [33m0[39m nodes
[Graph3D] createGraphSimulation called: { hasObjectManager: [33mtrue[39m, hasScene: [33mtrue[39m, nodeCount: [33m0[39m, linkCount: [33m0[39m }
[Graph3D] Clearing existing objects...
[Graph3D] Calling createSimulation...
[Graph3D] Simulation created, setting up event handlers...
[Graph3D] No links or single node, clearing fog immediately
[Graph3D] Data changed: {
  nodesLen: [33m0[39m,
  linksLen: [33m0[39m,
  key: [33m1776869952335[39m,
  timestamp: [33m1776869952335[39m
}
[Graph3D] Creating simulation: [33m0[39m nodes
[Graph3D] createGraphSimulation called: { hasObjectManager: [33mtrue[39m, hasScene: [33mtrue[39m, nodeCount: [33m0[39m, linkCount: [33m0[39m }
[Graph3D] Clearing existing objects...
[Graph3D] Calling createSimulation...
[Graph3D] Simulation created, setting up event handlers...
[Graph3D] No links or single node, clearing fog immediately
[Graph3D] Data changed: {
  nodesLen: [33m0[39m,
  linksLen: [33m0[39m,
  key: [33m1776869952451[39m,
  timestamp: [33m1776869952451[39m
}
[Graph3D] Creating simulation: [33m0[39m nodes
[Graph3D] createGraphSimulation called: { hasObjectManager: [33mtrue[39m, hasScene: [33mtrue[39m, nodeCount: [33m0[39m, linkCount: [33m0[39m }
[Graph3D] Clearing existing objects...
[Graph3D] Calling createSimulation...
[Graph3D] Simulation created, setting up event handlers...
[Graph3D] No links or single node, clearing fog immediately
[Graph3D] Data changed: {
  nodesLen: [33m0[39m,
  linksLen: [33m0[39m,
  key: [33m1776869952553[39m,
  timestamp: [33m1776869952553[39m
}
[Graph3D] Creating simulation: [33m0[39m nodes
[Graph3D] createGraphSimulation called: { hasObjectManager: [33mtrue[39m, hasScene: [33mtrue[39m, nodeCount: [33m0[39m, linkCount: [33m0[39m }
[Graph3D] Clearing existing objects...
[Graph3D] Calling createSimulation...
[Graph3D] Simulation created, setting up event handlers...
[Graph3D] No links or single node, clearing fog immediately
[Graph3D] Data changed: {
  nodesLen: [33m0[39m,
  linksLen: [33m0[39m,
  key: [33m1776869952655[39m,
  timestamp: [33m1776869952655[39m
}
[Graph3D] Creating simulation: [33m0[39m nodes
[Graph3D] createGraphSimulation called: { hasObjectManager: [33mtrue[39m, hasScene: [33mtrue[39m, nodeCount: [33m0[39m, linkCount: [33m0[39m }
[Graph3D] Clearing existing objects...
[Graph3D] Calling createSimulation...
[Graph3D] Simulation created, setting up event handlers...
[Graph3D] No links or single node, clearing fog immediately
[Graph3D] Data changed: {
  nodesLen: [33m0[39m,
  linksLen: [33m0[39m,
  key: [33m1776869952761[39m,
  timestamp: [33m1776869952761[39m
}
[Graph3D] Creating simulation: [33m0[39m nodes
[Graph3D] createGraphSimulation called: { hasObjectManager: [33mtrue[39m, hasScene: [33mtrue[39m, nodeCount: [33m0[39m, linkCount: [33m0[39m }
[Graph3D] Clearing existing objects...
[Graph3D] Calling createSimulation...
[Graph3D] Simulation created, setting up event handlers...
[Graph3D] No links or single node, clearing fog immediately
[Graph3D] Data changed: {
  nodesLen: [33m0[39m,
  linksLen: [33m0[39m,
  key: [33m1776869952869[39m,
  timestamp: [33m1776869952869[39m
}
[Graph3D] Creating simulation: [33m0[39m nodes
[Graph3D] createGraphSimulation called: { hasObjectManager: [33mtrue[39m, hasScene: [33mtrue[39m, nodeCount: [33m0[39m, linkCount: [33m0[39m }
[Graph3D] Clearing existing objects...
[Graph3D] Calling createSimulation...
[Graph3D] Simulation created, setting up event handlers...
[Graph3D] No links or single node, clearing fog immediately
[Graph3D] Data changed: {
  nodesLen: [33m0[39m,
  linksLen: [33m0[39m,
  key: [33m1776869952974[39m,
  timestamp: [33m1776869952974[39m
}
[Graph3D] Creating simulation: [33m0[39m nodes
[Graph3D] createGraphSimulation called: { hasObjectManager: [33mtrue[39m, hasScene: [33mtrue[39m, nodeCount: [33m0[39m, linkCount: [33m0[39m }
[Graph3D] Clearing existing objects...
[Graph3D] Calling createSimulation...
[Graph3D] Simulation created, setting up event handlers...
[Graph3D] No links or single node, clearing fog immediately
[Graph3D] Data changed: {
  nodesLen: [33m0[39m,
  linksLen: [33m0[39m,
  key: [33m1776869953083[39m,
  timestamp: [33m1776869953083[39m
}
[Graph3D] Creating simulation: [33m0[39m nodes
[Graph3D] createGraphSimulation called: { hasObjectManager: [33mtrue[39m, hasScene: [33mtrue[39m, nodeCount: [33m0[39m, linkCount: [33m0[39m }
[Graph3D] Clearing existing objects...
[Graph3D] Calling createSimulation...
[Graph3D] Simulation created, setting up event handlers...
[Graph3D] No links or single node, clearing fog immediately
[Graph3D] Data changed: {
  nodesLen: [33m0[39m,
  linksLen: [33m0[39m,
  key: [33m1776869953191[39m,
  timestamp: [33m1776869953191[39m
}
[Graph3D] Creating simulation: [33m0[39m nodes
[Graph3D] createGraphSimulation called: { hasObjectManager: [33mtrue[39m, hasScene: [33mtrue[39m, nodeCount: [33m0[39m, linkCount: [33m0[39m }
[Graph3D] Clearing existing objects...
[Graph3D] Calling createSimulation...
[Graph3D] Simulation created, setting up event handlers...
[Graph3D] No links or single node, clearing fog immediately
[Graph3D] Data changed: {
  nodesLen: [33m0[39m,
  linksLen: [33m0[39m,
  key: [33m1776869953300[39m,
  timestamp: [33m1776869953300[39m
}
[Graph3D] Creating simulation: [33m0[39m nodes
[Graph3D] createGraphSimulation called: { hasObjectManager: [33mtrue[39m, hasScene: [33mtrue[39m, nodeCount: [33m0[39m, linkCount: [33m0[39m }
[Graph3D] Clearing existing objects...
[Graph3D] Calling createSimulation...
[Graph3D] Simulation created, setting up event handlers...
[Graph3D] No links or single node, clearing fog immediately
[Graph3D] Data changed: {
  nodesLen: [33m0[39m,
  linksLen: [33m0[39m,
  key: [33m1776869953411[39m,
  timestamp: [33m1776869953411[39m
}
[Graph3D] Creating simulation: [33m0[39m nodes
[Graph3D] createGraphSimulation called: { hasObjectManager: [33mtrue[39m, hasScene: [33mtrue[39m, nodeCount: [33m0[39m, linkCount: [33m0[39m }
[Graph3D] Clearing existing objects...
[Graph3D] Calling createSimulation...
[Graph3D] Simulation created, setting up event handlers...
[Graph3D] No links or single node, clearing fog immediately
[Graph3D] Data changed: {
  nodesLen: [33m0[39m,
  linksLen: [33m0[39m,
  key: [33m1776869953518[39m,
  timestamp: [33m1776869953518[39m
}
[Graph3D] Creating simulation: [33m0[39m nodes
[Graph3D] createGraphSimulation called: { hasObjectManager: [33mtrue[39m, hasScene: [33mtrue[39m, nodeCount: [33m0[39m, linkCount: [33m0[39m }
[Graph3D] Clearing existing objects...
[Graph3D] Calling createSimulation...
[Graph3D] Simulation created, setting up event handlers...
[Graph3D] No links or single node, clearing fog immediately
[Graph3D] Data changed: {
  nodesLen: [33m0[39m,
  linksLen: [33m0[39m,
  key: [33m1776869953627[39m,
  timestamp: [33m1776869953627[39m
}
[Graph3D] Creating simulation: [33m0[39m nodes
[Graph3D] createGraphSimulation called: { hasObjectManager: [33mtrue[39m, hasScene: [33mtrue[39m, nodeCount: [33m0[39m, linkCount: [33m0[39m }
[Graph3D] Clearing existing objects...
[Graph3D] Calling createSimulation...
[Graph3D] Simulation created, setting up event handlers...
[Graph3D] No links or single node, clearing fog immediately
[Graph3D] Data changed: {
  nodesLen: [33m0[39m,
  linksLen: [33m0[39m,
  key: [33m1776869953731[39m,
  timestamp: [33m1776869953731[39m
}
[Graph3D] Creating simulation: [33m0[39m nodes
[Graph3D] createGraphSimulation called: { hasObjectManager: [33mtrue[39m, hasScene: [33mtrue[39m, nodeCount: [33m0[39m, linkCount: [33m0[39m }
[Graph3D] Clearing existing objects...
[Graph3D] Calling createSimulation...
[Graph3D] Simulation created, setting up event handlers...
[Graph3D] No links or single node, clearing fog immediately
[Graph3D] Data changed: {
  nodesLen: [33m0[39m,
  linksLen: [33m0[39m,
  key: [33m1776869953838[39m,
  timestamp: [33m1776869953838[39m
}
[Graph3D] Creating simulation: [33m0[39m nodes
[Graph3D] createGraphSimulation called: { hasObjectManager: [33mtrue[39m, hasScene: [33mtrue[39m, nodeCount: [33m0[39m, linkCount: [33m0[39m }
[Graph3D] Clearing existing objects...
[Graph3D] Calling createSimulation...
[Graph3D] Simulation created, setting up event handlers...
[Graph3D] No links or single node, clearing fog immediately
[Graph3D] Data changed: {
  nodesLen: [33m0[39m,
  linksLen: [33m0[39m,
  key: [33m1776869953945[39m,
  timestamp: [33m1776869953945[39m
}
[Graph3D] Creating simulation: [33m0[39m nodes
[Graph3D] createGraphSimulation called: { hasObjectManager: [33mtrue[39m, hasScene: [33mtrue[39m, nodeCount: [33m0[39m, linkCount: [33m0[39m }
[Graph3D] Clearing existing objects...
[Graph3D] Calling createSimulation...
[Graph3D] Simulation created, setting up event handlers...
[Graph3D] No links or single node, clearing fog immediately
[Graph3D] Data changed: {
  nodesLen: [33m0[39m,
  linksLen: [33m0[39m,
  key: [33m1776869954052[39m,
  timestamp: [33m1776869954052[39m
}
[Graph3D] Creating simulation: [33m0[39m nodes
[Graph3D] createGraphSimulation called: { hasObjectManager: [33mtrue[39m, hasScene: [33mtrue[39m, nodeCount: [33m0[39m, linkCount: [33m0[39m }
[Graph3D] Clearing existing objects...
[Graph3D] Calling createSimulation...
[Graph3D] Simulation created, setting up event handlers...
[Graph3D] No links or single node, clearing fog immediately
[Graph3D] Data changed: {
  nodesLen: [33m0[39m,
  linksLen: [33m0[39m,
  key: [33m1776869954159[39m,
  timestamp: [33m1776869954159[39m
}
[Graph3D] Creating simulation: [33m0[39m nodes
[Graph3D] createGraphSimulation called: { hasObjectManager: [33mtrue[39m, hasScene: [33mtrue[39m, nodeCount: [33m0[39m, linkCount: [33m0[39m }
[Graph3D] Clearing existing objects...
[Graph3D] Calling createSimulation...
[Graph3D] Simulation created, setting up event handlers...
[Graph3D] No links or single node, clearing fog immediately
[Graph3D] Data changed: {
  nodesLen: [33m0[39m,
  linksLen: [33m0[39m,
  key: [33m1776869954268[39m,
  timestamp: [33m1776869954268[39m
}
[Graph3D] Creating simulation: [33m0[39m nodes
[Graph3D] createGraphSimulation called: { hasObjectManager: [33mtrue[39m, hasScene: [33mtrue[39m, nodeCount: [33m0[39m, linkCount: [33m0[39m }
[Graph3D] Clearing existing objects...
[Graph3D] Calling createSimulation...
[Graph3D] Simulation created, setting up event handlers...
[Graph3D] No links or single node, clearing fog immediately
[Graph3D] Data changed: {
  nodesLen: [33m0[39m,
  linksLen: [33m0[39m,
  key: [33m1776869954383[39m,
  timestamp: [33m1776869954383[39m
}
[Graph3D] Creating simulation: [33m0[39m nodes
[Graph3D] createGraphSimulation called: { hasObjectManager: [33mtrue[39m, hasScene: [33mtrue[39m, nodeCount: [33m0[39m, linkCount: [33m0[39m }
[Graph3D] Clearing existing objects...
[Graph3D] Calling createSimulation...
[Graph3D] Simulation created, setting up event handlers...
[Graph3D] No links or single node, clearing fog immediately
[Graph3D] Data changed: {
  nodesLen: [33m0[39m,
  linksLen: [33m0[39m,
  key: [33m1776869954507[39m,
  timestamp: [33m1776869954507[39m
}
[Graph3D] Creating simulation: [33m0[39m nodes
[Graph3D] createGraphSimulation called: { hasObjectManager: [33mtrue[39m, hasScene: [33mtrue[39m, nodeCount: [33m0[39m, linkCount: [33m0[39m }
[Graph3D] Clearing existing objects...
[Graph3D] Calling createSimulation...
[Graph3D] Simulation created, setting up event handlers...
[Graph3D] No links or single node, clearing fog immediately
[Graph3D] Data changed: {
  nodesLen: [33m0[39m,
  linksLen: [33m0[39m,
  key: [33m1776869954619[39m,
  timestamp: [33m1776869954619[39m
}
[Graph3D] Creating simulation: [33m0[39m nodes
[Graph3D] createGraphSimulation called: { hasObjectManager: [33mtrue[39m, hasScene: [33mtrue[39m, nodeCount: [33m0[39m, linkCount: [33m0[39m }
[Graph3D] Clearing existing objects...
[Graph3D] Calling createSimulation...
[Graph3D] Simulation created, setting up event handlers...
[Graph3D] No links or single node, clearing fog immediately
[Graph3D] Data changed: {
  nodesLen: [33m0[39m,
  linksLen: [33m0[39m,
  key: [33m1776869954730[39m,
  timestamp: [33m1776869954730[39m
}
[Graph3D] Creating simulation: [33m0[39m nodes
[Graph3D] createGraphSimulation called: { hasObjectManager: [33mtrue[39m, hasScene: [33mtrue[39m, nodeCount: [33m0[39m, linkCount: [33m0[39m }
[Graph3D] Clearing existing objects...
[Graph3D] Calling createSimulation...
[Graph3D] Simulation created, setting up event handlers...
[Graph3D] No links or single node, clearing fog immediately
[Graph3D] Data changed: {
  nodesLen: [33m0[39m,
  linksLen: [33m0[39m,
  key: [33m1776869954842[39m,
  timestamp: [33m1776869954842[39m
}
[Graph3D] Creating simulation: [33m0[39m nodes
[Graph3D] createGraphSimulation called: { hasObjectManager: [33mtrue[39m, hasScene: [33mtrue[39m, nodeCount: [33m0[39m, linkCount: [33m0[39m }
[Graph3D] Clearing existing objects...
[Graph3D] Calling createSimulation...
[Graph3D] Simulation created, setting up event handlers...
[Graph3D] No links or single node, clearing fog immediately
[Graph3D] Data changed: {
  nodesLen: [33m0[39m,
  linksLen: [33m0[39m,
  key: [33m1776869954952[39m,
  timestamp: [33m1776869954952[39m
}
[Graph3D] Creating simulation: [33m0[39m nodes
[Graph3D] createGraphSimulation called: { hasObjectManager: [33mtrue[39m, hasScene: [33mtrue[39m, nodeCount: [33m0[39m, linkCount: [33m0[39m }
[Graph3D] Clearing existing objects...
[Graph3D] Calling createSimulation...
[Graph3D] Simulation created, setting up event handlers...
[Graph3D] No links or single node, clearing fog immediately
[Graph3D] Data changed: {
  nodesLen: [33m0[39m,
  linksLen: [33m0[39m,
  key: [33m1776869955060[39m,
  timestamp: [33m1776869955060[39m
}
[Graph3D] Creating simulation: [33m0[39m nodes
[Graph3D] createGraphSimulation called: { hasObjectManager: [33mtrue[39m, hasScene: [33mtrue[39m, nodeCount: [33m0[39m, linkCount: [33m0[39m }
[Graph3D] Clearing existing objects...
[Graph3D] Calling createSimulation...
[Graph3D] Simulation created, setting up event handlers...
[Graph3D] No links or single node, clearing fog immediately
[Graph3D] Data changed: {
  nodesLen: [33m0[39m,
  linksLen: [33m0[39m,
  key: [33m1776869955171[39m,
  timestamp: [33m1776869955171[39m
}
[Graph3D] Creating simulation: [33m0[39m nodes
[Graph3D] createGraphSimulation called: { hasObjectManager: [33mtrue[39m, hasScene: [33mtrue[39m, nodeCount: [33m0[39m, linkCount: [33m0[39m }
[Graph3D] Clearing existing objects...
[Graph3D] Calling createSimulation...
[Graph3D] Simulation created, setting up event handlers...
[Graph3D] No links or single node, clearing fog immediately
[Graph3D] Data changed: {
  nodesLen: [33m0[39m,
  linksLen: [33m0[39m,
  key: [33m1776869955280[39m,
  timestamp: [33m1776869955280[39m
}
[Graph3D] Creating simulation: [33m0[39m nodes
[Graph3D] createGraphSimulation called: { hasObjectManager: [33mtrue[39m, hasScene: [33mtrue[39m, nodeCount: [33m0[39m, linkCount: [33m0[39m }
[Graph3D] Clearing existing objects...
[Graph3D] Calling createSimulation...
[Graph3D] Simulation created, setting up event handlers...
[Graph3D] No links or single node, clearing fog immediately
[Graph3D] Data changed: {
  nodesLen: [33m0[39m,
  linksLen: [33m0[39m,
  key: [33m1776869955392[39m,
  timestamp: [33m1776869955392[39m
}
[Graph3D] Creating simulation: [33m0[39m nodes
[Graph3D] createGraphSimulation called: { hasObjectManager: [33mtrue[39m, hasScene: [33mtrue[39m, nodeCount: [33m0[39m, linkCount: [33m0[39m }
[Graph3D] Clearing existing objects...
[Graph3D] Calling createSimulation...
[Graph3D] Simulation created, setting up event handlers...
[Graph3D] No links or single node, clearing fog immediately
[Graph3D] Data changed: {
  nodesLen: [33m0[39m,
  linksLen: [33m0[39m,
  key: [33m1776869955505[39m,
  timestamp: [33m1776869955505[39m
}
[Graph3D] Creating simulation: [33m0[39m nodes
[Graph3D] createGraphSimulation called: { hasObjectManager: [33mtrue[39m, hasScene: [33mtrue[39m, nodeCount: [33m0[39m, linkCount: [33m0[39m }
[Graph3D] Clearing existing objects...
[Graph3D] Calling createSimulation...
[Graph3D] Simulation created, setting up event handlers...
[Graph3D] No links or single node, clearing fog immediately
[Graph3D] Data changed: {
  nodesLen: [33m0[39m,
  linksLen: [33m0[39m,
  key: [33m1776869955615[39m,
  timestamp: [33m1776869955615[39m
}
[Graph3D] Creating simulation: [33m0[39m nodes
[Graph3D] createGraphSimulation called: { hasObjectManager: [33mtrue[39m, hasScene: [33mtrue[39m, nodeCount: [33m0[39m, linkCount: [33m0[39m }
[Graph3D] Clearing existing objects...
[Graph3D] Calling createSimulation...
[Graph3D] Simulation created, setting up event handlers...
[Graph3D] No links or single node, clearing fog immediately
[Graph3D] Data changed: {
  nodesLen: [33m0[39m,
  linksLen: [33m0[39m,
  key: [33m1776869955728[39m,
  timestamp: [33m1776869955728[39m
}
[Graph3D] Creating simulation: [33m0[39m nodes
[Graph3D] createGraphSimulation called: { hasObjectManager: [33mtrue[39m, hasScene: [33mtrue[39m, nodeCount: [33m0[39m, linkCount: [33m0[39m }
[Graph3D] Clearing existing objects...
[Graph3D] Calling createSimulation...
[Graph3D] Simulation created, setting up event handlers...
[Graph3D] No links or single node, clearing fog immediately
[Graph3D] Data changed: {
  nodesLen: [33m0[39m,
  linksLen: [33m0[39m,
  key: [33m1776869955836[39m,
  timestamp: [33m1776869955836[39m
}
[Graph3D] Creating simulation: [33m0[39m nodes
[Graph3D] createGraphSimulation called: { hasObjectManager: [33mtrue[39m, hasScene: [33mtrue[39m, nodeCount: [33m0[39m, linkCount: [33m0[39m }
[Graph3D] Clearing existing objects...
[Graph3D] Calling createSimulation...
[Graph3D] Simulation created, setting up event handlers...
[Graph3D] No links or single node, clearing fog immediately
[Graph3D] Data changed: {
  nodesLen: [33m0[39m,
  linksLen: [33m0[39m,
  key: [33m1776869955946[39m,
  timestamp: [33m1776869955946[39m
}
[Graph3D] Creating simulation: [33m0[39m nodes
[Graph3D] createGraphSimulation called: { hasObjectManager: [33mtrue[39m, hasScene: [33mtrue[39m, nodeCount: [33m0[39m, linkCount: [33m0[39m }
[Graph3D] Clearing existing objects...
[Graph3D] Calling createSimulation...
[Graph3D] Simulation created, setting up event handlers...
[Graph3D] No links or single node, clearing fog immediately
[Graph3D] Data changed: {
  nodesLen: [33m0[39m,
  linksLen: [33m0[39m,
  key: [33m1776869956059[39m,
  timestamp: [33m1776869956059[39m
}
[Graph3D] Creating simulation: [33m0[39m nodes
[Graph3D] createGraphSimulation called: { hasObjectManager: [33mtrue[39m, hasScene: [33mtrue[39m, nodeCount: [33m0[39m, linkCount: [33m0[39m }
[Graph3D] Clearing existing objects...
[Graph3D] Calling createSimulation...
[Graph3D] Simulation created, setting up event handlers...
[Graph3D] No links or single node, clearing fog immediately
[Graph3D] Data changed: {
  nodesLen: [33m0[39m,
  linksLen: [33m0[39m,
  key: [33m1776869956171[39m,
  timestamp: [33m1776869956171[39m
}
[Graph3D] Creating simulation: [33m0[39m nodes
[Graph3D] createGraphSimulation called: { hasObjectManager: [33mtrue[39m, hasScene: [33mtrue[39m, nodeCount: [33m0[39m, linkCount: [33m0[39m }
[Graph3D] Clearing existing objects...
[Graph3D] Calling createSimulation...
[Graph3D] Simulation created, setting up event handlers...
[Graph3D] No links or single node, clearing fog immediately
[Graph3D] Data changed: {
  nodesLen: [33m0[39m,
  linksLen: [33m0[39m,
  key: [33m1776869956282[39m,
  timestamp: [33m1776869956282[39m
}
[Graph3D] Creating simulation: [33m0[39m nodes
[Graph3D] createGraphSimulation called: { hasObjectManager: [33mtrue[39m, hasScene: [33mtrue[39m, nodeCount: [33m0[39m, linkCount: [33m0[39m }
[Graph3D] Clearing existing objects...
[Graph3D] Calling createSimulation...
[Graph3D] Simulation created, setting up event handlers...
[Graph3D] No links or single node, clearing fog immediately
[Graph3D] Data changed: {
  nodesLen: [33m0[39m,
  linksLen: [33m0[39m,
  key: [33m1776869956399[39m,
  timestamp: [33m1776869956399[39m
}
[Graph3D] Creating simulation: [33m0[39m nodes
[Graph3D] createGraphSimulation called: { hasObjectManager: [33mtrue[39m, hasScene: [33mtrue[39m, nodeCount: [33m0[39m, linkCount: [33m0[39m }
[Graph3D] Clearing existing objects...
[Graph3D] Calling createSimulation...
[Graph3D] Simulation created, setting up event handlers...
[Graph3D] No links or single node, clearing fog immediately
[Graph3D] Data changed: {
  nodesLen: [33m0[39m,
  linksLen: [33m0[39m,
  key: [33m1776869956514[39m,
  timestamp: [33m1776869956514[39m
}
[Graph3D] Creating simulation: [33m0[39m nodes
[Graph3D] createGraphSimulation called: { hasObjectManager: [33mtrue[39m, hasScene: [33mtrue[39m, nodeCount: [33m0[39m, linkCount: [33m0[39m }
[Graph3D] Clearing existing objects...
[Graph3D] Calling createSimulation...
[Graph3D] Simulation created, setting up event handlers...
[Graph3D] No links or single node, clearing fog immediately
[Graph3D] Data changed: {
  nodesLen: [33m0[39m,
  linksLen: [33m0[39m,
  key: [33m1776869956620[39m,
  timestamp: [33m1776869956620[39m
}
[Graph3D] Creating simulation: [33m0[39m nodes
[Graph3D] createGraphSimulation called: { hasObjectManager: [33mtrue[39m, hasScene: [33mtrue[39m, nodeCount: [33m0[39m, linkCount: [33m0[39m }
[Graph3D] Clearing existing objects...
[Graph3D] Calling createSimulation...
[Graph3D] Simulation created, setting up event handlers...
[Graph3D] No links or single node, clearing fog immediately
[Graph3D] Data changed: {
  nodesLen: [33m0[39m,
  linksLen: [33m0[39m,
  key: [33m1776869956730[39m,
  timestamp: [33m1776869956730[39m
}
[Graph3D] Creating simulation: [33m0[39m nodes
[Graph3D] createGraphSimulation called: { hasObjectManager: [33mtrue[39m, hasScene: [33mtrue[39m, nodeCount: [33m0[39m, linkCount: [33m0[39m }
[Graph3D] Clearing existing objects...
[Graph3D] Calling createSimulation...
[Graph3D] Simulation created, setting up event handlers...
[Graph3D] No links or single node, clearing fog immediately
[Graph3D] Data changed: {
  nodesLen: [33m0[39m,
  linksLen: [33m0[39m,
  key: [33m1776869956854[39m,
  timestamp: [33m1776869956854[39m
}
[Graph3D] Creating simulation: [33m0[39m nodes
[Graph3D] createGraphSimulation called: { hasObjectManager: [33mtrue[39m, hasScene: [33mtrue[39m, nodeCount: [33m0[39m, linkCount: [33m0[39m }
[Graph3D] Clearing existing objects...
[Graph3D] Calling createSimulation...
[Graph3D] Simulation created, setting up event handlers...
[Graph3D] No links or single node, clearing fog immediately
[Graph3D] Data changed: {
  nodesLen: [33m0[39m,
  linksLen: [33m0[39m,
  key: [33m1776869956960[39m,
  timestamp: [33m1776869956960[39m
}
[Graph3D] Creating simulation: [33m0[39m nodes
[Graph3D] createGraphSimulation called: { hasObjectManager: [33mtrue[39m, hasScene: [33mtrue[39m, nodeCount: [33m0[39m, linkCount: [33m0[39m }
[Graph3D] Clearing existing objects...
[Graph3D] Calling createSimulation...
[Graph3D] Simulation created, setting up event handlers...
[Graph3D] No links or single node, clearing fog immediately
[Graph3D] Data changed: {
  nodesLen: [33m0[39m,
  linksLen: [33m0[39m,
  key: [33m1776869957064[39m,
  timestamp: [33m1776869957064[39m
}
[Graph3D] Creating simulation: [33m0[39m nodes
[Graph3D] createGraphSimulation called: { hasObjectManager: [33mtrue[39m, hasScene: [33mtrue[39m, nodeCount: [33m0[39m, linkCount: [33m0[39m }
[Graph3D] Clearing existing objects...
[Graph3D] Calling createSimulation...
[Graph3D] Simulation created, setting up event handlers...
[Graph3D] No links or single node, clearing fog immediately
[Graph3D] Data changed: {
  nodesLen: [33m0[39m,
  linksLen: [33m0[39m,
  key: [33m1776869957171[39m,
  timestamp: [33m1776869957171[39m
}
[Graph3D] Creating simulation: [33m0[39m nodes
[Graph3D] createGraphSimulation called: { hasObjectManager: [33mtrue[39m, hasScene: [33mtrue[39m, nodeCount: [33m0[39m, linkCount: [33m0[39m }
[Graph3D] Clearing existing objects...
[Graph3D] Calling createSimulation...
[Graph3D] Simulation created, setting up event handlers...
[Graph3D] No links or single node, clearing fog immediately
[Graph3D] Data changed: {
  nodesLen: [33m0[39m,
  linksLen: [33m0[39m,
  key: [33m1776869957278[39m,
  timestamp: [33m1776869957278[39m
}
[Graph3D] Creating simulation: [33m0[39m nodes
[Graph3D] createGraphSimulation called: { hasObjectManager: [33mtrue[39m, hasScene: [33mtrue[39m, nodeCount: [33m0[39m, linkCount: [33m0[39m }
[Graph3D] Clearing existing objects...
[Graph3D] Calling createSimulation...
[Graph3D] Simulation created, setting up event handlers...
[Graph3D] No links or single node, clearing fog immediately
[Graph3D] Data changed: {
  nodesLen: [33m0[39m,
  linksLen: [33m0[39m,
  key: [33m1776869957386[39m,
  timestamp: [33m1776869957386[39m
}
[Graph3D] Creating simulation: [33m0[39m nodes
[Graph3D] createGraphSimulation called: { hasObjectManager: [33mtrue[39m, hasScene: [33mtrue[39m, nodeCount: [33m0[39m, linkCount: [33m0[39m }
[Graph3D] Clearing existing objects...
[Graph3D] Calling createSimulation...
[Graph3D] Simulation created, setting up event handlers...
[Graph3D] No links or single node, clearing fog immediately
[Graph3D] Data changed: {
  nodesLen: [33m0[39m,
  linksLen: [33m0[39m,
  key: [33m1776869957500[39m,
  timestamp: [33m1776869957500[39m
}
[Graph3D] Creating simulation: [33m0[39m nodes
[Graph3D] createGraphSimulation called: { hasObjectManager: [33mtrue[39m, hasScene: [33mtrue[39m, nodeCount: [33m0[39m, linkCount: [33m0[39m }
[Graph3D] Clearing existing objects...
[Graph3D] Calling createSimulation...
[Graph3D] Simulation created, setting up event handlers...
[Graph3D] No links or single node, clearing fog immediately
[Graph3D] Data changed: {
  nodesLen: [33m0[39m,
  linksLen: [33m0[39m,
  key: [33m1776869957608[39m,
  timestamp: [33m1776869957608[39m
}
[Graph3D] Creating simulation: [33m0[39m nodes
[Graph3D] createGraphSimulation called: { hasObjectManager: [33mtrue[39m, hasScene: [33mtrue[39m, nodeCount: [33m0[39m, linkCount: [33m0[39m }
[Graph3D] Clearing existing objects...
[Graph3D] Calling createSimulation...
[Graph3D] Simulation created, setting up event handlers...
[Graph3D] No links or single node, clearing fog immediately
[Graph3D] Data changed: {
  nodesLen: [33m0[39m,
  linksLen: [33m0[39m,
  key: [33m1776869957717[39m,
  timestamp: [33m1776869957717[39m
}
[Graph3D] Creating simulation: [33m0[39m nodes
[Graph3D] createGraphSimulation called: { hasObjectManager: [33mtrue[39m, hasScene: [33mtrue[39m, nodeCount: [33m0[39m, linkCount: [33m0[39m }
[Graph3D] Clearing existing objects...
[Graph3D] Calling createSimulation...
[Graph3D] Simulation created, setting up event handlers...
[Graph3D] No links or single node, clearing fog immediately
[Graph3D] Data changed: {
  nodesLen: [33m0[39m,
  linksLen: [33m0[39m,
  key: [33m1776869957827[39m,
  timestamp: [33m1776869957827[39m
}
[Graph3D] Creating simulation: [33m0[39m nodes
[Graph3D] createGraphSimulation called: { hasObjectManager: [33mtrue[39m, hasScene: [33mtrue[39m, nodeCount: [33m0[39m, linkCount: [33m0[39m }
[Graph3D] Clearing existing objects...
[Graph3D] Calling createSimulation...
[Graph3D] Simulation created, setting up event handlers...
[Graph3D] No links or single node, clearing fog immediately
[Graph3D] Data changed: {
  nodesLen: [33m0[39m,
  linksLen: [33m0[39m,
  key: [33m1776869957933[39m,
  timestamp: [33m1776869957933[39m
}
[Graph3D] Creating simulation: [33m0[39m nodes
[Graph3D] createGraphSimulation called: { hasObjectManager: [33mtrue[39m, hasScene: [33mtrue[39m, nodeCount: [33m0[39m, linkCount: [33m0[39m }
[Graph3D] Clearing existing objects...
[Graph3D] Calling createSimulation...
[Graph3D] Simulation created, setting up event handlers...
[Graph3D] No links or single node, clearing fog immediately
[Graph3D] Data changed: {
  nodesLen: [33m0[39m,
  linksLen: [33m0[39m,
  key: [33m1776869958040[39m,
  timestamp: [33m1776869958040[39m
}
[Graph3D] Creating simulation: [33m0[39m nodes
[Graph3D] createGraphSimulation called: { hasObjectManager: [33mtrue[39m, hasScene: [33mtrue[39m, nodeCount: [33m0[39m, linkCount: [33m0[39m }
[Graph3D] Clearing existing objects...
[Graph3D] Calling createSimulation...
[Graph3D] Simulation created, setting up event handlers...
[Graph3D] No links or single node, clearing fog immediately
[Graph3D] Data changed: {
  nodesLen: [33m0[39m,
  linksLen: [33m0[39m,
  key: [33m1776869958147[39m,
  timestamp: [33m1776869958147[39m
}
[Graph3D] Creating simulation: [33m0[39m nodes
[Graph3D] createGraphSimulation called: { hasObjectManager: [33mtrue[39m, hasScene: [33mtrue[39m, nodeCount: [33m0[39m, linkCount: [33m0[39m }
[Graph3D] Clearing existing objects...
[Graph3D] Calling createSimulation...
[Graph3D] Simulation created, setting up event handlers...
[Graph3D] No links or single node, clearing fog immediately
[Graph3D] Data changed: {
  nodesLen: [33m0[39m,
  linksLen: [33m0[39m,
  key: [33m1776869958255[39m,
  timestamp: [33m1776869958255[39m
}
[Graph3D] Creating simulation: [33m0[39m nodes
[Graph3D] createGraphSimulation called: { hasObjectManager: [33mtrue[39m, hasScene: [33mtrue[39m, nodeCount: [33m0[39m, linkCount: [33m0[39m }
[Graph3D] Clearing existing objects...
[Graph3D] Calling createSimulation...
[Graph3D] Simulation created, setting up event handlers...
[Graph3D] No links or single node, clearing fog immediately
[Graph3D] Data changed: {
  nodesLen: [33m0[39m,
  linksLen: [33m0[39m,
  key: [33m1776869958364[39m,
  timestamp: [33m1776869958364[39m
}
[Graph3D] Creating simulation: [33m0[39m nodes
[Graph3D] createGraphSimulation called: { hasObjectManager: [33mtrue[39m, hasScene: [33mtrue[39m, nodeCount: [33m0[39m, linkCount: [33m0[39m }
[Graph3D] Clearing existing objects...
[Graph3D] Calling createSimulation...
[Graph3D] Simulation created, setting up event handlers...
[Graph3D] No links or single node, clearing fog immediately
[Graph3D] Data changed: {
  nodesLen: [33m0[39m,
  linksLen: [33m0[39m,
  key: [33m1776869958473[39m,
  timestamp: [33m1776869958473[39m
}
[Graph3D] Creating simulation: [33m0[39m nodes
[Graph3D] createGraphSimulation called: { hasObjectManager: [33mtrue[39m, hasScene: [33mtrue[39m, nodeCount: [33m0[39m, linkCount: [33m0[39m }
[Graph3D] Clearing existing objects...
[Graph3D] Calling createSimulation...
[Graph3D] Simulation created, setting up event handlers...
[Graph3D] No links or single node, clearing fog immediately
[Graph3D] Data changed: {
  nodesLen: [33m0[39m,
  linksLen: [33m0[39m,
  key: [33m1776869958587[39m,
  timestamp: [33m1776869958587[39m
}
[Graph3D] Creating simulation: [33m0[39m nodes
[Graph3D] createGraphSimulation called: { hasObjectManager: [33mtrue[39m, hasScene: [33mtrue[39m, nodeCount: [33m0[39m, linkCount: [33m0[39m }
[Graph3D] Clearing existing objects...
[Graph3D] Calling createSimulation...
[Graph3D] Simulation created, setting up event handlers...
[Graph3D] No links or single node, clearing fog immediately
[Graph3D] Data changed: {
  nodesLen: [33m0[39m,
  linksLen: [33m0[39m,
  key: [33m1776869958696[39m,
  timestamp: [33m1776869958696[39m
}
[Graph3D] Creating simulation: [33m0[39m nodes
[Graph3D] createGraphSimulation called: { hasObjectManager: [33mtrue[39m, hasScene: [33mtrue[39m, nodeCount: [33m0[39m, linkCount: [33m0[39m }
[Graph3D] Clearing existing objects...
[Graph3D] Calling createSimulation...
[Graph3D] Simulation created, setting up event handlers...
[Graph3D] No links or single node, clearing fog immediately

stderr | src/lib/components/Graph3D.spec.ts > Graph3D > handles empty data


Error: 
    at $effect (D:\knowledge-graph\frontend\src\lib\components\Graph3D.svelte:74:26)
    at mountModern (D:\knowledge-graph\frontend\node_modules\@testing-library\svelte-core\src\mount.js:34:10)
    at Module.mount (D:\knowledge-graph\frontend\node_modules\@testing-library\svelte-core\src\mount.js:85:44)
    at Module.render (D:\knowledge-graph\frontend\node_modules\@testing-library\svelte-core\src\render.js:16:23)
    at Module.render (D:\knowledge-graph\frontend\node_modules\@testing-library\svelte\src\pure.js:49:73)
    at D:\knowledge-graph\frontend\src\lib\components\Graph3D.spec.ts:157:5
    at file:///D:/knowledge-graph/frontend/node_modules/@vitest/runner/dist/chunk-hooks.js:155:11
    at file:///D:/knowledge-graph/frontend/node_modules/@vitest/runner/dist/chunk-hooks.js:752:26
    at file:///D:/knowledge-graph/frontend/node_modules/@vitest/runner/dist/chunk-hooks.js:1897:20
    at new Promise (<anonymous>)
    at runWithTimeout (file:///D:/knowledge-graph/frontend/node_modules/@vitest/runner/dist/chunk-hooks.js:1863:10)
    at runTest (file:///D:/knowledge-graph/frontend/node_modules/@vitest/runner/dist/chunk-hooks.js:1574:12)
    at processTicksAndRejections (node:internal/process/task_queues:105:5)
    at runSuite (file:///D:/knowledge-graph/frontend/node_modules/@vitest/runner/dist/chunk-hooks.js:1729:8)
    at runSuite (file:///D:/knowledge-graph/frontend/node_modules/@vitest/runner/dist/chunk-hooks.js:1729:8)
    at runFiles (file:///D:/knowledge-graph/frontend/node_modules/@vitest/runner/dist/chunk-hooks.js:1787:3)
    at startTests (file:///D:/knowledge-graph/frontend/node_modules/@vitest/runner/dist/chunk-hooks.js:1820:3)
    at file:///D:/knowledge-graph/frontend/node_modules/vitest/dist/chunks/runBaseTests.9Ij9_de-.js:117:26
    at withEnv (file:///D:/knowledge-graph/frontend/node_modules/vitest/dist/chunks/runBaseTests.9Ij9_de-.js:84:3)
    at run (file:///D:/knowledge-graph/frontend/node_modules/vitest/dist/chunks/runBaseTests.9Ij9_de-.js:109:2)
    at runBaseTests (file:///D:/knowledge-graph/frontend/node_modules/vitest/dist/chunks/base.DfmxU-tU.js:32:2)
    at ForksBaseWorker.executeTests (file:///D:/knowledge-graph/frontend/node_modules/vitest/dist/workers/forks.js:29:4)
    at execute (file:///D:/knowledge-graph/frontend/node_modules/vitest/dist/worker.js:108:3)
    at onMessage (file:///D:/knowledge-graph/frontend/node_modules/tinypool/dist/entry/process.js:39:18)


Error: 
    at $effect (D:\knowledge-graph\frontend\src\lib\components\Graph3D.svelte:75:26)
    at mountModern (D:\knowledge-graph\frontend\node_modules\@testing-library\svelte-core\src\mount.js:34:10)
    at Module.mount (D:\knowledge-graph\frontend\node_modules\@testing-library\svelte-core\src\mount.js:85:44)
    at Module.render (D:\knowledge-graph\frontend\node_modules\@testing-library\svelte-core\src\render.js:16:23)
    at Module.render (D:\knowledge-graph\frontend\node_modules\@testing-library\svelte\src\pure.js:49:73)
    at D:\knowledge-graph\frontend\src\lib\components\Graph3D.spec.ts:157:5
    at file:///D:/knowledge-graph/frontend/node_modules/@vitest/runner/dist/chunk-hooks.js:155:11
    at file:///D:/knowledge-graph/frontend/node_modules/@vitest/runner/dist/chunk-hooks.js:752:26
    at file:///D:/knowledge-graph/frontend/node_modules/@vitest/runner/dist/chunk-hooks.js:1897:20
    at new Promise (<anonymous>)
    at runWithTimeout (file:///D:/knowledge-graph/frontend/node_modules/@vitest/runner/dist/chunk-hooks.js:1863:10)
    at runTest (file:///D:/knowledge-graph/frontend/node_modules/@vitest/runner/dist/chunk-hooks.js:1574:12)
    at processTicksAndRejections (node:internal/process/task_queues:105:5)
    at runSuite (file:///D:/knowledge-graph/frontend/node_modules/@vitest/runner/dist/chunk-hooks.js:1729:8)
    at runSuite (file:///D:/knowledge-graph/frontend/node_modules/@vitest/runner/dist/chunk-hooks.js:1729:8)
    at runFiles (file:///D:/knowledge-graph/frontend/node_modules/@vitest/runner/dist/chunk-hooks.js:1787:3)
    at startTests (file:///D:/knowledge-graph/frontend/node_modules/@vitest/runner/dist/chunk-hooks.js:1820:3)
    at file:///D:/knowledge-graph/frontend/node_modules/vitest/dist/chunks/runBaseTests.9Ij9_de-.js:117:26
    at withEnv (file:///D:/knowledge-graph/frontend/node_modules/vitest/dist/chunks/runBaseTests.9Ij9_de-.js:84:3)
    at run (file:///D:/knowledge-graph/frontend/node_modules/vitest/dist/chunks/runBaseTests.9Ij9_de-.js:109:2)
    at runBaseTests (file:///D:/knowledge-graph/frontend/node_modules/vitest/dist/chunks/base.DfmxU-tU.js:32:2)
    at ForksBaseWorker.executeTests (file:///D:/knowledge-graph/frontend/node_modules/vitest/dist/workers/forks.js:29:4)
    at execute (file:///D:/knowledge-graph/frontend/node_modules/vitest/dist/worker.js:108:3)
    at onMessage (file:///D:/knowledge-graph/frontend/node_modules/tinypool/dist/entry/process.js:39:18)


Error: 
    at $effect (D:\knowledge-graph\frontend\src\lib\components\Graph3D.svelte:82:26)
    at mountModern (D:\knowledge-graph\frontend\node_modules\@testing-library\svelte-core\src\mount.js:34:10)
    at Module.mount (D:\knowledge-graph\frontend\node_modules\@testing-library\svelte-core\src\mount.js:85:44)
    at Module.render (D:\knowledge-graph\frontend\node_modules\@testing-library\svelte-core\src\render.js:16:23)
    at Module.render (D:\knowledge-graph\frontend\node_modules\@testing-library\svelte\src\pure.js:49:73)
    at D:\knowledge-graph\frontend\src\lib\components\Graph3D.spec.ts:157:5
    at file:///D:/knowledge-graph/frontend/node_modules/@vitest/runner/dist/chunk-hooks.js:155:11
    at file:///D:/knowledge-graph/frontend/node_modules/@vitest/runner/dist/chunk-hooks.js:752:26
    at file:///D:/knowledge-graph/frontend/node_modules/@vitest/runner/dist/chunk-hooks.js:1897:20
    at new Promise (<anonymous>)
    at runWithTimeout (file:///D:/knowledge-graph/frontend/node_modules/@vitest/runner/dist/chunk-hooks.js:1863:10)
    at runTest (file:///D:/knowledge-graph/frontend/node_modules/@vitest/runner/dist/chunk-hooks.js:1574:12)
    at processTicksAndRejections (node:internal/process/task_queues:105:5)
    at runSuite (file:///D:/knowledge-graph/frontend/node_modules/@vitest/runner/dist/chunk-hooks.js:1729:8)
    at runSuite (file:///D:/knowledge-graph/frontend/node_modules/@vitest/runner/dist/chunk-hooks.js:1729:8)
    at runFiles (file:///D:/knowledge-graph/frontend/node_modules/@vitest/runner/dist/chunk-hooks.js:1787:3)
    at startTests (file:///D:/knowledge-graph/frontend/node_modules/@vitest/runner/dist/chunk-hooks.js:1820:3)
    at file:///D:/knowledge-graph/frontend/node_modules/vitest/dist/chunks/runBaseTests.9Ij9_de-.js:117:26
    at withEnv (file:///D:/knowledge-graph/frontend/node_modules/vitest/dist/chunks/runBaseTests.9Ij9_de-.js:84:3)
    at run (file:///D:/knowledge-graph/frontend/node_modules/vitest/dist/chunks/runBaseTests.9Ij9_de-.js:109:2)
    at runBaseTests (file:///D:/knowledge-graph/frontend/node_modules/vitest/dist/chunks/base.DfmxU-tU.js:32:2)
    at ForksBaseWorker.executeTests (file:///D:/knowledge-graph/frontend/node_modules/vitest/dist/workers/forks.js:29:4)
    at execute (file:///D:/knowledge-graph/frontend/node_modules/vitest/dist/worker.js:108:3)
    at onMessage (file:///D:/knowledge-graph/frontend/node_modules/tinypool/dist/entry/process.js:39:18)


Error: 
    at $effect (D:\knowledge-graph\frontend\src\lib\components\Graph3D.svelte:116:25)
    at mountModern (D:\knowledge-graph\frontend\node_modules\@testing-library\svelte-core\src\mount.js:34:10)
    at Module.mount (D:\knowledge-graph\frontend\node_modules\@testing-library\svelte-core\src\mount.js:85:44)
    at Module.render (D:\knowledge-graph\frontend\node_modules\@testing-library\svelte-core\src\render.js:16:23)
    at Module.render (D:\knowledge-graph\frontend\node_modules\@testing-library\svelte\src\pure.js:49:73)
    at D:\knowledge-graph\frontend\src\lib\components\Graph3D.spec.ts:157:5
    at file:///D:/knowledge-graph/frontend/node_modules/@vitest/runner/dist/chunk-hooks.js:155:11
    at file:///D:/knowledge-graph/frontend/node_modules/@vitest/runner/dist/chunk-hooks.js:752:26
    at file:///D:/knowledge-graph/frontend/node_modules/@vitest/runner/dist/chunk-hooks.js:1897:20
    at new Promise (<anonymous>)
    at runWithTimeout (file:///D:/knowledge-graph/frontend/node_modules/@vitest/runner/dist/chunk-hooks.js:1863:10)
    at runTest (file:///D:/knowledge-graph/frontend/node_modules/@vitest/runner/dist/chunk-hooks.js:1574:12)
    at processTicksAndRejections (node:internal/process/task_queues:105:5)
    at runSuite (file:///D:/knowledge-graph/frontend/node_modules/@vitest/runner/dist/chunk-hooks.js:1729:8)
    at runSuite (file:///D:/knowledge-graph/frontend/node_modules/@vitest/runner/dist/chunk-hooks.js:1729:8)
    at runFiles (file:///D:/knowledge-graph/frontend/node_modules/@vitest/runner/dist/chunk-hooks.js:1787:3)
    at startTests (file:///D:/knowledge-graph/frontend/node_modules/@vitest/runner/dist/chunk-hooks.js:1820:3)
    at file:///D:/knowledge-graph/frontend/node_modules/vitest/dist/chunks/runBaseTests.9Ij9_de-.js:117:26
    at withEnv (file:///D:/knowledge-graph/frontend/node_modules/vitest/dist/chunks/runBaseTests.9Ij9_de-.js:84:3)
    at run (file:///D:/knowledge-graph/frontend/node_modules/vitest/dist/chunks/runBaseTests.9Ij9_de-.js:109:2)
    at runBaseTests (file:///D:/knowledge-graph/frontend/node_modules/vitest/dist/chunks/base.DfmxU-tU.js:32:2)
    at ForksBaseWorker.executeTests (file:///D:/knowledge-graph/frontend/node_modules/vitest/dist/workers/forks.js:29:4)
    at execute (file:///D:/knowledge-graph/frontend/node_modules/vitest/dist/worker.js:108:3)
    at onMessage (file:///D:/knowledge-graph/frontend/node_modules/tinypool/dist/entry/process.js:39:18)


Error: 
    at createGraphSimulation (D:\knowledge-graph\frontend\src\lib\components\Graph3D.svelte:297:25)
    at $effect (D:\knowledge-graph\frontend\src\lib\components\Graph3D.svelte:92:5)
    at mountModern (D:\knowledge-graph\frontend\node_modules\@testing-library\svelte-core\src\mount.js:34:10)
    at Module.mount (D:\knowledge-graph\frontend\node_modules\@testing-library\svelte-core\src\mount.js:85:44)
    at Module.render (D:\knowledge-graph\frontend\node_modules\@testing-library\svelte-core\src\render.js:16:23)
    at Module.render (D:\knowledge-graph\frontend\node_modules\@testing-library\svelte\src\pure.js:49:73)
    at D:\knowledge-graph\frontend\src\lib\components\Graph3D.spec.ts:157:5
    at file:///D:/knowledge-graph/frontend/node_modules/@vitest/runner/dist/chunk-hooks.js:155:11
    at file:///D:/knowledge-graph/frontend/node_modules/@vitest/runner/dist/chunk-hooks.js:752:26
    at file:///D:/knowledge-graph/frontend/node_modules/@vitest/runner/dist/chunk-hooks.js:1897:20
    at new Promise (<anonymous>)
    at runWithTimeout (file:///D:/knowledge-graph/frontend/node_modules/@vitest/runner/dist/chunk-hooks.js:1863:10)
    at runTest (file:///D:/knowledge-graph/frontend/node_modules/@vitest/runner/dist/chunk-hooks.js:1574:12)
    at processTicksAndRejections (node:internal/process/task_queues:105:5)
    at runSuite (file:///D:/knowledge-graph/frontend/node_modules/@vitest/runner/dist/chunk-hooks.js:1729:8)
    at runSuite (file:///D:/knowledge-graph/frontend/node_modules/@vitest/runner/dist/chunk-hooks.js:1729:8)
    at runFiles (file:///D:/knowledge-graph/frontend/node_modules/@vitest/runner/dist/chunk-hooks.js:1787:3)
    at startTests (file:///D:/knowledge-graph/frontend/node_modules/@vitest/runner/dist/chunk-hooks.js:1820:3)
    at file:///D:/knowledge-graph/frontend/node_modules/vitest/dist/chunks/runBaseTests.9Ij9_de-.js:117:26
    at withEnv (file:///D:/knowledge-graph/frontend/node_modules/vitest/dist/chunks/runBaseTests.9Ij9_de-.js:84:3)
    at run (file:///D:/knowledge-graph/frontend/node_modules/vitest/dist/chunks/runBaseTests.9Ij9_de-.js:109:2)
    at runBaseTests (file:///D:/knowledge-graph/frontend/node_modules/vitest/dist/chunks/base.DfmxU-tU.js:32:2)
    at ForksBaseWorker.executeTests (file:///D:/knowledge-graph/frontend/node_modules/vitest/dist/workers/forks.js:29:4)
    at execute (file:///D:/knowledge-graph/frontend/node_modules/vitest/dist/worker.js:108:3)
    at onMessage (file:///D:/knowledge-graph/frontend/node_modules/tinypool/dist/entry/process.js:39:18)


Error: 
    at createGraphSimulation (D:\knowledge-graph\frontend\src\lib\components\Graph3D.svelte:304:25)
    at $effect (D:\knowledge-graph\frontend\src\lib\components\Graph3D.svelte:92:5)
    at mountModern (D:\knowledge-graph\frontend\node_modules\@testing-library\svelte-core\src\mount.js:34:10)
    at Module.mount (D:\knowledge-graph\frontend\node_modules\@testing-library\svelte-core\src\mount.js:85:44)
    at Module.render (D:\knowledge-graph\frontend\node_modules\@testing-library\svelte-core\src\render.js:16:23)
    at Module.render (D:\knowledge-graph\frontend\node_modules\@testing-library\svelte\src\pure.js:49:73)
    at D:\knowledge-graph\frontend\src\lib\components\Graph3D.spec.ts:157:5
    at file:///D:/knowledge-graph/frontend/node_modules/@vitest/runner/dist/chunk-hooks.js:155:11
    at file:///D:/knowledge-graph/frontend/node_modules/@vitest/runner/dist/chunk-hooks.js:752:26
    at file:///D:/knowledge-graph/frontend/node_modules/@vitest/runner/dist/chunk-hooks.js:1897:20
    at new Promise (<anonymous>)
    at runWithTimeout (file:///D:/knowledge-graph/frontend/node_modules/@vitest/runner/dist/chunk-hooks.js:1863:10)
    at runTest (file:///D:/knowledge-graph/frontend/node_modules/@vitest/runner/dist/chunk-hooks.js:1574:12)
    at processTicksAndRejections (node:internal/process/task_queues:105:5)
    at runSuite (file:///D:/knowledge-graph/frontend/node_modules/@vitest/runner/dist/chunk-hooks.js:1729:8)
    at runSuite (file:///D:/knowledge-graph/frontend/node_modules/@vitest/runner/dist/chunk-hooks.js:1729:8)
    at runFiles (file:///D:/knowledge-graph/frontend/node_modules/@vitest/runner/dist/chunk-hooks.js:1787:3)
    at startTests (file:///D:/knowledge-graph/frontend/node_modules/@vitest/runner/dist/chunk-hooks.js:1820:3)
    at file:///D:/knowledge-graph/frontend/node_modules/vitest/dist/chunks/runBaseTests.9Ij9_de-.js:117:26
    at withEnv (file:///D:/knowledge-graph/frontend/node_modules/vitest/dist/chunks/runBaseTests.9Ij9_de-.js:84:3)
    at run (file:///D:/knowledge-graph/frontend/node_modules/vitest/dist/chunks/runBaseTests.9Ij9_de-.js:109:2)
    at runBaseTests (file:///D:/knowledge-graph/frontend/node_modules/vitest/dist/chunks/base.DfmxU-tU.js:32:2)
    at ForksBaseWorker.executeTests (file:///D:/knowledge-graph/frontend/node_modules/vitest/dist/workers/forks.js:29:4)
    at execute (file:///D:/knowledge-graph/frontend/node_modules/vitest/dist/worker.js:108:3)
    at onMessage (file:///D:/knowledge-graph/frontend/node_modules/tinypool/dist/entry/process.js:39:18)


Error: 
    at createGraphSimulation (D:\knowledge-graph\frontend\src\lib\components\Graph3D.svelte:313:26)
    at $effect (D:\knowledge-graph\frontend\src\lib\components\Graph3D.svelte:92:5)
    at mountModern (D:\knowledge-graph\frontend\node_modules\@testing-library\svelte-core\src\mount.js:34:10)
    at Module.mount (D:\knowledge-graph\frontend\node_modules\@testing-library\svelte-core\src\mount.js:85:44)
    at Module.render (D:\knowledge-graph\frontend\node_modules\@testing-library\svelte-core\src\render.js:16:23)
    at Module.render (D:\knowledge-graph\frontend\node_modules\@testing-library\svelte\src\pure.js:49:73)
    at D:\knowledge-graph\frontend\src\lib\components\Graph3D.spec.ts:157:5
    at file:///D:/knowledge-graph/frontend/node_modules/@vitest/runner/dist/chunk-hooks.js:155:11
    at file:///D:/knowledge-graph/frontend/node_modules/@vitest/runner/dist/chunk-hooks.js:752:26
    at file:///D:/knowledge-graph/frontend/node_modules/@vitest/runner/dist/chunk-hooks.js:1897:20
    at new Promise (<anonymous>)
    at runWithTimeout (file:///D:/knowledge-graph/frontend/node_modules/@vitest/runner/dist/chunk-hooks.js:1863:10)
    at runTest (file:///D:/knowledge-graph/frontend/node_modules/@vitest/runner/dist/chunk-hooks.js:1574:12)
    at processTicksAndRejections (node:internal/process/task_queues:105:5)
    at runSuite (file:///D:/knowledge-graph/frontend/node_modules/@vitest/runner/dist/chunk-hooks.js:1729:8)
    at runSuite (file:///D:/knowledge-graph/frontend/node_modules/@vitest/runner/dist/chunk-hooks.js:1729:8)
    at runFiles (file:///D:/knowledge-graph/frontend/node_modules/@vitest/runner/dist/chunk-hooks.js:1787:3)
    at startTests (file:///D:/knowledge-graph/frontend/node_modules/@vitest/runner/dist/chunk-hooks.js:1820:3)
    at file:///D:/knowledge-graph/frontend/node_modules/vitest/dist/chunks/runBaseTests.9Ij9_de-.js:117:26
    at withEnv (file:///D:/knowledge-graph/frontend/node_modules/vitest/dist/chunks/runBaseTests.9Ij9_de-.js:84:3)
    at run (file:///D:/knowledge-graph/frontend/node_modules/vitest/dist/chunks/runBaseTests.9Ij9_de-.js:109:2)
    at runBaseTests (file:///D:/knowledge-graph/frontend/node_modules/vitest/dist/chunks/base.DfmxU-tU.js:32:2)
    at ForksBaseWorker.executeTests (file:///D:/knowledge-graph/frontend/node_modules/vitest/dist/workers/forks.js:29:4)
    at execute (file:///D:/knowledge-graph/frontend/node_modules/vitest/dist/worker.js:108:3)
    at onMessage (file:///D:/knowledge-graph/frontend/node_modules/tinypool/dist/entry/process.js:39:18)

