
[1m[46m RUN [49m[22m [36mv3.2.4 [39m[90mD:/knowledge-graph/frontend[39m

 DEPRECATED  'basic' reporter is deprecated and will be removed in Vitest v3.
Remove 'basic' from 'reporters' option. To match 'basic' reporter 100%, use configuration:
{
  "test": {
    "reporters": [
      [
        "default",
        {
          "summary": false
        }
      ]
    ]
  }
}
[90mstdout[2m | src/lib/components/GraphCanvas.links.spec.ts[2m > [22m[2mGraphCanvas - Link Type Rendering[2m > [22m[2mrenders reference links
[22m[39m[GraphCanvas] Received nodes types: [ [32m'star'[39m, [32m'planet'[39m, [32m'comet'[39m ] Total: [33m3[39m
[GraphCanvas] First node: { id: [32m'1'[39m, title: [32m'Node 1'[39m, type: [32m'star'[39m }

[90mstdout[2m | src/lib/components/GraphCanvas.rendering.spec.ts[2m > [22m[2mGraphCanvas - Rendering[2m > [22m[2mrenders canvas element
[22m[39m[GraphCanvas] Received nodes types: [ [32m'star'[39m, [32m'planet'[39m, [32m'comet'[39m ] Total: [33m3[39m
[GraphCanvas] First node: { id: [32m'1'[39m, title: [32m'Node 1'[39m, type: [32m'star'[39m }

[90mstdout[2m | src/lib/components/GraphCanvas.node-types.spec.ts[2m > [22m[2mGraphCanvas - Node Type Rendering[2m > [22m[2mrenders star nodes with coordinates
[22m[39m[GraphCanvas] Received nodes types: [ [32m'star'[39m ] Total: [33m1[39m
[GraphCanvas] First node: { id: [32m'1'[39m, title: [32m'Star'[39m, type: [32m'star'[39m }

[90mstdout[2m | src/lib/components/GraphCanvas.node-types.visual.spec.ts[2m > [22m[2mGraphCanvas - Visual Node Type Correctness[2m > [22m[2mStar visual properties[2m > [22m[2mshould use correct fill and stroke colors for star
[22m[39m[GraphCanvas] Received nodes types: [ [32m'star'[39m ] Total: [33m1[39m
[GraphCanvas] First node: { id: [32m'1'[39m, title: [32m'Star'[39m, type: [32m'star'[39m }

[90mstdout[2m | src/lib/components/GraphCanvas.rendering.spec.ts[2m > [22m[2mGraphCanvas - Rendering[2m > [22m[2mprocesses nodes and links without errors
[22m[39m[GraphCanvas] Received nodes types: [ [32m'star'[39m, [32m'planet'[39m, [32m'comet'[39m ] Total: [33m3[39m
[GraphCanvas] First node: { id: [32m'1'[39m, title: [32m'Node 1'[39m, type: [32m'star'[39m }

[90mstdout[2m | src/lib/components/GraphCanvas.links.spec.ts[2m > [22m[2mGraphCanvas - Link Type Rendering[2m > [22m[2mrenders dependency links
[22m[39m[GraphCanvas] Received nodes types: [ [32m'star'[39m, [32m'planet'[39m, [32m'comet'[39m ] Total: [33m3[39m
[GraphCanvas] First node: { id: [32m'1'[39m, title: [32m'Node 1'[39m, type: [32m'star'[39m }

[90mstdout[2m | src/lib/components/GraphCanvas.node-types.visual.spec.ts[2m > [22m[2mGraphCanvas - Visual Node Type Correctness[2m > [22m[2mStar visual properties[2m > [22m[2mshould enable glow shadow for star when shadows enabled
[22m[39m[GraphCanvas] Received nodes types: [ [32m'star'[39m ] Total: [33m1[39m
[GraphCanvas] First node: { id: [32m'1'[39m, title: [32m'Star'[39m, type: [32m'star'[39m }

[90mstdout[2m | src/lib/components/GraphCanvas.rendering.spec.ts[2m > [22m[2mGraphCanvas - Rendering[2m > [22m[2mrenders nodes with coordinates from simulation
[22m[39m[GraphCanvas] Received nodes types: [ [32m'star'[39m, [32m'planet'[39m, [32m'comet'[39m ] Total: [33m3[39m
[GraphCanvas] First node: { id: [32m'1'[39m, title: [32m'Node 1'[39m, type: [32m'star'[39m }

[90mstdout[2m | src/lib/components/GraphCanvas.node-types.spec.ts[2m > [22m[2mGraphCanvas - Node Type Rendering[2m > [22m[2mrenders planet nodes with coordinates
[22m[39m[GraphCanvas] Received nodes types: [ [32m'planet'[39m ] Total: [33m1[39m
[GraphCanvas] First node: { id: [32m'1'[39m, title: [32m'Planet'[39m, type: [32m'planet'[39m }

 [32mтЬУ[39m src/lib/components/CreateNoteModal.spec.ts [2m([22m[2m10 tests[22m[2m)[22m[33m 465[2mms[22m[39m
[90mstdout[2m | src/lib/components/GraphCanvas.node-types.visual.spec.ts[2m > [22m[2mGraphCanvas - Visual Node Type Correctness[2m > [22m[2mStar visual properties[2m > [22m[2mshould draw star shape with 5 points
[22m[39m[GraphCanvas] Received nodes types: [ [32m'star'[39m ] Total: [33m1[39m
[GraphCanvas] First node: { id: [32m'1'[39m, title: [32m'Star'[39m, type: [32m'star'[39m }

[90mstdout[2m | src/lib/components/GraphCanvas.links.spec.ts[2m > [22m[2mGraphCanvas - Link Type Rendering[2m > [22m[2mrenders related links
[22m[39m[GraphCanvas] Received nodes types: [ [32m'star'[39m, [32m'planet'[39m, [32m'comet'[39m ] Total: [33m3[39m
[GraphCanvas] First node: { id: [32m'1'[39m, title: [32m'Node 1'[39m, type: [32m'star'[39m }

[90mstdout[2m | src/lib/components/GraphCanvas.rendering.spec.ts[2m > [22m[2mGraphCanvas - Rendering[2m > [22m[2mrenders correct number of nodes
[22m[39m[GraphCanvas] Received nodes types: [ [32m'star'[39m, [32m'planet'[39m, [32m'comet'[39m ] Total: [33m3[39m
[GraphCanvas] First node: { id: [32m'1'[39m, title: [32m'Node 1'[39m, type: [32m'star'[39m }

[90mstdout[2m | src/lib/components/GraphCanvas.node-types.spec.ts[2m > [22m[2mGraphCanvas - Node Type Rendering[2m > [22m[2mrenders comet nodes with coordinates
[22m[39m[GraphCanvas] Received nodes types: [ [32m'comet'[39m ] Total: [33m1[39m
[GraphCanvas] First node: { id: [32m'1'[39m, title: [32m'Comet'[39m, type: [32m'comet'[39m }

[90mstdout[2m | src/lib/components/GraphCanvas.node-types.spec.ts[2m > [22m[2mGraphCanvas - Node Type Rendering[2m > [22m[2mrenders galaxy nodes with coordinates
[22m[39m[GraphCanvas] Received nodes types: [ [32m'galaxy'[39m ] Total: [33m1[39m
[GraphCanvas] First node: { id: [32m'1'[39m, title: [32m'Galaxy'[39m, type: [32m'galaxy'[39m }

[90mstdout[2m | src/lib/components/GraphCanvas.links.spec.ts[2m > [22m[2mGraphCanvas - Link Type Rendering[2m > [22m[2mrenders links with different weights
[22m[39m[GraphCanvas] Received nodes types: [ [32m'star'[39m, [32m'planet'[39m, [32m'comet'[39m ] Total: [33m3[39m
[GraphCanvas] First node: { id: [32m'1'[39m, title: [32m'Node 1'[39m, type: [32m'star'[39m }

[90mstdout[2m | src/lib/components/GraphCanvas.node-types.visual.spec.ts[2m > [22m[2mGraphCanvas - Visual Node Type Correctness[2m > [22m[2mPlanet visual properties[2m > [22m[2mshould use correct fill colors for planet
[22m[39m[GraphCanvas] Received nodes types: [ [32m'planet'[39m ] Total: [33m1[39m
[GraphCanvas] First node: { id: [32m'1'[39m, title: [32m'Planet'[39m, type: [32m'planet'[39m }

[90mstdout[2m | src/lib/components/GraphCanvas.rendering.spec.ts[2m > [22m[2mGraphCanvas - Rendering[2m > [22m[2mrenders links between correct nodes
[22m[39m[GraphCanvas] Received nodes types: [ [32m'star'[39m, [32m'planet'[39m, [32m'comet'[39m ] Total: [33m3[39m
[GraphCanvas] First node: { id: [32m'1'[39m, title: [32m'Node 1'[39m, type: [32m'star'[39m }

[90mstdout[2m | src/lib/components/GraphCanvas.node-types.spec.ts[2m > [22m[2mGraphCanvas - Node Type Rendering[2m > [22m[2mrenders asteroid nodes with coordinates
[22m[39m[GraphCanvas] Received nodes types: [ [32m'asteroid'[39m ] Total: [33m1[39m
[GraphCanvas] First node: { id: [32m'1'[39m, title: [32m'Asteroid'[39m, type: [32m'asteroid'[39m }

 [32mтЬУ[39m src/lib/components/GraphCanvas.links.spec.ts [2m([22m[2m4 tests[22m[2m)[22m[33m 1403[2mms[22m[39m
   [33m[2mтЬУ[22m[39m GraphCanvas - Link Type Rendering[2m > [22mrenders reference links [33m 420[2mms[22m[39m
   [33m[2mтЬУ[22m[39m GraphCanvas - Link Type Rendering[2m > [22mrenders dependency links [33m 325[2mms[22m[39m
   [33m[2mтЬУ[22m[39m GraphCanvas - Link Type Rendering[2m > [22mrenders related links [33m 323[2mms[22m[39m
   [33m[2mтЬУ[22m[39m GraphCanvas - Link Type Rendering[2m > [22mrenders links with different weights [33m 327[2mms[22m[39m
[90mstdout[2m | src/lib/components/GraphCanvas.rendering.spec.ts[2m > [22m[2mGraphCanvas - Rendering[2m > [22m[2mapplies correct cursor style
[22m[39m[GraphCanvas] Received nodes types: [ [32m'star'[39m, [32m'planet'[39m, [32m'comet'[39m ] Total: [33m3[39m
[GraphCanvas] First node: { id: [32m'1'[39m, title: [32m'Node 1'[39m, type: [32m'star'[39m }

[90mstdout[2m | src/lib/components/GraphCanvas.node-types.visual.spec.ts[2m > [22m[2mGraphCanvas - Visual Node Type Correctness[2m > [22m[2mPlanet visual properties[2m > [22m[2mshould draw circular base with ellipse bands
[22m[39m[GraphCanvas] Received nodes types: [ [32m'planet'[39m ] Total: [33m1[39m
[GraphCanvas] First node: { id: [32m'1'[39m, title: [32m'Planet'[39m, type: [32m'planet'[39m }

[90mstdout[2m | src/lib/components/GraphCanvas.rendering.spec.ts[2m > [22m[2mGraphCanvas - Rendering[2m > [22m[2mrenders all nodes within canvas bounds
[22m[39m[GraphCanvas] Received nodes types: [ [32m'star'[39m, [32m'planet'[39m, [32m'comet'[39m ] Total: [33m3[39m
[GraphCanvas] First node: { id: [32m'1'[39m, title: [32m'Node 1'[39m, type: [32m'star'[39m }

 [32mтЬУ[39m src/lib/components/SearchBar.spec.ts [2m([22m[2m8 tests[22m[2m)[22m[33m 1794[2mms[22m[39m
   [33m[2mтЬУ[22m[39m SearchBar[2m > [22mnavigates to search page on button click [33m 369[2mms[22m[39m
   [33m[2mтЬУ[22m[39m SearchBar[2m > [22mdebounces input and navigates after timeout [33m 341[2mms[22m[39m
   [33m[2mтЬУ[22m[39m SearchBar[2m > [22mclears debounce timer on Enter key [33m 371[2mms[22m[39m
   [33m[2mтЬУ[22m[39m SearchBar[2m > [22mtrims whitespace from query [33m 326[2mms[22m[39m
[90mstdout[2m | src/lib/components/GraphCanvas.node-types.spec.ts[2m > [22m[2mGraphCanvas - Node Type Rendering[2m > [22m[2mrenders unknown type nodes without type property
[22m[39m[GraphCanvas] Received nodes types: [ [32m'undefined'[39m ] Total: [33m1[39m
[GraphCanvas] First node: { id: [32m'1'[39m, title: [32m'Unknown'[39m }

[90mstdout[2m | src/lib/components/GraphCanvas.node-types.visual.spec.ts[2m > [22m[2mGraphCanvas - Visual Node Type Correctness[2m > [22m[2mComet visual properties[2m > [22m[2mshould use correct fill colors for comet
[22m[39m[GraphCanvas] Received nodes types: [ [32m'comet'[39m ] Total: [33m1[39m
[GraphCanvas] First node: { id: [32m'1'[39m, title: [32m'Comet'[39m, type: [32m'comet'[39m }

[90mstdout[2m | src/lib/components/GraphCanvas.rendering.spec.ts[2m > [22m[2mGraphCanvas - Rendering[2m > [22m[2mcleans up resources on unmount
[22m[39m[GraphCanvas] Received nodes types: [ [32m'star'[39m, [32m'planet'[39m, [32m'comet'[39m ] Total: [33m3[39m
[GraphCanvas] First node: { id: [32m'1'[39m, title: [32m'Node 1'[39m, type: [32m'star'[39m }

 [32mтЬУ[39m src/lib/components/TagSelector.spec.ts [2m([22m[2m16 tests[22m[2m)[22m[33m 2204[2mms[22m[39m
   [33m[2mтЬУ[22m[39m TagSelector[2m > [22mvalidates tag length (max 30 chars) [33m 505[2mms[22m[39m
[90mstdout[2m | src/lib/components/GraphCanvas.node-types.spec.ts[2m > [22m[2mGraphCanvas - Node Type Rendering[2m > [22m[2mfalls back to unknown for undefined type
[22m[39m[GraphCanvas] Received nodes types: [ [32m'undefined'[39m ] Total: [33m1[39m
[GraphCanvas] First node: { id: [32m'1'[39m, title: [32m'No Type'[39m, type: [90mundefined[39m }

[90mstdout[2m | src/lib/components/GraphCanvas.node-types.visual.spec.ts[2m > [22m[2mGraphCanvas - Visual Node Type Correctness[2m > [22m[2mComet visual properties[2m > [22m[2mshould draw comet with tail
[22m[39m[GraphCanvas] Received nodes types: [ [32m'comet'[39m ] Total: [33m1[39m
[GraphCanvas] First node: { id: [32m'1'[39m, title: [32m'Comet'[39m, type: [32m'comet'[39m }

 [32mтЬУ[39m src/lib/components/LinkCreator.spec.ts [2m([22m[2m9 tests[22m[2m)[22m[33m 2219[2mms[22m[39m
   [33m[2mтЬУ[22m[39m LinkCreator[2m > [22msearches for notes when typing in search field [33m 323[2mms[22m[39m
   [33m[2mтЬУ[22m[39m LinkCreator[2m > [22mselects target note from search results [33m 366[2mms[22m[39m
   [33m[2mтЬУ[22m[39m LinkCreator[2m > [22msuccessfully creates link and calls onSuccess callback [33m 462[2mms[22m[39m
   [33m[2mтЬУ[22m[39m LinkCreator[2m > [22mhandles 409 conflict error when creating duplicate link [33m 467[2mms[22m[39m
[90mstdout[2m | src/lib/components/GraphCanvas.rendering.spec.ts[2m > [22m[2mGraphCanvas - Rendering[2m > [22m[2mupdates simulation when nodes change
[22m[39m[GraphCanvas] Received nodes types: [ [32m'star'[39m, [32m'planet'[39m, [32m'comet'[39m ] Total: [33m3[39m
[GraphCanvas] First node: { id: [32m'1'[39m, title: [32m'Node 1'[39m, type: [32m'star'[39m }

stderr | src/lib/api/graph.test.ts > graph API > error handling > should handle network errors for getGraphData
[Graph API] Failed to load graph for note 1: TypeError: Failed to fetch
    at createNetworkError (file:///D:/knowledge-graph/frontend/node_modules/@mswjs/interceptors/src/interceptors/fetch/utils/createNetworkError.ts:2:24)
    at Object.respondWith (file:///D:/knowledge-graph/frontend/node_modules/@mswjs/interceptors/src/interceptors/fetch/index.ts:108:36)
    at RequestController.respondWith (file:///D:/knowledge-graph/frontend/node_modules/@mswjs/interceptors/src/RequestController.ts:83:17)
    at InterceptorHttpNetworkFrame.respondWith (file:///D:/knowledge-graph/frontend/node_modules/msw/src/core/experimental/sources/interceptor-source.ts:136:24)
    at InterceptorHttpNetworkFrame.resolve (file:///D:/knowledge-graph/frontend/node_modules/msw/src/core/experimental/frames/http-frame.ts:256:10)
    at Emitter.<anonymous> (file:///D:/knowledge-graph/frontend/node_modules/msw/src/core/experimental/define-network.ts:179:11)
    at Emitter.emitAsPromise (file:///D:/knowledge-graph/frontend/node_modules/rettime/src/index.ts:604:27)
    at InterceptorSource.queue (file:///D:/knowledge-graph/frontend/node_modules/msw/src/core/experimental/sources/network-source.ts:39:5)
    at InterceptorSource.#handleRequest (file:///D:/knowledge-graph/frontend/node_modules/msw/src/core/experimental/sources/interceptor-source.ts:73:5)
    at emitAsync (file:///D:/knowledge-graph/frontend/node_modules/@mswjs/interceptors/src/utils/emitAsync.ts:23:5) {
  cause: Response {
    status: 0,
    statusText: '',
    headers: Headers {},
    body: null,
    bodyUsed: false,
    ok: false,
    redirected: false,
    type: 'error',
    url: ''
  }
}

stderr | src/lib/api/graph.test.ts > graph API > error handling > should handle HTTP 404 errors for getGraphData
[Graph API] Failed to load graph for note 999: HTTPError: Request failed with status code 404 Not Found: GET http://localhost:8080/api/v1/notes/999/graph?depth=2
    at function_ (file:///D:/knowledge-graph/frontend/node_modules/ky/source/core/Ky.ts:99:17)
    at Ky.#retry (file:///D:/knowledge-graph/frontend/node_modules/ky/source/core/Ky.ts:414:11)
    at Promise.result.<computed> [as json] (file:///D:/knowledge-graph/frontend/node_modules/ky/source/core/Ky.ts:151:22)
    at Module.getGraphData (D:\knowledge-graph\frontend\src\lib\api\graph.ts:65:22)
    at D:\knowledge-graph\frontend\src\lib\api\graph.test.ts:109:7
    at file:///D:/knowledge-graph/frontend/node_modules/@vitest/runner/dist/chunk-hooks.js:752:20 {
  response: Response {
    status: 404,
    statusText: 'Not Found',
    headers: Headers { 'content-length': '21', 'content-type': 'application/json' },
    body: ReadableStream { locked: false, state: 'readable', supportsBYOB: true },
    bodyUsed: false,
    ok: false,
    redirected: false,
    type: 'default',
    url: 'http://localhost:8080/api/v1/notes/999/graph?depth=2'
  },
  request: Request {
    method: 'GET',
    url: 'http://localhost:8080/api/v1/notes/999/graph?depth=2',
    headers: Headers { accept: 'application/json' },
    destination: '',
    referrer: 'about:client',
    referrerPolicy: '',
    mode: 'cors',
    credentials: 'same-origin',
    cache: 'default',
    redirect: 'follow',
    integrity: '',
    keepalive: false,
    isReloadNavigation: false,
    isHistoryNavigation: false,
    signal: AbortSignal {}
  },
  options: {
    prefixUrl: 'http://localhost:8080/api/',
    timeout: 30000,
    retry: {
      limit: 3,
      methods: [Array],
      statusCodes: [Array],
      afterStatusCodes: [Array],
      maxRetryAfter: Infinity,
      backoffLimit: Infinity,
      delay: [Function: delay],
      jitter: undefined,
      retryOnTimeout: false
    },
    method: 'GET',
    headers: Headers {},
    throwHttpErrors: true,
    fetch: [Function: bound ] AsyncFunction,
    context: {},
    signal: AbortSignal {},
    duplex: 'half'
  }
}

 [32mтЬУ[39m src/lib/components/GraphCanvas.node-types.spec.ts [2m([22m[2m7 tests[22m[2m)[22m[33m 2326[2mms[22m[39m
   [33m[2mтЬУ[22m[39m GraphCanvas - Node Type Rendering[2m > [22mrenders star nodes with coordinates [33m 422[2mms[22m[39m
   [33m[2mтЬУ[22m[39m GraphCanvas - Node Type Rendering[2m > [22mrenders planet nodes with coordinates [33m 322[2mms[22m[39m
   [33m[2mтЬУ[22m[39m GraphCanvas - Node Type Rendering[2m > [22mrenders comet nodes with coordinates [33m 324[2mms[22m[39m
   [33m[2mтЬУ[22m[39m GraphCanvas - Node Type Rendering[2m > [22mrenders galaxy nodes with coordinates [33m 309[2mms[22m[39m
   [33m[2mтЬУ[22m[39m GraphCanvas - Node Type Rendering[2m > [22mrenders asteroid nodes with coordinates [33m 310[2mms[22m[39m
   [33m[2mтЬУ[22m[39m GraphCanvas - Node Type Rendering[2m > [22mrenders unknown type nodes without type property [33m 315[2mms[22m[39m
   [33m[2mтЬУ[22m[39m GraphCanvas - Node Type Rendering[2m > [22mfalls back to unknown for undefined type [33m 314[2mms[22m[39m
[90mstdout[2m | src/lib/components/GraphCanvas.node-types.visual.spec.ts[2m > [22m[2mGraphCanvas - Visual Node Type Correctness[2m > [22m[2mGalaxy visual properties[2m > [22m[2mshould use correct translucent colors for galaxy
[22m[39m[GraphCanvas] Received nodes types: [ [32m'galaxy'[39m ] Total: [33m1[39m
[GraphCanvas] First node: { id: [32m'1'[39m, title: [32m'Galaxy'[39m, type: [32m'galaxy'[39m }

[90mstdout[2m | src/lib/components/GraphCanvas.rendering.spec.ts[2m > [22m[2mGraphCanvas - Rendering[2m > [22m[2mupdates simulation when nodes change
[22m[39m[GraphCanvas] Received nodes types: [ [32m'star'[39m, [32m'planet'[39m ] Total: [33m2[39m
[GraphCanvas] First node: { id: [32m'4'[39m, title: [32m'New Node 4'[39m, type: [32m'star'[39m }

[90mstdout[2m | src/lib/components/GraphCanvas.node-types.visual.spec.ts[2m > [22m[2mGraphCanvas - Visual Node Type Correctness[2m > [22m[2mGalaxy visual properties[2m > [22m[2mshould draw multiple ellipses for galaxy arms
[22m[39m[GraphCanvas] Received nodes types: [ [32m'galaxy'[39m ] Total: [33m1[39m
[GraphCanvas] First node: { id: [32m'1'[39m, title: [32m'Galaxy'[39m, type: [32m'galaxy'[39m }

[90mstdout[2m | src/lib/components/GraphCanvas.rendering.spec.ts[2m > [22m[2mGraphCanvas - Rendering[2m > [22m[2mupdates simulation when links change
[22m[39m[GraphCanvas] Received nodes types: [ [32m'star'[39m, [32m'planet'[39m, [32m'comet'[39m ] Total: [33m3[39m
[GraphCanvas] First node: { id: [32m'1'[39m, title: [32m'Node 1'[39m, type: [32m'star'[39m }

[90mstdout[2m | src/lib/components/GraphCanvas.rendering.spec.ts[2m > [22m[2mGraphCanvas - Rendering[2m > [22m[2mupdates simulation when links change
[22m[39m[GraphCanvas] Received nodes types: [ [32m'star'[39m, [32m'planet'[39m, [32m'comet'[39m ] Total: [33m3[39m
[GraphCanvas] First node: { id: [32m'1'[39m, title: [32m'Node 1'[39m, type: [32m'star'[39m }

[90mstdout[2m | src/lib/components/GraphCanvas.node-types.visual.spec.ts[2m > [22m[2mGraphCanvas - Visual Node Type Correctness[2m > [22m[2mAsteroid visual properties[2m > [22m[2mshould use correct rocky colors for asteroid
[22m[39m[GraphCanvas] Received nodes types: [ [32m'asteroid'[39m ] Total: [33m1[39m
[GraphCanvas] First node: { id: [32m'1'[39m, title: [32m'Asteroid'[39m, type: [32m'asteroid'[39m }

[90mstdout[2m | src/lib/components/GraphCanvas.interactions.spec.ts[2m > [22m[2mGraphCanvas - Interactions[2m > [22m[2mcalls onNodeClick callback is defined
[22m[39m[GraphCanvas] Received nodes types: [ [32m'star'[39m, [32m'planet'[39m, [32m'comet'[39m ] Total: [33m3[39m
[GraphCanvas] First node: { id: [32m'1'[39m, title: [32m'Node 1'[39m, type: [32m'star'[39m }

 [32mтЬУ[39m src/lib/components/GraphCanvas.rendering.spec.ts [2m([22m[2m11 tests[22m[2m)[22m[33m 3213[2mms[22m[39m
   [33m[2mтЬУ[22m[39m GraphCanvas - Rendering[2m > [22mrenders nodes with coordinates from simulation [33m 326[2mms[22m[39m
   [33m[2mтЬУ[22m[39m GraphCanvas - Rendering[2m > [22mrenders correct number of nodes [33m 325[2mms[22m[39m
   [33m[2mтЬУ[22m[39m GraphCanvas - Rendering[2m > [22mrenders links between correct nodes [33m 325[2mms[22m[39m
   [33m[2mтЬУ[22m[39m GraphCanvas - Rendering[2m > [22mrenders all nodes within canvas bounds [33m 312[2mms[22m[39m
   [33m[2mтЬУ[22m[39m GraphCanvas - Rendering[2m > [22mcleans up resources on unmount [33m 375[2mms[22m[39m
   [33m[2mтЬУ[22m[39m GraphCanvas - Rendering[2m > [22mupdates simulation when nodes change [33m 532[2mms[22m[39m
   [33m[2mтЬУ[22m[39m GraphCanvas - Rendering[2m > [22mupdates simulation when links change [33m 528[2mms[22m[39m
[90mstdout[2m | src/lib/components/GraphCanvas.node-types.visual.spec.ts[2m > [22m[2mGraphCanvas - Visual Node Type Correctness[2m > [22m[2mAsteroid visual properties[2m > [22m[2mshould draw irregular polygon shape
[22m[39m[GraphCanvas] Received nodes types: [ [32m'asteroid'[39m ] Total: [33m1[39m
[GraphCanvas] First node: { id: [32m'1'[39m, title: [32m'Asteroid'[39m, type: [32m'asteroid'[39m }

[90mstdout[2m | src/lib/components/GraphCanvas.interactions.spec.ts[2m > [22m[2mGraphCanvas - Interactions[2m > [22m[2mcleans up on unmount
[22m[39m[GraphCanvas] Received nodes types: [ [32m'star'[39m, [32m'planet'[39m, [32m'comet'[39m ] Total: [33m3[39m
[GraphCanvas] First node: { id: [32m'1'[39m, title: [32m'Node 1'[39m, type: [32m'star'[39m }

 [32mтЬУ[39m src/lib/components/GraphCanvas.interactions.spec.ts [2m([22m[2m2 tests[22m[2m)[22m[33m 597[2mms[22m[39m
   [33m[2mтЬУ[22m[39m GraphCanvas - Interactions[2m > [22mcalls onNodeClick callback is defined [33m 420[2mms[22m[39m
[90mstdout[2m | src/lib/components/GraphCanvas.node-types.visual.spec.ts[2m > [22m[2mGraphCanvas - Visual Node Type Correctness[2m > [22m[2mType uniqueness[2m > [22m[2mshould use unique color schemes for each celestial type
[22m[39m[GraphCanvas] Received nodes types: [ [32m'star'[39m ] Total: [33m1[39m
[GraphCanvas] First node: { id: [32m'1'[39m, title: [32m'star'[39m, type: [32m'star'[39m }

[90mstdout[2m | src/lib/components/GraphCanvas.node-types.visual.spec.ts[2m > [22m[2mGraphCanvas - Visual Node Type Correctness[2m > [22m[2mType uniqueness[2m > [22m[2mshould use unique color schemes for each celestial type
[22m[39m[GraphCanvas] Received nodes types: [ [32m'planet'[39m ] Total: [33m1[39m
[GraphCanvas] First node: { id: [32m'1'[39m, title: [32m'planet'[39m, type: [32m'planet'[39m }

[90mstdout[2m | src/lib/components/GraphCanvas.node-types.visual.spec.ts[2m > [22m[2mGraphCanvas - Visual Node Type Correctness[2m > [22m[2mType uniqueness[2m > [22m[2mshould use unique color schemes for each celestial type
[22m[39m[GraphCanvas] Received nodes types: [ [32m'comet'[39m ] Total: [33m1[39m
[GraphCanvas] First node: { id: [32m'1'[39m, title: [32m'comet'[39m, type: [32m'comet'[39m }

stderr | src/lib/api/graph.test.ts > graph API > error handling > should handle HTTP 500 errors for getGraphData
[Graph API] Failed to load graph for note 1: HTTPError: Request failed with status code 500 Internal Server Error: GET http://localhost:8080/api/v1/notes/1/graph?depth=2
    at function_ (file:///D:/knowledge-graph/frontend/node_modules/ky/source/core/Ky.ts:99:17)
    at Ky.#retry (file:///D:/knowledge-graph/frontend/node_modules/ky/source/core/Ky.ts:414:11)
    at Promise.result.<computed> [as json] (file:///D:/knowledge-graph/frontend/node_modules/ky/source/core/Ky.ts:151:22)
    at Module.getGraphData (D:\knowledge-graph\frontend\src\lib\api\graph.ts:65:22)
    at D:\knowledge-graph\frontend\src\lib\api\graph.test.ts:117:7
    at file:///D:/knowledge-graph/frontend/node_modules/@vitest/runner/dist/chunk-hooks.js:752:20 {
  response: Response {
    status: 500,
    statusText: 'Internal Server Error',
    headers: Headers { 'content-length': '24', 'content-type': 'application/json' },
    body: ReadableStream { locked: false, state: 'readable', supportsBYOB: true },
    bodyUsed: false,
    ok: false,
    redirected: false,
    type: 'default',
    url: 'http://localhost:8080/api/v1/notes/1/graph?depth=2'
  },
  request: Request {
    method: 'GET',
    url: 'http://localhost:8080/api/v1/notes/1/graph?depth=2',
    headers: Headers { accept: 'application/json' },
    destination: '',
    referrer: 'about:client',
    referrerPolicy: '',
    mode: 'cors',
    credentials: 'same-origin',
    cache: 'default',
    redirect: 'follow',
    integrity: '',
    keepalive: false,
    isReloadNavigation: false,
    isHistoryNavigation: false,
    signal: AbortSignal {}
  },
  options: {
    prefixUrl: 'http://localhost:8080/api/',
    timeout: 30000,
    retry: {
      limit: 3,
      methods: [Array],
      statusCodes: [Array],
      afterStatusCodes: [Array],
      maxRetryAfter: Infinity,
      backoffLimit: Infinity,
      delay: [Function: delay],
      jitter: undefined,
      retryOnTimeout: false
    },
    method: 'GET',
    headers: Headers {},
    throwHttpErrors: true,
    fetch: [Function: bound ] AsyncFunction,
    context: {},
    signal: AbortSignal {},
    duplex: 'half'
  }
}

stderr | src/lib/api/graph.test.ts > graph API > error handling > should handle 400 for invalid depth parameter
[Graph API] Failed to load graph for note 1: HTTPError: Request failed with status code 400 Bad Request: GET http://localhost:8080/api/v1/notes/1/graph?depth=-1
    at function_ (file:///D:/knowledge-graph/frontend/node_modules/ky/source/core/Ky.ts:99:17)
    at Ky.#retry (file:///D:/knowledge-graph/frontend/node_modules/ky/source/core/Ky.ts:414:11)
    at Promise.result.<computed> [as json] (file:///D:/knowledge-graph/frontend/node_modules/ky/source/core/Ky.ts:151:22)
    at Module.getGraphData (D:\knowledge-graph\frontend\src\lib\api\graph.ts:65:22)
    at D:\knowledge-graph\frontend\src\lib\api\graph.test.ts:127:7
    at file:///D:/knowledge-graph/frontend/node_modules/@vitest/runner/dist/chunk-hooks.js:752:20 {
  response: Response {
    status: 400,
    statusText: 'Bad Request',
    headers: Headers { 'content-length': '35', 'content-type': 'application/json' },
    body: ReadableStream { locked: false, state: 'readable', supportsBYOB: true },
    bodyUsed: false,
    ok: false,
    redirected: false,
    type: 'default',
    url: 'http://localhost:8080/api/v1/notes/1/graph?depth=-1'
  },
  request: Request {
    method: 'GET',
    url: 'http://localhost:8080/api/v1/notes/1/graph?depth=-1',
    headers: Headers { accept: 'application/json' },
    destination: '',
    referrer: 'about:client',
    referrerPolicy: '',
    mode: 'cors',
    credentials: 'same-origin',
    cache: 'default',
    redirect: 'follow',
    integrity: '',
    keepalive: false,
    isReloadNavigation: false,
    isHistoryNavigation: false,
    signal: AbortSignal {}
  },
  options: {
    prefixUrl: 'http://localhost:8080/api/',
    timeout: 30000,
    retry: {
      limit: 3,
      methods: [Array],
      statusCodes: [Array],
      afterStatusCodes: [Array],
      maxRetryAfter: Infinity,
      backoffLimit: Infinity,
      delay: [Function: delay],
      jitter: undefined,
      retryOnTimeout: false
    },
    method: 'GET',
    headers: Headers {},
    throwHttpErrors: true,
    fetch: [Function: bound ] AsyncFunction,
    context: {},
    signal: AbortSignal {},
    duplex: 'half'
  }
}

[90mstdout[2m | src/lib/components/GraphCanvas.node-types.visual.spec.ts[2m > [22m[2mGraphCanvas - Visual Node Type Correctness[2m > [22m[2mType uniqueness[2m > [22m[2mshould use unique color schemes for each celestial type
[22m[39m[GraphCanvas] Received nodes types: [ [32m'galaxy'[39m ] Total: [33m1[39m
[GraphCanvas] First node: { id: [32m'1'[39m, title: [32m'galaxy'[39m, type: [32m'galaxy'[39m }

[90mstdout[2m | src/lib/components/GraphCanvas.node-types.visual.spec.ts[2m > [22m[2mGraphCanvas - Visual Node Type Correctness[2m > [22m[2mType uniqueness[2m > [22m[2mshould use unique color schemes for each celestial type
[22m[39m[GraphCanvas] Received nodes types: [ [32m'asteroid'[39m ] Total: [33m1[39m
[GraphCanvas] First node: { id: [32m'1'[39m, title: [32m'asteroid'[39m, type: [32m'asteroid'[39m }

5:44:06 PM [vite-plugin-svelte] src/lib/components/ShareModal.svelte:97:0 `<div>` with a click handler must have an ARIA role
https://svelte.dev/e/a11y_no_static_element_interactions
5:44:06 PM [vite-plugin-svelte] src/lib/components/ShareModal.svelte:97:28 Using `on:click` to listen to the click event is deprecated. Use the event attribute `onclick` instead
https://svelte.dev/e/event_directive_deprecated
5:44:06 PM [vite-plugin-svelte] src/lib/components/ShareModal.svelte:102:35 Using `on:click` to listen to the click event is deprecated. Use the event attribute `onclick` instead
https://svelte.dev/e/event_directive_deprecated
5:44:06 PM [vite-plugin-svelte] src/lib/components/ShareModal.svelte:109:8 Using `on:click` to listen to the click event is deprecated. Use the event attribute `onclick` instead
https://svelte.dev/e/event_directive_deprecated
5:44:06 PM [vite-plugin-svelte] src/lib/components/ShareModal.svelte:116:8 Using `on:click` to listen to the click event is deprecated. Use the event attribute `onclick` instead
https://svelte.dev/e/event_directive_deprecated
5:44:06 PM [vite-plugin-svelte] src/lib/components/ShareModal.svelte:153:12 Using `on:click` to listen to the click event is deprecated. Use the event attribute `onclick` instead
https://svelte.dev/e/event_directive_deprecated
5:44:06 PM [vite-plugin-svelte] src/lib/components/ShareModal.svelte:205:20 Using `on:click` to listen to the click event is deprecated. Use the event attribute `onclick` instead
https://svelte.dev/e/event_directive_deprecated
5:44:06 PM [vite-plugin-svelte] src/lib/components/ShareModal.svelte:216:12 Using `on:click` to listen to the click event is deprecated. Use the event attribute `onclick` instead
https://svelte.dev/e/event_directive_deprecated
 [32mтЬУ[39m src/lib/components/GraphCanvas.node-types.visual.spec.ts [2m([22m[2m12 tests[22m[2m)[22m[33m 5205[2mms[22m[39m
   [33m[2mтЬУ[22m[39m GraphCanvas - Visual Node Type Correctness[2m > [22mStar visual properties[2m > [22mshould use correct fill and stroke colors for star [33m 419[2mms[22m[39m
   [33m[2mтЬУ[22m[39m GraphCanvas - Visual Node Type Correctness[2m > [22mStar visual properties[2m > [22mshould enable glow shadow for star when shadows enabled [33m 324[2mms[22m[39m
   [33m[2mтЬУ[22m[39m GraphCanvas - Visual Node Type Correctness[2m > [22mStar visual properties[2m > [22mshould draw star shape with 5 points [33m 324[2mms[22m[39m
   [33m[2mтЬУ[22m[39m GraphCanvas - Visual Node Type Correctness[2m > [22mPlanet visual properties[2m > [22mshould use correct fill colors for planet [33m 326[2mms[22m[39m
   [33m[2mтЬУ[22m[39m GraphCanvas - Visual Node Type Correctness[2m > [22mPlanet visual properties[2m > [22mshould draw circular base with ellipse bands [33m 326[2mms[22m[39m
   [33m[2mтЬУ[22m[39m GraphCanvas - Visual Node Type Correctness[2m > [22mComet visual properties[2m > [22mshould use correct fill colors for comet [33m 314[2mms[22m[39m
   [33m[2mтЬУ[22m[39m GraphCanvas - Visual Node Type Correctness[2m > [22mComet visual properties[2m > [22mshould draw comet with tail [33m 312[2mms[22m[39m
   [33m[2mтЬУ[22m[39m GraphCanvas - Visual Node Type Correctness[2m > [22mGalaxy visual properties[2m > [22mshould use correct translucent colors for galaxy [33m 314[2mms[22m[39m
   [33m[2mтЬУ[22m[39m GraphCanvas - Visual Node Type Correctness[2m > [22mGalaxy visual properties[2m > [22mshould draw multiple ellipses for galaxy arms [33m 330[2mms[22m[39m
   [33m[2mтЬУ[22m[39m GraphCanvas - Visual Node Type Correctness[2m > [22mAsteroid visual properties[2m > [22mshould use correct rocky colors for asteroid [33m 325[2mms[22m[39m
   [33m[2mтЬУ[22m[39m GraphCanvas - Visual Node Type Correctness[2m > [22mAsteroid visual properties[2m > [22mshould draw irregular polygon shape [33m 311[2mms[22m[39m
   [33m[2mтЬУ[22m[39m GraphCanvas - Visual Node Type Correctness[2m > [22mType uniqueness[2m > [22mshould use unique color schemes for each celestial type [33m 1570[2mms[22m[39m
 [32mтЬУ[39m src/lib/components/NoteSidePanel.spec.ts [2m([22m[2m10 tests[22m[2m)[22m[33m 527[2mms[22m[39m
 [32mтЬУ[39m src/lib/components/EditNoteModal.spec.ts [2m([22m[2m12 tests[22m[2m)[22m[33m 1352[2mms[22m[39m
   [33m[2mтЬУ[22m[39m EditNoteModal[2m > [22mrenders modal when open is true [33m 450[2mms[22m[39m
 [32mтЬУ[39m src/lib/components/NoteEditor.spec.ts [2m([22m[2m12 tests[22m[2m)[22m[33m 560[2mms[22m[39m
 [32mтЬУ[39m src/lib/components/FloatingControls.spec.ts [2m([22m[2m16 tests[22m[2m)[22m[33m 441[2mms[22m[39m
 [32mтЬУ[39m src/lib/components/ConfirmModal.spec.ts [2m([22m[2m5 tests[22m[2m)[22m[33m 397[2mms[22m[39m
stderr | src/lib/api/graph.test.ts > graph API > error handling > should handle network errors for getFullGraphData
[Graph API] Failed to load full graph: TypeError: Failed to fetch
    at createNetworkError (file:///D:/knowledge-graph/frontend/node_modules/@mswjs/interceptors/src/interceptors/fetch/utils/createNetworkError.ts:2:24)
    at Object.respondWith (file:///D:/knowledge-graph/frontend/node_modules/@mswjs/interceptors/src/interceptors/fetch/index.ts:108:36)
    at RequestController.respondWith (file:///D:/knowledge-graph/frontend/node_modules/@mswjs/interceptors/src/RequestController.ts:83:17)
    at InterceptorHttpNetworkFrame.respondWith (file:///D:/knowledge-graph/frontend/node_modules/msw/src/core/experimental/sources/interceptor-source.ts:136:24)
    at InterceptorHttpNetworkFrame.resolve (file:///D:/knowledge-graph/frontend/node_modules/msw/src/core/experimental/frames/http-frame.ts:256:10)
    at Emitter.<anonymous> (file:///D:/knowledge-graph/frontend/node_modules/msw/src/core/experimental/define-network.ts:179:11)
    at Emitter.emitAsPromise (file:///D:/knowledge-graph/frontend/node_modules/rettime/src/index.ts:604:27)
    at InterceptorSource.queue (file:///D:/knowledge-graph/frontend/node_modules/msw/src/core/experimental/sources/network-source.ts:39:5)
    at InterceptorSource.#handleRequest (file:///D:/knowledge-graph/frontend/node_modules/msw/src/core/experimental/sources/interceptor-source.ts:73:5)
    at emitAsync (file:///D:/knowledge-graph/frontend/node_modules/@mswjs/interceptors/src/utils/emitAsync.ts:23:5) {
  cause: Response {
    status: 0,
    statusText: '',
    headers: Headers {},
    body: null,
    bodyUsed: false,
    ok: false,
    redirected: false,
    type: 'error',
    url: ''
  }
}

 [32mтЬУ[39m src/lib/components/Graph3D.spec.ts [2m([22m[2m10 tests[22m[2m)[22m[33m 306[2mms[22m[39m
 [32mтЬУ[39m src/lib/components/ApiErrorDisplay.spec.ts [2m([22m[2m10 tests[22m[2m)[22m[32m 287[2mms[22m[39m
stderr | src/lib/api/graph.test.ts > graph API > error handling > should handle HTTP 500 errors for getFullGraphData
[Graph API] Failed to load full graph: HTTPError: Request failed with status code 500 Internal Server Error: GET http://localhost:8080/api/v1/graph/all?limit=1000&link_limit=0
    at function_ (file:///D:/knowledge-graph/frontend/node_modules/ky/source/core/Ky.ts:99:17)
    at Ky.#retry (file:///D:/knowledge-graph/frontend/node_modules/ky/source/core/Ky.ts:414:11)
    at Promise.result.<computed> [as json] (file:///D:/knowledge-graph/frontend/node_modules/ky/source/core/Ky.ts:151:22)
    at Module.getFullGraphData (D:\knowledge-graph\frontend\src\lib\api\graph.ts:77:22)
    at D:\knowledge-graph\frontend\src\lib\api\graph.test.ts:143:7
    at file:///D:/knowledge-graph/frontend/node_modules/@vitest/runner/dist/chunk-hooks.js:752:20 {
  response: Response {
    status: 500,
    statusText: 'Internal Server Error',
    headers: Headers { 'content-length': '24', 'content-type': 'application/json' },
    body: ReadableStream { locked: false, state: 'readable', supportsBYOB: true },
    bodyUsed: false,
    ok: false,
    redirected: false,
    type: 'default',
    url: 'http://localhost:8080/api/v1/graph/all?limit=1000&link_limit=0'
  },
  request: Request {
    method: 'GET',
    url: 'http://localhost:8080/api/v1/graph/all?limit=1000&link_limit=0',
    headers: Headers { accept: 'application/json' },
    destination: '',
    referrer: 'about:client',
    referrerPolicy: '',
    mode: 'cors',
    credentials: 'same-origin',
    cache: 'default',
    redirect: 'follow',
    integrity: '',
    keepalive: false,
    isReloadNavigation: false,
    isHistoryNavigation: false,
    signal: AbortSignal {}
  },
  options: {
    prefixUrl: 'http://localhost:8080/api/',
    timeout: 30000,
    retry: {
      limit: 3,
      methods: [Array],
      statusCodes: [Array],
      afterStatusCodes: [Array],
      maxRetryAfter: Infinity,
      backoffLimit: Infinity,
      delay: [Function: delay],
      jitter: undefined,
      retryOnTimeout: false
    },
    method: 'GET',
    headers: Headers {},
    throwHttpErrors: true,
    fetch: [Function: bound ] AsyncFunction,
    context: {},
    signal: AbortSignal {},
    duplex: 'half'
  }
}

 [32mтЬУ[39m src/lib/components/NoteCard.spec.ts [2m([22m[2m5 tests[22m[2m)[22m[32m 184[2mms[22m[39m
 [32mтЬУ[39m src/lib/components/SmartGraph.spec.ts [2m([22m[2m3 tests[22m[2m)[22m[32m 74[2mms[22m[39m
 [32mтЬУ[39m src/lib/components/LazyGraph3D.spec.ts [2m([22m[2m4 tests[22m[2m)[22m[32m 79[2mms[22m[39m
 [32mтЬУ[39m src/lib/components/BackButton.spec.ts [2m([22m[2m3 tests[22m[2m)[22m[32m 153[2mms[22m[39m
 [32mтЬУ[39m src/lib/components/GraphCanvas.links.visual.spec.ts [2m([22m[2m16 tests[22m[2m)[22m[32m 19[2mms[22m[39m
 [32mтЬУ[39m src/lib/utils/galactic-lexicon.test.ts [2m([22m[2m22 tests[22m[2m)[22m[32m 16[2mms[22m[39m
 [32mтЬУ[39m src/lib/utils/deviceCapabilities.test.ts [2m([22m[2m6 tests[22m[2m)[22m[32m 9[2mms[22m[39m
stderr | src/lib/api/graph.test.ts > graph API > error handling > should handle 503 when graph service is unavailable
[Graph API] Failed to load graph for note 1: HTTPError: Request failed with status code 503 Service Unavailable: GET http://localhost:8080/api/v1/notes/1/graph?depth=2
    at function_ (file:///D:/knowledge-graph/frontend/node_modules/ky/source/core/Ky.ts:99:17)
    at Ky.#retry (file:///D:/knowledge-graph/frontend/node_modules/ky/source/core/Ky.ts:414:11)
    at Promise.result.<computed> [as json] (file:///D:/knowledge-graph/frontend/node_modules/ky/source/core/Ky.ts:151:22)
    at Module.getGraphData (D:\knowledge-graph\frontend\src\lib\api\graph.ts:65:22)
    at D:\knowledge-graph\frontend\src\lib\api\graph.test.ts:153:7
    at file:///D:/knowledge-graph/frontend/node_modules/@vitest/runner/dist/chunk-hooks.js:752:20 {
  response: Response {
    status: 503,
    statusText: 'Service Unavailable',
    headers: Headers { 'content-length': '31', 'content-type': 'application/json' },
    body: ReadableStream { locked: false, state: 'readable', supportsBYOB: true },
    bodyUsed: false,
    ok: false,
    redirected: false,
    type: 'default',
    url: 'http://localhost:8080/api/v1/notes/1/graph?depth=2'
  },
  request: Request {
    method: 'GET',
    url: 'http://localhost:8080/api/v1/notes/1/graph?depth=2',
    headers: Headers { accept: 'application/json' },
    destination: '',
    referrer: 'about:client',
    referrerPolicy: '',
    mode: 'cors',
    credentials: 'same-origin',
    cache: 'default',
    redirect: 'follow',
    integrity: '',
    keepalive: false,
    isReloadNavigation: false,
    isHistoryNavigation: false,
    signal: AbortSignal {}
  },
  options: {
    prefixUrl: 'http://localhost:8080/api/',
    timeout: 30000,
    retry: {
      limit: 3,
      methods: [Array],
      statusCodes: [Array],
      afterStatusCodes: [Array],
      maxRetryAfter: Infinity,
      backoffLimit: Infinity,
      delay: [Function: delay],
      jitter: undefined,
      retryOnTimeout: false
    },
    method: 'GET',
    headers: Headers {},
    throwHttpErrors: true,
    fetch: [Function: bound ] AsyncFunction,
    context: {},
    signal: AbortSignal {},
    duplex: 'half'
  }
}

stderr | src/lib/api/graph.test.ts > graph API > error handling > should handle timeout errors
[Graph API] Failed to load graph for note 1: HTTPError: Request failed with status code 504 Gateway Timeout: GET http://localhost:8080/api/v1/notes/1/graph?depth=2
    at function_ (file:///D:/knowledge-graph/frontend/node_modules/ky/source/core/Ky.ts:99:17)
    at Ky.#retry (file:///D:/knowledge-graph/frontend/node_modules/ky/source/core/Ky.ts:414:11)
    at Promise.result.<computed> [as json] (file:///D:/knowledge-graph/frontend/node_modules/ky/source/core/Ky.ts:151:22)
    at Module.getGraphData (D:\knowledge-graph\frontend\src\lib\api\graph.ts:65:22)
    at D:\knowledge-graph\frontend\src\lib\api\graph.test.ts:163:7
    at file:///D:/knowledge-graph/frontend/node_modules/@vitest/runner/dist/chunk-hooks.js:752:20 {
  response: Response {
    status: 504,
    statusText: 'Gateway Timeout',
    headers: Headers { 'content-length': '27', 'content-type': 'application/json' },
    body: ReadableStream { locked: false, state: 'readable', supportsBYOB: true },
    bodyUsed: false,
    ok: false,
    redirected: false,
    type: 'default',
    url: 'http://localhost:8080/api/v1/notes/1/graph?depth=2'
  },
  request: Request {
    method: 'GET',
    url: 'http://localhost:8080/api/v1/notes/1/graph?depth=2',
    headers: Headers { accept: 'application/json' },
    destination: '',
    referrer: 'about:client',
    referrerPolicy: '',
    mode: 'cors',
    credentials: 'same-origin',
    cache: 'default',
    redirect: 'follow',
    integrity: '',
    keepalive: false,
    isReloadNavigation: false,
    isHistoryNavigation: false,
    signal: AbortSignal {}
  },
  options: {
    prefixUrl: 'http://localhost:8080/api/',
    timeout: 30000,
    retry: {
      limit: 3,
      methods: [Array],
      statusCodes: [Array],
      afterStatusCodes: [Array],
      maxRetryAfter: Infinity,
      backoffLimit: Infinity,
      delay: [Function: delay],
      jitter: undefined,
      retryOnTimeout: false
    },
    method: 'GET',
    headers: Headers {},
    throwHttpErrors: true,
    fetch: [Function: bound ] AsyncFunction,
    context: {},
    signal: AbortSignal {},
    duplex: 'half'
  }
}

 [32mтЬУ[39m src/lib/api/graph.test.ts [2m([22m[2m13 tests[22m[2m)[22m[33m 13135[2mms[22m[39m
   [33m[2mтЬУ[22m[39m graph API[2m > [22merror handling[2m > [22mshould handle network errors for getGraphData [33m 2169[2mms[22m[39m
   [33m[2mтЬУ[22m[39m graph API[2m > [22merror handling[2m > [22mshould handle HTTP 500 errors for getGraphData [33m 2187[2mms[22m[39m
   [33m[2mтЬУ[22m[39m graph API[2m > [22merror handling[2m > [22mshould handle network errors for getFullGraphData [33m 2162[2mms[22m[39m
   [33m[2mтЬУ[22m[39m graph API[2m > [22merror handling[2m > [22mshould handle HTTP 500 errors for getFullGraphData [33m 2155[2mms[22m[39m
   [33m[2mтЬУ[22m[39m graph API[2m > [22merror handling[2m > [22mshould handle 503 when graph service is unavailable [33m 2146[2mms[22m[39m
   [33m[2mтЬУ[22m[39m graph API[2m > [22merror handling[2m > [22mshould handle timeout errors [33m 2128[2mms[22m[39m
 [32mтЬУ[39m src/lib/api/links.test.ts [2m([22m[2m22 tests[22m[2m)[22m[33m 15178[2mms[22m[39m
   [33m[2mтЬУ[22m[39m links API[2m > [22mgetLinks[2m > [22mshould throw on 500 error [33m 2163[2mms[22m[39m
   [33m[2mтЬУ[22m[39m links API[2m > [22mgetLinks[2m > [22mshould handle network errors [33m 2128[2mms[22m[39m
   [33m[2mтЬУ[22m[39m links API[2m > [22mgetLink[2m > [22mshould throw on 500 error [33m 2157[2mms[22m[39m
   [33m[2mтЬУ[22m[39m links API[2m > [22mcreateLink[2m > [22mshould throw on 500 error [33m 2158[2mms[22m[39m
   [33m[2mтЬУ[22m[39m links API[2m > [22mcreateLink[2m > [22mshould handle network errors [33m 2131[2mms[22m[39m
   [33m[2mтЬУ[22m[39m links API[2m > [22mgetNoteLinks[2m > [22mshould throw on 500 error [33m 2128[2mms[22m[39m
   [33m[2mтЬУ[22m[39m links API[2m > [22mgetNoteLinks[2m > [22mshould handle network errors [33m 2129[2mms[22m[39m
 [31mтЭп[39m src/lib/api/notes.test.ts [2m([22m[2m26 tests[22m[2m | [22m[31m4 failed[39m[2m)[22m[33m 17093[2mms[22m[39m
   [32mтЬУ[39m notes API[2m > [22mgetNotes[2m > [22mshould return array of notes[32m 48[2mms[22m[39m
[31m   [31m├Ч[31m notes API[2m > [22mgetNote[2m > [22mshould return a single note[39m[32m 34[2mms[22m[39m
[31m     тЖТ expected undefined to deeply equal { id: '1', title: 'Test Note', тАж(5) }[39m
   [32mтЬУ[39m notes API[2m > [22mcreateNote[2m > [22mshould create and return new note[32m 27[2mms[22m[39m
   [32mтЬУ[39m notes API[2m > [22mupdateNote[2m > [22mshould update and return note[32m 11[2mms[22m[39m
   [32mтЬУ[39m notes API[2m > [22mdeleteNote[2m > [22mshould delete note[32m 7[2mms[22m[39m
   [32mтЬУ[39m notes API[2m > [22mgetSuggestions[2m > [22mshould return suggestions array[32m 11[2mms[22m[39m
   [32mтЬУ[39m notes API[2m > [22msearchNotes[2m > [22mshould return search results[32m 12[2mms[22m[39m
[31m   [31m├Ч[31m notes API[2m > [22mretry behavior[2m > [22mshould retry on 503 Service Unavailable and succeed on retry[39m[33m 949[2mms[22m[39m
[31m     тЖТ expected undefined to deeply equal { id: '1', title: 'Test Note', тАж(5) }[39m
[31m   [31m├Ч[31m notes API[2m > [22mretry behavior[2m > [22mshould retry on 504 Gateway Timeout and succeed on retry[39m[33m 310[2mms[22m[39m
[31m     тЖТ expected undefined to deeply equal { id: '1', title: 'Test Note', тАж(5) }[39m
   [33m[2mтЬУ[22m[39m notes API[2m > [22mretry behavior[2m > [22mshould fail after max retries on persistent 500 errors [33m 2141[2mms[22m[39m
[31m   [31m├Ч[31m notes API[2m > [22mretry behavior[2m > [22mshould retry on 502 Bad Gateway for GET requests[39m[33m 326[2mms[22m[39m
[31m     тЖТ expected undefined to deeply equal { id: '1', title: 'Test Note', тАж(5) }[39m
   [33m[2mтЬУ[22m[39m notes API[2m > [22mretry behavior[2m > [22mshould retry on 429 Too Many Requests for POST requests [33m 324[2mms[22m[39m
   [33m[2mтЬУ[22m[39m notes API[2m > [22merror handling[2m > [22mshould handle network errors for getNote [33m 2147[2mms[22m[39m
   [32mтЬУ[39m notes API[2m > [22merror handling[2m > [22mshould handle HTTP 404 errors for getNote[32m 8[2mms[22m[39m
   [33m[2mтЬУ[22m[39m notes API[2m > [22merror handling[2m > [22mshould handle HTTP 500 errors for getNote [33m 2144[2mms[22m[39m
   [32mтЬУ[39m notes API[2m > [22merror handling[2m > [22mshould handle 404 for createNote when validation fails[32m 9[2mms[22m[39m
   [32mтЬУ[39m notes API[2m > [22merror handling[2m > [22mshould handle 409 conflict for createNote[32m 11[2mms[22m[39m
   [32mтЬУ[39m notes API[2m > [22merror handling[2m > [22mshould handle 404 for updateNote when note not found[32m 17[2mms[22m[39m
   [33m[2mтЬУ[22m[39m notes API[2m > [22merror handling[2m > [22mshould handle 500 for updateNote [33m 2135[2mms[22m[39m
   [32mтЬУ[39m notes API[2m > [22merror handling[2m > [22mshould handle 404 for deleteNote[32m 3[2mms[22m[39m
   [32mтЬУ[39m notes API[2m > [22merror handling[2m > [22mshould handle network errors for deleteNote[32m 3[2mms[22m[39m
   [32mтЬУ[39m notes API[2m > [22merror handling[2m > [22mshould handle 404 for getSuggestions when note not found[32m 3[2mms[22m[39m
   [33m[2mтЬУ[22m[39m notes API[2m > [22merror handling[2m > [22mshould handle 500 for getSuggestions [33m 2138[2mms[22m[39m
   [32mтЬУ[39m notes API[2m > [22merror handling[2m > [22mshould handle 400 for searchNotes with invalid query[32m 3[2mms[22m[39m
   [33m[2mтЬУ[22m[39m notes API[2m > [22merror handling[2m > [22mshould handle network errors for searchNotes [33m 2127[2mms[22m[39m
   [33m[2mтЬУ[22m[39m notes API[2m > [22merror handling[2m > [22mshould handle 500 for getNotes [33m 2135[2mms[22m[39m


тОптОптОптОптОптОптОп Failed Tests 4 тОптОптОптОптОптОптОп

 FAIL  src/lib/api/notes.test.ts > notes API > getNote > should return a single note
AssertionError: expected undefined to deeply equal { id: '1', title: 'Test Note', тАж(5) }

- Expected: 
{
  "content": "Test Content",
  "created_at": "2024-01-01T00:00:00Z",
  "id": "1",
  "metadata": {
    "key": "value",
  },
  "title": "Test Note",
  "type": "planet",
  "updated_at": "2024-01-01T00:00:00Z",
}

+ Received: 
undefined

 тЭп src/lib/api/notes.test.ts:54:22
     52|       const result = await getNote('1');
     53| 
     54|       expect(result).toEqual(mockSingleNote);
       |                      ^
     55|     });
     56|   });

тОптОптОптОптОптОптОптОптОптОптОптОптОптОптОптОптОптОптОптОптОптОптОптОп[1/4]тОп

 FAIL  src/lib/api/notes.test.ts > notes API > retry behavior > should retry on 503 Service Unavailable and succeed on retry
AssertionError: expected undefined to deeply equal { id: '1', title: 'Test Note', тАж(5) }

- Expected: 
{
  "content": "Test Content",
  "created_at": "2024-01-01T00:00:00Z",
  "id": "1",
  "metadata": {},
  "title": "Test Note",
  "type": "star",
  "updated_at": "2024-01-01T00:00:00Z",
}

+ Received: 
undefined

 тЭп src/lib/api/notes.test.ts:179:22
    177| 
    178|       const result = await getNote('1');
    179|       expect(result).toEqual(mockNote);
       |                      ^
    180|       expect(attemptCount).toBe(3); // Initial + 2 retries
    181|     });

тОптОптОптОптОптОптОптОптОптОптОптОптОптОптОптОптОптОптОптОптОптОптОптОп[2/4]тОп

 FAIL  src/lib/api/notes.test.ts > notes API > retry behavior > should retry on 504 Gateway Timeout and succeed on retry
AssertionError: expected undefined to deeply equal { id: '1', title: 'Test Note', тАж(5) }

- Expected: 
{
  "content": "Test Content",
  "created_at": "2024-01-01T00:00:00Z",
  "id": "1",
  "metadata": {},
  "title": "Test Note",
  "type": "star",
  "updated_at": "2024-01-01T00:00:00Z",
}

+ Received: 
undefined

 тЭп src/lib/api/notes.test.ts:196:22
    194| 
    195|       const result = await getNote('1');
    196|       expect(result).toEqual(mockNote);
       |                      ^
    197|       expect(attemptCount).toBe(2);
    198|     });

тОптОптОптОптОптОптОптОптОптОптОптОптОптОптОптОптОптОптОптОптОптОптОптОп[3/4]тОп

 FAIL  src/lib/api/notes.test.ts > notes API > retry behavior > should retry on 502 Bad Gateway for GET requests
AssertionError: expected undefined to deeply equal { id: '1', title: 'Test Note', тАж(5) }

- Expected: 
{
  "content": "Test Content",
  "created_at": "2024-01-01T00:00:00Z",
  "id": "1",
  "metadata": {},
  "title": "Test Note",
  "type": "star",
  "updated_at": "2024-01-01T00:00:00Z",
}

+ Received: 
undefined

 тЭп src/lib/api/notes.test.ts:227:22
    225| 
    226|       const result = await getNote('1');
    227|       expect(result).toEqual(mockNote);
       |                      ^
    228|       expect(attemptCount).toBe(2);
    229|     });

тОптОптОптОптОптОптОптОптОптОптОптОптОптОптОптОптОптОптОптОптОптОптОптОп[4/4]тОп


[2m Test Files [22m [1m[31m1 failed[39m[22m[2m | [22m[1m[32m25 passed[39m[22m[90m (26)[39m
[2m      Tests [22m [1m[31m4 failed[39m[22m[2m | [22m[1m[32m270 passed[39m[22m[90m (274)[39m
[2m   Start at [22m 17:43:55
[2m   Duration [22m 23.17s[2m (transform 4.46s, setup 48.45s, collect 8.84s, tests 69.24s, environment 44.67s, prepare 8.57s)[22m

