
> frontend@0.0.1 test
> playwright test


Running 12 tests using 6 workers

[1A[2K[1/12] [chromium] тА║ tests\graph-3d.spec.ts:20:3 тА║ 3D Graph Visualization тА║ should render graph page with canvas visible
[1A[2K[2/12] [chromium] тА║ tests\graph-3d.spec.ts:55:3 тА║ 3D Graph Visualization тА║ should show graph container with correct styling
[1A[2K[3/12] [chromium] тА║ tests\notes.spec.ts:9:3 тА║ Knowledge Graph Frontend тА║ should create a new note
[1A[2K[4/12] [chromium] тА║ tests\graph-3d.spec.ts:107:3 тА║ 3D Graph Visualization тА║ should display performance mode indicator
[1A[2K[5/12] [chromium] тА║ tests\graph-3d.spec.ts:82:3 тА║ 3D Graph Visualization тА║ should handle back button navigation from graph page
[1A[2K[6/12] [chromium] тА║ tests\graph-3d.spec.ts:135:3 тА║ 3D Graph Visualization тА║ should handle graph page with no nodes gracefully
[1A[2K  1) [chromium] тА║ tests\graph-3d.spec.ts:82:3 тА║ 3D Graph Visualization тА║ should handle back button navigation from graph page 

    [31mTest timeout of 30000ms exceeded.[39m

    Error: page.click: Test timeout of 30000ms exceeded.
    Call log:
    [2m  - waiting for locator('a:has-text("New Note")')[22m


      82 |   test('should handle back button navigation from graph page', async ({ page }) => {
      83 |     // Create a new note
    > 84 |     await page.click('a:has-text("New Note")');
         |                ^
      85 |     await page.waitForURL(/\/notes\/new/);
      86 |     
      87 |     await page.fill('input[name="title"]', 'Navigation Test Note');
        at D:\knowledge-graph\frontend\tests\graph-3d.spec.ts:84:16

    Error Context: test-results\graph-3d-3D-Graph-Visualiz-e1411--navigation-from-graph-page-chromium\error-context.md


[1A[2K  2) [chromium] тА║ tests\graph-3d.spec.ts:55:3 тА║ 3D Graph Visualization тА║ should show graph container with correct styling 

    [31mTest timeout of 30000ms exceeded.[39m

    Error: page.click: Test timeout of 30000ms exceeded.
    Call log:
    [2m  - waiting for locator('a:has-text("New Note")')[22m


      55 |   test('should show graph container with correct styling', async ({ page }) => {
      56 |     // Create a new note
    > 57 |     await page.click('a:has-text("New Note")');
         |                ^
      58 |     await page.waitForURL(/\/notes\/new/);
      59 |     
      60 |     await page.fill('input[name="title"]', 'Styling Test Note');
        at D:\knowledge-graph\frontend\tests\graph-3d.spec.ts:57:16

    Error Context: test-results\graph-3d-3D-Graph-Visualiz-1f3c2-tainer-with-correct-styling-chromium\error-context.md


[1A[2K  3) [chromium] тА║ tests\notes.spec.ts:9:3 тА║ Knowledge Graph Frontend тА║ should create a new note тФАтФАтФАтФА

    [31mTest timeout of 30000ms exceeded.[39m

    Error: page.click: Test timeout of 30000ms exceeded.
    Call log:
    [2m  - waiting for locator('a:has-text("+ New Note")')[22m


       8 |
       9 |   test('should create a new note', async ({ page }) => {
    > 10 |     await page.click('a:has-text("+ New Note")');
         |                ^
      11 |     await page.fill('input[placeholder="Title"]', 'Playwright Test');
      12 |     await page.fill('textarea', 'Automated content');
      13 |     await page.click('button:has-text("Create")');
        at D:\knowledge-graph\frontend\tests\notes.spec.ts:10:16

    Error Context: test-results\notes-Knowledge-Graph-Frontend-should-create-a-new-note-chromium\error-context.md


[1A[2K  4) [chromium] тА║ tests\graph-3d.spec.ts:20:3 тА║ 3D Graph Visualization тА║ should render graph page with canvas visible 

    [31mTest timeout of 30000ms exceeded.[39m

    Error: page.click: Test timeout of 30000ms exceeded.
    Call log:
    [2m  - waiting for locator('a:has-text("New Note")')[22m


      20 |   test('should render graph page with canvas visible', async ({ page }) => {
      21 |     // Create a new note first
    > 22 |     await page.click('a:has-text("New Note")');
         |                ^
      23 |     await page.waitForURL(/\/notes\/new/);
      24 |     
      25 |     // Fill in note details
        at D:\knowledge-graph\frontend\tests\graph-3d.spec.ts:22:16

    Error Context: test-results\graph-3d-3D-Graph-Visualiz-5a0fa-ph-page-with-canvas-visible-chromium\error-context.md


[1A[2K  5) [chromium] тА║ tests\graph-3d.spec.ts:107:3 тА║ 3D Graph Visualization тА║ should display performance mode indicator 

    [31mTest timeout of 30000ms exceeded.[39m

    Error: page.click: Test timeout of 30000ms exceeded.
    Call log:
    [2m  - waiting for locator('a:has-text("New Note")')[22m


      107 |   test('should display performance mode indicator', async ({ page }) => {
      108 |     // Create a new note
    > 109 |     await page.click('a:has-text("New Note")');
          |                ^
      110 |     await page.waitForURL(/\/notes\/new/);
      111 |     
      112 |     await page.fill('input[name="title"]', 'Performance Test Note');
        at D:\knowledge-graph\frontend\tests\graph-3d.spec.ts:109:16

    Error Context: test-results\graph-3d-3D-Graph-Visualiz-7dafb--performance-mode-indicator-chromium\error-context.md


[1A[2K  6) [chromium] тА║ tests\graph-3d.spec.ts:135:3 тА║ 3D Graph Visualization тА║ should handle graph page with no nodes gracefully 

    [31mTest timeout of 30000ms exceeded.[39m

    Error: page.click: Test timeout of 30000ms exceeded.
    Call log:
    [2m  - waiting for locator('a:has-text("New Note")')[22m


      135 |   test('should handle graph page with no nodes gracefully', async ({ page }) => {
      136 |     // Create a note with no links
    > 137 |     await page.click('a:has-text("New Note")');
          |                ^
      138 |     await page.waitForURL(/\/notes\/new/);
      139 |     
      140 |     await page.fill('input[name="title"]', 'Isolated Note');
        at D:\knowledge-graph\frontend\tests\graph-3d.spec.ts:137:16

    Error Context: test-results\graph-3d-3D-Graph-Visualiz-de643-ge-with-no-nodes-gracefully-chromium\error-context.md


[1A[2K[7/12] [chromium] тА║ tests\notes.spec.ts:86:3 тА║ Knowledge Graph Frontend тА║ should show back button on note detail page
[1A[2K[8/12] [chromium] тА║ tests\notes.spec.ts:19:3 тА║ Knowledge Graph Frontend тА║ should edit a note
[1A[2K[9/12] [chromium] тА║ tests\notes.spec.ts:105:3 тА║ Knowledge Graph Frontend тА║ should show back button on graph page
[1A[2K[10/12] [chromium] тА║ tests\notes.spec.ts:63:3 тА║ Knowledge Graph Frontend тА║ should open graph for a note with links
[1A[2K[11/12] [chromium] тА║ tests\notes.spec.ts:135:3 тА║ Knowledge Graph Frontend тА║ should use browser back when history exists
[1A[2K[12/12] [chromium] тА║ tests\notes.spec.ts:37:3 тА║ Knowledge Graph Frontend тА║ should delete a note
[1A[2K  7) [chromium] тА║ tests\notes.spec.ts:37:3 тА║ Knowledge Graph Frontend тА║ should delete a note тФАтФАтФАтФАтФАтФАтФА

    TimeoutError: page.waitForSelector: Timeout 5000ms exceeded.
    Call log:
    [2m  - waiting for locator('.note-card') to be visible[22m


      46 |     // Go to home page to see the note in the list
      47 |     await page.goto('http://localhost:5173/');
    > 48 |     await page.waitForSelector('.note-card', { timeout: 5000 });
         |                ^
      49 |     await expect(page.locator('text=' + noteTitle)).toBeVisible();
      50 |     
      51 |     // Delete the note via API
        at D:\knowledge-graph\frontend\tests\notes.spec.ts:48:16

    Error Context: test-results\notes-Knowledge-Graph-Frontend-should-delete-a-note-chromium\error-context.md


[1A[2K  8) [chromium] тА║ tests\notes.spec.ts:63:3 тА║ Knowledge Graph Frontend тА║ should open graph for a note with links 

    Error: [2mexpect([22m[31mlocator[39m[2m).[22mtoBeVisible[2m([22m[2m)[22m failed

    Locator: locator('canvas')
    Expected: visible
    Timeout: 5000ms
    Error: element(s) not found

    Call log:
    [2m  - Expect "toBeVisible" with timeout 5000ms[22m
    [2m  - waiting for locator('canvas')[22m


      76 |
      77 |     await page.goto(`http://localhost:5173/graph/${id1}`);
    > 78 |     await expect(page.locator('canvas')).toBeVisible();
         |                                          ^
      79 |     // ╨Ц╨┤╤С╨╝, ╨┐╨╛╨║╨░ d3-force ╨╜╨╡╨╝╨╜╨╛╨│╨╛ ╤Б╤В╨░╨▒╨╕╨╗╨╕╨╖╨╕╤А╤Г╨╡╤В╤Б╤П
      80 |     await page.waitForTimeout(1000);
      81 |     // ╨Я╤А╨╛╨▓╨╡╤А╤П╨╡╨╝, ╤З╤В╨╛ canvas ╨╜╨╡ ╨┐╤Г╤Б╤В╨╛╨╣ (╨╝╨╛╨╢╨╜╨╛ ╨┐╨╛ ╤Ж╨▓╨╡╤В╤Г ╨┐╨╕╨║╤Б╨╡╨╗╤П, ╨╜╨╛ ╤Б╨╗╨╛╨╢╨╜╨╛)
        at D:\knowledge-graph\frontend\tests\notes.spec.ts:78:42

    Error Context: test-results\notes-Knowledge-Graph-Fron-93a78-graph-for-a-note-with-links-chromium\error-context.md


[1A[2K  9) [chromium] тА║ tests\notes.spec.ts:135:3 тА║ Knowledge Graph Frontend тА║ should use browser back when history exists 

    Error: [2mexpect([22m[31mlocator[39m[2m).[22mtoHaveText[2m([22m[32mexpected[39m[2m)[22m failed

    Locator:  locator('h1')
    Expected: [32m"My [7mNotes[27m"[39m
    Received: [31m"My [7mKnowledge Graph[27m"[39m
    Timeout:  5000ms

    Call log:
    [2m  - Expect "toHaveText" with timeout 5000ms[22m
    [2m  - waiting for locator('h1')[22m
    [2m    9 ├Ч locator resolved to <h1 class="s-y_bCXRrkrYfP">My Knowledge Graph</h1>[22m
    [2m      - unexpected value "My Knowledge Graph"[22m


      158 |     await page.waitForTimeout(2000);
      159 |     // Check if we're back on home page
    > 160 |     await expect(page.locator('h1')).toHaveText('My Notes');
          |                                      ^
      161 |   });
      162 | });
      163 |
        at D:\knowledge-graph\frontend\tests\notes.spec.ts:160:38

    Error Context: test-results\notes-Knowledge-Graph-Fron-e060f-er-back-when-history-exists-chromium\error-context.md


[1A[2K  10) [chromium] тА║ tests\notes.spec.ts:19:3 тА║ Knowledge Graph Frontend тА║ should edit a note тФАтФАтФАтФАтФАтФАтФАтФА

    [31mTest timeout of 30000ms exceeded.[39m

    Error: page.click: Test timeout of 30000ms exceeded.
    Call log:
    [2m  - waiting for locator('a:has-text("+ New Note")')[22m


      19 |   test('should edit a note', async ({ page }) => {
      20 |     // ╨б╨╜╨░╤З╨░╨╗╨░ ╤Б╨╛╨╖╨┤╨░╨┤╨╕╨╝ ╨╖╨░╨╝╨╡╤В╨║╤Г ╤З╨╡╤А╨╡╨╖ API ╨╕╨╗╨╕ UI
    > 21 |     await page.click('a:has-text("+ New Note")');
         |                ^
      22 |     await page.fill('input[placeholder="Title"]', 'To Edit');
      23 |     await page.fill('textarea', 'Original');
      24 |     await page.click('button:has-text("Create")');
        at D:\knowledge-graph\frontend\tests\notes.spec.ts:21:16

    Error Context: test-results\notes-Knowledge-Graph-Frontend-should-edit-a-note-chromium\error-context.md


[1A[2K  10 failed
    [chromium] тА║ tests\graph-3d.spec.ts:20:3 тА║ 3D Graph Visualization тА║ should render graph page with canvas visible 
    [chromium] тА║ tests\graph-3d.spec.ts:55:3 тА║ 3D Graph Visualization тА║ should show graph container with correct styling 
    [chromium] тА║ tests\graph-3d.spec.ts:82:3 тА║ 3D Graph Visualization тА║ should handle back button navigation from graph page 
    [chromium] тА║ tests\graph-3d.spec.ts:107:3 тА║ 3D Graph Visualization тА║ should display performance mode indicator 
    [chromium] тА║ tests\graph-3d.spec.ts:135:3 тА║ 3D Graph Visualization тА║ should handle graph page with no nodes gracefully 
    [chromium] тА║ tests\notes.spec.ts:9:3 тА║ Knowledge Graph Frontend тА║ should create a new note тФАтФАтФАтФАтФА
    [chromium] тА║ tests\notes.spec.ts:19:3 тА║ Knowledge Graph Frontend тА║ should edit a note тФАтФАтФАтФАтФАтФАтФАтФАтФАтФА
    [chromium] тА║ tests\notes.spec.ts:37:3 тА║ Knowledge Graph Frontend тА║ should delete a note тФАтФАтФАтФАтФАтФАтФАтФА
    [chromium] тА║ tests\notes.spec.ts:63:3 тА║ Knowledge Graph Frontend тА║ should open graph for a note with links 
    [chromium] тА║ tests\notes.spec.ts:135:3 тА║ Knowledge Graph Frontend тА║ should use browser back when history exists 
  2 passed (1.1m)

[36m  Serving HTML report at http://localhost:39904. Press Ctrl+C to quit.[39m
